[2020-10-24T05:44:02.642+0000][7][gc,heap] Heap region size: 1M
[2020-10-24T05:44:02.643+0000][7][gc,heap,coops] Heap address: 0x00000000f0000000, size: 256 MB, Compressed Oops mode: 32-bit
[2020-10-24T05:44:02.683+0000][7][gc           ] Using G1
[2020-10-24T05:44:02.683+0000][7][gc,cds       ] Mark closed archive regions in map: [0x00000000fff00000, 0x00000000fff7eff8]
[2020-10-24T05:44:02.684+0000][7][gc,cds       ] Mark open archive regions in map: [0x00000000ffe00000, 0x00000000ffe51ff8]
[2020-10-24T05:44:02.698+0000][7][gc           ] Periodic GC disabled
[2020-10-24T05:44:03.100+0000][7][gc,start     ] GC(0) Pause Young (Normal) (G1 Evacuation Pause)
[2020-10-24T05:44:03.101+0000][7][gc,task      ] GC(0) Using 6 workers of 10 for evacuation
[2020-10-24T05:44:03.101+0000][7][gc,age       ] GC(0) Desired survivor size 1572864 bytes, new threshold 15 (max threshold 15)
[2020-10-24T05:44:03.104+0000][7][gc,age       ] GC(0) Age table with threshold 15 (max threshold 15)
[2020-10-24T05:44:03.104+0000][7][gc,age       ] GC(0) - age   1:    2666480 bytes,    2666480 total
[2020-10-24T05:44:03.105+0000][7][gc,phases    ] GC(0)   Pre Evacuate Collection Set: 0.1ms
[2020-10-24T05:44:03.105+0000][7][gc,phases    ] GC(0)   Merge Heap Roots: 0.1ms
[2020-10-24T05:44:03.105+0000][7][gc,phases    ] GC(0)   Evacuate Collection Set: 1.7ms
[2020-10-24T05:44:03.105+0000][7][gc,phases    ] GC(0)   Post Evacuate Collection Set: 0.7ms
[2020-10-24T05:44:03.105+0000][7][gc,phases    ] GC(0)   Other: 2.0ms
[2020-10-24T05:44:03.105+0000][7][gc,heap      ] GC(0) Eden regions: 23->0(36)
[2020-10-24T05:44:03.105+0000][7][gc,heap      ] GC(0) Survivor regions: 0->3(3)
[2020-10-24T05:44:03.106+0000][7][gc,heap      ] GC(0) Old regions: 0->0
[2020-10-24T05:44:03.106+0000][7][gc,heap      ] GC(0) Archive regions: 2->2
[2020-10-24T05:44:03.106+0000][7][gc,heap      ] GC(0) Humongous regions: 1->1
[2020-10-24T05:44:03.106+0000][7][gc,metaspace ] GC(0) Metaspace: 5675K(8448K)->5675K(8448K) NonClass: 5047K(7424K)->5047K(7424K) Class: 627K(1024K)->627K(1024K)
[2020-10-24T05:44:03.106+0000][7][gc           ] GC(0) Pause Young (Normal) (G1 Evacuation Pause) 24M->4M(256M) 5.940ms
[2020-10-24T05:44:03.106+0000][7][gc,cpu       ] GC(0) User=0.01s Sys=0.00s Real=0.00s
[2020-10-24T05:44:03.106+0000][7][safepoint    ] Safepoint "G1CollectForAllocation", Time since last: 406966600 ns, Reaching safepoint: 166500 ns, At safepoint: 6295400 ns, Total: 6461900 ns
[2020-10-24T05:44:03.776+0000][7][safepoint    ] Safepoint "ICBufferFull", Time since last: 669454100 ns, Reaching safepoint: 308100 ns, At safepoint: 39100 ns, Total: 347200 ns
[2020-10-24T05:44:04.073+0000][7][gc,start     ] GC(1) Pause Young (Normal) (G1 Evacuation Pause)
[2020-10-24T05:44:04.073+0000][7][gc,task      ] GC(1) Using 6 workers of 10 for evacuation
[2020-10-24T05:44:04.074+0000][7][gc,age       ] GC(1) Desired survivor size 2621440 bytes, new threshold 1 (max threshold 15)
[2020-10-24T05:44:04.079+0000][7][gc,age       ] GC(1) Age table with threshold 1 (max threshold 15)
[2020-10-24T05:44:04.079+0000][7][gc,age       ] GC(1) - age   1:    3269392 bytes,    3269392 total
[2020-10-24T05:44:04.080+0000][7][gc,phases    ] GC(1)   Pre Evacuate Collection Set: 0.1ms
[2020-10-24T05:44:04.080+0000][7][gc,phases    ] GC(1)   Merge Heap Roots: 0.1ms
[2020-10-24T05:44:04.080+0000][7][gc,phases    ] GC(1)   Evacuate Collection Set: 4.4ms
[2020-10-24T05:44:04.080+0000][7][gc,phases    ] GC(1)   Post Evacuate Collection Set: 0.9ms
[2020-10-24T05:44:04.080+0000][7][gc,phases    ] GC(1)   Other: 1.0ms
[2020-10-24T05:44:04.080+0000][7][gc,heap      ] GC(1) Eden regions: 36->0(142)
[2020-10-24T05:44:04.080+0000][7][gc,heap      ] GC(1) Survivor regions: 3->4(5)
[2020-10-24T05:44:04.081+0000][7][gc,heap      ] GC(1) Old regions: 0->3
[2020-10-24T05:44:04.081+0000][7][gc,heap      ] GC(1) Archive regions: 2->2
[2020-10-24T05:44:04.081+0000][7][gc,heap      ] GC(1) Humongous regions: 1->1
[2020-10-24T05:44:04.081+0000][7][gc,metaspace ] GC(1) Metaspace: 13314K(14208K)->13314K(14208K) NonClass: 11677K(12288K)->11677K(12288K) Class: 1637K(1920K)->1637K(1920K)
[2020-10-24T05:44:04.081+0000][7][gc           ] GC(1) Pause Young (Normal) (G1 Evacuation Pause) 40M->7M(256M) 7.966ms
[2020-10-24T05:44:04.081+0000][7][gc,cpu       ] GC(1) User=0.03s Sys=0.00s Real=0.01s
[2020-10-24T05:44:04.082+0000][7][safepoint    ] Safepoint "G1CollectForAllocation", Time since last: 296784700 ns, Reaching safepoint: 161300 ns, At safepoint: 8387900 ns, Total: 8549200 ns
[2020-10-24T05:44:04.640+0000][7][safepoint    ] Safepoint "ICBufferFull", Time since last: 558033600 ns, Reaching safepoint: 181100 ns, At safepoint: 7400 ns, Total: 188500 ns
[2020-10-24T05:44:04.849+0000][7][gc,start     ] GC(2) Pause Young (Normal) (G1 Evacuation Pause)
[2020-10-24T05:44:04.849+0000][7][gc,task      ] GC(2) Using 6 workers of 10 for evacuation
[2020-10-24T05:44:04.849+0000][7][gc,age       ] GC(2) Desired survivor size 9961472 bytes, new threshold 15 (max threshold 15)
[2020-10-24T05:44:04.856+0000][7][gc,age       ] GC(2) Age table with threshold 15 (max threshold 15)
[2020-10-24T05:44:04.856+0000][7][gc,age       ] GC(2) - age   1:    3691584 bytes,    3691584 total
[2020-10-24T05:44:04.856+0000][7][gc,age       ] GC(2) - age   2:    2018400 bytes,    5709984 total
[2020-10-24T05:44:04.857+0000][7][gc,phases    ] GC(2)   Pre Evacuate Collection Set: 0.1ms
[2020-10-24T05:44:04.857+0000][7][gc,phases    ] GC(2)   Merge Heap Roots: 0.1ms
[2020-10-24T05:44:04.857+0000][7][gc,phases    ] GC(2)   Evacuate Collection Set: 4.8ms
[2020-10-24T05:44:04.857+0000][7][gc,phases    ] GC(2)   Post Evacuate Collection Set: 1.8ms
[2020-10-24T05:44:04.857+0000][7][gc,phases    ] GC(2)   Other: 1.3ms
[2020-10-24T05:44:04.857+0000][7][gc,heap      ] GC(2) Eden regions: 142->0(147)
[2020-10-24T05:44:04.857+0000][7][gc,heap      ] GC(2) Survivor regions: 4->6(19)
[2020-10-24T05:44:04.858+0000][7][gc,heap      ] GC(2) Old regions: 3->3
[2020-10-24T05:44:04.858+0000][7][gc,heap      ] GC(2) Archive regions: 2->2
[2020-10-24T05:44:04.858+0000][7][gc,heap      ] GC(2) Humongous regions: 2->1
[2020-10-24T05:44:04.858+0000][7][gc,metaspace ] GC(2) Metaspace: 17221K(18048K)->17221K(18048K) NonClass: 15085K(15616K)->15085K(15616K) Class: 2135K(2432K)->2135K(2432K)
[2020-10-24T05:44:04.858+0000][7][gc           ] GC(2) Pause Young (Normal) (G1 Evacuation Pause) 150M->9M(256M) 9.739ms
[2020-10-24T05:44:04.858+0000][7][gc,cpu       ] GC(2) User=0.04s Sys=0.00s Real=0.01s
[2020-10-24T05:44:04.859+0000][7][safepoint    ] Safepoint "G1CollectForAllocation", Time since last: 208669300 ns, Reaching safepoint: 129000 ns, At safepoint: 10116600 ns, Total: 10245600 ns
[2020-10-24T05:44:04.860+0000][7][safepoint    ] Safepoint "BulkRevokeBias", Time since last: 841000 ns, Reaching safepoint: 205500 ns, At safepoint: 123100 ns, Total: 328600 ns
[2020-10-24T05:44:04.861+0000][7][safepoint    ] Safepoint "BulkRevokeBias", Time since last: 1339000 ns, Reaching safepoint: 204900 ns, At safepoint: 134600 ns, Total: 339500 ns
[2020-10-24T05:44:04.862+0000][7][safepoint    ] Safepoint "BulkRevokeBias", Time since last: 372100 ns, Reaching safepoint: 209300 ns, At safepoint: 143300 ns, Total: 352600 ns
[2020-10-24T05:44:05.300+0000][7][gc,start     ] GC(3) Pause Young (Normal) (G1 Evacuation Pause)
[2020-10-24T05:44:05.300+0000][7][gc,task      ] GC(3) Using 6 workers of 10 for evacuation
[2020-10-24T05:44:05.300+0000][7][gc,age       ] GC(3) Desired survivor size 10485760 bytes, new threshold 15 (max threshold 15)
[2020-10-24T05:44:05.310+0000][7][gc,age       ] GC(3) Age table with threshold 15 (max threshold 15)
[2020-10-24T05:44:05.310+0000][7][gc,age       ] GC(3) - age   1:    3253520 bytes,    3253520 total
[2020-10-24T05:44:05.310+0000][7][gc,age       ] GC(3) - age   2:    3648640 bytes,    6902160 total
[2020-10-24T05:44:05.310+0000][7][gc,age       ] GC(3) - age   3:    2018400 bytes,    8920560 total
[2020-10-24T05:44:05.310+0000][7][gc,phases    ] GC(3)   Pre Evacuate Collection Set: 0.1ms
[2020-10-24T05:44:05.311+0000][7][gc,phases    ] GC(3)   Merge Heap Roots: 0.1ms
[2020-10-24T05:44:05.311+0000][7][gc,phases    ] GC(3)   Evacuate Collection Set: 7.7ms
[2020-10-24T05:44:05.311+0000][7][gc,phases    ] GC(3)   Post Evacuate Collection Set: 1.0ms
[2020-10-24T05:44:05.311+0000][7][gc,phases    ] GC(3)   Other: 1.7ms
[2020-10-24T05:44:05.311+0000][7][gc,heap      ] GC(3) Eden regions: 147->0(144)
[2020-10-24T05:44:05.311+0000][7][gc,heap      ] GC(3) Survivor regions: 6->9(20)
[2020-10-24T05:44:05.312+0000][7][gc,heap      ] GC(3) Old regions: 3->3
[2020-10-24T05:44:05.312+0000][7][gc,heap      ] GC(3) Archive regions: 2->2
[2020-10-24T05:44:05.312+0000][7][gc,heap      ] GC(3) Humongous regions: 1->1
[2020-10-24T05:44:05.312+0000][7][gc,metaspace ] GC(3) Metaspace: 17999K(19328K)->17999K(19328K) NonClass: 15744K(16640K)->15744K(16640K) Class: 2255K(2688K)->2255K(2688K)
[2020-10-24T05:44:05.312+0000][7][gc           ] GC(3) Pause Young (Normal) (G1 Evacuation Pause) 156M->13M(256M) 12.350ms
[2020-10-24T05:44:05.312+0000][7][gc,cpu       ] GC(3) User=0.07s Sys=0.00s Real=0.01s
[2020-10-24T05:44:05.313+0000][7][safepoint    ] Safepoint "G1CollectForAllocation", Time since last: 437436000 ns, Reaching safepoint: 155000 ns, At safepoint: 12788900 ns, Total: 12943900 ns
[2020-10-24T05:44:05.313+0000][7][safepoint    ] Safepoint "BulkRevokeBias", Time since last: 394900 ns, Reaching safepoint: 211600 ns, At safepoint: 117700 ns, Total: 329300 ns
[2020-10-24T05:44:05.828+0000][7][gc,start     ] GC(4) Pause Young (Normal) (G1 Evacuation Pause)
[2020-10-24T05:44:05.828+0000][7][gc,task      ] GC(4) Using 6 workers of 10 for evacuation
[2020-10-24T05:44:05.828+0000][7][gc,age       ] GC(4) Desired survivor size 10485760 bytes, new threshold 15 (max threshold 15)
[2020-10-24T05:44:05.839+0000][7][gc,age       ] GC(4) Age table with threshold 15 (max threshold 15)
[2020-10-24T05:44:05.840+0000][7][gc,age       ] GC(4) - age   1:    2208440 bytes,    2208440 total
[2020-10-24T05:44:05.840+0000][7][gc,age       ] GC(4) - age   2:    2656296 bytes,    4864736 total
[2020-10-24T05:44:05.840+0000][7][gc,age       ] GC(4) - age   3:    3646584 bytes,    8511320 total
[2020-10-24T05:44:05.840+0000][7][gc,age       ] GC(4) - age   4:    2018208 bytes,   10529528 total
[2020-10-24T05:44:05.840+0000][7][gc,phases    ] GC(4)   Pre Evacuate Collection Set: 0.1ms
[2020-10-24T05:44:05.840+0000][7][gc,phases    ] GC(4)   Merge Heap Roots: 0.1ms
[2020-10-24T05:44:05.840+0000][7][gc,phases    ] GC(4)   Evacuate Collection Set: 8.7ms
[2020-10-24T05:44:05.840+0000][7][gc,phases    ] GC(4)   Post Evacuate Collection Set: 1.7ms
[2020-10-24T05:44:05.841+0000][7][gc,phases    ] GC(4)   Other: 1.7ms
[2020-10-24T05:44:05.841+0000][7][gc,heap      ] GC(4) Eden regions: 144->0(141)
[2020-10-24T05:44:05.841+0000][7][gc,heap      ] GC(4) Survivor regions: 9->12(20)
[2020-10-24T05:44:05.841+0000][7][gc,heap      ] GC(4) Old regions: 3->3
[2020-10-24T05:44:05.841+0000][7][gc,heap      ] GC(4) Archive regions: 2->2
[2020-10-24T05:44:05.841+0000][7][gc,heap      ] GC(4) Humongous regions: 1->1
[2020-10-24T05:44:05.841+0000][7][gc,metaspace ] GC(4) Metaspace: 19227K(20736K)->19227K(20736K) NonClass: 16863K(17920K)->16863K(17920K) Class: 2364K(2816K)->2364K(2816K)
[2020-10-24T05:44:05.842+0000][7][gc           ] GC(4) Pause Young (Normal) (G1 Evacuation Pause) 157M->15M(256M) 13.855ms
[2020-10-24T05:44:05.842+0000][7][gc,cpu       ] GC(4) User=0.05s Sys=0.00s Real=0.01s
[2020-10-24T05:44:05.842+0000][7][safepoint    ] Safepoint "G1CollectForAllocation", Time since last: 514267200 ns, Reaching safepoint: 141500 ns, At safepoint: 14213500 ns, Total: 14355000 ns
[2020-10-24T05:44:05.844+0000][7][safepoint    ] Safepoint "BulkRevokeBias", Time since last: 1962000 ns, Reaching safepoint: 196000 ns, At safepoint: 74500 ns, Total: 270500 ns
[2020-10-24T05:44:05.845+0000][7][safepoint    ] Safepoint "BulkRevokeBias", Time since last: 488700 ns, Reaching safepoint: 180700 ns, At safepoint: 116600 ns, Total: 297300 ns
[2020-10-24T05:44:06.127+0000][7][gc,start     ] GC(5) Pause Young (Normal) (G1 Evacuation Pause)
[2020-10-24T05:44:06.128+0000][7][gc,task      ] GC(5) Using 6 workers of 10 for evacuation
[2020-10-24T05:44:06.128+0000][7][gc,age       ] GC(5) Desired survivor size 10485760 bytes, new threshold 4 (max threshold 15)
[2020-10-24T05:44:06.134+0000][7][gc,age       ] GC(5) Age table with threshold 4 (max threshold 15)
[2020-10-24T05:44:06.134+0000][7][gc,age       ] GC(5) - age   1:    1268488 bytes,    1268488 total
[2020-10-24T05:44:06.134+0000][7][gc,age       ] GC(5) - age   2:    1870544 bytes,    3139032 total
[2020-10-24T05:44:06.135+0000][7][gc,age       ] GC(5) - age   3:    2655672 bytes,    5794704 total
[2020-10-24T05:44:06.135+0000][7][gc,age       ] GC(5) - age   4:    3642728 bytes,    9437432 total
[2020-10-24T05:44:06.135+0000][7][gc,phases    ] GC(5)   Pre Evacuate Collection Set: 0.1ms
[2020-10-24T05:44:06.135+0000][7][gc,phases    ] GC(5)   Merge Heap Roots: 0.1ms
[2020-10-24T05:44:06.135+0000][7][gc,phases    ] GC(5)   Evacuate Collection Set: 4.9ms
[2020-10-24T05:44:06.135+0000][7][gc,phases    ] GC(5)   Post Evacuate Collection Set: 0.9ms
[2020-10-24T05:44:06.135+0000][7][gc,phases    ] GC(5)   Other: 1.5ms
[2020-10-24T05:44:06.136+0000][7][gc,heap      ] GC(5) Eden regions: 141->0(143)
[2020-10-24T05:44:06.136+0000][7][gc,heap      ] GC(5) Survivor regions: 12->10(20)
[2020-10-24T05:44:06.136+0000][7][gc,heap      ] GC(5) Old regions: 3->5
[2020-10-24T05:44:06.136+0000][7][gc,heap      ] GC(5) Archive regions: 2->2
[2020-10-24T05:44:06.136+0000][7][gc,heap      ] GC(5) Humongous regions: 1->1
[2020-10-24T05:44:06.136+0000][7][gc,metaspace ] GC(5) Metaspace: 19492K(20992K)->19492K(20992K) NonClass: 17087K(18176K)->17087K(18176K) Class: 2405K(2816K)->2405K(2816K)
[2020-10-24T05:44:06.136+0000][7][gc           ] GC(5) Pause Young (Normal) (G1 Evacuation Pause) 156M->15M(256M) 8.837ms
[2020-10-24T05:44:06.136+0000][7][gc,cpu       ] GC(5) User=0.03s Sys=0.00s Real=0.00s
[2020-10-24T05:44:06.137+0000][7][safepoint    ] Safepoint "G1CollectForAllocation", Time since last: 282279500 ns, Reaching safepoint: 172200 ns, At safepoint: 9160700 ns, Total: 9332900 ns
[2020-10-24T05:44:06.369+0000][7][gc,start     ] GC(6) Pause Young (Normal) (G1 Evacuation Pause)
[2020-10-24T05:44:06.369+0000][7][gc,task      ] GC(6) Using 6 workers of 10 for evacuation
[2020-10-24T05:44:06.370+0000][7][gc,age       ] GC(6) Desired survivor size 10485760 bytes, new threshold 15 (max threshold 15)
[2020-10-24T05:44:06.376+0000][7][gc,age       ] GC(6) Age table with threshold 15 (max threshold 15)
[2020-10-24T05:44:06.376+0000][7][gc,age       ] GC(6) - age   1:     983320 bytes,     983320 total
[2020-10-24T05:44:06.376+0000][7][gc,age       ] GC(6) - age   2:     471280 bytes,    1454600 total
[2020-10-24T05:44:06.376+0000][7][gc,age       ] GC(6) - age   3:    1870152 bytes,    3324752 total
[2020-10-24T05:44:06.376+0000][7][gc,age       ] GC(6) - age   4:    2655672 bytes,    5980424 total
[2020-10-24T05:44:06.376+0000][7][gc,age       ] GC(6) - age   5:    3642728 bytes,    9623152 total
[2020-10-24T05:44:06.377+0000][7][gc,phases    ] GC(6)   Pre Evacuate Collection Set: 0.1ms
[2020-10-24T05:44:06.377+0000][7][gc,phases    ] GC(6)   Merge Heap Roots: 0.1ms
[2020-10-24T05:44:06.377+0000][7][gc,phases    ] GC(6)   Evacuate Collection Set: 4.8ms
[2020-10-24T05:44:06.377+0000][7][gc,phases    ] GC(6)   Post Evacuate Collection Set: 0.8ms
[2020-10-24T05:44:06.377+0000][7][gc,phases    ] GC(6)   Other: 1.7ms
[2020-10-24T05:44:06.377+0000][7][gc,heap      ] GC(6) Eden regions: 143->0(143)
[2020-10-24T05:44:06.377+0000][7][gc,heap      ] GC(6) Survivor regions: 10->10(20)
[2020-10-24T05:44:06.378+0000][7][gc,heap      ] GC(6) Old regions: 5->5
[2020-10-24T05:44:06.378+0000][7][gc,heap      ] GC(6) Archive regions: 2->2
[2020-10-24T05:44:06.378+0000][7][gc,heap      ] GC(6) Humongous regions: 1->1
[2020-10-24T05:44:06.378+0000][7][gc,metaspace ] GC(6) Metaspace: 19708K(21248K)->19708K(21248K) NonClass: 17263K(18432K)->17263K(18432K) Class: 2444K(2816K)->2444K(2816K)
[2020-10-24T05:44:06.378+0000][7][gc           ] GC(6) Pause Young (Normal) (G1 Evacuation Pause) 158M->16M(256M) 8.865ms
[2020-10-24T05:44:06.378+0000][7][gc,cpu       ] GC(6) User=0.04s Sys=0.00s Real=0.01s
[2020-10-24T05:44:06.378+0000][7][safepoint    ] Safepoint "G1CollectForAllocation", Time since last: 232367800 ns, Reaching safepoint: 127400 ns, At safepoint: 9212100 ns, Total: 9339500 ns
[2020-10-24T05:44:06.528+0000][7][gc,start     ] GC(7) Pause Young (Concurrent Start) (Metadata GC Threshold)
[2020-10-24T05:44:06.529+0000][7][gc,task      ] GC(7) Using 6 workers of 10 for evacuation
[2020-10-24T05:44:06.529+0000][7][gc,age       ] GC(7) Desired survivor size 10485760 bytes, new threshold 15 (max threshold 15)
[2020-10-24T05:44:06.536+0000][7][gc,age       ] GC(7) Age table with threshold 15 (max threshold 15)
[2020-10-24T05:44:06.536+0000][7][gc,age       ] GC(7) - age   1:     390656 bytes,     390656 total
[2020-10-24T05:44:06.536+0000][7][gc,age       ] GC(7) - age   2:     317824 bytes,     708480 total
[2020-10-24T05:44:06.536+0000][7][gc,age       ] GC(7) - age   3:     471280 bytes,    1179760 total
[2020-10-24T05:44:06.536+0000][7][gc,age       ] GC(7) - age   4:    1870152 bytes,    3049912 total
[2020-10-24T05:44:06.536+0000][7][gc,age       ] GC(7) - age   5:    2654600 bytes,    5704512 total
[2020-10-24T05:44:06.537+0000][7][gc,age       ] GC(7) - age   6:    3642600 bytes,    9347112 total
[2020-10-24T05:44:06.537+0000][7][gc,phases    ] GC(7)   Pre Evacuate Collection Set: 0.2ms
[2020-10-24T05:44:06.537+0000][7][gc,phases    ] GC(7)   Merge Heap Roots: 0.1ms
[2020-10-24T05:44:06.537+0000][7][gc,phases    ] GC(7)   Evacuate Collection Set: 5.4ms
[2020-10-24T05:44:06.537+0000][7][gc,phases    ] GC(7)   Post Evacuate Collection Set: 0.8ms
[2020-10-24T05:44:06.537+0000][7][gc,phases    ] GC(7)   Other: 1.8ms
[2020-10-24T05:44:06.537+0000][7][gc,heap      ] GC(7) Eden regions: 105->0(143)
[2020-10-24T05:44:06.538+0000][7][gc,heap      ] GC(7) Survivor regions: 10->10(20)
[2020-10-24T05:44:06.538+0000][7][gc,heap      ] GC(7) Old regions: 5->5
[2020-10-24T05:44:06.538+0000][7][gc,heap      ] GC(7) Archive regions: 2->2
[2020-10-24T05:44:06.538+0000][7][gc,heap      ] GC(7) Humongous regions: 1->1
[2020-10-24T05:44:06.538+0000][7][gc,metaspace ] GC(7) Metaspace: 19763K(21248K)->19763K(21248K) NonClass: 17309K(18432K)->17309K(18432K) Class: 2453K(2816K)->2453K(2816K)
[2020-10-24T05:44:06.538+0000][7][gc           ] GC(7) Pause Young (Concurrent Start) (Metadata GC Threshold) 121M->15M(256M) 9.724ms
[2020-10-24T05:44:06.538+0000][7][gc,cpu       ] GC(7) User=0.04s Sys=0.00s Real=0.01s
[2020-10-24T05:44:06.539+0000][7][gc           ] GC(8) Concurrent Cycle
[2020-10-24T05:44:06.539+0000][7][gc,marking   ] GC(8) Concurrent Clear Claimed Marks
[2020-10-24T05:44:06.539+0000][7][safepoint    ] Safepoint "CollectForMetadataAllocation", Time since last: 149978300 ns, Reaching safepoint: 178200 ns, At safepoint: 10466300 ns, Total: 10644500 ns
[2020-10-24T05:44:06.539+0000][7][gc,marking   ] GC(8) Concurrent Clear Claimed Marks 0.252ms
[2020-10-24T05:44:06.539+0000][7][gc,marking   ] GC(8) Concurrent Scan Root Regions
[2020-10-24T05:44:06.542+0000][7][gc,marking   ] GC(8) Concurrent Scan Root Regions 3.163ms
[2020-10-24T05:44:06.543+0000][7][gc,marking   ] GC(8) Concurrent Mark (3.910s)
[2020-10-24T05:44:06.543+0000][7][gc,marking   ] GC(8) Concurrent Mark From Roots
[2020-10-24T05:44:06.544+0000][7][gc,task      ] GC(8) Using 3 workers of 3 for marking
[2020-10-24T05:44:06.552+0000][7][gc,marking   ] GC(8) Concurrent Mark From Roots 8.583ms
[2020-10-24T05:44:06.552+0000][7][gc,marking   ] GC(8) Concurrent Preclean
[2020-10-24T05:44:06.553+0000][7][gc,marking   ] GC(8) Concurrent Preclean 0.488ms
[2020-10-24T05:44:06.553+0000][7][gc,marking   ] GC(8) Concurrent Mark (3.910s, 3.919s) 9.802ms
[2020-10-24T05:44:06.553+0000][7][gc,start     ] GC(8) Pause Remark
[2020-10-24T05:44:06.555+0000][7][gc           ] GC(8) Pause Remark 25M->25M(256M) 1.763ms
[2020-10-24T05:44:06.555+0000][7][gc,cpu       ] GC(8) User=0.02s Sys=0.00s Real=0.00s
[2020-10-24T05:44:06.556+0000][7][safepoint    ] Safepoint "G1Concurrent", Time since last: 14312400 ns, Reaching safepoint: 208200 ns, At safepoint: 2260700 ns, Total: 2468900 ns
[2020-10-24T05:44:06.556+0000][7][gc,marking   ] GC(8) Concurrent Rebuild Remembered Sets
[2020-10-24T05:44:06.559+0000][7][gc,marking   ] GC(8) Concurrent Rebuild Remembered Sets 2.907ms
[2020-10-24T05:44:06.560+0000][7][gc,start     ] GC(8) Pause Cleanup
[2020-10-24T05:44:06.560+0000][7][gc           ] GC(8) Pause Cleanup 27M->27M(256M) 0.341ms
[2020-10-24T05:44:06.560+0000][7][gc,cpu       ] GC(8) User=0.00s Sys=0.00s Real=0.00s
[2020-10-24T05:44:06.560+0000][7][safepoint    ] Safepoint "G1Concurrent", Time since last: 3453200 ns, Reaching safepoint: 459700 ns, At safepoint: 683900 ns, Total: 1143600 ns
[2020-10-24T05:44:06.560+0000][7][gc,marking   ] GC(8) Concurrent Cleanup for Next Mark
[2020-10-24T05:44:06.561+0000][7][gc,marking   ] GC(8) Concurrent Cleanup for Next Mark 0.771ms
[2020-10-24T05:44:06.561+0000][7][gc           ] GC(8) Concurrent Cycle 22.903ms
[2020-10-24T05:44:06.807+0000][7][gc,start     ] GC(9) Pause Young (Normal) (G1 Evacuation Pause)
[2020-10-24T05:44:06.807+0000][7][gc,task      ] GC(9) Using 6 workers of 10 for evacuation
[2020-10-24T05:44:06.807+0000][7][gc,age       ] GC(9) Desired survivor size 10485760 bytes, new threshold 15 (max threshold 15)
[2020-10-24T05:44:06.812+0000][7][gc,age       ] GC(9) Age table with threshold 15 (max threshold 15)
[2020-10-24T05:44:06.812+0000][7][gc,age       ] GC(9) - age   1:    2345392 bytes,    2345392 total
[2020-10-24T05:44:06.812+0000][7][gc,age       ] GC(9) - age   2:     369640 bytes,    2715032 total
[2020-10-24T05:44:06.812+0000][7][gc,age       ] GC(9) - age   3:     317576 bytes,    3032608 total
[2020-10-24T05:44:06.813+0000][7][gc,age       ] GC(9) - age   4:     471216 bytes,    3503824 total
[2020-10-24T05:44:06.813+0000][7][gc,age       ] GC(9) - age   5:    1869112 bytes,    5372936 total
[2020-10-24T05:44:06.813+0000][7][gc,age       ] GC(9) - age   6:    2654304 bytes,    8027240 total
[2020-10-24T05:44:06.813+0000][7][gc,age       ] GC(9) - age   7:    3640680 bytes,   11667920 total
[2020-10-24T05:44:06.813+0000][7][gc,phases    ] GC(9)   Pre Evacuate Collection Set: 0.2ms
[2020-10-24T05:44:06.813+0000][7][gc,phases    ] GC(9)   Merge Heap Roots: 0.1ms
[2020-10-24T05:44:06.813+0000][7][gc,phases    ] GC(9)   Evacuate Collection Set: 3.8ms
[2020-10-24T05:44:06.813+0000][7][gc,phases    ] GC(9)   Post Evacuate Collection Set: 0.7ms
[2020-10-24T05:44:06.814+0000][7][gc,phases    ] GC(9)   Other: 1.7ms
[2020-10-24T05:44:06.814+0000][7][gc,heap      ] GC(9) Eden regions: 143->0(141)
[2020-10-24T05:44:06.814+0000][7][gc,heap      ] GC(9) Survivor regions: 10->12(20)
[2020-10-24T05:44:06.814+0000][7][gc,heap      ] GC(9) Old regions: 5->5
[2020-10-24T05:44:06.814+0000][7][gc,heap      ] GC(9) Archive regions: 2->2
[2020-10-24T05:44:06.814+0000][7][gc,heap      ] GC(9) Humongous regions: 1->1
[2020-10-24T05:44:06.814+0000][7][gc,metaspace ] GC(9) Metaspace: 20179K(21888K)->20179K(21888K) NonClass: 17655K(18944K)->17655K(18944K) Class: 2524K(2944K)->2524K(2944K)
[2020-10-24T05:44:06.814+0000][7][gc           ] GC(9) Pause Young (Normal) (G1 Evacuation Pause) 158M->17M(256M) 7.624ms
[2020-10-24T05:44:06.814+0000][7][gc,cpu       ] GC(9) User=0.01s Sys=0.01s Real=0.01s
[2020-10-24T05:44:06.814+0000][7][safepoint    ] Safepoint "G1CollectForAllocation", Time since last: 245964400 ns, Reaching safepoint: 281900 ns, At safepoint: 7961200 ns, Total: 8243100 ns
[2020-10-24T05:44:06.955+0000][7][gc,start     ] GC(10) Pause Young (Normal) (G1 Evacuation Pause)
[2020-10-24T05:44:06.955+0000][7][gc,task      ] GC(10) Using 6 workers of 10 for evacuation
[2020-10-24T05:44:06.955+0000][7][gc,age       ] GC(10) Desired survivor size 10485760 bytes, new threshold 7 (max threshold 15)
[2020-10-24T05:44:06.962+0000][7][gc,age       ] GC(10) Age table with threshold 7 (max threshold 15)
[2020-10-24T05:44:06.962+0000][7][gc,age       ] GC(10) - age   1:     918032 bytes,     918032 total
[2020-10-24T05:44:06.963+0000][7][gc,age       ] GC(10) - age   2:    1751576 bytes,    2669608 total
[2020-10-24T05:44:06.963+0000][7][gc,age       ] GC(10) - age   3:     369640 bytes,    3039248 total
[2020-10-24T05:44:06.963+0000][7][gc,age       ] GC(10) - age   4:     317576 bytes,    3356824 total
[2020-10-24T05:44:06.963+0000][7][gc,age       ] GC(10) - age   5:     471216 bytes,    3828040 total
[2020-10-24T05:44:06.963+0000][7][gc,age       ] GC(10) - age   6:    1869112 bytes,    5697152 total
[2020-10-24T05:44:06.963+0000][7][gc,age       ] GC(10) - age   7:    2654304 bytes,    8351456 total
[2020-10-24T05:44:06.963+0000][7][gc,phases    ] GC(10)   Pre Evacuate Collection Set: 0.3ms
[2020-10-24T05:44:06.964+0000][7][gc,phases    ] GC(10)   Merge Heap Roots: 0.1ms
[2020-10-24T05:44:06.964+0000][7][gc,phases    ] GC(10)   Evacuate Collection Set: 4.8ms
[2020-10-24T05:44:06.964+0000][7][gc,phases    ] GC(10)   Post Evacuate Collection Set: 0.7ms
[2020-10-24T05:44:06.964+0000][7][gc,phases    ] GC(10)   Other: 2.8ms
[2020-10-24T05:44:06.964+0000][7][gc,heap      ] GC(10) Eden regions: 141->0(144)
[2020-10-24T05:44:06.964+0000][7][gc,heap      ] GC(10) Survivor regions: 12->9(20)
[2020-10-24T05:44:06.964+0000][7][gc,heap      ] GC(10) Old regions: 5->8
[2020-10-24T05:44:06.964+0000][7][gc,heap      ] GC(10) Archive regions: 2->2
[2020-10-24T05:44:06.965+0000][7][gc,heap      ] GC(10) Humongous regions: 1->1
[2020-10-24T05:44:06.965+0000][7][gc,metaspace ] GC(10) Metaspace: 20264K(21888K)->20264K(21888K) NonClass: 17728K(18944K)->17728K(18944K) Class: 2535K(2944K)->2535K(2944K)
[2020-10-24T05:44:06.965+0000][7][gc           ] GC(10) Pause Young (Normal) (G1 Evacuation Pause) 158M->18M(256M) 10.001ms
[2020-10-24T05:44:06.965+0000][7][gc,cpu       ] GC(10) User=0.03s Sys=0.00s Real=0.01s
[2020-10-24T05:44:06.965+0000][7][safepoint    ] Safepoint "G1CollectForAllocation", Time since last: 140106100 ns, Reaching safepoint: 155600 ns, At safepoint: 10317400 ns, Total: 10473000 ns
[2020-10-24T05:44:07.628+0000][7][gc,start     ] GC(11) Pause Young (Normal) (G1 Evacuation Pause)
[2020-10-24T05:44:07.628+0000][7][gc,task      ] GC(11) Using 6 workers of 10 for evacuation
[2020-10-24T05:44:07.628+0000][7][gc,age       ] GC(11) Desired survivor size 10485760 bytes, new threshold 15 (max threshold 15)
[2020-10-24T05:44:07.633+0000][7][gc,age       ] GC(11) Age table with threshold 15 (max threshold 15)
[2020-10-24T05:44:07.634+0000][7][gc,age       ] GC(11) - age   1:    1637840 bytes,    1637840 total
[2020-10-24T05:44:07.634+0000][7][gc,age       ] GC(11) - age   2:     331464 bytes,    1969304 total
[2020-10-24T05:44:07.634+0000][7][gc,age       ] GC(11) - age   3:    1751016 bytes,    3720320 total
[2020-10-24T05:44:07.634+0000][7][gc,age       ] GC(11) - age   4:     369440 bytes,    4089760 total
[2020-10-24T05:44:07.634+0000][7][gc,age       ] GC(11) - age   5:     316664 bytes,    4406424 total
[2020-10-24T05:44:07.634+0000][7][gc,age       ] GC(11) - age   6:     470920 bytes,    4877344 total
[2020-10-24T05:44:07.635+0000][7][gc,age       ] GC(11) - age   7:    1865824 bytes,    6743168 total
[2020-10-24T05:44:07.635+0000][7][gc,age       ] GC(11) - age   8:    2650312 bytes,    9393480 total
[2020-10-24T05:44:07.635+0000][7][gc,phases    ] GC(11)   Pre Evacuate Collection Set: 0.1ms
[2020-10-24T05:44:07.635+0000][7][gc,phases    ] GC(11)   Merge Heap Roots: 0.1ms
[2020-10-24T05:44:07.635+0000][7][gc,phases    ] GC(11)   Evacuate Collection Set: 4.0ms
[2020-10-24T05:44:07.635+0000][7][gc,phases    ] GC(11)   Post Evacuate Collection Set: 0.7ms
[2020-10-24T05:44:07.635+0000][7][gc,phases    ] GC(11)   Other: 2.0ms
[2020-10-24T05:44:07.636+0000][7][gc,heap      ] GC(11) Eden regions: 144->0(143)
[2020-10-24T05:44:07.636+0000][7][gc,heap      ] GC(11) Survivor regions: 9->10(20)
[2020-10-24T05:44:07.636+0000][7][gc,heap      ] GC(11) Old regions: 8->8
[2020-10-24T05:44:07.636+0000][7][gc,heap      ] GC(11) Archive regions: 2->2
[2020-10-24T05:44:07.636+0000][7][gc,heap      ] GC(11) Humongous regions: 1->1
[2020-10-24T05:44:07.636+0000][7][gc,metaspace ] GC(11) Metaspace: 25171K(27392K)->25171K(27392K) NonClass: 21981K(23552K)->21981K(23552K) Class: 3189K(3840K)->3189K(3840K)
[2020-10-24T05:44:07.636+0000][7][gc           ] GC(11) Pause Young (Normal) (G1 Evacuation Pause) 162M->19M(256M) 8.282ms
[2020-10-24T05:44:07.637+0000][7][gc,cpu       ] GC(11) User=0.02s Sys=0.00s Real=0.00s
[2020-10-24T05:44:07.637+0000][7][safepoint    ] Safepoint "G1CollectForAllocation", Time since last: 662711500 ns, Reaching safepoint: 293300 ns, At safepoint: 8622000 ns, Total: 8915300 ns
[2020-10-24T05:44:08.170+0000][7][safepoint    ] Safepoint "ICBufferFull", Time since last: 532605300 ns, Reaching safepoint: 299100 ns, At safepoint: 6900 ns, Total: 306000 ns
[2020-10-24T05:44:08.986+0000][7][gc,start     ] GC(12) Pause Young (Normal) (G1 Evacuation Pause)
[2020-10-24T05:44:08.986+0000][7][gc,task      ] GC(12) Using 6 workers of 10 for evacuation
[2020-10-24T05:44:08.986+0000][7][gc,age       ] GC(12) Desired survivor size 10485760 bytes, new threshold 15 (max threshold 15)
[2020-10-24T05:44:09.004+0000][7][gc,age       ] GC(12) Age table with threshold 15 (max threshold 15)
[2020-10-24T05:44:09.004+0000][7][gc,age       ] GC(12) - age   1:   11308984 bytes,   11308984 total
[2020-10-24T05:44:09.005+0000][7][gc,age       ] GC(12) - age   2:    1588408 bytes,   12897392 total
[2020-10-24T05:44:09.005+0000][7][gc,age       ] GC(12) - age   3:     331400 bytes,   13228792 total
[2020-10-24T05:44:09.005+0000][7][gc,age       ] GC(12) - age   4:    1747824 bytes,   14976616 total
[2020-10-24T05:44:09.005+0000][7][gc,age       ] GC(12) - age   5:     368048 bytes,   15344664 total
[2020-10-24T05:44:09.005+0000][7][gc,age       ] GC(12) - age   6:     316344 bytes,   15661008 total
[2020-10-24T05:44:09.005+0000][7][gc,age       ] GC(12) - age   7:     466120 bytes,   16127128 total
[2020-10-24T05:44:09.005+0000][7][gc,age       ] GC(12) - age   8:    1864600 bytes,   17991728 total
[2020-10-24T05:44:09.006+0000][7][gc,age       ] GC(12) - age   9:    2645544 bytes,   20637272 total
[2020-10-24T05:44:09.006+0000][7][gc,phases    ] GC(12)   Pre Evacuate Collection Set: 0.1ms
[2020-10-24T05:44:09.006+0000][7][gc,phases    ] GC(12)   Merge Heap Roots: 0.1ms
[2020-10-24T05:44:09.006+0000][7][gc,phases    ] GC(12)   Evacuate Collection Set: 15.9ms
[2020-10-24T05:44:09.006+0000][7][gc,phases    ] GC(12)   Post Evacuate Collection Set: 1.6ms
[2020-10-24T05:44:09.006+0000][7][gc,phases    ] GC(12)   Other: 2.3ms
[2020-10-24T05:44:09.007+0000][7][gc,heap      ] GC(12) Eden regions: 143->0(129)
[2020-10-24T05:44:09.007+0000][7][gc,heap      ] GC(12) Survivor regions: 10->20(20)
[2020-10-24T05:44:09.007+0000][7][gc,heap      ] GC(12) Old regions: 8->16
[2020-10-24T05:44:09.007+0000][7][gc,heap      ] GC(12) Archive regions: 2->2
[2020-10-24T05:44:09.007+0000][7][gc,heap      ] GC(12) Humongous regions: 1->1
[2020-10-24T05:44:09.007+0000][7][gc,metaspace ] GC(12) Metaspace: 29583K(32256K)->29583K(32256K) NonClass: 25815K(27648K)->25815K(27648K) Class: 3768K(4608K)->3768K(4608K)
[2020-10-24T05:44:09.008+0000][7][gc           ] GC(12) Pause Young (Normal) (G1 Evacuation Pause) 162M->37M(256M) 21.757ms
[2020-10-24T05:44:09.008+0000][7][gc,cpu       ] GC(12) User=0.16s Sys=0.00s Real=0.03s
[2020-10-24T05:44:09.008+0000][7][safepoint    ] Safepoint "G1CollectForAllocation", Time since last: 816016800 ns, Reaching safepoint: 158100 ns, At safepoint: 22153500 ns, Total: 22311600 ns
[2020-10-24T05:44:09.586+0000][7][gc,start     ] GC(13) Pause Young (Concurrent Start) (Metadata GC Threshold)
[2020-10-24T05:44:09.586+0000][7][gc,task      ] GC(13) Using 6 workers of 10 for evacuation
[2020-10-24T05:44:09.586+0000][7][gc,age       ] GC(13) Desired survivor size 9961472 bytes, new threshold 1 (max threshold 15)
[2020-10-24T05:44:09.611+0000][7][gc,age       ] GC(13) Age table with threshold 1 (max threshold 15)
[2020-10-24T05:44:09.611+0000][7][gc,age       ] GC(13) - age   1:   11188624 bytes,   11188624 total
[2020-10-24T05:44:09.611+0000][7][gc,phases    ] GC(13)   Pre Evacuate Collection Set: 0.4ms
[2020-10-24T05:44:09.612+0000][7][gc,phases    ] GC(13)   Merge Heap Roots: 0.2ms
[2020-10-24T05:44:09.612+0000][7][gc,phases    ] GC(13)   Evacuate Collection Set: 22.7ms
[2020-10-24T05:44:09.612+0000][7][gc,phases    ] GC(13)   Post Evacuate Collection Set: 1.5ms
[2020-10-24T05:44:09.612+0000][7][gc,phases    ] GC(13)   Other: 1.1ms
[2020-10-24T05:44:09.612+0000][7][gc,heap      ] GC(13) Eden regions: 85->0(108)
[2020-10-24T05:44:09.612+0000][7][gc,heap      ] GC(13) Survivor regions: 20->12(19)
[2020-10-24T05:44:09.612+0000][7][gc,heap      ] GC(13) Old regions: 16->36
[2020-10-24T05:44:09.613+0000][7][gc,heap      ] GC(13) Archive regions: 2->2
[2020-10-24T05:44:09.613+0000][7][gc,heap      ] GC(13) Humongous regions: 1->1
[2020-10-24T05:44:09.613+0000][7][gc,metaspace ] GC(13) Metaspace: 32535K(35628K)->32535K(35628K) NonClass: 28261K(30380K)->28261K(30380K) Class: 4274K(5248K)->4274K(5248K)
[2020-10-24T05:44:09.613+0000][7][gc           ] GC(13) Pause Young (Concurrent Start) (Metadata GC Threshold) 121M->49M(256M) 27.339ms
[2020-10-24T05:44:09.613+0000][7][gc,cpu       ] GC(13) User=0.14s Sys=0.00s Real=0.03s
[2020-10-24T05:44:09.613+0000][7][gc           ] GC(14) Concurrent Cycle
[2020-10-24T05:44:09.614+0000][7][gc,marking   ] GC(14) Concurrent Clear Claimed Marks
[2020-10-24T05:44:09.613+0000][7][safepoint    ] Safepoint "CollectForMetadataAllocation", Time since last: 577411300 ns, Reaching safepoint: 192400 ns, At safepoint: 27859400 ns, Total: 28051800 ns
[2020-10-24T05:44:09.614+0000][7][gc,marking   ] GC(14) Concurrent Clear Claimed Marks 0.679ms
[2020-10-24T05:44:09.615+0000][7][gc,marking   ] GC(14) Concurrent Scan Root Regions
[2020-10-24T05:44:09.623+0000][7][gc,marking   ] GC(14) Concurrent Scan Root Regions 7.946ms
[2020-10-24T05:44:09.623+0000][7][gc,marking   ] GC(14) Concurrent Mark (6.989s)
[2020-10-24T05:44:09.623+0000][7][gc,marking   ] GC(14) Concurrent Mark From Roots
[2020-10-24T05:44:09.623+0000][7][gc,task      ] GC(14) Using 3 workers of 3 for marking
[2020-10-24T05:44:09.633+0000][7][safepoint    ] Safepoint "CollectForMetadataAllocation", Time since last: 19177700 ns, Reaching safepoint: 197000 ns, At safepoint: 107300 ns, Total: 304300 ns
[2020-10-24T05:44:09.638+0000][7][gc,marking   ] GC(14) Concurrent Mark From Roots 15.311ms
[2020-10-24T05:44:09.640+0000][7][gc,marking   ] GC(14) Concurrent Preclean
[2020-10-24T05:44:09.641+0000][7][gc,marking   ] GC(14) Concurrent Preclean 0.645ms
[2020-10-24T05:44:09.641+0000][7][gc,marking   ] GC(14) Concurrent Mark (6.989s, 7.007s) 18.100ms
[2020-10-24T05:44:09.641+0000][7][gc,start     ] GC(14) Pause Remark
[2020-10-24T05:44:09.644+0000][7][gc           ] GC(14) Pause Remark 52M->52M(256M) 2.880ms
[2020-10-24T05:44:09.644+0000][7][gc,cpu       ] GC(14) User=0.01s Sys=0.00s Real=0.00s
[2020-10-24T05:44:09.645+0000][7][safepoint    ] Safepoint "G1Concurrent", Time since last: 8217400 ns, Reaching safepoint: 191300 ns, At safepoint: 3273900 ns, Total: 3465200 ns
[2020-10-24T05:44:09.645+0000][7][gc,marking   ] GC(14) Concurrent Rebuild Remembered Sets
[2020-10-24T05:44:09.662+0000][7][gc,marking   ] GC(14) Concurrent Rebuild Remembered Sets 17.306ms
[2020-10-24T05:44:09.664+0000][7][gc,start     ] GC(14) Pause Cleanup
[2020-10-24T05:44:09.664+0000][7][gc           ] GC(14) Pause Cleanup 55M->55M(256M) 0.362ms
[2020-10-24T05:44:09.664+0000][7][gc,cpu       ] GC(14) User=0.00s Sys=0.00s Real=0.00s
[2020-10-24T05:44:09.665+0000][7][safepoint    ] Safepoint "G1Concurrent", Time since last: 18629100 ns, Reaching safepoint: 630600 ns, At safepoint: 811200 ns, Total: 1441800 ns
[2020-10-24T05:44:09.665+0000][7][gc,marking   ] GC(14) Concurrent Cleanup for Next Mark
[2020-10-24T05:44:09.666+0000][7][gc,marking   ] GC(14) Concurrent Cleanup for Next Mark 0.879ms
[2020-10-24T05:44:09.666+0000][7][gc           ] GC(14) Concurrent Cycle 52.656ms
[2020-10-24T05:44:09.883+0000][7][gc,start     ] GC(15) Pause Young (Concurrent Start) (G1 Evacuation Pause)
[2020-10-24T05:44:09.883+0000][7][gc,task      ] GC(15) Using 6 workers of 10 for evacuation
[2020-10-24T05:44:09.884+0000][7][gc,age       ] GC(15) Desired survivor size 7864320 bytes, new threshold 1 (max threshold 15)
[2020-10-24T05:44:09.893+0000][7][gc,age       ] GC(15) Age table with threshold 1 (max threshold 15)
[2020-10-24T05:44:09.893+0000][7][gc,age       ] GC(15) - age   1:    1054336 bytes,    1054336 total
[2020-10-24T05:44:09.894+0000][7][gc,phases    ] GC(15)   Pre Evacuate Collection Set: 0.2ms
[2020-10-24T05:44:09.894+0000][7][gc,phases    ] GC(15)   Merge Heap Roots: 0.1ms
[2020-10-24T05:44:09.894+0000][7][gc,phases    ] GC(15)   Evacuate Collection Set: 8.2ms
[2020-10-24T05:44:09.894+0000][7][gc,phases    ] GC(15)   Post Evacuate Collection Set: 0.8ms
[2020-10-24T05:44:09.894+0000][7][gc,phases    ] GC(15)   Other: 1.1ms
[2020-10-24T05:44:09.894+0000][7][gc,heap      ] GC(15) Eden regions: 108->0(112)
[2020-10-24T05:44:09.894+0000][7][gc,heap      ] GC(15) Survivor regions: 12->2(15)
[2020-10-24T05:44:09.895+0000][7][gc,heap      ] GC(15) Old regions: 36->48
[2020-10-24T05:44:09.895+0000][7][gc,heap      ] GC(15) Archive regions: 2->2
[2020-10-24T05:44:09.895+0000][7][gc,heap      ] GC(15) Humongous regions: 1->1
[2020-10-24T05:44:09.895+0000][7][gc,metaspace ] GC(15) Metaspace: 35294K(38656K)->35294K(38656K) NonClass: 30690K(33024K)->30690K(33024K) Class: 4604K(5632K)->4604K(5632K)
[2020-10-24T05:44:09.895+0000][7][gc           ] GC(15) Pause Young (Concurrent Start) (G1 Evacuation Pause) 157M->51M(256M) 11.930ms
[2020-10-24T05:44:09.895+0000][7][gc,cpu       ] GC(15) User=0.07s Sys=0.00s Real=0.01s
[2020-10-24T05:44:09.895+0000][7][gc           ] GC(16) Concurrent Cycle
[2020-10-24T05:44:09.896+0000][7][safepoint    ] Safepoint "G1CollectForAllocation", Time since last: 218455900 ns, Reaching safepoint: 115700 ns, At safepoint: 12310900 ns, Total: 12426600 ns
[2020-10-24T05:44:09.896+0000][7][gc,marking   ] GC(16) Concurrent Clear Claimed Marks
[2020-10-24T05:44:09.896+0000][7][gc,marking   ] GC(16) Concurrent Clear Claimed Marks 0.495ms
[2020-10-24T05:44:09.896+0000][7][gc,marking   ] GC(16) Concurrent Scan Root Regions
[2020-10-24T05:44:09.901+0000][7][gc,marking   ] GC(16) Concurrent Scan Root Regions 5.148ms
[2020-10-24T05:44:09.902+0000][7][gc,marking   ] GC(16) Concurrent Mark (7.268s)
[2020-10-24T05:44:09.902+0000][7][gc,marking   ] GC(16) Concurrent Mark From Roots
[2020-10-24T05:44:09.902+0000][7][gc,task      ] GC(16) Using 3 workers of 3 for marking
[2020-10-24T05:44:09.925+0000][7][gc,marking   ] GC(16) Concurrent Mark From Roots 23.103ms
[2020-10-24T05:44:09.925+0000][7][gc,marking   ] GC(16) Concurrent Preclean
[2020-10-24T05:44:09.926+0000][7][gc,marking   ] GC(16) Concurrent Preclean 0.568ms
[2020-10-24T05:44:09.926+0000][7][gc,marking   ] GC(16) Concurrent Mark (7.268s, 7.292s) 24.323ms
[2020-10-24T05:44:09.926+0000][7][gc,start     ] GC(16) Pause Remark
[2020-10-24T05:44:09.928+0000][7][gc           ] GC(16) Pause Remark 64M->64M(256M) 2.000ms
[2020-10-24T05:44:09.929+0000][7][gc,cpu       ] GC(16) User=0.01s Sys=0.00s Real=0.01s
[2020-10-24T05:44:09.929+0000][7][safepoint    ] Safepoint "G1Concurrent", Time since last: 30745400 ns, Reaching safepoint: 202400 ns, At safepoint: 2463600 ns, Total: 2666000 ns
[2020-10-24T05:44:09.929+0000][7][gc,marking   ] GC(16) Concurrent Rebuild Remembered Sets
[2020-10-24T05:44:09.963+0000][7][gc,marking   ] GC(16) Concurrent Rebuild Remembered Sets 33.371ms
[2020-10-24T05:44:09.966+0000][7][gc,start     ] GC(16) Pause Cleanup
[2020-10-24T05:44:09.966+0000][7][gc           ] GC(16) Pause Cleanup 64M->64M(256M) 0.675ms
[2020-10-24T05:44:09.967+0000][7][gc,cpu       ] GC(16) User=0.00s Sys=0.00s Real=0.00s
[2020-10-24T05:44:09.967+0000][7][safepoint    ] Safepoint "G1Concurrent", Time since last: 33930800 ns, Reaching safepoint: 2878900 ns, At safepoint: 1148700 ns, Total: 4027600 ns
[2020-10-24T05:44:09.967+0000][7][gc,marking   ] GC(16) Concurrent Cleanup for Next Mark
[2020-10-24T05:44:09.968+0000][7][gc,marking   ] GC(16) Concurrent Cleanup for Next Mark 0.981ms
[2020-10-24T05:44:09.969+0000][7][gc           ] GC(16) Concurrent Cycle 73.552ms
[2020-10-24T05:44:11.060+0000][7][safepoint    ] Safepoint "ICBufferFull", Time since last: 1092786500 ns, Reaching safepoint: 173500 ns, At safepoint: 6700 ns, Total: 180200 ns
[2020-10-24T05:44:11.193+0000][7][gc,start     ] GC(17) Pause Young (Normal) (G1 Evacuation Pause)
[2020-10-24T05:44:11.194+0000][7][gc,task      ] GC(17) Using 6 workers of 10 for evacuation
[2020-10-24T05:44:11.194+0000][7][gc,age       ] GC(17) Desired survivor size 7864320 bytes, new threshold 15 (max threshold 15)
[2020-10-24T05:44:11.201+0000][7][gc,age       ] GC(17) Age table with threshold 15 (max threshold 15)
[2020-10-24T05:44:11.201+0000][7][gc,age       ] GC(17) - age   1:    6534656 bytes,    6534656 total
[2020-10-24T05:44:11.201+0000][7][gc,age       ] GC(17) - age   2:     996432 bytes,    7531088 total
[2020-10-24T05:44:11.201+0000][7][gc,phases    ] GC(17)   Pre Evacuate Collection Set: 0.1ms
[2020-10-24T05:44:11.202+0000][7][gc,phases    ] GC(17)   Merge Heap Roots: 0.1ms
[2020-10-24T05:44:11.202+0000][7][gc,phases    ] GC(17)   Evacuate Collection Set: 5.5ms
[2020-10-24T05:44:11.202+0000][7][gc,phases    ] GC(17)   Post Evacuate Collection Set: 1.3ms
[2020-10-24T05:44:11.202+0000][7][gc,phases    ] GC(17)   Other: 1.1ms
[2020-10-24T05:44:11.202+0000][7][gc,heap      ] GC(17) Eden regions: 112->0(108)
[2020-10-24T05:44:11.202+0000][7][gc,heap      ] GC(17) Survivor regions: 2->8(15)
[2020-10-24T05:44:11.202+0000][7][gc,heap      ] GC(17) Old regions: 48->48
[2020-10-24T05:44:11.202+0000][7][gc,heap      ] GC(17) Archive regions: 2->2
[2020-10-24T05:44:11.203+0000][7][gc,heap      ] GC(17) Humongous regions: 1->1
[2020-10-24T05:44:11.203+0000][7][gc,metaspace ] GC(17) Metaspace: 51226K(56192K)->51226K(56192K) NonClass: 44236K(47360K)->44236K(47360K) Class: 6989K(8832K)->6989K(8832K)
[2020-10-24T05:44:11.203+0000][7][gc           ] GC(17) Pause Young (Normal) (G1 Evacuation Pause) 163M->56M(256M) 9.536ms
[2020-10-24T05:44:11.203+0000][7][gc,cpu       ] GC(17) User=0.05s Sys=0.00s Real=0.01s
[2020-10-24T05:44:11.203+0000][7][safepoint    ] Safepoint "G1CollectForAllocation", Time since last: 133198900 ns, Reaching safepoint: 216100 ns, At safepoint: 9919600 ns, Total: 10135700 ns
[2020-10-24T05:44:11.253+0000][7][safepoint    ] Safepoint "BulkRevokeBias", Time since last: 50020300 ns, Reaching safepoint: 172100 ns, At safepoint: 90800 ns, Total: 262900 ns
[2020-10-24T05:44:11.267+0000][7][safepoint    ] Safepoint "BulkRevokeBias", Time since last: 13590500 ns, Reaching safepoint: 316600 ns, At safepoint: 97100 ns, Total: 413700 ns
[2020-10-24T05:44:11.283+0000][7][safepoint    ] Safepoint "BulkRevokeBias", Time since last: 15421300 ns, Reaching safepoint: 237100 ns, At safepoint: 204600 ns, Total: 441700 ns
[2020-10-24T05:44:12.496+0000][7][safepoint    ] Safepoint "Cleanup", Time since last: 1212451200 ns, Reaching safepoint: 578100 ns, At safepoint: 47200 ns, Total: 625300 ns
[2020-10-24T05:44:12.780+0000][7][gc,start     ] GC(18) Pause Young (Normal) (G1 Evacuation Pause)
[2020-10-24T05:44:12.780+0000][7][gc,task      ] GC(18) Using 6 workers of 10 for evacuation
[2020-10-24T05:44:12.780+0000][7][gc,age       ] GC(18) Desired survivor size 7864320 bytes, new threshold 15 (max threshold 15)
[2020-10-24T05:44:12.787+0000][7][gc,age       ] GC(18) Age table with threshold 15 (max threshold 15)
[2020-10-24T05:44:12.787+0000][7][gc,age       ] GC(18) - age   1:    4320432 bytes,    4320432 total
[2020-10-24T05:44:12.787+0000][7][gc,age       ] GC(18) - age   2:    6302552 bytes,   10622984 total
[2020-10-24T05:44:12.787+0000][7][gc,age       ] GC(18) - age   3:     986680 bytes,   11609664 total
[2020-10-24T05:44:12.788+0000][7][gc,phases    ] GC(18)   Pre Evacuate Collection Set: 0.1ms
[2020-10-24T05:44:12.788+0000][7][gc,phases    ] GC(18)   Merge Heap Roots: 0.1ms
[2020-10-24T05:44:12.788+0000][7][gc,phases    ] GC(18)   Evacuate Collection Set: 5.7ms
[2020-10-24T05:44:12.788+0000][7][gc,phases    ] GC(18)   Post Evacuate Collection Set: 0.9ms
[2020-10-24T05:44:12.788+0000][7][gc,phases    ] GC(18)   Other: 1.2ms
[2020-10-24T05:44:12.788+0000][7][gc,heap      ] GC(18) Eden regions: 108->0(107)
[2020-10-24T05:44:12.788+0000][7][gc,heap      ] GC(18) Survivor regions: 8->12(15)
[2020-10-24T05:44:12.788+0000][7][gc,heap      ] GC(18) Old regions: 48->48
[2020-10-24T05:44:12.788+0000][7][gc,heap      ] GC(18) Archive regions: 2->2
[2020-10-24T05:44:12.789+0000][7][gc,heap      ] GC(18) Humongous regions: 1->1
[2020-10-24T05:44:12.789+0000][7][gc,metaspace ] GC(18) Metaspace: 57963K(63616K)->57963K(63616K) NonClass: 50019K(53504K)->50019K(53504K) Class: 7944K(10112K)->7944K(10112K)
[2020-10-24T05:44:12.789+0000][7][gc           ] GC(18) Pause Young (Normal) (G1 Evacuation Pause) 164M->60M(256M) 9.191ms
[2020-10-24T05:44:12.789+0000][7][gc,cpu       ] GC(18) User=0.04s Sys=0.01s Real=0.01s
[2020-10-24T05:44:12.789+0000][7][safepoint    ] Safepoint "G1CollectForAllocation", Time since last: 282726000 ns, Reaching safepoint: 473400 ns, At safepoint: 9495200 ns, Total: 9968600 ns
[2020-10-24T05:44:12.958+0000][7][gc,start     ] GC(19) Pause Young (Concurrent Start) (Metadata GC Threshold)
[2020-10-24T05:44:12.958+0000][7][gc,task      ] GC(19) Using 6 workers of 10 for evacuation
[2020-10-24T05:44:12.959+0000][7][gc,age       ] GC(19) Desired survivor size 7864320 bytes, new threshold 2 (max threshold 15)
[2020-10-24T05:44:12.966+0000][7][gc,age       ] GC(19) Age table with threshold 2 (max threshold 15)
[2020-10-24T05:44:12.966+0000][7][gc,age       ] GC(19) - age   1:     467376 bytes,     467376 total
[2020-10-24T05:44:12.966+0000][7][gc,age       ] GC(19) - age   2:    4271776 bytes,    4739152 total
[2020-10-24T05:44:12.966+0000][7][gc,phases    ] GC(19)   Pre Evacuate Collection Set: 0.4ms
[2020-10-24T05:44:12.966+0000][7][gc,phases    ] GC(19)   Merge Heap Roots: 0.1ms
[2020-10-24T05:44:12.967+0000][7][gc,phases    ] GC(19)   Evacuate Collection Set: 5.9ms
[2020-10-24T05:44:12.967+0000][7][gc,phases    ] GC(19)   Post Evacuate Collection Set: 0.7ms
[2020-10-24T05:44:12.967+0000][7][gc,phases    ] GC(19)   Other: 1.1ms
[2020-10-24T05:44:12.967+0000][7][gc,heap      ] GC(19) Eden regions: 39->0(110)
[2020-10-24T05:44:12.967+0000][7][gc,heap      ] GC(19) Survivor regions: 12->6(15)
[2020-10-24T05:44:12.967+0000][7][gc,heap      ] GC(19) Old regions: 48->55
[2020-10-24T05:44:12.967+0000][7][gc,heap      ] GC(19) Archive regions: 2->2
[2020-10-24T05:44:12.967+0000][7][gc,heap      ] GC(19) Humongous regions: 1->1
[2020-10-24T05:44:12.968+0000][7][gc,metaspace ] GC(19) Metaspace: 59405K(64856K)->59405K(64856K) NonClass: 51183K(54488K)->51183K(54488K) Class: 8221K(10368K)->8221K(10368K)
[2020-10-24T05:44:12.968+0000][7][gc           ] GC(19) Pause Young (Concurrent Start) (Metadata GC Threshold) 99M->61M(256M) 9.590ms
[2020-10-24T05:44:12.968+0000][7][gc,cpu       ] GC(19) User=0.04s Sys=0.01s Real=0.01s
[2020-10-24T05:44:12.968+0000][7][gc           ] GC(20) Concurrent Cycle
[2020-10-24T05:44:12.968+0000][7][safepoint    ] Safepoint "CollectForMetadataAllocation", Time since last: 168424400 ns, Reaching safepoint: 551300 ns, At safepoint: 10031500 ns, Total: 10582800 ns
[2020-10-24T05:44:12.968+0000][7][gc,marking   ] GC(20) Concurrent Clear Claimed Marks
[2020-10-24T05:44:12.969+0000][7][gc,marking   ] GC(20) Concurrent Clear Claimed Marks 0.605ms
[2020-10-24T05:44:12.969+0000][7][gc,marking   ] GC(20) Concurrent Scan Root Regions
[2020-10-24T05:44:12.973+0000][7][gc,marking   ] GC(20) Concurrent Scan Root Regions 4.283ms
[2020-10-24T05:44:12.973+0000][7][gc,marking   ] GC(20) Concurrent Mark (10.340s)
[2020-10-24T05:44:12.974+0000][7][gc,marking   ] GC(20) Concurrent Mark From Roots
[2020-10-24T05:44:12.974+0000][7][gc,task      ] GC(20) Using 3 workers of 3 for marking
[2020-10-24T05:44:12.988+0000][7][safepoint    ] Safepoint "CollectForMetadataAllocation", Time since last: 20033900 ns, Reaching safepoint: 192700 ns, At safepoint: 110600 ns, Total: 303300 ns
[2020-10-24T05:44:13.007+0000][7][gc,marking   ] GC(20) Concurrent Mark From Roots 33.258ms
[2020-10-24T05:44:13.007+0000][7][gc,marking   ] GC(20) Concurrent Preclean
[2020-10-24T05:44:13.008+0000][7][safepoint    ] Safepoint "CollectForMetadataAllocation", Time since last: 19008500 ns, Reaching safepoint: 156000 ns, At safepoint: 110600 ns, Total: 266600 ns
[2020-10-24T05:44:13.008+0000][7][gc,marking   ] GC(20) Concurrent Preclean 0.806ms
[2020-10-24T05:44:13.008+0000][7][gc,marking   ] GC(20) Concurrent Mark (10.340s, 10.374s) 34.595ms
[2020-10-24T05:44:13.008+0000][7][gc,start     ] GC(20) Pause Remark
[2020-10-24T05:44:13.011+0000][7][gc           ] GC(20) Pause Remark 64M->64M(256M) 2.794ms
[2020-10-24T05:44:13.012+0000][7][gc,cpu       ] GC(20) User=0.01s Sys=0.00s Real=0.00s
[2020-10-24T05:44:13.012+0000][7][safepoint    ] Safepoint "G1Concurrent", Time since last: 515800 ns, Reaching safepoint: 183800 ns, At safepoint: 3225400 ns, Total: 3409200 ns
[2020-10-24T05:44:13.012+0000][7][gc,marking   ] GC(20) Concurrent Rebuild Remembered Sets
[2020-10-24T05:44:13.037+0000][7][gc,marking   ] GC(20) Concurrent Rebuild Remembered Sets 25.254ms
[2020-10-24T05:44:13.038+0000][7][gc,start     ] GC(20) Pause Cleanup
[2020-10-24T05:44:13.039+0000][7][gc           ] GC(20) Pause Cleanup 66M->66M(256M) 0.392ms
[2020-10-24T05:44:13.039+0000][7][gc,cpu       ] GC(20) User=0.00s Sys=0.00s Real=0.00s
[2020-10-24T05:44:13.039+0000][7][safepoint    ] Safepoint "G1Concurrent", Time since last: 25759200 ns, Reaching safepoint: 881200 ns, At safepoint: 716900 ns, Total: 1598100 ns
[2020-10-24T05:44:13.039+0000][7][gc,marking   ] GC(20) Concurrent Cleanup for Next Mark
[2020-10-24T05:44:13.040+0000][7][gc,marking   ] GC(20) Concurrent Cleanup for Next Mark 0.561ms
[2020-10-24T05:44:13.040+0000][7][gc           ] GC(20) Concurrent Cycle 71.863ms
[2020-10-24T05:44:14.105+0000][7][safepoint    ] Safepoint "Cleanup", Time since last: 1063928200 ns, Reaching safepoint: 1574100 ns, At safepoint: 11100 ns, Total: 1585200 ns
[2020-10-24T05:44:14.194+0000][7][gc,start     ] GC(21) Pause Young (Concurrent Start) (G1 Evacuation Pause)
[2020-10-24T05:44:14.195+0000][7][gc,task      ] GC(21) Using 6 workers of 10 for evacuation
[2020-10-24T05:44:14.195+0000][7][gc,age       ] GC(21) Desired survivor size 7864320 bytes, new threshold 15 (max threshold 15)
[2020-10-24T05:44:14.204+0000][7][gc,age       ] GC(21) Age table with threshold 15 (max threshold 15)
[2020-10-24T05:44:14.204+0000][7][gc,age       ] GC(21) - age   1:    4344480 bytes,    4344480 total
[2020-10-24T05:44:14.205+0000][7][gc,age       ] GC(21) - age   2:     402704 bytes,    4747184 total
[2020-10-24T05:44:14.205+0000][7][gc,age       ] GC(21) - age   3:    4228336 bytes,    8975520 total
[2020-10-24T05:44:14.205+0000][7][gc,phases    ] GC(21)   Pre Evacuate Collection Set: 0.7ms
[2020-10-24T05:44:14.205+0000][7][gc,phases    ] GC(21)   Merge Heap Roots: 0.2ms
[2020-10-24T05:44:14.205+0000][7][gc,phases    ] GC(21)   Evacuate Collection Set: 7.4ms
[2020-10-24T05:44:14.205+0000][7][gc,phases    ] GC(21)   Post Evacuate Collection Set: 1.0ms
[2020-10-24T05:44:14.205+0000][7][gc,phases    ] GC(21)   Other: 1.3ms
[2020-10-24T05:44:14.206+0000][7][gc,heap      ] GC(21) Eden regions: 110->0(108)
[2020-10-24T05:44:14.206+0000][7][gc,heap      ] GC(21) Survivor regions: 6->9(15)
[2020-10-24T05:44:14.206+0000][7][gc,heap      ] GC(21) Old regions: 55->55
[2020-10-24T05:44:14.206+0000][7][gc,heap      ] GC(21) Archive regions: 2->2
[2020-10-24T05:44:14.206+0000][7][gc,heap      ] GC(21) Humongous regions: 1->1
[2020-10-24T05:44:14.206+0000][7][gc,metaspace ] GC(21) Metaspace: 71313K(77348K)->71313K(77348K) NonClass: 61512K(64984K)->61512K(64984K) Class: 9801K(12364K)->9801K(12364K)
[2020-10-24T05:44:14.206+0000][7][gc           ] GC(21) Pause Young (Concurrent Start) (G1 Evacuation Pause) 171M->65M(256M) 12.013ms
[2020-10-24T05:44:14.207+0000][7][gc,cpu       ] GC(21) User=0.05s Sys=0.00s Real=0.01s
[2020-10-24T05:44:14.207+0000][7][gc           ] GC(22) Concurrent Cycle
[2020-10-24T05:44:14.207+0000][7][safepoint    ] Safepoint "G1CollectForAllocation", Time since last: 89699600 ns, Reaching safepoint: 121900 ns, At safepoint: 12401100 ns, Total: 12523000 ns
[2020-10-24T05:44:14.207+0000][7][gc,marking   ] GC(22) Concurrent Clear Claimed Marks
[2020-10-24T05:44:14.208+0000][7][gc,marking   ] GC(22) Concurrent Clear Claimed Marks 0.754ms
[2020-10-24T05:44:14.208+0000][7][gc,marking   ] GC(22) Concurrent Scan Root Regions
[2020-10-24T05:44:14.211+0000][7][gc,marking   ] GC(22) Concurrent Scan Root Regions 3.501ms
[2020-10-24T05:44:14.212+0000][7][gc,marking   ] GC(22) Concurrent Mark (11.578s)
[2020-10-24T05:44:14.212+0000][7][gc,marking   ] GC(22) Concurrent Mark From Roots
[2020-10-24T05:44:14.212+0000][7][gc,task      ] GC(22) Using 3 workers of 3 for marking
[2020-10-24T05:44:14.253+0000][7][gc,marking   ] GC(22) Concurrent Mark From Roots 41.264ms
[2020-10-24T05:44:14.253+0000][7][gc,marking   ] GC(22) Concurrent Preclean
[2020-10-24T05:44:14.254+0000][7][gc,marking   ] GC(22) Concurrent Preclean 0.714ms
[2020-10-24T05:44:14.254+0000][7][gc,marking   ] GC(22) Concurrent Mark (11.578s, 11.621s) 42.613ms
[2020-10-24T05:44:14.255+0000][7][gc,start     ] GC(22) Pause Remark
[2020-10-24T05:44:14.257+0000][7][gc           ] GC(22) Pause Remark 69M->69M(256M) 2.468ms
[2020-10-24T05:44:14.257+0000][7][gc,cpu       ] GC(22) User=0.02s Sys=0.00s Real=0.00s
[2020-10-24T05:44:14.257+0000][7][safepoint    ] Safepoint "G1Concurrent", Time since last: 47582400 ns, Reaching safepoint: 210800 ns, At safepoint: 2867000 ns, Total: 3077800 ns
[2020-10-24T05:44:14.258+0000][7][gc,marking   ] GC(22) Concurrent Rebuild Remembered Sets
[2020-10-24T05:44:14.284+0000][7][gc,marking   ] GC(22) Concurrent Rebuild Remembered Sets 26.569ms
[2020-10-24T05:44:14.285+0000][7][gc,start     ] GC(22) Pause Cleanup
[2020-10-24T05:44:14.286+0000][7][gc           ] GC(22) Pause Cleanup 70M->70M(256M) 0.496ms
[2020-10-24T05:44:14.286+0000][7][gc,cpu       ] GC(22) User=0.01s Sys=0.00s Real=0.00s
[2020-10-24T05:44:14.286+0000][7][safepoint    ] Safepoint "G1Concurrent", Time since last: 27061900 ns, Reaching safepoint: 782100 ns, At safepoint: 869000 ns, Total: 1651100 ns
[2020-10-24T05:44:14.286+0000][7][gc,marking   ] GC(22) Concurrent Cleanup for Next Mark
[2020-10-24T05:44:14.287+0000][7][gc,marking   ] GC(22) Concurrent Cleanup for Next Mark 0.583ms
[2020-10-24T05:44:14.287+0000][7][gc           ] GC(22) Concurrent Cycle 80.383ms
[2020-10-24T05:44:14.646+0000][7][safepoint    ] Safepoint "BulkRevokeBias", Time since last: 359994100 ns, Reaching safepoint: 109200 ns, At safepoint: 67200 ns, Total: 176400 ns
[2020-10-24T05:44:14.758+0000][7][safepoint    ] Safepoint "BulkRevokeBias", Time since last: 111234200 ns, Reaching safepoint: 184300 ns, At safepoint: 84100 ns, Total: 268400 ns
[2020-10-24T05:44:15.063+0000][7][safepoint    ] Safepoint "ICBufferFull", Time since last: 304809700 ns, Reaching safepoint: 237900 ns, At safepoint: 27300 ns, Total: 265200 ns
[2020-10-24T05:44:15.296+0000][7][safepoint    ] Safepoint "ICBufferFull", Time since last: 232744900 ns, Reaching safepoint: 248800 ns, At safepoint: 27700 ns, Total: 276500 ns
[2020-10-24T05:44:15.406+0000][7][gc,start     ] GC(23) Pause Young (Normal) (G1 Evacuation Pause)
[2020-10-24T05:44:15.407+0000][7][gc,task      ] GC(23) Using 6 workers of 10 for evacuation
[2020-10-24T05:44:15.407+0000][7][gc,age       ] GC(23) Desired survivor size 7864320 bytes, new threshold 3 (max threshold 15)
[2020-10-24T05:44:15.423+0000][7][gc,age       ] GC(23) Age table with threshold 3 (max threshold 15)
[2020-10-24T05:44:15.423+0000][7][gc,age       ] GC(23) - age   1:    4291512 bytes,    4291512 total
[2020-10-24T05:44:15.423+0000][7][gc,age       ] GC(23) - age   2:    3882856 bytes,    8174368 total
[2020-10-24T05:44:15.423+0000][7][gc,age       ] GC(23) - age   3:     393200 bytes,    8567568 total
[2020-10-24T05:44:15.424+0000][7][gc,phases    ] GC(23)   Pre Evacuate Collection Set: 0.1ms
[2020-10-24T05:44:15.424+0000][7][gc,phases    ] GC(23)   Merge Heap Roots: 0.1ms
[2020-10-24T05:44:15.424+0000][7][gc,phases    ] GC(23)   Evacuate Collection Set: 14.2ms
[2020-10-24T05:44:15.424+0000][7][gc,phases    ] GC(23)   Post Evacuate Collection Set: 1.5ms
[2020-10-24T05:44:15.424+0000][7][gc,phases    ] GC(23)   Other: 1.5ms
[2020-10-24T05:44:15.424+0000][7][gc,heap      ] GC(23) Eden regions: 108->0(105)
[2020-10-24T05:44:15.424+0000][7][gc,heap      ] GC(23) Survivor regions: 9->9(15)
[2020-10-24T05:44:15.425+0000][7][gc,heap      ] GC(23) Old regions: 55->59
[2020-10-24T05:44:15.425+0000][7][gc,heap      ] GC(23) Archive regions: 2->2
[2020-10-24T05:44:15.425+0000][7][gc,heap      ] GC(23) Humongous regions: 1->1
[2020-10-24T05:44:15.425+0000][7][gc,metaspace ] GC(23) Metaspace: 80783K(87588K)->80783K(87588K) NonClass: 69691K(73688K)->69691K(73688K) Class: 11092K(13900K)->11092K(13900K)
[2020-10-24T05:44:15.425+0000][7][gc           ] GC(23) Pause Young (Normal) (G1 Evacuation Pause) 173M->69M(256M) 19.040ms
[2020-10-24T05:44:15.425+0000][7][gc,cpu       ] GC(23) User=0.11s Sys=0.00s Real=0.02s
[2020-10-24T05:44:15.426+0000][7][safepoint    ] Safepoint "G1CollectForAllocation", Time since last: 109903500 ns, Reaching safepoint: 353100 ns, At safepoint: 19483200 ns, Total: 19836300 ns
[2020-10-24T05:44:15.642+0000][7][safepoint    ] Safepoint "BulkRevokeBias", Time since last: 216002200 ns, Reaching safepoint: 325300 ns, At safepoint: 442300 ns, Total: 767600 ns
[2020-10-24T05:44:15.727+0000][7][safepoint    ] Safepoint "BulkRevokeBias", Time since last: 83039400 ns, Reaching safepoint: 251200 ns, At safepoint: 951100 ns, Total: 1202300 ns
[2020-10-24T05:44:16.001+0000][7][safepoint    ] Safepoint "BulkRevokeBias", Time since last: 273727200 ns, Reaching safepoint: 264300 ns, At safepoint: 345100 ns, Total: 609400 ns
[2020-10-24T05:44:16.122+0000][7][safepoint    ] Safepoint "BulkRevokeBias", Time since last: 120494500 ns, Reaching safepoint: 179300 ns, At safepoint: 402500 ns, Total: 581800 ns
[2020-10-24T05:44:16.288+0000][7][gc,start     ] GC(24) Pause Young (Normal) (G1 Evacuation Pause)
[2020-10-24T05:44:16.288+0000][7][gc,task      ] GC(24) Using 6 workers of 10 for evacuation
[2020-10-24T05:44:16.288+0000][7][gc,age       ] GC(24) Desired survivor size 7864320 bytes, new threshold 2 (max threshold 15)
[2020-10-24T05:44:16.299+0000][7][gc,age       ] GC(24) Age table with threshold 2 (max threshold 15)
[2020-10-24T05:44:16.299+0000][7][gc,age       ] GC(24) - age   1:    2842216 bytes,    2842216 total
[2020-10-24T05:44:16.299+0000][7][gc,age       ] GC(24) - age   2:    3512440 bytes,    6354656 total
[2020-10-24T05:44:16.299+0000][7][gc,phases    ] GC(24)   Pre Evacuate Collection Set: 0.1ms
[2020-10-24T05:44:16.299+0000][7][gc,phases    ] GC(24)   Merge Heap Roots: 0.1ms
[2020-10-24T05:44:16.300+0000][7][gc,phases    ] GC(24)   Evacuate Collection Set: 8.8ms
[2020-10-24T05:44:16.300+0000][7][gc,phases    ] GC(24)   Post Evacuate Collection Set: 1.4ms
[2020-10-24T05:44:16.300+0000][7][gc,phases    ] GC(24)   Other: 1.2ms
[2020-10-24T05:44:16.300+0000][7][gc,heap      ] GC(24) Eden regions: 105->0(105)
[2020-10-24T05:44:16.300+0000][7][gc,heap      ] GC(24) Survivor regions: 9->7(15)
[2020-10-24T05:44:16.300+0000][7][gc,heap      ] GC(24) Old regions: 59->63
[2020-10-24T05:44:16.300+0000][7][gc,heap      ] GC(24) Archive regions: 2->2
[2020-10-24T05:44:16.300+0000][7][gc,heap      ] GC(24) Humongous regions: 1->1
[2020-10-24T05:44:16.301+0000][7][gc,metaspace ] GC(24) Metaspace: 85125K(92324K)->85125K(92324K) NonClass: 73483K(77784K)->73483K(77784K) Class: 11641K(14540K)->11641K(14540K)
[2020-10-24T05:44:16.301+0000][7][gc           ] GC(24) Pause Young (Normal) (G1 Evacuation Pause) 174M->71M(256M) 13.085ms
[2020-10-24T05:44:16.301+0000][7][gc,cpu       ] GC(24) User=0.06s Sys=0.02s Real=0.01s
[2020-10-24T05:44:16.301+0000][7][safepoint    ] Safepoint "G1CollectForAllocation", Time since last: 165355500 ns, Reaching safepoint: 214300 ns, At safepoint: 13521000 ns, Total: 13735300 ns
[2020-10-24T05:44:16.656+0000][7][gc,start     ] GC(25) Pause Young (Concurrent Start) (G1 Humongous Allocation)
[2020-10-24T05:44:16.656+0000][7][gc,task      ] GC(25) Using 6 workers of 10 for evacuation
[2020-10-24T05:44:16.656+0000][7][gc,age       ] GC(25) Desired survivor size 7340032 bytes, new threshold 15 (max threshold 15)
[2020-10-24T05:44:16.668+0000][7][gc,age       ] GC(25) Age table with threshold 15 (max threshold 15)
[2020-10-24T05:44:16.668+0000][7][gc,age       ] GC(25) - age   1:    3064232 bytes,    3064232 total
[2020-10-24T05:44:16.668+0000][7][gc,age       ] GC(25) - age   2:    2647248 bytes,    5711480 total
[2020-10-24T05:44:16.668+0000][7][gc,age       ] GC(25) - age   3:    3482392 bytes,    9193872 total
[2020-10-24T05:44:16.668+0000][7][gc,phases    ] GC(25)   Pre Evacuate Collection Set: 0.6ms
[2020-10-24T05:44:16.669+0000][7][gc,phases    ] GC(25)   Merge Heap Roots: 2.1ms
[2020-10-24T05:44:16.669+0000][7][gc,phases    ] GC(25)   Evacuate Collection Set: 7.3ms
[2020-10-24T05:44:16.669+0000][7][gc,phases    ] GC(25)   Post Evacuate Collection Set: 1.0ms
[2020-10-24T05:44:16.669+0000][7][gc,phases    ] GC(25)   Other: 1.5ms
[2020-10-24T05:44:16.669+0000][7][gc,heap      ] GC(25) Eden regions: 23->0(93)
[2020-10-24T05:44:16.669+0000][7][gc,heap      ] GC(25) Survivor regions: 7->10(14)
[2020-10-24T05:44:16.669+0000][7][gc,heap      ] GC(25) Old regions: 63->63
[2020-10-24T05:44:16.669+0000][7][gc,heap      ] GC(25) Archive regions: 2->2
[2020-10-24T05:44:16.670+0000][7][gc,heap      ] GC(25) Humongous regions: 11->10
[2020-10-24T05:44:16.670+0000][7][gc,metaspace ] GC(25) Metaspace: 86918K(94116K)->86918K(94116K) NonClass: 75048K(79320K)->75048K(79320K) Class: 11870K(14796K)->11870K(14796K)
[2020-10-24T05:44:16.670+0000][7][gc           ] GC(25) Pause Young (Concurrent Start) (G1 Humongous Allocation) 103M->83M(256M) 13.863ms
[2020-10-24T05:44:16.670+0000][7][gc,cpu       ] GC(25) User=0.09s Sys=0.00s Real=0.02s
[2020-10-24T05:44:16.670+0000][7][gc           ] GC(26) Concurrent Cycle
[2020-10-24T05:44:16.670+0000][7][safepoint    ] Safepoint "G1TryInitiateConcMark", Time since last: 354510300 ns, Reaching safepoint: 179700 ns, At safepoint: 14273000 ns, Total: 14452700 ns
[2020-10-24T05:44:16.670+0000][7][gc,marking   ] GC(26) Concurrent Clear Claimed Marks
[2020-10-24T05:44:16.671+0000][7][gc,marking   ] GC(26) Concurrent Clear Claimed Marks 1.234ms
[2020-10-24T05:44:16.672+0000][7][gc,marking   ] GC(26) Concurrent Scan Root Regions
[2020-10-24T05:44:16.677+0000][7][gc,marking   ] GC(26) Concurrent Scan Root Regions 5.538ms
[2020-10-24T05:44:16.678+0000][7][gc,marking   ] GC(26) Concurrent Mark (14.044s)
[2020-10-24T05:44:16.678+0000][7][gc,marking   ] GC(26) Concurrent Mark From Roots
[2020-10-24T05:44:16.678+0000][7][gc,task      ] GC(26) Using 3 workers of 3 for marking
[2020-10-24T05:44:16.737+0000][7][gc,marking   ] GC(26) Concurrent Mark From Roots 59.710ms
[2020-10-24T05:44:16.738+0000][7][gc,marking   ] GC(26) Concurrent Preclean
[2020-10-24T05:44:16.738+0000][7][gc,marking   ] GC(26) Concurrent Preclean 0.563ms
[2020-10-24T05:44:16.739+0000][7][gc,marking   ] GC(26) Concurrent Mark (14.044s, 14.105s) 61.052ms
[2020-10-24T05:44:16.739+0000][7][gc,start     ] GC(26) Pause Remark
[2020-10-24T05:44:16.749+0000][7][gc           ] GC(26) Pause Remark 90M->90M(256M) 9.988ms
[2020-10-24T05:44:16.749+0000][7][gc,cpu       ] GC(26) User=0.04s Sys=0.00s Real=0.01s
[2020-10-24T05:44:16.749+0000][7][safepoint    ] Safepoint "G1Concurrent", Time since last: 68636500 ns, Reaching safepoint: 139600 ns, At safepoint: 10516700 ns, Total: 10656300 ns
[2020-10-24T05:44:16.750+0000][7][gc,marking   ] GC(26) Concurrent Rebuild Remembered Sets
[2020-10-24T05:44:16.783+0000][7][gc,marking   ] GC(26) Concurrent Rebuild Remembered Sets 33.427ms
[2020-10-24T05:44:16.784+0000][7][gc,start     ] GC(26) Pause Cleanup
[2020-10-24T05:44:16.785+0000][7][gc           ] GC(26) Pause Cleanup 92M->92M(256M) 0.410ms
[2020-10-24T05:44:16.785+0000][7][gc,cpu       ] GC(26) User=0.00s Sys=0.00s Real=0.00s
[2020-10-24T05:44:16.785+0000][7][safepoint    ] Safepoint "G1Concurrent", Time since last: 34061600 ns, Reaching safepoint: 990100 ns, At safepoint: 763000 ns, Total: 1753100 ns
[2020-10-24T05:44:16.785+0000][7][gc,marking   ] GC(26) Concurrent Cleanup for Next Mark
[2020-10-24T05:44:16.786+0000][7][gc,marking   ] GC(26) Concurrent Cleanup for Next Mark 0.741ms
[2020-10-24T05:44:16.786+0000][7][gc           ] GC(26) Concurrent Cycle 116.254ms
[2020-10-24T05:44:16.932+0000][7][safepoint    ] Safepoint "ICBufferFull", Time since last: 146594600 ns, Reaching safepoint: 350300 ns, At safepoint: 119000 ns, Total: 469300 ns
[2020-10-24T05:44:17.085+0000][7][safepoint    ] Safepoint "ICBufferFull", Time since last: 152039800 ns, Reaching safepoint: 290400 ns, At safepoint: 71500 ns, Total: 361900 ns
[2020-10-24T05:44:17.284+0000][7][safepoint    ] Safepoint "ICBufferFull", Time since last: 198825700 ns, Reaching safepoint: 328600 ns, At safepoint: 49600 ns, Total: 378200 ns
[2020-10-24T05:44:17.313+0000][7][gc,start     ] GC(27) Pause Young (Normal) (G1 Evacuation Pause)
[2020-10-24T05:44:17.313+0000][7][gc,task      ] GC(27) Using 6 workers of 10 for evacuation
[2020-10-24T05:44:17.314+0000][7][gc,age       ] GC(27) Desired survivor size 6815744 bytes, new threshold 3 (max threshold 15)
[2020-10-24T05:44:17.324+0000][7][gc,age       ] GC(27) Age table with threshold 3 (max threshold 15)
[2020-10-24T05:44:17.324+0000][7][gc,age       ] GC(27) - age   1:    7016064 bytes,    7016064 total
[2020-10-24T05:44:17.324+0000][7][gc,age       ] GC(27) - age   2:    2967896 bytes,    9983960 total
[2020-10-24T05:44:17.324+0000][7][gc,age       ] GC(27) - age   3:    2365096 bytes,   12349056 total
[2020-10-24T05:44:17.324+0000][7][gc,phases    ] GC(27)   Pre Evacuate Collection Set: 0.1ms
[2020-10-24T05:44:17.324+0000][7][gc,phases    ] GC(27)   Merge Heap Roots: 0.1ms
[2020-10-24T05:44:17.324+0000][7][gc,phases    ] GC(27)   Evacuate Collection Set: 8.7ms
[2020-10-24T05:44:17.325+0000][7][gc,phases    ] GC(27)   Post Evacuate Collection Set: 1.0ms
[2020-10-24T05:44:17.325+0000][7][gc,phases    ] GC(27)   Other: 1.3ms
[2020-10-24T05:44:17.325+0000][7][gc,heap      ] GC(27) Eden regions: 93->0(80)
[2020-10-24T05:44:17.325+0000][7][gc,heap      ] GC(27) Survivor regions: 10->13(13)
[2020-10-24T05:44:17.325+0000][7][gc,heap      ] GC(27) Old regions: 63->67
[2020-10-24T05:44:17.325+0000][7][gc,heap      ] GC(27) Archive regions: 2->2
[2020-10-24T05:44:17.325+0000][7][gc,heap      ] GC(27) Humongous regions: 15->15
[2020-10-24T05:44:17.325+0000][7][gc,metaspace ] GC(27) Metaspace: 89751K(97060K)->89751K(97060K) NonClass: 77574K(81880K)->77574K(81880K) Class: 12177K(15180K)->12177K(15180K)
[2020-10-24T05:44:17.326+0000][7][gc           ] GC(27) Pause Young (Normal) (G1 Evacuation Pause) 181M->94M(256M) 12.533ms
[2020-10-24T05:44:17.326+0000][7][gc,cpu       ] GC(27) User=0.05s Sys=0.00s Real=0.01s
[2020-10-24T05:44:17.326+0000][7][safepoint    ] Safepoint "G1CollectForAllocation", Time since last: 28942800 ns, Reaching safepoint: 240200 ns, At safepoint: 12905500 ns, Total: 13145700 ns
[2020-10-24T05:44:17.586+0000][7][gc,start     ] GC(28) Pause Young (Concurrent Start) (G1 Evacuation Pause)
[2020-10-24T05:44:17.587+0000][7][gc,task      ] GC(28) Using 6 workers of 10 for evacuation
[2020-10-24T05:44:17.587+0000][7][gc,age       ] GC(28) Desired survivor size 6291456 bytes, new threshold 1 (max threshold 15)
[2020-10-24T05:44:17.599+0000][7][gc,age       ] GC(28) Age table with threshold 1 (max threshold 15)
[2020-10-24T05:44:17.599+0000][7][gc,age       ] GC(28) - age   1:    2654552 bytes,    2654552 total
[2020-10-24T05:44:17.599+0000][7][gc,phases    ] GC(28)   Pre Evacuate Collection Set: 0.7ms
[2020-10-24T05:44:17.600+0000][7][gc,phases    ] GC(28)   Merge Heap Roots: 0.1ms
[2020-10-24T05:44:17.600+0000][7][gc,phases    ] GC(28)   Evacuate Collection Set: 10.1ms
[2020-10-24T05:44:17.600+0000][7][gc,phases    ] GC(28)   Post Evacuate Collection Set: 1.1ms
[2020-10-24T05:44:17.600+0000][7][gc,phases    ] GC(28)   Other: 1.0ms
[2020-10-24T05:44:17.600+0000][7][gc,heap      ] GC(28) Eden regions: 80->0(79)
[2020-10-24T05:44:17.600+0000][7][gc,heap      ] GC(28) Survivor regions: 13->4(12)
[2020-10-24T05:44:17.600+0000][7][gc,heap      ] GC(28) Old regions: 67->79
[2020-10-24T05:44:17.600+0000][7][gc,heap      ] GC(28) Archive regions: 2->2
[2020-10-24T05:44:17.601+0000][7][gc,heap      ] GC(28) Humongous regions: 15->15
[2020-10-24T05:44:17.601+0000][7][gc,metaspace ] GC(28) Metaspace: 90230K(97572K)->90230K(97572K) NonClass: 78049K(82392K)->78049K(82392K) Class: 12181K(15180K)->12181K(15180K)
[2020-10-24T05:44:17.601+0000][7][gc           ] GC(28) Pause Young (Concurrent Start) (G1 Evacuation Pause) 174M->97M(256M) 14.518ms
[2020-10-24T05:44:17.601+0000][7][gc,cpu       ] GC(28) User=0.08s Sys=0.00s Real=0.02s
[2020-10-24T05:44:17.601+0000][7][gc           ] GC(29) Concurrent Cycle
[2020-10-24T05:44:17.601+0000][7][safepoint    ] Safepoint "G1CollectForAllocation", Time since last: 260094300 ns, Reaching safepoint: 321900 ns, At safepoint: 14971100 ns, Total: 15293000 ns
[2020-10-24T05:44:17.601+0000][7][gc,marking   ] GC(29) Concurrent Clear Claimed Marks
[2020-10-24T05:44:17.602+0000][7][gc,marking   ] GC(29) Concurrent Clear Claimed Marks 0.990ms
[2020-10-24T05:44:17.603+0000][7][gc,marking   ] GC(29) Concurrent Scan Root Regions
[2020-10-24T05:44:17.610+0000][7][gc,marking   ] GC(29) Concurrent Scan Root Regions 7.407ms
[2020-10-24T05:44:17.610+0000][7][gc,marking   ] GC(29) Concurrent Mark (14.977s)
[2020-10-24T05:44:17.611+0000][7][gc,marking   ] GC(29) Concurrent Mark From Roots
[2020-10-24T05:44:17.611+0000][7][gc,task      ] GC(29) Using 3 workers of 3 for marking
[2020-10-24T05:44:17.695+0000][7][gc,marking   ] GC(29) Concurrent Mark From Roots 83.929ms
[2020-10-24T05:44:17.695+0000][7][gc,marking   ] GC(29) Concurrent Preclean
[2020-10-24T05:44:17.695+0000][7][gc,marking   ] GC(29) Concurrent Preclean 0.653ms
[2020-10-24T05:44:17.696+0000][7][gc,marking   ] GC(29) Concurrent Mark (14.977s, 15.062s) 85.225ms
[2020-10-24T05:44:17.696+0000][7][gc,start     ] GC(29) Pause Remark
[2020-10-24T05:44:17.701+0000][7][gc           ] GC(29) Pause Remark 125M->125M(256M) 4.657ms
[2020-10-24T05:44:17.701+0000][7][gc,cpu       ] GC(29) User=0.03s Sys=0.00s Real=0.01s
[2020-10-24T05:44:17.701+0000][7][safepoint    ] Safepoint "G1Concurrent", Time since last: 94487000 ns, Reaching safepoint: 208600 ns, At safepoint: 5155200 ns, Total: 5363800 ns
[2020-10-24T05:44:17.702+0000][7][gc,marking   ] GC(29) Concurrent Rebuild Remembered Sets
[2020-10-24T05:44:17.765+0000][7][gc,marking   ] GC(29) Concurrent Rebuild Remembered Sets 63.224ms
[2020-10-24T05:44:17.766+0000][7][gc,start     ] GC(29) Pause Cleanup
[2020-10-24T05:44:17.767+0000][7][gc           ] GC(29) Pause Cleanup 140M->140M(256M) 0.473ms
[2020-10-24T05:44:17.767+0000][7][gc,cpu       ] GC(29) User=0.00s Sys=0.00s Real=0.00s
[2020-10-24T05:44:17.767+0000][7][safepoint    ] Safepoint "G1Concurrent", Time since last: 64297200 ns, Reaching safepoint: 820900 ns, At safepoint: 933000 ns, Total: 1753900 ns
[2020-10-24T05:44:17.768+0000][7][gc,marking   ] GC(29) Concurrent Cleanup for Next Mark
[2020-10-24T05:44:17.769+0000][7][gc,marking   ] GC(29) Concurrent Cleanup for Next Mark 0.972ms
[2020-10-24T05:44:17.769+0000][7][gc           ] GC(29) Concurrent Cycle 167.735ms
[2020-10-24T05:44:17.846+0000][7][gc,start     ] GC(30) Pause Young (Normal) (G1 Evacuation Pause)
[2020-10-24T05:44:17.847+0000][7][gc,task      ] GC(30) Using 6 workers of 10 for evacuation
[2020-10-24T05:44:17.847+0000][7][gc,age       ] GC(30) Desired survivor size 5767168 bytes, new threshold 15 (max threshold 15)
[2020-10-24T05:44:17.850+0000][7][gc,age       ] GC(30) Age table with threshold 15 (max threshold 15)
[2020-10-24T05:44:17.850+0000][7][gc,age       ] GC(30) - age   1:    1918168 bytes,    1918168 total
[2020-10-24T05:44:17.850+0000][7][gc,age       ] GC(30) - age   2:    2192216 bytes,    4110384 total
[2020-10-24T05:44:17.851+0000][7][gc,phases    ] GC(30)   Pre Evacuate Collection Set: 0.1ms
[2020-10-24T05:44:17.851+0000][7][gc,phases    ] GC(30)   Merge Heap Roots: 0.1ms
[2020-10-24T05:44:17.851+0000][7][gc,phases    ] GC(30)   Evacuate Collection Set: 2.1ms
[2020-10-24T05:44:17.851+0000][7][gc,phases    ] GC(30)   Post Evacuate Collection Set: 0.7ms
[2020-10-24T05:44:17.851+0000][7][gc,phases    ] GC(30)   Other: 1.2ms
[2020-10-24T05:44:17.851+0000][7][gc,heap      ] GC(30) Eden regions: 79->0(79)
[2020-10-24T05:44:17.851+0000][7][gc,heap      ] GC(30) Survivor regions: 4->5(11)
[2020-10-24T05:44:17.852+0000][7][gc,heap      ] GC(30) Old regions: 79->79
[2020-10-24T05:44:17.852+0000][7][gc,heap      ] GC(30) Archive regions: 2->2
[2020-10-24T05:44:17.852+0000][7][gc,heap      ] GC(30) Humongous regions: 15->15
[2020-10-24T05:44:17.852+0000][7][gc,metaspace ] GC(30) Metaspace: 90342K(97828K)->90342K(97828K) NonClass: 78161K(82648K)->78161K(82648K) Class: 12181K(15180K)->12181K(15180K)
[2020-10-24T05:44:17.852+0000][7][gc           ] GC(30) Pause Young (Normal) (G1 Evacuation Pause) 176M->98M(256M) 5.680ms
[2020-10-24T05:44:17.852+0000][7][gc,cpu       ] GC(30) User=0.04s Sys=0.00s Real=0.01s
[2020-10-24T05:44:17.853+0000][7][safepoint    ] Safepoint "G1CollectForAllocation", Time since last: 78849300 ns, Reaching safepoint: 223500 ns, At safepoint: 6187700 ns, Total: 6411200 ns
[2020-10-24T05:44:18.036+0000][7][gc,start     ] GC(31) Pause Young (Concurrent Start) (G1 Evacuation Pause)
[2020-10-24T05:44:18.037+0000][7][gc,task      ] GC(31) Using 6 workers of 10 for evacuation
[2020-10-24T05:44:18.037+0000][7][gc,age       ] GC(31) Desired survivor size 5767168 bytes, new threshold 15 (max threshold 15)
[2020-10-24T05:44:18.044+0000][7][gc,age       ] GC(31) Age table with threshold 15 (max threshold 15)
[2020-10-24T05:44:18.045+0000][7][gc,age       ] GC(31) - age   1:    2480288 bytes,    2480288 total
[2020-10-24T05:44:18.045+0000][7][gc,age       ] GC(31) - age   2:    1508016 bytes,    3988304 total
[2020-10-24T05:44:18.045+0000][7][gc,age       ] GC(31) - age   3:    2119280 bytes,    6107584 total
[2020-10-24T05:44:18.045+0000][7][gc,phases    ] GC(31)   Pre Evacuate Collection Set: 0.8ms
[2020-10-24T05:44:18.045+0000][7][gc,phases    ] GC(31)   Merge Heap Roots: 0.1ms
[2020-10-24T05:44:18.045+0000][7][gc,phases    ] GC(31)   Evacuate Collection Set: 5.7ms
[2020-10-24T05:44:18.046+0000][7][gc,phases    ] GC(31)   Post Evacuate Collection Set: 1.0ms
[2020-10-24T05:44:18.046+0000][7][gc,phases    ] GC(31)   Other: 1.4ms
[2020-10-24T05:44:18.046+0000][7][gc,heap      ] GC(31) Eden regions: 79->0(79)
[2020-10-24T05:44:18.046+0000][7][gc,heap      ] GC(31) Survivor regions: 5->6(11)
[2020-10-24T05:44:18.046+0000][7][gc,heap      ] GC(31) Old regions: 79->79
[2020-10-24T05:44:18.046+0000][7][gc,heap      ] GC(31) Archive regions: 2->2
[2020-10-24T05:44:18.046+0000][7][gc,heap      ] GC(31) Humongous regions: 15->15
[2020-10-24T05:44:18.046+0000][7][gc,metaspace ] GC(31) Metaspace: 90501K(97956K)->90501K(97956K) NonClass: 78307K(82648K)->78307K(82648K) Class: 12194K(15308K)->12194K(15308K)
[2020-10-24T05:44:18.046+0000][7][gc           ] GC(31) Pause Young (Concurrent Start) (G1 Evacuation Pause) 177M->100M(256M) 10.242ms
[2020-10-24T05:44:18.047+0000][7][gc,cpu       ] GC(31) User=0.06s Sys=0.00s Real=0.01s
[2020-10-24T05:44:18.047+0000][7][gc           ] GC(32) Concurrent Cycle
[2020-10-24T05:44:18.047+0000][7][safepoint    ] Safepoint "G1CollectForAllocation", Time since last: 183402700 ns, Reaching safepoint: 288000 ns, At safepoint: 10669500 ns, Total: 10957500 ns
[2020-10-24T05:44:18.047+0000][7][gc,marking   ] GC(32) Concurrent Clear Claimed Marks
[2020-10-24T05:44:18.048+0000][7][gc,marking   ] GC(32) Concurrent Clear Claimed Marks 0.912ms
[2020-10-24T05:44:18.048+0000][7][gc,marking   ] GC(32) Concurrent Scan Root Regions
[2020-10-24T05:44:18.050+0000][7][gc,marking   ] GC(32) Concurrent Scan Root Regions 2.084ms
[2020-10-24T05:44:18.053+0000][7][gc,marking   ] GC(32) Concurrent Mark (15.419s)
[2020-10-24T05:44:18.053+0000][7][gc,marking   ] GC(32) Concurrent Mark From Roots
[2020-10-24T05:44:18.053+0000][7][gc,task      ] GC(32) Using 3 workers of 3 for marking
[2020-10-24T05:44:18.117+0000][7][gc,marking   ] GC(32) Concurrent Mark From Roots 64.283ms
[2020-10-24T05:44:18.118+0000][7][gc,marking   ] GC(32) Concurrent Preclean
[2020-10-24T05:44:18.118+0000][7][gc,marking   ] GC(32) Concurrent Preclean 0.539ms
[2020-10-24T05:44:18.118+0000][7][gc,marking   ] GC(32) Concurrent Mark (15.419s, 15.485s) 65.401ms
[2020-10-24T05:44:18.119+0000][7][gc,start     ] GC(32) Pause Remark
[2020-10-24T05:44:18.128+0000][7][gc           ] GC(32) Pause Remark 122M->122M(256M) 9.273ms
[2020-10-24T05:44:18.128+0000][7][gc,cpu       ] GC(32) User=0.05s Sys=0.00s Real=0.01s
[2020-10-24T05:44:18.129+0000][7][safepoint    ] Safepoint "G1Concurrent", Time since last: 71647100 ns, Reaching safepoint: 186500 ns, At safepoint: 9905400 ns, Total: 10091900 ns
[2020-10-24T05:44:18.130+0000][7][gc,marking   ] GC(32) Concurrent Rebuild Remembered Sets
[2020-10-24T05:44:18.206+0000][7][gc,marking   ] GC(32) Concurrent Rebuild Remembered Sets 75.930ms
[2020-10-24T05:44:18.208+0000][7][gc,start     ] GC(32) Pause Cleanup
[2020-10-24T05:44:18.208+0000][7][gc           ] GC(32) Pause Cleanup 140M->140M(256M) 0.430ms
[2020-10-24T05:44:18.209+0000][7][gc,cpu       ] GC(32) User=0.00s Sys=0.00s Real=0.00s
[2020-10-24T05:44:18.209+0000][7][safepoint    ] Safepoint "G1Concurrent", Time since last: 79079700 ns, Reaching safepoint: 325000 ns, At safepoint: 830100 ns, Total: 1155100 ns
[2020-10-24T05:44:18.209+0000][7][gc,marking   ] GC(32) Concurrent Cleanup for Next Mark
[2020-10-24T05:44:18.210+0000][7][gc,marking   ] GC(32) Concurrent Cleanup for Next Mark 0.721ms
[2020-10-24T05:44:18.210+0000][7][gc           ] GC(32) Concurrent Cycle 163.287ms
[2020-10-24T05:44:18.261+0000][7][safepoint    ] Safepoint "ICBufferFull", Time since last: 51855700 ns, Reaching safepoint: 429400 ns, At safepoint: 96200 ns, Total: 525600 ns
[2020-10-24T05:44:18.355+0000][7][safepoint    ] Safepoint "ICBufferFull", Time since last: 90978600 ns, Reaching safepoint: 369000 ns, At safepoint: 2319400 ns, Total: 2688400 ns
[2020-10-24T05:44:18.359+0000][7][gc,start     ] GC(33) Pause Young (Normal) (G1 Evacuation Pause)
[2020-10-24T05:44:18.360+0000][7][gc,task      ] GC(33) Using 6 workers of 10 for evacuation
[2020-10-24T05:44:18.360+0000][7][gc,age       ] GC(33) Desired survivor size 5767168 bytes, new threshold 3 (max threshold 15)
[2020-10-24T05:44:18.367+0000][7][gc,age       ] GC(33) Age table with threshold 3 (max threshold 15)
[2020-10-24T05:44:18.367+0000][7][gc,age       ] GC(33) - age   1:    2800472 bytes,    2800472 total
[2020-10-24T05:44:18.367+0000][7][gc,age       ] GC(33) - age   2:    2054256 bytes,    4854728 total
[2020-10-24T05:44:18.367+0000][7][gc,age       ] GC(33) - age   3:    1460816 bytes,    6315544 total
[2020-10-24T05:44:18.367+0000][7][gc,phases    ] GC(33)   Pre Evacuate Collection Set: 0.4ms
[2020-10-24T05:44:18.368+0000][7][gc,phases    ] GC(33)   Merge Heap Roots: 0.2ms
[2020-10-24T05:44:18.368+0000][7][gc,phases    ] GC(33)   Evacuate Collection Set: 5.3ms
[2020-10-24T05:44:18.368+0000][7][gc,phases    ] GC(33)   Post Evacuate Collection Set: 0.9ms
[2020-10-24T05:44:18.368+0000][7][gc,phases    ] GC(33)   Other: 1.5ms
[2020-10-24T05:44:18.370+0000][7][gc,heap      ] GC(33) Eden regions: 79->0(77)
[2020-10-24T05:44:18.370+0000][7][gc,heap      ] GC(33) Survivor regions: 6->7(11)
[2020-10-24T05:44:18.370+0000][7][gc,heap      ] GC(33) Old regions: 79->81
[2020-10-24T05:44:18.370+0000][7][gc,heap      ] GC(33) Archive regions: 2->2
[2020-10-24T05:44:18.370+0000][7][gc,heap      ] GC(33) Humongous regions: 15->15
[2020-10-24T05:44:18.370+0000][7][gc,metaspace ] GC(33) Metaspace: 90870K(98468K)->90870K(98468K) NonClass: 78671K(83160K)->78671K(83160K) Class: 12198K(15308K)->12198K(15308K)
[2020-10-24T05:44:18.370+0000][7][gc           ] GC(33) Pause Young (Normal) (G1 Evacuation Pause) 179M->102M(256M) 11.229ms
[2020-10-24T05:44:18.371+0000][7][gc,cpu       ] GC(33) User=0.04s Sys=0.00s Real=0.01s
[2020-10-24T05:44:18.371+0000][7][safepoint    ] Safepoint "G1CollectForAllocation", Time since last: 3883700 ns, Reaching safepoint: 414600 ns, At safepoint: 11777000 ns, Total: 12191600 ns
[2020-10-24T05:44:18.589+0000][7][gc,start     ] GC(34) Pause Young (Concurrent Start) (G1 Evacuation Pause)
[2020-10-24T05:44:18.589+0000][7][gc,task      ] GC(34) Using 6 workers of 10 for evacuation
[2020-10-24T05:44:18.589+0000][7][gc,age       ] GC(34) Desired survivor size 5767168 bytes, new threshold 3 (max threshold 15)
[2020-10-24T05:44:18.596+0000][7][gc,age       ] GC(34) Age table with threshold 3 (max threshold 15)
[2020-10-24T05:44:18.596+0000][7][gc,age       ] GC(34) - age   1:    2805808 bytes,    2805808 total
[2020-10-24T05:44:18.596+0000][7][gc,age       ] GC(34) - age   2:    1950184 bytes,    4755992 total
[2020-10-24T05:44:18.596+0000][7][gc,age       ] GC(34) - age   3:    1906376 bytes,    6662368 total
[2020-10-24T05:44:18.597+0000][7][gc,phases    ] GC(34)   Pre Evacuate Collection Set: 0.7ms
[2020-10-24T05:44:18.597+0000][7][gc,phases    ] GC(34)   Merge Heap Roots: 0.1ms
[2020-10-24T05:44:18.597+0000][7][gc,phases    ] GC(34)   Evacuate Collection Set: 4.6ms
[2020-10-24T05:44:18.597+0000][7][gc,phases    ] GC(34)   Post Evacuate Collection Set: 0.9ms
[2020-10-24T05:44:18.597+0000][7][gc,phases    ] GC(34)   Other: 1.4ms
[2020-10-24T05:44:18.597+0000][7][gc,heap      ] GC(34) Eden regions: 77->0(76)
[2020-10-24T05:44:18.597+0000][7][gc,heap      ] GC(34) Survivor regions: 7->7(11)
[2020-10-24T05:44:18.598+0000][7][gc,heap      ] GC(34) Old regions: 81->82
[2020-10-24T05:44:18.598+0000][7][gc,heap      ] GC(34) Archive regions: 2->2
[2020-10-24T05:44:18.598+0000][7][gc,heap      ] GC(34) Humongous regions: 15->15
[2020-10-24T05:44:18.598+0000][7][gc,metaspace ] GC(34) Metaspace: 91002K(98468K)->91002K(98468K) NonClass: 78802K(83160K)->78802K(83160K) Class: 12199K(15308K)->12199K(15308K)
[2020-10-24T05:44:18.598+0000][7][gc           ] GC(34) Pause Young (Concurrent Start) (G1 Evacuation Pause) 179M->104M(256M) 9.152ms
[2020-10-24T05:44:18.598+0000][7][gc,cpu       ] GC(34) User=0.04s Sys=0.00s Real=0.01s
[2020-10-24T05:44:18.598+0000][7][gc           ] GC(35) Concurrent Cycle
[2020-10-24T05:44:18.599+0000][7][safepoint    ] Safepoint "G1CollectForAllocation", Time since last: 217660400 ns, Reaching safepoint: 324900 ns, At safepoint: 9595300 ns, Total: 9920200 ns
[2020-10-24T05:44:18.599+0000][7][gc,marking   ] GC(35) Concurrent Clear Claimed Marks
[2020-10-24T05:44:18.601+0000][7][gc,marking   ] GC(35) Concurrent Clear Claimed Marks 2.016ms
[2020-10-24T05:44:18.601+0000][7][gc,marking   ] GC(35) Concurrent Scan Root Regions
[2020-10-24T05:44:18.606+0000][7][gc,marking   ] GC(35) Concurrent Scan Root Regions 4.592ms
[2020-10-24T05:44:18.606+0000][7][gc,marking   ] GC(35) Concurrent Mark (15.972s)
[2020-10-24T05:44:18.606+0000][7][gc,marking   ] GC(35) Concurrent Mark From Roots
[2020-10-24T05:44:18.606+0000][7][gc,task      ] GC(35) Using 3 workers of 3 for marking
[2020-10-24T05:44:18.692+0000][7][gc,marking   ] GC(35) Concurrent Mark From Roots 86.077ms
[2020-10-24T05:44:18.692+0000][7][gc,marking   ] GC(35) Concurrent Preclean
[2020-10-24T05:44:18.693+0000][7][gc,marking   ] GC(35) Concurrent Preclean 0.634ms
[2020-10-24T05:44:18.693+0000][7][gc,marking   ] GC(35) Concurrent Mark (15.972s, 16.060s) 87.391ms
[2020-10-24T05:44:18.694+0000][7][gc,start     ] GC(35) Pause Remark
[2020-10-24T05:44:18.698+0000][7][gc           ] GC(35) Pause Remark 124M->123M(256M) 4.662ms
[2020-10-24T05:44:18.699+0000][7][gc,cpu       ] GC(35) User=0.03s Sys=0.00s Real=0.01s
[2020-10-24T05:44:18.699+0000][7][safepoint    ] Safepoint "G1Concurrent", Time since last: 94897200 ns, Reaching safepoint: 237000 ns, At safepoint: 5241600 ns, Total: 5478600 ns
[2020-10-24T05:44:18.699+0000][7][gc,marking   ] GC(35) Concurrent Rebuild Remembered Sets
[2020-10-24T05:44:18.747+0000][7][gc,marking   ] GC(35) Concurrent Rebuild Remembered Sets 47.953ms
[2020-10-24T05:44:18.748+0000][7][gc,start     ] GC(35) Pause Cleanup
[2020-10-24T05:44:18.748+0000][7][gc           ] GC(35) Pause Cleanup 134M->134M(256M) 0.486ms
[2020-10-24T05:44:18.749+0000][7][gc,cpu       ] GC(35) User=0.00s Sys=0.00s Real=0.00s
[2020-10-24T05:44:18.749+0000][7][safepoint    ] Safepoint "G1Concurrent", Time since last: 48591600 ns, Reaching safepoint: 281200 ns, At safepoint: 914700 ns, Total: 1195900 ns
[2020-10-24T05:44:18.749+0000][7][gc,marking   ] GC(35) Concurrent Cleanup for Next Mark
[2020-10-24T05:44:18.750+0000][7][gc,marking   ] GC(35) Concurrent Cleanup for Next Mark 0.745ms
[2020-10-24T05:44:18.750+0000][7][gc           ] GC(35) Concurrent Cycle 151.490ms
[2020-10-24T05:44:18.899+0000][7][gc,start     ] GC(36) Pause Young (Normal) (G1 Evacuation Pause)
[2020-10-24T05:44:18.900+0000][7][gc,task      ] GC(36) Using 6 workers of 10 for evacuation
[2020-10-24T05:44:18.900+0000][7][gc,age       ] GC(36) Desired survivor size 5767168 bytes, new threshold 3 (max threshold 15)
[2020-10-24T05:44:18.905+0000][7][gc,age       ] GC(36) Age table with threshold 3 (max threshold 15)
[2020-10-24T05:44:18.906+0000][7][gc,age       ] GC(36) - age   1:    2995480 bytes,    2995480 total
[2020-10-24T05:44:18.906+0000][7][gc,age       ] GC(36) - age   2:    2188888 bytes,    5184368 total
[2020-10-24T05:44:18.906+0000][7][gc,age       ] GC(36) - age   3:    1928824 bytes,    7113192 total
[2020-10-24T05:44:18.906+0000][7][gc,phases    ] GC(36)   Pre Evacuate Collection Set: 0.1ms
[2020-10-24T05:44:18.906+0000][7][gc,phases    ] GC(36)   Merge Heap Roots: 0.1ms
[2020-10-24T05:44:18.906+0000][7][gc,phases    ] GC(36)   Evacuate Collection Set: 4.2ms
[2020-10-24T05:44:18.906+0000][7][gc,phases    ] GC(36)   Post Evacuate Collection Set: 0.7ms
[2020-10-24T05:44:18.907+0000][7][gc,phases    ] GC(36)   Other: 1.7ms
[2020-10-24T05:44:18.907+0000][7][gc,heap      ] GC(36) Eden regions: 76->0(75)
[2020-10-24T05:44:18.907+0000][7][gc,heap      ] GC(36) Survivor regions: 7->7(11)
[2020-10-24T05:44:18.907+0000][7][gc,heap      ] GC(36) Old regions: 81->83
[2020-10-24T05:44:18.907+0000][7][gc,heap      ] GC(36) Archive regions: 2->2
[2020-10-24T05:44:18.907+0000][7][gc,heap      ] GC(36) Humongous regions: 15->15
[2020-10-24T05:44:18.907+0000][7][gc,metaspace ] GC(36) Metaspace: 91087K(98468K)->91087K(98468K) NonClass: 78887K(83160K)->78887K(83160K) Class: 12199K(15308K)->12199K(15308K)
[2020-10-24T05:44:18.908+0000][7][gc           ] GC(36) Pause Young (Normal) (G1 Evacuation Pause) 179M->105M(256M) 8.436ms
[2020-10-24T05:44:18.908+0000][7][gc,cpu       ] GC(36) User=0.03s Sys=0.00s Real=0.01s
[2020-10-24T05:44:18.908+0000][7][safepoint    ] Safepoint "G1CollectForAllocation", Time since last: 150090100 ns, Reaching safepoint: 369000 ns, At safepoint: 8863300 ns, Total: 9232300 ns
[2020-10-24T05:44:19.072+0000][7][gc,start     ] GC(37) Pause Young (Concurrent Start) (G1 Evacuation Pause)
[2020-10-24T05:44:19.072+0000][7][gc,task      ] GC(37) Using 6 workers of 10 for evacuation
[2020-10-24T05:44:19.072+0000][7][gc,age       ] GC(37) Desired survivor size 5767168 bytes, new threshold 3 (max threshold 15)
[2020-10-24T05:44:19.077+0000][7][gc,age       ] GC(37) Age table with threshold 3 (max threshold 15)
[2020-10-24T05:44:19.077+0000][7][gc,age       ] GC(37) - age   1:    3571504 bytes,    3571504 total
[2020-10-24T05:44:19.077+0000][7][gc,age       ] GC(37) - age   2:    2254696 bytes,    5826200 total
[2020-10-24T05:44:19.077+0000][7][gc,age       ] GC(37) - age   3:    2150096 bytes,    7976296 total
[2020-10-24T05:44:19.077+0000][7][gc,phases    ] GC(37)   Pre Evacuate Collection Set: 0.5ms
[2020-10-24T05:44:19.077+0000][7][gc,phases    ] GC(37)   Merge Heap Roots: 0.1ms
[2020-10-24T05:44:19.077+0000][7][gc,phases    ] GC(37)   Evacuate Collection Set: 3.1ms
[2020-10-24T05:44:19.078+0000][7][gc,phases    ] GC(37)   Post Evacuate Collection Set: 0.6ms
[2020-10-24T05:44:19.078+0000][7][gc,phases    ] GC(37)   Other: 1.2ms
[2020-10-24T05:44:19.078+0000][7][gc,heap      ] GC(37) Eden regions: 75->0(72)
[2020-10-24T05:44:19.078+0000][7][gc,heap      ] GC(37) Survivor regions: 7->8(11)
[2020-10-24T05:44:19.078+0000][7][gc,heap      ] GC(37) Old regions: 83->85
[2020-10-24T05:44:19.078+0000][7][gc,heap      ] GC(37) Archive regions: 2->2
[2020-10-24T05:44:19.078+0000][7][gc,heap      ] GC(37) Humongous regions: 15->15
[2020-10-24T05:44:19.078+0000][7][gc,metaspace ] GC(37) Metaspace: 92240K(99876K)->92240K(99876K) NonClass: 79909K(84440K)->79909K(84440K) Class: 12330K(15436K)->12330K(15436K)
[2020-10-24T05:44:19.079+0000][7][gc           ] GC(37) Pause Young (Concurrent Start) (G1 Evacuation Pause) 180M->108M(256M) 6.864ms
[2020-10-24T05:44:19.079+0000][7][gc,cpu       ] GC(37) User=0.02s Sys=0.00s Real=0.01s
[2020-10-24T05:44:19.079+0000][7][gc           ] GC(38) Concurrent Cycle
[2020-10-24T05:44:19.079+0000][7][safepoint    ] Safepoint "G1CollectForAllocation", Time since last: 163330200 ns, Reaching safepoint: 251500 ns, At safepoint: 7263700 ns, Total: 7515200 ns
[2020-10-24T05:44:19.079+0000][7][gc,marking   ] GC(38) Concurrent Clear Claimed Marks
[2020-10-24T05:44:19.080+0000][7][gc,marking   ] GC(38) Concurrent Clear Claimed Marks 1.233ms
[2020-10-24T05:44:19.080+0000][7][gc,marking   ] GC(38) Concurrent Scan Root Regions
[2020-10-24T05:44:19.083+0000][7][gc,marking   ] GC(38) Concurrent Scan Root Regions 2.788ms
[2020-10-24T05:44:19.084+0000][7][gc,marking   ] GC(38) Concurrent Mark (16.450s)
[2020-10-24T05:44:19.084+0000][7][gc,marking   ] GC(38) Concurrent Mark From Roots
[2020-10-24T05:44:19.084+0000][7][gc,task      ] GC(38) Using 3 workers of 3 for marking
[2020-10-24T05:44:19.152+0000][7][gc,marking   ] GC(38) Concurrent Mark From Roots 68.392ms
[2020-10-24T05:44:19.152+0000][7][gc,marking   ] GC(38) Concurrent Preclean
[2020-10-24T05:44:19.153+0000][7][gc,marking   ] GC(38) Concurrent Preclean 0.668ms
[2020-10-24T05:44:19.153+0000][7][gc,marking   ] GC(38) Concurrent Mark (16.450s, 16.520s) 69.806ms
[2020-10-24T05:44:19.155+0000][7][gc,start     ] GC(38) Pause Remark
[2020-10-24T05:44:19.163+0000][7][gc           ] GC(38) Pause Remark 136M->136M(256M) 7.781ms
[2020-10-24T05:44:19.164+0000][7][gc,cpu       ] GC(38) User=0.03s Sys=0.00s Real=0.01s
[2020-10-24T05:44:19.164+0000][7][safepoint    ] Safepoint "G1Concurrent", Time since last: 76279600 ns, Reaching safepoint: 282400 ns, At safepoint: 8249500 ns, Total: 8531900 ns
[2020-10-24T05:44:19.164+0000][7][gc,marking   ] GC(38) Concurrent Rebuild Remembered Sets
[2020-10-24T05:44:19.219+0000][7][gc,marking   ] GC(38) Concurrent Rebuild Remembered Sets 54.709ms
[2020-10-24T05:44:19.220+0000][7][gc,start     ] GC(38) Pause Cleanup
[2020-10-24T05:44:19.220+0000][7][gc           ] GC(38) Pause Cleanup 155M->155M(256M) 0.430ms
[2020-10-24T05:44:19.221+0000][7][gc,cpu       ] GC(38) User=0.00s Sys=0.00s Real=0.00s
[2020-10-24T05:44:19.221+0000][7][safepoint    ] Safepoint "G1Concurrent", Time since last: 56087900 ns, Reaching safepoint: 258300 ns, At safepoint: 790400 ns, Total: 1048700 ns
[2020-10-24T05:44:19.221+0000][7][gc,marking   ] GC(38) Concurrent Cleanup for Next Mark
[2020-10-24T05:44:19.222+0000][7][gc,marking   ] GC(38) Concurrent Cleanup for Next Mark 0.876ms
[2020-10-24T05:44:19.222+0000][7][gc           ] GC(38) Concurrent Cycle 143.494ms
[2020-10-24T05:44:19.280+0000][7][gc,start     ] GC(39) Pause Young (Normal) (G1 Evacuation Pause)
[2020-10-24T05:44:19.280+0000][7][gc,task      ] GC(39) Using 6 workers of 10 for evacuation
[2020-10-24T05:44:19.280+0000][7][gc,age       ] GC(39) Desired survivor size 5242880 bytes, new threshold 2 (max threshold 15)
[2020-10-24T05:44:19.284+0000][7][gc,age       ] GC(39) Age table with threshold 2 (max threshold 15)
[2020-10-24T05:44:19.285+0000][7][gc,age       ] GC(39) - age   1:    2854304 bytes,    2854304 total
[2020-10-24T05:44:19.285+0000][7][gc,age       ] GC(39) - age   2:    2716392 bytes,    5570696 total
[2020-10-24T05:44:19.285+0000][7][gc,phases    ] GC(39)   Pre Evacuate Collection Set: 0.1ms
[2020-10-24T05:44:19.285+0000][7][gc,phases    ] GC(39)   Merge Heap Roots: 0.1ms
[2020-10-24T05:44:19.285+0000][7][gc,phases    ] GC(39)   Evacuate Collection Set: 3.4ms
[2020-10-24T05:44:19.285+0000][7][gc,phases    ] GC(39)   Post Evacuate Collection Set: 0.8ms
[2020-10-24T05:44:19.285+0000][7][gc,phases    ] GC(39)   Other: 1.0ms
[2020-10-24T05:44:19.286+0000][7][gc,heap      ] GC(39) Eden regions: 72->0(70)
[2020-10-24T05:44:19.286+0000][7][gc,heap      ] GC(39) Survivor regions: 8->6(10)
[2020-10-24T05:44:19.286+0000][7][gc,heap      ] GC(39) Old regions: 85->89
[2020-10-24T05:44:19.286+0000][7][gc,heap      ] GC(39) Archive regions: 2->2
[2020-10-24T05:44:19.286+0000][7][gc,heap      ] GC(39) Humongous regions: 15->15
[2020-10-24T05:44:19.286+0000][7][gc,metaspace ] GC(39) Metaspace: 92751K(100132K)->92751K(100132K) NonClass: 80351K(84696K)->80351K(84696K) Class: 12400K(15436K)->12400K(15436K)
[2020-10-24T05:44:19.286+0000][7][gc           ] GC(39) Pause Young (Normal) (G1 Evacuation Pause) 180M->110M(256M) 6.925ms
[2020-10-24T05:44:19.287+0000][7][gc,cpu       ] GC(39) User=0.02s Sys=0.00s Real=0.00s
[2020-10-24T05:44:19.287+0000][7][safepoint    ] Safepoint "G1CollectForAllocation", Time since last: 58415600 ns, Reaching safepoint: 260800 ns, At safepoint: 7306800 ns, Total: 7567600 ns
[2020-10-24T05:44:19.350+0000][7][safepoint    ] Safepoint "BulkRevokeBias", Time since last: 62683300 ns, Reaching safepoint: 212600 ns, At safepoint: 565300 ns, Total: 777900 ns
[2020-10-24T05:44:19.465+0000][7][safepoint    ] Safepoint "ICBufferFull", Time since last: 113882400 ns, Reaching safepoint: 262900 ns, At safepoint: 80500 ns, Total: 343400 ns
[2020-10-24T05:44:19.480+0000][7][gc,start     ] GC(40) Pause Young (Concurrent Start) (G1 Evacuation Pause)
[2020-10-24T05:44:19.480+0000][7][gc,task      ] GC(40) Using 6 workers of 10 for evacuation
[2020-10-24T05:44:19.480+0000][7][gc,age       ] GC(40) Desired survivor size 5242880 bytes, new threshold 2 (max threshold 15)
[2020-10-24T05:44:19.486+0000][7][gc,age       ] GC(40) Age table with threshold 2 (max threshold 15)
[2020-10-24T05:44:19.486+0000][7][gc,age       ] GC(40) - age   1:    2942032 bytes,    2942032 total
[2020-10-24T05:44:19.487+0000][7][gc,age       ] GC(40) - age   2:    1845280 bytes,    4787312 total
[2020-10-24T05:44:19.487+0000][7][gc,phases    ] GC(40)   Pre Evacuate Collection Set: 0.6ms
[2020-10-24T05:44:19.488+0000][7][gc,phases    ] GC(40)   Merge Heap Roots: 0.1ms
[2020-10-24T05:44:19.488+0000][7][gc,phases    ] GC(40)   Evacuate Collection Set: 3.7ms
[2020-10-24T05:44:19.488+0000][7][gc,phases    ] GC(40)   Post Evacuate Collection Set: 1.0ms
[2020-10-24T05:44:19.488+0000][7][gc,phases    ] GC(40)   Other: 2.1ms
[2020-10-24T05:44:19.488+0000][7][gc,heap      ] GC(40) Eden regions: 70->0(68)
[2020-10-24T05:44:19.488+0000][7][gc,heap      ] GC(40) Survivor regions: 6->6(10)
[2020-10-24T05:44:19.488+0000][7][gc,heap      ] GC(40) Old regions: 89->92
[2020-10-24T05:44:19.488+0000][7][gc,heap      ] GC(40) Archive regions: 2->2
[2020-10-24T05:44:19.489+0000][7][gc,heap      ] GC(40) Humongous regions: 15->15
[2020-10-24T05:44:19.489+0000][7][gc,metaspace ] GC(40) Metaspace: 93283K(100772K)->93283K(100772K) NonClass: 80805K(85208K)->80805K(85208K) Class: 12477K(15564K)->12477K(15564K)
[2020-10-24T05:44:19.489+0000][7][gc           ] GC(40) Pause Young (Concurrent Start) (G1 Evacuation Pause) 180M->112M(256M) 9.040ms
[2020-10-24T05:44:19.489+0000][7][gc,cpu       ] GC(40) User=0.04s Sys=0.00s Real=0.01s
[2020-10-24T05:44:19.489+0000][7][gc           ] GC(41) Concurrent Cycle
[2020-10-24T05:44:19.489+0000][7][safepoint    ] Safepoint "G1CollectForAllocation", Time since last: 14896100 ns, Reaching safepoint: 316400 ns, At safepoint: 9528700 ns, Total: 9845100 ns
[2020-10-24T05:44:19.489+0000][7][gc,marking   ] GC(41) Concurrent Clear Claimed Marks
[2020-10-24T05:44:19.491+0000][7][gc,marking   ] GC(41) Concurrent Clear Claimed Marks 1.933ms
[2020-10-24T05:44:19.492+0000][7][gc,marking   ] GC(41) Concurrent Scan Root Regions
[2020-10-24T05:44:19.498+0000][7][gc,marking   ] GC(41) Concurrent Scan Root Regions 5.567ms
[2020-10-24T05:44:19.498+0000][7][gc,marking   ] GC(41) Concurrent Mark (16.864s)
[2020-10-24T05:44:19.498+0000][7][gc,marking   ] GC(41) Concurrent Mark From Roots
[2020-10-24T05:44:19.501+0000][7][gc,task      ] GC(41) Using 3 workers of 3 for marking
[2020-10-24T05:44:19.601+0000][7][gc,marking   ] GC(41) Concurrent Mark From Roots 102.787ms
[2020-10-24T05:44:19.601+0000][7][gc,marking   ] GC(41) Concurrent Preclean
[2020-10-24T05:44:19.602+0000][7][gc,marking   ] GC(41) Concurrent Preclean 0.814ms
[2020-10-24T05:44:19.603+0000][7][gc,marking   ] GC(41) Concurrent Mark (16.864s, 16.969s) 104.688ms
[2020-10-24T05:44:19.605+0000][7][gc,start     ] GC(41) Pause Remark
[2020-10-24T05:44:19.612+0000][7][gc           ] GC(41) Pause Remark 150M->150M(256M) 6.429ms
[2020-10-24T05:44:19.612+0000][7][gc,cpu       ] GC(41) User=0.04s Sys=0.00s Real=0.01s
[2020-10-24T05:44:19.612+0000][7][safepoint    ] Safepoint "G1Concurrent", Time since last: 115848600 ns, Reaching safepoint: 328800 ns, At safepoint: 6890700 ns, Total: 7219500 ns
[2020-10-24T05:44:19.613+0000][7][gc,marking   ] GC(41) Concurrent Rebuild Remembered Sets
[2020-10-24T05:44:19.666+0000][7][gc,marking   ] GC(41) Concurrent Rebuild Remembered Sets 53.325ms
[2020-10-24T05:44:19.668+0000][7][gc,start     ] GC(41) Pause Cleanup
[2020-10-24T05:44:19.668+0000][7][gc           ] GC(41) Pause Cleanup 169M->169M(256M) 0.530ms
[2020-10-24T05:44:19.668+0000][7][gc,cpu       ] GC(41) User=0.00s Sys=0.00s Real=0.00s
[2020-10-24T05:44:19.668+0000][7][safepoint    ] Safepoint "G1Concurrent", Time since last: 54453600 ns, Reaching safepoint: 722400 ns, At safepoint: 948200 ns, Total: 1670600 ns
[2020-10-24T05:44:19.669+0000][7][gc,marking   ] GC(41) Concurrent Cleanup for Next Mark
[2020-10-24T05:44:19.669+0000][7][gc,marking   ] GC(41) Concurrent Cleanup for Next Mark 0.713ms
[2020-10-24T05:44:19.670+0000][7][gc           ] GC(41) Concurrent Cycle 180.441ms
[2020-10-24T05:44:19.701+0000][7][gc,start     ] GC(42) Pause Young (Normal) (G1 Evacuation Pause)
[2020-10-24T05:44:19.701+0000][7][gc,task      ] GC(42) Using 6 workers of 10 for evacuation
[2020-10-24T05:44:19.701+0000][7][gc,age       ] GC(42) Desired survivor size 5242880 bytes, new threshold 15 (max threshold 15)
[2020-10-24T05:44:19.705+0000][7][gc,age       ] GC(42) Age table with threshold 15 (max threshold 15)
[2020-10-24T05:44:19.706+0000][7][gc,age       ] GC(42) - age   1:    3276056 bytes,    3276056 total
[2020-10-24T05:44:19.706+0000][7][gc,age       ] GC(42) - age   2:    2421408 bytes,    5697464 total
[2020-10-24T05:44:19.706+0000][7][gc,age       ] GC(42) - age   3:    1793600 bytes,    7491064 total
[2020-10-24T05:44:19.706+0000][7][gc,phases    ] GC(42)   Pre Evacuate Collection Set: 0.1ms
[2020-10-24T05:44:19.706+0000][7][gc,phases    ] GC(42)   Merge Heap Roots: 0.1ms
[2020-10-24T05:44:19.706+0000][7][gc,phases    ] GC(42)   Evacuate Collection Set: 3.0ms
[2020-10-24T05:44:19.706+0000][7][gc,phases    ] GC(42)   Post Evacuate Collection Set: 0.8ms
[2020-10-24T05:44:19.707+0000][7][gc,phases    ] GC(42)   Other: 1.3ms
[2020-10-24T05:44:19.707+0000][7][gc,heap      ] GC(42) Eden regions: 68->0(66)
[2020-10-24T05:44:19.707+0000][7][gc,heap      ] GC(42) Survivor regions: 6->8(10)
[2020-10-24T05:44:19.707+0000][7][gc,heap      ] GC(42) Old regions: 92->92
[2020-10-24T05:44:19.707+0000][7][gc,heap      ] GC(42) Archive regions: 2->2
[2020-10-24T05:44:19.707+0000][7][gc,heap      ] GC(42) Humongous regions: 15->15
[2020-10-24T05:44:19.707+0000][7][gc,metaspace ] GC(42) Metaspace: 93309K(100772K)->93309K(100772K) NonClass: 80830K(85208K)->80830K(85208K) Class: 12479K(15564K)->12479K(15564K)
[2020-10-24T05:44:19.707+0000][7][gc           ] GC(42) Pause Young (Normal) (G1 Evacuation Pause) 180M->114M(256M) 6.518ms
[2020-10-24T05:44:19.708+0000][7][gc,cpu       ] GC(42) User=0.04s Sys=0.00s Real=0.01s
[2020-10-24T05:44:19.708+0000][7][safepoint    ] Safepoint "G1CollectForAllocation", Time since last: 32106300 ns, Reaching safepoint: 245700 ns, At safepoint: 6930200 ns, Total: 7175900 ns
[2020-10-24T05:44:19.888+0000][7][safepoint    ] Safepoint "ICBufferFull", Time since last: 179611000 ns, Reaching safepoint: 336400 ns, At safepoint: 66300 ns, Total: 402700 ns
[2020-10-24T05:44:19.889+0000][7][safepoint    ] Safepoint "BulkRevokeBias", Time since last: 813200 ns, Reaching safepoint: 223100 ns, At safepoint: 616000 ns, Total: 839100 ns
[2020-10-24T05:44:19.975+0000][7][gc,start     ] GC(43) Pause Young (Concurrent Start) (G1 Evacuation Pause)
[2020-10-24T05:44:19.975+0000][7][gc,task      ] GC(43) Using 6 workers of 10 for evacuation
[2020-10-24T05:44:19.975+0000][7][gc,age       ] GC(43) Desired survivor size 5242880 bytes, new threshold 2 (max threshold 15)
[2020-10-24T05:44:19.980+0000][7][gc,age       ] GC(43) Age table with threshold 2 (max threshold 15)
[2020-10-24T05:44:19.980+0000][7][gc,age       ] GC(43) - age   1:    1850536 bytes,    1850536 total
[2020-10-24T05:44:19.980+0000][7][gc,age       ] GC(43) - age   2:    2967032 bytes,    4817568 total
[2020-10-24T05:44:19.981+0000][7][gc,phases    ] GC(43)   Pre Evacuate Collection Set: 0.7ms
[2020-10-24T05:44:19.981+0000][7][gc,phases    ] GC(43)   Merge Heap Roots: 0.1ms
[2020-10-24T05:44:19.981+0000][7][gc,phases    ] GC(43)   Evacuate Collection Set: 3.4ms
[2020-10-24T05:44:19.981+0000][7][gc,phases    ] GC(43)   Post Evacuate Collection Set: 0.8ms
[2020-10-24T05:44:19.981+0000][7][gc,phases    ] GC(43)   Other: 1.1ms
[2020-10-24T05:44:19.981+0000][7][gc,heap      ] GC(43) Eden regions: 66->0(65)
[2020-10-24T05:44:19.981+0000][7][gc,heap      ] GC(43) Survivor regions: 8->5(10)
[2020-10-24T05:44:19.981+0000][7][gc,heap      ] GC(43) Old regions: 92->96
[2020-10-24T05:44:19.982+0000][7][gc,heap      ] GC(43) Archive regions: 2->2
[2020-10-24T05:44:19.982+0000][7][gc,heap      ] GC(43) Humongous regions: 15->15
[2020-10-24T05:44:19.982+0000][7][gc,metaspace ] GC(43) Metaspace: 93465K(101028K)->93465K(101028K) NonClass: 80984K(85464K)->80984K(85464K) Class: 12480K(15564K)->12480K(15564K)
[2020-10-24T05:44:19.982+0000][7][gc           ] GC(43) Pause Young (Concurrent Start) (G1 Evacuation Pause) 180M->116M(256M) 7.268ms
[2020-10-24T05:44:19.982+0000][7][gc,cpu       ] GC(43) User=0.04s Sys=0.00s Real=0.01s
[2020-10-24T05:44:19.982+0000][7][gc           ] GC(44) Concurrent Cycle
[2020-10-24T05:44:19.982+0000][7][gc,marking   ] GC(44) Concurrent Clear Claimed Marks
[2020-10-24T05:44:19.982+0000][7][safepoint    ] Safepoint "G1CollectForAllocation", Time since last: 84836700 ns, Reaching safepoint: 355800 ns, At safepoint: 7701800 ns, Total: 8057600 ns
[2020-10-24T05:44:19.983+0000][7][gc,marking   ] GC(44) Concurrent Clear Claimed Marks 0.817ms
[2020-10-24T05:44:19.983+0000][7][gc,marking   ] GC(44) Concurrent Scan Root Regions
[2020-10-24T05:44:19.985+0000][7][gc,marking   ] GC(44) Concurrent Scan Root Regions 1.765ms
[2020-10-24T05:44:19.985+0000][7][gc,marking   ] GC(44) Concurrent Mark (17.352s)
[2020-10-24T05:44:19.986+0000][7][gc,marking   ] GC(44) Concurrent Mark From Roots
[2020-10-24T05:44:19.986+0000][7][gc,task      ] GC(44) Using 3 workers of 3 for marking
[2020-10-24T05:44:20.053+0000][7][gc,marking   ] GC(44) Concurrent Mark From Roots 66.991ms
[2020-10-24T05:44:20.053+0000][7][gc,marking   ] GC(44) Concurrent Preclean
[2020-10-24T05:44:20.054+0000][7][gc,marking   ] GC(44) Concurrent Preclean 0.584ms
[2020-10-24T05:44:20.054+0000][7][gc,marking   ] GC(44) Concurrent Mark (17.352s, 17.420s) 68.482ms
[2020-10-24T05:44:20.054+0000][7][gc,start     ] GC(44) Pause Remark
[2020-10-24T05:44:20.061+0000][7][gc           ] GC(44) Pause Remark 135M->135M(256M) 6.178ms
[2020-10-24T05:44:20.061+0000][7][gc,cpu       ] GC(44) User=0.04s Sys=0.00s Real=0.01s
[2020-10-24T05:44:20.061+0000][7][safepoint    ] Safepoint "G1Concurrent", Time since last: 71783000 ns, Reaching safepoint: 261000 ns, At safepoint: 6734400 ns, Total: 6995400 ns
[2020-10-24T05:44:20.063+0000][7][gc,marking   ] GC(44) Concurrent Rebuild Remembered Sets
[2020-10-24T05:44:20.112+0000][7][gc,marking   ] GC(44) Concurrent Rebuild Remembered Sets 48.357ms
[2020-10-24T05:44:20.112+0000][7][gc,start     ] GC(44) Pause Cleanup
[2020-10-24T05:44:20.113+0000][7][gc           ] GC(44) Pause Cleanup 151M->151M(256M) 0.442ms
[2020-10-24T05:44:20.113+0000][7][gc,cpu       ] GC(44) User=0.00s Sys=0.00s Real=0.00s
[2020-10-24T05:44:20.113+0000][7][safepoint    ] Safepoint "G1Concurrent", Time since last: 50977800 ns, Reaching safepoint: 267600 ns, At safepoint: 842400 ns, Total: 1110000 ns
[2020-10-24T05:44:20.113+0000][7][gc,marking   ] GC(44) Concurrent Cleanup for Next Mark
[2020-10-24T05:44:20.114+0000][7][gc,marking   ] GC(44) Concurrent Cleanup for Next Mark 0.856ms
[2020-10-24T05:44:20.115+0000][7][gc           ] GC(44) Concurrent Cycle 132.953ms
[2020-10-24T05:44:20.202+0000][7][gc,start     ] GC(45) Pause Young (Normal) (G1 Evacuation Pause)
[2020-10-24T05:44:20.202+0000][7][gc,task      ] GC(45) Using 6 workers of 10 for evacuation
[2020-10-24T05:44:20.202+0000][7][gc,age       ] GC(45) Desired survivor size 4718592 bytes, new threshold 2 (max threshold 15)
[2020-10-24T05:44:20.208+0000][7][gc,age       ] GC(45) Age table with threshold 2 (max threshold 15)
[2020-10-24T05:44:20.208+0000][7][gc,age       ] GC(45) - age   1:    1588576 bytes,    1588576 total
[2020-10-24T05:44:20.208+0000][7][gc,age       ] GC(45) - age   2:    1325928 bytes,    2914504 total
[2020-10-24T05:44:20.208+0000][7][gc,phases    ] GC(45)   Pre Evacuate Collection Set: 0.1ms
[2020-10-24T05:44:20.209+0000][7][gc,phases    ] GC(45)   Merge Heap Roots: 0.1ms
[2020-10-24T05:44:20.209+0000][7][gc,phases    ] GC(45)   Evacuate Collection Set: 4.7ms
[2020-10-24T05:44:20.209+0000][7][gc,phases    ] GC(45)   Post Evacuate Collection Set: 0.7ms
[2020-10-24T05:44:20.209+0000][7][gc,phases    ] GC(45)   Other: 1.2ms
[2020-10-24T05:44:20.209+0000][7][gc,heap      ] GC(45) Eden regions: 65->0(64)
[2020-10-24T05:44:20.209+0000][7][gc,heap      ] GC(45) Survivor regions: 5->4(9)
[2020-10-24T05:44:20.209+0000][7][gc,heap      ] GC(45) Old regions: 96->99
[2020-10-24T05:44:20.209+0000][7][gc,heap      ] GC(45) Archive regions: 2->2
[2020-10-24T05:44:20.210+0000][7][gc,heap      ] GC(45) Humongous regions: 15->15
[2020-10-24T05:44:20.210+0000][7][gc,metaspace ] GC(45) Metaspace: 93629K(101284K)->93629K(101284K) NonClass: 81141K(85720K)->81141K(85720K) Class: 12488K(15564K)->12488K(15564K)
[2020-10-24T05:44:20.210+0000][7][gc           ] GC(45) Pause Young (Normal) (G1 Evacuation Pause) 181M->117M(256M) 8.167ms
[2020-10-24T05:44:20.210+0000][7][gc,cpu       ] GC(45) User=0.04s Sys=0.00s Real=0.01s
[2020-10-24T05:44:20.210+0000][7][safepoint    ] Safepoint "G1CollectForAllocation", Time since last: 88215000 ns, Reaching safepoint: 283000 ns, At safepoint: 8509800 ns, Total: 8792800 ns
[2020-10-24T05:44:20.282+0000][7][safepoint    ] Safepoint "BulkRevokeBias", Time since last: 70949100 ns, Reaching safepoint: 275300 ns, At safepoint: 580700 ns, Total: 856000 ns
[2020-10-24T05:44:20.436+0000][7][gc,start     ] GC(46) Pause Young (Concurrent Start) (G1 Evacuation Pause)
[2020-10-24T05:44:20.436+0000][7][gc,task      ] GC(46) Using 6 workers of 10 for evacuation
[2020-10-24T05:44:20.436+0000][7][gc,age       ] GC(46) Desired survivor size 4718592 bytes, new threshold 15 (max threshold 15)
[2020-10-24T05:44:20.440+0000][7][gc,age       ] GC(46) Age table with threshold 15 (max threshold 15)
[2020-10-24T05:44:20.441+0000][7][gc,age       ] GC(46) - age   1:    3143248 bytes,    3143248 total
[2020-10-24T05:44:20.441+0000][7][gc,age       ] GC(46) - age   2:    1372112 bytes,    4515360 total
[2020-10-24T05:44:20.441+0000][7][gc,age       ] GC(46) - age   3:    1161152 bytes,    5676512 total
[2020-10-24T05:44:20.441+0000][7][gc,phases    ] GC(46)   Pre Evacuate Collection Set: 0.5ms
[2020-10-24T05:44:20.441+0000][7][gc,phases    ] GC(46)   Merge Heap Roots: 0.1ms
[2020-10-24T05:44:20.441+0000][7][gc,phases    ] GC(46)   Evacuate Collection Set: 2.7ms
[2020-10-24T05:44:20.441+0000][7][gc,phases    ] GC(46)   Post Evacuate Collection Set: 0.7ms
[2020-10-24T05:44:20.441+0000][7][gc,phases    ] GC(46)   Other: 1.2ms
[2020-10-24T05:44:20.442+0000][7][gc,heap      ] GC(46) Eden regions: 64->0(62)
[2020-10-24T05:44:20.442+0000][7][gc,heap      ] GC(46) Survivor regions: 4->6(9)
[2020-10-24T05:44:20.442+0000][7][gc,heap      ] GC(46) Old regions: 99->99
[2020-10-24T05:44:20.442+0000][7][gc,heap      ] GC(46) Archive regions: 2->2
[2020-10-24T05:44:20.442+0000][7][gc,heap      ] GC(46) Humongous regions: 15->15
[2020-10-24T05:44:20.442+0000][7][gc,metaspace ] GC(46) Metaspace: 93941K(101540K)->93941K(101540K) NonClass: 81413K(85976K)->81413K(85976K) Class: 12528K(15564K)->12528K(15564K)
[2020-10-24T05:44:20.442+0000][7][gc           ] GC(46) Pause Young (Concurrent Start) (G1 Evacuation Pause) 181M->119M(256M) 6.454ms
[2020-10-24T05:44:20.442+0000][7][gc,cpu       ] GC(46) User=0.02s Sys=0.00s Real=0.01s
[2020-10-24T05:44:20.443+0000][7][gc           ] GC(47) Concurrent Cycle
[2020-10-24T05:44:20.443+0000][7][safepoint    ] Safepoint "G1CollectForAllocation", Time since last: 153516400 ns, Reaching safepoint: 271600 ns, At safepoint: 6867100 ns, Total: 7138700 ns
[2020-10-24T05:44:20.443+0000][7][gc,marking   ] GC(47) Concurrent Clear Claimed Marks
[2020-10-24T05:44:20.444+0000][7][gc,marking   ] GC(47) Concurrent Clear Claimed Marks 0.870ms
[2020-10-24T05:44:20.444+0000][7][gc,marking   ] GC(47) Concurrent Scan Root Regions
[2020-10-24T05:44:20.445+0000][7][gc,marking   ] GC(47) Concurrent Scan Root Regions 1.795ms
[2020-10-24T05:44:20.446+0000][7][gc,marking   ] GC(47) Concurrent Mark (17.812s)
[2020-10-24T05:44:20.446+0000][7][gc,marking   ] GC(47) Concurrent Mark From Roots
[2020-10-24T05:44:20.446+0000][7][gc,task      ] GC(47) Using 3 workers of 3 for marking
[2020-10-24T05:44:20.504+0000][7][gc,marking   ] GC(47) Concurrent Mark From Roots 58.331ms
[2020-10-24T05:44:20.504+0000][7][gc,marking   ] GC(47) Concurrent Preclean
[2020-10-24T05:44:20.505+0000][7][gc,marking   ] GC(47) Concurrent Preclean 0.549ms
[2020-10-24T05:44:20.505+0000][7][gc,marking   ] GC(47) Concurrent Mark (17.812s, 17.871s) 59.380ms
[2020-10-24T05:44:20.505+0000][7][gc,start     ] GC(47) Pause Remark
[2020-10-24T05:44:20.509+0000][7][gc           ] GC(47) Pause Remark 131M->131M(256M) 3.843ms
[2020-10-24T05:44:20.510+0000][7][gc,cpu       ] GC(47) User=0.04s Sys=0.00s Real=0.01s
[2020-10-24T05:44:20.510+0000][7][safepoint    ] Safepoint "G1Concurrent", Time since last: 62593000 ns, Reaching safepoint: 212100 ns, At safepoint: 4425900 ns, Total: 4638000 ns
[2020-10-24T05:44:20.510+0000][7][gc,marking   ] GC(47) Concurrent Rebuild Remembered Sets
[2020-10-24T05:44:20.554+0000][7][gc,marking   ] GC(47) Concurrent Rebuild Remembered Sets 43.467ms
[2020-10-24T05:44:20.555+0000][7][gc,start     ] GC(47) Pause Cleanup
[2020-10-24T05:44:20.555+0000][7][gc           ] GC(47) Pause Cleanup 144M->144M(256M) 0.401ms
[2020-10-24T05:44:20.555+0000][7][gc,cpu       ] GC(47) User=0.00s Sys=0.00s Real=0.00s
[2020-10-24T05:44:20.556+0000][7][safepoint    ] Safepoint "G1Concurrent", Time since last: 44117600 ns, Reaching safepoint: 771100 ns, At safepoint: 779200 ns, Total: 1550300 ns
[2020-10-24T05:44:20.556+0000][7][gc,marking   ] GC(47) Concurrent Cleanup for Next Mark
[2020-10-24T05:44:20.557+0000][7][gc,marking   ] GC(47) Concurrent Cleanup for Next Mark 0.918ms
[2020-10-24T05:44:20.557+0000][7][gc           ] GC(47) Concurrent Cycle 114.471ms
[2020-10-24T05:44:20.635+0000][7][gc,start     ] GC(48) Pause Young (Normal) (G1 Evacuation Pause)
[2020-10-24T05:44:20.635+0000][7][gc,task      ] GC(48) Using 6 workers of 10 for evacuation
[2020-10-24T05:44:20.635+0000][7][gc,age       ] GC(48) Desired survivor size 4718592 bytes, new threshold 3 (max threshold 15)
[2020-10-24T05:44:20.640+0000][7][gc,age       ] GC(48) Age table with threshold 3 (max threshold 15)
[2020-10-24T05:44:20.640+0000][7][gc,age       ] GC(48) - age   1:    3120600 bytes,    3120600 total
[2020-10-24T05:44:20.641+0000][7][gc,age       ] GC(48) - age   2:    2750384 bytes,    5870984 total
[2020-10-24T05:44:20.641+0000][7][gc,age       ] GC(48) - age   3:    1356888 bytes,    7227872 total
[2020-10-24T05:44:20.641+0000][7][gc,phases    ] GC(48)   Pre Evacuate Collection Set: 0.1ms
[2020-10-24T05:44:20.641+0000][7][gc,phases    ] GC(48)   Merge Heap Roots: 0.1ms
[2020-10-24T05:44:20.641+0000][7][gc,phases    ] GC(48)   Evacuate Collection Set: 3.7ms
[2020-10-24T05:44:20.641+0000][7][gc,phases    ] GC(48)   Post Evacuate Collection Set: 0.8ms
[2020-10-24T05:44:20.641+0000][7][gc,phases    ] GC(48)   Other: 1.2ms
[2020-10-24T05:44:20.641+0000][7][gc,heap      ] GC(48) Eden regions: 62->0(58)
[2020-10-24T05:44:20.642+0000][7][gc,heap      ] GC(48) Survivor regions: 6->8(9)
[2020-10-24T05:44:20.642+0000][7][gc,heap      ] GC(48) Old regions: 99->100
[2020-10-24T05:44:20.642+0000][7][gc,heap      ] GC(48) Archive regions: 2->2
[2020-10-24T05:44:20.642+0000][7][gc,heap      ] GC(48) Humongous regions: 15->15
[2020-10-24T05:44:20.642+0000][7][gc,metaspace ] GC(48) Metaspace: 94001K(101540K)->94001K(101540K) NonClass: 81473K(85976K)->81473K(85976K) Class: 12528K(15564K)->12528K(15564K)
[2020-10-24T05:44:20.642+0000][7][gc           ] GC(48) Pause Young (Normal) (G1 Evacuation Pause) 181M->122M(256M) 7.284ms
[2020-10-24T05:44:20.642+0000][7][gc,cpu       ] GC(48) User=0.05s Sys=0.00s Real=0.01s
[2020-10-24T05:44:20.643+0000][7][safepoint    ] Safepoint "G1CollectForAllocation", Time since last: 79159200 ns, Reaching safepoint: 212400 ns, At safepoint: 7727700 ns, Total: 7940100 ns
[2020-10-24T05:44:20.769+0000][7][gc,start     ] GC(49) Pause Young (Concurrent Start) (G1 Evacuation Pause)
[2020-10-24T05:44:20.770+0000][7][gc,task      ] GC(49) Using 6 workers of 10 for evacuation
[2020-10-24T05:44:20.770+0000][7][gc,age       ] GC(49) Desired survivor size 4718592 bytes, new threshold 2 (max threshold 15)
[2020-10-24T05:44:20.775+0000][7][gc,age       ] GC(49) Age table with threshold 2 (max threshold 15)
[2020-10-24T05:44:20.775+0000][7][gc,age       ] GC(49) - age   1:    1718680 bytes,    1718680 total
[2020-10-24T05:44:20.776+0000][7][gc,age       ] GC(49) - age   2:    2864720 bytes,    4583400 total
[2020-10-24T05:44:20.776+0000][7][gc,phases    ] GC(49)   Pre Evacuate Collection Set: 0.6ms
[2020-10-24T05:44:20.776+0000][7][gc,phases    ] GC(49)   Merge Heap Roots: 0.1ms
[2020-10-24T05:44:20.776+0000][7][gc,phases    ] GC(49)   Evacuate Collection Set: 3.9ms
[2020-10-24T05:44:20.776+0000][7][gc,phases    ] GC(49)   Post Evacuate Collection Set: 0.7ms
[2020-10-24T05:44:20.776+0000][7][gc,phases    ] GC(49)   Other: 1.1ms
[2020-10-24T05:44:20.776+0000][7][gc,heap      ] GC(49) Eden regions: 58->0(57)
[2020-10-24T05:44:20.776+0000][7][gc,heap      ] GC(49) Survivor regions: 8->6(9)
[2020-10-24T05:44:20.777+0000][7][gc,heap      ] GC(49) Old regions: 100->104
[2020-10-24T05:44:20.777+0000][7][gc,heap      ] GC(49) Archive regions: 2->2
[2020-10-24T05:44:20.777+0000][7][gc,heap      ] GC(49) Humongous regions: 15->15
[2020-10-24T05:44:20.777+0000][7][gc,metaspace ] GC(49) Metaspace: 94054K(101540K)->94054K(101540K) NonClass: 81525K(85976K)->81525K(85976K) Class: 12529K(15564K)->12529K(15564K)
[2020-10-24T05:44:20.777+0000][7][gc           ] GC(49) Pause Young (Concurrent Start) (G1 Evacuation Pause) 180M->124M(256M) 7.573ms
[2020-10-24T05:44:20.777+0000][7][gc,cpu       ] GC(49) User=0.02s Sys=0.00s Real=0.00s
[2020-10-24T05:44:20.777+0000][7][gc           ] GC(50) Concurrent Cycle
[2020-10-24T05:44:20.777+0000][7][safepoint    ] Safepoint "G1CollectForAllocation", Time since last: 126509600 ns, Reaching safepoint: 240600 ns, At safepoint: 7964800 ns, Total: 8205400 ns
[2020-10-24T05:44:20.777+0000][7][gc,marking   ] GC(50) Concurrent Clear Claimed Marks
[2020-10-24T05:44:20.778+0000][7][gc,marking   ] GC(50) Concurrent Clear Claimed Marks 0.919ms
[2020-10-24T05:44:20.779+0000][7][gc,marking   ] GC(50) Concurrent Scan Root Regions
[2020-10-24T05:44:20.781+0000][7][gc,marking   ] GC(50) Concurrent Scan Root Regions 2.012ms
[2020-10-24T05:44:20.781+0000][7][gc,marking   ] GC(50) Concurrent Mark (18.147s)
[2020-10-24T05:44:20.781+0000][7][gc,marking   ] GC(50) Concurrent Mark From Roots
[2020-10-24T05:44:20.781+0000][7][gc,task      ] GC(50) Using 3 workers of 3 for marking
[2020-10-24T05:44:20.837+0000][7][gc,marking   ] GC(50) Concurrent Mark From Roots 56.418ms
[2020-10-24T05:44:20.838+0000][7][gc,marking   ] GC(50) Concurrent Preclean
[2020-10-24T05:44:20.838+0000][7][gc,marking   ] GC(50) Concurrent Preclean 0.549ms
[2020-10-24T05:44:20.838+0000][7][gc,marking   ] GC(50) Concurrent Mark (18.147s, 18.205s) 57.533ms
[2020-10-24T05:44:20.839+0000][7][gc,start     ] GC(50) Pause Remark
[2020-10-24T05:44:20.842+0000][7][gc           ] GC(50) Pause Remark 141M->141M(256M) 3.739ms
[2020-10-24T05:44:20.843+0000][7][gc,cpu       ] GC(50) User=0.02s Sys=0.00s Real=0.00s
[2020-10-24T05:44:20.843+0000][7][safepoint    ] Safepoint "G1Concurrent", Time since last: 61163300 ns, Reaching safepoint: 210900 ns, At safepoint: 4187000 ns, Total: 4397900 ns
[2020-10-24T05:44:20.843+0000][7][gc,marking   ] GC(50) Concurrent Rebuild Remembered Sets
[2020-10-24T05:44:20.882+0000][7][gc,marking   ] GC(50) Concurrent Rebuild Remembered Sets 38.498ms
[2020-10-24T05:44:20.882+0000][7][gc,start     ] GC(50) Pause Cleanup
[2020-10-24T05:44:20.882+0000][7][gc           ] GC(50) Pause Cleanup 152M->152M(256M) 0.303ms
[2020-10-24T05:44:20.883+0000][7][gc,cpu       ] GC(50) User=0.00s Sys=0.00s Real=0.00s
[2020-10-24T05:44:20.883+0000][7][safepoint    ] Safepoint "G1Concurrent", Time since last: 38959500 ns, Reaching safepoint: 209900 ns, At safepoint: 592100 ns, Total: 802000 ns
[2020-10-24T05:44:20.883+0000][7][gc,marking   ] GC(50) Concurrent Cleanup for Next Mark
[2020-10-24T05:44:20.884+0000][7][gc,marking   ] GC(50) Concurrent Cleanup for Next Mark 0.682ms
[2020-10-24T05:44:20.884+0000][7][gc           ] GC(50) Concurrent Cycle 106.445ms
[2020-10-24T05:44:20.905+0000][7][safepoint    ] Safepoint "BulkRevokeBias", Time since last: 21260000 ns, Reaching safepoint: 216500 ns, At safepoint: 548900 ns, Total: 765400 ns
[2020-10-24T05:44:20.930+0000][7][safepoint    ] Safepoint "BulkRevokeBias", Time since last: 24603600 ns, Reaching safepoint: 208900 ns, At safepoint: 423900 ns, Total: 632800 ns
[2020-10-24T05:44:20.933+0000][7][safepoint    ] Safepoint "BulkRevokeBias", Time since last: 2457100 ns, Reaching safepoint: 267300 ns, At safepoint: 546400 ns, Total: 813700 ns
[2020-10-24T05:44:20.938+0000][7][safepoint    ] Safepoint "BulkRevokeBias", Time since last: 3633300 ns, Reaching safepoint: 199800 ns, At safepoint: 496200 ns, Total: 696000 ns
[2020-10-24T05:44:20.944+0000][7][safepoint    ] Safepoint "BulkRevokeBias", Time since last: 5675900 ns, Reaching safepoint: 217000 ns, At safepoint: 418700 ns, Total: 635700 ns
[2020-10-24T05:44:20.945+0000][7][gc,start     ] GC(51) Pause Young (Normal) (G1 Evacuation Pause)
[2020-10-24T05:44:20.945+0000][7][gc,task      ] GC(51) Using 6 workers of 10 for evacuation
[2020-10-24T05:44:20.945+0000][7][gc,age       ] GC(51) Desired survivor size 4194304 bytes, new threshold 2 (max threshold 15)
[2020-10-24T05:44:20.950+0000][7][gc,age       ] GC(51) Age table with threshold 2 (max threshold 15)
[2020-10-24T05:44:20.951+0000][7][gc,age       ] GC(51) - age   1:    1246160 bytes,    1246160 total
[2020-10-24T05:44:20.951+0000][7][gc,age       ] GC(51) - age   2:    1418120 bytes,    2664280 total
[2020-10-24T05:44:20.951+0000][7][gc,phases    ] GC(51)   Pre Evacuate Collection Set: 0.1ms
[2020-10-24T05:44:20.951+0000][7][gc,phases    ] GC(51)   Merge Heap Roots: 0.1ms
[2020-10-24T05:44:20.951+0000][7][gc,phases    ] GC(51)   Evacuate Collection Set: 3.9ms
[2020-10-24T05:44:20.951+0000][7][gc,phases    ] GC(51)   Post Evacuate Collection Set: 0.8ms
[2020-10-24T05:44:20.951+0000][7][gc,phases    ] GC(51)   Other: 1.1ms
[2020-10-24T05:44:20.951+0000][7][gc,heap      ] GC(51) Eden regions: 57->0(58)
[2020-10-24T05:44:20.952+0000][7][gc,heap      ] GC(51) Survivor regions: 6->3(8)
[2020-10-24T05:44:20.952+0000][7][gc,heap      ] GC(51) Old regions: 104->107
[2020-10-24T05:44:20.952+0000][7][gc,heap      ] GC(51) Archive regions: 2->2
[2020-10-24T05:44:20.952+0000][7][gc,heap      ] GC(51) Humongous regions: 15->15
[2020-10-24T05:44:20.952+0000][7][gc,metaspace ] GC(51) Metaspace: 94267K(101796K)->94267K(101796K) NonClass: 81711K(86232K)->81711K(86232K) Class: 12555K(15564K)->12555K(15564K)
[2020-10-24T05:44:20.952+0000][7][gc           ] GC(51) Pause Young (Normal) (G1 Evacuation Pause) 181M->125M(256M) 7.147ms
[2020-10-24T05:44:20.952+0000][7][gc,cpu       ] GC(51) User=0.05s Sys=0.00s Real=0.01s
[2020-10-24T05:44:20.952+0000][7][safepoint    ] Safepoint "G1CollectForAllocation", Time since last: 1017700 ns, Reaching safepoint: 122600 ns, At safepoint: 7470600 ns, Total: 7593200 ns
[2020-10-24T05:44:20.961+0000][7][safepoint    ] Safepoint "BulkRevokeBias", Time since last: 8471700 ns, Reaching safepoint: 138500 ns, At safepoint: 419500 ns, Total: 558000 ns
[2020-10-24T05:44:21.006+0000][7][safepoint    ] Safepoint "BulkRevokeBias", Time since last: 43258600 ns, Reaching safepoint: 267400 ns, At safepoint: 790400 ns, Total: 1057800 ns
[2020-10-24T05:44:21.022+0000][7][safepoint    ] Safepoint "BulkRevokeBias", Time since last: 15566000 ns, Reaching safepoint: 209400 ns, At safepoint: 419400 ns, Total: 628800 ns
[2020-10-24T05:44:21.093+0000][7][gc,start     ] GC(52) Pause Young (Concurrent Start) (G1 Evacuation Pause)
[2020-10-24T05:44:21.093+0000][7][gc,task      ] GC(52) Using 6 workers of 10 for evacuation
[2020-10-24T05:44:21.093+0000][7][gc,age       ] GC(52) Desired survivor size 4194304 bytes, new threshold 15 (max threshold 15)
[2020-10-24T05:44:21.097+0000][7][gc,age       ] GC(52) Age table with threshold 15 (max threshold 15)
[2020-10-24T05:44:21.097+0000][7][gc,age       ] GC(52) - age   1:     892616 bytes,     892616 total
[2020-10-24T05:44:21.097+0000][7][gc,age       ] GC(52) - age   2:     957200 bytes,    1849816 total
[2020-10-24T05:44:21.097+0000][7][gc,age       ] GC(52) - age   3:    1396736 bytes,    3246552 total
[2020-10-24T05:44:21.098+0000][7][gc,phases    ] GC(52)   Pre Evacuate Collection Set: 0.5ms
[2020-10-24T05:44:21.098+0000][7][gc,phases    ] GC(52)   Merge Heap Roots: 0.1ms
[2020-10-24T05:44:21.098+0000][7][gc,phases    ] GC(52)   Evacuate Collection Set: 2.0ms
[2020-10-24T05:44:21.098+0000][7][gc,phases    ] GC(52)   Post Evacuate Collection Set: 0.7ms
[2020-10-24T05:44:21.098+0000][7][gc,phases    ] GC(52)   Other: 1.2ms
[2020-10-24T05:44:21.098+0000][7][gc,heap      ] GC(52) Eden regions: 58->0(58)
[2020-10-24T05:44:21.098+0000][7][gc,heap      ] GC(52) Survivor regions: 3->4(8)
[2020-10-24T05:44:21.098+0000][7][gc,heap      ] GC(52) Old regions: 107->107
[2020-10-24T05:44:21.098+0000][7][gc,heap      ] GC(52) Archive regions: 2->2
[2020-10-24T05:44:21.098+0000][7][gc,heap      ] GC(52) Humongous regions: 15->15
[2020-10-24T05:44:21.099+0000][7][gc,metaspace ] GC(52) Metaspace: 94328K(101796K)->94328K(101796K) NonClass: 81771K(86232K)->81771K(86232K) Class: 12556K(15564K)->12556K(15564K)
[2020-10-24T05:44:21.099+0000][7][gc           ] GC(52) Pause Young (Concurrent Start) (G1 Evacuation Pause) 183M->125M(256M) 5.614ms
[2020-10-24T05:44:21.099+0000][7][gc,cpu       ] GC(52) User=0.04s Sys=0.00s Real=0.01s
[2020-10-24T05:44:21.099+0000][7][gc           ] GC(53) Concurrent Cycle
[2020-10-24T05:44:21.099+0000][7][safepoint    ] Safepoint "G1CollectForAllocation", Time since last: 70918500 ns, Reaching safepoint: 131100 ns, At safepoint: 5956600 ns, Total: 6087700 ns
[2020-10-24T05:44:21.099+0000][7][gc,marking   ] GC(53) Concurrent Clear Claimed Marks
[2020-10-24T05:44:21.100+0000][7][gc,marking   ] GC(53) Concurrent Clear Claimed Marks 0.834ms
[2020-10-24T05:44:21.100+0000][7][gc,marking   ] GC(53) Concurrent Scan Root Regions
[2020-10-24T05:44:21.102+0000][7][gc,marking   ] GC(53) Concurrent Scan Root Regions 1.708ms
[2020-10-24T05:44:21.102+0000][7][gc,marking   ] GC(53) Concurrent Mark (18.468s)
[2020-10-24T05:44:21.102+0000][7][gc,marking   ] GC(53) Concurrent Mark From Roots
[2020-10-24T05:44:21.102+0000][7][gc,task      ] GC(53) Using 3 workers of 3 for marking
[2020-10-24T05:44:21.162+0000][7][gc,marking   ] GC(53) Concurrent Mark From Roots 60.247ms
[2020-10-24T05:44:21.163+0000][7][gc,marking   ] GC(53) Concurrent Preclean
[2020-10-24T05:44:21.163+0000][7][gc,marking   ] GC(53) Concurrent Preclean 0.500ms
[2020-10-24T05:44:21.163+0000][7][gc,marking   ] GC(53) Concurrent Mark (18.468s, 18.530s) 61.282ms
[2020-10-24T05:44:21.164+0000][7][gc,start     ] GC(53) Pause Remark
[2020-10-24T05:44:21.168+0000][7][gc           ] GC(53) Pause Remark 146M->146M(256M) 3.916ms
[2020-10-24T05:44:21.168+0000][7][gc,cpu       ] GC(53) User=0.02s Sys=0.00s Real=0.01s
[2020-10-24T05:44:21.168+0000][7][safepoint    ] Safepoint "G1Concurrent", Time since last: 64486700 ns, Reaching safepoint: 200700 ns, At safepoint: 4322700 ns, Total: 4523400 ns
[2020-10-24T05:44:21.168+0000][7][gc,marking   ] GC(53) Concurrent Rebuild Remembered Sets
[2020-10-24T05:44:21.208+0000][7][gc,marking   ] GC(53) Concurrent Rebuild Remembered Sets 39.384ms
[2020-10-24T05:44:21.208+0000][7][gc,start     ] GC(53) Pause Cleanup
[2020-10-24T05:44:21.208+0000][7][gc           ] GC(53) Pause Cleanup 157M->157M(256M) 0.281ms
[2020-10-24T05:44:21.209+0000][7][gc,cpu       ] GC(53) User=0.00s Sys=0.00s Real=0.00s
[2020-10-24T05:44:21.209+0000][7][safepoint    ] Safepoint "G1Concurrent", Time since last: 39820700 ns, Reaching safepoint: 237400 ns, At safepoint: 612000 ns, Total: 849400 ns
[2020-10-24T05:44:21.209+0000][7][gc,marking   ] GC(53) Concurrent Cleanup for Next Mark
[2020-10-24T05:44:21.209+0000][7][gc,marking   ] GC(53) Concurrent Cleanup for Next Mark 0.611ms
[2020-10-24T05:44:21.210+0000][7][gc           ] GC(53) Concurrent Cycle 110.655ms
[2020-10-24T05:44:21.280+0000][7][safepoint    ] Safepoint "BulkRevokeBias", Time since last: 70693100 ns, Reaching safepoint: 326700 ns, At safepoint: 448900 ns, Total: 775600 ns
[2020-10-24T05:44:21.313+0000][7][safepoint    ] Safepoint "ICBufferFull", Time since last: 32900700 ns, Reaching safepoint: 310600 ns, At safepoint: 37300 ns, Total: 347900 ns
[2020-10-24T05:44:21.378+0000][7][gc,start     ] GC(54) Pause Young (Prepare Mixed) (G1 Evacuation Pause)
[2020-10-24T05:44:21.378+0000][7][gc,task      ] GC(54) Using 6 workers of 10 for evacuation
[2020-10-24T05:44:21.378+0000][7][gc,age       ] GC(54) Desired survivor size 4194304 bytes, new threshold 15 (max threshold 15)
[2020-10-24T05:44:21.382+0000][7][gc,age       ] GC(54) Age table with threshold 15 (max threshold 15)
[2020-10-24T05:44:21.382+0000][7][gc,age       ] GC(54) - age   1:    1689512 bytes,    1689512 total
[2020-10-24T05:44:21.382+0000][7][gc,age       ] GC(54) - age   2:     742416 bytes,    2431928 total
[2020-10-24T05:44:21.382+0000][7][gc,age       ] GC(54) - age   3:     784432 bytes,    3216360 total
[2020-10-24T05:44:21.382+0000][7][gc,age       ] GC(54) - age   4:    1396064 bytes,    4612424 total
[2020-10-24T05:44:21.383+0000][7][gc,phases    ] GC(54)   Pre Evacuate Collection Set: 0.1ms
[2020-10-24T05:44:21.383+0000][7][gc,phases    ] GC(54)   Merge Heap Roots: 0.1ms
[2020-10-24T05:44:21.383+0000][7][gc,phases    ] GC(54)   Evacuate Collection Set: 2.4ms
[2020-10-24T05:44:21.383+0000][7][gc,phases    ] GC(54)   Post Evacuate Collection Set: 0.7ms
[2020-10-24T05:44:21.383+0000][7][gc,phases    ] GC(54)   Other: 1.4ms
[2020-10-24T05:44:21.383+0000][7][gc,heap      ] GC(54) Eden regions: 58->0(7)
[2020-10-24T05:44:21.383+0000][7][gc,heap      ] GC(54) Survivor regions: 4->5(8)
[2020-10-24T05:44:21.384+0000][7][gc,heap      ] GC(54) Old regions: 107->107
[2020-10-24T05:44:21.384+0000][7][gc,heap      ] GC(54) Archive regions: 2->2
[2020-10-24T05:44:21.384+0000][7][gc,heap      ] GC(54) Humongous regions: 15->15
[2020-10-24T05:44:21.384+0000][7][gc,metaspace ] GC(54) Metaspace: 95458K(103076K)->95458K(103076K) NonClass: 82741K(87256K)->82741K(87256K) Class: 12716K(15820K)->12716K(15820K)
[2020-10-24T05:44:21.384+0000][7][gc           ] GC(54) Pause Young (Prepare Mixed) (G1 Evacuation Pause) 183M->127M(256M) 6.150ms
[2020-10-24T05:44:21.384+0000][7][gc,cpu       ] GC(54) User=0.02s Sys=0.00s Real=0.00s
[2020-10-24T05:44:21.384+0000][7][safepoint    ] Safepoint "G1CollectForAllocation", Time since last: 64372100 ns, Reaching safepoint: 160000 ns, At safepoint: 6481500 ns, Total: 6641500 ns
[2020-10-24T05:44:21.410+0000][7][gc,start     ] GC(55) Pause Young (Mixed) (G1 Evacuation Pause)
[2020-10-24T05:44:21.411+0000][7][gc,task      ] GC(55) Using 6 workers of 10 for evacuation
[2020-10-24T05:44:21.411+0000][7][gc,age       ] GC(55) Desired survivor size 1048576 bytes, new threshold 1 (max threshold 15)
[2020-10-24T05:44:21.420+0000][7][gc,age       ] GC(55) Age table with threshold 1 (max threshold 15)
[2020-10-24T05:44:21.420+0000][7][gc,age       ] GC(55) - age   1:     412712 bytes,     412712 total
[2020-10-24T05:44:21.420+0000][7][gc,phases    ] GC(55)   Pre Evacuate Collection Set: 0.1ms
[2020-10-24T05:44:21.420+0000][7][gc,phases    ] GC(55)   Merge Heap Roots: 0.1ms
[2020-10-24T05:44:21.420+0000][7][gc,phases    ] GC(55)   Evacuate Collection Set: 7.7ms
[2020-10-24T05:44:21.420+0000][7][gc,phases    ] GC(55)   Post Evacuate Collection Set: 0.7ms
[2020-10-24T05:44:21.420+0000][7][gc,phases    ] GC(55)   Other: 0.8ms
[2020-10-24T05:44:21.420+0000][7][gc,heap      ] GC(55) Eden regions: 7->0(69)
[2020-10-24T05:44:21.421+0000][7][gc,heap      ] GC(55) Survivor regions: 5->1(2)
[2020-10-24T05:44:21.421+0000][7][gc,heap      ] GC(55) Old regions: 107->98
[2020-10-24T05:44:21.421+0000][7][gc,heap      ] GC(55) Archive regions: 2->2
[2020-10-24T05:44:21.421+0000][7][gc,heap      ] GC(55) Humongous regions: 15->15
[2020-10-24T05:44:21.421+0000][7][gc,metaspace ] GC(55) Metaspace: 95482K(103076K)->95482K(103076K) NonClass: 82765K(87256K)->82765K(87256K) Class: 12716K(15820K)->12716K(15820K)
[2020-10-24T05:44:21.421+0000][7][gc           ] GC(55) Pause Young (Mixed) (G1 Evacuation Pause) 134M->113M(256M) 10.716ms
[2020-10-24T05:44:21.421+0000][7][gc,cpu       ] GC(55) User=0.06s Sys=0.00s Real=0.01s
[2020-10-24T05:44:21.422+0000][7][safepoint    ] Safepoint "G1CollectForAllocation", Time since last: 25806800 ns, Reaching safepoint: 216000 ns, At safepoint: 11080100 ns, Total: 11296100 ns
[2020-10-24T05:44:21.730+0000][7][safepoint    ] Safepoint "ICBufferFull", Time since last: 307528300 ns, Reaching safepoint: 497100 ns, At safepoint: 67800 ns, Total: 564900 ns
[2020-10-24T05:44:21.822+0000][7][gc,start     ] GC(56) Pause Young (Concurrent Start) (G1 Evacuation Pause)
[2020-10-24T05:44:21.822+0000][7][gc,task      ] GC(56) Using 6 workers of 10 for evacuation
[2020-10-24T05:44:21.822+0000][7][gc,age       ] GC(56) Desired survivor size 4718592 bytes, new threshold 15 (max threshold 15)
[2020-10-24T05:44:21.829+0000][7][gc,age       ] GC(56) Age table with threshold 15 (max threshold 15)
[2020-10-24T05:44:21.829+0000][7][gc,age       ] GC(56) - age   1:    2759120 bytes,    2759120 total
[2020-10-24T05:44:21.829+0000][7][gc,age       ] GC(56) - age   2:      31000 bytes,    2790120 total
[2020-10-24T05:44:21.829+0000][7][gc,phases    ] GC(56)   Pre Evacuate Collection Set: 0.7ms
[2020-10-24T05:44:21.829+0000][7][gc,phases    ] GC(56)   Merge Heap Roots: 0.1ms
[2020-10-24T05:44:21.829+0000][7][gc,phases    ] GC(56)   Evacuate Collection Set: 4.4ms
[2020-10-24T05:44:21.830+0000][7][gc,phases    ] GC(56)   Post Evacuate Collection Set: 0.9ms
[2020-10-24T05:44:21.830+0000][7][gc,phases    ] GC(56)   Other: 1.2ms
[2020-10-24T05:44:21.830+0000][7][gc,heap      ] GC(56) Eden regions: 69->0(67)
[2020-10-24T05:44:21.830+0000][7][gc,heap      ] GC(56) Survivor regions: 1->3(9)
[2020-10-24T05:44:21.830+0000][7][gc,heap      ] GC(56) Old regions: 98->98
[2020-10-24T05:44:21.830+0000][7][gc,heap      ] GC(56) Archive regions: 2->2
[2020-10-24T05:44:21.830+0000][7][gc,heap      ] GC(56) Humongous regions: 15->15
[2020-10-24T05:44:21.831+0000][7][gc,metaspace ] GC(56) Metaspace: 96232K(103716K)->96232K(103716K) NonClass: 83412K(87768K)->83412K(87768K) Class: 12820K(15948K)->12820K(15948K)
[2020-10-24T05:44:21.831+0000][7][gc           ] GC(56) Pause Young (Concurrent Start) (G1 Evacuation Pause) 182M->115M(256M) 8.929ms
[2020-10-24T05:44:21.831+0000][7][gc,cpu       ] GC(56) User=0.04s Sys=0.00s Real=0.01s
[2020-10-24T05:44:21.831+0000][7][gc           ] GC(57) Concurrent Cycle
[2020-10-24T05:44:21.831+0000][7][safepoint    ] Safepoint "G1CollectForAllocation", Time since last: 91825500 ns, Reaching safepoint: 306600 ns, At safepoint: 9382900 ns, Total: 9689500 ns
[2020-10-24T05:44:21.831+0000][7][gc,marking   ] GC(57) Concurrent Clear Claimed Marks
[2020-10-24T05:44:21.832+0000][7][gc,marking   ] GC(57) Concurrent Clear Claimed Marks 0.920ms
[2020-10-24T05:44:21.832+0000][7][gc,marking   ] GC(57) Concurrent Scan Root Regions
[2020-10-24T05:44:21.835+0000][7][gc,marking   ] GC(57) Concurrent Scan Root Regions 3.050ms
[2020-10-24T05:44:21.836+0000][7][gc,marking   ] GC(57) Concurrent Mark (19.202s)
[2020-10-24T05:44:21.836+0000][7][gc,marking   ] GC(57) Concurrent Mark From Roots
[2020-10-24T05:44:21.836+0000][7][gc,task      ] GC(57) Using 3 workers of 3 for marking
[2020-10-24T05:44:21.849+0000][7][safepoint    ] Safepoint "BulkRevokeBias", Time since last: 17613900 ns, Reaching safepoint: 277600 ns, At safepoint: 453000 ns, Total: 730600 ns
[2020-10-24T05:44:21.850+0000][7][safepoint    ] Safepoint "BulkRevokeBias", Time since last: 323300 ns, Reaching safepoint: 149800 ns, At safepoint: 465300 ns, Total: 615100 ns
[2020-10-24T05:44:21.859+0000][7][safepoint    ] Safepoint "BulkRevokeBias", Time since last: 7829500 ns, Reaching safepoint: 232300 ns, At safepoint: 634500 ns, Total: 866800 ns
[2020-10-24T05:44:21.911+0000][7][gc,marking   ] GC(57) Concurrent Mark From Roots 75.593ms
[2020-10-24T05:44:21.912+0000][7][gc,marking   ] GC(57) Concurrent Preclean
[2020-10-24T05:44:21.912+0000][7][gc,marking   ] GC(57) Concurrent Preclean 0.527ms
[2020-10-24T05:44:21.912+0000][7][gc,marking   ] GC(57) Concurrent Mark (19.202s, 19.279s) 76.711ms
[2020-10-24T05:44:21.913+0000][7][gc,start     ] GC(57) Pause Remark
[2020-10-24T05:44:21.916+0000][7][gc           ] GC(57) Pause Remark 126M->126M(256M) 3.604ms
[2020-10-24T05:44:21.917+0000][7][gc,cpu       ] GC(57) User=0.02s Sys=0.00s Real=0.00s
[2020-10-24T05:44:21.917+0000][7][safepoint    ] Safepoint "G1Concurrent", Time since last: 53512300 ns, Reaching safepoint: 227000 ns, At safepoint: 4026900 ns, Total: 4253900 ns
[2020-10-24T05:44:21.917+0000][7][gc,marking   ] GC(57) Concurrent Rebuild Remembered Sets
[2020-10-24T05:44:21.965+0000][7][gc,marking   ] GC(57) Concurrent Rebuild Remembered Sets 47.908ms
[2020-10-24T05:44:21.966+0000][7][gc,start     ] GC(57) Pause Cleanup
[2020-10-24T05:44:21.966+0000][7][gc           ] GC(57) Pause Cleanup 137M->137M(256M) 0.349ms
[2020-10-24T05:44:21.966+0000][7][gc,cpu       ] GC(57) User=0.00s Sys=0.01s Real=0.00s
[2020-10-24T05:44:21.966+0000][7][safepoint    ] Safepoint "G1Concurrent", Time since last: 48413100 ns, Reaching safepoint: 415400 ns, At safepoint: 790600 ns, Total: 1206000 ns
[2020-10-24T05:44:21.967+0000][7][gc,marking   ] GC(57) Concurrent Cleanup for Next Mark
[2020-10-24T05:44:21.967+0000][7][gc,marking   ] GC(57) Concurrent Cleanup for Next Mark 0.705ms
[2020-10-24T05:44:21.968+0000][7][gc           ] GC(57) Concurrent Cycle 136.574ms
[2020-10-24T05:44:22.085+0000][7][gc,start     ] GC(58) Pause Young (Normal) (G1 Evacuation Pause)
[2020-10-24T05:44:22.085+0000][7][gc,task      ] GC(58) Using 6 workers of 10 for evacuation
[2020-10-24T05:44:22.086+0000][7][gc,age       ] GC(58) Desired survivor size 4718592 bytes, new threshold 15 (max threshold 15)
[2020-10-24T05:44:22.091+0000][7][gc,age       ] GC(58) Age table with threshold 15 (max threshold 15)
[2020-10-24T05:44:22.092+0000][7][gc,age       ] GC(58) - age   1:    3597680 bytes,    3597680 total
[2020-10-24T05:44:22.092+0000][7][gc,age       ] GC(58) - age   2:    2386192 bytes,    5983872 total
[2020-10-24T05:44:22.092+0000][7][gc,age       ] GC(58) - age   3:      18080 bytes,    6001952 total
[2020-10-24T05:44:22.092+0000][7][gc,phases    ] GC(58)   Pre Evacuate Collection Set: 0.1ms
[2020-10-24T05:44:22.092+0000][7][gc,phases    ] GC(58)   Merge Heap Roots: 0.1ms
[2020-10-24T05:44:22.092+0000][7][gc,phases    ] GC(58)   Evacuate Collection Set: 4.2ms
[2020-10-24T05:44:22.092+0000][7][gc,phases    ] GC(58)   Post Evacuate Collection Set: 1.1ms
[2020-10-24T05:44:22.093+0000][7][gc,phases    ] GC(58)   Other: 1.6ms
[2020-10-24T05:44:22.093+0000][7][gc,heap      ] GC(58) Eden regions: 67->0(63)
[2020-10-24T05:44:22.093+0000][7][gc,heap      ] GC(58) Survivor regions: 3->6(9)
[2020-10-24T05:44:22.093+0000][7][gc,heap      ] GC(58) Old regions: 98->98
[2020-10-24T05:44:22.093+0000][7][gc,heap      ] GC(58) Archive regions: 2->2
[2020-10-24T05:44:22.093+0000][7][gc,heap      ] GC(58) Humongous regions: 15->15
[2020-10-24T05:44:22.093+0000][7][gc,metaspace ] GC(58) Metaspace: 96856K(104612K)->96856K(104612K) NonClass: 83979K(88536K)->83979K(88536K) Class: 12876K(16076K)->12876K(16076K)
[2020-10-24T05:44:22.094+0000][7][gc           ] GC(58) Pause Young (Normal) (G1 Evacuation Pause) 182M->118M(256M) 8.625ms
[2020-10-24T05:44:22.094+0000][7][gc,cpu       ] GC(58) User=0.04s Sys=0.00s Real=0.01s
[2020-10-24T05:44:22.094+0000][7][safepoint    ] Safepoint "G1CollectForAllocation", Time since last: 118091300 ns, Reaching safepoint: 323300 ns, At safepoint: 9067900 ns, Total: 9391200 ns
[2020-10-24T05:44:22.126+0000][7][safepoint    ] Safepoint "BulkRevokeBias", Time since last: 31008900 ns, Reaching safepoint: 232000 ns, At safepoint: 683800 ns, Total: 915800 ns
[2020-10-24T05:44:22.193+0000][7][safepoint    ] Safepoint "BulkRevokeBias", Time since last: 65952900 ns, Reaching safepoint: 232400 ns, At safepoint: 574500 ns, Total: 806900 ns
[2020-10-24T05:44:22.247+0000][7][gc,start     ] GC(59) Pause Young (Concurrent Start) (G1 Evacuation Pause)
[2020-10-24T05:44:22.247+0000][7][gc,task      ] GC(59) Using 6 workers of 10 for evacuation
[2020-10-24T05:44:22.247+0000][7][gc,age       ] GC(59) Desired survivor size 4718592 bytes, new threshold 2 (max threshold 15)
[2020-10-24T05:44:22.258+0000][7][gc,age       ] GC(59) Age table with threshold 2 (max threshold 15)
[2020-10-24T05:44:22.259+0000][7][gc,age       ] GC(59) - age   1:    1651888 bytes,    1651888 total
[2020-10-24T05:44:22.259+0000][7][gc,age       ] GC(59) - age   2:    3451664 bytes,    5103552 total
[2020-10-24T05:44:22.259+0000][7][gc,phases    ] GC(59)   Pre Evacuate Collection Set: 0.8ms
[2020-10-24T05:44:22.259+0000][7][gc,phases    ] GC(59)   Merge Heap Roots: 0.1ms
[2020-10-24T05:44:22.259+0000][7][gc,phases    ] GC(59)   Evacuate Collection Set: 9.1ms
[2020-10-24T05:44:22.259+0000][7][gc,phases    ] GC(59)   Post Evacuate Collection Set: 0.9ms
[2020-10-24T05:44:22.259+0000][7][gc,phases    ] GC(59)   Other: 1.2ms
[2020-10-24T05:44:22.260+0000][7][gc,heap      ] GC(59) Eden regions: 63->0(61)
[2020-10-24T05:44:22.260+0000][7][gc,heap      ] GC(59) Survivor regions: 6->6(9)
[2020-10-24T05:44:22.260+0000][7][gc,heap      ] GC(59) Old regions: 98->100
[2020-10-24T05:44:22.260+0000][7][gc,heap      ] GC(59) Archive regions: 2->2
[2020-10-24T05:44:22.260+0000][7][gc,heap      ] GC(59) Humongous regions: 15->15
[2020-10-24T05:44:22.260+0000][7][gc,metaspace ] GC(59) Metaspace: 97144K(104868K)->97144K(104868K) NonClass: 84249K(88792K)->84249K(88792K) Class: 12894K(16076K)->12894K(16076K)
[2020-10-24T05:44:22.260+0000][7][gc           ] GC(59) Pause Young (Concurrent Start) (G1 Evacuation Pause) 181M->120M(256M) 13.502ms
[2020-10-24T05:44:22.261+0000][7][gc,cpu       ] GC(59) User=0.07s Sys=0.00s Real=0.02s
[2020-10-24T05:44:22.261+0000][7][gc           ] GC(60) Concurrent Cycle
[2020-10-24T05:44:22.261+0000][7][safepoint    ] Safepoint "G1CollectForAllocation", Time since last: 53977500 ns, Reaching safepoint: 266000 ns, At safepoint: 13893100 ns, Total: 14159100 ns
[2020-10-24T05:44:22.261+0000][7][gc,marking   ] GC(60) Concurrent Clear Claimed Marks
[2020-10-24T05:44:22.267+0000][7][gc,marking   ] GC(60) Concurrent Clear Claimed Marks 5.745ms
[2020-10-24T05:44:22.270+0000][7][gc,marking   ] GC(60) Concurrent Scan Root Regions
[2020-10-24T05:44:22.277+0000][7][gc,marking   ] GC(60) Concurrent Scan Root Regions 7.136ms
[2020-10-24T05:44:22.278+0000][7][gc,marking   ] GC(60) Concurrent Mark (19.644s)
[2020-10-24T05:44:22.278+0000][7][gc,marking   ] GC(60) Concurrent Mark From Roots
[2020-10-24T05:44:22.278+0000][7][gc,task      ] GC(60) Using 3 workers of 3 for marking
[2020-10-24T05:44:22.384+0000][7][gc,marking   ] GC(60) Concurrent Mark From Roots 105.658ms
[2020-10-24T05:44:22.384+0000][7][gc,marking   ] GC(60) Concurrent Preclean
[2020-10-24T05:44:22.384+0000][7][gc,marking   ] GC(60) Concurrent Preclean 0.540ms
[2020-10-24T05:44:22.385+0000][7][gc,marking   ] GC(60) Concurrent Mark (19.644s, 19.751s) 106.797ms
[2020-10-24T05:44:22.385+0000][7][gc,start     ] GC(60) Pause Remark
[2020-10-24T05:44:22.390+0000][7][gc           ] GC(60) Pause Remark 161M->161M(256M) 5.147ms
[2020-10-24T05:44:22.390+0000][7][gc,cpu       ] GC(60) User=0.04s Sys=0.00s Real=0.01s
[2020-10-24T05:44:22.391+0000][7][safepoint    ] Safepoint "G1Concurrent", Time since last: 123913500 ns, Reaching safepoint: 298600 ns, At safepoint: 5653500 ns, Total: 5952100 ns
[2020-10-24T05:44:22.391+0000][7][gc,marking   ] GC(60) Concurrent Rebuild Remembered Sets
[2020-10-24T05:44:22.435+0000][7][gc,marking   ] GC(60) Concurrent Rebuild Remembered Sets 43.961ms
[2020-10-24T05:44:22.438+0000][7][gc,start     ] GC(60) Pause Cleanup
[2020-10-24T05:44:22.439+0000][7][gc           ] GC(60) Pause Cleanup 173M->173M(256M) 0.466ms
[2020-10-24T05:44:22.439+0000][7][gc,cpu       ] GC(60) User=0.00s Sys=0.00s Real=0.00s
[2020-10-24T05:44:22.439+0000][7][safepoint    ] Safepoint "G1Concurrent", Time since last: 46743300 ns, Reaching safepoint: 846100 ns, At safepoint: 820000 ns, Total: 1666100 ns
[2020-10-24T05:44:22.439+0000][7][gc,marking   ] GC(60) Concurrent Cleanup for Next Mark
[2020-10-24T05:44:22.447+0000][7][gc,marking   ] GC(60) Concurrent Cleanup for Next Mark 7.280ms
[2020-10-24T05:44:22.447+0000][7][gc           ] GC(60) Concurrent Cycle 186.159ms
[2020-10-24T05:44:22.457+0000][7][gc,start     ] GC(61) Pause Young (Normal) (G1 Evacuation Pause)
[2020-10-24T05:44:22.457+0000][7][gc,task      ] GC(61) Using 6 workers of 10 for evacuation
[2020-10-24T05:44:22.458+0000][7][gc,age       ] GC(61) Desired survivor size 4718592 bytes, new threshold 2 (max threshold 15)
[2020-10-24T05:44:22.467+0000][7][gc,age       ] GC(61) Age table with threshold 2 (max threshold 15)
[2020-10-24T05:44:22.467+0000][7][gc,age       ] GC(61) - age   1:     741584 bytes,     741584 total
[2020-10-24T05:44:22.467+0000][7][gc,age       ] GC(61) - age   2:    1413416 bytes,    2155000 total
[2020-10-24T05:44:22.468+0000][7][gc,phases    ] GC(61)   Pre Evacuate Collection Set: 0.1ms
[2020-10-24T05:44:22.468+0000][7][gc,phases    ] GC(61)   Merge Heap Roots: 0.2ms
[2020-10-24T05:44:22.468+0000][7][gc,phases    ] GC(61)   Evacuate Collection Set: 8.2ms
[2020-10-24T05:44:22.468+0000][7][gc,phases    ] GC(61)   Post Evacuate Collection Set: 0.8ms
[2020-10-24T05:44:22.468+0000][7][gc,phases    ] GC(61)   Other: 1.3ms
[2020-10-24T05:44:22.468+0000][7][gc,heap      ] GC(61) Eden regions: 61->0(62)
[2020-10-24T05:44:22.468+0000][7][gc,heap      ] GC(61) Survivor regions: 6->3(9)
[2020-10-24T05:44:22.468+0000][7][gc,heap      ] GC(61) Old regions: 100->103
[2020-10-24T05:44:22.469+0000][7][gc,heap      ] GC(61) Archive regions: 2->2
[2020-10-24T05:44:22.469+0000][7][gc,heap      ] GC(61) Humongous regions: 15->15
[2020-10-24T05:44:22.469+0000][7][gc,metaspace ] GC(61) Metaspace: 97394K(105124K)->97394K(105124K) NonClass: 84464K(89048K)->84464K(89048K) Class: 12929K(16076K)->12929K(16076K)
[2020-10-24T05:44:22.469+0000][7][gc           ] GC(61) Pause Young (Normal) (G1 Evacuation Pause) 181M->120M(256M) 11.960ms
[2020-10-24T05:44:22.469+0000][7][gc,cpu       ] GC(61) User=0.05s Sys=0.00s Real=0.02s
[2020-10-24T05:44:22.469+0000][7][safepoint    ] Safepoint "G1CollectForAllocation", Time since last: 17655300 ns, Reaching safepoint: 267000 ns, At safepoint: 12344200 ns, Total: 12611200 ns
[2020-10-24T05:44:22.664+0000][7][gc,start     ] GC(62) Pause Young (Concurrent Start) (G1 Evacuation Pause)
[2020-10-24T05:44:22.664+0000][7][gc,task      ] GC(62) Using 6 workers of 10 for evacuation
[2020-10-24T05:44:22.664+0000][7][gc,age       ] GC(62) Desired survivor size 4718592 bytes, new threshold 15 (max threshold 15)
[2020-10-24T05:44:22.668+0000][7][gc,age       ] GC(62) Age table with threshold 15 (max threshold 15)
[2020-10-24T05:44:22.668+0000][7][gc,age       ] GC(62) - age   1:     556200 bytes,     556200 total
[2020-10-24T05:44:22.668+0000][7][gc,age       ] GC(62) - age   2:     527288 bytes,    1083488 total
[2020-10-24T05:44:22.668+0000][7][gc,age       ] GC(62) - age   3:    1405696 bytes,    2489184 total
[2020-10-24T05:44:22.668+0000][7][gc,phases    ] GC(62)   Pre Evacuate Collection Set: 0.6ms
[2020-10-24T05:44:22.668+0000][7][gc,phases    ] GC(62)   Merge Heap Roots: 0.1ms
[2020-10-24T05:44:22.668+0000][7][gc,phases    ] GC(62)   Evacuate Collection Set: 1.9ms
[2020-10-24T05:44:22.668+0000][7][gc,phases    ] GC(62)   Post Evacuate Collection Set: 0.7ms
[2020-10-24T05:44:22.669+0000][7][gc,phases    ] GC(62)   Other: 1.2ms
[2020-10-24T05:44:22.669+0000][7][gc,heap      ] GC(62) Eden regions: 62->0(63)
[2020-10-24T05:44:22.669+0000][7][gc,heap      ] GC(62) Survivor regions: 3->3(9)
[2020-10-24T05:44:22.669+0000][7][gc,heap      ] GC(62) Old regions: 103->103
[2020-10-24T05:44:22.669+0000][7][gc,heap      ] GC(62) Archive regions: 2->2
[2020-10-24T05:44:22.669+0000][7][gc,heap      ] GC(62) Humongous regions: 15->15
[2020-10-24T05:44:22.669+0000][7][gc,metaspace ] GC(62) Metaspace: 97403K(105124K)->97403K(105124K) NonClass: 84474K(89048K)->84474K(89048K) Class: 12929K(16076K)->12929K(16076K)
[2020-10-24T05:44:22.670+0000][7][gc           ] GC(62) Pause Young (Concurrent Start) (G1 Evacuation Pause) 182M->121M(256M) 5.846ms
[2020-10-24T05:44:22.670+0000][7][gc,cpu       ] GC(62) User=0.02s Sys=0.01s Real=0.01s
[2020-10-24T05:44:22.670+0000][7][gc           ] GC(63) Concurrent Cycle
[2020-10-24T05:44:22.670+0000][7][gc,marking   ] GC(63) Concurrent Clear Claimed Marks
[2020-10-24T05:44:22.670+0000][7][safepoint    ] Safepoint "G1CollectForAllocation", Time since last: 194151700 ns, Reaching safepoint: 155400 ns, At safepoint: 6232500 ns, Total: 6387900 ns
[2020-10-24T05:44:22.671+0000][7][gc,marking   ] GC(63) Concurrent Clear Claimed Marks 0.820ms
[2020-10-24T05:44:22.671+0000][7][gc,marking   ] GC(63) Concurrent Scan Root Regions
[2020-10-24T05:44:22.673+0000][7][gc,marking   ] GC(63) Concurrent Scan Root Regions 1.776ms
[2020-10-24T05:44:22.673+0000][7][gc,marking   ] GC(63) Concurrent Mark (20.039s)
[2020-10-24T05:44:22.673+0000][7][gc,marking   ] GC(63) Concurrent Mark From Roots
[2020-10-24T05:44:22.673+0000][7][gc,task      ] GC(63) Using 3 workers of 3 for marking
[2020-10-24T05:44:22.739+0000][7][gc,marking   ] GC(63) Concurrent Mark From Roots 65.493ms
[2020-10-24T05:44:22.739+0000][7][gc,marking   ] GC(63) Concurrent Preclean
[2020-10-24T05:44:22.739+0000][7][gc,marking   ] GC(63) Concurrent Preclean 0.474ms
[2020-10-24T05:44:22.739+0000][7][gc,marking   ] GC(63) Concurrent Mark (20.039s, 20.106s) 66.452ms
[2020-10-24T05:44:22.740+0000][7][gc,start     ] GC(63) Pause Remark
[2020-10-24T05:44:22.744+0000][7][gc           ] GC(63) Pause Remark 141M->141M(256M) 4.415ms
[2020-10-24T05:44:22.744+0000][7][gc,cpu       ] GC(63) User=0.02s Sys=0.00s Real=0.00s
[2020-10-24T05:44:22.745+0000][7][safepoint    ] Safepoint "G1Concurrent", Time since last: 69807700 ns, Reaching safepoint: 124900 ns, At safepoint: 4910000 ns, Total: 5034900 ns
[2020-10-24T05:44:22.745+0000][7][gc,marking   ] GC(63) Concurrent Rebuild Remembered Sets
[2020-10-24T05:44:22.795+0000][7][gc,marking   ] GC(63) Concurrent Rebuild Remembered Sets 50.095ms
[2020-10-24T05:44:22.795+0000][7][gc,start     ] GC(63) Pause Cleanup
[2020-10-24T05:44:22.796+0000][7][gc           ] GC(63) Pause Cleanup 157M->157M(256M) 0.730ms
[2020-10-24T05:44:22.796+0000][7][gc,cpu       ] GC(63) User=0.01s Sys=0.00s Real=0.00s
[2020-10-24T05:44:22.797+0000][7][safepoint    ] Safepoint "G1Concurrent", Time since last: 50622000 ns, Reaching safepoint: 144400 ns, At safepoint: 1327600 ns, Total: 1472000 ns
[2020-10-24T05:44:22.797+0000][7][gc,marking   ] GC(63) Concurrent Cleanup for Next Mark
[2020-10-24T05:44:22.798+0000][7][gc,marking   ] GC(63) Concurrent Cleanup for Next Mark 0.596ms
[2020-10-24T05:44:22.798+0000][7][gc           ] GC(63) Concurrent Cycle 128.064ms
[2020-10-24T05:44:22.880+0000][7][gc,start     ] GC(64) Pause Young (Normal) (G1 Evacuation Pause)
[2020-10-24T05:44:22.880+0000][7][gc,task      ] GC(64) Using 6 workers of 10 for evacuation
[2020-10-24T05:44:22.880+0000][7][gc,age       ] GC(64) Desired survivor size 4718592 bytes, new threshold 15 (max threshold 15)
[2020-10-24T05:44:22.883+0000][7][gc,age       ] GC(64) Age table with threshold 15 (max threshold 15)
[2020-10-24T05:44:22.884+0000][7][gc,age       ] GC(64) - age   1:     559704 bytes,     559704 total
[2020-10-24T05:44:22.884+0000][7][gc,age       ] GC(64) - age   2:     375136 bytes,     934840 total
[2020-10-24T05:44:22.884+0000][7][gc,age       ] GC(64) - age   3:     510592 bytes,    1445432 total
[2020-10-24T05:44:22.884+0000][7][gc,age       ] GC(64) - age   4:    1394224 bytes,    2839656 total
[2020-10-24T05:44:22.884+0000][7][gc,phases    ] GC(64)   Pre Evacuate Collection Set: 0.1ms
[2020-10-24T05:44:22.884+0000][7][gc,phases    ] GC(64)   Merge Heap Roots: 0.1ms
[2020-10-24T05:44:22.884+0000][7][gc,phases    ] GC(64)   Evacuate Collection Set: 2.2ms
[2020-10-24T05:44:22.884+0000][7][gc,phases    ] GC(64)   Post Evacuate Collection Set: 0.8ms
[2020-10-24T05:44:22.885+0000][7][gc,phases    ] GC(64)   Other: 1.3ms
[2020-10-24T05:44:22.885+0000][7][gc,heap      ] GC(64) Eden regions: 63->0(64)
[2020-10-24T05:44:22.885+0000][7][gc,heap      ] GC(64) Survivor regions: 3->3(9)
[2020-10-24T05:44:22.885+0000][7][gc,heap      ] GC(64) Old regions: 103->103
[2020-10-24T05:44:22.885+0000][7][gc,heap      ] GC(64) Archive regions: 2->2
[2020-10-24T05:44:22.885+0000][7][gc,heap      ] GC(64) Humongous regions: 15->15
[2020-10-24T05:44:22.885+0000][7][gc,metaspace ] GC(64) Metaspace: 97405K(105124K)->97405K(105124K) NonClass: 84475K(89048K)->84475K(89048K) Class: 12929K(16076K)->12929K(16076K)
[2020-10-24T05:44:22.885+0000][7][gc           ] GC(64) Pause Young (Normal) (G1 Evacuation Pause) 184M->121M(256M) 5.792ms
[2020-10-24T05:44:22.886+0000][7][gc,cpu       ] GC(64) User=0.02s Sys=0.00s Real=0.00s
[2020-10-24T05:44:22.886+0000][7][safepoint    ] Safepoint "G1CollectForAllocation", Time since last: 82626700 ns, Reaching safepoint: 155900 ns, At safepoint: 6116500 ns, Total: 6272400 ns
[2020-10-24T05:44:23.084+0000][7][gc,start     ] GC(65) Pause Young (Concurrent Start) (G1 Evacuation Pause)
[2020-10-24T05:44:23.084+0000][7][gc,task      ] GC(65) Using 6 workers of 10 for evacuation
[2020-10-24T05:44:23.084+0000][7][gc,age       ] GC(65) Desired survivor size 4718592 bytes, new threshold 15 (max threshold 15)
[2020-10-24T05:44:23.088+0000][7][gc,age       ] GC(65) Age table with threshold 15 (max threshold 15)
[2020-10-24T05:44:23.088+0000][7][gc,age       ] GC(65) - age   1:     746824 bytes,     746824 total
[2020-10-24T05:44:23.088+0000][7][gc,age       ] GC(65) - age   2:     304616 bytes,    1051440 total
[2020-10-24T05:44:23.088+0000][7][gc,age       ] GC(65) - age   3:     375136 bytes,    1426576 total
[2020-10-24T05:44:23.088+0000][7][gc,age       ] GC(65) - age   4:     510592 bytes,    1937168 total
[2020-10-24T05:44:23.088+0000][7][gc,age       ] GC(65) - age   5:    1394224 bytes,    3331392 total
[2020-10-24T05:44:23.088+0000][7][gc,phases    ] GC(65)   Pre Evacuate Collection Set: 0.6ms
[2020-10-24T05:44:23.089+0000][7][gc,phases    ] GC(65)   Merge Heap Roots: 0.1ms
[2020-10-24T05:44:23.089+0000][7][gc,phases    ] GC(65)   Evacuate Collection Set: 2.2ms
[2020-10-24T05:44:23.089+0000][7][gc,phases    ] GC(65)   Post Evacuate Collection Set: 0.8ms
[2020-10-24T05:44:23.089+0000][7][gc,phases    ] GC(65)   Other: 1.3ms
[2020-10-24T05:44:23.089+0000][7][gc,heap      ] GC(65) Eden regions: 64->0(63)
[2020-10-24T05:44:23.089+0000][7][gc,heap      ] GC(65) Survivor regions: 3->4(9)
[2020-10-24T05:44:23.089+0000][7][gc,heap      ] GC(65) Old regions: 103->103
[2020-10-24T05:44:23.089+0000][7][gc,heap      ] GC(65) Archive regions: 2->2
[2020-10-24T05:44:23.089+0000][7][gc,heap      ] GC(65) Humongous regions: 15->15
[2020-10-24T05:44:23.090+0000][7][gc,metaspace ] GC(65) Metaspace: 97411K(105124K)->97411K(105124K) NonClass: 84480K(89048K)->84480K(89048K) Class: 12931K(16076K)->12931K(16076K)
[2020-10-24T05:44:23.090+0000][7][gc           ] GC(65) Pause Young (Concurrent Start) (G1 Evacuation Pause) 185M->122M(256M) 6.155ms
[2020-10-24T05:44:23.090+0000][7][gc,cpu       ] GC(65) User=0.04s Sys=0.00s Real=0.01s
[2020-10-24T05:44:23.090+0000][7][gc           ] GC(66) Concurrent Cycle
[2020-10-24T05:44:23.090+0000][7][safepoint    ] Safepoint "G1CollectForAllocation", Time since last: 197642900 ns, Reaching safepoint: 177700 ns, At safepoint: 6513500 ns, Total: 6691200 ns
[2020-10-24T05:44:23.090+0000][7][gc,marking   ] GC(66) Concurrent Clear Claimed Marks
[2020-10-24T05:44:23.091+0000][7][gc,marking   ] GC(66) Concurrent Clear Claimed Marks 0.849ms
[2020-10-24T05:44:23.091+0000][7][gc,marking   ] GC(66) Concurrent Scan Root Regions
[2020-10-24T05:44:23.093+0000][7][gc,marking   ] GC(66) Concurrent Scan Root Regions 1.576ms
[2020-10-24T05:44:23.093+0000][7][gc,marking   ] GC(66) Concurrent Mark (20.459s)
[2020-10-24T05:44:23.093+0000][7][gc,marking   ] GC(66) Concurrent Mark From Roots
[2020-10-24T05:44:23.093+0000][7][gc,task      ] GC(66) Using 3 workers of 3 for marking
[2020-10-24T05:44:23.165+0000][7][gc,marking   ] GC(66) Concurrent Mark From Roots 72.089ms
[2020-10-24T05:44:23.166+0000][7][gc,marking   ] GC(66) Concurrent Preclean
[2020-10-24T05:44:23.166+0000][7][gc,marking   ] GC(66) Concurrent Preclean 0.643ms
[2020-10-24T05:44:23.166+0000][7][gc,marking   ] GC(66) Concurrent Mark (20.459s, 20.533s) 73.431ms
[2020-10-24T05:44:23.167+0000][7][gc,start     ] GC(66) Pause Remark
[2020-10-24T05:44:23.172+0000][7][gc           ] GC(66) Pause Remark 141M->141M(256M) 5.187ms
[2020-10-24T05:44:23.172+0000][7][gc,cpu       ] GC(66) User=0.01s Sys=0.01s Real=0.01s
[2020-10-24T05:44:23.172+0000][7][safepoint    ] Safepoint "G1Concurrent", Time since last: 76525800 ns, Reaching safepoint: 150500 ns, At safepoint: 5642500 ns, Total: 5793000 ns
[2020-10-24T05:44:23.173+0000][7][gc,marking   ] GC(66) Concurrent Rebuild Remembered Sets
[2020-10-24T05:44:23.217+0000][7][gc,marking   ] GC(66) Concurrent Rebuild Remembered Sets 44.586ms
[2020-10-24T05:44:23.218+0000][7][gc,start     ] GC(66) Pause Cleanup
[2020-10-24T05:44:23.218+0000][7][gc           ] GC(66) Pause Cleanup 144M->144M(256M) 0.377ms
[2020-10-24T05:44:23.218+0000][7][gc,cpu       ] GC(66) User=0.00s Sys=0.00s Real=0.00s
[2020-10-24T05:44:23.218+0000][7][safepoint    ] Safepoint "G1Concurrent", Time since last: 45095300 ns, Reaching safepoint: 131600 ns, At safepoint: 773700 ns, Total: 905300 ns
[2020-10-24T05:44:23.219+0000][7][gc,marking   ] GC(66) Concurrent Cleanup for Next Mark
[2020-10-24T05:44:23.219+0000][7][gc,marking   ] GC(66) Concurrent Cleanup for Next Mark 0.571ms
[2020-10-24T05:44:23.219+0000][7][gc           ] GC(66) Concurrent Cycle 129.291ms
[2020-10-24T05:44:25.194+0000][7][safepoint    ] Safepoint "Cleanup", Time since last: 1975516200 ns, Reaching safepoint: 277000 ns, At safepoint: 45400 ns, Total: 322400 ns
[2020-10-24T05:44:26.195+0000][7][safepoint    ] Safepoint "Cleanup", Time since last: 1000595900 ns, Reaching safepoint: 141200 ns, At safepoint: 34000 ns, Total: 175200 ns
[2020-10-24T05:44:27.224+0000][7][safepoint    ] Safepoint "Cleanup", Time since last: 1028769700 ns, Reaching safepoint: 161700 ns, At safepoint: 6000 ns, Total: 167700 ns
[2020-10-24T05:44:31.225+0000][7][safepoint    ] Safepoint "Cleanup", Time since last: 4001305700 ns, Reaching safepoint: 237500 ns, At safepoint: 7000 ns, Total: 244500 ns
[2020-10-24T05:44:34.226+0000][7][safepoint    ] Safepoint "Cleanup", Time since last: 3000763700 ns, Reaching safepoint: 210800 ns, At safepoint: 7100 ns, Total: 217900 ns
[2020-10-24T05:44:35.227+0000][7][safepoint    ] Safepoint "Cleanup", Time since last: 1000486500 ns, Reaching safepoint: 221100 ns, At safepoint: 6900 ns, Total: 228000 ns
[2020-10-24T05:44:37.228+0000][7][safepoint    ] Safepoint "Cleanup", Time since last: 2000584100 ns, Reaching safepoint: 219100 ns, At safepoint: 6700 ns, Total: 225800 ns
[2020-10-24T05:44:42.229+0000][7][safepoint    ] Safepoint "Cleanup", Time since last: 5001069400 ns, Reaching safepoint: 222400 ns, At safepoint: 6600 ns, Total: 229000 ns
[2020-10-24T05:44:43.357+0000][7][safepoint    ] Safepoint "Cleanup", Time since last: 1127537300 ns, Reaching safepoint: 244100 ns, At safepoint: 54200 ns, Total: 298300 ns
[2020-10-24T05:44:43.595+0000][7][gc,start     ] GC(67) Pause Young (Normal) (G1 Evacuation Pause)
[2020-10-24T05:44:43.595+0000][7][gc,task      ] GC(67) Using 6 workers of 10 for evacuation
[2020-10-24T05:44:43.595+0000][7][gc,age       ] GC(67) Desired survivor size 4718592 bytes, new threshold 15 (max threshold 15)
[2020-10-24T05:44:43.598+0000][7][gc,age       ] GC(67) Age table with threshold 15 (max threshold 15)
[2020-10-24T05:44:43.598+0000][7][gc,age       ] GC(67) - age   1:    1236808 bytes,    1236808 total
[2020-10-24T05:44:43.599+0000][7][gc,age       ] GC(67) - age   2:     698504 bytes,    1935312 total
[2020-10-24T05:44:43.599+0000][7][gc,age       ] GC(67) - age   3:     303136 bytes,    2238448 total
[2020-10-24T05:44:43.599+0000][7][gc,age       ] GC(67) - age   4:     332128 bytes,    2570576 total
[2020-10-24T05:44:43.600+0000][7][gc,age       ] GC(67) - age   5:     458736 bytes,    3029312 total
[2020-10-24T05:44:43.600+0000][7][gc,age       ] GC(67) - age   6:    1392960 bytes,    4422272 total
[2020-10-24T05:44:43.600+0000][7][gc,phases    ] GC(67)   Pre Evacuate Collection Set: 0.1ms
[2020-10-24T05:44:43.600+0000][7][gc,phases    ] GC(67)   Merge Heap Roots: 0.1ms
[2020-10-24T05:44:43.600+0000][7][gc,phases    ] GC(67)   Evacuate Collection Set: 1.7ms
[2020-10-24T05:44:43.601+0000][7][gc,phases    ] GC(67)   Post Evacuate Collection Set: 0.7ms
[2020-10-24T05:44:43.601+0000][7][gc,phases    ] GC(67)   Other: 2.9ms
[2020-10-24T05:44:43.601+0000][7][gc,heap      ] GC(67) Eden regions: 63->0(62)
[2020-10-24T05:44:43.601+0000][7][gc,heap      ] GC(67) Survivor regions: 4->5(9)
[2020-10-24T05:44:43.601+0000][7][gc,heap      ] GC(67) Old regions: 103->103
[2020-10-24T05:44:43.601+0000][7][gc,heap      ] GC(67) Archive regions: 2->2
[2020-10-24T05:44:43.601+0000][7][gc,heap      ] GC(67) Humongous regions: 15->15
[2020-10-24T05:44:43.601+0000][7][gc,metaspace ] GC(67) Metaspace: 98212K(106020K)->98212K(106020K) NonClass: 85174K(89816K)->85174K(89816K) Class: 13038K(16204K)->13038K(16204K)
[2020-10-24T05:44:43.602+0000][7][gc           ] GC(67) Pause Young (Normal) (G1 Evacuation Pause) 185M->123M(256M) 6.943ms
[2020-10-24T05:44:43.602+0000][7][gc,cpu       ] GC(67) User=0.01s Sys=0.00s Real=0.01s
[2020-10-24T05:44:43.602+0000][7][safepoint    ] Safepoint "G1CollectForAllocation", Time since last: 237115100 ns, Reaching safepoint: 336100 ns, At safepoint: 7238000 ns, Total: 7574100 ns
[2020-10-24T05:44:44.564+0000][7][safepoint    ] Safepoint "BulkRevokeBias", Time since last: 961911800 ns, Reaching safepoint: 221400 ns, At safepoint: 520300 ns, Total: 741700 ns
[2020-10-24T05:44:44.588+0000][7][safepoint    ] Safepoint "BulkRevokeBias", Time since last: 22825500 ns, Reaching safepoint: 184100 ns, At safepoint: 1024700 ns, Total: 1208800 ns
[2020-10-24T05:44:44.600+0000][7][safepoint    ] Safepoint "BulkRevokeBias", Time since last: 11040500 ns, Reaching safepoint: 168100 ns, At safepoint: 482300 ns, Total: 650400 ns
[2020-10-24T05:44:44.602+0000][7][safepoint    ] Safepoint "BulkRevokeBias", Time since last: 1711200 ns, Reaching safepoint: 137600 ns, At safepoint: 454600 ns, Total: 592200 ns
[2020-10-24T05:44:45.604+0000][7][safepoint    ] Safepoint "Cleanup", Time since last: 1000847300 ns, Reaching safepoint: 271700 ns, At safepoint: 8900 ns, Total: 280600 ns
[2020-10-24T05:44:45.614+0000][7][safepoint    ] Safepoint "BulkRevokeBias", Time since last: 10118900 ns, Reaching safepoint: 253300 ns, At safepoint: 429800 ns, Total: 683100 ns
[2020-10-24T05:44:46.625+0000][7][safepoint    ] Safepoint "Cleanup", Time since last: 1010147600 ns, Reaching safepoint: 250900 ns, At safepoint: 31900 ns, Total: 282800 ns
[2020-10-24T05:44:46.697+0000][7][safepoint    ] Safepoint "BulkRevokeBias", Time since last: 71702300 ns, Reaching safepoint: 255200 ns, At safepoint: 497500 ns, Total: 752700 ns
[2020-10-24T05:44:46.734+0000][7][gc,start     ] GC(68) Pause Young (Concurrent Start) (G1 Evacuation Pause)
[2020-10-24T05:44:46.734+0000][7][gc,task      ] GC(68) Using 6 workers of 10 for evacuation
[2020-10-24T05:44:46.735+0000][7][gc,age       ] GC(68) Desired survivor size 4718592 bytes, new threshold 15 (max threshold 15)
[2020-10-24T05:44:46.739+0000][7][gc,age       ] GC(68) Age table with threshold 15 (max threshold 15)
[2020-10-24T05:44:46.739+0000][7][gc,age       ] GC(68) - age   1:    2629040 bytes,    2629040 total
[2020-10-24T05:44:46.740+0000][7][gc,age       ] GC(68) - age   2:     904632 bytes,    3533672 total
[2020-10-24T05:44:46.740+0000][7][gc,age       ] GC(68) - age   3:     698504 bytes,    4232176 total
[2020-10-24T05:44:46.740+0000][7][gc,age       ] GC(68) - age   4:     303136 bytes,    4535312 total
[2020-10-24T05:44:46.740+0000][7][gc,age       ] GC(68) - age   5:     332040 bytes,    4867352 total
[2020-10-24T05:44:46.741+0000][7][gc,age       ] GC(68) - age   6:     458672 bytes,    5326024 total
[2020-10-24T05:44:46.741+0000][7][gc,age       ] GC(68) - age   7:    1391120 bytes,    6717144 total
[2020-10-24T05:44:46.741+0000][7][gc,phases    ] GC(68)   Pre Evacuate Collection Set: 0.5ms
[2020-10-24T05:44:46.741+0000][7][gc,phases    ] GC(68)   Merge Heap Roots: 0.2ms
[2020-10-24T05:44:46.741+0000][7][gc,phases    ] GC(68)   Evacuate Collection Set: 2.6ms
[2020-10-24T05:44:46.741+0000][7][gc,phases    ] GC(68)   Post Evacuate Collection Set: 0.8ms
[2020-10-24T05:44:46.741+0000][7][gc,phases    ] GC(68)   Other: 2.8ms
[2020-10-24T05:44:46.742+0000][7][gc,heap      ] GC(68) Eden regions: 62->0(58)
[2020-10-24T05:44:46.742+0000][7][gc,heap      ] GC(68) Survivor regions: 5->7(9)
[2020-10-24T05:44:46.742+0000][7][gc,heap      ] GC(68) Old regions: 103->103
[2020-10-24T05:44:46.742+0000][7][gc,heap      ] GC(68) Archive regions: 2->2
[2020-10-24T05:44:46.742+0000][7][gc,heap      ] GC(68) Humongous regions: 15->15
[2020-10-24T05:44:46.742+0000][7][gc,metaspace ] GC(68) Metaspace: 100108K(108324K)->100108K(108324K) NonClass: 86775K(91608K)->86775K(91608K) Class: 13333K(16716K)->13333K(16716K)
[2020-10-24T05:44:46.742+0000][7][gc           ] GC(68) Pause Young (Concurrent Start) (G1 Evacuation Pause) 184M->125M(256M) 8.430ms
[2020-10-24T05:44:46.743+0000][7][gc,cpu       ] GC(68) User=0.01s Sys=0.00s Real=0.01s
[2020-10-24T05:44:46.743+0000][7][gc           ] GC(69) Concurrent Cycle
[2020-10-24T05:44:46.743+0000][7][gc,marking   ] GC(69) Concurrent Clear Claimed Marks
[2020-10-24T05:44:46.743+0000][7][safepoint    ] Safepoint "G1CollectForAllocation", Time since last: 36470800 ns, Reaching safepoint: 193100 ns, At safepoint: 8805600 ns, Total: 8998700 ns
[2020-10-24T05:44:46.744+0000][7][gc,marking   ] GC(69) Concurrent Clear Claimed Marks 0.707ms
[2020-10-24T05:44:46.744+0000][7][gc,marking   ] GC(69) Concurrent Scan Root Regions
[2020-10-24T05:44:46.745+0000][7][gc,marking   ] GC(69) Concurrent Scan Root Regions 1.488ms
[2020-10-24T05:44:46.746+0000][7][gc,marking   ] GC(69) Concurrent Mark (44.112s)
[2020-10-24T05:44:46.746+0000][7][gc,marking   ] GC(69) Concurrent Mark From Roots
[2020-10-24T05:44:46.746+0000][7][gc,task      ] GC(69) Using 3 workers of 3 for marking
[2020-10-24T05:44:46.832+0000][7][gc,marking   ] GC(69) Concurrent Mark From Roots 86.194ms
[2020-10-24T05:44:46.832+0000][7][gc,marking   ] GC(69) Concurrent Preclean
[2020-10-24T05:44:46.833+0000][7][gc,marking   ] GC(69) Concurrent Preclean 0.539ms
[2020-10-24T05:44:46.833+0000][7][gc,marking   ] GC(69) Concurrent Mark (44.112s, 44.199s) 87.346ms
[2020-10-24T05:44:46.833+0000][7][gc,start     ] GC(69) Pause Remark
[2020-10-24T05:44:46.838+0000][7][gc           ] GC(69) Pause Remark 135M->135M(256M) 4.457ms
[2020-10-24T05:44:46.838+0000][7][gc,cpu       ] GC(69) User=0.02s Sys=0.00s Real=0.01s
[2020-10-24T05:44:46.838+0000][7][safepoint    ] Safepoint "G1Concurrent", Time since last: 90347700 ns, Reaching safepoint: 142200 ns, At safepoint: 4937100 ns, Total: 5079300 ns
[2020-10-24T05:44:46.838+0000][7][gc,marking   ] GC(69) Concurrent Rebuild Remembered Sets
[2020-10-24T05:44:46.878+0000][7][gc,marking   ] GC(69) Concurrent Rebuild Remembered Sets 39.878ms
[2020-10-24T05:44:46.879+0000][7][gc,start     ] GC(69) Pause Cleanup
[2020-10-24T05:44:46.880+0000][7][gc           ] GC(69) Pause Cleanup 135M->135M(256M) 0.334ms
[2020-10-24T05:44:46.880+0000][7][gc,cpu       ] GC(69) User=0.00s Sys=0.00s Real=0.00s
[2020-10-24T05:44:46.880+0000][7][safepoint    ] Safepoint "G1Concurrent", Time since last: 40410800 ns, Reaching safepoint: 655400 ns, At safepoint: 795700 ns, Total: 1451100 ns
[2020-10-24T05:44:46.880+0000][7][gc,marking   ] GC(69) Concurrent Cleanup for Next Mark
[2020-10-24T05:44:46.881+0000][7][gc,marking   ] GC(69) Concurrent Cleanup for Next Mark 0.532ms
[2020-10-24T05:44:46.881+0000][7][gc           ] GC(69) Concurrent Cycle 138.373ms
[2020-10-24T05:44:47.883+0000][7][safepoint    ] Safepoint "Cleanup", Time since last: 1002535300 ns, Reaching safepoint: 391800 ns, At safepoint: 24700 ns, Total: 416500 ns
[2020-10-24T05:44:48.884+0000][7][safepoint    ] Safepoint "Cleanup", Time since last: 1001071000 ns, Reaching safepoint: 274100 ns, At safepoint: 10500 ns, Total: 284600 ns
[2020-10-24T05:44:49.939+0000][7][safepoint    ] Safepoint "Cleanup", Time since last: 1053347900 ns, Reaching safepoint: 980900 ns, At safepoint: 243100 ns, Total: 1224000 ns
[2020-10-24T05:44:50.605+0000][7][safepoint    ] Safepoint "BulkRevokeBias", Time since last: 664772700 ns, Reaching safepoint: 358400 ns, At safepoint: 1103300 ns, Total: 1461700 ns
[2020-10-24T05:44:50.868+0000][7][safepoint    ] Safepoint "BulkRevokeBias", Time since last: 261153000 ns, Reaching safepoint: 183200 ns, At safepoint: 1028900 ns, Total: 1212100 ns
[2020-10-24T05:44:51.472+0000][7][safepoint    ] Safepoint "BulkRevokeBias", Time since last: 602170600 ns, Reaching safepoint: 356400 ns, At safepoint: 1962000 ns, Total: 2318400 ns
[2020-10-24T05:44:52.604+0000][7][safepoint    ] Safepoint "Cleanup", Time since last: 1131500000 ns, Reaching safepoint: 364900 ns, At safepoint: 33700 ns, Total: 398600 ns
[2020-10-24T05:44:53.605+0000][7][safepoint    ] Safepoint "Cleanup", Time since last: 1000933400 ns, Reaching safepoint: 547900 ns, At safepoint: 31900 ns, Total: 579800 ns
[2020-10-24T05:44:53.937+0000][7][safepoint    ] Safepoint "BulkRevokeBias", Time since last: 328899600 ns, Reaching safepoint: 501200 ns, At safepoint: 1788900 ns, Total: 2290100 ns
[2020-10-24T05:44:53.963+0000][7][safepoint    ] Safepoint "BulkRevokeBias", Time since last: 25014000 ns, Reaching safepoint: 417400 ns, At safepoint: 930500 ns, Total: 1347900 ns
[2020-10-24T05:44:53.983+0000][7][safepoint    ] Safepoint "BulkRevokeBias", Time since last: 17772800 ns, Reaching safepoint: 288100 ns, At safepoint: 1888400 ns, Total: 2176500 ns
[2020-10-24T05:44:53.987+0000][7][gc,start     ] GC(70) Pause Young (Normal) (G1 Evacuation Pause)
[2020-10-24T05:44:53.988+0000][7][gc,task      ] GC(70) Using 6 workers of 10 for evacuation
[2020-10-24T05:44:53.988+0000][7][gc,age       ] GC(70) Desired survivor size 4718592 bytes, new threshold 5 (max threshold 15)
[2020-10-24T05:44:53.993+0000][7][gc,age       ] GC(70) Age table with threshold 5 (max threshold 15)
[2020-10-24T05:44:53.993+0000][7][gc,age       ] GC(70) - age   1:    2473408 bytes,    2473408 total
[2020-10-24T05:44:53.993+0000][7][gc,age       ] GC(70) - age   2:    1846152 bytes,    4319560 total
[2020-10-24T05:44:53.993+0000][7][gc,age       ] GC(70) - age   3:     714472 bytes,    5034032 total
[2020-10-24T05:44:53.994+0000][7][gc,age       ] GC(70) - age   4:     176816 bytes,    5210848 total
[2020-10-24T05:44:53.994+0000][7][gc,age       ] GC(70) - age   5:     103848 bytes,    5314696 total
[2020-10-24T05:44:53.994+0000][7][gc,phases    ] GC(70)   Pre Evacuate Collection Set: 0.1ms
[2020-10-24T05:44:53.994+0000][7][gc,phases    ] GC(70)   Merge Heap Roots: 0.1ms
[2020-10-24T05:44:53.994+0000][7][gc,phases    ] GC(70)   Evacuate Collection Set: 3.3ms
[2020-10-24T05:44:53.994+0000][7][gc,phases    ] GC(70)   Post Evacuate Collection Set: 0.7ms
[2020-10-24T05:44:53.995+0000][7][gc,phases    ] GC(70)   Other: 2.4ms
[2020-10-24T05:44:53.995+0000][7][gc,heap      ] GC(70) Eden regions: 58->0(58)
[2020-10-24T05:44:53.995+0000][7][gc,heap      ] GC(70) Survivor regions: 7->6(9)
[2020-10-24T05:44:53.995+0000][7][gc,heap      ] GC(70) Old regions: 103->105
[2020-10-24T05:44:53.995+0000][7][gc,heap      ] GC(70) Archive regions: 2->2
[2020-10-24T05:44:53.995+0000][7][gc,heap      ] GC(70) Humongous regions: 15->15
[2020-10-24T05:44:53.995+0000][7][gc,metaspace ] GC(70) Metaspace: 101136K(109476K)->101136K(109476K) NonClass: 87656K(92632K)->87656K(92632K) Class: 13479K(16844K)->13479K(16844K)
[2020-10-24T05:44:53.996+0000][7][gc           ] GC(70) Pause Young (Normal) (G1 Evacuation Pause) 183M->125M(256M) 8.174ms
[2020-10-24T05:44:53.996+0000][7][gc,cpu       ] GC(70) User=0.03s Sys=0.00s Real=0.00s
[2020-10-24T05:44:53.996+0000][7][safepoint    ] Safepoint "G1CollectForAllocation", Time since last: 4248600 ns, Reaching safepoint: 128500 ns, At safepoint: 8658200 ns, Total: 8786700 ns
[2020-10-24T05:44:54.000+0000][7][safepoint    ] Safepoint "BulkRevokeBias", Time since last: 2836300 ns, Reaching safepoint: 193200 ns, At safepoint: 1038400 ns, Total: 1231600 ns
[2020-10-24T05:44:54.175+0000][7][safepoint    ] Safepoint "BulkRevokeBias", Time since last: 173678300 ns, Reaching safepoint: 219200 ns, At safepoint: 635500 ns, Total: 854700 ns
[2020-10-24T05:44:55.175+0000][7][safepoint    ] Safepoint "Cleanup", Time since last: 1000397000 ns, Reaching safepoint: 287200 ns, At safepoint: 23600 ns, Total: 310800 ns
[2020-10-24T05:44:56.177+0000][7][safepoint    ] Safepoint "Cleanup", Time since last: 1000604900 ns, Reaching safepoint: 808500 ns, At safepoint: 45800 ns, Total: 854300 ns
[2020-10-24T05:44:57.178+0000][7][safepoint    ] Safepoint "Cleanup", Time since last: 1001167400 ns, Reaching safepoint: 203900 ns, At safepoint: 23600 ns, Total: 227500 ns
[2020-10-24T05:44:58.179+0000][7][safepoint    ] Safepoint "Cleanup", Time since last: 1000542000 ns, Reaching safepoint: 291300 ns, At safepoint: 14400 ns, Total: 305700 ns
[2020-10-24T05:44:59.181+0000][7][safepoint    ] Safepoint "Cleanup", Time since last: 1000733800 ns, Reaching safepoint: 785400 ns, At safepoint: 43800 ns, Total: 829200 ns
[2020-10-24T05:45:00.182+0000][7][safepoint    ] Safepoint "Cleanup", Time since last: 1001236700 ns, Reaching safepoint: 281000 ns, At safepoint: 9700 ns, Total: 290700 ns
[2020-10-24T05:45:01.183+0000][7][safepoint    ] Safepoint "Cleanup", Time since last: 1000585900 ns, Reaching safepoint: 548000 ns, At safepoint: 34500 ns, Total: 582500 ns
[2020-10-24T05:45:02.185+0000][7][safepoint    ] Safepoint "Cleanup", Time since last: 1001081500 ns, Reaching safepoint: 229600 ns, At safepoint: 9100 ns, Total: 238700 ns
[2020-10-24T05:45:03.185+0000][7][safepoint    ] Safepoint "Cleanup", Time since last: 1000523200 ns, Reaching safepoint: 242100 ns, At safepoint: 9600 ns, Total: 251700 ns
[2020-10-24T05:45:05.007+0000][7][safepoint    ] Safepoint "Cleanup", Time since last: 1821181900 ns, Reaching safepoint: 858900 ns, At safepoint: 96800 ns, Total: 955700 ns
[2020-10-24T05:45:06.009+0000][7][safepoint    ] Safepoint "Cleanup", Time since last: 1001310000 ns, Reaching safepoint: 604300 ns, At safepoint: 33400 ns, Total: 637700 ns
[2020-10-24T05:45:07.924+0000][7][safepoint    ] Safepoint "Cleanup", Time since last: 1914796600 ns, Reaching safepoint: 245500 ns, At safepoint: 11100 ns, Total: 256600 ns
[2020-10-24T05:45:08.925+0000][7][safepoint    ] Safepoint "Cleanup", Time since last: 1000518700 ns, Reaching safepoint: 206800 ns, At safepoint: 8400 ns, Total: 215200 ns
[2020-10-24T05:45:09.926+0000][7][safepoint    ] Safepoint "Cleanup", Time since last: 1000463200 ns, Reaching safepoint: 297900 ns, At safepoint: 16100 ns, Total: 314000 ns
[2020-10-24T05:45:10.929+0000][7][safepoint    ] Safepoint "Cleanup", Time since last: 1002782900 ns, Reaching safepoint: 272600 ns, At safepoint: 12300 ns, Total: 284900 ns
[2020-10-24T05:45:11.930+0000][7][safepoint    ] Safepoint "Cleanup", Time since last: 1000675000 ns, Reaching safepoint: 541100 ns, At safepoint: 34700 ns, Total: 575800 ns
[2020-10-24T05:45:12.932+0000][7][safepoint    ] Safepoint "Cleanup", Time since last: 1001312700 ns, Reaching safepoint: 572100 ns, At safepoint: 43500 ns, Total: 615600 ns
[2020-10-24T05:45:13.945+0000][7][safepoint    ] Safepoint "Cleanup", Time since last: 1012252700 ns, Reaching safepoint: 790200 ns, At safepoint: 43200 ns, Total: 833400 ns
[2020-10-24T05:45:14.948+0000][7][safepoint    ] Safepoint "Cleanup", Time since last: 1001264200 ns, Reaching safepoint: 829900 ns, At safepoint: 126200 ns, Total: 956100 ns
[2020-10-24T05:45:15.633+0000][7][safepoint    ] Safepoint "BulkRevokeBias", Time since last: 684471700 ns, Reaching safepoint: 240900 ns, At safepoint: 1226300 ns, Total: 1467200 ns
[2020-10-24T05:45:16.635+0000][7][safepoint    ] Safepoint "Cleanup", Time since last: 1001032900 ns, Reaching safepoint: 195600 ns, At safepoint: 9000 ns, Total: 204600 ns
[2020-10-24T05:45:17.636+0000][7][safepoint    ] Safepoint "Cleanup", Time since last: 1000467100 ns, Reaching safepoint: 618000 ns, At safepoint: 34200 ns, Total: 652200 ns
[2020-10-24T05:45:18.637+0000][7][safepoint    ] Safepoint "Cleanup", Time since last: 1001147600 ns, Reaching safepoint: 251800 ns, At safepoint: 8800 ns, Total: 260600 ns
[2020-10-24T05:45:19.956+0000][7][safepoint    ] Safepoint "Cleanup", Time since last: 1318041500 ns, Reaching safepoint: 602300 ns, At safepoint: 30700 ns, Total: 633000 ns
[2020-10-24T05:45:20.957+0000][7][safepoint    ] Safepoint "Cleanup", Time since last: 1001080200 ns, Reaching safepoint: 299200 ns, At safepoint: 15500 ns, Total: 314700 ns
[2020-10-24T05:45:22.225+0000][7][safepoint    ] Safepoint "Cleanup", Time since last: 1267610700 ns, Reaching safepoint: 550800 ns, At safepoint: 33900 ns, Total: 584700 ns
[2020-10-24T05:45:22.741+0000][7][safepoint    ] Safepoint "ICBufferFull", Time since last: 514774200 ns, Reaching safepoint: 353000 ns, At safepoint: 143600 ns, Total: 496600 ns
[2020-10-24T05:45:22.754+0000][7][gc,start     ] GC(71) Pause Young (Concurrent Start) (G1 Evacuation Pause)
[2020-10-24T05:45:22.754+0000][7][gc,task      ] GC(71) Using 6 workers of 10 for evacuation
[2020-10-24T05:45:22.754+0000][7][gc,age       ] GC(71) Desired survivor size 4194304 bytes, new threshold 2 (max threshold 15)
[2020-10-24T05:45:22.760+0000][7][gc,age       ] GC(71) Age table with threshold 2 (max threshold 15)
[2020-10-24T05:45:22.760+0000][7][gc,age       ] GC(71) - age   1:    6327424 bytes,    6327424 total
[2020-10-24T05:45:22.761+0000][7][gc,age       ] GC(71) - age   2:    1863984 bytes,    8191408 total
[2020-10-24T05:45:22.761+0000][7][gc,phases    ] GC(71)   Pre Evacuate Collection Set: 0.6ms
[2020-10-24T05:45:22.761+0000][7][gc,phases    ] GC(71)   Merge Heap Roots: 0.1ms
[2020-10-24T05:45:22.761+0000][7][gc,phases    ] GC(71)   Evacuate Collection Set: 3.4ms
[2020-10-24T05:45:22.762+0000][7][gc,phases    ] GC(71)   Post Evacuate Collection Set: 1.0ms
[2020-10-24T05:45:22.762+0000][7][gc,phases    ] GC(71)   Other: 1.9ms
[2020-10-24T05:45:22.762+0000][7][gc,heap      ] GC(71) Eden regions: 58->0(50)
[2020-10-24T05:45:22.762+0000][7][gc,heap      ] GC(71) Survivor regions: 6->8(8)
[2020-10-24T05:45:22.763+0000][7][gc,heap      ] GC(71) Old regions: 105->108
[2020-10-24T05:45:22.763+0000][7][gc,heap      ] GC(71) Archive regions: 2->2
[2020-10-24T05:45:22.763+0000][7][gc,heap      ] GC(71) Humongous regions: 15->15
[2020-10-24T05:45:22.763+0000][7][gc,metaspace ] GC(71) Metaspace: 102451K(111012K)->102451K(111012K) NonClass: 88811K(93912K)->88811K(93912K) Class: 13639K(17100K)->13639K(17100K)
[2020-10-24T05:45:22.763+0000][7][gc           ] GC(71) Pause Young (Concurrent Start) (G1 Evacuation Pause) 183M->131M(256M) 9.399ms
[2020-10-24T05:45:22.763+0000][7][gc,cpu       ] GC(71) User=0.03s Sys=0.00s Real=0.01s
[2020-10-24T05:45:22.764+0000][7][gc           ] GC(72) Concurrent Cycle
[2020-10-24T05:45:22.764+0000][7][safepoint    ] Safepoint "G1CollectForAllocation", Time since last: 12636300 ns, Reaching safepoint: 428200 ns, At safepoint: 10004300 ns, Total: 10432500 ns
[2020-10-24T05:45:22.764+0000][7][gc,marking   ] GC(72) Concurrent Clear Claimed Marks
[2020-10-24T05:45:22.766+0000][7][gc,marking   ] GC(72) Concurrent Clear Claimed Marks 1.810ms
[2020-10-24T05:45:22.766+0000][7][gc,marking   ] GC(72) Concurrent Scan Root Regions
[2020-10-24T05:45:22.768+0000][7][gc,marking   ] GC(72) Concurrent Scan Root Regions 2.095ms
[2020-10-24T05:45:22.768+0000][7][gc,marking   ] GC(72) Concurrent Mark (80.135s)
[2020-10-24T05:45:22.769+0000][7][gc,marking   ] GC(72) Concurrent Mark From Roots
[2020-10-24T05:45:22.769+0000][7][gc,task      ] GC(72) Using 3 workers of 3 for marking
[2020-10-24T05:45:22.787+0000][7][safepoint    ] Safepoint "BulkRevokeBias", Time since last: 21958700 ns, Reaching safepoint: 324100 ns, At safepoint: 723100 ns, Total: 1047200 ns
[2020-10-24T05:45:22.826+0000][7][gc,marking   ] GC(72) Concurrent Mark From Roots 57.591ms
[2020-10-24T05:45:22.826+0000][7][gc,marking   ] GC(72) Concurrent Preclean
[2020-10-24T05:45:22.827+0000][7][gc,marking   ] GC(72) Concurrent Preclean 0.460ms
[2020-10-24T05:45:22.827+0000][7][gc,marking   ] GC(72) Concurrent Mark (80.135s, 80.193s) 58.587ms
[2020-10-24T05:45:22.827+0000][7][gc,start     ] GC(72) Pause Remark
[2020-10-24T05:45:22.832+0000][7][gc           ] GC(72) Pause Remark 151M->151M(256M) 4.185ms
[2020-10-24T05:45:22.832+0000][7][gc,cpu       ] GC(72) User=0.02s Sys=0.00s Real=0.00s
[2020-10-24T05:45:22.832+0000][7][safepoint    ] Safepoint "G1Concurrent", Time since last: 40294600 ns, Reaching safepoint: 226200 ns, At safepoint: 4691100 ns, Total: 4917300 ns
[2020-10-24T05:45:22.832+0000][7][gc,marking   ] GC(72) Concurrent Rebuild Remembered Sets
[2020-10-24T05:45:22.874+0000][7][gc,marking   ] GC(72) Concurrent Rebuild Remembered Sets 41.933ms
[2020-10-24T05:45:22.875+0000][7][gc,start     ] GC(72) Pause Cleanup
[2020-10-24T05:45:22.875+0000][7][gc           ] GC(72) Pause Cleanup 154M->154M(256M) 0.320ms
[2020-10-24T05:45:22.876+0000][7][gc,cpu       ] GC(72) User=0.00s Sys=0.00s Real=0.00s
[2020-10-24T05:45:22.876+0000][7][safepoint    ] Safepoint "G1Concurrent", Time since last: 42365900 ns, Reaching safepoint: 668700 ns, At safepoint: 701900 ns, Total: 1370600 ns
[2020-10-24T05:45:22.876+0000][7][gc,marking   ] GC(72) Concurrent Cleanup for Next Mark
[2020-10-24T05:45:22.876+0000][7][gc,marking   ] GC(72) Concurrent Cleanup for Next Mark 0.481ms
[2020-10-24T05:45:22.877+0000][7][gc           ] GC(72) Concurrent Cycle 112.889ms
[2020-10-24T05:45:23.876+0000][7][safepoint    ] Safepoint "Cleanup", Time since last: 1000270000 ns, Reaching safepoint: 239300 ns, At safepoint: 22100 ns, Total: 261400 ns
[2020-10-24T05:45:24.877+0000][7][safepoint    ] Safepoint "Cleanup", Time since last: 1000352600 ns, Reaching safepoint: 240900 ns, At safepoint: 9600 ns, Total: 250500 ns
[2020-10-24T05:45:26.603+0000][7][safepoint    ] Safepoint "Cleanup", Time since last: 1725673400 ns, Reaching safepoint: 256600 ns, At safepoint: 10900 ns, Total: 267500 ns
[2020-10-24T05:45:27.604+0000][7][safepoint    ] Safepoint "Cleanup", Time since last: 1000543400 ns, Reaching safepoint: 236700 ns, At safepoint: 10300 ns, Total: 247000 ns
[2020-10-24T05:45:28.606+0000][7][safepoint    ] Safepoint "Cleanup", Time since last: 1000673500 ns, Reaching safepoint: 949900 ns, At safepoint: 248400 ns, Total: 1198300 ns
[2020-10-24T05:45:29.607+0000][7][safepoint    ] Safepoint "Cleanup", Time since last: 1001185900 ns, Reaching safepoint: 261300 ns, At safepoint: 9200 ns, Total: 270500 ns
[2020-10-24T05:45:30.608+0000][7][safepoint    ] Safepoint "Cleanup", Time since last: 1000720600 ns, Reaching safepoint: 568000 ns, At safepoint: 35400 ns, Total: 603400 ns
[2020-10-24T05:45:31.610+0000][7][safepoint    ] Safepoint "Cleanup", Time since last: 1001205800 ns, Reaching safepoint: 324000 ns, At safepoint: 29600 ns, Total: 353600 ns
[2020-10-24T05:45:32.611+0000][7][safepoint    ] Safepoint "Cleanup", Time since last: 1000493000 ns, Reaching safepoint: 206100 ns, At safepoint: 8800 ns, Total: 214900 ns
[2020-10-24T05:45:33.611+0000][7][safepoint    ] Safepoint "Cleanup", Time since last: 1000493700 ns, Reaching safepoint: 255800 ns, At safepoint: 9000 ns, Total: 264800 ns
[2020-10-24T05:45:34.612+0000][7][safepoint    ] Safepoint "Cleanup", Time since last: 1000455400 ns, Reaching safepoint: 306700 ns, At safepoint: 9300 ns, Total: 316000 ns
[2020-10-24T05:45:35.613+0000][7][safepoint    ] Safepoint "Cleanup", Time since last: 1000593400 ns, Reaching safepoint: 589300 ns, At safepoint: 33100 ns, Total: 622400 ns
[2020-10-24T05:45:36.615+0000][7][safepoint    ] Safepoint "Cleanup", Time since last: 1001168500 ns, Reaching safepoint: 326700 ns, At safepoint: 16800 ns, Total: 343500 ns
[2020-10-24T05:45:37.616+0000][7][safepoint    ] Safepoint "Cleanup", Time since last: 1000621900 ns, Reaching safepoint: 270700 ns, At safepoint: 8800 ns, Total: 279500 ns
[2020-10-24T05:45:38.617+0000][7][safepoint    ] Safepoint "Cleanup", Time since last: 1000566300 ns, Reaching safepoint: 243900 ns, At safepoint: 8800 ns, Total: 252700 ns
[2020-10-24T05:45:39.617+0000][7][safepoint    ] Safepoint "Cleanup", Time since last: 1000543800 ns, Reaching safepoint: 363900 ns, At safepoint: 20400 ns, Total: 384300 ns
[2020-10-24T05:45:41.018+0000][7][safepoint    ] Safepoint "Cleanup", Time since last: 1400519900 ns, Reaching safepoint: 316200 ns, At safepoint: 14200 ns, Total: 330400 ns
[2020-10-24T05:45:42.019+0000][7][safepoint    ] Safepoint "Cleanup", Time since last: 1000668600 ns, Reaching safepoint: 240200 ns, At safepoint: 13900 ns, Total: 254100 ns
[2020-10-24T05:45:43.020+0000][7][safepoint    ] Safepoint "Cleanup", Time since last: 1000499700 ns, Reaching safepoint: 218600 ns, At safepoint: 8800 ns, Total: 227400 ns
[2020-10-24T05:45:44.023+0000][7][safepoint    ] Safepoint "Cleanup", Time since last: 1003139900 ns, Reaching safepoint: 280000 ns, At safepoint: 15000 ns, Total: 295000 ns
[2020-10-24T05:45:45.025+0000][7][safepoint    ] Safepoint "Cleanup", Time since last: 1000736800 ns, Reaching safepoint: 612800 ns, At safepoint: 45200 ns, Total: 658000 ns
[2020-10-24T05:45:46.639+0000][7][safepoint    ] Safepoint "Cleanup", Time since last: 1613657900 ns, Reaching safepoint: 274800 ns, At safepoint: 8900 ns, Total: 283700 ns
[2020-10-24T05:45:47.823+0000][7][safepoint    ] Safepoint "Cleanup", Time since last: 1183903800 ns, Reaching safepoint: 444200 ns, At safepoint: 44400 ns, Total: 488600 ns
[2020-10-24T05:45:48.886+0000][7][safepoint    ] Safepoint "Cleanup", Time since last: 1062726800 ns, Reaching safepoint: 288100 ns, At safepoint: 56700 ns, Total: 344800 ns
[2020-10-24T05:45:49.037+0000][7][gc,start     ] GC(73) Pause Young (Normal) (G1 Evacuation Pause)
[2020-10-24T05:45:49.037+0000][7][gc,task      ] GC(73) Using 6 workers of 10 for evacuation
[2020-10-24T05:45:49.038+0000][7][gc,age       ] GC(73) Desired survivor size 4194304 bytes, new threshold 1 (max threshold 15)
[2020-10-24T05:45:49.046+0000][7][gc,age       ] GC(73) Age table with threshold 1 (max threshold 15)
[2020-10-24T05:45:49.046+0000][7][gc,age       ] GC(73) - age   1:    1467280 bytes,    1467280 total
[2020-10-24T05:45:49.047+0000][7][gc,phases    ] GC(73)   Pre Evacuate Collection Set: 0.3ms
[2020-10-24T05:45:49.047+0000][7][gc,phases    ] GC(73)   Merge Heap Roots: 0.4ms
[2020-10-24T05:45:49.048+0000][7][gc,phases    ] GC(73)   Evacuate Collection Set: 4.7ms
[2020-10-24T05:45:49.048+0000][7][gc,phases    ] GC(73)   Post Evacuate Collection Set: 1.8ms
[2020-10-24T05:45:49.049+0000][7][gc,phases    ] GC(73)   Other: 2.8ms
[2020-10-24T05:45:49.049+0000][7][gc,heap      ] GC(73) Eden regions: 50->0(50)
[2020-10-24T05:45:49.050+0000][7][gc,heap      ] GC(73) Survivor regions: 8->2(8)
[2020-10-24T05:45:49.050+0000][7][gc,heap      ] GC(73) Old regions: 108->114
[2020-10-24T05:45:49.050+0000][7][gc,heap      ] GC(73) Archive regions: 2->2
[2020-10-24T05:45:49.051+0000][7][gc,heap      ] GC(73) Humongous regions: 15->15
[2020-10-24T05:45:49.051+0000][7][gc,metaspace ] GC(73) Metaspace: 102812K(111268K)->102812K(111268K) NonClass: 89169K(94168K)->89169K(94168K) Class: 13642K(17100K)->13642K(17100K)
[2020-10-24T05:45:49.052+0000][7][gc           ] GC(73) Pause Young (Normal) (G1 Evacuation Pause) 181M->131M(256M) 15.183ms
[2020-10-24T05:45:49.052+0000][7][gc,cpu       ] GC(73) User=0.03s Sys=0.00s Real=0.02s
[2020-10-24T05:45:49.053+0000][7][safepoint    ] Safepoint "G1CollectForAllocation", Time since last: 150162000 ns, Reaching safepoint: 328500 ns, At safepoint: 16302500 ns, Total: 16631000 ns
[2020-10-24T05:45:49.629+0000][7][safepoint    ] Safepoint "BulkRevokeBias", Time since last: 574846700 ns, Reaching safepoint: 234700 ns, At safepoint: 558800 ns, Total: 793500 ns
[2020-10-24T05:45:51.191+0000][7][safepoint    ] Safepoint "Cleanup", Time since last: 1561817700 ns, Reaching safepoint: 274300 ns, At safepoint: 35200 ns, Total: 309500 ns
[2020-10-24T05:45:52.937+0000][7][safepoint    ] Safepoint "Cleanup", Time since last: 1745549300 ns, Reaching safepoint: 252100 ns, At safepoint: 8600 ns, Total: 260700 ns
[2020-10-24T05:45:53.938+0000][7][safepoint    ] Safepoint "Cleanup", Time since last: 1000536300 ns, Reaching safepoint: 482100 ns, At safepoint: 31800 ns, Total: 513900 ns
[2020-10-24T05:45:54.995+0000][7][safepoint    ] Safepoint "Cleanup", Time since last: 1057496200 ns, Reaching safepoint: 262000 ns, At safepoint: 8700 ns, Total: 270700 ns
[2020-10-24T05:45:55.997+0000][7][safepoint    ] Safepoint "Cleanup", Time since last: 1000590600 ns, Reaching safepoint: 552900 ns, At safepoint: 33300 ns, Total: 586200 ns
[2020-10-24T05:45:56.998+0000][7][safepoint    ] Safepoint "Cleanup", Time since last: 1001287600 ns, Reaching safepoint: 589900 ns, At safepoint: 31400 ns, Total: 621300 ns
[2020-10-24T05:45:58.000+0000][7][safepoint    ] Safepoint "Cleanup", Time since last: 1001213100 ns, Reaching safepoint: 672500 ns, At safepoint: 97400 ns, Total: 769900 ns
[2020-10-24T05:45:59.002+0000][7][safepoint    ] Safepoint "Cleanup", Time since last: 1001145100 ns, Reaching safepoint: 251700 ns, At safepoint: 8800 ns, Total: 260500 ns
[2020-10-24T05:46:00.003+0000][7][safepoint    ] Safepoint "Cleanup", Time since last: 1000565300 ns, Reaching safepoint: 293800 ns, At safepoint: 16300 ns, Total: 310100 ns
[2020-10-24T05:46:01.004+0000][7][safepoint    ] Safepoint "Cleanup", Time since last: 1000891400 ns, Reaching safepoint: 610300 ns, At safepoint: 45500 ns, Total: 655800 ns
[2020-10-24T05:46:02.006+0000][7][safepoint    ] Safepoint "Cleanup", Time since last: 1000930600 ns, Reaching safepoint: 663900 ns, At safepoint: 32200 ns, Total: 696100 ns
[2020-10-24T05:46:03.007+0000][7][safepoint    ] Safepoint "Cleanup", Time since last: 1001129600 ns, Reaching safepoint: 219300 ns, At safepoint: 8800 ns, Total: 228100 ns
[2020-10-24T05:46:04.008+0000][7][safepoint    ] Safepoint "Cleanup", Time since last: 1000610400 ns, Reaching safepoint: 255000 ns, At safepoint: 8700 ns, Total: 263700 ns
[2020-10-24T05:46:05.009+0000][7][safepoint    ] Safepoint "Cleanup", Time since last: 1000609000 ns, Reaching safepoint: 430100 ns, At safepoint: 21700 ns, Total: 451800 ns
[2020-10-24T05:46:06.010+0000][7][safepoint    ] Safepoint "Cleanup", Time since last: 1000927000 ns, Reaching safepoint: 226400 ns, At safepoint: 13300 ns, Total: 239700 ns
[2020-10-24T05:46:07.011+0000][7][safepoint    ] Safepoint "Cleanup", Time since last: 1000606800 ns, Reaching safepoint: 323200 ns, At safepoint: 20900 ns, Total: 344100 ns
[2020-10-24T05:46:08.012+0000][7][safepoint    ] Safepoint "Cleanup", Time since last: 1000757200 ns, Reaching safepoint: 213300 ns, At safepoint: 8500 ns, Total: 221800 ns
[2020-10-24T05:46:09.013+0000][7][safepoint    ] Safepoint "Cleanup", Time since last: 1000471400 ns, Reaching safepoint: 269300 ns, At safepoint: 13400 ns, Total: 282700 ns
[2020-10-24T05:46:10.014+0000][7][safepoint    ] Safepoint "Cleanup", Time since last: 1000662200 ns, Reaching safepoint: 539700 ns, At safepoint: 76100 ns, Total: 615800 ns
[2020-10-24T05:46:11.016+0000][7][safepoint    ] Safepoint "Cleanup", Time since last: 1001167000 ns, Reaching safepoint: 254900 ns, At safepoint: 9200 ns, Total: 264100 ns
[2020-10-24T05:46:12.017+0000][7][safepoint    ] Safepoint "Cleanup", Time since last: 1000519900 ns, Reaching safepoint: 357000 ns, At safepoint: 19900 ns, Total: 376900 ns
[2020-10-24T05:46:13.018+0000][7][safepoint    ] Safepoint "Cleanup", Time since last: 1000741400 ns, Reaching safepoint: 257500 ns, At safepoint: 8700 ns, Total: 266200 ns
[2020-10-24T05:46:14.019+0000][7][safepoint    ] Safepoint "Cleanup", Time since last: 1000526300 ns, Reaching safepoint: 455400 ns, At safepoint: 23600 ns, Total: 479000 ns
[2020-10-24T05:46:15.020+0000][7][safepoint    ] Safepoint "Cleanup", Time since last: 1000763600 ns, Reaching safepoint: 446000 ns, At safepoint: 65700 ns, Total: 511700 ns
[2020-10-24T05:46:15.642+0000][7][gc,start     ] GC(74) Pause Young (Concurrent Start) (G1 Evacuation Pause)
[2020-10-24T05:46:15.643+0000][7][gc,task      ] GC(74) Using 6 workers of 10 for evacuation
[2020-10-24T05:46:15.643+0000][7][gc,age       ] GC(74) Desired survivor size 3670016 bytes, new threshold 15 (max threshold 15)
[2020-10-24T05:46:15.647+0000][7][gc,age       ] GC(74) Age table with threshold 15 (max threshold 15)
[2020-10-24T05:46:15.648+0000][7][gc,age       ] GC(74) - age   1:     614576 bytes,     614576 total
[2020-10-24T05:46:15.648+0000][7][gc,age       ] GC(74) - age   2:    1423696 bytes,    2038272 total
[2020-10-24T05:46:15.648+0000][7][gc,phases    ] GC(74)   Pre Evacuate Collection Set: 0.7ms
[2020-10-24T05:46:15.649+0000][7][gc,phases    ] GC(74)   Merge Heap Roots: 0.2ms
[2020-10-24T05:46:15.649+0000][7][gc,phases    ] GC(74)   Evacuate Collection Set: 2.1ms
[2020-10-24T05:46:15.649+0000][7][gc,phases    ] GC(74)   Post Evacuate Collection Set: 0.9ms
[2020-10-24T05:46:15.649+0000][7][gc,phases    ] GC(74)   Other: 2.0ms
[2020-10-24T05:46:15.649+0000][7][gc,heap      ] GC(74) Eden regions: 50->0(50)
[2020-10-24T05:46:15.650+0000][7][gc,heap      ] GC(74) Survivor regions: 2->3(7)
[2020-10-24T05:46:15.650+0000][7][gc,heap      ] GC(74) Old regions: 114->114
[2020-10-24T05:46:15.650+0000][7][gc,heap      ] GC(74) Archive regions: 2->2
[2020-10-24T05:46:15.650+0000][7][gc,heap      ] GC(74) Humongous regions: 15->15
[2020-10-24T05:46:15.651+0000][7][gc,metaspace ] GC(74) Metaspace: 103071K(111524K)->103071K(111524K) NonClass: 89428K(94424K)->89428K(94424K) Class: 13642K(17100K)->13642K(17100K)
[2020-10-24T05:46:15.651+0000][7][gc           ] GC(74) Pause Young (Concurrent Start) (G1 Evacuation Pause) 181M->131M(256M) 8.328ms
[2020-10-24T05:46:15.651+0000][7][gc,cpu       ] GC(74) User=0.02s Sys=0.00s Real=0.01s
[2020-10-24T05:46:15.651+0000][7][gc           ] GC(75) Concurrent Cycle
[2020-10-24T05:46:15.651+0000][7][gc,marking   ] GC(75) Concurrent Clear Claimed Marks
[2020-10-24T05:46:15.651+0000][7][safepoint    ] Safepoint "G1CollectForAllocation", Time since last: 622216300 ns, Reaching safepoint: 219700 ns, At safepoint: 8818700 ns, Total: 9038400 ns
[2020-10-24T05:46:15.652+0000][7][gc,marking   ] GC(75) Concurrent Clear Claimed Marks 0.955ms
[2020-10-24T05:46:15.653+0000][7][gc,marking   ] GC(75) Concurrent Scan Root Regions
[2020-10-24T05:46:15.654+0000][7][gc,marking   ] GC(75) Concurrent Scan Root Regions 1.036ms
[2020-10-24T05:46:15.654+0000][7][gc,marking   ] GC(75) Concurrent Mark (133.020s)
[2020-10-24T05:46:15.654+0000][7][gc,marking   ] GC(75) Concurrent Mark From Roots
[2020-10-24T05:46:15.654+0000][7][gc,task      ] GC(75) Using 3 workers of 3 for marking
[2020-10-24T05:46:15.708+0000][7][gc,marking   ] GC(75) Concurrent Mark From Roots 53.402ms
[2020-10-24T05:46:15.708+0000][7][gc,marking   ] GC(75) Concurrent Preclean
[2020-10-24T05:46:15.709+0000][7][gc,marking   ] GC(75) Concurrent Preclean 0.919ms
[2020-10-24T05:46:15.709+0000][7][gc,marking   ] GC(75) Concurrent Mark (133.020s, 133.076s) 55.243ms
[2020-10-24T05:46:15.710+0000][7][gc,start     ] GC(75) Pause Remark
[2020-10-24T05:46:15.720+0000][7][gc           ] GC(75) Pause Remark 131M->131M(256M) 10.304ms
[2020-10-24T05:46:15.720+0000][7][gc,cpu       ] GC(75) User=0.05s Sys=0.00s Real=0.01s
[2020-10-24T05:46:15.721+0000][7][safepoint    ] Safepoint "G1Concurrent", Time since last: 58296900 ns, Reaching safepoint: 199300 ns, At safepoint: 11075300 ns, Total: 11274600 ns
[2020-10-24T05:46:15.721+0000][7][gc,marking   ] GC(75) Concurrent Rebuild Remembered Sets
[2020-10-24T05:46:15.754+0000][7][gc,marking   ] GC(75) Concurrent Rebuild Remembered Sets 32.518ms
[2020-10-24T05:46:15.754+0000][7][gc,start     ] GC(75) Pause Cleanup
[2020-10-24T05:46:15.755+0000][7][gc           ] GC(75) Pause Cleanup 131M->131M(256M) 0.522ms
[2020-10-24T05:46:15.755+0000][7][gc,cpu       ] GC(75) User=0.00s Sys=0.00s Real=0.00s
[2020-10-24T05:46:15.755+0000][7][safepoint    ] Safepoint "G1Concurrent", Time since last: 33248700 ns, Reaching safepoint: 197100 ns, At safepoint: 1202800 ns, Total: 1399900 ns
[2020-10-24T05:46:15.756+0000][7][gc,marking   ] GC(75) Concurrent Cleanup for Next Mark
[2020-10-24T05:46:15.756+0000][7][gc,marking   ] GC(75) Concurrent Cleanup for Next Mark 0.645ms
[2020-10-24T05:46:15.757+0000][7][gc           ] GC(75) Concurrent Cycle 105.574ms
[2020-10-24T05:46:16.602+0000][7][safepoint    ] Safepoint "ICBufferFull", Time since last: 846014400 ns, Reaching safepoint: 430300 ns, At safepoint: 10400 ns, Total: 440700 ns
[2020-10-24T05:46:17.603+0000][7][safepoint    ] Safepoint "Cleanup", Time since last: 1000549800 ns, Reaching safepoint: 286200 ns, At safepoint: 10600 ns, Total: 296800 ns
[2020-10-24T05:46:18.604+0000][7][safepoint    ] Safepoint "Cleanup", Time since last: 1000541500 ns, Reaching safepoint: 772800 ns, At safepoint: 56000 ns, Total: 828800 ns
[2020-10-24T05:46:19.605+0000][7][safepoint    ] Safepoint "Cleanup", Time since last: 1000951400 ns, Reaching safepoint: 297900 ns, At safepoint: 23100 ns, Total: 321000 ns
[2020-10-24T05:46:20.606+0000][7][safepoint    ] Safepoint "Cleanup", Time since last: 1000551900 ns, Reaching safepoint: 301900 ns, At safepoint: 16800 ns, Total: 318700 ns
[2020-10-24T05:46:21.607+0000][7][safepoint    ] Safepoint "Cleanup", Time since last: 1000763100 ns, Reaching safepoint: 274400 ns, At safepoint: 12900 ns, Total: 287300 ns
[2020-10-24T05:46:22.608+0000][7][safepoint    ] Safepoint "Cleanup", Time since last: 1000589500 ns, Reaching safepoint: 242600 ns, At safepoint: 8400 ns, Total: 251000 ns
[2020-10-24T05:46:22.729+0000][7][safepoint    ] Safepoint "ICBufferFull", Time since last: 119997800 ns, Reaching safepoint: 364400 ns, At safepoint: 111400 ns, Total: 475800 ns
[2020-10-24T05:46:22.836+0000][7][gc,start     ] GC(76) Pause Young (Normal) (G1 Evacuation Pause)
[2020-10-24T05:46:22.836+0000][7][gc,task      ] GC(76) Using 6 workers of 10 for evacuation
[2020-10-24T05:46:22.837+0000][7][gc,age       ] GC(76) Desired survivor size 3670016 bytes, new threshold 15 (max threshold 15)
[2020-10-24T05:46:22.840+0000][7][gc,age       ] GC(76) Age table with threshold 15 (max threshold 15)
[2020-10-24T05:46:22.840+0000][7][gc,age       ] GC(76) - age   1:    2994784 bytes,    2994784 total
[2020-10-24T05:46:22.840+0000][7][gc,age       ] GC(76) - age   2:     546096 bytes,    3540880 total
[2020-10-24T05:46:22.840+0000][7][gc,age       ] GC(76) - age   3:    1396744 bytes,    4937624 total
[2020-10-24T05:46:22.841+0000][7][gc,phases    ] GC(76)   Pre Evacuate Collection Set: 0.1ms
[2020-10-24T05:46:22.841+0000][7][gc,phases    ] GC(76)   Merge Heap Roots: 0.1ms
[2020-10-24T05:46:22.841+0000][7][gc,phases    ] GC(76)   Evacuate Collection Set: 1.7ms
[2020-10-24T05:46:22.841+0000][7][gc,phases    ] GC(76)   Post Evacuate Collection Set: 0.7ms
[2020-10-24T05:46:22.842+0000][7][gc,phases    ] GC(76)   Other: 2.0ms
[2020-10-24T05:46:22.842+0000][7][gc,heap      ] GC(76) Eden regions: 50->0(48)
[2020-10-24T05:46:22.842+0000][7][gc,heap      ] GC(76) Survivor regions: 3->5(7)
[2020-10-24T05:46:22.842+0000][7][gc,heap      ] GC(76) Old regions: 114->114
[2020-10-24T05:46:22.843+0000][7][gc,heap      ] GC(76) Archive regions: 2->2
[2020-10-24T05:46:22.843+0000][7][gc,heap      ] GC(76) Humongous regions: 15->15
[2020-10-24T05:46:22.843+0000][7][gc,metaspace ] GC(76) Metaspace: 103015K(111780K)->103015K(111780K) NonClass: 89424K(94680K)->89424K(94680K) Class: 13591K(17100K)->13591K(17100K)
[2020-10-24T05:46:22.843+0000][7][gc           ] GC(76) Pause Young (Normal) (G1 Evacuation Pause) 181M->133M(256M) 7.091ms
[2020-10-24T05:46:22.843+0000][7][gc,cpu       ] GC(76) User=0.01s Sys=0.00s Real=0.01s
[2020-10-24T05:46:22.844+0000][7][safepoint    ] Safepoint "G1CollectForAllocation", Time since last: 107155200 ns, Reaching safepoint: 280700 ns, At safepoint: 7508900 ns, Total: 7789600 ns
[2020-10-24T05:46:22.848+0000][7][safepoint    ] Safepoint "BulkRevokeBias", Time since last: 3199500 ns, Reaching safepoint: 187300 ns, At safepoint: 685000 ns, Total: 872300 ns
[2020-10-24T05:46:23.868+0000][7][safepoint    ] Safepoint "Cleanup", Time since last: 1019061800 ns, Reaching safepoint: 1002500 ns, At safepoint: 46700 ns, Total: 1049200 ns
[2020-10-24T05:46:24.869+0000][7][safepoint    ] Safepoint "Cleanup", Time since last: 1001182800 ns, Reaching safepoint: 243100 ns, At safepoint: 36800 ns, Total: 279900 ns
[2020-10-24T05:46:26.603+0000][7][safepoint    ] Safepoint "Cleanup", Time since last: 1733174600 ns, Reaching safepoint: 253900 ns, At safepoint: 10100 ns, Total: 264000 ns
[2020-10-24T05:46:27.604+0000][7][safepoint    ] Safepoint "Cleanup", Time since last: 1000507900 ns, Reaching safepoint: 370300 ns, At safepoint: 25200 ns, Total: 395500 ns
[2020-10-24T05:46:28.605+0000][7][safepoint    ] Safepoint "Cleanup", Time since last: 1000494000 ns, Reaching safepoint: 424800 ns, At safepoint: 60000 ns, Total: 484800 ns
[2020-10-24T05:46:29.605+0000][7][safepoint    ] Safepoint "Cleanup", Time since last: 1000619400 ns, Reaching safepoint: 283500 ns, At safepoint: 14800 ns, Total: 298300 ns
[2020-10-24T05:46:30.607+0000][7][safepoint    ] Safepoint "Cleanup", Time since last: 1000740200 ns, Reaching safepoint: 807500 ns, At safepoint: 47600 ns, Total: 855100 ns
[2020-10-24T05:46:31.608+0000][7][safepoint    ] Safepoint "Cleanup", Time since last: 1001123600 ns, Reaching safepoint: 280900 ns, At safepoint: 35300 ns, Total: 316200 ns
[2020-10-24T05:46:32.609+0000][7][safepoint    ] Safepoint "Cleanup", Time since last: 1000621900 ns, Reaching safepoint: 257500 ns, At safepoint: 8700 ns, Total: 266200 ns
[2020-10-24T05:46:33.611+0000][7][safepoint    ] Safepoint "Cleanup", Time since last: 1000579000 ns, Reaching safepoint: 739500 ns, At safepoint: 46900 ns, Total: 786400 ns
[2020-10-24T05:46:34.612+0000][7][safepoint    ] Safepoint "Cleanup", Time since last: 1001134900 ns, Reaching safepoint: 282500 ns, At safepoint: 25100 ns, Total: 307600 ns
[2020-10-24T05:46:35.613+0000][7][safepoint    ] Safepoint "Cleanup", Time since last: 1000487200 ns, Reaching safepoint: 591500 ns, At safepoint: 35400 ns, Total: 626900 ns
[2020-10-24T05:46:36.616+0000][7][safepoint    ] Safepoint "Cleanup", Time since last: 1001366600 ns, Reaching safepoint: 834600 ns, At safepoint: 46800 ns, Total: 881400 ns
[2020-10-24T05:46:37.617+0000][7][safepoint    ] Safepoint "Cleanup", Time since last: 1001170800 ns, Reaching safepoint: 281400 ns, At safepoint: 9000 ns, Total: 290400 ns
[2020-10-24T05:46:38.618+0000][7][safepoint    ] Safepoint "Cleanup", Time since last: 1000629100 ns, Reaching safepoint: 594600 ns, At safepoint: 35000 ns, Total: 629600 ns
[2020-10-24T05:46:39.620+0000][7][safepoint    ] Safepoint "Cleanup", Time since last: 1001118500 ns, Reaching safepoint: 255400 ns, At safepoint: 9300 ns, Total: 264700 ns
[2020-10-24T05:46:40.620+0000][7][safepoint    ] Safepoint "Cleanup", Time since last: 1000489700 ns, Reaching safepoint: 247600 ns, At safepoint: 9200 ns, Total: 256800 ns
[2020-10-24T05:46:41.622+0000][7][safepoint    ] Safepoint "Cleanup", Time since last: 1000530100 ns, Reaching safepoint: 598600 ns, At safepoint: 36100 ns, Total: 634700 ns
[2020-10-24T05:46:42.623+0000][7][safepoint    ] Safepoint "Cleanup", Time since last: 1001080700 ns, Reaching safepoint: 206200 ns, At safepoint: 23000 ns, Total: 229200 ns
[2020-10-24T05:46:43.624+0000][7][safepoint    ] Safepoint "Cleanup", Time since last: 1000616600 ns, Reaching safepoint: 235600 ns, At safepoint: 8900 ns, Total: 244500 ns
[2020-10-24T05:46:44.625+0000][7][safepoint    ] Safepoint "Cleanup", Time since last: 1000584300 ns, Reaching safepoint: 211600 ns, At safepoint: 8700 ns, Total: 220300 ns
[2020-10-24T05:46:45.626+0000][7][safepoint    ] Safepoint "Cleanup", Time since last: 1000523200 ns, Reaching safepoint: 553600 ns, At safepoint: 36500 ns, Total: 590100 ns
[2020-10-24T05:46:46.627+0000][7][safepoint    ] Safepoint "Cleanup", Time since last: 1001196700 ns, Reaching safepoint: 253100 ns, At safepoint: 8900 ns, Total: 262000 ns
[2020-10-24T05:46:47.604+0000][7][gc,start     ] GC(77) Pause Young (Concurrent Start) (G1 Evacuation Pause)
[2020-10-24T05:46:47.604+0000][7][gc,task      ] GC(77) Using 6 workers of 10 for evacuation
[2020-10-24T05:46:47.605+0000][7][gc,age       ] GC(77) Desired survivor size 3670016 bytes, new threshold 3 (max threshold 15)
[2020-10-24T05:46:47.609+0000][7][gc,age       ] GC(77) Age table with threshold 3 (max threshold 15)
[2020-10-24T05:46:47.609+0000][7][gc,age       ] GC(77) - age   1:     426920 bytes,     426920 total
[2020-10-24T05:46:47.609+0000][7][gc,age       ] GC(77) - age   2:     727760 bytes,    1154680 total
[2020-10-24T05:46:47.610+0000][7][gc,age       ] GC(77) - age   3:     519400 bytes,    1674080 total
[2020-10-24T05:46:47.610+0000][7][gc,phases    ] GC(77)   Pre Evacuate Collection Set: 0.6ms
[2020-10-24T05:46:47.610+0000][7][gc,phases    ] GC(77)   Merge Heap Roots: 0.1ms
[2020-10-24T05:46:47.610+0000][7][gc,phases    ] GC(77)   Evacuate Collection Set: 2.0ms
[2020-10-24T05:46:47.611+0000][7][gc,phases    ] GC(77)   Post Evacuate Collection Set: 0.9ms
[2020-10-24T05:46:47.611+0000][7][gc,phases    ] GC(77)   Other: 2.2ms
[2020-10-24T05:46:47.611+0000][7][gc,heap      ] GC(77) Eden regions: 48->0(51)
[2020-10-24T05:46:47.611+0000][7][gc,heap      ] GC(77) Survivor regions: 5->2(7)
[2020-10-24T05:46:47.611+0000][7][gc,heap      ] GC(77) Old regions: 114->115
[2020-10-24T05:46:47.612+0000][7][gc,heap      ] GC(77) Archive regions: 2->2
[2020-10-24T05:46:47.612+0000][7][gc,heap      ] GC(77) Humongous regions: 15->15
[2020-10-24T05:46:47.612+0000][7][gc,metaspace ] GC(77) Metaspace: 103158K(111780K)->103158K(111780K) NonClass: 89566K(94680K)->89566K(94680K) Class: 13591K(17100K)->13591K(17100K)
[2020-10-24T05:46:47.612+0000][7][gc           ] GC(77) Pause Young (Concurrent Start) (G1 Evacuation Pause) 181M->132M(256M) 8.072ms
[2020-10-24T05:46:47.612+0000][7][gc,cpu       ] GC(77) User=0.02s Sys=0.00s Real=0.01s
[2020-10-24T05:46:47.613+0000][7][safepoint    ] Safepoint "G1CollectForAllocation", Time since last: 976702300 ns, Reaching safepoint: 312400 ns, At safepoint: 8453300 ns, Total: 8765700 ns
[2020-10-24T05:46:47.613+0000][7][gc           ] GC(78) Concurrent Cycle
[2020-10-24T05:46:47.613+0000][7][gc,marking   ] GC(78) Concurrent Clear Claimed Marks
[2020-10-24T05:46:47.614+0000][7][gc,marking   ] GC(78) Concurrent Clear Claimed Marks 0.674ms
[2020-10-24T05:46:47.614+0000][7][gc,marking   ] GC(78) Concurrent Scan Root Regions
[2020-10-24T05:46:47.615+0000][7][gc,marking   ] GC(78) Concurrent Scan Root Regions 1.027ms
[2020-10-24T05:46:47.615+0000][7][gc,marking   ] GC(78) Concurrent Mark (164.981s)
[2020-10-24T05:46:47.615+0000][7][gc,marking   ] GC(78) Concurrent Mark From Roots
[2020-10-24T05:46:47.615+0000][7][gc,task      ] GC(78) Using 3 workers of 3 for marking
[2020-10-24T05:46:47.663+0000][7][gc,marking   ] GC(78) Concurrent Mark From Roots 47.343ms
[2020-10-24T05:46:47.663+0000][7][gc,marking   ] GC(78) Concurrent Preclean
[2020-10-24T05:46:47.664+0000][7][gc,marking   ] GC(78) Concurrent Preclean 0.916ms
[2020-10-24T05:46:47.664+0000][7][gc,marking   ] GC(78) Concurrent Mark (164.981s, 165.030s) 48.994ms
[2020-10-24T05:46:47.665+0000][7][gc,start     ] GC(78) Pause Remark
[2020-10-24T05:46:47.675+0000][7][gc           ] GC(78) Pause Remark 132M->132M(256M) 10.039ms
[2020-10-24T05:46:47.675+0000][7][gc,cpu       ] GC(78) User=0.05s Sys=0.00s Real=0.01s
[2020-10-24T05:46:47.675+0000][7][safepoint    ] Safepoint "G1Concurrent", Time since last: 51854600 ns, Reaching safepoint: 250400 ns, At safepoint: 10782500 ns, Total: 11032900 ns
[2020-10-24T05:46:47.676+0000][7][gc,marking   ] GC(78) Concurrent Rebuild Remembered Sets
[2020-10-24T05:46:47.710+0000][7][gc,marking   ] GC(78) Concurrent Rebuild Remembered Sets 34.138ms
[2020-10-24T05:46:47.711+0000][7][gc,start     ] GC(78) Pause Cleanup
[2020-10-24T05:46:47.711+0000][7][gc           ] GC(78) Pause Cleanup 132M->132M(256M) 0.491ms
[2020-10-24T05:46:47.711+0000][7][gc,cpu       ] GC(78) User=0.00s Sys=0.00s Real=0.00s
[2020-10-24T05:46:47.712+0000][7][safepoint    ] Safepoint "G1Concurrent", Time since last: 34889900 ns, Reaching safepoint: 207900 ns, At safepoint: 1093500 ns, Total: 1301400 ns
[2020-10-24T05:46:47.712+0000][7][gc,marking   ] GC(78) Concurrent Cleanup for Next Mark
[2020-10-24T05:46:47.713+0000][7][gc,marking   ] GC(78) Concurrent Cleanup for Next Mark 0.620ms
[2020-10-24T05:46:47.713+0000][7][gc           ] GC(78) Concurrent Cycle 100.311ms
[2020-10-24T05:46:48.712+0000][7][safepoint    ] Safepoint "Cleanup", Time since last: 1000451400 ns, Reaching safepoint: 366500 ns, At safepoint: 9800 ns, Total: 376300 ns
[2020-10-24T05:46:49.612+0000][7][safepoint    ] Safepoint "ICBufferFull", Time since last: 899104100 ns, Reaching safepoint: 452700 ns, At safepoint: 47600 ns, Total: 500300 ns
[2020-10-24T05:46:50.613+0000][7][safepoint    ] Safepoint "Cleanup", Time since last: 1000459300 ns, Reaching safepoint: 263700 ns, At safepoint: 8700 ns, Total: 272400 ns
[2020-10-24T05:46:51.614+0000][7][safepoint    ] Safepoint "Cleanup", Time since last: 1000542000 ns, Reaching safepoint: 672100 ns, At safepoint: 37500 ns, Total: 709600 ns
[2020-10-24T05:46:52.619+0000][7][safepoint    ] Safepoint "Cleanup", Time since last: 1004868600 ns, Reaching safepoint: 389300 ns, At safepoint: 44200 ns, Total: 433500 ns
[2020-10-24T05:46:52.623+0000][7][safepoint    ] Safepoint "BulkRevokeBias", Time since last: 2993600 ns, Reaching safepoint: 206700 ns, At safepoint: 691100 ns, Total: 897800 ns
[2020-10-24T05:46:52.641+0000][7][safepoint    ] Safepoint "BulkRevokeBias", Time since last: 17291100 ns, Reaching safepoint: 269800 ns, At safepoint: 568600 ns, Total: 838400 ns
[2020-10-24T05:46:54.047+0000][7][safepoint    ] Safepoint "Cleanup", Time since last: 1404319200 ns, Reaching safepoint: 853300 ns, At safepoint: 94300 ns, Total: 947600 ns
[2020-10-24T05:46:55.048+0000][7][safepoint    ] Safepoint "Cleanup", Time since last: 1001198300 ns, Reaching safepoint: 189000 ns, At safepoint: 9400 ns, Total: 198400 ns
[2020-10-24T05:46:56.203+0000][7][safepoint    ] Safepoint "Cleanup", Time since last: 1153780800 ns, Reaching safepoint: 896600 ns, At safepoint: 47300 ns, Total: 943900 ns
[2020-10-24T05:46:57.205+0000][7][safepoint    ] Safepoint "Cleanup", Time since last: 1001198800 ns, Reaching safepoint: 670200 ns, At safepoint: 76700 ns, Total: 746900 ns
[2020-10-24T05:46:58.206+0000][7][safepoint    ] Safepoint "Cleanup", Time since last: 1000948300 ns, Reaching safepoint: 219100 ns, At safepoint: 24700 ns, Total: 243800 ns
[2020-10-24T05:46:59.207+0000][7][safepoint    ] Safepoint "Cleanup", Time since last: 1000550700 ns, Reaching safepoint: 323900 ns, At safepoint: 13700 ns, Total: 337600 ns
[2020-10-24T05:47:00.208+0000][7][safepoint    ] Safepoint "Cleanup", Time since last: 1000539000 ns, Reaching safepoint: 255700 ns, At safepoint: 9000 ns, Total: 264700 ns
[2020-10-24T05:47:01.208+0000][7][safepoint    ] Safepoint "Cleanup", Time since last: 1000607500 ns, Reaching safepoint: 198800 ns, At safepoint: 9700 ns, Total: 208500 ns
[2020-10-24T05:47:02.210+0000][7][safepoint    ] Safepoint "Cleanup", Time since last: 1000630700 ns, Reaching safepoint: 568600 ns, At safepoint: 35500 ns, Total: 604100 ns
[2020-10-24T05:47:03.211+0000][7][safepoint    ] Safepoint "Cleanup", Time since last: 1001269300 ns, Reaching safepoint: 236100 ns, At safepoint: 8800 ns, Total: 244900 ns
[2020-10-24T05:47:04.212+0000][7][safepoint    ] Safepoint "Cleanup", Time since last: 1000358100 ns, Reaching safepoint: 282200 ns, At safepoint: 23800 ns, Total: 306000 ns
[2020-10-24T05:47:05.213+0000][7][safepoint    ] Safepoint "Cleanup", Time since last: 1000493500 ns, Reaching safepoint: 258600 ns, At safepoint: 9100 ns, Total: 267700 ns
[2020-10-24T05:47:06.213+0000][7][safepoint    ] Safepoint "Cleanup", Time since last: 1000475900 ns, Reaching safepoint: 258000 ns, At safepoint: 9000 ns, Total: 267000 ns
[2020-10-24T05:47:07.214+0000][7][safepoint    ] Safepoint "Cleanup", Time since last: 1000489600 ns, Reaching safepoint: 253400 ns, At safepoint: 9400 ns, Total: 262800 ns
[2020-10-24T05:47:08.215+0000][7][safepoint    ] Safepoint "Cleanup", Time since last: 1000475400 ns, Reaching safepoint: 289100 ns, At safepoint: 9100 ns, Total: 298200 ns
[2020-10-24T05:47:09.216+0000][7][safepoint    ] Safepoint "Cleanup", Time since last: 1000504200 ns, Reaching safepoint: 267100 ns, At safepoint: 8700 ns, Total: 275800 ns
[2020-10-24T05:47:10.217+0000][7][safepoint    ] Safepoint "Cleanup", Time since last: 1000597600 ns, Reaching safepoint: 270000 ns, At safepoint: 8800 ns, Total: 278800 ns
[2020-10-24T05:47:11.218+0000][7][safepoint    ] Safepoint "Cleanup", Time since last: 1000770400 ns, Reaching safepoint: 828600 ns, At safepoint: 45000 ns, Total: 873600 ns
[2020-10-24T05:47:12.220+0000][7][safepoint    ] Safepoint "Cleanup", Time since last: 1001396700 ns, Reaching safepoint: 625400 ns, At safepoint: 33900 ns, Total: 659300 ns
[2020-10-24T05:47:13.222+0000][7][safepoint    ] Safepoint "Cleanup", Time since last: 1001138500 ns, Reaching safepoint: 238000 ns, At safepoint: 11000 ns, Total: 249000 ns
[2020-10-24T05:47:13.606+0000][7][gc,start     ] GC(79) Pause Young (Prepare Mixed) (G1 Evacuation Pause)
[2020-10-24T05:47:13.607+0000][7][gc,task      ] GC(79) Using 6 workers of 10 for evacuation
[2020-10-24T05:47:13.607+0000][7][gc,age       ] GC(79) Desired survivor size 3670016 bytes, new threshold 15 (max threshold 15)
[2020-10-24T05:47:13.610+0000][7][gc,age       ] GC(79) Age table with threshold 15 (max threshold 15)
[2020-10-24T05:47:13.610+0000][7][gc,age       ] GC(79) - age   1:     700264 bytes,     700264 total
[2020-10-24T05:47:13.611+0000][7][gc,age       ] GC(79) - age   2:     375808 bytes,    1076072 total
[2020-10-24T05:47:13.611+0000][7][gc,age       ] GC(79) - age   3:     717040 bytes,    1793112 total
[2020-10-24T05:47:13.611+0000][7][gc,age       ] GC(79) - age   4:     406000 bytes,    2199112 total
[2020-10-24T05:47:13.612+0000][7][gc,phases    ] GC(79)   Pre Evacuate Collection Set: 0.1ms
[2020-10-24T05:47:13.612+0000][7][gc,phases    ] GC(79)   Merge Heap Roots: 0.1ms
[2020-10-24T05:47:13.612+0000][7][gc,phases    ] GC(79)   Evacuate Collection Set: 1.6ms
[2020-10-24T05:47:13.612+0000][7][gc,phases    ] GC(79)   Post Evacuate Collection Set: 0.9ms
[2020-10-24T05:47:13.612+0000][7][gc,phases    ] GC(79)   Other: 2.4ms
[2020-10-24T05:47:13.612+0000][7][gc,heap      ] GC(79) Eden regions: 51->0(9)
[2020-10-24T05:47:13.613+0000][7][gc,heap      ] GC(79) Survivor regions: 2->3(7)
[2020-10-24T05:47:13.613+0000][7][gc,heap      ] GC(79) Old regions: 115->115
[2020-10-24T05:47:13.613+0000][7][gc,heap      ] GC(79) Archive regions: 2->2
[2020-10-24T05:47:13.613+0000][7][gc,heap      ] GC(79) Humongous regions: 15->15
[2020-10-24T05:47:13.613+0000][7][gc,metaspace ] GC(79) Metaspace: 103288K(112036K)->103288K(112036K) NonClass: 89706K(94936K)->89706K(94936K) Class: 13582K(17100K)->13582K(17100K)
[2020-10-24T05:47:13.613+0000][7][gc           ] GC(79) Pause Young (Prepare Mixed) (G1 Evacuation Pause) 183M->132M(256M) 6.856ms
[2020-10-24T05:47:13.613+0000][7][gc,cpu       ] GC(79) User=0.02s Sys=0.00s Real=0.01s
[2020-10-24T05:47:13.614+0000][7][safepoint    ] Safepoint "G1CollectForAllocation", Time since last: 384567200 ns, Reaching safepoint: 221800 ns, At safepoint: 7300500 ns, Total: 7522300 ns
[2020-10-24T05:47:14.615+0000][7][safepoint    ] Safepoint "Cleanup", Time since last: 1000407000 ns, Reaching safepoint: 826100 ns, At safepoint: 188500 ns, Total: 1014600 ns
[2020-10-24T05:47:15.617+0000][7][safepoint    ] Safepoint "Cleanup", Time since last: 1001348500 ns, Reaching safepoint: 560700 ns, At safepoint: 33600 ns, Total: 594300 ns
[2020-10-24T05:47:16.619+0000][7][safepoint    ] Safepoint "Cleanup", Time since last: 1001176900 ns, Reaching safepoint: 269000 ns, At safepoint: 9100 ns, Total: 278100 ns
[2020-10-24T05:47:17.620+0000][7][safepoint    ] Safepoint "Cleanup", Time since last: 1000632200 ns, Reaching safepoint: 556900 ns, At safepoint: 35400 ns, Total: 592300 ns
[2020-10-24T05:47:17.643+0000][7][gc,start     ] GC(80) Pause Young (Mixed) (G1 Evacuation Pause)
[2020-10-24T05:47:17.644+0000][7][gc,task      ] GC(80) Using 6 workers of 10 for evacuation
[2020-10-24T05:47:17.645+0000][7][gc,age       ] GC(80) Desired survivor size 1048576 bytes, new threshold 2 (max threshold 15)
[2020-10-24T05:47:17.661+0000][7][gc,age       ] GC(80) Age table with threshold 2 (max threshold 15)
[2020-10-24T05:47:17.661+0000][7][gc,age       ] GC(80) - age   1:      29072 bytes,      29072 total
[2020-10-24T05:47:17.662+0000][7][gc,age       ] GC(80) - age   2:     500984 bytes,     530056 total
[2020-10-24T05:47:17.662+0000][7][gc,phases    ] GC(80)   Pre Evacuate Collection Set: 0.6ms
[2020-10-24T05:47:17.662+0000][7][gc,phases    ] GC(80)   Merge Heap Roots: 1.0ms
[2020-10-24T05:47:17.662+0000][7][gc,phases    ] GC(80)   Evacuate Collection Set: 12.4ms
[2020-10-24T05:47:17.663+0000][7][gc,phases    ] GC(80)   Post Evacuate Collection Set: 1.1ms
[2020-10-24T05:47:17.663+0000][7][gc,phases    ] GC(80)   Other: 3.8ms
[2020-10-24T05:47:17.663+0000][7][gc,heap      ] GC(80) Eden regions: 9->0(61)
[2020-10-24T05:47:17.663+0000][7][gc,heap      ] GC(80) Survivor regions: 3->1(2)
[2020-10-24T05:47:17.664+0000][7][gc,heap      ] GC(80) Old regions: 115->105
[2020-10-24T05:47:17.664+0000][7][gc,heap      ] GC(80) Archive regions: 2->2
[2020-10-24T05:47:17.664+0000][7][gc,heap      ] GC(80) Humongous regions: 15->15
[2020-10-24T05:47:17.664+0000][7][gc,metaspace ] GC(80) Metaspace: 103304K(112036K)->103304K(112036K) NonClass: 89721K(94936K)->89721K(94936K) Class: 13582K(17100K)->13582K(17100K)
[2020-10-24T05:47:17.664+0000][7][gc           ] GC(80) Pause Young (Mixed) (G1 Evacuation Pause) 141M->120M(256M) 21.014ms
[2020-10-24T05:47:17.664+0000][7][gc,cpu       ] GC(80) User=0.02s Sys=0.06s Real=0.02s
[2020-10-24T05:47:17.665+0000][7][safepoint    ] Safepoint "G1CollectForAllocation", Time since last: 22917500 ns, Reaching safepoint: 531500 ns, At safepoint: 21500900 ns, Total: 22032400 ns
[2020-10-24T05:47:18.665+0000][7][safepoint    ] Safepoint "Cleanup", Time since last: 1000366400 ns, Reaching safepoint: 266400 ns, At safepoint: 16700 ns, Total: 283100 ns
[2020-10-24T05:47:19.608+0000][7][safepoint    ] Safepoint "BulkRevokeBias", Time since last: 941762100 ns, Reaching safepoint: 198300 ns, At safepoint: 1119800 ns, Total: 1318100 ns
[2020-10-24T05:47:20.610+0000][7][safepoint    ] Safepoint "Cleanup", Time since last: 1000598500 ns, Reaching safepoint: 556600 ns, At safepoint: 104100 ns, Total: 660700 ns
[2020-10-24T05:47:21.611+0000][7][safepoint    ] Safepoint "Cleanup", Time since last: 1001236600 ns, Reaching safepoint: 263200 ns, At safepoint: 13600 ns, Total: 276800 ns
[2020-10-24T05:47:22.612+0000][7][safepoint    ] Safepoint "Cleanup", Time since last: 1000601400 ns, Reaching safepoint: 315900 ns, At safepoint: 16300 ns, Total: 332200 ns
[2020-10-24T05:47:22.931+0000][7][safepoint    ] Safepoint "BulkRevokeBias", Time since last: 318145900 ns, Reaching safepoint: 281200 ns, At safepoint: 824000 ns, Total: 1105200 ns
[2020-10-24T05:47:22.942+0000][7][gc,start     ] GC(81) Pause Young (Concurrent Start) (G1 Evacuation Pause)
[2020-10-24T05:47:22.942+0000][7][gc,task      ] GC(81) Using 6 workers of 10 for evacuation
[2020-10-24T05:47:22.943+0000][7][gc,age       ] GC(81) Desired survivor size 4194304 bytes, new threshold 15 (max threshold 15)
[2020-10-24T05:47:22.947+0000][7][gc,age       ] GC(81) Age table with threshold 15 (max threshold 15)
[2020-10-24T05:47:22.947+0000][7][gc,age       ] GC(81) - age   1:    1156752 bytes,    1156752 total
[2020-10-24T05:47:22.948+0000][7][gc,age       ] GC(81) - age   2:      18056 bytes,    1174808 total
[2020-10-24T05:47:22.948+0000][7][gc,age       ] GC(81) - age   3:     480296 bytes,    1655104 total
[2020-10-24T05:47:22.948+0000][7][gc,phases    ] GC(81)   Pre Evacuate Collection Set: 0.6ms
[2020-10-24T05:47:22.948+0000][7][gc,phases    ] GC(81)   Merge Heap Roots: 0.2ms
[2020-10-24T05:47:22.949+0000][7][gc,phases    ] GC(81)   Evacuate Collection Set: 2.0ms
[2020-10-24T05:47:22.949+0000][7][gc,phases    ] GC(81)   Post Evacuate Collection Set: 1.0ms
[2020-10-24T05:47:22.949+0000][7][gc,phases    ] GC(81)   Other: 2.4ms
[2020-10-24T05:47:22.949+0000][7][gc,heap      ] GC(81) Eden regions: 61->0(61)
[2020-10-24T05:47:22.950+0000][7][gc,heap      ] GC(81) Survivor regions: 1->2(8)
[2020-10-24T05:47:22.950+0000][7][gc,heap      ] GC(81) Old regions: 105->105
[2020-10-24T05:47:22.950+0000][7][gc,heap      ] GC(81) Archive regions: 2->2
[2020-10-24T05:47:22.950+0000][7][gc,heap      ] GC(81) Humongous regions: 15->15
[2020-10-24T05:47:22.950+0000][7][gc,metaspace ] GC(81) Metaspace: 103375K(112036K)->103375K(112036K) NonClass: 89792K(94936K)->89792K(94936K) Class: 13582K(17100K)->13582K(17100K)
[2020-10-24T05:47:22.950+0000][7][gc           ] GC(81) Pause Young (Concurrent Start) (G1 Evacuation Pause) 181M->121M(256M) 8.271ms
[2020-10-24T05:47:22.951+0000][7][gc,cpu       ] GC(81) User=0.02s Sys=0.00s Real=0.01s
[2020-10-24T05:47:22.951+0000][7][gc           ] GC(82) Concurrent Cycle
[2020-10-24T05:47:22.951+0000][7][safepoint    ] Safepoint "G1CollectForAllocation", Time since last: 10416100 ns, Reaching safepoint: 264700 ns, At safepoint: 8803400 ns, Total: 9068100 ns
[2020-10-24T05:47:22.951+0000][7][gc,marking   ] GC(82) Concurrent Clear Claimed Marks
[2020-10-24T05:47:22.952+0000][7][gc,marking   ] GC(82) Concurrent Clear Claimed Marks 0.941ms
[2020-10-24T05:47:22.952+0000][7][gc,marking   ] GC(82) Concurrent Scan Root Regions
[2020-10-24T05:47:22.953+0000][7][gc,marking   ] GC(82) Concurrent Scan Root Regions 0.948ms
[2020-10-24T05:47:22.953+0000][7][gc,marking   ] GC(82) Concurrent Mark (200.320s)
[2020-10-24T05:47:22.954+0000][7][gc,marking   ] GC(82) Concurrent Mark From Roots
[2020-10-24T05:47:22.954+0000][7][gc,task      ] GC(82) Using 3 workers of 3 for marking
[2020-10-24T05:47:23.010+0000][7][gc,marking   ] GC(82) Concurrent Mark From Roots 56.396ms
[2020-10-24T05:47:23.010+0000][7][gc,marking   ] GC(82) Concurrent Preclean
[2020-10-24T05:47:23.011+0000][7][gc,marking   ] GC(82) Concurrent Preclean 0.714ms
[2020-10-24T05:47:23.011+0000][7][gc,marking   ] GC(82) Concurrent Mark (200.320s, 200.378s) 58.000ms
[2020-10-24T05:47:23.012+0000][7][gc,start     ] GC(82) Pause Remark
[2020-10-24T05:47:23.022+0000][7][gc           ] GC(82) Pause Remark 141M->141M(256M) 9.738ms
[2020-10-24T05:47:23.022+0000][7][gc,cpu       ] GC(82) User=0.05s Sys=0.00s Real=0.01s
[2020-10-24T05:47:23.023+0000][7][safepoint    ] Safepoint "G1Concurrent", Time since last: 60980400 ns, Reaching safepoint: 290600 ns, At safepoint: 10478600 ns, Total: 10769200 ns
[2020-10-24T05:47:23.023+0000][7][gc,marking   ] GC(82) Concurrent Rebuild Remembered Sets
[2020-10-24T05:47:23.060+0000][7][gc,marking   ] GC(82) Concurrent Rebuild Remembered Sets 36.882ms
[2020-10-24T05:47:23.060+0000][7][gc,start     ] GC(82) Pause Cleanup
[2020-10-24T05:47:23.061+0000][7][gc           ] GC(82) Pause Cleanup 141M->141M(256M) 0.502ms
[2020-10-24T05:47:23.061+0000][7][gc,cpu       ] GC(82) User=0.00s Sys=0.00s Real=0.00s
[2020-10-24T05:47:23.061+0000][7][safepoint    ] Safepoint "G1Concurrent", Time since last: 37604700 ns, Reaching safepoint: 175600 ns, At safepoint: 1110000 ns, Total: 1285600 ns
[2020-10-24T05:47:23.062+0000][7][gc,marking   ] GC(82) Concurrent Cleanup for Next Mark
[2020-10-24T05:47:23.062+0000][7][gc,marking   ] GC(82) Concurrent Cleanup for Next Mark 0.533ms
[2020-10-24T05:47:23.063+0000][7][gc           ] GC(82) Concurrent Cycle 111.800ms
[2020-10-24T05:47:23.972+0000][7][safepoint    ] Safepoint "BulkRevokeBias", Time since last: 909237500 ns, Reaching safepoint: 297500 ns, At safepoint: 652300 ns, Total: 949800 ns
[2020-10-24T05:47:24.972+0000][7][safepoint    ] Safepoint "Cleanup", Time since last: 1000551900 ns, Reaching safepoint: 244500 ns, At safepoint: 11800 ns, Total: 256300 ns
[2020-10-24T05:47:25.623+0000][7][safepoint    ] Safepoint "ICBufferFull", Time since last: 650003900 ns, Reaching safepoint: 319200 ns, At safepoint: 35400 ns, Total: 354600 ns
[2020-10-24T05:47:26.624+0000][7][safepoint    ] Safepoint "Cleanup", Time since last: 1000517000 ns, Reaching safepoint: 258600 ns, At safepoint: 9500 ns, Total: 268100 ns
[2020-10-24T05:47:27.624+0000][7][safepoint    ] Safepoint "Cleanup", Time since last: 1000481400 ns, Reaching safepoint: 214700 ns, At safepoint: 22800 ns, Total: 237500 ns
[2020-10-24T05:47:28.625+0000][7][safepoint    ] Safepoint "Cleanup", Time since last: 1000547000 ns, Reaching safepoint: 262200 ns, At safepoint: 8700 ns, Total: 270900 ns
[2020-10-24T05:47:29.627+0000][7][safepoint    ] Safepoint "Cleanup", Time since last: 1000584400 ns, Reaching safepoint: 776400 ns, At safepoint: 45900 ns, Total: 822300 ns
[2020-10-24T05:47:30.629+0000][7][safepoint    ] Safepoint "Cleanup", Time since last: 1001300800 ns, Reaching safepoint: 755000 ns, At safepoint: 43500 ns, Total: 798500 ns
[2020-10-24T05:47:31.630+0000][7][safepoint    ] Safepoint "Cleanup", Time since last: 1001069000 ns, Reaching safepoint: 264100 ns, At safepoint: 9100 ns, Total: 273200 ns
[2020-10-24T05:47:32.631+0000][7][safepoint    ] Safepoint "Cleanup", Time since last: 1000587400 ns, Reaching safepoint: 200700 ns, At safepoint: 10400 ns, Total: 211100 ns
[2020-10-24T05:47:33.633+0000][7][safepoint    ] Safepoint "Cleanup", Time since last: 1000677600 ns, Reaching safepoint: 984900 ns, At safepoint: 127000 ns, Total: 1111900 ns
[2020-10-24T05:47:34.634+0000][7][safepoint    ] Safepoint "Cleanup", Time since last: 1001123400 ns, Reaching safepoint: 228500 ns, At safepoint: 9300 ns, Total: 237800 ns
[2020-10-24T05:47:35.635+0000][7][safepoint    ] Safepoint "Cleanup", Time since last: 1000505200 ns, Reaching safepoint: 264100 ns, At safepoint: 11100 ns, Total: 275200 ns
[2020-10-24T05:47:36.636+0000][7][safepoint    ] Safepoint "Cleanup", Time since last: 1000561300 ns, Reaching safepoint: 924700 ns, At safepoint: 45900 ns, Total: 970600 ns
[2020-10-24T05:47:37.638+0000][7][safepoint    ] Safepoint "Cleanup", Time since last: 1001054600 ns, Reaching safepoint: 221600 ns, At safepoint: 9000 ns, Total: 230600 ns
[2020-10-24T05:47:38.639+0000][7][safepoint    ] Safepoint "Cleanup", Time since last: 1000591200 ns, Reaching safepoint: 413300 ns, At safepoint: 25100 ns, Total: 438400 ns
[2020-10-24T05:47:39.640+0000][7][safepoint    ] Safepoint "Cleanup", Time since last: 1000770200 ns, Reaching safepoint: 297100 ns, At safepoint: 9200 ns, Total: 306300 ns
[2020-10-24T05:47:40.640+0000][7][safepoint    ] Safepoint "Cleanup", Time since last: 1000479300 ns, Reaching safepoint: 241000 ns, At safepoint: 24000 ns, Total: 265000 ns
[2020-10-24T05:47:41.641+0000][7][safepoint    ] Safepoint "Cleanup", Time since last: 1000471800 ns, Reaching safepoint: 263300 ns, At safepoint: 9100 ns, Total: 272400 ns
[2020-10-24T05:47:42.642+0000][7][safepoint    ] Safepoint "Cleanup", Time since last: 1000597600 ns, Reaching safepoint: 231700 ns, At safepoint: 9300 ns, Total: 241000 ns
[2020-10-24T05:47:43.643+0000][7][safepoint    ] Safepoint "Cleanup", Time since last: 1000501900 ns, Reaching safepoint: 288600 ns, At safepoint: 15700 ns, Total: 304300 ns
[2020-10-24T05:47:44.644+0000][7][safepoint    ] Safepoint "Cleanup", Time since last: 1000501000 ns, Reaching safepoint: 272400 ns, At safepoint: 13700 ns, Total: 286100 ns
[2020-10-24T05:47:45.644+0000][7][safepoint    ] Safepoint "Cleanup", Time since last: 1000619900 ns, Reaching safepoint: 223100 ns, At safepoint: 10500 ns, Total: 233600 ns
[2020-10-24T05:47:46.645+0000][7][safepoint    ] Safepoint "Cleanup", Time since last: 1000412100 ns, Reaching safepoint: 279700 ns, At safepoint: 9400 ns, Total: 289100 ns
[2020-10-24T05:47:47.646+0000][7][safepoint    ] Safepoint "Cleanup", Time since last: 1000523900 ns, Reaching safepoint: 315600 ns, At safepoint: 16600 ns, Total: 332200 ns
[2020-10-24T05:47:48.647+0000][7][safepoint    ] Safepoint "Cleanup", Time since last: 1000646500 ns, Reaching safepoint: 240300 ns, At safepoint: 9000 ns, Total: 249300 ns
[2020-10-24T05:47:49.648+0000][7][safepoint    ] Safepoint "Cleanup", Time since last: 1000600700 ns, Reaching safepoint: 265100 ns, At safepoint: 11000 ns, Total: 276100 ns
[2020-10-24T05:47:50.649+0000][7][safepoint    ] Safepoint "Cleanup", Time since last: 1000564800 ns, Reaching safepoint: 292100 ns, At safepoint: 11800 ns, Total: 303900 ns
[2020-10-24T05:47:51.650+0000][7][safepoint    ] Safepoint "Cleanup", Time since last: 1000580100 ns, Reaching safepoint: 489800 ns, At safepoint: 28400 ns, Total: 518200 ns
[2020-10-24T05:47:52.651+0000][7][safepoint    ] Safepoint "Cleanup", Time since last: 1000798200 ns, Reaching safepoint: 215000 ns, At safepoint: 8900 ns, Total: 223900 ns
[2020-10-24T05:47:53.544+0000][7][gc,start     ] GC(83) Pause Young (Normal) (G1 Evacuation Pause)
[2020-10-24T05:47:53.544+0000][7][gc,task      ] GC(83) Using 6 workers of 10 for evacuation
[2020-10-24T05:47:53.545+0000][7][gc,age       ] GC(83) Desired survivor size 4194304 bytes, new threshold 15 (max threshold 15)
[2020-10-24T05:47:53.548+0000][7][gc,age       ] GC(83) Age table with threshold 15 (max threshold 15)
[2020-10-24T05:47:53.548+0000][7][gc,age       ] GC(83) - age   1:     332288 bytes,     332288 total
[2020-10-24T05:47:53.548+0000][7][gc,age       ] GC(83) - age   2:     408520 bytes,     740808 total
[2020-10-24T05:47:53.549+0000][7][gc,age       ] GC(83) - age   3:       1128 bytes,     741936 total
[2020-10-24T05:47:53.549+0000][7][gc,age       ] GC(83) - age   4:     463592 bytes,    1205528 total
[2020-10-24T05:47:53.549+0000][7][gc,phases    ] GC(83)   Pre Evacuate Collection Set: 0.1ms
[2020-10-24T05:47:53.549+0000][7][gc,phases    ] GC(83)   Merge Heap Roots: 0.2ms
[2020-10-24T05:47:53.550+0000][7][gc,phases    ] GC(83)   Evacuate Collection Set: 1.4ms
[2020-10-24T05:47:53.550+0000][7][gc,phases    ] GC(83)   Post Evacuate Collection Set: 0.9ms
[2020-10-24T05:47:53.550+0000][7][gc,phases    ] GC(83)   Other: 2.6ms
[2020-10-24T05:47:53.551+0000][7][gc,heap      ] GC(83) Eden regions: 61->0(62)
[2020-10-24T05:47:53.551+0000][7][gc,heap      ] GC(83) Survivor regions: 2->2(8)
[2020-10-24T05:47:53.551+0000][7][gc,heap      ] GC(83) Old regions: 105->105
[2020-10-24T05:47:53.551+0000][7][gc,heap      ] GC(83) Archive regions: 2->2
[2020-10-24T05:47:53.551+0000][7][gc,heap      ] GC(83) Humongous regions: 15->15
[2020-10-24T05:47:53.552+0000][7][gc,metaspace ] GC(83) Metaspace: 103551K(112292K)->103551K(112292K) NonClass: 89980K(95192K)->89980K(95192K) Class: 13571K(17100K)->13571K(17100K)
[2020-10-24T05:47:53.552+0000][7][gc           ] GC(83) Pause Young (Normal) (G1 Evacuation Pause) 182M->121M(256M) 7.812ms
[2020-10-24T05:47:53.552+0000][7][gc,cpu       ] GC(83) User=0.00s Sys=0.01s Real=0.01s
[2020-10-24T05:47:53.552+0000][7][safepoint    ] Safepoint "G1CollectForAllocation", Time since last: 892909600 ns, Reaching safepoint: 208400 ns, At safepoint: 8221000 ns, Total: 8429400 ns
[2020-10-24T05:47:54.554+0000][7][safepoint    ] Safepoint "Cleanup", Time since last: 1000435600 ns, Reaching safepoint: 731900 ns, At safepoint: 267700 ns, Total: 999600 ns
[2020-10-24T05:47:55.555+0000][7][safepoint    ] Safepoint "Cleanup", Time since last: 1001201600 ns, Reaching safepoint: 212600 ns, At safepoint: 9400 ns, Total: 222000 ns
[2020-10-24T05:47:55.650+0000][7][safepoint    ] Safepoint "BulkRevokeBias", Time since last: 92210900 ns, Reaching safepoint: 302100 ns, At safepoint: 2208300 ns, Total: 2510400 ns
[2020-10-24T05:47:57.081+0000][7][safepoint    ] Safepoint "Cleanup", Time since last: 1431017800 ns, Reaching safepoint: 353700 ns, At safepoint: 9700 ns, Total: 363400 ns
[2020-10-24T05:47:58.082+0000][7][safepoint    ] Safepoint "Cleanup", Time since last: 1000551400 ns, Reaching safepoint: 812800 ns, At safepoint: 47300 ns, Total: 860100 ns
[2020-10-24T05:47:59.085+0000][7][safepoint    ] Safepoint "Cleanup", Time since last: 1001237500 ns, Reaching safepoint: 840500 ns, At safepoint: 48400 ns, Total: 888900 ns
[2020-10-24T05:48:00.087+0000][7][safepoint    ] Safepoint "Cleanup", Time since last: 1001434400 ns, Reaching safepoint: 888400 ns, At safepoint: 50600 ns, Total: 939000 ns
[2020-10-24T05:48:01.088+0000][7][safepoint    ] Safepoint "Cleanup", Time since last: 1001157900 ns, Reaching safepoint: 217900 ns, At safepoint: 9100 ns, Total: 227000 ns
[2020-10-24T05:48:02.089+0000][7][safepoint    ] Safepoint "Cleanup", Time since last: 1000456800 ns, Reaching safepoint: 258500 ns, At safepoint: 9800 ns, Total: 268300 ns
[2020-10-24T05:48:03.090+0000][7][safepoint    ] Safepoint "Cleanup", Time since last: 1000530100 ns, Reaching safepoint: 438200 ns, At safepoint: 26000 ns, Total: 464200 ns
[2020-10-24T05:48:04.092+0000][7][safepoint    ] Safepoint "Cleanup", Time since last: 1000871000 ns, Reaching safepoint: 898900 ns, At safepoint: 99900 ns, Total: 998800 ns
[2020-10-24T05:48:05.094+0000][7][safepoint    ] Safepoint "Cleanup", Time since last: 1001342400 ns, Reaching safepoint: 896900 ns, At safepoint: 49600 ns, Total: 946500 ns
[2020-10-24T05:48:06.096+0000][7][safepoint    ] Safepoint "Cleanup", Time since last: 1001158800 ns, Reaching safepoint: 610000 ns, At safepoint: 48200 ns, Total: 658200 ns
[2020-10-24T05:48:07.098+0000][7][safepoint    ] Safepoint "Cleanup", Time since last: 1001297800 ns, Reaching safepoint: 359800 ns, At safepoint: 21000 ns, Total: 380800 ns
[2020-10-24T05:48:08.099+0000][7][safepoint    ] Safepoint "Cleanup", Time since last: 1000896200 ns, Reaching safepoint: 610700 ns, At safepoint: 36000 ns, Total: 646700 ns
[2020-10-24T05:48:09.101+0000][7][safepoint    ] Safepoint "Cleanup", Time since last: 1001388100 ns, Reaching safepoint: 725300 ns, At safepoint: 48200 ns, Total: 773500 ns
[2020-10-24T05:48:10.103+0000][7][safepoint    ] Safepoint "Cleanup", Time since last: 1001170100 ns, Reaching safepoint: 230500 ns, At safepoint: 9200 ns, Total: 239700 ns
[2020-10-24T05:48:11.104+0000][7][safepoint    ] Safepoint "Cleanup", Time since last: 1000589100 ns, Reaching safepoint: 269100 ns, At safepoint: 9400 ns, Total: 278500 ns
[2020-10-24T05:48:12.105+0000][7][safepoint    ] Safepoint "Cleanup", Time since last: 1000551800 ns, Reaching safepoint: 251200 ns, At safepoint: 9300 ns, Total: 260500 ns
[2020-10-24T05:48:13.106+0000][7][safepoint    ] Safepoint "Cleanup", Time since last: 1000535600 ns, Reaching safepoint: 702500 ns, At safepoint: 47300 ns, Total: 749800 ns
[2020-10-24T05:48:14.108+0000][7][safepoint    ] Safepoint "Cleanup", Time since last: 1001390900 ns, Reaching safepoint: 535000 ns, At safepoint: 20300 ns, Total: 555300 ns
[2020-10-24T05:48:15.109+0000][7][safepoint    ] Safepoint "Cleanup", Time since last: 1000731300 ns, Reaching safepoint: 592300 ns, At safepoint: 35200 ns, Total: 627500 ns
[2020-10-24T05:48:16.110+0000][7][safepoint    ] Safepoint "Cleanup", Time since last: 1000881700 ns, Reaching safepoint: 281600 ns, At safepoint: 15700 ns, Total: 297300 ns
[2020-10-24T05:48:17.111+0000][7][safepoint    ] Safepoint "Cleanup", Time since last: 1000618600 ns, Reaching safepoint: 232000 ns, At safepoint: 10400 ns, Total: 242400 ns
[2020-10-24T05:48:18.112+0000][7][safepoint    ] Safepoint "Cleanup", Time since last: 1000455500 ns, Reaching safepoint: 266800 ns, At safepoint: 9600 ns, Total: 276400 ns
[2020-10-24T05:48:19.113+0000][7][safepoint    ] Safepoint "Cleanup", Time since last: 1000578100 ns, Reaching safepoint: 192800 ns, At safepoint: 9900 ns, Total: 202700 ns
[2020-10-24T05:48:20.114+0000][7][safepoint    ] Safepoint "Cleanup", Time since last: 1000588000 ns, Reaching safepoint: 524600 ns, At safepoint: 46400 ns, Total: 571000 ns
[2020-10-24T05:48:21.116+0000][7][safepoint    ] Safepoint "Cleanup", Time since last: 1001053700 ns, Reaching safepoint: 738900 ns, At safepoint: 34800 ns, Total: 773700 ns
[2020-10-24T05:48:22.117+0000][7][safepoint    ] Safepoint "Cleanup", Time since last: 1001276000 ns, Reaching safepoint: 221300 ns, At safepoint: 9700 ns, Total: 231000 ns
[2020-10-24T05:48:22.776+0000][7][gc,start     ] GC(84) Pause Young (Concurrent Start) (G1 Evacuation Pause)
[2020-10-24T05:48:22.776+0000][7][gc,task      ] GC(84) Using 6 workers of 10 for evacuation
[2020-10-24T05:48:22.776+0000][7][gc,age       ] GC(84) Desired survivor size 4194304 bytes, new threshold 15 (max threshold 15)
[2020-10-24T05:48:22.780+0000][7][gc,age       ] GC(84) Age table with threshold 15 (max threshold 15)
[2020-10-24T05:48:22.781+0000][7][gc,age       ] GC(84) - age   1:    1048336 bytes,    1048336 total
[2020-10-24T05:48:22.781+0000][7][gc,age       ] GC(84) - age   2:     260552 bytes,    1308888 total
[2020-10-24T05:48:22.781+0000][7][gc,age       ] GC(84) - age   3:     395312 bytes,    1704200 total
[2020-10-24T05:48:22.782+0000][7][gc,age       ] GC(84) - age   4:        720 bytes,    1704920 total
[2020-10-24T05:48:22.782+0000][7][gc,age       ] GC(84) - age   5:     330016 bytes,    2034936 total
[2020-10-24T05:48:22.782+0000][7][gc,phases    ] GC(84)   Pre Evacuate Collection Set: 0.6ms
[2020-10-24T05:48:22.782+0000][7][gc,phases    ] GC(84)   Merge Heap Roots: 0.1ms
[2020-10-24T05:48:22.783+0000][7][gc,phases    ] GC(84)   Evacuate Collection Set: 2.3ms
[2020-10-24T05:48:22.783+0000][7][gc,phases    ] GC(84)   Post Evacuate Collection Set: 0.9ms
[2020-10-24T05:48:22.783+0000][7][gc,phases    ] GC(84)   Other: 2.7ms
[2020-10-24T05:48:22.783+0000][7][gc,heap      ] GC(84) Eden regions: 62->0(62)
[2020-10-24T05:48:22.783+0000][7][gc,heap      ] GC(84) Survivor regions: 2->3(8)
[2020-10-24T05:48:22.784+0000][7][gc,heap      ] GC(84) Old regions: 105->105
[2020-10-24T05:48:22.784+0000][7][gc,heap      ] GC(84) Archive regions: 2->2
[2020-10-24T05:48:22.784+0000][7][gc,heap      ] GC(84) Humongous regions: 15->15
[2020-10-24T05:48:22.784+0000][7][gc,metaspace ] GC(84) Metaspace: 103657K(112292K)->103657K(112292K) NonClass: 90086K(95192K)->90086K(95192K) Class: 13571K(17100K)->13571K(17100K)
[2020-10-24T05:48:22.784+0000][7][gc           ] GC(84) Pause Young (Concurrent Start) (G1 Evacuation Pause) 183M->122M(256M) 8.683ms
[2020-10-24T05:48:22.785+0000][7][gc,cpu       ] GC(84) User=0.03s Sys=0.00s Real=0.01s
[2020-10-24T05:48:22.785+0000][7][gc           ] GC(85) Concurrent Cycle
[2020-10-24T05:48:22.785+0000][7][safepoint    ] Safepoint "G1CollectForAllocation", Time since last: 658022200 ns, Reaching safepoint: 405000 ns, At safepoint: 9348400 ns, Total: 9753400 ns
[2020-10-24T05:48:22.785+0000][7][gc,marking   ] GC(85) Concurrent Clear Claimed Marks
[2020-10-24T05:48:22.786+0000][7][gc,marking   ] GC(85) Concurrent Clear Claimed Marks 0.987ms
[2020-10-24T05:48:22.786+0000][7][gc,marking   ] GC(85) Concurrent Scan Root Regions
[2020-10-24T05:48:22.788+0000][7][gc,marking   ] GC(85) Concurrent Scan Root Regions 1.576ms
[2020-10-24T05:48:22.788+0000][7][gc,marking   ] GC(85) Concurrent Mark (260.154s)
[2020-10-24T05:48:22.788+0000][7][gc,marking   ] GC(85) Concurrent Mark From Roots
[2020-10-24T05:48:22.788+0000][7][gc,task      ] GC(85) Using 3 workers of 3 for marking
[2020-10-24T05:48:22.790+0000][7][safepoint    ] Safepoint "BulkRevokeBias", Time since last: 3419000 ns, Reaching safepoint: 291600 ns, At safepoint: 986900 ns, Total: 1278500 ns
[2020-10-24T05:48:22.853+0000][7][gc,marking   ] GC(85) Concurrent Mark From Roots 65.156ms
[2020-10-24T05:48:22.854+0000][7][gc,marking   ] GC(85) Concurrent Preclean
[2020-10-24T05:48:22.854+0000][7][gc,marking   ] GC(85) Concurrent Preclean 0.629ms
[2020-10-24T05:48:22.855+0000][7][gc,marking   ] GC(85) Concurrent Mark (260.154s, 260.221s) 66.596ms
[2020-10-24T05:48:22.855+0000][7][gc,start     ] GC(85) Pause Remark
[2020-10-24T05:48:22.861+0000][7][gc           ] GC(85) Pause Remark 130M->130M(256M) 5.606ms
[2020-10-24T05:48:22.861+0000][7][gc,cpu       ] GC(85) User=0.02s Sys=0.00s Real=0.01s
[2020-10-24T05:48:22.861+0000][7][safepoint    ] Safepoint "G1Concurrent", Time since last: 65297500 ns, Reaching safepoint: 249100 ns, At safepoint: 6184100 ns, Total: 6433200 ns
[2020-10-24T05:48:22.862+0000][7][gc,marking   ] GC(85) Concurrent Rebuild Remembered Sets
[2020-10-24T05:48:22.898+0000][7][gc,marking   ] GC(85) Concurrent Rebuild Remembered Sets 36.319ms
[2020-10-24T05:48:22.899+0000][7][gc,start     ] GC(85) Pause Cleanup
[2020-10-24T05:48:22.899+0000][7][gc           ] GC(85) Pause Cleanup 131M->131M(256M) 0.451ms
[2020-10-24T05:48:22.899+0000][7][gc,cpu       ] GC(85) User=0.00s Sys=0.00s Real=0.00s
[2020-10-24T05:48:22.899+0000][7][safepoint    ] Safepoint "G1Concurrent", Time since last: 36990600 ns, Reaching safepoint: 180100 ns, At safepoint: 959000 ns, Total: 1139100 ns
[2020-10-24T05:48:22.900+0000][7][gc,marking   ] GC(85) Concurrent Cleanup for Next Mark
[2020-10-24T05:48:22.900+0000][7][gc,marking   ] GC(85) Concurrent Cleanup for Next Mark 0.487ms
[2020-10-24T05:48:22.900+0000][7][gc           ] GC(85) Concurrent Cycle 115.679ms
[2020-10-24T05:48:24.010+0000][7][safepoint    ] Safepoint "Cleanup", Time since last: 1110687500 ns, Reaching safepoint: 294700 ns, At safepoint: 9100 ns, Total: 303800 ns
[2020-10-24T05:48:25.011+0000][7][safepoint    ] Safepoint "Cleanup", Time since last: 1000473200 ns, Reaching safepoint: 271700 ns, At safepoint: 9000 ns, Total: 280700 ns
[2020-10-24T05:48:26.013+0000][7][safepoint    ] Safepoint "Cleanup", Time since last: 1000712200 ns, Reaching safepoint: 747700 ns, At safepoint: 48800 ns, Total: 796500 ns
[2020-10-24T05:48:27.015+0000][7][safepoint    ] Safepoint "Cleanup", Time since last: 1001350400 ns, Reaching safepoint: 437600 ns, At safepoint: 23300 ns, Total: 460900 ns
[2020-10-24T05:48:28.016+0000][7][safepoint    ] Safepoint "Cleanup", Time since last: 1000891000 ns, Reaching safepoint: 648800 ns, At safepoint: 38200 ns, Total: 687000 ns
[2020-10-24T05:48:29.018+0000][7][safepoint    ] Safepoint "Cleanup", Time since last: 1001204300 ns, Reaching safepoint: 580600 ns, At safepoint: 32700 ns, Total: 613300 ns
[2020-10-24T05:48:30.019+0000][7][safepoint    ] Safepoint "Cleanup", Time since last: 1000858800 ns, Reaching safepoint: 260100 ns, At safepoint: 9100 ns, Total: 269200 ns
[2020-10-24T05:48:31.020+0000][7][safepoint    ] Safepoint "Cleanup", Time since last: 1000772200 ns, Reaching safepoint: 576100 ns, At safepoint: 50100 ns, Total: 626200 ns
[2020-10-24T05:48:32.022+0000][7][safepoint    ] Safepoint "Cleanup", Time since last: 1001240000 ns, Reaching safepoint: 336900 ns, At safepoint: 16800 ns, Total: 353700 ns
[2020-10-24T05:48:33.023+0000][7][safepoint    ] Safepoint "Cleanup", Time since last: 1000650800 ns, Reaching safepoint: 324500 ns, At safepoint: 49300 ns, Total: 373800 ns
[2020-10-24T05:48:34.024+0000][7][safepoint    ] Safepoint "Cleanup", Time since last: 1000651300 ns, Reaching safepoint: 230800 ns, At safepoint: 9700 ns, Total: 240500 ns
[2020-10-24T05:48:35.025+0000][7][safepoint    ] Safepoint "Cleanup", Time since last: 1000591500 ns, Reaching safepoint: 222900 ns, At safepoint: 9800 ns, Total: 232700 ns
[2020-10-24T05:48:36.026+0000][7][safepoint    ] Safepoint "Cleanup", Time since last: 1000520300 ns, Reaching safepoint: 237200 ns, At safepoint: 10700 ns, Total: 247900 ns
[2020-10-24T05:48:37.027+0000][7][safepoint    ] Safepoint "Cleanup", Time since last: 1000622700 ns, Reaching safepoint: 822500 ns, At safepoint: 46700 ns, Total: 869200 ns
[2020-10-24T05:48:38.029+0000][7][safepoint    ] Safepoint "Cleanup", Time since last: 1001181900 ns, Reaching safepoint: 255600 ns, At safepoint: 9400 ns, Total: 265000 ns
[2020-10-24T05:48:39.029+0000][7][safepoint    ] Safepoint "Cleanup", Time since last: 1000542000 ns, Reaching safepoint: 314600 ns, At safepoint: 42200 ns, Total: 356800 ns
[2020-10-24T05:48:40.030+0000][7][safepoint    ] Safepoint "Cleanup", Time since last: 1000624500 ns, Reaching safepoint: 272500 ns, At safepoint: 9700 ns, Total: 282200 ns
[2020-10-24T05:48:41.032+0000][7][safepoint    ] Safepoint "Cleanup", Time since last: 1000632300 ns, Reaching safepoint: 737400 ns, At safepoint: 47700 ns, Total: 785100 ns
[2020-10-24T05:48:42.034+0000][7][safepoint    ] Safepoint "Cleanup", Time since last: 1001323600 ns, Reaching safepoint: 873000 ns, At safepoint: 47900 ns, Total: 920900 ns
[2020-10-24T05:48:43.036+0000][7][safepoint    ] Safepoint "Cleanup", Time since last: 1001321900 ns, Reaching safepoint: 760400 ns, At safepoint: 47300 ns, Total: 807700 ns
[2020-10-24T05:48:44.038+0000][7][safepoint    ] Safepoint "Cleanup", Time since last: 1001408900 ns, Reaching safepoint: 809900 ns, At safepoint: 48400 ns, Total: 858300 ns
[2020-10-24T05:48:45.041+0000][7][safepoint    ] Safepoint "Cleanup", Time since last: 1001279300 ns, Reaching safepoint: 842200 ns, At safepoint: 47000 ns, Total: 889200 ns
[2020-10-24T05:48:45.721+0000][7][gc,start     ] GC(86) Pause Young (Normal) (G1 Evacuation Pause)
[2020-10-24T05:48:45.722+0000][7][gc,task      ] GC(86) Using 6 workers of 10 for evacuation
[2020-10-24T05:48:45.722+0000][7][gc,age       ] GC(86) Desired survivor size 4718592 bytes, new threshold 15 (max threshold 15)
[2020-10-24T05:48:45.725+0000][7][gc,age       ] GC(86) Age table with threshold 15 (max threshold 15)
[2020-10-24T05:48:45.726+0000][7][gc,age       ] GC(86) - age   1:     803424 bytes,     803424 total
[2020-10-24T05:48:45.726+0000][7][gc,age       ] GC(86) - age   2:     774840 bytes,    1578264 total
[2020-10-24T05:48:45.726+0000][7][gc,age       ] GC(86) - age   3:     175120 bytes,    1753384 total
[2020-10-24T05:48:45.726+0000][7][gc,age       ] GC(86) - age   4:     313752 bytes,    2067136 total
[2020-10-24T05:48:45.727+0000][7][gc,age       ] GC(86) - age   5:        720 bytes,    2067856 total
[2020-10-24T05:48:45.727+0000][7][gc,age       ] GC(86) - age   6:     329832 bytes,    2397688 total
[2020-10-24T05:48:45.727+0000][7][gc,phases    ] GC(86)   Pre Evacuate Collection Set: 0.2ms
[2020-10-24T05:48:45.727+0000][7][gc,phases    ] GC(86)   Merge Heap Roots: 0.1ms
[2020-10-24T05:48:45.728+0000][7][gc,phases    ] GC(86)   Evacuate Collection Set: 1.7ms
[2020-10-24T05:48:45.728+0000][7][gc,phases    ] GC(86)   Post Evacuate Collection Set: 0.9ms
[2020-10-24T05:48:45.728+0000][7][gc,phases    ] GC(86)   Other: 3.1ms
[2020-10-24T05:48:45.728+0000][7][gc,heap      ] GC(86) Eden regions: 62->0(62)
[2020-10-24T05:48:45.728+0000][7][gc,heap      ] GC(86) Survivor regions: 3->3(9)
[2020-10-24T05:48:45.728+0000][7][gc,heap      ] GC(86) Old regions: 105->105
[2020-10-24T05:48:45.729+0000][7][gc,heap      ] GC(86) Archive regions: 2->2
[2020-10-24T05:48:45.729+0000][7][gc,heap      ] GC(86) Humongous regions: 15->15
[2020-10-24T05:48:45.729+0000][7][gc,metaspace ] GC(86) Metaspace: 103847K(112548K)->103847K(112548K) NonClass: 90276K(95448K)->90276K(95448K) Class: 13571K(17100K)->13571K(17100K)
[2020-10-24T05:48:45.729+0000][7][gc           ] GC(86) Pause Young (Normal) (G1 Evacuation Pause) 184M->122M(256M) 7.854ms
[2020-10-24T05:48:45.729+0000][7][gc,cpu       ] GC(86) User=0.02s Sys=0.00s Real=0.01s
[2020-10-24T05:48:45.729+0000][7][safepoint    ] Safepoint "G1CollectForAllocation", Time since last: 680436500 ns, Reaching safepoint: 244200 ns, At safepoint: 8205500 ns, Total: 8449700 ns
[2020-10-24T05:48:47.621+0000][7][safepoint    ] Safepoint "Cleanup", Time since last: 1890953100 ns, Reaching safepoint: 769000 ns, At safepoint: 49600 ns, Total: 818600 ns
[2020-10-24T05:48:48.623+0000][7][safepoint    ] Safepoint "Cleanup", Time since last: 1001217700 ns, Reaching safepoint: 468600 ns, At safepoint: 26900 ns, Total: 495500 ns
[2020-10-24T05:48:49.630+0000][7][safepoint    ] Safepoint "Cleanup", Time since last: 1006390800 ns, Reaching safepoint: 246400 ns, At safepoint: 51400 ns, Total: 297800 ns
[2020-10-24T05:48:50.631+0000][7][safepoint    ] Safepoint "Cleanup", Time since last: 1000742500 ns, Reaching safepoint: 819000 ns, At safepoint: 48300 ns, Total: 867300 ns
[2020-10-24T05:48:51.633+0000][7][safepoint    ] Safepoint "Cleanup", Time since last: 1001262300 ns, Reaching safepoint: 894700 ns, At safepoint: 47600 ns, Total: 942300 ns
[2020-10-24T05:48:52.635+0000][7][safepoint    ] Safepoint "Cleanup", Time since last: 1001171100 ns, Reaching safepoint: 262200 ns, At safepoint: 9500 ns, Total: 271700 ns
[2020-10-24T05:48:53.636+0000][7][safepoint    ] Safepoint "Cleanup", Time since last: 1000541800 ns, Reaching safepoint: 308600 ns, At safepoint: 15600 ns, Total: 324200 ns
[2020-10-24T05:48:54.637+0000][7][safepoint    ] Safepoint "Cleanup", Time since last: 1000576700 ns, Reaching safepoint: 220800 ns, At safepoint: 11500 ns, Total: 232300 ns
[2020-10-24T05:48:55.637+0000][7][safepoint    ] Safepoint "Cleanup", Time since last: 1000540700 ns, Reaching safepoint: 260000 ns, At safepoint: 10200 ns, Total: 270200 ns
[2020-10-24T05:48:56.638+0000][7][safepoint    ] Safepoint "Cleanup", Time since last: 1000480000 ns, Reaching safepoint: 240900 ns, At safepoint: 11400 ns, Total: 252300 ns
[2020-10-24T05:48:57.639+0000][7][safepoint    ] Safepoint "Cleanup", Time since last: 1000567400 ns, Reaching safepoint: 229700 ns, At safepoint: 10100 ns, Total: 239800 ns
[2020-10-24T05:48:58.647+0000][7][safepoint    ] Safepoint "Cleanup", Time since last: 1007465100 ns, Reaching safepoint: 263300 ns, At safepoint: 9300 ns, Total: 272600 ns
[2020-10-24T05:48:58.649+0000][7][safepoint    ] Safepoint "BulkRevokeBias", Time since last: 895900 ns, Reaching safepoint: 183800 ns, At safepoint: 943900 ns, Total: 1127700 ns
[2020-10-24T05:48:58.665+0000][7][safepoint    ] Safepoint "BulkRevokeBias", Time since last: 14361100 ns, Reaching safepoint: 256900 ns, At safepoint: 1350100 ns, Total: 1607000 ns
[2020-10-24T05:48:58.684+0000][7][safepoint    ] Safepoint "ICBufferFull", Time since last: 18785300 ns, Reaching safepoint: 365200 ns, At safepoint: 70400 ns, Total: 435600 ns
[2020-10-24T05:48:59.109+0000][7][safepoint    ] Safepoint "BulkRevokeBias", Time since last: 423770900 ns, Reaching safepoint: 235000 ns, At safepoint: 743300 ns, Total: 978300 ns
[2020-10-24T05:49:00.118+0000][7][safepoint    ] Safepoint "Cleanup", Time since last: 1009351700 ns, Reaching safepoint: 255500 ns, At safepoint: 11300 ns, Total: 266800 ns
[2020-10-24T05:49:01.120+0000][7][safepoint    ] Safepoint "Cleanup", Time since last: 1000641800 ns, Reaching safepoint: 627700 ns, At safepoint: 35700 ns, Total: 663400 ns
[2020-10-24T05:49:02.122+0000][7][safepoint    ] Safepoint "Cleanup", Time since last: 1001322600 ns, Reaching safepoint: 831700 ns, At safepoint: 48400 ns, Total: 880100 ns
[2020-10-24T05:49:03.124+0000][7][safepoint    ] Safepoint "Cleanup", Time since last: 1001401400 ns, Reaching safepoint: 663300 ns, At safepoint: 122100 ns, Total: 785400 ns
[2020-10-24T05:49:04.125+0000][7][safepoint    ] Safepoint "Cleanup", Time since last: 1001186600 ns, Reaching safepoint: 213600 ns, At safepoint: 9300 ns, Total: 222900 ns
[2020-10-24T05:49:05.126+0000][7][safepoint    ] Safepoint "Cleanup", Time since last: 1000452400 ns, Reaching safepoint: 293700 ns, At safepoint: 14000 ns, Total: 307700 ns
[2020-10-24T05:49:06.128+0000][7][safepoint    ] Safepoint "Cleanup", Time since last: 1000697700 ns, Reaching safepoint: 917200 ns, At safepoint: 47300 ns, Total: 964500 ns
[2020-10-24T05:49:07.130+0000][7][safepoint    ] Safepoint "Cleanup", Time since last: 1001252400 ns, Reaching safepoint: 847600 ns, At safepoint: 46600 ns, Total: 894200 ns
[2020-10-24T05:49:08.132+0000][7][safepoint    ] Safepoint "Cleanup", Time since last: 1001253200 ns, Reaching safepoint: 784200 ns, At safepoint: 46200 ns, Total: 830400 ns
[2020-10-24T05:49:08.447+0000][7][gc,start     ] GC(87) Pause Young (Concurrent Start) (G1 Evacuation Pause)
[2020-10-24T05:49:08.448+0000][7][gc,task      ] GC(87) Using 6 workers of 10 for evacuation
[2020-10-24T05:49:08.449+0000][7][gc,age       ] GC(87) Desired survivor size 4718592 bytes, new threshold 15 (max threshold 15)
[2020-10-24T05:49:08.459+0000][7][gc,age       ] GC(87) Age table with threshold 15 (max threshold 15)
[2020-10-24T05:49:08.459+0000][7][gc,age       ] GC(87) - age   1:     474480 bytes,     474480 total
[2020-10-24T05:49:08.460+0000][7][gc,age       ] GC(87) - age   2:     734344 bytes,    1208824 total
[2020-10-24T05:49:08.460+0000][7][gc,age       ] GC(87) - age   3:     420200 bytes,    1629024 total
[2020-10-24T05:49:08.460+0000][7][gc,age       ] GC(87) - age   4:     172672 bytes,    1801696 total
[2020-10-24T05:49:08.460+0000][7][gc,age       ] GC(87) - age   5:     313712 bytes,    2115408 total
[2020-10-24T05:49:08.461+0000][7][gc,age       ] GC(87) - age   6:        672 bytes,    2116080 total
[2020-10-24T05:49:08.461+0000][7][gc,age       ] GC(87) - age   7:      22520 bytes,    2138600 total
[2020-10-24T05:49:08.461+0000][7][gc,phases    ] GC(87)   Pre Evacuate Collection Set: 1.6ms
[2020-10-24T05:49:08.461+0000][7][gc,phases    ] GC(87)   Merge Heap Roots: 0.5ms
[2020-10-24T05:49:08.462+0000][7][gc,phases    ] GC(87)   Evacuate Collection Set: 5.3ms
[2020-10-24T05:49:08.462+0000][7][gc,phases    ] GC(87)   Post Evacuate Collection Set: 0.9ms
[2020-10-24T05:49:08.462+0000][7][gc,phases    ] GC(87)   Other: 5.8ms
[2020-10-24T05:49:08.462+0000][7][gc,heap      ] GC(87) Eden regions: 62->0(62)
[2020-10-24T05:49:08.462+0000][7][gc,heap      ] GC(87) Survivor regions: 3->3(9)
[2020-10-24T05:49:08.462+0000][7][gc,heap      ] GC(87) Old regions: 105->105
[2020-10-24T05:49:08.463+0000][7][gc,heap      ] GC(87) Archive regions: 2->2
[2020-10-24T05:49:08.463+0000][7][gc,heap      ] GC(87) Humongous regions: 15->15
[2020-10-24T05:49:08.463+0000][7][gc,metaspace ] GC(87) Metaspace: 104019K(112548K)->104019K(112548K) NonClass: 90448K(95448K)->90448K(95448K) Class: 13571K(17100K)->13571K(17100K)
[2020-10-24T05:49:08.463+0000][7][gc           ] GC(87) Pause Young (Concurrent Start) (G1 Evacuation Pause) 184M->122M(256M) 15.797ms
[2020-10-24T05:49:08.463+0000][7][gc,cpu       ] GC(87) User=0.02s Sys=0.01s Real=0.02s
[2020-10-24T05:49:08.464+0000][7][gc           ] GC(88) Concurrent Cycle
[2020-10-24T05:49:08.464+0000][7][gc,marking   ] GC(88) Concurrent Clear Claimed Marks
[2020-10-24T05:49:08.464+0000][7][safepoint    ] Safepoint "G1CollectForAllocation", Time since last: 314438800 ns, Reaching safepoint: 775200 ns, At safepoint: 16330800 ns, Total: 17106000 ns
[2020-10-24T05:49:08.464+0000][7][gc,marking   ] GC(88) Concurrent Clear Claimed Marks 0.501ms
[2020-10-24T05:49:08.464+0000][7][gc,marking   ] GC(88) Concurrent Scan Root Regions
[2020-10-24T05:49:08.465+0000][7][gc,marking   ] GC(88) Concurrent Scan Root Regions 1.070ms
[2020-10-24T05:49:08.466+0000][7][gc,marking   ] GC(88) Concurrent Mark (305.832s)
[2020-10-24T05:49:08.466+0000][7][gc,marking   ] GC(88) Concurrent Mark From Roots
[2020-10-24T05:49:08.466+0000][7][gc,task      ] GC(88) Using 3 workers of 3 for marking
[2020-10-24T05:49:08.512+0000][7][gc,marking   ] GC(88) Concurrent Mark From Roots 45.958ms
[2020-10-24T05:49:08.512+0000][7][gc,marking   ] GC(88) Concurrent Preclean
[2020-10-24T05:49:08.513+0000][7][gc,marking   ] GC(88) Concurrent Preclean 0.669ms
[2020-10-24T05:49:08.513+0000][7][gc,marking   ] GC(88) Concurrent Mark (305.832s, 305.880s) 47.542ms
[2020-10-24T05:49:08.514+0000][7][gc,start     ] GC(88) Pause Remark
[2020-10-24T05:49:08.519+0000][7][gc           ] GC(88) Pause Remark 122M->122M(256M) 5.306ms
[2020-10-24T05:49:08.520+0000][7][gc,cpu       ] GC(88) User=0.02s Sys=0.00s Real=0.01s
[2020-10-24T05:49:08.520+0000][7][safepoint    ] Safepoint "G1Concurrent", Time since last: 50031300 ns, Reaching safepoint: 291700 ns, At safepoint: 6030300 ns, Total: 6322000 ns
[2020-10-24T05:49:08.520+0000][7][gc,marking   ] GC(88) Concurrent Rebuild Remembered Sets
[2020-10-24T05:49:08.559+0000][7][gc,marking   ] GC(88) Concurrent Rebuild Remembered Sets 39.159ms
[2020-10-24T05:49:08.560+0000][7][gc,start     ] GC(88) Pause Cleanup
[2020-10-24T05:49:08.561+0000][7][gc           ] GC(88) Pause Cleanup 122M->122M(256M) 0.554ms
[2020-10-24T05:49:08.561+0000][7][gc,cpu       ] GC(88) User=0.00s Sys=0.00s Real=0.00s
[2020-10-24T05:49:08.561+0000][7][safepoint    ] Safepoint "G1Concurrent", Time since last: 39900300 ns, Reaching safepoint: 244500 ns, At safepoint: 1117500 ns, Total: 1362000 ns
[2020-10-24T05:49:08.561+0000][7][gc,marking   ] GC(88) Concurrent Cleanup for Next Mark
[2020-10-24T05:49:08.562+0000][7][gc,marking   ] GC(88) Concurrent Cleanup for Next Mark 0.723ms
[2020-10-24T05:49:08.562+0000][7][gc           ] GC(88) Concurrent Cycle 98.920ms
[2020-10-24T05:49:09.563+0000][7][safepoint    ] Safepoint "Cleanup", Time since last: 1000577000 ns, Reaching safepoint: 836800 ns, At safepoint: 46400 ns, Total: 883200 ns
[2020-10-24T05:49:10.564+0000][7][safepoint    ] Safepoint "Cleanup", Time since last: 1001133300 ns, Reaching safepoint: 273900 ns, At safepoint: 9500 ns, Total: 283400 ns
[2020-10-24T05:49:11.565+0000][7][safepoint    ] Safepoint "Cleanup", Time since last: 1000496900 ns, Reaching safepoint: 880900 ns, At safepoint: 47100 ns, Total: 928000 ns
[2020-10-24T05:49:12.567+0000][7][safepoint    ] Safepoint "Cleanup", Time since last: 1001266300 ns, Reaching safepoint: 250800 ns, At safepoint: 9100 ns, Total: 259900 ns
[2020-10-24T05:49:13.568+0000][7][safepoint    ] Safepoint "Cleanup", Time since last: 1000634500 ns, Reaching safepoint: 775100 ns, At safepoint: 47300 ns, Total: 822400 ns
[2020-10-24T05:49:14.570+0000][7][safepoint    ] Safepoint "Cleanup", Time since last: 1001206700 ns, Reaching safepoint: 784400 ns, At safepoint: 48400 ns, Total: 832800 ns
[2020-10-24T05:49:15.572+0000][7][safepoint    ] Safepoint "Cleanup", Time since last: 1001320200 ns, Reaching safepoint: 307400 ns, At safepoint: 16300 ns, Total: 323700 ns
[2020-10-24T05:49:16.573+0000][7][safepoint    ] Safepoint "Cleanup", Time since last: 1000535700 ns, Reaching safepoint: 240800 ns, At safepoint: 9800 ns, Total: 250600 ns
[2020-10-24T05:49:17.574+0000][7][safepoint    ] Safepoint "Cleanup", Time since last: 1000570900 ns, Reaching safepoint: 234100 ns, At safepoint: 8400 ns, Total: 242500 ns
[2020-10-24T05:49:19.575+0000][7][safepoint    ] Safepoint "Cleanup", Time since last: 2000822200 ns, Reaching safepoint: 803800 ns, At safepoint: 45100 ns, Total: 848900 ns
[2020-10-24T05:49:20.577+0000][7][safepoint    ] Safepoint "Cleanup", Time since last: 1001241800 ns, Reaching safepoint: 558500 ns, At safepoint: 35700 ns, Total: 594200 ns
[2020-10-24T05:49:21.579+0000][7][safepoint    ] Safepoint "Cleanup", Time since last: 1001049400 ns, Reaching safepoint: 775700 ns, At safepoint: 45900 ns, Total: 821600 ns
[2020-10-24T05:49:22.796+0000][7][safepoint    ] Safepoint "Cleanup", Time since last: 1217035200 ns, Reaching safepoint: 203600 ns, At safepoint: 10800 ns, Total: 214400 ns
[2020-10-24T05:49:22.815+0000][7][safepoint    ] Safepoint "BulkRevokeBias", Time since last: 14879800 ns, Reaching safepoint: 404100 ns, At safepoint: 3478400 ns, Total: 3882500 ns
[2020-10-24T05:49:23.050+0000][7][safepoint    ] Safepoint "BulkRevokeBias", Time since last: 233676500 ns, Reaching safepoint: 260900 ns, At safepoint: 698200 ns, Total: 959100 ns
[2020-10-24T05:49:23.066+0000][7][gc,start     ] GC(89) Pause Young (Normal) (G1 Evacuation Pause)
[2020-10-24T05:49:23.066+0000][7][gc,task      ] GC(89) Using 6 workers of 10 for evacuation
[2020-10-24T05:49:23.066+0000][7][gc,age       ] GC(89) Desired survivor size 4718592 bytes, new threshold 15 (max threshold 15)
[2020-10-24T05:49:23.070+0000][7][gc,age       ] GC(89) Age table with threshold 15 (max threshold 15)
[2020-10-24T05:49:23.070+0000][7][gc,age       ] GC(89) - age   1:    1664304 bytes,    1664304 total
[2020-10-24T05:49:23.071+0000][7][gc,age       ] GC(89) - age   2:     407856 bytes,    2072160 total
[2020-10-24T05:49:23.071+0000][7][gc,age       ] GC(89) - age   3:     703768 bytes,    2775928 total
[2020-10-24T05:49:23.071+0000][7][gc,age       ] GC(89) - age   4:     415432 bytes,    3191360 total
[2020-10-24T05:49:23.072+0000][7][gc,age       ] GC(89) - age   5:     171104 bytes,    3362464 total
[2020-10-24T05:49:23.072+0000][7][gc,age       ] GC(89) - age   6:     305640 bytes,    3668104 total
[2020-10-24T05:49:23.072+0000][7][gc,age       ] GC(89) - age   7:        672 bytes,    3668776 total
[2020-10-24T05:49:23.072+0000][7][gc,age       ] GC(89) - age   8:      15328 bytes,    3684104 total
[2020-10-24T05:49:23.072+0000][7][gc,phases    ] GC(89)   Pre Evacuate Collection Set: 0.1ms
[2020-10-24T05:49:23.073+0000][7][gc,phases    ] GC(89)   Merge Heap Roots: 0.2ms
[2020-10-24T05:49:23.073+0000][7][gc,phases    ] GC(89)   Evacuate Collection Set: 1.9ms
[2020-10-24T05:49:23.073+0000][7][gc,phases    ] GC(89)   Post Evacuate Collection Set: 1.2ms
[2020-10-24T05:49:23.073+0000][7][gc,phases    ] GC(89)   Other: 3.4ms
[2020-10-24T05:49:23.073+0000][7][gc,heap      ] GC(89) Eden regions: 62->0(61)
[2020-10-24T05:49:23.074+0000][7][gc,heap      ] GC(89) Survivor regions: 3->4(9)
[2020-10-24T05:49:23.074+0000][7][gc,heap      ] GC(89) Old regions: 105->105
[2020-10-24T05:49:23.074+0000][7][gc,heap      ] GC(89) Archive regions: 2->2
[2020-10-24T05:49:23.074+0000][7][gc,heap      ] GC(89) Humongous regions: 15->15
[2020-10-24T05:49:23.074+0000][7][gc,metaspace ] GC(89) Metaspace: 104162K(112804K)->104162K(112804K) NonClass: 90591K(95704K)->90591K(95704K) Class: 13571K(17100K)->13571K(17100K)
[2020-10-24T05:49:23.074+0000][7][gc           ] GC(89) Pause Young (Normal) (G1 Evacuation Pause) 184M->123M(256M) 8.717ms
[2020-10-24T05:49:23.075+0000][7][gc,cpu       ] GC(89) User=0.02s Sys=0.00s Real=0.01s
[2020-10-24T05:49:23.075+0000][7][safepoint    ] Safepoint "G1CollectForAllocation", Time since last: 15657800 ns, Reaching safepoint: 228900 ns, At safepoint: 9106400 ns, Total: 9335300 ns
[2020-10-24T05:49:24.091+0000][7][safepoint    ] Safepoint "Cleanup", Time since last: 1015158300 ns, Reaching safepoint: 921900 ns, At safepoint: 46300 ns, Total: 968200 ns
[2020-10-24T05:49:25.100+0000][7][safepoint    ] Safepoint "Cleanup", Time since last: 1008561400 ns, Reaching safepoint: 639700 ns, At safepoint: 34100 ns, Total: 673800 ns
[2020-10-24T05:49:26.625+0000][7][safepoint    ] Safepoint "Cleanup", Time since last: 1524017800 ns, Reaching safepoint: 861800 ns, At safepoint: 47500 ns, Total: 909300 ns
[2020-10-24T05:49:27.627+0000][7][safepoint    ] Safepoint "Cleanup", Time since last: 1001304400 ns, Reaching safepoint: 360400 ns, At safepoint: 17900 ns, Total: 378300 ns
[2020-10-24T05:49:28.628+0000][7][safepoint    ] Safepoint "Cleanup", Time since last: 1000666400 ns, Reaching safepoint: 379500 ns, At safepoint: 79300 ns, Total: 458800 ns
[2020-10-24T05:49:29.629+0000][7][safepoint    ] Safepoint "Cleanup", Time since last: 1000536600 ns, Reaching safepoint: 246000 ns, At safepoint: 12300 ns, Total: 258300 ns
[2020-10-24T05:49:30.629+0000][7][safepoint    ] Safepoint "Cleanup", Time since last: 1000552700 ns, Reaching safepoint: 291500 ns, At safepoint: 17000 ns, Total: 308500 ns
[2020-10-24T05:49:31.630+0000][7][safepoint    ] Safepoint "Cleanup", Time since last: 1000604000 ns, Reaching safepoint: 274300 ns, At safepoint: 24100 ns, Total: 298400 ns
[2020-10-24T05:49:32.631+0000][7][safepoint    ] Safepoint "Cleanup", Time since last: 1000509100 ns, Reaching safepoint: 255100 ns, At safepoint: 25600 ns, Total: 280700 ns
[2020-10-24T05:49:33.632+0000][7][safepoint    ] Safepoint "Cleanup", Time since last: 1000401600 ns, Reaching safepoint: 233500 ns, At safepoint: 10200 ns, Total: 243700 ns
[2020-10-24T05:49:34.633+0000][7][safepoint    ] Safepoint "Cleanup", Time since last: 1000625400 ns, Reaching safepoint: 238600 ns, At safepoint: 9700 ns, Total: 248300 ns
[2020-10-24T05:49:35.633+0000][7][safepoint    ] Safepoint "Cleanup", Time since last: 1000546000 ns, Reaching safepoint: 214900 ns, At safepoint: 11500 ns, Total: 226400 ns
[2020-10-24T05:49:36.635+0000][7][safepoint    ] Safepoint "Cleanup", Time since last: 1000622800 ns, Reaching safepoint: 833900 ns, At safepoint: 47000 ns, Total: 880900 ns
[2020-10-24T05:49:37.637+0000][7][safepoint    ] Safepoint "Cleanup", Time since last: 1001203800 ns, Reaching safepoint: 550900 ns, At safepoint: 29400 ns, Total: 580300 ns
[2020-10-24T05:49:38.638+0000][7][safepoint    ] Safepoint "Cleanup", Time since last: 1000989200 ns, Reaching safepoint: 307100 ns, At safepoint: 15600 ns, Total: 322700 ns
[2020-10-24T05:49:39.640+0000][7][safepoint    ] Safepoint "Cleanup", Time since last: 1000760700 ns, Reaching safepoint: 806700 ns, At safepoint: 46800 ns, Total: 853500 ns
[2020-10-24T05:49:40.641+0000][7][safepoint    ] Safepoint "Cleanup", Time since last: 1001185600 ns, Reaching safepoint: 216800 ns, At safepoint: 23600 ns, Total: 240400 ns
[2020-10-24T05:49:41.642+0000][7][safepoint    ] Safepoint "Cleanup", Time since last: 1000538800 ns, Reaching safepoint: 452200 ns, At safepoint: 25400 ns, Total: 477600 ns
[2020-10-24T05:49:42.643+0000][7][safepoint    ] Safepoint "Cleanup", Time since last: 1000771800 ns, Reaching safepoint: 370400 ns, At safepoint: 20700 ns, Total: 391100 ns
[2020-10-24T05:49:43.651+0000][7][safepoint    ] Safepoint "Cleanup", Time since last: 1007365200 ns, Reaching safepoint: 324300 ns, At safepoint: 43100 ns, Total: 367400 ns
[2020-10-24T05:49:43.684+0000][7][gc,start     ] GC(90) Pause Young (Concurrent Start) (G1 Evacuation Pause)
[2020-10-24T05:49:43.684+0000][7][gc,task      ] GC(90) Using 6 workers of 10 for evacuation
[2020-10-24T05:49:43.685+0000][7][gc,age       ] GC(90) Desired survivor size 4718592 bytes, new threshold 15 (max threshold 15)
[2020-10-24T05:49:43.688+0000][7][gc,age       ] GC(90) Age table with threshold 15 (max threshold 15)
[2020-10-24T05:49:43.689+0000][7][gc,age       ] GC(90) - age   1:     563408 bytes,     563408 total
[2020-10-24T05:49:43.689+0000][7][gc,age       ] GC(90) - age   2:     464936 bytes,    1028344 total
[2020-10-24T05:49:43.689+0000][7][gc,age       ] GC(90) - age   3:     399080 bytes,    1427424 total
[2020-10-24T05:49:43.690+0000][7][gc,age       ] GC(90) - age   4:     510368 bytes,    1937792 total
[2020-10-24T05:49:43.690+0000][7][gc,age       ] GC(90) - age   5:     414808 bytes,    2352600 total
[2020-10-24T05:49:43.690+0000][7][gc,age       ] GC(90) - age   6:     136616 bytes,    2489216 total
[2020-10-24T05:49:43.690+0000][7][gc,age       ] GC(90) - age   7:     305640 bytes,    2794856 total
[2020-10-24T05:49:43.691+0000][7][gc,age       ] GC(90) - age   8:        672 bytes,    2795528 total
[2020-10-24T05:49:43.691+0000][7][gc,age       ] GC(90) - age   9:      15264 bytes,    2810792 total
[2020-10-24T05:49:43.691+0000][7][gc,phases    ] GC(90)   Pre Evacuate Collection Set: 0.6ms
[2020-10-24T05:49:43.691+0000][7][gc,phases    ] GC(90)   Merge Heap Roots: 0.1ms
[2020-10-24T05:49:43.691+0000][7][gc,phases    ] GC(90)   Evacuate Collection Set: 1.7ms
[2020-10-24T05:49:43.691+0000][7][gc,phases    ] GC(90)   Post Evacuate Collection Set: 0.9ms
[2020-10-24T05:49:43.691+0000][7][gc,phases    ] GC(90)   Other: 3.7ms
[2020-10-24T05:49:43.692+0000][7][gc,heap      ] GC(90) Eden regions: 61->0(62)
[2020-10-24T05:49:43.692+0000][7][gc,heap      ] GC(90) Survivor regions: 4->4(9)
[2020-10-24T05:49:43.692+0000][7][gc,heap      ] GC(90) Old regions: 105->105
[2020-10-24T05:49:43.692+0000][7][gc,heap      ] GC(90) Archive regions: 2->2
[2020-10-24T05:49:43.692+0000][7][gc,heap      ] GC(90) Humongous regions: 15->15
[2020-10-24T05:49:43.692+0000][7][gc,metaspace ] GC(90) Metaspace: 104309K(112804K)->104309K(112804K) NonClass: 90723K(95704K)->90723K(95704K) Class: 13585K(17100K)->13585K(17100K)
[2020-10-24T05:49:43.692+0000][7][gc           ] GC(90) Pause Young (Concurrent Start) (G1 Evacuation Pause) 184M->123M(256M) 8.468ms
[2020-10-24T05:49:43.692+0000][7][gc,cpu       ] GC(90) User=0.01s Sys=0.01s Real=0.01s
[2020-10-24T05:49:43.693+0000][7][gc           ] GC(91) Concurrent Cycle
[2020-10-24T05:49:43.693+0000][7][safepoint    ] Safepoint "G1CollectForAllocation", Time since last: 32584900 ns, Reaching safepoint: 275900 ns, At safepoint: 8766700 ns, Total: 9042600 ns
[2020-10-24T05:49:43.693+0000][7][gc,marking   ] GC(91) Concurrent Clear Claimed Marks
[2020-10-24T05:49:43.694+0000][7][gc,marking   ] GC(91) Concurrent Clear Claimed Marks 0.757ms
[2020-10-24T05:49:43.694+0000][7][gc,marking   ] GC(91) Concurrent Scan Root Regions
[2020-10-24T05:49:43.695+0000][7][gc,marking   ] GC(91) Concurrent Scan Root Regions 1.055ms
[2020-10-24T05:49:43.695+0000][7][gc,marking   ] GC(91) Concurrent Mark (341.061s)
[2020-10-24T05:49:43.695+0000][7][gc,marking   ] GC(91) Concurrent Mark From Roots
[2020-10-24T05:49:43.695+0000][7][gc,task      ] GC(91) Using 3 workers of 3 for marking
[2020-10-24T05:49:43.756+0000][7][gc,marking   ] GC(91) Concurrent Mark From Roots 61.106ms
[2020-10-24T05:49:43.757+0000][7][gc,marking   ] GC(91) Concurrent Preclean
[2020-10-24T05:49:43.757+0000][7][gc,marking   ] GC(91) Concurrent Preclean 0.667ms
[2020-10-24T05:49:43.758+0000][7][gc,marking   ] GC(91) Concurrent Mark (341.061s, 341.124s) 62.629ms
[2020-10-24T05:49:43.758+0000][7][gc,start     ] GC(91) Pause Remark
[2020-10-24T05:49:43.764+0000][7][gc           ] GC(91) Pause Remark 141M->141M(256M) 5.908ms
[2020-10-24T05:49:43.764+0000][7][gc,cpu       ] GC(91) User=0.02s Sys=0.00s Real=0.00s
[2020-10-24T05:49:43.765+0000][7][safepoint    ] Safepoint "G1Concurrent", Time since last: 65248900 ns, Reaching safepoint: 304200 ns, At safepoint: 6636100 ns, Total: 6940300 ns
[2020-10-24T05:49:43.765+0000][7][gc,marking   ] GC(91) Concurrent Rebuild Remembered Sets
[2020-10-24T05:49:43.803+0000][7][gc,marking   ] GC(91) Concurrent Rebuild Remembered Sets 37.645ms
[2020-10-24T05:49:43.803+0000][7][gc,start     ] GC(91) Pause Cleanup
[2020-10-24T05:49:43.804+0000][7][gc           ] GC(91) Pause Cleanup 141M->141M(256M) 0.465ms
[2020-10-24T05:49:43.804+0000][7][gc,cpu       ] GC(91) User=0.01s Sys=0.00s Real=0.00s
[2020-10-24T05:49:43.804+0000][7][safepoint    ] Safepoint "G1Concurrent", Time since last: 38424200 ns, Reaching safepoint: 198200 ns, At safepoint: 1000300 ns, Total: 1198500 ns
[2020-10-24T05:49:43.805+0000][7][gc,marking   ] GC(91) Concurrent Cleanup for Next Mark
[2020-10-24T05:49:43.805+0000][7][gc,marking   ] GC(91) Concurrent Cleanup for Next Mark 0.533ms
[2020-10-24T05:49:43.806+0000][7][gc           ] GC(91) Concurrent Cycle 112.871ms
[2020-10-24T05:49:44.063+0000][7][safepoint    ] Safepoint "BulkRevokeBias", Time since last: 254285600 ns, Reaching safepoint: 422500 ns, At safepoint: 3933900 ns, Total: 4356400 ns
[2020-10-24T05:49:45.321+0000][7][safepoint    ] Safepoint "Cleanup", Time since last: 1256791800 ns, Reaching safepoint: 949600 ns, At safepoint: 166900 ns, Total: 1116500 ns
[2020-10-24T05:49:47.049+0000][7][safepoint    ] Safepoint "Cleanup", Time since last: 1727907400 ns, Reaching safepoint: 287400 ns, At safepoint: 9300 ns, Total: 296700 ns
[2020-10-24T05:49:47.057+0000][7][gc,start     ] GC(92) Pause Young (Normal) (G1 Evacuation Pause)
[2020-10-24T05:49:47.058+0000][7][gc,task      ] GC(92) Using 6 workers of 10 for evacuation
[2020-10-24T05:49:47.058+0000][7][gc,age       ] GC(92) Desired survivor size 4718592 bytes, new threshold 15 (max threshold 15)
[2020-10-24T05:49:47.062+0000][7][gc,age       ] GC(92) Age table with threshold 15 (max threshold 15)
[2020-10-24T05:49:47.062+0000][7][gc,age       ] GC(92) - age   1:    1651752 bytes,    1651752 total
[2020-10-24T05:49:47.063+0000][7][gc,age       ] GC(92) - age   2:     315728 bytes,    1967480 total
[2020-10-24T05:49:47.063+0000][7][gc,age       ] GC(92) - age   3:     453328 bytes,    2420808 total
[2020-10-24T05:49:47.063+0000][7][gc,age       ] GC(92) - age   4:     393280 bytes,    2814088 total
[2020-10-24T05:49:47.063+0000][7][gc,age       ] GC(92) - age   5:     510096 bytes,    3324184 total
[2020-10-24T05:49:47.063+0000][7][gc,age       ] GC(92) - age   6:     414040 bytes,    3738224 total
[2020-10-24T05:49:47.064+0000][7][gc,age       ] GC(92) - age   7:     126288 bytes,    3864512 total
[2020-10-24T05:49:47.064+0000][7][gc,age       ] GC(92) - age   8:      99160 bytes,    3963672 total
[2020-10-24T05:49:47.064+0000][7][gc,age       ] GC(92) - age   9:        672 bytes,    3964344 total
[2020-10-24T05:49:47.064+0000][7][gc,age       ] GC(92) - age  10:      15264 bytes,    3979608 total
[2020-10-24T05:49:47.064+0000][7][gc,phases    ] GC(92)   Pre Evacuate Collection Set: 0.2ms
[2020-10-24T05:49:47.064+0000][7][gc,phases    ] GC(92)   Merge Heap Roots: 0.2ms
[2020-10-24T05:49:47.064+0000][7][gc,phases    ] GC(92)   Evacuate Collection Set: 2.0ms
[2020-10-24T05:49:47.065+0000][7][gc,phases    ] GC(92)   Post Evacuate Collection Set: 1.4ms
[2020-10-24T05:49:47.065+0000][7][gc,phases    ] GC(92)   Other: 3.2ms
[2020-10-24T05:49:47.065+0000][7][gc,heap      ] GC(92) Eden regions: 62->0(61)
[2020-10-24T05:49:47.065+0000][7][gc,heap      ] GC(92) Survivor regions: 4->4(9)
[2020-10-24T05:49:47.065+0000][7][gc,heap      ] GC(92) Old regions: 105->105
[2020-10-24T05:49:47.065+0000][7][gc,heap      ] GC(92) Archive regions: 2->2
[2020-10-24T05:49:47.065+0000][7][gc,heap      ] GC(92) Humongous regions: 15->15
[2020-10-24T05:49:47.065+0000][7][gc,metaspace ] GC(92) Metaspace: 105020K(113316K)->105020K(113316K) NonClass: 91336K(96216K)->91336K(96216K) Class: 13684K(17100K)->13684K(17100K)
[2020-10-24T05:49:47.065+0000][7][gc           ] GC(92) Pause Young (Normal) (G1 Evacuation Pause) 185M->124M(256M) 8.311ms
[2020-10-24T05:49:47.066+0000][7][gc,cpu       ] GC(92) User=0.01s Sys=0.00s Real=0.01s
[2020-10-24T05:49:47.066+0000][7][safepoint    ] Safepoint "G1CollectForAllocation", Time since last: 7646000 ns, Reaching safepoint: 270300 ns, At safepoint: 8621000 ns, Total: 8891300 ns
[2020-10-24T05:49:48.069+0000][7][safepoint    ] Safepoint "Cleanup", Time since last: 1003265600 ns, Reaching safepoint: 258700 ns, At safepoint: 24300 ns, Total: 283000 ns
[2020-10-24T05:49:49.070+0000][7][safepoint    ] Safepoint "Cleanup", Time since last: 1000584000 ns, Reaching safepoint: 302400 ns, At safepoint: 17700 ns, Total: 320100 ns
[2020-10-24T05:49:50.545+0000][7][safepoint    ] Safepoint "Cleanup", Time since last: 1474182500 ns, Reaching safepoint: 861000 ns, At safepoint: 76200 ns, Total: 937200 ns
[2020-10-24T05:49:51.547+0000][7][safepoint    ] Safepoint "Cleanup", Time since last: 1001279500 ns, Reaching safepoint: 201600 ns, At safepoint: 24400 ns, Total: 226000 ns
[2020-10-24T05:49:52.548+0000][7][safepoint    ] Safepoint "Cleanup", Time since last: 1000634900 ns, Reaching safepoint: 647600 ns, At safepoint: 49000 ns, Total: 696600 ns
[2020-10-24T05:49:53.550+0000][7][safepoint    ] Safepoint "Cleanup", Time since last: 1001105800 ns, Reaching safepoint: 245900 ns, At safepoint: 11300 ns, Total: 257200 ns
[2020-10-24T05:49:54.550+0000][7][safepoint    ] Safepoint "Cleanup", Time since last: 1000627400 ns, Reaching safepoint: 227200 ns, At safepoint: 9600 ns, Total: 236800 ns
[2020-10-24T05:49:55.551+0000][7][safepoint    ] Safepoint "Cleanup", Time since last: 1000545900 ns, Reaching safepoint: 470800 ns, At safepoint: 26100 ns, Total: 496900 ns
[2020-10-24T05:49:56.553+0000][7][safepoint    ] Safepoint "Cleanup", Time since last: 1000853100 ns, Reaching safepoint: 750800 ns, At safepoint: 49100 ns, Total: 799900 ns
[2020-10-24T05:49:57.555+0000][7][safepoint    ] Safepoint "Cleanup", Time since last: 1001203600 ns, Reaching safepoint: 280500 ns, At safepoint: 11500 ns, Total: 292000 ns
[2020-10-24T05:49:58.555+0000][7][safepoint    ] Safepoint "Cleanup", Time since last: 1000554100 ns, Reaching safepoint: 260300 ns, At safepoint: 8800 ns, Total: 269100 ns
[2020-10-24T05:49:59.556+0000][7][safepoint    ] Safepoint "Cleanup", Time since last: 1000503700 ns, Reaching safepoint: 237100 ns, At safepoint: 9600 ns, Total: 246700 ns
[2020-10-24T05:50:00.557+0000][7][safepoint    ] Safepoint "Cleanup", Time since last: 1000503600 ns, Reaching safepoint: 220500 ns, At safepoint: 9800 ns, Total: 230300 ns
[2020-10-24T05:50:01.558+0000][7][safepoint    ] Safepoint "Cleanup", Time since last: 1000475700 ns, Reaching safepoint: 395200 ns, At safepoint: 24400 ns, Total: 419600 ns
[2020-10-24T05:50:03.156+0000][7][safepoint    ] Safepoint "Cleanup", Time since last: 1597501100 ns, Reaching safepoint: 956700 ns, At safepoint: 47400 ns, Total: 1004100 ns
[2020-10-24T05:50:04.158+0000][7][safepoint    ] Safepoint "Cleanup", Time since last: 1001176600 ns, Reaching safepoint: 232500 ns, At safepoint: 9700 ns, Total: 242200 ns
[2020-10-24T05:50:05.160+0000][7][safepoint    ] Safepoint "Cleanup", Time since last: 1000724600 ns, Reaching safepoint: 975100 ns, At safepoint: 202800 ns, Total: 1177900 ns
[2020-10-24T05:50:06.161+0000][7][safepoint    ] Safepoint "Cleanup", Time since last: 1001133200 ns, Reaching safepoint: 202500 ns, At safepoint: 23200 ns, Total: 225700 ns
[2020-10-24T05:50:07.162+0000][7][safepoint    ] Safepoint "Cleanup", Time since last: 1000419900 ns, Reaching safepoint: 248000 ns, At safepoint: 9400 ns, Total: 257400 ns
[2020-10-24T05:50:08.162+0000][7][safepoint    ] Safepoint "Cleanup", Time since last: 1000375400 ns, Reaching safepoint: 235800 ns, At safepoint: 13800 ns, Total: 249600 ns
[2020-10-24T05:50:09.163+0000][7][safepoint    ] Safepoint "Cleanup", Time since last: 1000393800 ns, Reaching safepoint: 300800 ns, At safepoint: 16100 ns, Total: 316900 ns
[2020-10-24T05:50:10.164+0000][7][safepoint    ] Safepoint "Cleanup", Time since last: 1000697600 ns, Reaching safepoint: 267100 ns, At safepoint: 8600 ns, Total: 275700 ns
[2020-10-24T05:50:11.165+0000][7][safepoint    ] Safepoint "Cleanup", Time since last: 1000497000 ns, Reaching safepoint: 269600 ns, At safepoint: 10300 ns, Total: 279900 ns
[2020-10-24T05:50:12.166+0000][7][safepoint    ] Safepoint "Cleanup", Time since last: 1000578200 ns, Reaching safepoint: 218800 ns, At safepoint: 9600 ns, Total: 228400 ns
[2020-10-24T05:50:13.167+0000][7][safepoint    ] Safepoint "Cleanup", Time since last: 1000605500 ns, Reaching safepoint: 585400 ns, At safepoint: 33700 ns, Total: 619100 ns
[2020-10-24T05:50:14.169+0000][7][safepoint    ] Safepoint "Cleanup", Time since last: 1001135900 ns, Reaching safepoint: 794400 ns, At safepoint: 45900 ns, Total: 840300 ns
[2020-10-24T05:50:15.170+0000][7][safepoint    ] Safepoint "Cleanup", Time since last: 1001167600 ns, Reaching safepoint: 252100 ns, At safepoint: 9700 ns, Total: 261800 ns
[2020-10-24T05:50:16.172+0000][7][safepoint    ] Safepoint "Cleanup", Time since last: 1000689400 ns, Reaching safepoint: 778500 ns, At safepoint: 95000 ns, Total: 873500 ns
[2020-10-24T05:50:17.173+0000][7][safepoint    ] Safepoint "Cleanup", Time since last: 1001477200 ns, Reaching safepoint: 230000 ns, At safepoint: 11200 ns, Total: 241200 ns
[2020-10-24T05:50:18.175+0000][7][safepoint    ] Safepoint "Cleanup", Time since last: 1000676600 ns, Reaching safepoint: 630000 ns, At safepoint: 36100 ns, Total: 666100 ns
[2020-10-24T05:50:19.176+0000][7][safepoint    ] Safepoint "Cleanup", Time since last: 1001124100 ns, Reaching safepoint: 357600 ns, At safepoint: 21000 ns, Total: 378600 ns
[2020-10-24T05:50:19.614+0000][7][safepoint    ] Safepoint "BulkRevokeBias", Time since last: 433917400 ns, Reaching safepoint: 717700 ns, At safepoint: 2981900 ns, Total: 3699600 ns
[2020-10-24T05:50:19.981+0000][7][gc,start     ] GC(93) Pause Young (Concurrent Start) (G1 Evacuation Pause)
[2020-10-24T05:50:19.981+0000][7][gc,task      ] GC(93) Using 6 workers of 10 for evacuation
[2020-10-24T05:50:19.981+0000][7][gc,age       ] GC(93) Desired survivor size 4718592 bytes, new threshold 15 (max threshold 15)
[2020-10-24T05:50:19.986+0000][7][gc,age       ] GC(93) Age table with threshold 15 (max threshold 15)
[2020-10-24T05:50:19.986+0000][7][gc,age       ] GC(93) - age   1:     741928 bytes,     741928 total
[2020-10-24T05:50:19.986+0000][7][gc,age       ] GC(93) - age   2:    1500864 bytes,    2242792 total
[2020-10-24T05:50:19.987+0000][7][gc,age       ] GC(93) - age   3:     289000 bytes,    2531792 total
[2020-10-24T05:50:19.987+0000][7][gc,age       ] GC(93) - age   4:     417360 bytes,    2949152 total
[2020-10-24T05:50:19.987+0000][7][gc,age       ] GC(93) - age   5:     331288 bytes,    3280440 total
[2020-10-24T05:50:19.987+0000][7][gc,age       ] GC(93) - age   6:     509840 bytes,    3790280 total
[2020-10-24T05:50:19.988+0000][7][gc,age       ] GC(93) - age   7:     413864 bytes,    4204144 total
[2020-10-24T05:50:19.988+0000][7][gc,age       ] GC(93) - age   8:     126288 bytes,    4330432 total
[2020-10-24T05:50:19.988+0000][7][gc,age       ] GC(93) - age   9:      98768 bytes,    4429200 total
[2020-10-24T05:50:19.988+0000][7][gc,age       ] GC(93) - age  10:        672 bytes,    4429872 total
[2020-10-24T05:50:19.988+0000][7][gc,age       ] GC(93) - age  11:      15168 bytes,    4445040 total
[2020-10-24T05:50:19.988+0000][7][gc,phases    ] GC(93)   Pre Evacuate Collection Set: 0.6ms
[2020-10-24T05:50:19.989+0000][7][gc,phases    ] GC(93)   Merge Heap Roots: 0.2ms
[2020-10-24T05:50:19.989+0000][7][gc,phases    ] GC(93)   Evacuate Collection Set: 2.3ms
[2020-10-24T05:50:19.989+0000][7][gc,phases    ] GC(93)   Post Evacuate Collection Set: 0.9ms
[2020-10-24T05:50:19.989+0000][7][gc,phases    ] GC(93)   Other: 3.7ms
[2020-10-24T05:50:19.989+0000][7][gc,heap      ] GC(93) Eden regions: 61->0(60)
[2020-10-24T05:50:19.989+0000][7][gc,heap      ] GC(93) Survivor regions: 4->5(9)
[2020-10-24T05:50:19.990+0000][7][gc,heap      ] GC(93) Old regions: 105->105
[2020-10-24T05:50:19.990+0000][7][gc,heap      ] GC(93) Archive regions: 2->2
[2020-10-24T05:50:19.990+0000][7][gc,heap      ] GC(93) Humongous regions: 15->15
[2020-10-24T05:50:19.990+0000][7][gc,metaspace ] GC(93) Metaspace: 105232K(113572K)->105232K(113572K) NonClass: 91547K(96472K)->91547K(96472K) Class: 13684K(17100K)->13684K(17100K)
[2020-10-24T05:50:19.991+0000][7][gc           ] GC(93) Pause Young (Concurrent Start) (G1 Evacuation Pause) 185M->124M(256M) 9.754ms
[2020-10-24T05:50:19.991+0000][7][gc,cpu       ] GC(93) User=0.01s Sys=0.01s Real=0.01s
[2020-10-24T05:50:19.991+0000][7][gc           ] GC(94) Concurrent Cycle
[2020-10-24T05:50:19.991+0000][7][safepoint    ] Safepoint "G1CollectForAllocation", Time since last: 366516600 ns, Reaching safepoint: 302600 ns, At safepoint: 10101100 ns, Total: 10403700 ns
[2020-10-24T05:50:19.991+0000][7][gc,marking   ] GC(94) Concurrent Clear Claimed Marks
[2020-10-24T05:50:19.992+0000][7][gc,marking   ] GC(94) Concurrent Clear Claimed Marks 0.706ms
[2020-10-24T05:50:19.992+0000][7][gc,marking   ] GC(94) Concurrent Scan Root Regions
[2020-10-24T05:50:19.993+0000][7][gc,marking   ] GC(94) Concurrent Scan Root Regions 1.234ms
[2020-10-24T05:50:19.993+0000][7][gc,marking   ] GC(94) Concurrent Mark (377.360s)
[2020-10-24T05:50:19.993+0000][7][gc,marking   ] GC(94) Concurrent Mark From Roots
[2020-10-24T05:50:19.993+0000][7][gc,task      ] GC(94) Using 3 workers of 3 for marking
[2020-10-24T05:50:20.045+0000][7][gc,marking   ] GC(94) Concurrent Mark From Roots 51.378ms
[2020-10-24T05:50:20.045+0000][7][gc,marking   ] GC(94) Concurrent Preclean
[2020-10-24T05:50:20.046+0000][7][gc,marking   ] GC(94) Concurrent Preclean 0.656ms
[2020-10-24T05:50:20.046+0000][7][gc,marking   ] GC(94) Concurrent Mark (377.360s, 377.412s) 52.862ms
[2020-10-24T05:50:20.047+0000][7][gc,start     ] GC(94) Pause Remark
[2020-10-24T05:50:20.052+0000][7][gc           ] GC(94) Pause Remark 125M->125M(256M) 5.268ms
[2020-10-24T05:50:20.052+0000][7][gc,cpu       ] GC(94) User=0.01s Sys=0.01s Real=0.01s
[2020-10-24T05:50:20.053+0000][7][safepoint    ] Safepoint "G1Concurrent", Time since last: 55564400 ns, Reaching safepoint: 264300 ns, At safepoint: 6032200 ns, Total: 6296500 ns
[2020-10-24T05:50:20.053+0000][7][gc,marking   ] GC(94) Concurrent Rebuild Remembered Sets
[2020-10-24T05:50:20.089+0000][7][gc,marking   ] GC(94) Concurrent Rebuild Remembered Sets 35.796ms
[2020-10-24T05:50:20.089+0000][7][gc,start     ] GC(94) Pause Cleanup
[2020-10-24T05:50:20.090+0000][7][gc           ] GC(94) Pause Cleanup 125M->125M(256M) 0.507ms
[2020-10-24T05:50:20.090+0000][7][gc,cpu       ] GC(94) User=0.00s Sys=0.00s Real=0.00s
[2020-10-24T05:50:20.091+0000][7][safepoint    ] Safepoint "G1Concurrent", Time since last: 36590900 ns, Reaching safepoint: 170900 ns, At safepoint: 1081200 ns, Total: 1252100 ns
[2020-10-24T05:50:20.091+0000][7][gc,marking   ] GC(94) Concurrent Cleanup for Next Mark
[2020-10-24T05:50:20.091+0000][7][gc,marking   ] GC(94) Concurrent Cleanup for Next Mark 0.594ms
[2020-10-24T05:50:20.092+0000][7][gc           ] GC(94) Concurrent Cycle 100.869ms
[2020-10-24T05:50:21.091+0000][7][safepoint    ] Safepoint "Cleanup", Time since last: 1000391600 ns, Reaching safepoint: 261500 ns, At safepoint: 9400 ns, Total: 270900 ns
[2020-10-24T05:50:22.092+0000][7][safepoint    ] Safepoint "Cleanup", Time since last: 1000576000 ns, Reaching safepoint: 263000 ns, At safepoint: 9300 ns, Total: 272300 ns
[2020-10-24T05:50:23.127+0000][7][safepoint    ] Safepoint "Cleanup", Time since last: 1035111200 ns, Reaching safepoint: 303200 ns, At safepoint: 10500 ns, Total: 313700 ns
[2020-10-24T05:50:23.148+0000][7][safepoint    ] Safepoint "BulkRevokeBias", Time since last: 19211600 ns, Reaching safepoint: 273200 ns, At safepoint: 1265400 ns, Total: 1538600 ns
[2020-10-24T05:50:23.157+0000][7][safepoint    ] Safepoint "BulkRevokeBias", Time since last: 6950500 ns, Reaching safepoint: 299300 ns, At safepoint: 1343300 ns, Total: 1642600 ns
[2020-10-24T05:50:23.175+0000][7][gc,start     ] GC(95) Pause Young (Normal) (G1 Evacuation Pause)
[2020-10-24T05:50:23.175+0000][7][gc,task      ] GC(95) Using 6 workers of 10 for evacuation
[2020-10-24T05:50:23.176+0000][7][gc,age       ] GC(95) Desired survivor size 4718592 bytes, new threshold 15 (max threshold 15)
[2020-10-24T05:50:23.180+0000][7][gc,age       ] GC(95) Age table with threshold 15 (max threshold 15)
[2020-10-24T05:50:23.180+0000][7][gc,age       ] GC(95) - age   1:    1533792 bytes,    1533792 total
[2020-10-24T05:50:23.180+0000][7][gc,age       ] GC(95) - age   2:     711632 bytes,    2245424 total
[2020-10-24T05:50:23.181+0000][7][gc,age       ] GC(95) - age   3:    1471560 bytes,    3716984 total
[2020-10-24T05:50:23.181+0000][7][gc,age       ] GC(95) - age   4:     276224 bytes,    3993208 total
[2020-10-24T05:50:23.181+0000][7][gc,age       ] GC(95) - age   5:     396504 bytes,    4389712 total
[2020-10-24T05:50:23.181+0000][7][gc,age       ] GC(95) - age   6:     331064 bytes,    4720776 total
[2020-10-24T05:50:23.182+0000][7][gc,age       ] GC(95) - age   7:     501864 bytes,    5222640 total
[2020-10-24T05:50:23.182+0000][7][gc,age       ] GC(95) - age   8:     397616 bytes,    5620256 total
[2020-10-24T05:50:23.182+0000][7][gc,age       ] GC(95) - age   9:     122000 bytes,    5742256 total
[2020-10-24T05:50:23.182+0000][7][gc,age       ] GC(95) - age  10:      97928 bytes,    5840184 total
[2020-10-24T05:50:23.182+0000][7][gc,age       ] GC(95) - age  11:        672 bytes,    5840856 total
[2020-10-24T05:50:23.183+0000][7][gc,age       ] GC(95) - age  12:      15168 bytes,    5856024 total
[2020-10-24T05:50:23.183+0000][7][gc,phases    ] GC(95)   Pre Evacuate Collection Set: 0.1ms
[2020-10-24T05:50:23.183+0000][7][gc,phases    ] GC(95)   Merge Heap Roots: 0.2ms
[2020-10-24T05:50:23.183+0000][7][gc,phases    ] GC(95)   Evacuate Collection Set: 2.6ms
[2020-10-24T05:50:23.183+0000][7][gc,phases    ] GC(95)   Post Evacuate Collection Set: 1.1ms
[2020-10-24T05:50:23.183+0000][7][gc,phases    ] GC(95)   Other: 3.9ms
[2020-10-24T05:50:23.183+0000][7][gc,heap      ] GC(95) Eden regions: 60->0(58)
[2020-10-24T05:50:23.184+0000][7][gc,heap      ] GC(95) Survivor regions: 5->6(9)
[2020-10-24T05:50:23.184+0000][7][gc,heap      ] GC(95) Old regions: 105->105
[2020-10-24T05:50:23.184+0000][7][gc,heap      ] GC(95) Archive regions: 2->2
[2020-10-24T05:50:23.184+0000][7][gc,heap      ] GC(95) Humongous regions: 15->15
[2020-10-24T05:50:23.184+0000][7][gc,metaspace ] GC(95) Metaspace: 105301K(113828K)->105301K(113828K) NonClass: 91616K(96728K)->91616K(96728K) Class: 13684K(17100K)->13684K(17100K)
[2020-10-24T05:50:23.184+0000][7][gc           ] GC(95) Pause Young (Normal) (G1 Evacuation Pause) 184M->126M(256M) 9.396ms
[2020-10-24T05:50:23.184+0000][7][gc,cpu       ] GC(95) User=0.03s Sys=0.00s Real=0.01s
[2020-10-24T05:50:23.185+0000][7][safepoint    ] Safepoint "G1CollectForAllocation", Time since last: 17863500 ns, Reaching safepoint: 227900 ns, At safepoint: 9738000 ns, Total: 9965900 ns
[2020-10-24T05:50:24.186+0000][7][safepoint    ] Safepoint "Cleanup", Time since last: 1000486600 ns, Reaching safepoint: 803600 ns, At safepoint: 48900 ns, Total: 852500 ns
[2020-10-24T05:50:25.187+0000][7][safepoint    ] Safepoint "Cleanup", Time since last: 1001164200 ns, Reaching safepoint: 246900 ns, At safepoint: 13300 ns, Total: 260200 ns
[2020-10-24T05:50:26.626+0000][7][safepoint    ] Safepoint "Cleanup", Time since last: 1438722900 ns, Reaching safepoint: 254600 ns, At safepoint: 9900 ns, Total: 264500 ns
[2020-10-24T05:50:27.628+0000][7][safepoint    ] Safepoint "Cleanup", Time since last: 1000588700 ns, Reaching safepoint: 797000 ns, At safepoint: 51100 ns, Total: 848100 ns
[2020-10-24T05:50:28.629+0000][7][safepoint    ] Safepoint "Cleanup", Time since last: 1001101400 ns, Reaching safepoint: 256300 ns, At safepoint: 9900 ns, Total: 266200 ns
[2020-10-24T05:50:29.630+0000][7][safepoint    ] Safepoint "Cleanup", Time since last: 1000460500 ns, Reaching safepoint: 272700 ns, At safepoint: 10500 ns, Total: 283200 ns
[2020-10-24T05:50:30.631+0000][7][safepoint    ] Safepoint "Cleanup", Time since last: 1000572700 ns, Reaching safepoint: 200900 ns, At safepoint: 9900 ns, Total: 210800 ns
[2020-10-24T05:50:31.632+0000][7][safepoint    ] Safepoint "Cleanup", Time since last: 1000551700 ns, Reaching safepoint: 271800 ns, At safepoint: 52800 ns, Total: 324600 ns
[2020-10-24T05:50:32.632+0000][7][safepoint    ] Safepoint "Cleanup", Time since last: 1000505800 ns, Reaching safepoint: 207900 ns, At safepoint: 10900 ns, Total: 218800 ns
[2020-10-24T05:50:33.633+0000][7][safepoint    ] Safepoint "Cleanup", Time since last: 1000495100 ns, Reaching safepoint: 244800 ns, At safepoint: 23800 ns, Total: 268600 ns
[2020-10-24T05:50:34.634+0000][7][safepoint    ] Safepoint "Cleanup", Time since last: 1000438400 ns, Reaching safepoint: 228200 ns, At safepoint: 10900 ns, Total: 239100 ns
[2020-10-24T05:50:35.635+0000][7][safepoint    ] Safepoint "Cleanup", Time since last: 1000603300 ns, Reaching safepoint: 795500 ns, At safepoint: 48200 ns, Total: 843700 ns
[2020-10-24T05:50:36.637+0000][7][safepoint    ] Safepoint "Cleanup", Time since last: 1001204200 ns, Reaching safepoint: 850700 ns, At safepoint: 94100 ns, Total: 944800 ns
[2020-10-24T05:50:38.636+0000][7][safepoint    ] Safepoint "Cleanup", Time since last: 1998134800 ns, Reaching safepoint: 683400 ns, At safepoint: 39000 ns, Total: 722400 ns
[2020-10-24T05:50:39.638+0000][7][safepoint    ] Safepoint "Cleanup", Time since last: 1001119700 ns, Reaching safepoint: 222700 ns, At safepoint: 10800 ns, Total: 233500 ns
[2020-10-24T05:50:40.639+0000][7][safepoint    ] Safepoint "Cleanup", Time since last: 1000515700 ns, Reaching safepoint: 389000 ns, At safepoint: 41700 ns, Total: 430700 ns
[2020-10-24T05:50:41.639+0000][7][safepoint    ] Safepoint "Cleanup", Time since last: 1000542600 ns, Reaching safepoint: 229200 ns, At safepoint: 9700 ns, Total: 238900 ns
[2020-10-24T05:50:42.640+0000][7][safepoint    ] Safepoint "Cleanup", Time since last: 1000449800 ns, Reaching safepoint: 447500 ns, At safepoint: 29800 ns, Total: 477300 ns
[2020-10-24T05:50:43.641+0000][7][safepoint    ] Safepoint "Cleanup", Time since last: 1000953100 ns, Reaching safepoint: 260300 ns, At safepoint: 24500 ns, Total: 284800 ns
[2020-10-24T05:50:44.642+0000][7][safepoint    ] Safepoint "Cleanup", Time since last: 1000455500 ns, Reaching safepoint: 247400 ns, At safepoint: 9500 ns, Total: 256900 ns
[2020-10-24T05:50:45.643+0000][7][safepoint    ] Safepoint "Cleanup", Time since last: 1000462100 ns, Reaching safepoint: 262500 ns, At safepoint: 9500 ns, Total: 272000 ns
[2020-10-24T05:50:46.644+0000][7][safepoint    ] Safepoint "Cleanup", Time since last: 1000495800 ns, Reaching safepoint: 294700 ns, At safepoint: 40700 ns, Total: 335400 ns
[2020-10-24T05:50:47.645+0000][7][safepoint    ] Safepoint "Cleanup", Time since last: 1000475300 ns, Reaching safepoint: 349400 ns, At safepoint: 17800 ns, Total: 367200 ns
[2020-10-24T05:50:48.645+0000][7][safepoint    ] Safepoint "Cleanup", Time since last: 1000596500 ns, Reaching safepoint: 213200 ns, At safepoint: 11300 ns, Total: 224500 ns
[2020-10-24T05:50:49.646+0000][7][safepoint    ] Safepoint "Cleanup", Time since last: 1000432500 ns, Reaching safepoint: 299100 ns, At safepoint: 16300 ns, Total: 315400 ns
[2020-10-24T05:50:50.650+0000][7][safepoint    ] Safepoint "Cleanup", Time since last: 1003043900 ns, Reaching safepoint: 600900 ns, At safepoint: 34500 ns, Total: 635400 ns
[2020-10-24T05:50:51.652+0000][7][safepoint    ] Safepoint "Cleanup", Time since last: 1000954900 ns, Reaching safepoint: 838100 ns, At safepoint: 47100 ns, Total: 885200 ns
[2020-10-24T05:50:53.652+0000][7][safepoint    ] Safepoint "Cleanup", Time since last: 1999766400 ns, Reaching safepoint: 229200 ns, At safepoint: 9900 ns, Total: 239100 ns
[2020-10-24T05:50:54.653+0000][7][safepoint    ] Safepoint "Cleanup", Time since last: 1000602500 ns, Reaching safepoint: 252800 ns, At safepoint: 9100 ns, Total: 261900 ns
[2020-10-24T05:50:55.654+0000][7][safepoint    ] Safepoint "Cleanup", Time since last: 1000680400 ns, Reaching safepoint: 595000 ns, At safepoint: 79300 ns, Total: 674300 ns
[2020-10-24T05:50:56.655+0000][7][safepoint    ] Safepoint "Cleanup", Time since last: 1000833100 ns, Reaching safepoint: 229900 ns, At safepoint: 9400 ns, Total: 239300 ns
[2020-10-24T05:50:57.656+0000][7][safepoint    ] Safepoint "Cleanup", Time since last: 1000526400 ns, Reaching safepoint: 246600 ns, At safepoint: 9700 ns, Total: 256300 ns
[2020-10-24T05:50:58.657+0000][7][safepoint    ] Safepoint "Cleanup", Time since last: 1000589900 ns, Reaching safepoint: 637100 ns, At safepoint: 34500 ns, Total: 671600 ns
[2020-10-24T05:50:59.658+0000][7][safepoint    ] Safepoint "Cleanup", Time since last: 1000759000 ns, Reaching safepoint: 236800 ns, At safepoint: 9900 ns, Total: 246700 ns
[2020-10-24T05:51:00.659+0000][7][safepoint    ] Safepoint "Cleanup", Time since last: 1000595700 ns, Reaching safepoint: 607800 ns, At safepoint: 45300 ns, Total: 653100 ns
[2020-10-24T05:51:01.661+0000][7][safepoint    ] Safepoint "Cleanup", Time since last: 1001380300 ns, Reaching safepoint: 792400 ns, At safepoint: 52000 ns, Total: 844400 ns
[2020-10-24T05:51:02.668+0000][7][safepoint    ] Safepoint "Cleanup", Time since last: 1006278600 ns, Reaching safepoint: 385600 ns, At safepoint: 20200 ns, Total: 405800 ns
[2020-10-24T05:51:03.669+0000][7][safepoint    ] Safepoint "Cleanup", Time since last: 1000644300 ns, Reaching safepoint: 228900 ns, At safepoint: 10600 ns, Total: 239500 ns
[2020-10-24T05:51:04.670+0000][7][gc,start     ] GC(96) Pause Young (Concurrent Start) (G1 Evacuation Pause)
[2020-10-24T05:51:04.670+0000][7][gc,task      ] GC(96) Using 6 workers of 10 for evacuation
[2020-10-24T05:51:04.670+0000][7][gc,age       ] GC(96) Desired survivor size 4194304 bytes, new threshold 5 (max threshold 15)
[2020-10-24T05:51:04.674+0000][7][gc,age       ] GC(96) Age table with threshold 5 (max threshold 15)
[2020-10-24T05:51:04.675+0000][7][gc,age       ] GC(96) - age   1:     736416 bytes,     736416 total
[2020-10-24T05:51:04.675+0000][7][gc,age       ] GC(96) - age   2:     816320 bytes,    1552736 total
[2020-10-24T05:51:04.675+0000][7][gc,age       ] GC(96) - age   3:     631928 bytes,    2184664 total
[2020-10-24T05:51:04.675+0000][7][gc,age       ] GC(96) - age   4:    1448088 bytes,    3632752 total
[2020-10-24T05:51:04.676+0000][7][gc,age       ] GC(96) - age   5:     211808 bytes,    3844560 total
[2020-10-24T05:51:04.676+0000][7][gc,phases    ] GC(96)   Pre Evacuate Collection Set: 0.6ms
[2020-10-24T05:51:04.676+0000][7][gc,phases    ] GC(96)   Merge Heap Roots: 0.2ms
[2020-10-24T05:51:04.676+0000][7][gc,phases    ] GC(96)   Evacuate Collection Set: 2.4ms
[2020-10-24T05:51:04.677+0000][7][gc,phases    ] GC(96)   Post Evacuate Collection Set: 0.8ms
[2020-10-24T05:51:04.677+0000][7][gc,phases    ] GC(96)   Other: 2.5ms
[2020-10-24T05:51:04.677+0000][7][gc,heap      ] GC(96) Eden regions: 58->0(58)
[2020-10-24T05:51:04.677+0000][7][gc,heap      ] GC(96) Survivor regions: 6->5(8)
[2020-10-24T05:51:04.678+0000][7][gc,heap      ] GC(96) Old regions: 105->107
[2020-10-24T05:51:04.678+0000][7][gc,heap      ] GC(96) Archive regions: 2->2
[2020-10-24T05:51:04.678+0000][7][gc,heap      ] GC(96) Humongous regions: 15->15
[2020-10-24T05:51:04.678+0000][7][gc,metaspace ] GC(96) Metaspace: 105368K(113828K)->105368K(113828K) NonClass: 91683K(96728K)->91683K(96728K) Class: 13684K(17100K)->13684K(17100K)
[2020-10-24T05:51:04.678+0000][7][gc           ] GC(96) Pause Young (Concurrent Start) (G1 Evacuation Pause) 184M->126M(256M) 8.856ms
[2020-10-24T05:51:04.679+0000][7][gc,cpu       ] GC(96) User=0.02s Sys=0.01s Real=0.01s
[2020-10-24T05:51:04.679+0000][7][gc           ] GC(97) Concurrent Cycle
[2020-10-24T05:51:04.679+0000][7][gc,marking   ] GC(97) Concurrent Clear Claimed Marks
[2020-10-24T05:51:04.679+0000][7][safepoint    ] Safepoint "G1CollectForAllocation", Time since last: 1000307200 ns, Reaching safepoint: 234900 ns, At safepoint: 9321500 ns, Total: 9556400 ns
[2020-10-24T05:51:04.680+0000][7][gc,marking   ] GC(97) Concurrent Clear Claimed Marks 0.736ms
[2020-10-24T05:51:04.680+0000][7][gc,marking   ] GC(97) Concurrent Scan Root Regions
[2020-10-24T05:51:04.682+0000][7][gc,marking   ] GC(97) Concurrent Scan Root Regions 1.502ms
[2020-10-24T05:51:04.682+0000][7][gc,marking   ] GC(97) Concurrent Mark (422.048s)
[2020-10-24T05:51:04.682+0000][7][gc,marking   ] GC(97) Concurrent Mark From Roots
[2020-10-24T05:51:04.682+0000][7][gc,task      ] GC(97) Using 3 workers of 3 for marking
[2020-10-24T05:51:04.731+0000][7][gc,marking   ] GC(97) Concurrent Mark From Roots 49.224ms
[2020-10-24T05:51:04.732+0000][7][gc,marking   ] GC(97) Concurrent Preclean
[2020-10-24T05:51:04.732+0000][7][gc,marking   ] GC(97) Concurrent Preclean 0.644ms
[2020-10-24T05:51:04.733+0000][7][gc,marking   ] GC(97) Concurrent Mark (422.048s, 422.099s) 50.718ms
[2020-10-24T05:51:04.733+0000][7][gc,start     ] GC(97) Pause Remark
[2020-10-24T05:51:04.739+0000][7][gc           ] GC(97) Pause Remark 130M->130M(256M) 5.871ms
[2020-10-24T05:51:04.739+0000][7][gc,cpu       ] GC(97) User=0.02s Sys=0.00s Real=0.01s
[2020-10-24T05:51:04.740+0000][7][safepoint    ] Safepoint "G1Concurrent", Time since last: 53969100 ns, Reaching safepoint: 233500 ns, At safepoint: 6569000 ns, Total: 6802500 ns
[2020-10-24T05:51:04.740+0000][7][gc,marking   ] GC(97) Concurrent Rebuild Remembered Sets
[2020-10-24T05:51:04.774+0000][7][gc,marking   ] GC(97) Concurrent Rebuild Remembered Sets 33.887ms
[2020-10-24T05:51:04.775+0000][7][gc,start     ] GC(97) Pause Cleanup
[2020-10-24T05:51:04.775+0000][7][gc           ] GC(97) Pause Cleanup 130M->130M(256M) 0.826ms
[2020-10-24T05:51:04.776+0000][7][gc,cpu       ] GC(97) User=0.01s Sys=0.00s Real=0.00s
[2020-10-24T05:51:04.776+0000][7][safepoint    ] Safepoint "G1Concurrent", Time since last: 34669800 ns, Reaching safepoint: 223100 ns, At safepoint: 1465200 ns, Total: 1688300 ns
[2020-10-24T05:51:04.776+0000][7][gc,marking   ] GC(97) Concurrent Cleanup for Next Mark
[2020-10-24T05:51:04.777+0000][7][gc,marking   ] GC(97) Concurrent Cleanup for Next Mark 0.631ms
[2020-10-24T05:51:04.777+0000][7][gc           ] GC(97) Concurrent Cycle 98.355ms
[2020-10-24T05:51:06.185+0000][7][safepoint    ] Safepoint "Cleanup", Time since last: 1408651900 ns, Reaching safepoint: 242200 ns, At safepoint: 9700 ns, Total: 251900 ns
[2020-10-24T05:51:07.186+0000][7][safepoint    ] Safepoint "Cleanup", Time since last: 1000513200 ns, Reaching safepoint: 322400 ns, At safepoint: 16900 ns, Total: 339300 ns
[2020-10-24T05:51:08.187+0000][7][safepoint    ] Safepoint "Cleanup", Time since last: 1000569800 ns, Reaching safepoint: 229100 ns, At safepoint: 10500 ns, Total: 239600 ns
[2020-10-24T05:51:09.188+0000][7][safepoint    ] Safepoint "Cleanup", Time since last: 1000664700 ns, Reaching safepoint: 769200 ns, At safepoint: 40600 ns, Total: 809800 ns
[2020-10-24T05:51:10.190+0000][7][safepoint    ] Safepoint "Cleanup", Time since last: 1001311100 ns, Reaching safepoint: 650500 ns, At safepoint: 48600 ns, Total: 699100 ns
[2020-10-24T05:51:11.192+0000][7][safepoint    ] Safepoint "Cleanup", Time since last: 1001061700 ns, Reaching safepoint: 348300 ns, At safepoint: 16400 ns, Total: 364700 ns
[2020-10-24T05:51:12.193+0000][7][safepoint    ] Safepoint "Cleanup", Time since last: 1000684300 ns, Reaching safepoint: 774200 ns, At safepoint: 48300 ns, Total: 822500 ns
[2020-10-24T05:51:13.195+0000][7][safepoint    ] Safepoint "Cleanup", Time since last: 1001175200 ns, Reaching safepoint: 356000 ns, At safepoint: 18200 ns, Total: 374200 ns
[2020-10-24T05:51:14.195+0000][7][safepoint    ] Safepoint "Cleanup", Time since last: 1000582400 ns, Reaching safepoint: 244200 ns, At safepoint: 25100 ns, Total: 269300 ns
[2020-10-24T05:51:15.196+0000][7][safepoint    ] Safepoint "Cleanup", Time since last: 1000420000 ns, Reaching safepoint: 275100 ns, At safepoint: 9500 ns, Total: 284600 ns
[2020-10-24T05:51:16.197+0000][7][safepoint    ] Safepoint "Cleanup", Time since last: 1000557200 ns, Reaching safepoint: 266500 ns, At safepoint: 9200 ns, Total: 275700 ns
[2020-10-24T05:51:17.697+0000][7][safepoint    ] Safepoint "Cleanup", Time since last: 1499304300 ns, Reaching safepoint: 550200 ns, At safepoint: 33000 ns, Total: 583200 ns
[2020-10-24T05:51:18.698+0000][7][safepoint    ] Safepoint "Cleanup", Time since last: 1000871500 ns, Reaching safepoint: 267200 ns, At safepoint: 9800 ns, Total: 277000 ns
[2020-10-24T05:51:19.699+0000][7][safepoint    ] Safepoint "Cleanup", Time since last: 1000494400 ns, Reaching safepoint: 259700 ns, At safepoint: 36500 ns, Total: 296200 ns
[2020-10-24T05:51:20.700+0000][7][safepoint    ] Safepoint "Cleanup", Time since last: 1000640100 ns, Reaching safepoint: 775600 ns, At safepoint: 50100 ns, Total: 825700 ns
[2020-10-24T05:51:21.702+0000][7][safepoint    ] Safepoint "Cleanup", Time since last: 1001259900 ns, Reaching safepoint: 762400 ns, At safepoint: 48100 ns, Total: 810500 ns
[2020-10-24T05:51:23.213+0000][7][safepoint    ] Safepoint "Cleanup", Time since last: 1509933400 ns, Reaching safepoint: 564900 ns, At safepoint: 27700 ns, Total: 592600 ns
[2020-10-24T05:51:23.225+0000][7][gc,start     ] GC(98) Pause Young (Normal) (G1 Evacuation Pause)
[2020-10-24T05:51:23.225+0000][7][gc,task      ] GC(98) Using 6 workers of 10 for evacuation
[2020-10-24T05:51:23.226+0000][7][gc,age       ] GC(98) Desired survivor size 4194304 bytes, new threshold 15 (max threshold 15)
[2020-10-24T05:51:23.230+0000][7][gc,age       ] GC(98) Age table with threshold 15 (max threshold 15)
[2020-10-24T05:51:23.231+0000][7][gc,age       ] GC(98) - age   1:    4250040 bytes,    4250040 total
[2020-10-24T05:51:23.231+0000][7][gc,age       ] GC(98) - age   2:     367512 bytes,    4617552 total
[2020-10-24T05:51:23.231+0000][7][gc,age       ] GC(98) - age   3:     793664 bytes,    5411216 total
[2020-10-24T05:51:23.232+0000][7][gc,age       ] GC(98) - age   4:     541568 bytes,    5952784 total
[2020-10-24T05:51:23.232+0000][7][gc,age       ] GC(98) - age   5:    1447816 bytes,    7400600 total
[2020-10-24T05:51:23.232+0000][7][gc,age       ] GC(98) - age   6:     211808 bytes,    7612408 total
[2020-10-24T05:51:23.233+0000][7][gc,phases    ] GC(98)   Pre Evacuate Collection Set: 0.2ms
[2020-10-24T05:51:23.233+0000][7][gc,phases    ] GC(98)   Merge Heap Roots: 0.1ms
[2020-10-24T05:51:23.233+0000][7][gc,phases    ] GC(98)   Evacuate Collection Set: 2.9ms
[2020-10-24T05:51:23.233+0000][7][gc,phases    ] GC(98)   Post Evacuate Collection Set: 1.0ms
[2020-10-24T05:51:23.234+0000][7][gc,phases    ] GC(98)   Other: 3.6ms
[2020-10-24T05:51:23.234+0000][7][gc,heap      ] GC(98) Eden regions: 58->0(52)
[2020-10-24T05:51:23.234+0000][7][gc,heap      ] GC(98) Survivor regions: 5->8(8)
[2020-10-24T05:51:23.234+0000][7][gc,heap      ] GC(98) Old regions: 107->107
[2020-10-24T05:51:23.234+0000][7][gc,heap      ] GC(98) Archive regions: 2->2
[2020-10-24T05:51:23.235+0000][7][gc,heap      ] GC(98) Humongous regions: 15->15
[2020-10-24T05:51:23.235+0000][7][gc,metaspace ] GC(98) Metaspace: 105437K(113828K)->105437K(113828K) NonClass: 91752K(96728K)->91752K(96728K) Class: 13684K(17100K)->13684K(17100K)
[2020-10-24T05:51:23.235+0000][7][gc           ] GC(98) Pause Young (Normal) (G1 Evacuation Pause) 184M->129M(256M) 10.252ms
[2020-10-24T05:51:23.235+0000][7][gc,cpu       ] GC(98) User=0.03s Sys=0.00s Real=0.01s
[2020-10-24T05:51:23.236+0000][7][safepoint    ] Safepoint "G1CollectForAllocation", Time since last: 11632900 ns, Reaching safepoint: 279500 ns, At safepoint: 10820100 ns, Total: 11099600 ns
[2020-10-24T05:51:23.250+0000][7][safepoint    ] Safepoint "BulkRevokeBias", Time since last: 13009600 ns, Reaching safepoint: 280800 ns, At safepoint: 930000 ns, Total: 1210800 ns
[2020-10-24T05:51:23.252+0000][7][safepoint    ] Safepoint "BulkRevokeBias", Time since last: 837900 ns, Reaching safepoint: 226500 ns, At safepoint: 701700 ns, Total: 928200 ns
[2020-10-24T05:51:23.264+0000][7][safepoint    ] Safepoint "BulkRevokeBias", Time since last: 11188800 ns, Reaching safepoint: 379900 ns, At safepoint: 759100 ns, Total: 1139000 ns
[2020-10-24T05:51:24.271+0000][7][safepoint    ] Safepoint "Cleanup", Time since last: 1006742800 ns, Reaching safepoint: 275100 ns, At safepoint: 9800 ns, Total: 284900 ns
[2020-10-24T05:51:25.272+0000][7][safepoint    ] Safepoint "Cleanup", Time since last: 1000623900 ns, Reaching safepoint: 835500 ns, At safepoint: 51100 ns, Total: 886600 ns
[2020-10-24T05:51:26.275+0000][7][safepoint    ] Safepoint "Cleanup", Time since last: 1001304700 ns, Reaching safepoint: 781200 ns, At safepoint: 97000 ns, Total: 878200 ns
[2020-10-24T05:51:27.276+0000][7][safepoint    ] Safepoint "Cleanup", Time since last: 1001144000 ns, Reaching safepoint: 240300 ns, At safepoint: 9700 ns, Total: 250000 ns
[2020-10-24T05:51:28.278+0000][7][safepoint    ] Safepoint "Cleanup", Time since last: 1000659100 ns, Reaching safepoint: 1012100 ns, At safepoint: 49500 ns, Total: 1061600 ns
[2020-10-24T05:51:28.647+0000][7][gc,start     ] GC(99) Pause Young (Concurrent Start) (G1 Evacuation Pause)
[2020-10-24T05:51:28.647+0000][7][gc,task      ] GC(99) Using 6 workers of 10 for evacuation
[2020-10-24T05:51:28.648+0000][7][gc,age       ] GC(99) Desired survivor size 4194304 bytes, new threshold 1 (max threshold 15)
[2020-10-24T05:51:28.652+0000][7][gc,age       ] GC(99) Age table with threshold 1 (max threshold 15)
[2020-10-24T05:51:28.652+0000][7][gc,age       ] GC(99) - age   1:     429520 bytes,     429520 total
[2020-10-24T05:51:28.652+0000][7][gc,phases    ] GC(99)   Pre Evacuate Collection Set: 0.6ms
[2020-10-24T05:51:28.653+0000][7][gc,phases    ] GC(99)   Merge Heap Roots: 0.1ms
[2020-10-24T05:51:28.653+0000][7][gc,phases    ] GC(99)   Evacuate Collection Set: 2.2ms
[2020-10-24T05:51:28.653+0000][7][gc,phases    ] GC(99)   Post Evacuate Collection Set: 0.9ms
[2020-10-24T05:51:28.654+0000][7][gc,phases    ] GC(99)   Other: 1.8ms
[2020-10-24T05:51:28.654+0000][7][gc,heap      ] GC(99) Eden regions: 52->0(57)
[2020-10-24T05:51:28.654+0000][7][gc,heap      ] GC(99) Survivor regions: 8->1(8)
[2020-10-24T05:51:28.654+0000][7][gc,heap      ] GC(99) Old regions: 107->111
[2020-10-24T05:51:28.654+0000][7][gc,heap      ] GC(99) Archive regions: 2->2
[2020-10-24T05:51:28.655+0000][7][gc,heap      ] GC(99) Humongous regions: 15->15
[2020-10-24T05:51:28.655+0000][7][gc,metaspace ] GC(99) Metaspace: 105475K(113828K)->105475K(113828K) NonClass: 91790K(96728K)->91790K(96728K) Class: 13684K(17100K)->13684K(17100K)
[2020-10-24T05:51:28.655+0000][7][gc           ] GC(99) Pause Young (Concurrent Start) (G1 Evacuation Pause) 181M->127M(256M) 8.007ms
[2020-10-24T05:51:28.655+0000][7][gc,cpu       ] GC(99) User=0.01s Sys=0.01s Real=0.01s
[2020-10-24T05:51:28.655+0000][7][safepoint    ] Safepoint "G1CollectForAllocation", Time since last: 368825300 ns, Reaching safepoint: 239500 ns, At safepoint: 8463600 ns, Total: 8703100 ns
[2020-10-24T05:51:28.655+0000][7][gc           ] GC(100) Concurrent Cycle
[2020-10-24T05:51:28.656+0000][7][gc,marking   ] GC(100) Concurrent Clear Claimed Marks
[2020-10-24T05:51:28.657+0000][7][gc,marking   ] GC(100) Concurrent Clear Claimed Marks 0.786ms
[2020-10-24T05:51:28.657+0000][7][gc,marking   ] GC(100) Concurrent Scan Root Regions
[2020-10-24T05:51:28.658+0000][7][gc,marking   ] GC(100) Concurrent Scan Root Regions 1.241ms
[2020-10-24T05:51:28.658+0000][7][gc,marking   ] GC(100) Concurrent Mark (446.025s)
[2020-10-24T05:51:28.658+0000][7][gc,marking   ] GC(100) Concurrent Mark From Roots
[2020-10-24T05:51:28.659+0000][7][gc,task      ] GC(100) Using 3 workers of 3 for marking
[2020-10-24T05:51:28.713+0000][7][gc,marking   ] GC(100) Concurrent Mark From Roots 54.336ms
[2020-10-24T05:51:28.713+0000][7][gc,marking   ] GC(100) Concurrent Preclean
[2020-10-24T05:51:28.714+0000][7][gc,marking   ] GC(100) Concurrent Preclean 0.672ms
[2020-10-24T05:51:28.714+0000][7][gc,marking   ] GC(100) Concurrent Mark (446.025s, 446.080s) 55.848ms
[2020-10-24T05:51:28.715+0000][7][gc,start     ] GC(100) Pause Remark
[2020-10-24T05:51:28.721+0000][7][gc           ] GC(100) Pause Remark 127M->127M(256M) 6.291ms
[2020-10-24T05:51:28.732+0000][7][gc,cpu       ] GC(100) User=0.02s Sys=0.00s Real=0.02s
[2020-10-24T05:51:28.733+0000][7][safepoint    ] Safepoint "G1Concurrent", Time since last: 59115100 ns, Reaching safepoint: 219900 ns, At safepoint: 18118700 ns, Total: 18338600 ns
[2020-10-24T05:51:28.733+0000][7][gc,marking   ] GC(100) Concurrent Rebuild Remembered Sets
[2020-10-24T05:51:28.769+0000][7][gc,marking   ] GC(100) Concurrent Rebuild Remembered Sets 35.794ms
[2020-10-24T05:51:28.770+0000][7][gc,start     ] GC(100) Pause Cleanup
[2020-10-24T05:51:28.770+0000][7][gc           ] GC(100) Pause Cleanup 127M->127M(256M) 0.517ms
[2020-10-24T05:51:28.770+0000][7][gc,cpu       ] GC(100) User=0.00s Sys=0.00s Real=0.00s
[2020-10-24T05:51:28.771+0000][7][safepoint    ] Safepoint "G1Concurrent", Time since last: 36550800 ns, Reaching safepoint: 251200 ns, At safepoint: 1123400 ns, Total: 1374600 ns
[2020-10-24T05:51:28.771+0000][7][gc,marking   ] GC(100) Concurrent Cleanup for Next Mark
[2020-10-24T05:51:28.772+0000][7][gc,marking   ] GC(100) Concurrent Cleanup for Next Mark 0.649ms
[2020-10-24T05:51:28.772+0000][7][gc           ] GC(100) Concurrent Cycle 116.566ms
[2020-10-24T05:51:29.771+0000][7][safepoint    ] Safepoint "Cleanup", Time since last: 1000426200 ns, Reaching safepoint: 318900 ns, At safepoint: 10200 ns, Total: 329100 ns
[2020-10-24T05:51:30.773+0000][7][safepoint    ] Safepoint "Cleanup", Time since last: 1000713900 ns, Reaching safepoint: 710500 ns, At safepoint: 50700 ns, Total: 761200 ns
[2020-10-24T05:51:31.651+0000][7][safepoint    ] Safepoint "BulkRevokeBias", Time since last: 874604700 ns, Reaching safepoint: 277600 ns, At safepoint: 3503100 ns, Total: 3780700 ns
[2020-10-24T05:51:32.652+0000][7][safepoint    ] Safepoint "Cleanup", Time since last: 1000589000 ns, Reaching safepoint: 254500 ns, At safepoint: 14300 ns, Total: 268800 ns
[2020-10-24T05:51:33.653+0000][7][safepoint    ] Safepoint "Cleanup", Time since last: 1000389400 ns, Reaching safepoint: 227000 ns, At safepoint: 12600 ns, Total: 239600 ns
[2020-10-24T05:51:34.653+0000][7][safepoint    ] Safepoint "Cleanup", Time since last: 1000472400 ns, Reaching safepoint: 252000 ns, At safepoint: 9600 ns, Total: 261600 ns
[2020-10-24T05:51:35.654+0000][7][safepoint    ] Safepoint "Cleanup", Time since last: 1000562200 ns, Reaching safepoint: 266900 ns, At safepoint: 11800 ns, Total: 278700 ns
[2020-10-24T05:51:36.656+0000][7][safepoint    ] Safepoint "Cleanup", Time since last: 1000745000 ns, Reaching safepoint: 787400 ns, At safepoint: 48700 ns, Total: 836100 ns
[2020-10-24T05:51:37.657+0000][7][safepoint    ] Safepoint "Cleanup", Time since last: 1001166300 ns, Reaching safepoint: 216300 ns, At safepoint: 10700 ns, Total: 227000 ns
[2020-10-24T05:51:38.659+0000][7][safepoint    ] Safepoint "Cleanup", Time since last: 1000592100 ns, Reaching safepoint: 858100 ns, At safepoint: 51900 ns, Total: 910000 ns
[2020-10-24T05:51:39.660+0000][7][safepoint    ] Safepoint "Cleanup", Time since last: 1001248200 ns, Reaching safepoint: 231100 ns, At safepoint: 10200 ns, Total: 241300 ns
[2020-10-24T05:51:40.661+0000][7][safepoint    ] Safepoint "Cleanup", Time since last: 1000488800 ns, Reaching safepoint: 246200 ns, At safepoint: 23700 ns, Total: 269900 ns
[2020-10-24T05:51:41.663+0000][7][safepoint    ] Safepoint "Cleanup", Time since last: 1000643800 ns, Reaching safepoint: 789300 ns, At safepoint: 50100 ns, Total: 839400 ns
[2020-10-24T05:51:42.664+0000][7][safepoint    ] Safepoint "Cleanup", Time since last: 1001222000 ns, Reaching safepoint: 236800 ns, At safepoint: 9700 ns, Total: 246500 ns
[2020-10-24T05:51:43.665+0000][7][safepoint    ] Safepoint "Cleanup", Time since last: 1000571900 ns, Reaching safepoint: 446200 ns, At safepoint: 26500 ns, Total: 472700 ns
[2020-10-24T05:51:44.666+0000][7][safepoint    ] Safepoint "Cleanup", Time since last: 1000708800 ns, Reaching safepoint: 286000 ns, At safepoint: 9400 ns, Total: 295400 ns
[2020-10-24T05:51:45.668+0000][7][safepoint    ] Safepoint "Cleanup", Time since last: 1000654400 ns, Reaching safepoint: 909700 ns, At safepoint: 48800 ns, Total: 958500 ns
[2020-10-24T05:51:46.669+0000][7][safepoint    ] Safepoint "Cleanup", Time since last: 1001246000 ns, Reaching safepoint: 239100 ns, At safepoint: 11100 ns, Total: 250200 ns
[2020-10-24T05:51:47.670+0000][7][safepoint    ] Safepoint "Cleanup", Time since last: 1000569700 ns, Reaching safepoint: 263300 ns, At safepoint: 13700 ns, Total: 277000 ns
[2020-10-24T05:51:48.671+0000][7][safepoint    ] Safepoint "Cleanup", Time since last: 1000502200 ns, Reaching safepoint: 230100 ns, At safepoint: 27900 ns, Total: 258000 ns
[2020-10-24T05:51:49.672+0000][7][safepoint    ] Safepoint "Cleanup", Time since last: 1000615900 ns, Reaching safepoint: 821300 ns, At safepoint: 49400 ns, Total: 870700 ns
[2020-10-24T05:51:50.674+0000][7][safepoint    ] Safepoint "Cleanup", Time since last: 1001222200 ns, Reaching safepoint: 299700 ns, At safepoint: 23100 ns, Total: 322800 ns
[2020-10-24T05:51:51.675+0000][7][safepoint    ] Safepoint "Cleanup", Time since last: 1000607600 ns, Reaching safepoint: 809800 ns, At safepoint: 50200 ns, Total: 860000 ns
[2020-10-24T05:51:52.677+0000][7][safepoint    ] Safepoint "Cleanup", Time since last: 1001234600 ns, Reaching safepoint: 260300 ns, At safepoint: 9600 ns, Total: 269900 ns
[2020-10-24T05:51:53.678+0000][7][safepoint    ] Safepoint "Cleanup", Time since last: 1000558300 ns, Reaching safepoint: 284500 ns, At safepoint: 9900 ns, Total: 294400 ns
[2020-10-24T05:51:54.678+0000][7][safepoint    ] Safepoint "Cleanup", Time since last: 1000573000 ns, Reaching safepoint: 212400 ns, At safepoint: 10200 ns, Total: 222600 ns
[2020-10-24T05:51:55.679+0000][7][safepoint    ] Safepoint "Cleanup", Time since last: 1000552000 ns, Reaching safepoint: 431500 ns, At safepoint: 26400 ns, Total: 457900 ns
[2020-10-24T05:51:56.681+0000][7][safepoint    ] Safepoint "Cleanup", Time since last: 1000867300 ns, Reaching safepoint: 850600 ns, At safepoint: 48800 ns, Total: 899400 ns
[2020-10-24T05:51:57.683+0000][7][safepoint    ] Safepoint "Cleanup", Time since last: 1001148800 ns, Reaching safepoint: 289000 ns, At safepoint: 9400 ns, Total: 298400 ns
[2020-10-24T05:51:58.683+0000][7][safepoint    ] Safepoint "Cleanup", Time since last: 1000526400 ns, Reaching safepoint: 273600 ns, At safepoint: 9700 ns, Total: 283300 ns
[2020-10-24T05:51:59.684+0000][7][safepoint    ] Safepoint "Cleanup", Time since last: 1000600000 ns, Reaching safepoint: 265000 ns, At safepoint: 13200 ns, Total: 278200 ns
[2020-10-24T05:52:00.686+0000][7][safepoint    ] Safepoint "Cleanup", Time since last: 1000730600 ns, Reaching safepoint: 804500 ns, At safepoint: 48600 ns, Total: 853100 ns
[2020-10-24T05:52:01.688+0000][7][safepoint    ] Safepoint "Cleanup", Time since last: 1001201300 ns, Reaching safepoint: 491400 ns, At safepoint: 17900 ns, Total: 509300 ns
[2020-10-24T05:52:02.689+0000][7][safepoint    ] Safepoint "Cleanup", Time since last: 1000716800 ns, Reaching safepoint: 284300 ns, At safepoint: 9900 ns, Total: 294200 ns
[2020-10-24T05:52:03.689+0000][7][safepoint    ] Safepoint "Cleanup", Time since last: 1000458900 ns, Reaching safepoint: 265100 ns, At safepoint: 9500 ns, Total: 274600 ns
[2020-10-24T05:52:04.690+0000][7][safepoint    ] Safepoint "Cleanup", Time since last: 1000525300 ns, Reaching safepoint: 249900 ns, At safepoint: 12200 ns, Total: 262100 ns
[2020-10-24T05:52:05.691+0000][7][safepoint    ] Safepoint "Cleanup", Time since last: 1000606400 ns, Reaching safepoint: 399000 ns, At safepoint: 21700 ns, Total: 420700 ns
[2020-10-24T05:52:06.692+0000][7][safepoint    ] Safepoint "Cleanup", Time since last: 1000678800 ns, Reaching safepoint: 282100 ns, At safepoint: 9400 ns, Total: 291500 ns
[2020-10-24T05:52:07.697+0000][7][gc,start     ] GC(101) Pause Young (Normal) (G1 Evacuation Pause)
[2020-10-24T05:52:07.698+0000][7][gc,task      ] GC(101) Using 6 workers of 10 for evacuation
[2020-10-24T05:52:07.698+0000][7][gc,age       ] GC(101) Desired survivor size 4194304 bytes, new threshold 15 (max threshold 15)
[2020-10-24T05:52:07.701+0000][7][gc,age       ] GC(101) Age table with threshold 15 (max threshold 15)
[2020-10-24T05:52:07.701+0000][7][gc,age       ] GC(101) - age   1:     487360 bytes,     487360 total
[2020-10-24T05:52:07.702+0000][7][gc,age       ] GC(101) - age   2:     180192 bytes,     667552 total
[2020-10-24T05:52:07.702+0000][7][gc,phases    ] GC(101)   Pre Evacuate Collection Set: 0.1ms
[2020-10-24T05:52:07.702+0000][7][gc,phases    ] GC(101)   Merge Heap Roots: 0.2ms
[2020-10-24T05:52:07.702+0000][7][gc,phases    ] GC(101)   Evacuate Collection Set: 1.2ms
[2020-10-24T05:52:07.703+0000][7][gc,phases    ] GC(101)   Post Evacuate Collection Set: 1.0ms
[2020-10-24T05:52:07.703+0000][7][gc,phases    ] GC(101)   Other: 2.0ms
[2020-10-24T05:52:07.703+0000][7][gc,heap      ] GC(101) Eden regions: 57->0(58)
[2020-10-24T05:52:07.703+0000][7][gc,heap      ] GC(101) Survivor regions: 1->1(8)
[2020-10-24T05:52:07.703+0000][7][gc,heap      ] GC(101) Old regions: 111->111
[2020-10-24T05:52:07.703+0000][7][gc,heap      ] GC(101) Archive regions: 2->2
[2020-10-24T05:52:07.704+0000][7][gc,heap      ] GC(101) Humongous regions: 15->15
[2020-10-24T05:52:07.704+0000][7][gc,metaspace ] GC(101) Metaspace: 105552K(114084K)->105552K(114084K) NonClass: 91867K(96984K)->91867K(96984K) Class: 13684K(17100K)->13684K(17100K)
[2020-10-24T05:52:07.704+0000][7][gc           ] GC(101) Pause Young (Normal) (G1 Evacuation Pause) 184M->127M(256M) 6.463ms
[2020-10-24T05:52:07.704+0000][7][gc,cpu       ] GC(101) User=0.01s Sys=0.00s Real=0.00s
[2020-10-24T05:52:07.704+0000][7][safepoint    ] Safepoint "G1CollectForAllocation", Time since last: 1004918600 ns, Reaching safepoint: 346700 ns, At safepoint: 6817200 ns, Total: 7163900 ns
[2020-10-24T05:52:09.221+0000][7][safepoint    ] Safepoint "Cleanup", Time since last: 1516200900 ns, Reaching safepoint: 377700 ns, At safepoint: 10100 ns, Total: 387800 ns
[2020-10-24T05:52:10.222+0000][7][safepoint    ] Safepoint "Cleanup", Time since last: 1000586200 ns, Reaching safepoint: 246800 ns, At safepoint: 10900 ns, Total: 257700 ns
[2020-10-24T05:52:11.222+0000][7][safepoint    ] Safepoint "Cleanup", Time since last: 1000539900 ns, Reaching safepoint: 242600 ns, At safepoint: 18600 ns, Total: 261200 ns
[2020-10-24T05:52:12.224+0000][7][safepoint    ] Safepoint "Cleanup", Time since last: 1000695000 ns, Reaching safepoint: 874900 ns, At safepoint: 51300 ns, Total: 926200 ns
[2020-10-24T05:52:13.226+0000][7][safepoint    ] Safepoint "Cleanup", Time since last: 1001189400 ns, Reaching safepoint: 331500 ns, At safepoint: 18100 ns, Total: 349600 ns
[2020-10-24T05:52:14.227+0000][7][safepoint    ] Safepoint "Cleanup", Time since last: 1000723800 ns, Reaching safepoint: 828900 ns, At safepoint: 48400 ns, Total: 877300 ns
[2020-10-24T05:52:15.230+0000][7][safepoint    ] Safepoint "Cleanup", Time since last: 1001429400 ns, Reaching safepoint: 849900 ns, At safepoint: 130900 ns, Total: 980800 ns
[2020-10-24T05:52:16.232+0000][7][safepoint    ] Safepoint "Cleanup", Time since last: 1001290600 ns, Reaching safepoint: 797500 ns, At safepoint: 49500 ns, Total: 847000 ns
[2020-10-24T05:52:17.233+0000][7][safepoint    ] Safepoint "Cleanup", Time since last: 1001168500 ns, Reaching safepoint: 269300 ns, At safepoint: 9200 ns, Total: 278500 ns
[2020-10-24T05:52:18.234+0000][7][safepoint    ] Safepoint "Cleanup", Time since last: 1000544300 ns, Reaching safepoint: 221400 ns, At safepoint: 11100 ns, Total: 232500 ns
[2020-10-24T05:52:19.235+0000][7][safepoint    ] Safepoint "Cleanup", Time since last: 1000498800 ns, Reaching safepoint: 299600 ns, At safepoint: 17000 ns, Total: 316600 ns
[2020-10-24T05:52:20.236+0000][7][safepoint    ] Safepoint "Cleanup", Time since last: 1000574700 ns, Reaching safepoint: 248700 ns, At safepoint: 11400 ns, Total: 260100 ns
[2020-10-24T05:52:21.236+0000][7][safepoint    ] Safepoint "Cleanup", Time since last: 1000355400 ns, Reaching safepoint: 244700 ns, At safepoint: 12900 ns, Total: 257600 ns
[2020-10-24T05:52:22.237+0000][7][safepoint    ] Safepoint "Cleanup", Time since last: 1000339100 ns, Reaching safepoint: 168300 ns, At safepoint: 10400 ns, Total: 178700 ns
[2020-10-24T05:52:22.389+0000][7][safepoint    ] Safepoint "BulkRevokeBias", Time since last: 149876700 ns, Reaching safepoint: 190300 ns, At safepoint: 2026700 ns, Total: 2217000 ns
[2020-10-24T05:52:22.390+0000][7][safepoint    ] Safepoint "BulkRevokeBias", Time since last: 478100 ns, Reaching safepoint: 180800 ns, At safepoint: 746300 ns, Total: 927100 ns
[2020-10-24T05:52:23.304+0000][7][gc,start     ] GC(102) Pause Young (Concurrent Start) (G1 Evacuation Pause)
[2020-10-24T05:52:23.305+0000][7][gc,task      ] GC(102) Using 6 workers of 10 for evacuation
[2020-10-24T05:52:23.305+0000][7][gc,age       ] GC(102) Desired survivor size 4194304 bytes, new threshold 15 (max threshold 15)
[2020-10-24T05:52:23.309+0000][7][gc,age       ] GC(102) Age table with threshold 15 (max threshold 15)
[2020-10-24T05:52:23.309+0000][7][gc,age       ] GC(102) - age   1:    3484672 bytes,    3484672 total
[2020-10-24T05:52:23.310+0000][7][gc,age       ] GC(102) - age   2:     210640 bytes,    3695312 total
[2020-10-24T05:52:23.310+0000][7][gc,age       ] GC(102) - age   3:     179480 bytes,    3874792 total
[2020-10-24T05:52:23.310+0000][7][gc,phases    ] GC(102)   Pre Evacuate Collection Set: 0.6ms
[2020-10-24T05:52:23.310+0000][7][gc,phases    ] GC(102)   Merge Heap Roots: 0.1ms
[2020-10-24T05:52:23.310+0000][7][gc,phases    ] GC(102)   Evacuate Collection Set: 2.2ms
[2020-10-24T05:52:23.311+0000][7][gc,phases    ] GC(102)   Post Evacuate Collection Set: 0.8ms
[2020-10-24T05:52:23.311+0000][7][gc,phases    ] GC(102)   Other: 2.1ms
[2020-10-24T05:52:23.311+0000][7][gc,heap      ] GC(102) Eden regions: 58->0(53)
[2020-10-24T05:52:23.311+0000][7][gc,heap      ] GC(102) Survivor regions: 1->4(8)
[2020-10-24T05:52:23.311+0000][7][gc,heap      ] GC(102) Old regions: 111->111
[2020-10-24T05:52:23.311+0000][7][gc,heap      ] GC(102) Archive regions: 2->2
[2020-10-24T05:52:23.312+0000][7][gc,heap      ] GC(102) Humongous regions: 15->15
[2020-10-24T05:52:23.312+0000][7][gc,metaspace ] GC(102) Metaspace: 105756K(114084K)->105756K(114084K) NonClass: 92071K(96984K)->92071K(96984K) Class: 13685K(17100K)->13685K(17100K)
[2020-10-24T05:52:23.312+0000][7][gc           ] GC(102) Pause Young (Concurrent Start) (G1 Evacuation Pause) 185M->130M(256M) 7.598ms
[2020-10-24T05:52:23.312+0000][7][gc,cpu       ] GC(102) User=0.01s Sys=0.01s Real=0.01s
[2020-10-24T05:52:23.312+0000][7][gc           ] GC(103) Concurrent Cycle
[2020-10-24T05:52:23.312+0000][7][safepoint    ] Safepoint "G1CollectForAllocation", Time since last: 913661600 ns, Reaching safepoint: 288500 ns, At safepoint: 7976600 ns, Total: 8265100 ns
[2020-10-24T05:52:23.312+0000][7][gc,marking   ] GC(103) Concurrent Clear Claimed Marks
[2020-10-24T05:52:23.313+0000][7][gc,marking   ] GC(103) Concurrent Clear Claimed Marks 0.916ms
[2020-10-24T05:52:23.313+0000][7][gc,marking   ] GC(103) Concurrent Scan Root Regions
[2020-10-24T05:52:23.315+0000][7][gc,marking   ] GC(103) Concurrent Scan Root Regions 1.092ms
[2020-10-24T05:52:23.315+0000][7][gc,marking   ] GC(103) Concurrent Mark (500.681s)
[2020-10-24T05:52:23.315+0000][7][gc,marking   ] GC(103) Concurrent Mark From Roots
[2020-10-24T05:52:23.315+0000][7][gc,task      ] GC(103) Using 3 workers of 3 for marking
[2020-10-24T05:52:23.372+0000][7][gc,marking   ] GC(103) Concurrent Mark From Roots 57.054ms
[2020-10-24T05:52:23.372+0000][7][gc,marking   ] GC(103) Concurrent Preclean
[2020-10-24T05:52:23.373+0000][7][gc,marking   ] GC(103) Concurrent Preclean 0.575ms
[2020-10-24T05:52:23.373+0000][7][gc,marking   ] GC(103) Concurrent Mark (500.681s, 500.739s) 58.271ms
[2020-10-24T05:52:23.373+0000][7][gc,start     ] GC(103) Pause Remark
[2020-10-24T05:52:23.379+0000][7][gc           ] GC(103) Pause Remark 151M->151M(256M) 5.990ms
[2020-10-24T05:52:23.380+0000][7][gc,cpu       ] GC(103) User=0.03s Sys=0.00s Real=0.01s
[2020-10-24T05:52:23.380+0000][7][safepoint    ] Safepoint "G1Concurrent", Time since last: 60944900 ns, Reaching safepoint: 187700 ns, At safepoint: 6631900 ns, Total: 6819600 ns
[2020-10-24T05:52:23.380+0000][7][gc,marking   ] GC(103) Concurrent Rebuild Remembered Sets
[2020-10-24T05:52:23.418+0000][7][gc,marking   ] GC(103) Concurrent Rebuild Remembered Sets 37.664ms
[2020-10-24T05:52:23.419+0000][7][gc,start     ] GC(103) Pause Cleanup
[2020-10-24T05:52:23.419+0000][7][gc           ] GC(103) Pause Cleanup 151M->151M(256M) 0.376ms
[2020-10-24T05:52:23.419+0000][7][gc,cpu       ] GC(103) User=0.00s Sys=0.00s Real=0.00s
[2020-10-24T05:52:23.419+0000][7][safepoint    ] Safepoint "G1Concurrent", Time since last: 38330900 ns, Reaching safepoint: 186200 ns, At safepoint: 773200 ns, Total: 959400 ns
[2020-10-24T05:52:23.419+0000][7][gc,marking   ] GC(103) Concurrent Cleanup for Next Mark
[2020-10-24T05:52:23.420+0000][7][gc,marking   ] GC(103) Concurrent Cleanup for Next Mark 0.461ms
[2020-10-24T05:52:23.420+0000][7][gc           ] GC(103) Concurrent Cycle 107.901ms
[2020-10-24T05:52:24.420+0000][7][safepoint    ] Safepoint "Cleanup", Time since last: 1000330900 ns, Reaching safepoint: 199700 ns, At safepoint: 10100 ns, Total: 209800 ns
[2020-10-24T05:52:25.420+0000][7][safepoint    ] Safepoint "Cleanup", Time since last: 1000407900 ns, Reaching safepoint: 247300 ns, At safepoint: 9700 ns, Total: 257000 ns
[2020-10-24T05:52:26.421+0000][7][safepoint    ] Safepoint "Cleanup", Time since last: 1000535100 ns, Reaching safepoint: 330900 ns, At safepoint: 10300 ns, Total: 341200 ns
[2020-10-24T05:52:27.422+0000][7][safepoint    ] Safepoint "Cleanup", Time since last: 1000552500 ns, Reaching safepoint: 243500 ns, At safepoint: 10400 ns, Total: 253900 ns
[2020-10-24T05:52:28.423+0000][7][safepoint    ] Safepoint "Cleanup", Time since last: 1000527600 ns, Reaching safepoint: 503300 ns, At safepoint: 26400 ns, Total: 529700 ns
[2020-10-24T05:52:29.793+0000][7][safepoint    ] Safepoint "Cleanup", Time since last: 1369821200 ns, Reaching safepoint: 232600 ns, At safepoint: 10800 ns, Total: 243400 ns
[2020-10-24T05:52:30.794+0000][7][safepoint    ] Safepoint "Cleanup", Time since last: 1000413400 ns, Reaching safepoint: 250000 ns, At safepoint: 23500 ns, Total: 273500 ns
[2020-10-24T05:52:31.796+0000][7][safepoint    ] Safepoint "Cleanup", Time since last: 1000623400 ns, Reaching safepoint: 873300 ns, At safepoint: 52600 ns, Total: 925900 ns
[2020-10-24T05:52:32.797+0000][7][safepoint    ] Safepoint "Cleanup", Time since last: 1001307200 ns, Reaching safepoint: 258800 ns, At safepoint: 12400 ns, Total: 271200 ns
[2020-10-24T05:52:33.798+0000][7][safepoint    ] Safepoint "Cleanup", Time since last: 1000627200 ns, Reaching safepoint: 531600 ns, At safepoint: 29900 ns, Total: 561500 ns
[2020-10-24T05:52:34.799+0000][7][safepoint    ] Safepoint "Cleanup", Time since last: 1000852200 ns, Reaching safepoint: 313800 ns, At safepoint: 15800 ns, Total: 329600 ns
[2020-10-24T05:52:35.801+0000][7][safepoint    ] Safepoint "Cleanup", Time since last: 1000759600 ns, Reaching safepoint: 810000 ns, At safepoint: 48600 ns, Total: 858600 ns
[2020-10-24T05:52:36.803+0000][7][safepoint    ] Safepoint "Cleanup", Time since last: 1001316500 ns, Reaching safepoint: 561500 ns, At safepoint: 29900 ns, Total: 591400 ns
[2020-10-24T05:52:37.804+0000][7][safepoint    ] Safepoint "Cleanup", Time since last: 1000869600 ns, Reaching safepoint: 317500 ns, At safepoint: 18100 ns, Total: 335600 ns
[2020-10-24T05:52:38.805+0000][7][safepoint    ] Safepoint "Cleanup", Time since last: 1000603500 ns, Reaching safepoint: 261900 ns, At safepoint: 9500 ns, Total: 271400 ns
[2020-10-24T05:52:39.806+0000][7][safepoint    ] Safepoint "Cleanup", Time since last: 1000573500 ns, Reaching safepoint: 334400 ns, At safepoint: 17000 ns, Total: 351400 ns
[2020-10-24T05:52:40.807+0000][7][safepoint    ] Safepoint "Cleanup", Time since last: 1000646500 ns, Reaching safepoint: 249200 ns, At safepoint: 9600 ns, Total: 258800 ns
[2020-10-24T05:52:41.808+0000][7][safepoint    ] Safepoint "Cleanup", Time since last: 1000711800 ns, Reaching safepoint: 654600 ns, At safepoint: 29500 ns, Total: 684100 ns
[2020-10-24T05:52:42.810+0000][7][safepoint    ] Safepoint "Cleanup", Time since last: 1001012200 ns, Reaching safepoint: 236100 ns, At safepoint: 9700 ns, Total: 245800 ns
[2020-10-24T05:52:43.810+0000][7][safepoint    ] Safepoint "Cleanup", Time since last: 1000485800 ns, Reaching safepoint: 258500 ns, At safepoint: 9500 ns, Total: 268000 ns
[2020-10-24T05:52:44.811+0000][7][safepoint    ] Safepoint "Cleanup", Time since last: 1000539800 ns, Reaching safepoint: 258900 ns, At safepoint: 10600 ns, Total: 269500 ns
[2020-10-24T05:52:45.812+0000][7][safepoint    ] Safepoint "Cleanup", Time since last: 1000436900 ns, Reaching safepoint: 207400 ns, At safepoint: 11200 ns, Total: 218600 ns
[2020-10-24T05:52:46.663+0000][7][gc,start     ] GC(104) Pause Young (Normal) (G1 Evacuation Pause)
[2020-10-24T05:52:46.664+0000][7][gc,task      ] GC(104) Using 6 workers of 10 for evacuation
[2020-10-24T05:52:46.664+0000][7][gc,age       ] GC(104) Desired survivor size 4194304 bytes, new threshold 15 (max threshold 15)
[2020-10-24T05:52:46.667+0000][7][gc,age       ] GC(104) Age table with threshold 15 (max threshold 15)
[2020-10-24T05:52:46.667+0000][7][gc,age       ] GC(104) - age   1:     601656 bytes,     601656 total
[2020-10-24T05:52:46.667+0000][7][gc,age       ] GC(104) - age   2:    1011376 bytes,    1613032 total
[2020-10-24T05:52:46.668+0000][7][gc,age       ] GC(104) - age   3:     190912 bytes,    1803944 total
[2020-10-24T05:52:46.668+0000][7][gc,age       ] GC(104) - age   4:      87264 bytes,    1891208 total
[2020-10-24T05:52:46.668+0000][7][gc,phases    ] GC(104)   Pre Evacuate Collection Set: 0.1ms
[2020-10-24T05:52:46.669+0000][7][gc,phases    ] GC(104)   Merge Heap Roots: 0.1ms
[2020-10-24T05:52:46.669+0000][7][gc,phases    ] GC(104)   Evacuate Collection Set: 1.4ms
[2020-10-24T05:52:46.669+0000][7][gc,phases    ] GC(104)   Post Evacuate Collection Set: 0.9ms
[2020-10-24T05:52:46.669+0000][7][gc,phases    ] GC(104)   Other: 2.5ms
[2020-10-24T05:52:46.669+0000][7][gc,heap      ] GC(104) Eden regions: 53->0(56)
[2020-10-24T05:52:46.669+0000][7][gc,heap      ] GC(104) Survivor regions: 4->2(8)
[2020-10-24T05:52:46.670+0000][7][gc,heap      ] GC(104) Old regions: 111->111
[2020-10-24T05:52:46.670+0000][7][gc,heap      ] GC(104) Archive regions: 2->2
[2020-10-24T05:52:46.670+0000][7][gc,heap      ] GC(104) Humongous regions: 15->15
[2020-10-24T05:52:46.670+0000][7][gc,metaspace ] GC(104) Metaspace: 105799K(114084K)->105799K(114084K) NonClass: 92114K(96984K)->92114K(96984K) Class: 13685K(17100K)->13685K(17100K)
[2020-10-24T05:52:46.670+0000][7][gc           ] GC(104) Pause Young (Normal) (G1 Evacuation Pause) 183M->128M(256M) 6.810ms
[2020-10-24T05:52:46.670+0000][7][gc,cpu       ] GC(104) User=0.01s Sys=0.00s Real=0.01s
[2020-10-24T05:52:46.670+0000][7][safepoint    ] Safepoint "G1CollectForAllocation", Time since last: 851155200 ns, Reaching safepoint: 266700 ns, At safepoint: 7180000 ns, Total: 7446700 ns
[2020-10-24T05:52:47.671+0000][7][safepoint    ] Safepoint "Cleanup", Time since last: 1000345400 ns, Reaching safepoint: 231600 ns, At safepoint: 11100 ns, Total: 242700 ns
[2020-10-24T05:52:48.359+0000][7][safepoint    ] Safepoint "ICBufferFull", Time since last: 687139800 ns, Reaching safepoint: 457400 ns, At safepoint: 47600 ns, Total: 505000 ns
[2020-10-24T05:52:48.424+0000][7][safepoint    ] Safepoint "BulkRevokeBias", Time since last: 64492400 ns, Reaching safepoint: 222000 ns, At safepoint: 1050600 ns, Total: 1272600 ns
[2020-10-24T05:52:49.426+0000][7][safepoint    ] Safepoint "Cleanup", Time since last: 1001163400 ns, Reaching safepoint: 343800 ns, At safepoint: 23900 ns, Total: 367700 ns
[2020-10-24T05:52:49.430+0000][7][safepoint    ] Safepoint "BulkRevokeBias", Time since last: 3460700 ns, Reaching safepoint: 268800 ns, At safepoint: 838000 ns, Total: 1106800 ns
[2020-10-24T05:52:49.432+0000][7][safepoint    ] Safepoint "BulkRevokeBias", Time since last: 675700 ns, Reaching safepoint: 240700 ns, At safepoint: 816400 ns, Total: 1057100 ns
[2020-10-24T05:52:49.435+0000][7][gc,start     ] GC(105) Pause Young (Concurrent Start) (G1 Evacuation Pause)
[2020-10-24T05:52:49.436+0000][7][gc,task      ] GC(105) Using 6 workers of 10 for evacuation
[2020-10-24T05:52:49.436+0000][7][gc,age       ] GC(105) Desired survivor size 4194304 bytes, new threshold 15 (max threshold 15)
[2020-10-24T05:52:49.440+0000][7][gc,age       ] GC(105) Age table with threshold 15 (max threshold 15)
[2020-10-24T05:52:49.440+0000][7][gc,age       ] GC(105) - age   1:    1359136 bytes,    1359136 total
[2020-10-24T05:52:49.441+0000][7][gc,age       ] GC(105) - age   2:     361104 bytes,    1720240 total
[2020-10-24T05:52:49.441+0000][7][gc,age       ] GC(105) - age   3:    1007216 bytes,    2727456 total
[2020-10-24T05:52:49.441+0000][7][gc,age       ] GC(105) - age   4:     189736 bytes,    2917192 total
[2020-10-24T05:52:49.441+0000][7][gc,age       ] GC(105) - age   5:      87264 bytes,    3004456 total
[2020-10-24T05:52:49.442+0000][7][gc,phases    ] GC(105)   Pre Evacuate Collection Set: 0.6ms
[2020-10-24T05:52:49.442+0000][7][gc,phases    ] GC(105)   Merge Heap Roots: 0.1ms
[2020-10-24T05:52:49.442+0000][7][gc,phases    ] GC(105)   Evacuate Collection Set: 1.8ms
[2020-10-24T05:52:49.442+0000][7][gc,phases    ] GC(105)   Post Evacuate Collection Set: 0.9ms
[2020-10-24T05:52:49.442+0000][7][gc,phases    ] GC(105)   Other: 2.7ms
[2020-10-24T05:52:49.442+0000][7][gc,heap      ] GC(105) Eden regions: 56->0(54)
[2020-10-24T05:52:49.443+0000][7][gc,heap      ] GC(105) Survivor regions: 2->4(8)
[2020-10-24T05:52:49.443+0000][7][gc,heap      ] GC(105) Old regions: 111->111
[2020-10-24T05:52:49.443+0000][7][gc,heap      ] GC(105) Archive regions: 2->2
[2020-10-24T05:52:49.443+0000][7][gc,heap      ] GC(105) Humongous regions: 15->15
[2020-10-24T05:52:49.443+0000][7][gc,metaspace ] GC(105) Metaspace: 106018K(114468K)->106018K(114468K) NonClass: 92296K(97240K)->92296K(97240K) Class: 13721K(17228K)->13721K(17228K)
[2020-10-24T05:52:49.443+0000][7][gc           ] GC(105) Pause Young (Concurrent Start) (G1 Evacuation Pause) 184M->129M(256M) 7.829ms
[2020-10-24T05:52:49.443+0000][7][gc,cpu       ] GC(105) User=0.02s Sys=0.00s Real=0.01s
[2020-10-24T05:52:49.444+0000][7][gc           ] GC(106) Concurrent Cycle
[2020-10-24T05:52:49.444+0000][7][safepoint    ] Safepoint "G1CollectForAllocation", Time since last: 2878500 ns, Reaching safepoint: 251200 ns, At safepoint: 8208700 ns, Total: 8459900 ns
[2020-10-24T05:52:49.444+0000][7][gc,marking   ] GC(106) Concurrent Clear Claimed Marks
[2020-10-24T05:52:49.445+0000][7][gc,marking   ] GC(106) Concurrent Clear Claimed Marks 0.855ms
[2020-10-24T05:52:49.445+0000][7][gc,marking   ] GC(106) Concurrent Scan Root Regions
[2020-10-24T05:52:49.446+0000][7][gc,marking   ] GC(106) Concurrent Scan Root Regions 1.062ms
[2020-10-24T05:52:49.446+0000][7][gc,marking   ] GC(106) Concurrent Mark (526.812s)
[2020-10-24T05:52:49.446+0000][7][gc,marking   ] GC(106) Concurrent Mark From Roots
[2020-10-24T05:52:49.446+0000][7][gc,task      ] GC(106) Using 3 workers of 3 for marking
[2020-10-24T05:52:49.501+0000][7][gc,marking   ] GC(106) Concurrent Mark From Roots 54.924ms
[2020-10-24T05:52:49.502+0000][7][gc,marking   ] GC(106) Concurrent Preclean
[2020-10-24T05:52:49.502+0000][7][gc,marking   ] GC(106) Concurrent Preclean 0.714ms
[2020-10-24T05:52:49.503+0000][7][gc,marking   ] GC(106) Concurrent Mark (526.812s, 526.869s) 56.455ms
[2020-10-24T05:52:49.503+0000][7][gc,start     ] GC(106) Pause Remark
[2020-10-24T05:52:49.509+0000][7][gc           ] GC(106) Pause Remark 134M->134M(256M) 6.074ms
[2020-10-24T05:52:49.510+0000][7][gc,cpu       ] GC(106) User=0.03s Sys=0.00s Real=0.01s
[2020-10-24T05:52:49.510+0000][7][safepoint    ] Safepoint "G1Concurrent", Time since last: 59319200 ns, Reaching safepoint: 280900 ns, At safepoint: 6752600 ns, Total: 7033500 ns
[2020-10-24T05:52:49.510+0000][7][gc,marking   ] GC(106) Concurrent Rebuild Remembered Sets
[2020-10-24T05:52:49.546+0000][7][gc,marking   ] GC(106) Concurrent Rebuild Remembered Sets 36.218ms
[2020-10-24T05:52:49.547+0000][7][gc,start     ] GC(106) Pause Cleanup
[2020-10-24T05:52:49.548+0000][7][gc           ] GC(106) Pause Cleanup 134M->134M(256M) 0.392ms
[2020-10-24T05:52:49.548+0000][7][gc,cpu       ] GC(106) User=0.00s Sys=0.00s Real=0.01s
[2020-10-24T05:52:49.548+0000][7][safepoint    ] Safepoint "G1Concurrent", Time since last: 36973900 ns, Reaching safepoint: 260500 ns, At safepoint: 1026800 ns, Total: 1287300 ns
[2020-10-24T05:52:49.549+0000][7][gc,marking   ] GC(106) Concurrent Cleanup for Next Mark
[2020-10-24T05:52:49.549+0000][7][gc,marking   ] GC(106) Concurrent Cleanup for Next Mark 0.579ms
[2020-10-24T05:52:49.549+0000][7][gc           ] GC(106) Concurrent Cycle 105.860ms
[2020-10-24T05:52:50.671+0000][7][safepoint    ] Safepoint "Cleanup", Time since last: 1122567500 ns, Reaching safepoint: 475900 ns, At safepoint: 57200 ns, Total: 533100 ns
[2020-10-24T05:52:51.673+0000][7][safepoint    ] Safepoint "Cleanup", Time since last: 1000808700 ns, Reaching safepoint: 923100 ns, At safepoint: 50200 ns, Total: 973300 ns
[2020-10-24T05:52:52.674+0000][7][safepoint    ] Safepoint "Cleanup", Time since last: 1001162400 ns, Reaching safepoint: 262900 ns, At safepoint: 9800 ns, Total: 272700 ns
[2020-10-24T05:52:53.675+0000][7][safepoint    ] Safepoint "Cleanup", Time since last: 1000445100 ns, Reaching safepoint: 276100 ns, At safepoint: 10300 ns, Total: 286400 ns
[2020-10-24T05:52:54.676+0000][7][safepoint    ] Safepoint "Cleanup", Time since last: 1000485000 ns, Reaching safepoint: 249400 ns, At safepoint: 10600 ns, Total: 260000 ns
[2020-10-24T05:52:55.677+0000][7][safepoint    ] Safepoint "Cleanup", Time since last: 1000581400 ns, Reaching safepoint: 237300 ns, At safepoint: 11100 ns, Total: 248400 ns
[2020-10-24T05:52:56.678+0000][7][safepoint    ] Safepoint "Cleanup", Time since last: 1000600200 ns, Reaching safepoint: 834100 ns, At safepoint: 51800 ns, Total: 885900 ns
[2020-10-24T05:52:57.680+0000][7][safepoint    ] Safepoint "Cleanup", Time since last: 1001156500 ns, Reaching safepoint: 232300 ns, At safepoint: 10200 ns, Total: 242500 ns
[2020-10-24T05:52:58.681+0000][7][safepoint    ] Safepoint "Cleanup", Time since last: 1000577100 ns, Reaching safepoint: 323100 ns, At safepoint: 19300 ns, Total: 342400 ns
[2020-10-24T05:52:59.682+0000][7][safepoint    ] Safepoint "Cleanup", Time since last: 1000771500 ns, Reaching safepoint: 218500 ns, At safepoint: 24300 ns, Total: 242800 ns
[2020-10-24T05:53:00.682+0000][7][safepoint    ] Safepoint "Cleanup", Time since last: 1000514900 ns, Reaching safepoint: 358800 ns, At safepoint: 21800 ns, Total: 380600 ns
[2020-10-24T05:53:01.683+0000][7][safepoint    ] Safepoint "Cleanup", Time since last: 1000614500 ns, Reaching safepoint: 226500 ns, At safepoint: 10000 ns, Total: 236500 ns
[2020-10-24T05:53:02.684+0000][7][safepoint    ] Safepoint "Cleanup", Time since last: 1000588500 ns, Reaching safepoint: 230000 ns, At safepoint: 10000 ns, Total: 240000 ns
[2020-10-24T05:53:03.685+0000][7][safepoint    ] Safepoint "Cleanup", Time since last: 1000503600 ns, Reaching safepoint: 314600 ns, At safepoint: 16900 ns, Total: 331500 ns
[2020-10-24T05:53:04.686+0000][7][safepoint    ] Safepoint "Cleanup", Time since last: 1000594300 ns, Reaching safepoint: 240000 ns, At safepoint: 12700 ns, Total: 252700 ns
[2020-10-24T05:53:05.687+0000][7][safepoint    ] Safepoint "Cleanup", Time since last: 1000502800 ns, Reaching safepoint: 256400 ns, At safepoint: 17500 ns, Total: 273900 ns
[2020-10-24T05:53:06.688+0000][7][safepoint    ] Safepoint "Cleanup", Time since last: 1000533100 ns, Reaching safepoint: 861200 ns, At safepoint: 49900 ns, Total: 911100 ns
[2020-10-24T05:53:07.690+0000][7][safepoint    ] Safepoint "Cleanup", Time since last: 1001195400 ns, Reaching safepoint: 394700 ns, At safepoint: 22700 ns, Total: 417400 ns
[2020-10-24T05:53:08.691+0000][7][safepoint    ] Safepoint "Cleanup", Time since last: 1000651000 ns, Reaching safepoint: 230700 ns, At safepoint: 10100 ns, Total: 240800 ns
[2020-10-24T05:53:09.691+0000][7][safepoint    ] Safepoint "Cleanup", Time since last: 1000505500 ns, Reaching safepoint: 209500 ns, At safepoint: 10400 ns, Total: 219900 ns
[2020-10-24T05:53:10.693+0000][7][safepoint    ] Safepoint "Cleanup", Time since last: 1001179000 ns, Reaching safepoint: 257900 ns, At safepoint: 11200 ns, Total: 269100 ns
[2020-10-24T05:53:11.264+0000][7][gc,start     ] GC(107) Pause Young (Normal) (G1 Evacuation Pause)
[2020-10-24T05:53:11.264+0000][7][gc,task      ] GC(107) Using 6 workers of 10 for evacuation
[2020-10-24T05:53:11.265+0000][7][gc,age       ] GC(107) Desired survivor size 4194304 bytes, new threshold 15 (max threshold 15)
[2020-10-24T05:53:11.268+0000][7][gc,age       ] GC(107) Age table with threshold 15 (max threshold 15)
[2020-10-24T05:53:11.268+0000][7][gc,age       ] GC(107) - age   1:     954272 bytes,     954272 total
[2020-10-24T05:53:11.269+0000][7][gc,age       ] GC(107) - age   2:     562776 bytes,    1517048 total
[2020-10-24T05:53:11.269+0000][7][gc,age       ] GC(107) - age   3:     327576 bytes,    1844624 total
[2020-10-24T05:53:11.269+0000][7][gc,age       ] GC(107) - age   4:     841040 bytes,    2685664 total
[2020-10-24T05:53:11.269+0000][7][gc,age       ] GC(107) - age   5:     174192 bytes,    2859856 total
[2020-10-24T05:53:11.270+0000][7][gc,age       ] GC(107) - age   6:      86744 bytes,    2946600 total
[2020-10-24T05:53:11.270+0000][7][gc,phases    ] GC(107)   Pre Evacuate Collection Set: 0.2ms
[2020-10-24T05:53:11.270+0000][7][gc,phases    ] GC(107)   Merge Heap Roots: 0.1ms
[2020-10-24T05:53:11.270+0000][7][gc,phases    ] GC(107)   Evacuate Collection Set: 2.1ms
[2020-10-24T05:53:11.271+0000][7][gc,phases    ] GC(107)   Post Evacuate Collection Set: 0.8ms
[2020-10-24T05:53:11.271+0000][7][gc,phases    ] GC(107)   Other: 3.1ms
[2020-10-24T05:53:11.271+0000][7][gc,heap      ] GC(107) Eden regions: 54->0(55)
[2020-10-24T05:53:11.271+0000][7][gc,heap      ] GC(107) Survivor regions: 4->3(8)
[2020-10-24T05:53:11.271+0000][7][gc,heap      ] GC(107) Old regions: 111->111
[2020-10-24T05:53:11.271+0000][7][gc,heap      ] GC(107) Archive regions: 2->2
[2020-10-24T05:53:11.272+0000][7][gc,heap      ] GC(107) Humongous regions: 15->15
[2020-10-24T05:53:11.272+0000][7][gc,metaspace ] GC(107) Metaspace: 106079K(114468K)->106079K(114468K) NonClass: 92357K(97240K)->92357K(97240K) Class: 13721K(17228K)->13721K(17228K)
[2020-10-24T05:53:11.272+0000][7][gc           ] GC(107) Pause Young (Normal) (G1 Evacuation Pause) 183M->129M(256M) 8.236ms
[2020-10-24T05:53:11.272+0000][7][gc,cpu       ] GC(107) User=0.01s Sys=0.01s Real=0.01s
[2020-10-24T05:53:11.272+0000][7][safepoint    ] Safepoint "G1CollectForAllocation", Time since last: 570648100 ns, Reaching safepoint: 280700 ns, At safepoint: 8618200 ns, Total: 8898900 ns
[2020-10-24T05:53:13.263+0000][7][safepoint    ] Safepoint "Cleanup", Time since last: 1990835300 ns, Reaching safepoint: 266200 ns, At safepoint: 10300 ns, Total: 276500 ns
[2020-10-24T05:53:14.264+0000][7][safepoint    ] Safepoint "Cleanup", Time since last: 1000580200 ns, Reaching safepoint: 281500 ns, At safepoint: 13200 ns, Total: 294700 ns
[2020-10-24T05:53:15.265+0000][7][safepoint    ] Safepoint "Cleanup", Time since last: 1000620700 ns, Reaching safepoint: 288600 ns, At safepoint: 10000 ns, Total: 298600 ns
[2020-10-24T05:53:16.811+0000][7][safepoint    ] Safepoint "Cleanup", Time since last: 1545538100 ns, Reaching safepoint: 362600 ns, At safepoint: 10800 ns, Total: 373400 ns
[2020-10-24T05:53:18.343+0000][7][safepoint    ] Safepoint "Cleanup", Time since last: 1531246700 ns, Reaching safepoint: 267800 ns, At safepoint: 11900 ns, Total: 279700 ns
[2020-10-24T05:53:19.426+0000][7][safepoint    ] Safepoint "Cleanup", Time since last: 1082977700 ns, Reaching safepoint: 221900 ns, At safepoint: 27000 ns, Total: 248900 ns
[2020-10-24T05:53:20.427+0000][7][safepoint    ] Safepoint "Cleanup", Time since last: 1000414500 ns, Reaching safepoint: 229900 ns, At safepoint: 13300 ns, Total: 243200 ns
[2020-10-24T05:53:21.427+0000][7][safepoint    ] Safepoint "Cleanup", Time since last: 1000391700 ns, Reaching safepoint: 203700 ns, At safepoint: 11200 ns, Total: 214900 ns
[2020-10-24T05:53:22.432+0000][7][safepoint    ] Safepoint "Cleanup", Time since last: 1004380400 ns, Reaching safepoint: 299500 ns, At safepoint: 128700 ns, Total: 428200 ns
[2020-10-24T05:53:23.369+0000][7][gc,start     ] GC(108) Pause Young (Concurrent Start) (G1 Evacuation Pause)
[2020-10-24T05:53:23.369+0000][7][gc,task      ] GC(108) Using 6 workers of 10 for evacuation
[2020-10-24T05:53:23.369+0000][7][gc,age       ] GC(108) Desired survivor size 4194304 bytes, new threshold 15 (max threshold 15)
[2020-10-24T05:53:23.373+0000][7][gc,age       ] GC(108) Age table with threshold 15 (max threshold 15)
[2020-10-24T05:53:23.374+0000][7][gc,age       ] GC(108) - age   1:    4833368 bytes,    4833368 total
[2020-10-24T05:53:23.374+0000][7][gc,age       ] GC(108) - age   2:     296312 bytes,    5129680 total
[2020-10-24T05:53:23.374+0000][7][gc,age       ] GC(108) - age   3:     555600 bytes,    5685280 total
[2020-10-24T05:53:23.375+0000][7][gc,age       ] GC(108) - age   4:     311976 bytes,    5997256 total
[2020-10-24T05:53:23.375+0000][7][gc,age       ] GC(108) - age   5:     658600 bytes,    6655856 total
[2020-10-24T05:53:23.375+0000][7][gc,age       ] GC(108) - age   6:       9448 bytes,    6665304 total
[2020-10-24T05:53:23.375+0000][7][gc,age       ] GC(108) - age   7:      86744 bytes,    6752048 total
[2020-10-24T05:53:23.375+0000][7][gc,phases    ] GC(108)   Pre Evacuate Collection Set: 0.6ms
[2020-10-24T05:53:23.376+0000][7][gc,phases    ] GC(108)   Merge Heap Roots: 0.1ms
[2020-10-24T05:53:23.376+0000][7][gc,phases    ] GC(108)   Evacuate Collection Set: 2.5ms
[2020-10-24T05:53:23.376+0000][7][gc,phases    ] GC(108)   Post Evacuate Collection Set: 0.7ms
[2020-10-24T05:53:23.376+0000][7][gc,phases    ] GC(108)   Other: 2.9ms
[2020-10-24T05:53:23.376+0000][7][gc,heap      ] GC(108) Eden regions: 55->0(49)
[2020-10-24T05:53:23.376+0000][7][gc,heap      ] GC(108) Survivor regions: 3->7(8)
[2020-10-24T05:53:23.377+0000][7][gc,heap      ] GC(108) Old regions: 111->111
[2020-10-24T05:53:23.377+0000][7][gc,heap      ] GC(108) Archive regions: 2->2
[2020-10-24T05:53:23.377+0000][7][gc,heap      ] GC(108) Humongous regions: 15->15
[2020-10-24T05:53:23.377+0000][7][gc,metaspace ] GC(108) Metaspace: 106176K(114724K)->106176K(114724K) NonClass: 92450K(97496K)->92450K(97496K) Class: 13726K(17228K)->13726K(17228K)
[2020-10-24T05:53:23.377+0000][7][gc           ] GC(108) Pause Young (Concurrent Start) (G1 Evacuation Pause) 184M->133M(256M) 8.317ms
[2020-10-24T05:53:23.377+0000][7][gc,cpu       ] GC(108) User=0.02s Sys=0.00s Real=0.00s
[2020-10-24T05:53:23.377+0000][7][gc           ] GC(109) Concurrent Cycle
[2020-10-24T05:53:23.377+0000][7][safepoint    ] Safepoint "G1CollectForAllocation", Time since last: 936527400 ns, Reaching safepoint: 243500 ns, At safepoint: 8689300 ns, Total: 8932800 ns
[2020-10-24T05:53:23.378+0000][7][gc,marking   ] GC(109) Concurrent Clear Claimed Marks
[2020-10-24T05:53:23.378+0000][7][gc,marking   ] GC(109) Concurrent Clear Claimed Marks 0.820ms
[2020-10-24T05:53:23.379+0000][7][gc,marking   ] GC(109) Concurrent Scan Root Regions
[2020-10-24T05:53:23.380+0000][7][gc,marking   ] GC(109) Concurrent Scan Root Regions 1.296ms
[2020-10-24T05:53:23.380+0000][7][gc,marking   ] GC(109) Concurrent Mark (560.746s)
[2020-10-24T05:53:23.380+0000][7][gc,marking   ] GC(109) Concurrent Mark From Roots
[2020-10-24T05:53:23.380+0000][7][gc,task      ] GC(109) Using 3 workers of 3 for marking
[2020-10-24T05:53:23.434+0000][7][gc,marking   ] GC(109) Concurrent Mark From Roots 53.735ms
[2020-10-24T05:53:23.434+0000][7][gc,marking   ] GC(109) Concurrent Preclean
[2020-10-24T05:53:23.435+0000][7][gc,marking   ] GC(109) Concurrent Preclean 0.710ms
[2020-10-24T05:53:23.435+0000][7][gc,marking   ] GC(109) Concurrent Mark (560.746s, 560.802s) 55.348ms
[2020-10-24T05:53:23.436+0000][7][gc,start     ] GC(109) Pause Remark
[2020-10-24T05:53:23.443+0000][7][gc           ] GC(109) Pause Remark 180M->180M(256M) 6.575ms
[2020-10-24T05:53:23.443+0000][7][gc,cpu       ] GC(109) User=0.02s Sys=0.01s Real=0.01s
[2020-10-24T05:53:23.443+0000][7][safepoint    ] Safepoint "G1Concurrent", Time since last: 58301300 ns, Reaching safepoint: 236800 ns, At safepoint: 7319800 ns, Total: 7556600 ns
[2020-10-24T05:53:23.444+0000][7][gc,marking   ] GC(109) Concurrent Rebuild Remembered Sets
[2020-10-24T05:53:23.476+0000][7][gc,marking   ] GC(109) Concurrent Rebuild Remembered Sets 32.370ms
[2020-10-24T05:53:23.477+0000][7][gc,start     ] GC(109) Pause Cleanup
[2020-10-24T05:53:23.477+0000][7][gc           ] GC(109) Pause Cleanup 180M->180M(256M) 0.533ms
[2020-10-24T05:53:23.477+0000][7][gc,cpu       ] GC(109) User=0.00s Sys=0.00s Real=0.01s
[2020-10-24T05:53:23.478+0000][7][safepoint    ] Safepoint "G1Concurrent", Time since last: 33176900 ns, Reaching safepoint: 196000 ns, At safepoint: 1098200 ns, Total: 1294200 ns
[2020-10-24T05:53:23.478+0000][7][gc,marking   ] GC(109) Concurrent Cleanup for Next Mark
[2020-10-24T05:53:23.479+0000][7][gc,marking   ] GC(109) Concurrent Cleanup for Next Mark 0.619ms
[2020-10-24T05:53:23.479+0000][7][gc           ] GC(109) Concurrent Cycle 101.546ms
[2020-10-24T05:53:24.286+0000][7][gc,start     ] GC(110) Pause Young (Normal) (G1 Evacuation Pause)
[2020-10-24T05:53:24.287+0000][7][gc,task      ] GC(110) Using 6 workers of 10 for evacuation
[2020-10-24T05:53:24.287+0000][7][gc,age       ] GC(110) Desired survivor size 3670016 bytes, new threshold 1 (max threshold 15)
[2020-10-24T05:53:24.290+0000][7][gc,age       ] GC(110) Age table with threshold 1 (max threshold 15)
[2020-10-24T05:53:24.290+0000][7][gc,age       ] GC(110) - age   1:     625480 bytes,     625480 total
[2020-10-24T05:53:24.291+0000][7][gc,phases    ] GC(110)   Pre Evacuate Collection Set: 0.1ms
[2020-10-24T05:53:24.291+0000][7][gc,phases    ] GC(110)   Merge Heap Roots: 0.1ms
[2020-10-24T05:53:24.291+0000][7][gc,phases    ] GC(110)   Evacuate Collection Set: 1.9ms
[2020-10-24T05:53:24.291+0000][7][gc,phases    ] GC(110)   Post Evacuate Collection Set: 0.7ms
[2020-10-24T05:53:24.292+0000][7][gc,phases    ] GC(110)   Other: 1.4ms
[2020-10-24T05:53:24.292+0000][7][gc,heap      ] GC(110) Eden regions: 49->0(52)
[2020-10-24T05:53:24.292+0000][7][gc,heap      ] GC(110) Survivor regions: 7->2(7)
[2020-10-24T05:53:24.292+0000][7][gc,heap      ] GC(110) Old regions: 111->114
[2020-10-24T05:53:24.292+0000][7][gc,heap      ] GC(110) Archive regions: 2->2
[2020-10-24T05:53:24.293+0000][7][gc,heap      ] GC(110) Humongous regions: 15->15
[2020-10-24T05:53:24.293+0000][7][gc,metaspace ] GC(110) Metaspace: 106188K(114724K)->106188K(114724K) NonClass: 92462K(97496K)->92462K(97496K) Class: 13726K(17228K)->13726K(17228K)
[2020-10-24T05:53:24.293+0000][7][gc           ] GC(110) Pause Young (Normal) (G1 Evacuation Pause) 182M->130M(256M) 6.517ms
[2020-10-24T05:53:24.293+0000][7][gc,cpu       ] GC(110) User=0.00s Sys=0.01s Real=0.01s
[2020-10-24T05:53:24.293+0000][7][safepoint    ] Safepoint "G1CollectForAllocation", Time since last: 808493500 ns, Reaching safepoint: 206900 ns, At safepoint: 6924400 ns, Total: 7131300 ns
[2020-10-24T05:53:25.421+0000][7][safepoint    ] Safepoint "Cleanup", Time since last: 1127250800 ns, Reaching safepoint: 210900 ns, At safepoint: 8500 ns, Total: 219400 ns
[2020-10-24T05:53:26.421+0000][7][safepoint    ] Safepoint "Cleanup", Time since last: 1000376100 ns, Reaching safepoint: 229100 ns, At safepoint: 10100 ns, Total: 239200 ns
[2020-10-24T05:53:27.422+0000][7][safepoint    ] Safepoint "Cleanup", Time since last: 1000462200 ns, Reaching safepoint: 234000 ns, At safepoint: 10000 ns, Total: 244000 ns
[2020-10-24T05:53:28.423+0000][7][safepoint    ] Safepoint "Cleanup", Time since last: 1000517100 ns, Reaching safepoint: 474700 ns, At safepoint: 28100 ns, Total: 502800 ns
[2020-10-24T05:53:29.424+0000][7][safepoint    ] Safepoint "Cleanup", Time since last: 1000759400 ns, Reaching safepoint: 213500 ns, At safepoint: 9800 ns, Total: 223300 ns
[2020-10-24T05:53:30.252+0000][7][safepoint    ] Safepoint "BulkRevokeBias", Time since last: 824966500 ns, Reaching safepoint: 249000 ns, At safepoint: 2499200 ns, Total: 2748200 ns
[2020-10-24T05:53:31.145+0000][7][safepoint    ] Safepoint "BulkRevokeBias", Time since last: 890804200 ns, Reaching safepoint: 969700 ns, At safepoint: 1853400 ns, Total: 2823100 ns
[2020-10-24T05:53:31.147+0000][7][safepoint    ] Safepoint "BulkRevokeBias", Time since last: 671500 ns, Reaching safepoint: 186400 ns, At safepoint: 731500 ns, Total: 917900 ns
[2020-10-24T05:53:32.153+0000][7][safepoint    ] Safepoint "Cleanup", Time since last: 1005807400 ns, Reaching safepoint: 272200 ns, At safepoint: 9800 ns, Total: 282000 ns
[2020-10-24T05:53:33.154+0000][7][safepoint    ] Safepoint "Cleanup", Time since last: 1000521700 ns, Reaching safepoint: 389900 ns, At safepoint: 52500 ns, Total: 442400 ns
[2020-10-24T05:53:34.155+0000][7][safepoint    ] Safepoint "Cleanup", Time since last: 1000682200 ns, Reaching safepoint: 295200 ns, At safepoint: 15900 ns, Total: 311100 ns
[2020-10-24T05:53:35.156+0000][7][safepoint    ] Safepoint "Cleanup", Time since last: 1000584300 ns, Reaching safepoint: 212800 ns, At safepoint: 23700 ns, Total: 236500 ns
[2020-10-24T05:53:36.157+0000][7][safepoint    ] Safepoint "Cleanup", Time since last: 1000560000 ns, Reaching safepoint: 211000 ns, At safepoint: 23900 ns, Total: 234900 ns
[2020-10-24T05:53:37.158+0000][7][safepoint    ] Safepoint "Cleanup", Time since last: 1000525800 ns, Reaching safepoint: 271100 ns, At safepoint: 9300 ns, Total: 280400 ns
[2020-10-24T05:53:38.158+0000][7][safepoint    ] Safepoint "Cleanup", Time since last: 1000501400 ns, Reaching safepoint: 249700 ns, At safepoint: 9400 ns, Total: 259100 ns
[2020-10-24T05:53:39.159+0000][7][safepoint    ] Safepoint "Cleanup", Time since last: 1000553100 ns, Reaching safepoint: 277600 ns, At safepoint: 9500 ns, Total: 287100 ns
[2020-10-24T05:53:40.160+0000][7][safepoint    ] Safepoint "Cleanup", Time since last: 1000585000 ns, Reaching safepoint: 214200 ns, At safepoint: 10900 ns, Total: 225100 ns
[2020-10-24T05:53:41.161+0000][7][safepoint    ] Safepoint "Cleanup", Time since last: 1000552100 ns, Reaching safepoint: 265300 ns, At safepoint: 9700 ns, Total: 275000 ns
[2020-10-24T05:53:42.162+0000][7][safepoint    ] Safepoint "Cleanup", Time since last: 1000506600 ns, Reaching safepoint: 213100 ns, At safepoint: 9800 ns, Total: 222900 ns
[2020-10-24T05:53:43.162+0000][7][safepoint    ] Safepoint "Cleanup", Time since last: 1000476800 ns, Reaching safepoint: 263200 ns, At safepoint: 9700 ns, Total: 272900 ns
[2020-10-24T05:53:44.637+0000][7][safepoint    ] Safepoint "Cleanup", Time since last: 1473854400 ns, Reaching safepoint: 939500 ns, At safepoint: 132700 ns, Total: 1072200 ns
[2020-10-24T05:53:45.639+0000][7][safepoint    ] Safepoint "Cleanup", Time since last: 1001168400 ns, Reaching safepoint: 236300 ns, At safepoint: 11400 ns, Total: 247700 ns
[2020-10-24T05:53:46.639+0000][7][safepoint    ] Safepoint "Cleanup", Time since last: 1000523800 ns, Reaching safepoint: 248600 ns, At safepoint: 9500 ns, Total: 258100 ns
[2020-10-24T05:53:47.641+0000][7][safepoint    ] Safepoint "Cleanup", Time since last: 1000547100 ns, Reaching safepoint: 819000 ns, At safepoint: 49300 ns, Total: 868300 ns
[2020-10-24T05:53:48.642+0000][7][safepoint    ] Safepoint "Cleanup", Time since last: 1001218800 ns, Reaching safepoint: 327600 ns, At safepoint: 16700 ns, Total: 344300 ns
[2020-10-24T05:53:49.643+0000][7][safepoint    ] Safepoint "Cleanup", Time since last: 1000643500 ns, Reaching safepoint: 320000 ns, At safepoint: 16100 ns, Total: 336100 ns
[2020-10-24T05:53:50.644+0000][7][safepoint    ] Safepoint "Cleanup", Time since last: 1000570200 ns, Reaching safepoint: 235500 ns, At safepoint: 9500 ns, Total: 245000 ns
[2020-10-24T05:53:51.645+0000][7][safepoint    ] Safepoint "Cleanup", Time since last: 1000579300 ns, Reaching safepoint: 351700 ns, At safepoint: 10600 ns, Total: 362300 ns
[2020-10-24T05:53:52.646+0000][7][safepoint    ] Safepoint "Cleanup", Time since last: 1000526800 ns, Reaching safepoint: 247400 ns, At safepoint: 11600 ns, Total: 259000 ns
[2020-10-24T05:53:53.647+0000][7][safepoint    ] Safepoint "Cleanup", Time since last: 1000525800 ns, Reaching safepoint: 272300 ns, At safepoint: 9800 ns, Total: 282100 ns
[2020-10-24T05:53:54.648+0000][7][safepoint    ] Safepoint "Cleanup", Time since last: 1000555400 ns, Reaching safepoint: 817700 ns, At safepoint: 58900 ns, Total: 876600 ns
[2020-10-24T05:53:55.650+0000][7][safepoint    ] Safepoint "Cleanup", Time since last: 1001295700 ns, Reaching safepoint: 833600 ns, At safepoint: 50800 ns, Total: 884400 ns
[2020-10-24T05:53:56.652+0000][7][safepoint    ] Safepoint "Cleanup", Time since last: 1001174100 ns, Reaching safepoint: 383300 ns, At safepoint: 21100 ns, Total: 404400 ns
[2020-10-24T05:53:57.654+0000][7][safepoint    ] Safepoint "Cleanup", Time since last: 1000760300 ns, Reaching safepoint: 973200 ns, At safepoint: 127500 ns, Total: 1100700 ns
[2020-10-24T05:53:58.656+0000][7][safepoint    ] Safepoint "Cleanup", Time since last: 1001326600 ns, Reaching safepoint: 974400 ns, At safepoint: 49400 ns, Total: 1023800 ns
[2020-10-24T05:53:59.658+0000][7][safepoint    ] Safepoint "Cleanup", Time since last: 1001138100 ns, Reaching safepoint: 255400 ns, At safepoint: 10100 ns, Total: 265500 ns
[2020-10-24T05:54:00.658+0000][7][safepoint    ] Safepoint "Cleanup", Time since last: 1000533500 ns, Reaching safepoint: 253700 ns, At safepoint: 10100 ns, Total: 263800 ns
[2020-10-24T05:54:01.659+0000][7][safepoint    ] Safepoint "Cleanup", Time since last: 1000493200 ns, Reaching safepoint: 244400 ns, At safepoint: 9700 ns, Total: 254100 ns
[2020-10-24T05:54:02.660+0000][7][safepoint    ] Safepoint "Cleanup", Time since last: 1000573200 ns, Reaching safepoint: 250300 ns, At safepoint: 11000 ns, Total: 261300 ns
[2020-10-24T05:54:03.661+0000][7][safepoint    ] Safepoint "Cleanup", Time since last: 1000636200 ns, Reaching safepoint: 250900 ns, At safepoint: 10000 ns, Total: 260900 ns
[2020-10-24T05:54:04.662+0000][7][safepoint    ] Safepoint "Cleanup", Time since last: 1000463500 ns, Reaching safepoint: 313900 ns, At safepoint: 10300 ns, Total: 324200 ns
[2020-10-24T05:54:05.662+0000][7][safepoint    ] Safepoint "Cleanup", Time since last: 1000507900 ns, Reaching safepoint: 231200 ns, At safepoint: 10300 ns, Total: 241500 ns
[2020-10-24T05:54:06.663+0000][7][safepoint    ] Safepoint "Cleanup", Time since last: 1000473300 ns, Reaching safepoint: 221500 ns, At safepoint: 9900 ns, Total: 231400 ns
[2020-10-24T05:54:07.664+0000][7][safepoint    ] Safepoint "Cleanup", Time since last: 1000475600 ns, Reaching safepoint: 245400 ns, At safepoint: 10800 ns, Total: 256200 ns
[2020-10-24T05:54:07.770+0000][7][gc,start     ] GC(111) Pause Young (Concurrent Start) (G1 Evacuation Pause)
[2020-10-24T05:54:07.770+0000][7][gc,task      ] GC(111) Using 6 workers of 10 for evacuation
[2020-10-24T05:54:07.771+0000][7][gc,age       ] GC(111) Desired survivor size 3670016 bytes, new threshold 15 (max threshold 15)
[2020-10-24T05:54:07.774+0000][7][gc,age       ] GC(111) Age table with threshold 15 (max threshold 15)
[2020-10-24T05:54:07.774+0000][7][gc,age       ] GC(111) - age   1:     886344 bytes,     886344 total
[2020-10-24T05:54:07.774+0000][7][gc,age       ] GC(111) - age   2:      76576 bytes,     962920 total
[2020-10-24T05:54:07.774+0000][7][gc,phases    ] GC(111)   Pre Evacuate Collection Set: 0.6ms
[2020-10-24T05:54:07.775+0000][7][gc,phases    ] GC(111)   Merge Heap Roots: 0.1ms
[2020-10-24T05:54:07.775+0000][7][gc,phases    ] GC(111)   Evacuate Collection Set: 1.6ms
[2020-10-24T05:54:07.775+0000][7][gc,phases    ] GC(111)   Post Evacuate Collection Set: 0.7ms
[2020-10-24T05:54:07.775+0000][7][gc,phases    ] GC(111)   Other: 1.3ms
[2020-10-24T05:54:07.775+0000][7][gc,heap      ] GC(111) Eden regions: 52->0(52)
[2020-10-24T05:54:07.775+0000][7][gc,heap      ] GC(111) Survivor regions: 2->2(7)
[2020-10-24T05:54:07.775+0000][7][gc,heap      ] GC(111) Old regions: 114->114
[2020-10-24T05:54:07.776+0000][7][gc,heap      ] GC(111) Archive regions: 2->2
[2020-10-24T05:54:07.776+0000][7][gc,heap      ] GC(111) Humongous regions: 15->15
[2020-10-24T05:54:07.776+0000][7][gc,metaspace ] GC(111) Metaspace: 106239K(114724K)->106239K(114724K) NonClass: 92510K(97496K)->92510K(97496K) Class: 13728K(17228K)->13728K(17228K)
[2020-10-24T05:54:07.776+0000][7][gc           ] GC(111) Pause Young (Concurrent Start) (G1 Evacuation Pause) 182M->130M(256M) 5.727ms
[2020-10-24T05:54:07.776+0000][7][gc,cpu       ] GC(111) User=0.00s Sys=0.00s Real=0.00s
[2020-10-24T05:54:07.776+0000][7][gc           ] GC(112) Concurrent Cycle
[2020-10-24T05:54:07.776+0000][7][safepoint    ] Safepoint "G1CollectForAllocation", Time since last: 106204300 ns, Reaching safepoint: 229000 ns, At safepoint: 6076100 ns, Total: 6305100 ns
[2020-10-24T05:54:07.776+0000][7][gc,marking   ] GC(112) Concurrent Clear Claimed Marks
[2020-10-24T05:54:07.777+0000][7][gc,marking   ] GC(112) Concurrent Clear Claimed Marks 0.926ms
[2020-10-24T05:54:07.778+0000][7][gc,marking   ] GC(112) Concurrent Scan Root Regions
[2020-10-24T05:54:07.779+0000][7][gc,marking   ] GC(112) Concurrent Scan Root Regions 1.145ms
[2020-10-24T05:54:07.779+0000][7][gc,marking   ] GC(112) Concurrent Mark (605.145s)
[2020-10-24T05:54:07.779+0000][7][gc,marking   ] GC(112) Concurrent Mark From Roots
[2020-10-24T05:54:07.779+0000][7][gc,task      ] GC(112) Using 3 workers of 3 for marking
[2020-10-24T05:54:07.833+0000][7][gc,marking   ] GC(112) Concurrent Mark From Roots 54.295ms
[2020-10-24T05:54:07.834+0000][7][gc,marking   ] GC(112) Concurrent Preclean
[2020-10-24T05:54:07.834+0000][7][gc,marking   ] GC(112) Concurrent Preclean 0.605ms
[2020-10-24T05:54:07.834+0000][7][gc,marking   ] GC(112) Concurrent Mark (605.145s, 605.201s) 55.571ms
[2020-10-24T05:54:07.835+0000][7][gc,start     ] GC(112) Pause Remark
[2020-10-24T05:54:07.842+0000][7][gc           ] GC(112) Pause Remark 130M->130M(256M) 6.613ms
[2020-10-24T05:54:07.842+0000][7][gc,cpu       ] GC(112) User=0.03s Sys=0.00s Real=0.01s
[2020-10-24T05:54:07.842+0000][7][safepoint    ] Safepoint "G1Concurrent", Time since last: 58479600 ns, Reaching safepoint: 223000 ns, At safepoint: 7035200 ns, Total: 7258200 ns
[2020-10-24T05:54:07.842+0000][7][gc,marking   ] GC(112) Concurrent Rebuild Remembered Sets
[2020-10-24T05:54:07.877+0000][7][gc,marking   ] GC(112) Concurrent Rebuild Remembered Sets 35.265ms
[2020-10-24T05:54:07.878+0000][7][gc,start     ] GC(112) Pause Cleanup
[2020-10-24T05:54:07.878+0000][7][gc           ] GC(112) Pause Cleanup 130M->130M(256M) 0.387ms
[2020-10-24T05:54:07.879+0000][7][gc,cpu       ] GC(112) User=0.00s Sys=0.00s Real=0.00s
[2020-10-24T05:54:07.879+0000][7][safepoint    ] Safepoint "G1Concurrent", Time since last: 35751300 ns, Reaching safepoint: 208400 ns, At safepoint: 708200 ns, Total: 916600 ns
[2020-10-24T05:54:07.879+0000][7][gc,marking   ] GC(112) Concurrent Cleanup for Next Mark
[2020-10-24T05:54:07.879+0000][7][gc,marking   ] GC(112) Concurrent Cleanup for Next Mark 0.465ms
[2020-10-24T05:54:07.879+0000][7][gc           ] GC(112) Concurrent Cycle 103.222ms
[2020-10-24T05:54:08.879+0000][7][safepoint    ] Safepoint "Cleanup", Time since last: 1000311600 ns, Reaching safepoint: 248100 ns, At safepoint: 11600 ns, Total: 259700 ns
[2020-10-24T05:54:09.880+0000][7][safepoint    ] Safepoint "Cleanup", Time since last: 1000476700 ns, Reaching safepoint: 240000 ns, At safepoint: 10300 ns, Total: 250300 ns
[2020-10-24T05:54:11.679+0000][7][safepoint    ] Safepoint "Cleanup", Time since last: 1798982400 ns, Reaching safepoint: 264200 ns, At safepoint: 9600 ns, Total: 273800 ns
[2020-10-24T05:54:12.681+0000][7][safepoint    ] Safepoint "Cleanup", Time since last: 1000635100 ns, Reaching safepoint: 883500 ns, At safepoint: 130700 ns, Total: 1014200 ns
[2020-10-24T05:54:13.692+0000][7][safepoint    ] Safepoint "Cleanup", Time since last: 1010589200 ns, Reaching safepoint: 423700 ns, At safepoint: 28300 ns, Total: 452000 ns
[2020-10-24T05:54:13.709+0000][7][safepoint    ] Safepoint "BulkRevokeBias", Time since last: 15811100 ns, Reaching safepoint: 263000 ns, At safepoint: 1393200 ns, Total: 1656200 ns
[2020-10-24T05:54:15.305+0000][7][safepoint    ] Safepoint "Cleanup", Time since last: 1595112300 ns, Reaching safepoint: 424500 ns, At safepoint: 25000 ns, Total: 449500 ns
[2020-10-24T05:54:16.594+0000][7][safepoint    ] Safepoint "Cleanup", Time since last: 1288397200 ns, Reaching safepoint: 316700 ns, At safepoint: 23500 ns, Total: 340200 ns
[2020-10-24T05:54:17.820+0000][7][safepoint    ] Safepoint "Cleanup", Time since last: 1226432000 ns, Reaching safepoint: 249200 ns, At safepoint: 9500 ns, Total: 258700 ns
[2020-10-24T05:54:18.884+0000][7][safepoint    ] Safepoint "Cleanup", Time since last: 1063583000 ns, Reaching safepoint: 303600 ns, At safepoint: 14600 ns, Total: 318200 ns
[2020-10-24T05:54:19.939+0000][7][safepoint    ] Safepoint "Cleanup", Time since last: 1053357100 ns, Reaching safepoint: 845600 ns, At safepoint: 130800 ns, Total: 976400 ns
[2020-10-24T05:54:20.606+0000][7][safepoint    ] Safepoint "BulkRevokeBias", Time since last: 664994200 ns, Reaching safepoint: 199100 ns, At safepoint: 1708400 ns, Total: 1907500 ns
[2020-10-24T05:54:20.867+0000][7][safepoint    ] Safepoint "BulkRevokeBias", Time since last: 260810600 ns, Reaching safepoint: 224800 ns, At safepoint: 855700 ns, Total: 1080500 ns
[2020-10-24T05:54:21.869+0000][7][safepoint    ] Safepoint "Cleanup", Time since last: 1000729800 ns, Reaching safepoint: 838700 ns, At safepoint: 99300 ns, Total: 938000 ns
[2020-10-24T05:54:23.079+0000][7][gc,start     ] GC(113) Pause Young (Normal) (G1 Evacuation Pause)
[2020-10-24T05:54:23.079+0000][7][gc,task      ] GC(113) Using 6 workers of 10 for evacuation
[2020-10-24T05:54:23.079+0000][7][gc,age       ] GC(113) Desired survivor size 3670016 bytes, new threshold 15 (max threshold 15)
[2020-10-24T05:54:23.084+0000][7][gc,age       ] GC(113) Age table with threshold 15 (max threshold 15)
[2020-10-24T05:54:23.084+0000][7][gc,age       ] GC(113) - age   1:    6424216 bytes,    6424216 total
[2020-10-24T05:54:23.084+0000][7][gc,age       ] GC(113) - age   2:     780032 bytes,    7204248 total
[2020-10-24T05:54:23.085+0000][7][gc,age       ] GC(113) - age   3:      71512 bytes,    7275760 total
[2020-10-24T05:54:23.085+0000][7][gc,phases    ] GC(113)   Pre Evacuate Collection Set: 0.1ms
[2020-10-24T05:54:23.085+0000][7][gc,phases    ] GC(113)   Merge Heap Roots: 0.2ms
[2020-10-24T05:54:23.085+0000][7][gc,phases    ] GC(113)   Evacuate Collection Set: 2.6ms
[2020-10-24T05:54:23.086+0000][7][gc,phases    ] GC(113)   Post Evacuate Collection Set: 1.1ms
[2020-10-24T05:54:23.086+0000][7][gc,phases    ] GC(113)   Other: 2.3ms
[2020-10-24T05:54:23.086+0000][7][gc,heap      ] GC(113) Eden regions: 52->0(43)
[2020-10-24T05:54:23.086+0000][7][gc,heap      ] GC(113) Survivor regions: 2->7(7)
[2020-10-24T05:54:23.086+0000][7][gc,heap      ] GC(113) Old regions: 114->114
[2020-10-24T05:54:23.087+0000][7][gc,heap      ] GC(113) Archive regions: 2->2
[2020-10-24T05:54:23.087+0000][7][gc,heap      ] GC(113) Humongous regions: 15->15
[2020-10-24T05:54:23.087+0000][7][gc,metaspace ] GC(113) Metaspace: 106421K(114980K)->106421K(114980K) NonClass: 92670K(97752K)->92670K(97752K) Class: 13751K(17228K)->13751K(17228K)
[2020-10-24T05:54:23.087+0000][7][gc           ] GC(113) Pause Young (Normal) (G1 Evacuation Pause) 182M->136M(256M) 8.349ms
[2020-10-24T05:54:23.087+0000][7][gc,cpu       ] GC(113) User=0.02s Sys=0.00s Real=0.00s
[2020-10-24T05:54:23.087+0000][7][safepoint    ] Safepoint "G1CollectForAllocation", Time since last: 1209158900 ns, Reaching safepoint: 318200 ns, At safepoint: 8707000 ns, Total: 9025200 ns
[2020-10-24T05:54:23.469+0000][7][safepoint    ] Safepoint "BulkRevokeBias", Time since last: 380616300 ns, Reaching safepoint: 206400 ns, At safepoint: 970400 ns, Total: 1176800 ns
[2020-10-24T05:54:23.471+0000][7][safepoint    ] Safepoint "BulkRevokeBias", Time since last: 676900 ns, Reaching safepoint: 175600 ns, At safepoint: 1019800 ns, Total: 1195400 ns
[2020-10-24T05:54:23.481+0000][7][gc,start     ] GC(114) Pause Young (Concurrent Start) (G1 Evacuation Pause)
[2020-10-24T05:54:23.482+0000][7][gc,task      ] GC(114) Using 6 workers of 10 for evacuation
[2020-10-24T05:54:23.482+0000][7][gc,age       ] GC(114) Desired survivor size 3670016 bytes, new threshold 1 (max threshold 15)
[2020-10-24T05:54:23.486+0000][7][gc,age       ] GC(114) Age table with threshold 1 (max threshold 15)
[2020-10-24T05:54:23.486+0000][7][gc,age       ] GC(114) - age   1:      92456 bytes,      92456 total
[2020-10-24T05:54:23.486+0000][7][gc,phases    ] GC(114)   Pre Evacuate Collection Set: 0.6ms
[2020-10-24T05:54:23.487+0000][7][gc,phases    ] GC(114)   Merge Heap Roots: 0.1ms
[2020-10-24T05:54:23.487+0000][7][gc,phases    ] GC(114)   Evacuate Collection Set: 2.0ms
[2020-10-24T05:54:23.487+0000][7][gc,phases    ] GC(114)   Post Evacuate Collection Set: 0.7ms
[2020-10-24T05:54:23.487+0000][7][gc,phases    ] GC(114)   Other: 1.8ms
[2020-10-24T05:54:23.488+0000][7][gc,heap      ] GC(114) Eden regions: 43->0(48)
[2020-10-24T05:54:23.488+0000][7][gc,heap      ] GC(114) Survivor regions: 7->1(7)
[2020-10-24T05:54:23.488+0000][7][gc,heap      ] GC(114) Old regions: 114->117
[2020-10-24T05:54:23.488+0000][7][gc,heap      ] GC(114) Archive regions: 2->2
[2020-10-24T05:54:23.488+0000][7][gc,heap      ] GC(114) Humongous regions: 15->15
[2020-10-24T05:54:23.489+0000][7][gc,metaspace ] GC(114) Metaspace: 106433K(114980K)->106433K(114980K) NonClass: 92681K(97752K)->92681K(97752K) Class: 13751K(17228K)->13751K(17228K)
[2020-10-24T05:54:23.489+0000][7][gc           ] GC(114) Pause Young (Concurrent Start) (G1 Evacuation Pause) 179M->132M(256M) 7.655ms
[2020-10-24T05:54:23.489+0000][7][gc,cpu       ] GC(114) User=0.01s Sys=0.00s Real=0.01s
[2020-10-24T05:54:23.489+0000][7][gc           ] GC(115) Concurrent Cycle
[2020-10-24T05:54:23.489+0000][7][safepoint    ] Safepoint "G1CollectForAllocation", Time since last: 9917600 ns, Reaching safepoint: 371200 ns, At safepoint: 8159000 ns, Total: 8530200 ns
[2020-10-24T05:54:23.489+0000][7][gc,marking   ] GC(115) Concurrent Clear Claimed Marks
[2020-10-24T05:54:23.490+0000][7][gc,marking   ] GC(115) Concurrent Clear Claimed Marks 1.010ms
[2020-10-24T05:54:23.491+0000][7][gc,marking   ] GC(115) Concurrent Scan Root Regions
[2020-10-24T05:54:23.492+0000][7][gc,marking   ] GC(115) Concurrent Scan Root Regions 1.050ms
[2020-10-24T05:54:23.492+0000][7][gc,marking   ] GC(115) Concurrent Mark (620.858s)
[2020-10-24T05:54:23.492+0000][7][gc,marking   ] GC(115) Concurrent Mark From Roots
[2020-10-24T05:54:23.492+0000][7][gc,task      ] GC(115) Using 3 workers of 3 for marking
[2020-10-24T05:54:23.551+0000][7][gc,marking   ] GC(115) Concurrent Mark From Roots 58.797ms
[2020-10-24T05:54:23.551+0000][7][gc,marking   ] GC(115) Concurrent Preclean
[2020-10-24T05:54:23.552+0000][7][gc,marking   ] GC(115) Concurrent Preclean 0.853ms
[2020-10-24T05:54:23.553+0000][7][gc,marking   ] GC(115) Concurrent Mark (620.858s, 620.919s) 60.822ms
[2020-10-24T05:54:23.553+0000][7][gc,start     ] GC(115) Pause Remark
[2020-10-24T05:54:23.559+0000][7][gc           ] GC(115) Pause Remark 148M->148M(256M) 5.968ms
[2020-10-24T05:54:23.560+0000][7][gc,cpu       ] GC(115) User=0.03s Sys=0.00s Real=0.01s
[2020-10-24T05:54:23.560+0000][7][safepoint    ] Safepoint "G1Concurrent", Time since last: 63598900 ns, Reaching safepoint: 248700 ns, At safepoint: 6661900 ns, Total: 6910600 ns
[2020-10-24T05:54:23.560+0000][7][gc,marking   ] GC(115) Concurrent Rebuild Remembered Sets
[2020-10-24T05:54:23.596+0000][7][gc,marking   ] GC(115) Concurrent Rebuild Remembered Sets 35.853ms
[2020-10-24T05:54:23.597+0000][7][gc,start     ] GC(115) Pause Cleanup
[2020-10-24T05:54:23.597+0000][7][gc           ] GC(115) Pause Cleanup 148M->148M(256M) 0.411ms
[2020-10-24T05:54:23.597+0000][7][gc,cpu       ] GC(115) User=0.00s Sys=0.00s Real=0.00s
[2020-10-24T05:54:23.597+0000][7][safepoint    ] Safepoint "G1Concurrent", Time since last: 36493200 ns, Reaching safepoint: 190600 ns, At safepoint: 807800 ns, Total: 998400 ns
[2020-10-24T05:54:23.598+0000][7][gc,marking   ] GC(115) Concurrent Cleanup for Next Mark
[2020-10-24T05:54:23.598+0000][7][gc,marking   ] GC(115) Concurrent Cleanup for Next Mark 0.656ms
[2020-10-24T05:54:23.599+0000][7][gc           ] GC(115) Concurrent Cycle 109.290ms
[2020-10-24T05:54:25.501+0000][7][safepoint    ] Safepoint "Cleanup", Time since last: 1903346900 ns, Reaching safepoint: 663900 ns, At safepoint: 38400 ns, Total: 702300 ns
[2020-10-24T05:54:26.503+0000][7][safepoint    ] Safepoint "Cleanup", Time since last: 1000892700 ns, Reaching safepoint: 422400 ns, At safepoint: 27800 ns, Total: 450200 ns
[2020-10-24T05:54:27.504+0000][7][safepoint    ] Safepoint "Cleanup", Time since last: 1000821300 ns, Reaching safepoint: 203500 ns, At safepoint: 10700 ns, Total: 214200 ns
[2020-10-24T05:54:27.542+0000][7][safepoint    ] Safepoint "BulkRevokeBias", Time since last: 37691100 ns, Reaching safepoint: 227100 ns, At safepoint: 712200 ns, Total: 939300 ns
[2020-10-24T05:54:27.558+0000][7][safepoint    ] Safepoint "BulkRevokeBias", Time since last: 14615200 ns, Reaching safepoint: 206500 ns, At safepoint: 809600 ns, Total: 1016100 ns
[2020-10-24T05:54:27.560+0000][7][safepoint    ] Safepoint "BulkRevokeBias", Time since last: 827900 ns, Reaching safepoint: 203600 ns, At safepoint: 759900 ns, Total: 963500 ns
[2020-10-24T05:54:28.606+0000][7][safepoint    ] Safepoint "Cleanup", Time since last: 1045866200 ns, Reaching safepoint: 321600 ns, At safepoint: 10500 ns, Total: 332100 ns
[2020-10-24T05:54:29.607+0000][7][safepoint    ] Safepoint "Cleanup", Time since last: 1000562300 ns, Reaching safepoint: 252300 ns, At safepoint: 12300 ns, Total: 264600 ns
[2020-10-24T05:54:30.608+0000][7][safepoint    ] Safepoint "Cleanup", Time since last: 1000533400 ns, Reaching safepoint: 227900 ns, At safepoint: 41100 ns, Total: 269000 ns
[2020-10-24T05:54:31.608+0000][7][safepoint    ] Safepoint "Cleanup", Time since last: 1000347000 ns, Reaching safepoint: 265700 ns, At safepoint: 9900 ns, Total: 275600 ns
[2020-10-24T05:54:32.610+0000][7][safepoint    ] Safepoint "Cleanup", Time since last: 1000639700 ns, Reaching safepoint: 874200 ns, At safepoint: 50600 ns, Total: 924800 ns
[2020-10-24T05:54:33.612+0000][7][safepoint    ] Safepoint "Cleanup", Time since last: 1001248800 ns, Reaching safepoint: 377000 ns, At safepoint: 21300 ns, Total: 398300 ns
[2020-10-24T05:54:34.612+0000][7][safepoint    ] Safepoint "Cleanup", Time since last: 1000656200 ns, Reaching safepoint: 247500 ns, At safepoint: 9600 ns, Total: 257100 ns
[2020-10-24T05:54:35.613+0000][7][safepoint    ] Safepoint "Cleanup", Time since last: 1000473700 ns, Reaching safepoint: 250400 ns, At safepoint: 11500 ns, Total: 261900 ns
[2020-10-24T05:54:36.614+0000][7][safepoint    ] Safepoint "Cleanup", Time since last: 1000473400 ns, Reaching safepoint: 296200 ns, At safepoint: 10300 ns, Total: 306500 ns
[2020-10-24T05:54:37.615+0000][7][safepoint    ] Safepoint "Cleanup", Time since last: 1000559900 ns, Reaching safepoint: 544000 ns, At safepoint: 31500 ns, Total: 575500 ns
[2020-10-24T05:54:38.616+0000][7][safepoint    ] Safepoint "Cleanup", Time since last: 1000818100 ns, Reaching safepoint: 216000 ns, At safepoint: 24900 ns, Total: 240900 ns
[2020-10-24T05:54:39.617+0000][7][safepoint    ] Safepoint "Cleanup", Time since last: 1000521400 ns, Reaching safepoint: 340600 ns, At safepoint: 16300 ns, Total: 356900 ns
[2020-10-24T05:54:40.618+0000][7][safepoint    ] Safepoint "Cleanup", Time since last: 1000600700 ns, Reaching safepoint: 228200 ns, At safepoint: 12400 ns, Total: 240600 ns
[2020-10-24T05:54:40.693+0000][7][gc,start     ] GC(116) Pause Young (Normal) (G1 Evacuation Pause)
[2020-10-24T05:54:40.694+0000][7][gc,task      ] GC(116) Using 6 workers of 10 for evacuation
[2020-10-24T05:54:40.695+0000][7][gc,age       ] GC(116) Desired survivor size 3670016 bytes, new threshold 15 (max threshold 15)
[2020-10-24T05:54:40.706+0000][7][gc,age       ] GC(116) Age table with threshold 15 (max threshold 15)
[2020-10-24T05:54:40.707+0000][7][gc,age       ] GC(116) - age   1:     682696 bytes,     682696 total
[2020-10-24T05:54:40.708+0000][7][gc,age       ] GC(116) - age   2:      13952 bytes,     696648 total
[2020-10-24T05:54:40.709+0000][7][gc,phases    ] GC(116)   Pre Evacuate Collection Set: 0.6ms
[2020-10-24T05:54:40.710+0000][7][gc,phases    ] GC(116)   Merge Heap Roots: 0.6ms
[2020-10-24T05:54:40.711+0000][7][gc,phases    ] GC(116)   Evacuate Collection Set: 5.3ms
[2020-10-24T05:54:40.712+0000][7][gc,phases    ] GC(116)   Post Evacuate Collection Set: 3.5ms
[2020-10-24T05:54:40.712+0000][7][gc,phases    ] GC(116)   Other: 6.1ms
[2020-10-24T05:54:40.713+0000][7][gc,heap      ] GC(116) Eden regions: 48->0(50)
[2020-10-24T05:54:40.714+0000][7][gc,heap      ] GC(116) Survivor regions: 1->1(7)
[2020-10-24T05:54:40.715+0000][7][gc,heap      ] GC(116) Old regions: 117->117
[2020-10-24T05:54:40.715+0000][7][gc,heap      ] GC(116) Archive regions: 2->2
[2020-10-24T05:54:40.716+0000][7][gc,heap      ] GC(116) Humongous regions: 15->15
[2020-10-24T05:54:40.716+0000][7][gc,metaspace ] GC(116) Metaspace: 106697K(115364K)->106697K(115364K) NonClass: 92908K(98008K)->92908K(98008K) Class: 13789K(17356K)->13789K(17356K)
[2020-10-24T05:54:40.717+0000][7][gc           ] GC(116) Pause Young (Normal) (G1 Evacuation Pause) 180M->132M(256M) 23.748ms
[2020-10-24T05:54:40.718+0000][7][gc,cpu       ] GC(116) User=0.02s Sys=0.02s Real=0.03s
[2020-10-24T05:54:40.718+0000][7][safepoint    ] Safepoint "G1CollectForAllocation", Time since last: 74326500 ns, Reaching safepoint: 1012300 ns, At safepoint: 25092800 ns, Total: 26105100 ns
[2020-10-24T05:54:41.720+0000][7][safepoint    ] Safepoint "Cleanup", Time since last: 1000836900 ns, Reaching safepoint: 818300 ns, At safepoint: 50500 ns, Total: 868800 ns
[2020-10-24T05:54:42.722+0000][7][safepoint    ] Safepoint "Cleanup", Time since last: 1001155000 ns, Reaching safepoint: 931900 ns, At safepoint: 53800 ns, Total: 985700 ns
[2020-10-24T05:54:43.687+0000][7][safepoint    ] Safepoint "BulkRevokeBias", Time since last: 963311300 ns, Reaching safepoint: 264900 ns, At safepoint: 794500 ns, Total: 1059400 ns
[2020-10-24T05:54:44.687+0000][7][safepoint    ] Safepoint "Cleanup", Time since last: 1000591300 ns, Reaching safepoint: 222900 ns, At safepoint: 11500 ns, Total: 234400 ns
[2020-10-24T05:54:45.689+0000][7][safepoint    ] Safepoint "Cleanup", Time since last: 1000599100 ns, Reaching safepoint: 815200 ns, At safepoint: 50700 ns, Total: 865900 ns
[2020-10-24T05:54:46.690+0000][7][safepoint    ] Safepoint "Cleanup", Time since last: 1001063900 ns, Reaching safepoint: 281700 ns, At safepoint: 24700 ns, Total: 306400 ns
[2020-10-24T05:54:47.691+0000][7][safepoint    ] Safepoint "Cleanup", Time since last: 1000452600 ns, Reaching safepoint: 258400 ns, At safepoint: 9500 ns, Total: 267900 ns
[2020-10-24T05:54:48.692+0000][7][safepoint    ] Safepoint "Cleanup", Time since last: 1000542900 ns, Reaching safepoint: 260800 ns, At safepoint: 15000 ns, Total: 275800 ns
[2020-10-24T05:54:49.693+0000][7][safepoint    ] Safepoint "Cleanup", Time since last: 1000559300 ns, Reaching safepoint: 401400 ns, At safepoint: 130200 ns, Total: 531600 ns
[2020-10-24T05:54:50.694+0000][7][safepoint    ] Safepoint "Cleanup", Time since last: 1000655700 ns, Reaching safepoint: 323300 ns, At safepoint: 11300 ns, Total: 334600 ns
[2020-10-24T05:54:51.695+0000][7][safepoint    ] Safepoint "Cleanup", Time since last: 1000636200 ns, Reaching safepoint: 269100 ns, At safepoint: 9600 ns, Total: 278700 ns
[2020-10-24T05:54:52.696+0000][7][safepoint    ] Safepoint "Cleanup", Time since last: 1000526700 ns, Reaching safepoint: 337800 ns, At safepoint: 18700 ns, Total: 356500 ns
[2020-10-24T05:54:53.696+0000][7][safepoint    ] Safepoint "Cleanup", Time since last: 1000537400 ns, Reaching safepoint: 223500 ns, At safepoint: 10000 ns, Total: 233500 ns
[2020-10-24T05:54:55.412+0000][7][safepoint    ] Safepoint "Cleanup", Time since last: 1714774300 ns, Reaching safepoint: 499900 ns, At safepoint: 21200 ns, Total: 521100 ns
[2020-10-24T05:54:56.413+0000][7][safepoint    ] Safepoint "Cleanup", Time since last: 1000846100 ns, Reaching safepoint: 426600 ns, At safepoint: 21400 ns, Total: 448000 ns
[2020-10-24T05:54:57.415+0000][7][safepoint    ] Safepoint "Cleanup", Time since last: 1000766700 ns, Reaching safepoint: 859400 ns, At safepoint: 51500 ns, Total: 910900 ns
[2020-10-24T05:54:58.519+0000][7][safepoint    ] Safepoint "Cleanup", Time since last: 1103144500 ns, Reaching safepoint: 929900 ns, At safepoint: 51100 ns, Total: 981000 ns
[2020-10-24T05:54:59.520+0000][7][safepoint    ] Safepoint "Cleanup", Time since last: 1001260200 ns, Reaching safepoint: 268700 ns, At safepoint: 13000 ns, Total: 281700 ns
[2020-10-24T05:55:00.521+0000][7][safepoint    ] Safepoint "Cleanup", Time since last: 1000660300 ns, Reaching safepoint: 278900 ns, At safepoint: 13700 ns, Total: 292600 ns
[2020-10-24T05:55:01.522+0000][7][safepoint    ] Safepoint "Cleanup", Time since last: 1000611500 ns, Reaching safepoint: 269700 ns, At safepoint: 9900 ns, Total: 279600 ns
[2020-10-24T05:55:02.523+0000][7][safepoint    ] Safepoint "Cleanup", Time since last: 1000574200 ns, Reaching safepoint: 266500 ns, At safepoint: 14900 ns, Total: 281400 ns
[2020-10-24T05:55:03.524+0000][7][safepoint    ] Safepoint "Cleanup", Time since last: 1000562400 ns, Reaching safepoint: 210600 ns, At safepoint: 10400 ns, Total: 221000 ns
[2020-10-24T05:55:04.525+0000][7][safepoint    ] Safepoint "Cleanup", Time since last: 1000536000 ns, Reaching safepoint: 270600 ns, At safepoint: 24500 ns, Total: 295100 ns
[2020-10-24T05:55:05.525+0000][7][safepoint    ] Safepoint "Cleanup", Time since last: 1000475700 ns, Reaching safepoint: 256200 ns, At safepoint: 9700 ns, Total: 265900 ns
[2020-10-24T05:55:06.527+0000][7][safepoint    ] Safepoint "Cleanup", Time since last: 1000740300 ns, Reaching safepoint: 760500 ns, At safepoint: 51600 ns, Total: 812100 ns
[2020-10-24T05:55:07.529+0000][7][safepoint    ] Safepoint "Cleanup", Time since last: 1001362800 ns, Reaching safepoint: 764800 ns, At safepoint: 50900 ns, Total: 815700 ns
[2020-10-24T05:55:08.531+0000][7][safepoint    ] Safepoint "Cleanup", Time since last: 1001394800 ns, Reaching safepoint: 842900 ns, At safepoint: 50200 ns, Total: 893100 ns
[2020-10-24T05:55:09.533+0000][7][safepoint    ] Safepoint "Cleanup", Time since last: 1001231800 ns, Reaching safepoint: 277200 ns, At safepoint: 10300 ns, Total: 287500 ns
[2020-10-24T05:55:10.534+0000][7][safepoint    ] Safepoint "Cleanup", Time since last: 1000516900 ns, Reaching safepoint: 364800 ns, At safepoint: 22200 ns, Total: 387000 ns
[2020-10-24T05:55:11.076+0000][7][gc,start     ] GC(117) Pause Young (Concurrent Start) (G1 Evacuation Pause)
[2020-10-24T05:55:11.076+0000][7][gc,task      ] GC(117) Using 6 workers of 10 for evacuation
[2020-10-24T05:55:11.076+0000][7][gc,age       ] GC(117) Desired survivor size 3670016 bytes, new threshold 15 (max threshold 15)
[2020-10-24T05:55:11.080+0000][7][gc,age       ] GC(117) Age table with threshold 15 (max threshold 15)
[2020-10-24T05:55:11.080+0000][7][gc,age       ] GC(117) - age   1:     593856 bytes,     593856 total
[2020-10-24T05:55:11.081+0000][7][gc,age       ] GC(117) - age   2:     488512 bytes,    1082368 total
[2020-10-24T05:55:11.081+0000][7][gc,age       ] GC(117) - age   3:      13952 bytes,    1096320 total
[2020-10-24T05:55:11.081+0000][7][gc,phases    ] GC(117)   Pre Evacuate Collection Set: 0.7ms
[2020-10-24T05:55:11.081+0000][7][gc,phases    ] GC(117)   Merge Heap Roots: 0.1ms
[2020-10-24T05:55:11.082+0000][7][gc,phases    ] GC(117)   Evacuate Collection Set: 1.8ms
[2020-10-24T05:55:11.082+0000][7][gc,phases    ] GC(117)   Post Evacuate Collection Set: 0.7ms
[2020-10-24T05:55:11.082+0000][7][gc,phases    ] GC(117)   Other: 2.3ms
[2020-10-24T05:55:11.082+0000][7][gc,heap      ] GC(117) Eden regions: 50->0(50)
[2020-10-24T05:55:11.082+0000][7][gc,heap      ] GC(117) Survivor regions: 1->2(7)
[2020-10-24T05:55:11.082+0000][7][gc,heap      ] GC(117) Old regions: 117->117
[2020-10-24T05:55:11.082+0000][7][gc,heap      ] GC(117) Archive regions: 2->2
[2020-10-24T05:55:11.083+0000][7][gc,heap      ] GC(117) Humongous regions: 15->15
[2020-10-24T05:55:11.083+0000][7][gc,metaspace ] GC(117) Metaspace: 106779K(115364K)->106779K(115364K) NonClass: 92982K(98008K)->92982K(98008K) Class: 13797K(17356K)->13797K(17356K)
[2020-10-24T05:55:11.083+0000][7][gc           ] GC(117) Pause Young (Concurrent Start) (G1 Evacuation Pause) 182M->133M(256M) 7.187ms
[2020-10-24T05:55:11.083+0000][7][gc,cpu       ] GC(117) User=0.01s Sys=0.00s Real=0.01s
[2020-10-24T05:55:11.083+0000][7][gc           ] GC(118) Concurrent Cycle
[2020-10-24T05:55:11.083+0000][7][safepoint    ] Safepoint "G1CollectForAllocation", Time since last: 541503100 ns, Reaching safepoint: 394900 ns, At safepoint: 7587600 ns, Total: 7982500 ns
[2020-10-24T05:55:11.083+0000][7][gc,marking   ] GC(118) Concurrent Clear Claimed Marks
[2020-10-24T05:55:11.085+0000][7][gc,marking   ] GC(118) Concurrent Clear Claimed Marks 1.077ms
[2020-10-24T05:55:11.085+0000][7][gc,marking   ] GC(118) Concurrent Scan Root Regions
[2020-10-24T05:55:11.086+0000][7][gc,marking   ] GC(118) Concurrent Scan Root Regions 0.964ms
[2020-10-24T05:55:11.086+0000][7][gc,marking   ] GC(118) Concurrent Mark (668.452s)
[2020-10-24T05:55:11.086+0000][7][gc,marking   ] GC(118) Concurrent Mark From Roots
[2020-10-24T05:55:11.086+0000][7][gc,task      ] GC(118) Using 3 workers of 3 for marking
[2020-10-24T05:55:11.094+0000][7][safepoint    ] Safepoint "BulkRevokeBias", Time since last: 8223000 ns, Reaching safepoint: 407300 ns, At safepoint: 2065000 ns, Total: 2472300 ns
[2020-10-24T05:55:11.101+0000][7][safepoint    ] Safepoint "BulkRevokeBias", Time since last: 5812200 ns, Reaching safepoint: 390600 ns, At safepoint: 1110300 ns, Total: 1500900 ns
[2020-10-24T05:55:11.159+0000][7][gc,marking   ] GC(118) Concurrent Mark From Roots 73.228ms
[2020-10-24T05:55:11.160+0000][7][gc,marking   ] GC(118) Concurrent Preclean
[2020-10-24T05:55:11.160+0000][7][gc,marking   ] GC(118) Concurrent Preclean 0.671ms
[2020-10-24T05:55:11.161+0000][7][gc,marking   ] GC(118) Concurrent Mark (668.452s, 668.527s) 74.838ms
[2020-10-24T05:55:11.162+0000][7][gc,start     ] GC(118) Pause Remark
[2020-10-24T05:55:11.174+0000][7][gc           ] GC(118) Pause Remark 138M->138M(256M) 12.021ms
[2020-10-24T05:55:11.174+0000][7][gc,cpu       ] GC(118) User=0.07s Sys=0.00s Real=0.01s
[2020-10-24T05:55:11.174+0000][7][safepoint    ] Safepoint "G1Concurrent", Time since last: 59836400 ns, Reaching safepoint: 410200 ns, At safepoint: 12948900 ns, Total: 13359100 ns
[2020-10-24T05:55:11.175+0000][7][gc,marking   ] GC(118) Concurrent Rebuild Remembered Sets
[2020-10-24T05:55:11.216+0000][7][safepoint    ] Safepoint "ICBufferFull", Time since last: 40471400 ns, Reaching safepoint: 524100 ns, At safepoint: 33800 ns, Total: 557900 ns
[2020-10-24T05:55:11.217+0000][7][gc,marking   ] GC(118) Concurrent Rebuild Remembered Sets 42.214ms
[2020-10-24T05:55:11.218+0000][7][gc,start     ] GC(118) Pause Cleanup
[2020-10-24T05:55:11.218+0000][7][gc           ] GC(118) Pause Cleanup 148M->148M(256M) 0.388ms
[2020-10-24T05:55:11.218+0000][7][gc,cpu       ] GC(118) User=0.00s Sys=0.00s Real=0.00s
[2020-10-24T05:55:11.219+0000][7][safepoint    ] Safepoint "G1Concurrent", Time since last: 1942200 ns, Reaching safepoint: 288900 ns, At safepoint: 841700 ns, Total: 1130600 ns
[2020-10-24T05:55:11.219+0000][7][gc,marking   ] GC(118) Concurrent Cleanup for Next Mark
[2020-10-24T05:55:11.219+0000][7][gc,marking   ] GC(118) Concurrent Cleanup for Next Mark 0.642ms
[2020-10-24T05:55:11.220+0000][7][gc           ] GC(118) Concurrent Cycle 136.397ms
[2020-10-24T05:55:12.219+0000][7][safepoint    ] Safepoint "Cleanup", Time since last: 1000431800 ns, Reaching safepoint: 263600 ns, At safepoint: 10300 ns, Total: 273900 ns
[2020-10-24T05:55:13.220+0000][7][safepoint    ] Safepoint "Cleanup", Time since last: 1000525900 ns, Reaching safepoint: 187200 ns, At safepoint: 22300 ns, Total: 209500 ns
[2020-10-24T05:55:13.695+0000][7][safepoint    ] Safepoint "ICBufferFull", Time since last: 475029300 ns, Reaching safepoint: 341200 ns, At safepoint: 29400 ns, Total: 370600 ns
[2020-10-24T05:55:14.697+0000][7][safepoint    ] Safepoint "Cleanup", Time since last: 1000589200 ns, Reaching safepoint: 833400 ns, At safepoint: 57400 ns, Total: 890800 ns
[2020-10-24T05:55:15.698+0000][7][safepoint    ] Safepoint "Cleanup", Time since last: 1000866300 ns, Reaching safepoint: 271200 ns, At safepoint: 9200 ns, Total: 280400 ns
[2020-10-24T05:55:16.696+0000][7][safepoint    ] Safepoint "BulkRevokeBias", Time since last: 996726900 ns, Reaching safepoint: 300500 ns, At safepoint: 958300 ns, Total: 1258800 ns
[2020-10-24T05:55:18.335+0000][7][safepoint    ] Safepoint "Cleanup", Time since last: 1637319900 ns, Reaching safepoint: 1246300 ns, At safepoint: 51700 ns, Total: 1298000 ns
[2020-10-24T05:55:19.337+0000][7][safepoint    ] Safepoint "Cleanup", Time since last: 1001332500 ns, Reaching safepoint: 882000 ns, At safepoint: 131100 ns, Total: 1013100 ns
[2020-10-24T05:55:20.011+0000][7][gc,start     ] GC(119) Pause Young (Normal) (G1 Evacuation Pause)
[2020-10-24T05:55:20.011+0000][7][gc,task      ] GC(119) Using 6 workers of 10 for evacuation
[2020-10-24T05:55:20.011+0000][7][gc,age       ] GC(119) Desired survivor size 3670016 bytes, new threshold 15 (max threshold 15)
[2020-10-24T05:55:20.015+0000][7][gc,age       ] GC(119) Age table with threshold 15 (max threshold 15)
[2020-10-24T05:55:20.015+0000][7][gc,age       ] GC(119) - age   1:    1499728 bytes,    1499728 total
[2020-10-24T05:55:20.015+0000][7][gc,age       ] GC(119) - age   2:     267240 bytes,    1766968 total
[2020-10-24T05:55:20.015+0000][7][gc,age       ] GC(119) - age   3:     477360 bytes,    2244328 total
[2020-10-24T05:55:20.016+0000][7][gc,age       ] GC(119) - age   4:       6872 bytes,    2251200 total
[2020-10-24T05:55:20.016+0000][7][gc,phases    ] GC(119)   Pre Evacuate Collection Set: 0.1ms
[2020-10-24T05:55:20.016+0000][7][gc,phases    ] GC(119)   Merge Heap Roots: 0.1ms
[2020-10-24T05:55:20.016+0000][7][gc,phases    ] GC(119)   Evacuate Collection Set: 2.0ms
[2020-10-24T05:55:20.017+0000][7][gc,phases    ] GC(119)   Post Evacuate Collection Set: 0.8ms
[2020-10-24T05:55:20.017+0000][7][gc,phases    ] GC(119)   Other: 2.3ms
[2020-10-24T05:55:20.017+0000][7][gc,heap      ] GC(119) Eden regions: 50->0(49)
[2020-10-24T05:55:20.017+0000][7][gc,heap      ] GC(119) Survivor regions: 2->3(7)
[2020-10-24T05:55:20.017+0000][7][gc,heap      ] GC(119) Old regions: 117->117
[2020-10-24T05:55:20.017+0000][7][gc,heap      ] GC(119) Archive regions: 2->2
[2020-10-24T05:55:20.018+0000][7][gc,heap      ] GC(119) Humongous regions: 15->15
[2020-10-24T05:55:20.018+0000][7][gc,metaspace ] GC(119) Metaspace: 106972K(115620K)->106972K(115620K) NonClass: 93123K(98264K)->93123K(98264K) Class: 13849K(17356K)->13849K(17356K)
[2020-10-24T05:55:20.018+0000][7][gc           ] GC(119) Pause Young (Normal) (G1 Evacuation Pause) 183M->134M(256M) 7.373ms
[2020-10-24T05:55:20.018+0000][7][gc,cpu       ] GC(119) User=0.01s Sys=0.00s Real=0.01s
[2020-10-24T05:55:20.018+0000][7][safepoint    ] Safepoint "G1CollectForAllocation", Time since last: 673285500 ns, Reaching safepoint: 232200 ns, At safepoint: 7771400 ns, Total: 8003600 ns
[2020-10-24T05:55:21.019+0000][7][safepoint    ] Safepoint "Cleanup", Time since last: 1000312400 ns, Reaching safepoint: 270800 ns, At safepoint: 40700 ns, Total: 311500 ns
[2020-10-24T05:55:22.020+0000][7][safepoint    ] Safepoint "Cleanup", Time since last: 1000511100 ns, Reaching safepoint: 264100 ns, At safepoint: 9800 ns, Total: 273900 ns
[2020-10-24T05:55:22.486+0000][7][safepoint    ] Safepoint "BulkRevokeBias", Time since last: 464999800 ns, Reaching safepoint: 352500 ns, At safepoint: 942000 ns, Total: 1294500 ns
[2020-10-24T05:55:22.533+0000][7][safepoint    ] Safepoint "BulkRevokeBias", Time since last: 45097000 ns, Reaching safepoint: 293500 ns, At safepoint: 1215200 ns, Total: 1508700 ns
[2020-10-24T05:55:22.535+0000][7][safepoint    ] Safepoint "BulkRevokeBias", Time since last: 733700 ns, Reaching safepoint: 383000 ns, At safepoint: 825400 ns, Total: 1208400 ns
[2020-10-24T05:55:22.553+0000][7][gc,start     ] GC(120) Pause Young (Concurrent Start) (G1 Evacuation Pause)
[2020-10-24T05:55:22.553+0000][7][gc,task      ] GC(120) Using 6 workers of 10 for evacuation
[2020-10-24T05:55:22.554+0000][7][gc,age       ] GC(120) Desired survivor size 3670016 bytes, new threshold 15 (max threshold 15)
[2020-10-24T05:55:22.558+0000][7][gc,age       ] GC(120) Age table with threshold 15 (max threshold 15)
[2020-10-24T05:55:22.558+0000][7][gc,age       ] GC(120) - age   1:    1777528 bytes,    1777528 total
[2020-10-24T05:55:22.558+0000][7][gc,age       ] GC(120) - age   2:    1412352 bytes,    3189880 total
[2020-10-24T05:55:22.559+0000][7][gc,age       ] GC(120) - age   3:     260408 bytes,    3450288 total
[2020-10-24T05:55:22.559+0000][7][gc,age       ] GC(120) - age   4:     476192 bytes,    3926480 total
[2020-10-24T05:55:22.559+0000][7][gc,age       ] GC(120) - age   5:       6800 bytes,    3933280 total
[2020-10-24T05:55:22.559+0000][7][gc,phases    ] GC(120)   Pre Evacuate Collection Set: 0.6ms
[2020-10-24T05:55:22.560+0000][7][gc,phases    ] GC(120)   Merge Heap Roots: 0.2ms
[2020-10-24T05:55:22.560+0000][7][gc,phases    ] GC(120)   Evacuate Collection Set: 2.1ms
[2020-10-24T05:55:22.560+0000][7][gc,phases    ] GC(120)   Post Evacuate Collection Set: 0.9ms
[2020-10-24T05:55:22.560+0000][7][gc,phases    ] GC(120)   Other: 2.5ms
[2020-10-24T05:55:22.560+0000][7][gc,heap      ] GC(120) Eden regions: 49->0(48)
[2020-10-24T05:55:22.561+0000][7][gc,heap      ] GC(120) Survivor regions: 3->4(7)
[2020-10-24T05:55:22.561+0000][7][gc,heap      ] GC(120) Old regions: 117->117
[2020-10-24T05:55:22.561+0000][7][gc,heap      ] GC(120) Archive regions: 2->2
[2020-10-24T05:55:22.561+0000][7][gc,heap      ] GC(120) Humongous regions: 15->15
[2020-10-24T05:55:22.561+0000][7][gc,metaspace ] GC(120) Metaspace: 107005K(115620K)->107005K(115620K) NonClass: 93155K(98264K)->93155K(98264K) Class: 13849K(17356K)->13849K(17356K)
[2020-10-24T05:55:22.561+0000][7][gc           ] GC(120) Pause Young (Concurrent Start) (G1 Evacuation Pause) 183M->136M(256M) 8.153ms
[2020-10-24T05:55:22.562+0000][7][gc,cpu       ] GC(120) User=0.01s Sys=0.01s Real=0.01s
[2020-10-24T05:55:22.562+0000][7][gc           ] GC(121) Concurrent Cycle
[2020-10-24T05:55:22.562+0000][7][safepoint    ] Safepoint "G1CollectForAllocation", Time since last: 18342400 ns, Reaching safepoint: 295000 ns, At safepoint: 8612100 ns, Total: 8907100 ns
[2020-10-24T05:55:22.562+0000][7][gc,marking   ] GC(121) Concurrent Clear Claimed Marks
[2020-10-24T05:55:22.563+0000][7][gc,marking   ] GC(121) Concurrent Clear Claimed Marks 0.833ms
[2020-10-24T05:55:22.563+0000][7][gc,marking   ] GC(121) Concurrent Scan Root Regions
[2020-10-24T05:55:22.564+0000][7][gc,marking   ] GC(121) Concurrent Scan Root Regions 1.206ms
[2020-10-24T05:55:22.564+0000][7][gc,marking   ] GC(121) Concurrent Mark (679.931s)
[2020-10-24T05:55:22.565+0000][7][gc,marking   ] GC(121) Concurrent Mark From Roots
[2020-10-24T05:55:22.565+0000][7][gc,task      ] GC(121) Using 3 workers of 3 for marking
[2020-10-24T05:55:22.623+0000][7][gc,marking   ] GC(121) Concurrent Mark From Roots 58.600ms
[2020-10-24T05:55:22.624+0000][7][gc,marking   ] GC(121) Concurrent Preclean
[2020-10-24T05:55:22.624+0000][7][gc,marking   ] GC(121) Concurrent Preclean 0.726ms
[2020-10-24T05:55:22.625+0000][7][gc,marking   ] GC(121) Concurrent Mark (679.931s, 679.991s) 60.156ms
[2020-10-24T05:55:22.625+0000][7][gc,start     ] GC(121) Pause Remark
[2020-10-24T05:55:22.631+0000][7][gc           ] GC(121) Pause Remark 142M->142M(256M) 6.017ms
[2020-10-24T05:55:22.632+0000][7][gc,cpu       ] GC(121) User=0.03s Sys=0.00s Real=0.01s
[2020-10-24T05:55:22.632+0000][7][safepoint    ] Safepoint "G1Concurrent", Time since last: 63127400 ns, Reaching safepoint: 194800 ns, At safepoint: 6712500 ns, Total: 6907300 ns
[2020-10-24T05:55:22.632+0000][7][gc,marking   ] GC(121) Concurrent Rebuild Remembered Sets
[2020-10-24T05:55:22.669+0000][7][gc,marking   ] GC(121) Concurrent Rebuild Remembered Sets 37.319ms
[2020-10-24T05:55:22.670+0000][7][gc,start     ] GC(121) Pause Cleanup
[2020-10-24T05:55:22.671+0000][7][gc           ] GC(121) Pause Cleanup 142M->142M(256M) 0.501ms
[2020-10-24T05:55:22.671+0000][7][gc,cpu       ] GC(121) User=0.00s Sys=0.00s Real=0.00s
[2020-10-24T05:55:22.671+0000][7][safepoint    ] Safepoint "G1Concurrent", Time since last: 38089200 ns, Reaching safepoint: 196300 ns, At safepoint: 1170300 ns, Total: 1366600 ns
[2020-10-24T05:55:22.672+0000][7][gc,marking   ] GC(121) Concurrent Cleanup for Next Mark
[2020-10-24T05:55:22.672+0000][7][gc,marking   ] GC(121) Concurrent Cleanup for Next Mark 0.688ms
[2020-10-24T05:55:22.673+0000][7][gc           ] GC(121) Concurrent Cycle 110.798ms
[2020-10-24T05:55:23.672+0000][7][safepoint    ] Safepoint "Cleanup", Time since last: 1000392500 ns, Reaching safepoint: 247600 ns, At safepoint: 9400 ns, Total: 257000 ns
[2020-10-24T05:55:24.674+0000][7][safepoint    ] Safepoint "Cleanup", Time since last: 1000642300 ns, Reaching safepoint: 917400 ns, At safepoint: 50500 ns, Total: 967900 ns
[2020-10-24T05:55:25.675+0000][7][safepoint    ] Safepoint "Cleanup", Time since last: 1001133600 ns, Reaching safepoint: 241800 ns, At safepoint: 9600 ns, Total: 251400 ns
[2020-10-24T05:55:26.676+0000][7][safepoint    ] Safepoint "Cleanup", Time since last: 1000556600 ns, Reaching safepoint: 226600 ns, At safepoint: 22500 ns, Total: 249100 ns
[2020-10-24T05:55:27.677+0000][7][safepoint    ] Safepoint "Cleanup", Time since last: 1000489200 ns, Reaching safepoint: 290000 ns, At safepoint: 13700 ns, Total: 303700 ns
[2020-10-24T05:55:28.677+0000][7][safepoint    ] Safepoint "Cleanup", Time since last: 1000626200 ns, Reaching safepoint: 337700 ns, At safepoint: 9800 ns, Total: 347500 ns
[2020-10-24T05:55:29.678+0000][7][safepoint    ] Safepoint "Cleanup", Time since last: 1000607400 ns, Reaching safepoint: 212000 ns, At safepoint: 10500 ns, Total: 222500 ns
[2020-10-24T05:55:30.680+0000][7][safepoint    ] Safepoint "Cleanup", Time since last: 1000656000 ns, Reaching safepoint: 853600 ns, At safepoint: 51300 ns, Total: 904900 ns
[2020-10-24T05:55:31.681+0000][7][safepoint    ] Safepoint "Cleanup", Time since last: 1001176500 ns, Reaching safepoint: 270600 ns, At safepoint: 37500 ns, Total: 308100 ns
[2020-10-24T05:55:32.682+0000][7][safepoint    ] Safepoint "Cleanup", Time since last: 1000629000 ns, Reaching safepoint: 244000 ns, At safepoint: 13000 ns, Total: 257000 ns
[2020-10-24T05:55:33.683+0000][7][safepoint    ] Safepoint "Cleanup", Time since last: 1000561400 ns, Reaching safepoint: 257500 ns, At safepoint: 10300 ns, Total: 267800 ns
[2020-10-24T05:55:34.684+0000][7][safepoint    ] Safepoint "Cleanup", Time since last: 1000400100 ns, Reaching safepoint: 239000 ns, At safepoint: 10500 ns, Total: 249500 ns
[2020-10-24T05:55:35.684+0000][7][safepoint    ] Safepoint "Cleanup", Time since last: 1000428000 ns, Reaching safepoint: 229300 ns, At safepoint: 23300 ns, Total: 252600 ns
[2020-10-24T05:55:36.685+0000][7][safepoint    ] Safepoint "Cleanup", Time since last: 1000405100 ns, Reaching safepoint: 288700 ns, At safepoint: 9800 ns, Total: 298500 ns
[2020-10-24T05:55:37.686+0000][7][safepoint    ] Safepoint "Cleanup", Time since last: 1000575600 ns, Reaching safepoint: 670900 ns, At safepoint: 39300 ns, Total: 710200 ns
[2020-10-24T05:55:38.688+0000][7][safepoint    ] Safepoint "Cleanup", Time since last: 1001053000 ns, Reaching safepoint: 594400 ns, At safepoint: 32400 ns, Total: 626800 ns
[2020-10-24T05:55:39.690+0000][7][safepoint    ] Safepoint "Cleanup", Time since last: 1000952000 ns, Reaching safepoint: 550000 ns, At safepoint: 30600 ns, Total: 580600 ns
[2020-10-24T05:55:40.692+0000][7][safepoint    ] Safepoint "Cleanup", Time since last: 1001061900 ns, Reaching safepoint: 767000 ns, At safepoint: 50900 ns, Total: 817900 ns
[2020-10-24T05:55:41.693+0000][7][safepoint    ] Safepoint "Cleanup", Time since last: 1001116900 ns, Reaching safepoint: 295600 ns, At safepoint: 10100 ns, Total: 305700 ns
[2020-10-24T05:55:42.694+0000][7][safepoint    ] Safepoint "Cleanup", Time since last: 1000610200 ns, Reaching safepoint: 801500 ns, At safepoint: 50700 ns, Total: 852200 ns
[2020-10-24T05:55:43.696+0000][7][safepoint    ] Safepoint "Cleanup", Time since last: 1001027200 ns, Reaching safepoint: 254700 ns, At safepoint: 9600 ns, Total: 264300 ns
[2020-10-24T05:55:44.696+0000][7][safepoint    ] Safepoint "Cleanup", Time since last: 1000498600 ns, Reaching safepoint: 215100 ns, At safepoint: 11600 ns, Total: 226700 ns
[2020-10-24T05:55:45.698+0000][7][safepoint    ] Safepoint "Cleanup", Time since last: 1000649300 ns, Reaching safepoint: 687300 ns, At safepoint: 36700 ns, Total: 724000 ns
[2020-10-24T05:55:46.699+0000][7][safepoint    ] Safepoint "Cleanup", Time since last: 1001148900 ns, Reaching safepoint: 235400 ns, At safepoint: 37500 ns, Total: 272900 ns
[2020-10-24T05:55:47.700+0000][7][safepoint    ] Safepoint "Cleanup", Time since last: 1000359900 ns, Reaching safepoint: 230300 ns, At safepoint: 11200 ns, Total: 241500 ns
[2020-10-24T05:55:48.700+0000][7][safepoint    ] Safepoint "Cleanup", Time since last: 1000342300 ns, Reaching safepoint: 241100 ns, At safepoint: 23800 ns, Total: 264900 ns
[2020-10-24T05:55:49.701+0000][7][safepoint    ] Safepoint "Cleanup", Time since last: 1000450600 ns, Reaching safepoint: 203100 ns, At safepoint: 36100 ns, Total: 239200 ns
[2020-10-24T05:55:49.704+0000][7][gc,start     ] GC(122) Pause Young (Normal) (G1 Evacuation Pause)
[2020-10-24T05:55:49.704+0000][7][gc,task      ] GC(122) Using 6 workers of 10 for evacuation
[2020-10-24T05:55:49.704+0000][7][gc,age       ] GC(122) Desired survivor size 3670016 bytes, new threshold 4 (max threshold 15)
[2020-10-24T05:55:49.707+0000][7][gc,age       ] GC(122) Age table with threshold 4 (max threshold 15)
[2020-10-24T05:55:49.708+0000][7][gc,age       ] GC(122) - age   1:     717912 bytes,     717912 total
[2020-10-24T05:55:49.708+0000][7][gc,age       ] GC(122) - age   2:     618968 bytes,    1336880 total
[2020-10-24T05:55:49.708+0000][7][gc,age       ] GC(122) - age   3:    1395344 bytes,    2732224 total
[2020-10-24T05:55:49.708+0000][7][gc,age       ] GC(122) - age   4:     225056 bytes,    2957280 total
[2020-10-24T05:55:49.708+0000][7][gc,phases    ] GC(122)   Pre Evacuate Collection Set: 0.1ms
[2020-10-24T05:55:49.709+0000][7][gc,phases    ] GC(122)   Merge Heap Roots: 0.1ms
[2020-10-24T05:55:49.709+0000][7][gc,phases    ] GC(122)   Evacuate Collection Set: 2.0ms
[2020-10-24T05:55:49.709+0000][7][gc,phases    ] GC(122)   Post Evacuate Collection Set: 0.8ms
[2020-10-24T05:55:49.709+0000][7][gc,phases    ] GC(122)   Other: 1.8ms
[2020-10-24T05:55:49.709+0000][7][gc,heap      ] GC(122) Eden regions: 48->0(48)
[2020-10-24T05:55:49.709+0000][7][gc,heap      ] GC(122) Survivor regions: 4->4(7)
[2020-10-24T05:55:49.710+0000][7][gc,heap      ] GC(122) Old regions: 117->117
[2020-10-24T05:55:49.710+0000][7][gc,heap      ] GC(122) Archive regions: 2->2
[2020-10-24T05:55:49.710+0000][7][gc,heap      ] GC(122) Humongous regions: 15->15
[2020-10-24T05:55:49.710+0000][7][gc,metaspace ] GC(122) Metaspace: 107034K(115620K)->107034K(115620K) NonClass: 93185K(98264K)->93185K(98264K) Class: 13849K(17356K)->13849K(17356K)
[2020-10-24T05:55:49.710+0000][7][gc           ] GC(122) Pause Young (Normal) (G1 Evacuation Pause) 184M->135M(256M) 6.779ms
[2020-10-24T05:55:49.710+0000][7][gc,cpu       ] GC(122) User=0.00s Sys=0.01s Real=0.01s
[2020-10-24T05:55:49.711+0000][7][safepoint    ] Safepoint "G1CollectForAllocation", Time since last: 2203700 ns, Reaching safepoint: 212600 ns, At safepoint: 7124100 ns, Total: 7336700 ns
[2020-10-24T05:55:50.711+0000][7][safepoint    ] Safepoint "Cleanup", Time since last: 1000316900 ns, Reaching safepoint: 281000 ns, At safepoint: 57300 ns, Total: 338300 ns
[2020-10-24T05:55:51.712+0000][7][safepoint    ] Safepoint "Cleanup", Time since last: 1000462700 ns, Reaching safepoint: 530800 ns, At safepoint: 80100 ns, Total: 610900 ns
[2020-10-24T05:55:53.638+0000][7][safepoint    ] Safepoint "Cleanup", Time since last: 1925224200 ns, Reaching safepoint: 232300 ns, At safepoint: 35300 ns, Total: 267600 ns
[2020-10-24T05:55:54.640+0000][7][safepoint    ] Safepoint "Cleanup", Time since last: 1001468400 ns, Reaching safepoint: 252500 ns, At safepoint: 12600 ns, Total: 265100 ns
[2020-10-24T05:55:55.640+0000][7][safepoint    ] Safepoint "Cleanup", Time since last: 1000526800 ns, Reaching safepoint: 260700 ns, At safepoint: 11000 ns, Total: 271700 ns
[2020-10-24T05:55:56.641+0000][7][safepoint    ] Safepoint "Cleanup", Time since last: 1000461800 ns, Reaching safepoint: 269700 ns, At safepoint: 14100 ns, Total: 283800 ns
[2020-10-24T05:55:57.642+0000][7][safepoint    ] Safepoint "Cleanup", Time since last: 1000432000 ns, Reaching safepoint: 217200 ns, At safepoint: 23400 ns, Total: 240600 ns
[2020-10-24T05:55:58.643+0000][7][safepoint    ] Safepoint "Cleanup", Time since last: 1000494500 ns, Reaching safepoint: 264600 ns, At safepoint: 12100 ns, Total: 276700 ns
[2020-10-24T05:55:59.643+0000][7][safepoint    ] Safepoint "Cleanup", Time since last: 1000494400 ns, Reaching safepoint: 252200 ns, At safepoint: 13200 ns, Total: 265400 ns
[2020-10-24T05:56:00.644+0000][7][safepoint    ] Safepoint "Cleanup", Time since last: 1000508400 ns, Reaching safepoint: 269100 ns, At safepoint: 9800 ns, Total: 278900 ns
[2020-10-24T05:56:01.646+0000][7][safepoint    ] Safepoint "Cleanup", Time since last: 1000674500 ns, Reaching safepoint: 897100 ns, At safepoint: 49000 ns, Total: 946100 ns
[2020-10-24T05:56:02.647+0000][7][safepoint    ] Safepoint "Cleanup", Time since last: 1001171400 ns, Reaching safepoint: 274000 ns, At safepoint: 9800 ns, Total: 283800 ns
[2020-10-24T05:56:03.648+0000][7][safepoint    ] Safepoint "Cleanup", Time since last: 1000484100 ns, Reaching safepoint: 303900 ns, At safepoint: 15400 ns, Total: 319300 ns
[2020-10-24T05:56:04.649+0000][7][safepoint    ] Safepoint "Cleanup", Time since last: 1000653800 ns, Reaching safepoint: 224800 ns, At safepoint: 25500 ns, Total: 250300 ns
[2020-10-24T05:56:05.650+0000][7][safepoint    ] Safepoint "Cleanup", Time since last: 1000642600 ns, Reaching safepoint: 766600 ns, At safepoint: 109600 ns, Total: 876200 ns
[2020-10-24T05:56:06.652+0000][7][safepoint    ] Safepoint "Cleanup", Time since last: 1001226500 ns, Reaching safepoint: 311400 ns, At safepoint: 16200 ns, Total: 327600 ns
[2020-10-24T05:56:07.654+0000][7][safepoint    ] Safepoint "Cleanup", Time since last: 1000741700 ns, Reaching safepoint: 926700 ns, At safepoint: 49800 ns, Total: 976500 ns
[2020-10-24T05:56:08.656+0000][7][safepoint    ] Safepoint "Cleanup", Time since last: 1001253300 ns, Reaching safepoint: 799700 ns, At safepoint: 48900 ns, Total: 848600 ns
[2020-10-24T05:56:09.658+0000][7][safepoint    ] Safepoint "Cleanup", Time since last: 1001196100 ns, Reaching safepoint: 856300 ns, At safepoint: 49800 ns, Total: 906100 ns
[2020-10-24T05:56:10.660+0000][7][safepoint    ] Safepoint "Cleanup", Time since last: 1001161100 ns, Reaching safepoint: 875100 ns, At safepoint: 50500 ns, Total: 925600 ns
[2020-10-24T05:56:11.662+0000][7][safepoint    ] Safepoint "Cleanup", Time since last: 1001256400 ns, Reaching safepoint: 845200 ns, At safepoint: 48300 ns, Total: 893500 ns
[2020-10-24T05:56:12.664+0000][7][safepoint    ] Safepoint "Cleanup", Time since last: 1001220300 ns, Reaching safepoint: 226000 ns, At safepoint: 9600 ns, Total: 235600 ns
[2020-10-24T05:56:13.206+0000][7][safepoint    ] Safepoint "ICBufferFull", Time since last: 541757600 ns, Reaching safepoint: 389600 ns, At safepoint: 10900 ns, Total: 400500 ns
[2020-10-24T05:56:13.374+0000][7][safepoint    ] Safepoint "ICBufferFull", Time since last: 168219800 ns, Reaching safepoint: 466000 ns, At safepoint: 46300 ns, Total: 512300 ns
[2020-10-24T05:56:13.461+0000][7][gc,start     ] GC(123) Pause Young (Concurrent Start) (G1 Evacuation Pause)
[2020-10-24T05:56:13.461+0000][7][gc,task      ] GC(123) Using 6 workers of 10 for evacuation
[2020-10-24T05:56:13.461+0000][7][gc,age       ] GC(123) Desired survivor size 3670016 bytes, new threshold 15 (max threshold 15)
[2020-10-24T05:56:13.466+0000][7][gc,age       ] GC(123) Age table with threshold 15 (max threshold 15)
[2020-10-24T05:56:13.466+0000][7][gc,age       ] GC(123) - age   1:    3129664 bytes,    3129664 total
[2020-10-24T05:56:13.467+0000][7][gc,age       ] GC(123) - age   2:     434320 bytes,    3563984 total
[2020-10-24T05:56:13.467+0000][7][gc,age       ] GC(123) - age   3:     611856 bytes,    4175840 total
[2020-10-24T05:56:13.467+0000][7][gc,age       ] GC(123) - age   4:    1386336 bytes,    5562176 total
[2020-10-24T05:56:13.467+0000][7][gc,age       ] GC(123) - age   5:     169808 bytes,    5731984 total
[2020-10-24T05:56:13.468+0000][7][gc,phases    ] GC(123)   Pre Evacuate Collection Set: 0.6ms
[2020-10-24T05:56:13.468+0000][7][gc,phases    ] GC(123)   Merge Heap Roots: 0.2ms
[2020-10-24T05:56:13.468+0000][7][gc,phases    ] GC(123)   Evacuate Collection Set: 2.5ms
[2020-10-24T05:56:13.468+0000][7][gc,phases    ] GC(123)   Post Evacuate Collection Set: 0.9ms
[2020-10-24T05:56:13.468+0000][7][gc,phases    ] GC(123)   Other: 2.8ms
[2020-10-24T05:56:13.468+0000][7][gc,heap      ] GC(123) Eden regions: 48->0(45)
[2020-10-24T05:56:13.469+0000][7][gc,heap      ] GC(123) Survivor regions: 4->6(7)
[2020-10-24T05:56:13.469+0000][7][gc,heap      ] GC(123) Old regions: 117->117
[2020-10-24T05:56:13.469+0000][7][gc,heap      ] GC(123) Archive regions: 2->2
[2020-10-24T05:56:13.469+0000][7][gc,heap      ] GC(123) Humongous regions: 15->15
[2020-10-24T05:56:13.469+0000][7][gc,metaspace ] GC(123) Metaspace: 107102K(115620K)->107102K(115620K) NonClass: 93252K(98264K)->93252K(98264K) Class: 13849K(17356K)->13849K(17356K)
[2020-10-24T05:56:13.469+0000][7][gc           ] GC(123) Pause Young (Concurrent Start) (G1 Evacuation Pause) 183M->138M(256M) 8.823ms
[2020-10-24T05:56:13.470+0000][7][gc,cpu       ] GC(123) User=0.01s Sys=0.00s Real=0.01s
[2020-10-24T05:56:13.470+0000][7][gc           ] GC(124) Concurrent Cycle
[2020-10-24T05:56:13.470+0000][7][safepoint    ] Safepoint "G1CollectForAllocation", Time since last: 85777600 ns, Reaching safepoint: 280900 ns, At safepoint: 9239600 ns, Total: 9520500 ns
[2020-10-24T05:56:13.470+0000][7][gc,marking   ] GC(124) Concurrent Clear Claimed Marks
[2020-10-24T05:56:13.471+0000][7][gc,marking   ] GC(124) Concurrent Clear Claimed Marks 0.842ms
[2020-10-24T05:56:13.471+0000][7][gc,marking   ] GC(124) Concurrent Scan Root Regions
[2020-10-24T05:56:13.472+0000][7][gc,marking   ] GC(124) Concurrent Scan Root Regions 1.163ms
[2020-10-24T05:56:13.472+0000][7][gc,marking   ] GC(124) Concurrent Mark (730.839s)
[2020-10-24T05:56:13.472+0000][7][gc,marking   ] GC(124) Concurrent Mark From Roots
[2020-10-24T05:56:13.472+0000][7][gc,task      ] GC(124) Using 3 workers of 3 for marking
[2020-10-24T05:56:13.531+0000][7][gc,marking   ] GC(124) Concurrent Mark From Roots 58.653ms
[2020-10-24T05:56:13.531+0000][7][gc,marking   ] GC(124) Concurrent Preclean
[2020-10-24T05:56:13.532+0000][7][gc,marking   ] GC(124) Concurrent Preclean 0.645ms
[2020-10-24T05:56:13.532+0000][7][gc,marking   ] GC(124) Concurrent Mark (730.839s, 730.899s) 60.006ms
[2020-10-24T05:56:13.533+0000][7][gc,start     ] GC(124) Pause Remark
[2020-10-24T05:56:13.539+0000][7][gc           ] GC(124) Pause Remark 140M->140M(256M) 5.739ms
[2020-10-24T05:56:13.539+0000][7][gc,cpu       ] GC(124) User=0.02s Sys=0.00s Real=0.01s
[2020-10-24T05:56:13.539+0000][7][safepoint    ] Safepoint "G1Concurrent", Time since last: 62778100 ns, Reaching safepoint: 190600 ns, At safepoint: 6296200 ns, Total: 6486800 ns
[2020-10-24T05:56:13.539+0000][7][gc,marking   ] GC(124) Concurrent Rebuild Remembered Sets
[2020-10-24T05:56:13.573+0000][7][gc,marking   ] GC(124) Concurrent Rebuild Remembered Sets 33.333ms
[2020-10-24T05:56:13.573+0000][7][gc,start     ] GC(124) Pause Cleanup
[2020-10-24T05:56:13.574+0000][7][gc           ] GC(124) Pause Cleanup 140M->140M(256M) 0.500ms
[2020-10-24T05:56:13.574+0000][7][gc,cpu       ] GC(124) User=0.00s Sys=0.00s Real=0.00s
[2020-10-24T05:56:13.574+0000][7][safepoint    ] Safepoint "G1Concurrent", Time since last: 34077600 ns, Reaching safepoint: 213000 ns, At safepoint: 1029400 ns, Total: 1242400 ns
[2020-10-24T05:56:13.575+0000][7][gc,marking   ] GC(124) Concurrent Cleanup for Next Mark
[2020-10-24T05:56:13.575+0000][7][gc,marking   ] GC(124) Concurrent Cleanup for Next Mark 0.526ms
[2020-10-24T05:56:13.575+0000][7][gc           ] GC(124) Concurrent Cycle 105.649ms
[2020-10-24T05:56:15.274+0000][7][safepoint    ] Safepoint "Cleanup", Time since last: 1698178000 ns, Reaching safepoint: 821800 ns, At safepoint: 249600 ns, Total: 1071400 ns
[2020-10-24T05:56:16.859+0000][7][safepoint    ] Safepoint "Cleanup", Time since last: 1584838700 ns, Reaching safepoint: 811700 ns, At safepoint: 49600 ns, Total: 861300 ns
[2020-10-24T05:56:17.861+0000][7][safepoint    ] Safepoint "Cleanup", Time since last: 1001110400 ns, Reaching safepoint: 219900 ns, At safepoint: 11200 ns, Total: 231100 ns
[2020-10-24T05:56:18.862+0000][7][safepoint    ] Safepoint "Cleanup", Time since last: 1000556300 ns, Reaching safepoint: 801700 ns, At safepoint: 99300 ns, Total: 901000 ns
[2020-10-24T05:56:19.725+0000][7][gc,start     ] GC(125) Pause Young (Normal) (G1 Evacuation Pause)
[2020-10-24T05:56:19.725+0000][7][gc,task      ] GC(125) Using 6 workers of 10 for evacuation
[2020-10-24T05:56:19.725+0000][7][gc,age       ] GC(125) Desired survivor size 3670016 bytes, new threshold 3 (max threshold 15)
[2020-10-24T05:56:19.729+0000][7][gc,age       ] GC(125) Age table with threshold 3 (max threshold 15)
[2020-10-24T05:56:19.729+0000][7][gc,age       ] GC(125) - age   1:     580096 bytes,     580096 total
[2020-10-24T05:56:19.729+0000][7][gc,age       ] GC(125) - age   2:     512848 bytes,    1092944 total
[2020-10-24T05:56:19.730+0000][7][gc,age       ] GC(125) - age   3:     415112 bytes,    1508056 total
[2020-10-24T05:56:19.730+0000][7][gc,phases    ] GC(125)   Pre Evacuate Collection Set: 0.1ms
[2020-10-24T05:56:19.730+0000][7][gc,phases    ] GC(125)   Merge Heap Roots: 0.1ms
[2020-10-24T05:56:19.730+0000][7][gc,phases    ] GC(125)   Evacuate Collection Set: 2.1ms
[2020-10-24T05:56:19.731+0000][7][gc,phases    ] GC(125)   Post Evacuate Collection Set: 0.8ms
[2020-10-24T05:56:19.731+0000][7][gc,phases    ] GC(125)   Other: 2.2ms
[2020-10-24T05:56:19.731+0000][7][gc,heap      ] GC(125) Eden regions: 45->0(48)
[2020-10-24T05:56:19.731+0000][7][gc,heap      ] GC(125) Survivor regions: 6->2(7)
[2020-10-24T05:56:19.732+0000][7][gc,heap      ] GC(125) Old regions: 117->119
[2020-10-24T05:56:19.732+0000][7][gc,heap      ] GC(125) Archive regions: 2->2
[2020-10-24T05:56:19.732+0000][7][gc,heap      ] GC(125) Humongous regions: 15->15
[2020-10-24T05:56:19.732+0000][7][gc,metaspace ] GC(125) Metaspace: 107127K(115620K)->107127K(115620K) NonClass: 93277K(98264K)->93277K(98264K) Class: 13849K(17356K)->13849K(17356K)
[2020-10-24T05:56:19.733+0000][7][gc           ] GC(125) Pause Young (Normal) (G1 Evacuation Pause) 183M->136M(256M) 8.060ms
[2020-10-24T05:56:19.733+0000][7][gc,cpu       ] GC(125) User=0.01s Sys=0.00s Real=0.01s
[2020-10-24T05:56:19.733+0000][7][safepoint    ] Safepoint "G1CollectForAllocation", Time since last: 862165400 ns, Reaching safepoint: 251000 ns, At safepoint: 8550000 ns, Total: 8801000 ns
[2020-10-24T05:56:21.372+0000][7][safepoint    ] Safepoint "Cleanup", Time since last: 1638535200 ns, Reaching safepoint: 288600 ns, At safepoint: 9800 ns, Total: 298400 ns
[2020-10-24T05:56:22.373+0000][7][safepoint    ] Safepoint "Cleanup", Time since last: 1000579700 ns, Reaching safepoint: 832000 ns, At safepoint: 52000 ns, Total: 884000 ns
[2020-10-24T05:56:22.517+0000][7][safepoint    ] Safepoint "BulkRevokeBias", Time since last: 135872900 ns, Reaching safepoint: 1161600 ns, At safepoint: 6661200 ns, Total: 7822800 ns
[2020-10-24T05:56:22.617+0000][7][safepoint    ] Safepoint "BulkRevokeBias", Time since last: 98099400 ns, Reaching safepoint: 241200 ns, At safepoint: 1141100 ns, Total: 1382300 ns
[2020-10-24T05:56:22.618+0000][7][safepoint    ] Safepoint "BulkRevokeBias", Time since last: 653800 ns, Reaching safepoint: 310200 ns, At safepoint: 774000 ns, Total: 1084200 ns
[2020-10-24T05:56:22.620+0000][7][gc,start     ] GC(126) Pause Young (Concurrent Start) (G1 Evacuation Pause)
[2020-10-24T05:56:22.620+0000][7][gc,task      ] GC(126) Using 6 workers of 10 for evacuation
[2020-10-24T05:56:22.621+0000][7][gc,age       ] GC(126) Desired survivor size 3670016 bytes, new threshold 15 (max threshold 15)
[2020-10-24T05:56:22.625+0000][7][gc,age       ] GC(126) Age table with threshold 15 (max threshold 15)
[2020-10-24T05:56:22.625+0000][7][gc,age       ] GC(126) - age   1:    3699008 bytes,    3699008 total
[2020-10-24T05:56:22.625+0000][7][gc,age       ] GC(126) - age   2:     338416 bytes,    4037424 total
[2020-10-24T05:56:22.626+0000][7][gc,age       ] GC(126) - age   3:     505312 bytes,    4542736 total
[2020-10-24T05:56:22.626+0000][7][gc,age       ] GC(126) - age   4:     410744 bytes,    4953480 total
[2020-10-24T05:56:22.626+0000][7][gc,phases    ] GC(126)   Pre Evacuate Collection Set: 0.6ms
[2020-10-24T05:56:22.626+0000][7][gc,phases    ] GC(126)   Merge Heap Roots: 0.1ms
[2020-10-24T05:56:22.626+0000][7][gc,phases    ] GC(126)   Evacuate Collection Set: 2.2ms
[2020-10-24T05:56:22.627+0000][7][gc,phases    ] GC(126)   Post Evacuate Collection Set: 0.8ms
[2020-10-24T05:56:22.627+0000][7][gc,phases    ] GC(126)   Other: 2.2ms
[2020-10-24T05:56:22.627+0000][7][gc,heap      ] GC(126) Eden regions: 48->0(43)
[2020-10-24T05:56:22.627+0000][7][gc,heap      ] GC(126) Survivor regions: 2->5(7)
[2020-10-24T05:56:22.627+0000][7][gc,heap      ] GC(126) Old regions: 119->119
[2020-10-24T05:56:22.627+0000][7][gc,heap      ] GC(126) Archive regions: 2->2
[2020-10-24T05:56:22.627+0000][7][gc,heap      ] GC(126) Humongous regions: 15->15
[2020-10-24T05:56:22.628+0000][7][gc,metaspace ] GC(126) Metaspace: 107188K(115876K)->107188K(115876K) NonClass: 93339K(98520K)->93339K(98520K) Class: 13849K(17356K)->13849K(17356K)
[2020-10-24T05:56:22.628+0000][7][gc           ] GC(126) Pause Young (Concurrent Start) (G1 Evacuation Pause) 184M->139M(256M) 7.502ms
[2020-10-24T05:56:22.628+0000][7][gc,cpu       ] GC(126) User=0.01s Sys=0.00s Real=0.01s
[2020-10-24T05:56:22.628+0000][7][gc           ] GC(127) Concurrent Cycle
[2020-10-24T05:56:22.628+0000][7][safepoint    ] Safepoint "G1CollectForAllocation", Time since last: 1622100 ns, Reaching safepoint: 189600 ns, At safepoint: 7816900 ns, Total: 8006500 ns
[2020-10-24T05:56:22.628+0000][7][gc,marking   ] GC(127) Concurrent Clear Claimed Marks
[2020-10-24T05:56:22.629+0000][7][gc,marking   ] GC(127) Concurrent Clear Claimed Marks 1.158ms
[2020-10-24T05:56:22.629+0000][7][gc,marking   ] GC(127) Concurrent Scan Root Regions
[2020-10-24T05:56:22.631+0000][7][gc,marking   ] GC(127) Concurrent Scan Root Regions 1.184ms
[2020-10-24T05:56:22.631+0000][7][gc,marking   ] GC(127) Concurrent Mark (739.997s)
[2020-10-24T05:56:22.631+0000][7][gc,marking   ] GC(127) Concurrent Mark From Roots
[2020-10-24T05:56:22.631+0000][7][gc,task      ] GC(127) Using 3 workers of 3 for marking
[2020-10-24T05:56:22.650+0000][7][safepoint    ] Safepoint "BulkRevokeBias", Time since last: 20629700 ns, Reaching safepoint: 375000 ns, At safepoint: 931200 ns, Total: 1306200 ns
[2020-10-24T05:56:22.666+0000][7][safepoint    ] Safepoint "ICBufferFull", Time since last: 15753500 ns, Reaching safepoint: 380100 ns, At safepoint: 29000 ns, Total: 409100 ns
[2020-10-24T05:56:22.692+0000][7][gc,marking   ] GC(127) Concurrent Mark From Roots 60.636ms
[2020-10-24T05:56:22.692+0000][7][gc,marking   ] GC(127) Concurrent Preclean
[2020-10-24T05:56:22.693+0000][7][gc,marking   ] GC(127) Concurrent Preclean 0.682ms
[2020-10-24T05:56:22.693+0000][7][gc,marking   ] GC(127) Concurrent Mark (739.997s, 740.059s) 62.113ms
[2020-10-24T05:56:22.694+0000][7][gc,start     ] GC(127) Pause Remark
[2020-10-24T05:56:22.705+0000][7][gc           ] GC(127) Pause Remark 176M->176M(256M) 11.379ms
[2020-10-24T05:56:22.705+0000][7][gc,cpu       ] GC(127) User=0.07s Sys=0.00s Real=0.01s
[2020-10-24T05:56:22.706+0000][7][safepoint    ] Safepoint "G1Concurrent", Time since last: 27258400 ns, Reaching safepoint: 221300 ns, At safepoint: 12111100 ns, Total: 12332400 ns
[2020-10-24T05:56:22.706+0000][7][gc,marking   ] GC(127) Concurrent Rebuild Remembered Sets
[2020-10-24T05:56:22.746+0000][7][gc,marking   ] GC(127) Concurrent Rebuild Remembered Sets 40.196ms
[2020-10-24T05:56:22.747+0000][7][gc,start     ] GC(127) Pause Cleanup
[2020-10-24T05:56:22.747+0000][7][gc           ] GC(127) Pause Cleanup 179M->179M(256M) 0.433ms
[2020-10-24T05:56:22.748+0000][7][gc,cpu       ] GC(127) User=0.00s Sys=0.00s Real=0.01s
[2020-10-24T05:56:22.748+0000][7][safepoint    ] Safepoint "G1Concurrent", Time since last: 40925200 ns, Reaching safepoint: 310900 ns, At safepoint: 1038500 ns, Total: 1349400 ns
[2020-10-24T05:56:22.748+0000][7][gc,marking   ] GC(127) Concurrent Cleanup for Next Mark
[2020-10-24T05:56:22.749+0000][7][gc,marking   ] GC(127) Concurrent Cleanup for Next Mark 0.604ms
[2020-10-24T05:56:22.749+0000][7][gc           ] GC(127) Concurrent Cycle 121.214ms
[2020-10-24T05:56:24.658+0000][7][safepoint    ] Safepoint "Cleanup", Time since last: 1910051500 ns, Reaching safepoint: 335300 ns, At safepoint: 12100 ns, Total: 347400 ns
[2020-10-24T05:56:25.184+0000][7][gc,start     ] GC(128) Pause Young (Prepare Mixed) (G1 Evacuation Pause)
[2020-10-24T05:56:25.184+0000][7][gc,task      ] GC(128) Using 6 workers of 10 for evacuation
[2020-10-24T05:56:25.184+0000][7][gc,age       ] GC(128) Desired survivor size 3145728 bytes, new threshold 1 (max threshold 15)
[2020-10-24T05:56:25.188+0000][7][gc,age       ] GC(128) Age table with threshold 1 (max threshold 15)
[2020-10-24T05:56:25.188+0000][7][gc,age       ] GC(128) - age   1:     190800 bytes,     190800 total
[2020-10-24T05:56:25.188+0000][7][gc,phases    ] GC(128)   Pre Evacuate Collection Set: 0.1ms
[2020-10-24T05:56:25.189+0000][7][gc,phases    ] GC(128)   Merge Heap Roots: 0.2ms
[2020-10-24T05:56:25.189+0000][7][gc,phases    ] GC(128)   Evacuate Collection Set: 1.7ms
[2020-10-24T05:56:25.189+0000][7][gc,phases    ] GC(128)   Post Evacuate Collection Set: 0.9ms
[2020-10-24T05:56:25.190+0000][7][gc,phases    ] GC(128)   Other: 1.7ms
[2020-10-24T05:56:25.190+0000][7][gc,heap      ] GC(128) Eden regions: 43->0(11)
[2020-10-24T05:56:25.190+0000][7][gc,heap      ] GC(128) Survivor regions: 5->1(6)
[2020-10-24T05:56:25.190+0000][7][gc,heap      ] GC(128) Old regions: 119->122
[2020-10-24T05:56:25.191+0000][7][gc,heap      ] GC(128) Archive regions: 2->2
[2020-10-24T05:56:25.191+0000][7][gc,heap      ] GC(128) Humongous regions: 15->15
[2020-10-24T05:56:25.191+0000][7][gc,metaspace ] GC(128) Metaspace: 107120K(115876K)->107120K(115876K) NonClass: 93301K(98520K)->93301K(98520K) Class: 13818K(17356K)->13818K(17356K)
[2020-10-24T05:56:25.191+0000][7][gc           ] GC(128) Pause Young (Prepare Mixed) (G1 Evacuation Pause) 182M->137M(256M) 7.511ms
[2020-10-24T05:56:25.192+0000][7][gc,cpu       ] GC(128) User=0.01s Sys=0.01s Real=0.01s
[2020-10-24T05:56:25.192+0000][7][safepoint    ] Safepoint "G1CollectForAllocation", Time since last: 525164300 ns, Reaching safepoint: 265500 ns, At safepoint: 8026800 ns, Total: 8292300 ns
[2020-10-24T05:56:26.192+0000][7][safepoint    ] Safepoint "Cleanup", Time since last: 1000397000 ns, Reaching safepoint: 275800 ns, At safepoint: 9200 ns, Total: 285000 ns
[2020-10-24T05:56:27.194+0000][7][safepoint    ] Safepoint "Cleanup", Time since last: 1000618500 ns, Reaching safepoint: 778400 ns, At safepoint: 49600 ns, Total: 828000 ns
[2020-10-24T05:56:28.195+0000][7][safepoint    ] Safepoint "Cleanup", Time since last: 1001175900 ns, Reaching safepoint: 314600 ns, At safepoint: 9600 ns, Total: 324200 ns
[2020-10-24T05:56:29.196+0000][7][safepoint    ] Safepoint "Cleanup", Time since last: 1000585700 ns, Reaching safepoint: 339000 ns, At safepoint: 18100 ns, Total: 357100 ns
[2020-10-24T05:56:30.197+0000][7][safepoint    ] Safepoint "Cleanup", Time since last: 1000741300 ns, Reaching safepoint: 235200 ns, At safepoint: 50000 ns, Total: 285200 ns
[2020-10-24T05:56:31.199+0000][7][safepoint    ] Safepoint "Cleanup", Time since last: 1000563800 ns, Reaching safepoint: 789400 ns, At safepoint: 128600 ns, Total: 918000 ns
[2020-10-24T05:56:31.716+0000][7][gc,start     ] GC(129) Pause Young (Mixed) (G1 Evacuation Pause)
[2020-10-24T05:56:31.717+0000][7][gc,task      ] GC(129) Using 6 workers of 10 for evacuation
[2020-10-24T05:56:31.718+0000][7][gc,age       ] GC(129) Desired survivor size 1048576 bytes, new threshold 15 (max threshold 15)
[2020-10-24T05:56:31.731+0000][7][gc,age       ] GC(129) Age table with threshold 15 (max threshold 15)
[2020-10-24T05:56:31.732+0000][7][gc,age       ] GC(129) - age   1:     222144 bytes,     222144 total
[2020-10-24T05:56:31.732+0000][7][gc,age       ] GC(129) - age   2:     172160 bytes,     394304 total
[2020-10-24T05:56:31.732+0000][7][gc,phases    ] GC(129)   Pre Evacuate Collection Set: 0.5ms
[2020-10-24T05:56:31.733+0000][7][gc,phases    ] GC(129)   Merge Heap Roots: 1.2ms
[2020-10-24T05:56:31.733+0000][7][gc,phases    ] GC(129)   Evacuate Collection Set: 9.7ms
[2020-10-24T05:56:31.733+0000][7][gc,phases    ] GC(129)   Post Evacuate Collection Set: 1.0ms
[2020-10-24T05:56:31.733+0000][7][gc,phases    ] GC(129)   Other: 4.3ms
[2020-10-24T05:56:31.734+0000][7][gc,heap      ] GC(129) Eden regions: 11->0(56)
[2020-10-24T05:56:31.734+0000][7][gc,heap      ] GC(129) Survivor regions: 1->1(2)
[2020-10-24T05:56:31.734+0000][7][gc,heap      ] GC(129) Old regions: 122->110
[2020-10-24T05:56:31.734+0000][7][gc,heap      ] GC(129) Archive regions: 2->2
[2020-10-24T05:56:31.734+0000][7][gc,heap      ] GC(129) Humongous regions: 15->15
[2020-10-24T05:56:31.734+0000][7][gc,metaspace ] GC(129) Metaspace: 107144K(115876K)->107144K(115876K) NonClass: 93325K(98520K)->93325K(98520K) Class: 13818K(17356K)->13818K(17356K)
[2020-10-24T05:56:31.735+0000][7][gc           ] GC(129) Pause Young (Mixed) (G1 Evacuation Pause) 148M->125M(256M) 18.900ms
[2020-10-24T05:56:31.735+0000][7][gc,cpu       ] GC(129) User=0.07s Sys=0.00s Real=0.02s
[2020-10-24T05:56:31.735+0000][7][safepoint    ] Safepoint "G1CollectForAllocation", Time since last: 515813600 ns, Reaching safepoint: 972700 ns, At safepoint: 19386300 ns, Total: 20359000 ns
[2020-10-24T05:56:32.736+0000][7][safepoint    ] Safepoint "Cleanup", Time since last: 1000349600 ns, Reaching safepoint: 516600 ns, At safepoint: 145100 ns, Total: 661700 ns
[2020-10-24T05:56:33.737+0000][7][safepoint    ] Safepoint "Cleanup", Time since last: 1001028600 ns, Reaching safepoint: 363000 ns, At safepoint: 26900 ns, Total: 389900 ns
[2020-10-24T05:56:34.708+0000][7][safepoint    ] Safepoint "BulkRevokeBias", Time since last: 969520000 ns, Reaching safepoint: 238100 ns, At safepoint: 793800 ns, Total: 1031900 ns
[2020-10-24T05:56:35.709+0000][7][safepoint    ] Safepoint "Cleanup", Time since last: 1000548400 ns, Reaching safepoint: 254500 ns, At safepoint: 12700 ns, Total: 267200 ns
[2020-10-24T05:56:36.710+0000][7][safepoint    ] Safepoint "Cleanup", Time since last: 1000471700 ns, Reaching safepoint: 252300 ns, At safepoint: 9300 ns, Total: 261600 ns
[2020-10-24T05:56:37.710+0000][7][safepoint    ] Safepoint "Cleanup", Time since last: 1000442100 ns, Reaching safepoint: 222800 ns, At safepoint: 24300 ns, Total: 247100 ns
[2020-10-24T05:56:38.711+0000][7][safepoint    ] Safepoint "Cleanup", Time since last: 1000578100 ns, Reaching safepoint: 484300 ns, At safepoint: 9000 ns, Total: 493300 ns
[2020-10-24T05:56:39.712+0000][7][safepoint    ] Safepoint "Cleanup", Time since last: 1000487800 ns, Reaching safepoint: 597500 ns, At safepoint: 27300 ns, Total: 624800 ns
[2020-10-24T05:56:40.714+0000][7][safepoint    ] Safepoint "Cleanup", Time since last: 1000765500 ns, Reaching safepoint: 972700 ns, At safepoint: 148100 ns, Total: 1120800 ns
[2020-10-24T05:56:41.716+0000][7][safepoint    ] Safepoint "Cleanup", Time since last: 1001076000 ns, Reaching safepoint: 673600 ns, At safepoint: 42500 ns, Total: 716100 ns
[2020-10-24T05:56:42.718+0000][7][safepoint    ] Safepoint "Cleanup", Time since last: 1001185300 ns, Reaching safepoint: 274700 ns, At safepoint: 12400 ns, Total: 287100 ns
[2020-10-24T05:56:44.254+0000][7][safepoint    ] Safepoint "Cleanup", Time since last: 1535231000 ns, Reaching safepoint: 933200 ns, At safepoint: 49200 ns, Total: 982400 ns
[2020-10-24T05:56:45.255+0000][7][safepoint    ] Safepoint "Cleanup", Time since last: 1001170800 ns, Reaching safepoint: 245600 ns, At safepoint: 10900 ns, Total: 256500 ns
[2020-10-24T05:56:46.257+0000][7][safepoint    ] Safepoint "Cleanup", Time since last: 1000524900 ns, Reaching safepoint: 783100 ns, At safepoint: 49600 ns, Total: 832700 ns
[2020-10-24T05:56:47.258+0000][7][safepoint    ] Safepoint "Cleanup", Time since last: 1001190400 ns, Reaching safepoint: 609200 ns, At safepoint: 52100 ns, Total: 661300 ns
[2020-10-24T05:56:48.260+0000][7][safepoint    ] Safepoint "Cleanup", Time since last: 1001177500 ns, Reaching safepoint: 197200 ns, At safepoint: 9900 ns, Total: 207100 ns
[2020-10-24T05:56:49.261+0000][7][safepoint    ] Safepoint "Cleanup", Time since last: 1000496900 ns, Reaching safepoint: 208700 ns, At safepoint: 23500 ns, Total: 232200 ns
[2020-10-24T05:56:50.262+0000][7][safepoint    ] Safepoint "Cleanup", Time since last: 1000527300 ns, Reaching safepoint: 886300 ns, At safepoint: 54500 ns, Total: 940800 ns
[2020-10-24T05:56:51.263+0000][7][safepoint    ] Safepoint "Cleanup", Time since last: 1001033800 ns, Reaching safepoint: 239500 ns, At safepoint: 9800 ns, Total: 249300 ns
[2020-10-24T05:56:52.265+0000][7][safepoint    ] Safepoint "Cleanup", Time since last: 1000574800 ns, Reaching safepoint: 762600 ns, At safepoint: 48600 ns, Total: 811200 ns
[2020-10-24T05:56:53.266+0000][7][safepoint    ] Safepoint "Cleanup", Time since last: 1001170000 ns, Reaching safepoint: 497400 ns, At safepoint: 24900 ns, Total: 522300 ns
[2020-10-24T05:56:54.268+0000][7][safepoint    ] Safepoint "Cleanup", Time since last: 1000777900 ns, Reaching safepoint: 646700 ns, At safepoint: 52400 ns, Total: 699100 ns
[2020-10-24T05:56:55.270+0000][7][safepoint    ] Safepoint "Cleanup", Time since last: 1001379200 ns, Reaching safepoint: 853100 ns, At safepoint: 48800 ns, Total: 901900 ns
[2020-10-24T05:56:56.272+0000][7][safepoint    ] Safepoint "Cleanup", Time since last: 1001187500 ns, Reaching safepoint: 265100 ns, At safepoint: 9600 ns, Total: 274700 ns
[2020-10-24T05:56:57.273+0000][7][safepoint    ] Safepoint "Cleanup", Time since last: 1000582200 ns, Reaching safepoint: 911400 ns, At safepoint: 50500 ns, Total: 961900 ns
[2020-10-24T05:56:58.275+0000][7][safepoint    ] Safepoint "Cleanup", Time since last: 1001228400 ns, Reaching safepoint: 223000 ns, At safepoint: 9700 ns, Total: 232700 ns
[2020-10-24T05:56:59.276+0000][7][safepoint    ] Safepoint "Cleanup", Time since last: 1000628900 ns, Reaching safepoint: 854200 ns, At safepoint: 48800 ns, Total: 903000 ns
[2020-10-24T05:57:00.278+0000][7][safepoint    ] Safepoint "Cleanup", Time since last: 1001264900 ns, Reaching safepoint: 852900 ns, At safepoint: 48300 ns, Total: 901200 ns
[2020-10-24T05:57:01.280+0000][7][safepoint    ] Safepoint "Cleanup", Time since last: 1001278500 ns, Reaching safepoint: 860200 ns, At safepoint: 49100 ns, Total: 909300 ns
[2020-10-24T05:57:02.282+0000][7][safepoint    ] Safepoint "Cleanup", Time since last: 1001176900 ns, Reaching safepoint: 264500 ns, At safepoint: 9300 ns, Total: 273800 ns
[2020-10-24T05:57:03.283+0000][7][safepoint    ] Safepoint "Cleanup", Time since last: 1000660600 ns, Reaching safepoint: 834700 ns, At safepoint: 50000 ns, Total: 884700 ns
[2020-10-24T05:57:04.285+0000][7][safepoint    ] Safepoint "Cleanup", Time since last: 1001121800 ns, Reaching safepoint: 290700 ns, At safepoint: 9600 ns, Total: 300300 ns
[2020-10-24T05:57:05.286+0000][7][safepoint    ] Safepoint "Cleanup", Time since last: 1000640800 ns, Reaching safepoint: 901000 ns, At safepoint: 49900 ns, Total: 950900 ns
[2020-10-24T05:57:06.289+0000][7][safepoint    ] Safepoint "Cleanup", Time since last: 1001343300 ns, Reaching safepoint: 814200 ns, At safepoint: 54300 ns, Total: 868500 ns
[2020-10-24T05:57:07.291+0000][7][safepoint    ] Safepoint "Cleanup", Time since last: 1001399000 ns, Reaching safepoint: 838500 ns, At safepoint: 49100 ns, Total: 887600 ns
[2020-10-24T05:57:08.292+0000][7][safepoint    ] Safepoint "Cleanup", Time since last: 1001056800 ns, Reaching safepoint: 340400 ns, At safepoint: 9900 ns, Total: 350300 ns
[2020-10-24T05:57:09.218+0000][7][gc,start     ] GC(130) Pause Young (Concurrent Start) (G1 Evacuation Pause)
[2020-10-24T05:57:09.218+0000][7][gc,task      ] GC(130) Using 6 workers of 10 for evacuation
[2020-10-24T05:57:09.219+0000][7][gc,age       ] GC(130) Desired survivor size 4194304 bytes, new threshold 15 (max threshold 15)
[2020-10-24T05:57:09.223+0000][7][gc,age       ] GC(130) Age table with threshold 15 (max threshold 15)
[2020-10-24T05:57:09.223+0000][7][gc,age       ] GC(130) - age   1:     254376 bytes,     254376 total
[2020-10-24T05:57:09.224+0000][7][gc,age       ] GC(130) - age   2:       9064 bytes,     263440 total
[2020-10-24T05:57:09.224+0000][7][gc,age       ] GC(130) - age   3:     170496 bytes,     433936 total
[2020-10-24T05:57:09.224+0000][7][gc,phases    ] GC(130)   Pre Evacuate Collection Set: 0.7ms
[2020-10-24T05:57:09.225+0000][7][gc,phases    ] GC(130)   Merge Heap Roots: 0.2ms
[2020-10-24T05:57:09.225+0000][7][gc,phases    ] GC(130)   Evacuate Collection Set: 2.1ms
[2020-10-24T05:57:09.225+0000][7][gc,phases    ] GC(130)   Post Evacuate Collection Set: 0.9ms
[2020-10-24T05:57:09.225+0000][7][gc,phases    ] GC(130)   Other: 2.6ms
[2020-10-24T05:57:09.225+0000][7][gc,heap      ] GC(130) Eden regions: 56->0(58)
[2020-10-24T05:57:09.226+0000][7][gc,heap      ] GC(130) Survivor regions: 1->1(8)
[2020-10-24T05:57:09.226+0000][7][gc,heap      ] GC(130) Old regions: 110->110
[2020-10-24T05:57:09.226+0000][7][gc,heap      ] GC(130) Archive regions: 2->2
[2020-10-24T05:57:09.226+0000][7][gc,heap      ] GC(130) Humongous regions: 15->15
[2020-10-24T05:57:09.226+0000][7][gc,metaspace ] GC(130) Metaspace: 107186K(115876K)->107186K(115876K) NonClass: 93367K(98520K)->93367K(98520K) Class: 13818K(17356K)->13818K(17356K)
[2020-10-24T05:57:09.226+0000][7][gc           ] GC(130) Pause Young (Concurrent Start) (G1 Evacuation Pause) 181M->125M(256M) 8.358ms
[2020-10-24T05:57:09.226+0000][7][gc,cpu       ] GC(130) User=0.02s Sys=0.00s Real=0.00s
[2020-10-24T05:57:09.227+0000][7][gc           ] GC(131) Concurrent Cycle
[2020-10-24T05:57:09.227+0000][7][safepoint    ] Safepoint "G1CollectForAllocation", Time since last: 925283200 ns, Reaching safepoint: 217200 ns, At safepoint: 8704200 ns, Total: 8921400 ns
[2020-10-24T05:57:09.227+0000][7][gc,marking   ] GC(131) Concurrent Clear Claimed Marks
[2020-10-24T05:57:09.228+0000][7][gc,marking   ] GC(131) Concurrent Clear Claimed Marks 0.905ms
[2020-10-24T05:57:09.228+0000][7][gc,marking   ] GC(131) Concurrent Scan Root Regions
[2020-10-24T05:57:09.229+0000][7][gc,marking   ] GC(131) Concurrent Scan Root Regions 1.038ms
[2020-10-24T05:57:09.229+0000][7][gc,marking   ] GC(131) Concurrent Mark (786.595s)
[2020-10-24T05:57:09.229+0000][7][gc,marking   ] GC(131) Concurrent Mark From Roots
[2020-10-24T05:57:09.229+0000][7][gc,task      ] GC(131) Using 3 workers of 3 for marking
[2020-10-24T05:57:09.279+0000][7][gc,marking   ] GC(131) Concurrent Mark From Roots 50.119ms
[2020-10-24T05:57:09.280+0000][7][gc,marking   ] GC(131) Concurrent Preclean
[2020-10-24T05:57:09.280+0000][7][gc,marking   ] GC(131) Concurrent Preclean 0.704ms
[2020-10-24T05:57:09.281+0000][7][gc,marking   ] GC(131) Concurrent Mark (786.595s, 786.647s) 51.633ms
[2020-10-24T05:57:09.281+0000][7][gc,start     ] GC(131) Pause Remark
[2020-10-24T05:57:09.287+0000][7][gc           ] GC(131) Pause Remark 126M->126M(256M) 6.208ms
[2020-10-24T05:57:09.288+0000][7][gc,cpu       ] GC(131) User=0.02s Sys=0.01s Real=0.01s
[2020-10-24T05:57:09.288+0000][7][safepoint    ] Safepoint "G1Concurrent", Time since last: 54291600 ns, Reaching safepoint: 259900 ns, At safepoint: 6933900 ns, Total: 7193800 ns
[2020-10-24T05:57:09.288+0000][7][gc,marking   ] GC(131) Concurrent Rebuild Remembered Sets
[2020-10-24T05:57:09.320+0000][7][gc,marking   ] GC(131) Concurrent Rebuild Remembered Sets 31.664ms
[2020-10-24T05:57:09.321+0000][7][gc,start     ] GC(131) Pause Cleanup
[2020-10-24T05:57:09.321+0000][7][gc           ] GC(131) Pause Cleanup 126M->126M(256M) 0.563ms
[2020-10-24T05:57:09.322+0000][7][gc,cpu       ] GC(131) User=0.00s Sys=0.00s Real=0.00s
[2020-10-24T05:57:09.322+0000][7][safepoint    ] Safepoint "G1Concurrent", Time since last: 32453900 ns, Reaching safepoint: 261900 ns, At safepoint: 1207300 ns, Total: 1469200 ns
[2020-10-24T05:57:09.322+0000][7][gc,marking   ] GC(131) Concurrent Cleanup for Next Mark
[2020-10-24T05:57:09.323+0000][7][gc,marking   ] GC(131) Concurrent Cleanup for Next Mark 0.646ms
[2020-10-24T05:57:09.323+0000][7][gc           ] GC(131) Concurrent Cycle 96.719ms
[2020-10-24T05:57:10.323+0000][7][safepoint    ] Safepoint "Cleanup", Time since last: 1000532300 ns, Reaching safepoint: 284700 ns, At safepoint: 12000 ns, Total: 296700 ns
[2020-10-24T05:57:11.724+0000][7][safepoint    ] Safepoint "Cleanup", Time since last: 1400352700 ns, Reaching safepoint: 611600 ns, At safepoint: 36700 ns, Total: 648300 ns
[2020-10-24T05:57:12.725+0000][7][safepoint    ] Safepoint "Cleanup", Time since last: 1000977500 ns, Reaching safepoint: 435900 ns, At safepoint: 24900 ns, Total: 460800 ns
[2020-10-24T05:57:13.726+0000][7][safepoint    ] Safepoint "Cleanup", Time since last: 1000677400 ns, Reaching safepoint: 256300 ns, At safepoint: 10200 ns, Total: 266500 ns
[2020-10-24T05:57:14.728+0000][7][safepoint    ] Safepoint "Cleanup", Time since last: 1000644300 ns, Reaching safepoint: 902200 ns, At safepoint: 49200 ns, Total: 951400 ns
[2020-10-24T05:57:15.729+0000][7][safepoint    ] Safepoint "Cleanup", Time since last: 1001159100 ns, Reaching safepoint: 275600 ns, At safepoint: 9500 ns, Total: 285100 ns
[2020-10-24T05:57:16.730+0000][7][safepoint    ] Safepoint "Cleanup", Time since last: 1000485400 ns, Reaching safepoint: 222700 ns, At safepoint: 10000 ns, Total: 232700 ns
[2020-10-24T05:57:17.731+0000][7][safepoint    ] Safepoint "Cleanup", Time since last: 1000546300 ns, Reaching safepoint: 316300 ns, At safepoint: 9800 ns, Total: 326100 ns
[2020-10-24T05:57:18.732+0000][7][safepoint    ] Safepoint "Cleanup", Time since last: 1000555100 ns, Reaching safepoint: 469800 ns, At safepoint: 27400 ns, Total: 497200 ns
[2020-10-24T05:57:19.733+0000][7][safepoint    ] Safepoint "Cleanup", Time since last: 1000682000 ns, Reaching safepoint: 274800 ns, At safepoint: 14800 ns, Total: 289600 ns
[2020-10-24T05:57:20.734+0000][7][safepoint    ] Safepoint "Cleanup", Time since last: 1000652400 ns, Reaching safepoint: 820100 ns, At safepoint: 53200 ns, Total: 873300 ns
[2020-10-24T05:57:21.736+0000][7][safepoint    ] Safepoint "Cleanup", Time since last: 1001246400 ns, Reaching safepoint: 270400 ns, At safepoint: 9500 ns, Total: 279900 ns
[2020-10-24T05:57:22.587+0000][7][safepoint    ] Safepoint "ICBufferFull", Time since last: 850602100 ns, Reaching safepoint: 384200 ns, At safepoint: 61000 ns, Total: 445200 ns
[2020-10-24T05:57:22.704+0000][7][gc,start     ] GC(132) Pause Young (Normal) (G1 Evacuation Pause)
[2020-10-24T05:57:22.705+0000][7][gc,task      ] GC(132) Using 6 workers of 10 for evacuation
[2020-10-24T05:57:22.705+0000][7][gc,age       ] GC(132) Desired survivor size 4194304 bytes, new threshold 15 (max threshold 15)
[2020-10-24T05:57:22.707+0000][7][gc,age       ] GC(132) Age table with threshold 15 (max threshold 15)
[2020-10-24T05:57:22.708+0000][7][gc,age       ] GC(132) - age   1:    2251560 bytes,    2251560 total
[2020-10-24T05:57:22.708+0000][7][gc,age       ] GC(132) - age   2:     188264 bytes,    2439824 total
[2020-10-24T05:57:22.708+0000][7][gc,age       ] GC(132) - age   3:       8720 bytes,    2448544 total
[2020-10-24T05:57:22.709+0000][7][gc,age       ] GC(132) - age   4:     162824 bytes,    2611368 total
[2020-10-24T05:57:22.709+0000][7][gc,phases    ] GC(132)   Pre Evacuate Collection Set: 0.1ms
[2020-10-24T05:57:22.709+0000][7][gc,phases    ] GC(132)   Merge Heap Roots: 0.1ms
[2020-10-24T05:57:22.709+0000][7][gc,phases    ] GC(132)   Evacuate Collection Set: 1.5ms
[2020-10-24T05:57:22.709+0000][7][gc,phases    ] GC(132)   Post Evacuate Collection Set: 0.7ms
[2020-10-24T05:57:22.710+0000][7][gc,phases    ] GC(132)   Other: 2.1ms
[2020-10-24T05:57:22.710+0000][7][gc,heap      ] GC(132) Eden regions: 58->0(55)
[2020-10-24T05:57:22.710+0000][7][gc,heap      ] GC(132) Survivor regions: 1->3(8)
[2020-10-24T05:57:22.710+0000][7][gc,heap      ] GC(132) Old regions: 110->110
[2020-10-24T05:57:22.710+0000][7][gc,heap      ] GC(132) Archive regions: 2->2
[2020-10-24T05:57:22.710+0000][7][gc,heap      ] GC(132) Humongous regions: 15->15
[2020-10-24T05:57:22.710+0000][7][gc,metaspace ] GC(132) Metaspace: 107211K(115876K)->107211K(115876K) NonClass: 93392K(98520K)->93392K(98520K) Class: 13818K(17356K)->13818K(17356K)
[2020-10-24T05:57:22.711+0000][7][gc           ] GC(132) Pause Young (Normal) (G1 Evacuation Pause) 183M->127M(256M) 6.303ms
[2020-10-24T05:57:22.711+0000][7][gc,cpu       ] GC(132) User=0.01s Sys=0.01s Real=0.01s
[2020-10-24T05:57:22.711+0000][7][safepoint    ] Safepoint "G1CollectForAllocation", Time since last: 117033900 ns, Reaching safepoint: 256900 ns, At safepoint: 6630900 ns, Total: 6887800 ns
[2020-10-24T05:57:22.732+0000][7][safepoint    ] Safepoint "BulkRevokeBias", Time since last: 19392900 ns, Reaching safepoint: 277500 ns, At safepoint: 1959400 ns, Total: 2236900 ns
[2020-10-24T05:57:22.735+0000][7][safepoint    ] Safepoint "BulkRevokeBias", Time since last: 1713500 ns, Reaching safepoint: 212100 ns, At safepoint: 930300 ns, Total: 1142400 ns
[2020-10-24T05:57:22.737+0000][7][safepoint    ] Safepoint "BulkRevokeBias", Time since last: 754900 ns, Reaching safepoint: 273500 ns, At safepoint: 832000 ns, Total: 1105500 ns
[2020-10-24T05:57:22.746+0000][7][safepoint    ] Safepoint "ICBufferFull", Time since last: 8294800 ns, Reaching safepoint: 341900 ns, At safepoint: 60000 ns, Total: 401900 ns
[2020-10-24T05:57:23.736+0000][7][gc,start     ] GC(133) Pause Young (Concurrent Start) (G1 Evacuation Pause)
[2020-10-24T05:57:23.737+0000][7][gc,task      ] GC(133) Using 6 workers of 10 for evacuation
[2020-10-24T05:57:23.737+0000][7][gc,age       ] GC(133) Desired survivor size 4194304 bytes, new threshold 15 (max threshold 15)
[2020-10-24T05:57:23.741+0000][7][gc,age       ] GC(133) Age table with threshold 15 (max threshold 15)
[2020-10-24T05:57:23.741+0000][7][gc,age       ] GC(133) - age   1:     880096 bytes,     880096 total
[2020-10-24T05:57:23.741+0000][7][gc,age       ] GC(133) - age   2:     280752 bytes,    1160848 total
[2020-10-24T05:57:23.741+0000][7][gc,age       ] GC(133) - age   3:     180176 bytes,    1341024 total
[2020-10-24T05:57:23.742+0000][7][gc,age       ] GC(133) - age   4:       8720 bytes,    1349744 total
[2020-10-24T05:57:23.742+0000][7][gc,age       ] GC(133) - age   5:      42240 bytes,    1391984 total
[2020-10-24T05:57:23.742+0000][7][gc,phases    ] GC(133)   Pre Evacuate Collection Set: 0.7ms
[2020-10-24T05:57:23.742+0000][7][gc,phases    ] GC(133)   Merge Heap Roots: 0.1ms
[2020-10-24T05:57:23.743+0000][7][gc,phases    ] GC(133)   Evacuate Collection Set: 2.0ms
[2020-10-24T05:57:23.743+0000][7][gc,phases    ] GC(133)   Post Evacuate Collection Set: 0.9ms
[2020-10-24T05:57:23.743+0000][7][gc,phases    ] GC(133)   Other: 2.3ms
[2020-10-24T05:57:23.743+0000][7][gc,heap      ] GC(133) Eden regions: 55->0(57)
[2020-10-24T05:57:23.743+0000][7][gc,heap      ] GC(133) Survivor regions: 3->2(8)
[2020-10-24T05:57:23.743+0000][7][gc,heap      ] GC(133) Old regions: 110->110
[2020-10-24T05:57:23.743+0000][7][gc,heap      ] GC(133) Archive regions: 2->2
[2020-10-24T05:57:23.744+0000][7][gc,heap      ] GC(133) Humongous regions: 15->15
[2020-10-24T05:57:23.744+0000][7][gc,metaspace ] GC(133) Metaspace: 107240K(115876K)->107240K(115876K) NonClass: 93421K(98520K)->93421K(98520K) Class: 13818K(17356K)->13818K(17356K)
[2020-10-24T05:57:23.744+0000][7][gc           ] GC(133) Pause Young (Concurrent Start) (G1 Evacuation Pause) 182M->126M(256M) 7.604ms
[2020-10-24T05:57:23.744+0000][7][gc,cpu       ] GC(133) User=0.01s Sys=0.00s Real=0.01s
[2020-10-24T05:57:23.744+0000][7][safepoint    ] Safepoint "G1CollectForAllocation", Time since last: 989933600 ns, Reaching safepoint: 353900 ns, At safepoint: 7976600 ns, Total: 8330500 ns
[2020-10-24T05:57:23.744+0000][7][gc           ] GC(134) Concurrent Cycle
[2020-10-24T05:57:23.745+0000][7][gc,marking   ] GC(134) Concurrent Clear Claimed Marks
[2020-10-24T05:57:23.745+0000][7][gc,marking   ] GC(134) Concurrent Clear Claimed Marks 0.705ms
[2020-10-24T05:57:23.745+0000][7][gc,marking   ] GC(134) Concurrent Scan Root Regions
[2020-10-24T05:57:23.746+0000][7][gc,marking   ] GC(134) Concurrent Scan Root Regions 0.963ms
[2020-10-24T05:57:23.747+0000][7][gc,marking   ] GC(134) Concurrent Mark (801.113s)
[2020-10-24T05:57:23.747+0000][7][gc,marking   ] GC(134) Concurrent Mark From Roots
[2020-10-24T05:57:23.747+0000][7][gc,task      ] GC(134) Using 3 workers of 3 for marking
[2020-10-24T05:57:23.805+0000][7][gc,marking   ] GC(134) Concurrent Mark From Roots 58.739ms
[2020-10-24T05:57:23.806+0000][7][gc,marking   ] GC(134) Concurrent Preclean
[2020-10-24T05:57:23.806+0000][7][gc,marking   ] GC(134) Concurrent Preclean 0.732ms
[2020-10-24T05:57:23.807+0000][7][gc,marking   ] GC(134) Concurrent Mark (801.113s, 801.173s) 60.316ms
[2020-10-24T05:57:23.807+0000][7][gc,start     ] GC(134) Pause Remark
[2020-10-24T05:57:23.819+0000][7][gc           ] GC(134) Pause Remark 128M->128M(256M) 11.390ms
[2020-10-24T05:57:23.819+0000][7][gc,cpu       ] GC(134) User=0.06s Sys=0.00s Real=0.01s
[2020-10-24T05:57:23.820+0000][7][safepoint    ] Safepoint "G1Concurrent", Time since last: 63005600 ns, Reaching safepoint: 239600 ns, At safepoint: 12092600 ns, Total: 12332200 ns
[2020-10-24T05:57:23.820+0000][7][gc,marking   ] GC(134) Concurrent Rebuild Remembered Sets
[2020-10-24T05:57:23.857+0000][7][gc,marking   ] GC(134) Concurrent Rebuild Remembered Sets 37.419ms
[2020-10-24T05:57:23.858+0000][7][gc,start     ] GC(134) Pause Cleanup
[2020-10-24T05:57:23.858+0000][7][gc           ] GC(134) Pause Cleanup 128M->128M(256M) 0.417ms
[2020-10-24T05:57:23.859+0000][7][gc,cpu       ] GC(134) User=0.00s Sys=0.00s Real=0.00s
[2020-10-24T05:57:23.859+0000][7][safepoint    ] Safepoint "G1Concurrent", Time since last: 38179900 ns, Reaching safepoint: 205500 ns, At safepoint: 935200 ns, Total: 1140700 ns
[2020-10-24T05:57:23.859+0000][7][gc,marking   ] GC(134) Concurrent Cleanup for Next Mark
[2020-10-24T05:57:23.860+0000][7][gc,marking   ] GC(134) Concurrent Cleanup for Next Mark 0.565ms
[2020-10-24T05:57:23.860+0000][7][gc           ] GC(134) Concurrent Cycle 115.736ms
[2020-10-24T05:57:24.860+0000][7][safepoint    ] Safepoint "Cleanup", Time since last: 1000412000 ns, Reaching safepoint: 479100 ns, At safepoint: 26300 ns, Total: 505400 ns
[2020-10-24T05:57:25.861+0000][7][safepoint    ] Safepoint "Cleanup", Time since last: 1000784600 ns, Reaching safepoint: 367500 ns, At safepoint: 11900 ns, Total: 379400 ns
[2020-10-24T05:57:26.862+0000][7][safepoint    ] Safepoint "Cleanup", Time since last: 1000666700 ns, Reaching safepoint: 862200 ns, At safepoint: 45000 ns, Total: 907200 ns
[2020-10-24T05:57:27.865+0000][7][safepoint    ] Safepoint "Cleanup", Time since last: 1001267200 ns, Reaching safepoint: 816300 ns, At safepoint: 48800 ns, Total: 865100 ns
[2020-10-24T05:57:28.866+0000][7][safepoint    ] Safepoint "Cleanup", Time since last: 1001238000 ns, Reaching safepoint: 310600 ns, At safepoint: 12200 ns, Total: 322800 ns
[2020-10-24T05:57:29.867+0000][7][safepoint    ] Safepoint "Cleanup", Time since last: 1000511500 ns, Reaching safepoint: 285600 ns, At safepoint: 9700 ns, Total: 295300 ns
[2020-10-24T05:57:30.869+0000][7][safepoint    ] Safepoint "Cleanup", Time since last: 1000736400 ns, Reaching safepoint: 837700 ns, At safepoint: 264300 ns, Total: 1102000 ns
[2020-10-24T05:57:31.870+0000][7][safepoint    ] Safepoint "Cleanup", Time since last: 1001130400 ns, Reaching safepoint: 280000 ns, At safepoint: 11300 ns, Total: 291300 ns
[2020-10-24T05:57:33.127+0000][7][safepoint    ] Safepoint "Cleanup", Time since last: 1256021200 ns, Reaching safepoint: 301400 ns, At safepoint: 33000 ns, Total: 334400 ns
[2020-10-24T05:57:34.127+0000][7][safepoint    ] Safepoint "Cleanup", Time since last: 1000542500 ns, Reaching safepoint: 322800 ns, At safepoint: 12000 ns, Total: 334800 ns
[2020-10-24T05:57:35.129+0000][7][safepoint    ] Safepoint "Cleanup", Time since last: 1000588700 ns, Reaching safepoint: 860500 ns, At safepoint: 49600 ns, Total: 910100 ns
[2020-10-24T05:57:36.131+0000][7][safepoint    ] Safepoint "Cleanup", Time since last: 1001209100 ns, Reaching safepoint: 982700 ns, At safepoint: 131600 ns, Total: 1114300 ns
[2020-10-24T05:57:37.133+0000][7][safepoint    ] Safepoint "Cleanup", Time since last: 1001203000 ns, Reaching safepoint: 698300 ns, At safepoint: 40400 ns, Total: 738700 ns
[2020-10-24T05:57:38.135+0000][7][safepoint    ] Safepoint "Cleanup", Time since last: 1001127700 ns, Reaching safepoint: 897800 ns, At safepoint: 50600 ns, Total: 948400 ns
[2020-10-24T05:57:39.146+0000][7][safepoint    ] Safepoint "Cleanup", Time since last: 1010903500 ns, Reaching safepoint: 235200 ns, At safepoint: 10300 ns, Total: 245500 ns
[2020-10-24T05:57:40.147+0000][7][safepoint    ] Safepoint "Cleanup", Time since last: 1000448500 ns, Reaching safepoint: 227600 ns, At safepoint: 9900 ns, Total: 237500 ns
[2020-10-24T05:57:41.148+0000][7][safepoint    ] Safepoint "Cleanup", Time since last: 1000433600 ns, Reaching safepoint: 274900 ns, At safepoint: 13900 ns, Total: 288800 ns
[2020-10-24T05:57:42.149+0000][7][safepoint    ] Safepoint "Cleanup", Time since last: 1000508200 ns, Reaching safepoint: 330000 ns, At safepoint: 10000 ns, Total: 340000 ns
[2020-10-24T05:57:43.149+0000][7][safepoint    ] Safepoint "Cleanup", Time since last: 1000473100 ns, Reaching safepoint: 280700 ns, At safepoint: 10500 ns, Total: 291200 ns
[2020-10-24T05:57:43.179+0000][7][safepoint    ] Safepoint "ICBufferFull", Time since last: 28911900 ns, Reaching safepoint: 344900 ns, At safepoint: 10600 ns, Total: 355500 ns
[2020-10-24T05:57:43.404+0000][7][gc,start     ] GC(135) Pause Young (Normal) (G1 Evacuation Pause)
[2020-10-24T05:57:43.404+0000][7][gc,task      ] GC(135) Using 6 workers of 10 for evacuation
[2020-10-24T05:57:43.404+0000][7][gc,age       ] GC(135) Desired survivor size 4194304 bytes, new threshold 15 (max threshold 15)
[2020-10-24T05:57:43.407+0000][7][gc,age       ] GC(135) Age table with threshold 15 (max threshold 15)
[2020-10-24T05:57:43.408+0000][7][gc,age       ] GC(135) - age   1:     333448 bytes,     333448 total
[2020-10-24T05:57:43.408+0000][7][gc,age       ] GC(135) - age   2:     567472 bytes,     900920 total
[2020-10-24T05:57:43.408+0000][7][gc,age       ] GC(135) - age   3:     256192 bytes,    1157112 total
[2020-10-24T05:57:43.408+0000][7][gc,age       ] GC(135) - age   4:     153056 bytes,    1310168 total
[2020-10-24T05:57:43.409+0000][7][gc,age       ] GC(135) - age   5:       8720 bytes,    1318888 total
[2020-10-24T05:57:43.409+0000][7][gc,age       ] GC(135) - age   6:       9368 bytes,    1328256 total
[2020-10-24T05:57:43.409+0000][7][gc,phases    ] GC(135)   Pre Evacuate Collection Set: 0.1ms
[2020-10-24T05:57:43.410+0000][7][gc,phases    ] GC(135)   Merge Heap Roots: 0.1ms
[2020-10-24T05:57:43.410+0000][7][gc,phases    ] GC(135)   Evacuate Collection Set: 1.4ms
[2020-10-24T05:57:43.410+0000][7][gc,phases    ] GC(135)   Post Evacuate Collection Set: 0.9ms
[2020-10-24T05:57:43.410+0000][7][gc,phases    ] GC(135)   Other: 3.2ms
[2020-10-24T05:57:43.410+0000][7][gc,heap      ] GC(135) Eden regions: 57->0(58)
[2020-10-24T05:57:43.411+0000][7][gc,heap      ] GC(135) Survivor regions: 2->2(8)
[2020-10-24T05:57:43.411+0000][7][gc,heap      ] GC(135) Old regions: 110->110
[2020-10-24T05:57:43.411+0000][7][gc,heap      ] GC(135) Archive regions: 2->2
[2020-10-24T05:57:43.411+0000][7][gc,heap      ] GC(135) Humongous regions: 15->15
[2020-10-24T05:57:43.411+0000][7][gc,metaspace ] GC(135) Metaspace: 107275K(116132K)->107275K(116132K) NonClass: 93465K(98776K)->93465K(98776K) Class: 13809K(17356K)->13809K(17356K)
[2020-10-24T05:57:43.412+0000][7][gc           ] GC(135) Pause Young (Normal) (G1 Evacuation Pause) 183M->126M(256M) 8.095ms
[2020-10-24T05:57:43.412+0000][7][gc,cpu       ] GC(135) User=0.01s Sys=0.00s Real=0.01s
[2020-10-24T05:57:43.412+0000][7][safepoint    ] Safepoint "G1CollectForAllocation", Time since last: 224432000 ns, Reaching safepoint: 331100 ns, At safepoint: 8522200 ns, Total: 8853300 ns
[2020-10-24T05:57:44.413+0000][7][safepoint    ] Safepoint "Cleanup", Time since last: 1000324900 ns, Reaching safepoint: 273500 ns, At safepoint: 9500 ns, Total: 283000 ns
[2020-10-24T05:57:45.283+0000][7][safepoint    ] Safepoint "ICBufferFull", Time since last: 869877400 ns, Reaching safepoint: 428600 ns, At safepoint: 29800 ns, Total: 458400 ns
[2020-10-24T05:57:46.284+0000][7][safepoint    ] Safepoint "Cleanup", Time since last: 1000715000 ns, Reaching safepoint: 310100 ns, At safepoint: 10000 ns, Total: 320100 ns
[2020-10-24T05:57:47.285+0000][7][safepoint    ] Safepoint "Cleanup", Time since last: 1000468000 ns, Reaching safepoint: 262500 ns, At safepoint: 12600 ns, Total: 275100 ns
[2020-10-24T05:57:48.286+0000][7][safepoint    ] Safepoint "Cleanup", Time since last: 1000638900 ns, Reaching safepoint: 763500 ns, At safepoint: 49800 ns, Total: 813300 ns
[2020-10-24T05:57:49.288+0000][7][safepoint    ] Safepoint "Cleanup", Time since last: 1001262500 ns, Reaching safepoint: 834800 ns, At safepoint: 134900 ns, Total: 969700 ns
[2020-10-24T05:57:50.290+0000][7][safepoint    ] Safepoint "Cleanup", Time since last: 1001069000 ns, Reaching safepoint: 254400 ns, At safepoint: 10100 ns, Total: 264500 ns
[2020-10-24T05:57:51.291+0000][7][safepoint    ] Safepoint "Cleanup", Time since last: 1000456200 ns, Reaching safepoint: 272700 ns, At safepoint: 11500 ns, Total: 284200 ns
[2020-10-24T05:57:52.292+0000][7][safepoint    ] Safepoint "Cleanup", Time since last: 1000578200 ns, Reaching safepoint: 777600 ns, At safepoint: 49000 ns, Total: 826600 ns
[2020-10-24T05:57:53.293+0000][7][safepoint    ] Safepoint "Cleanup", Time since last: 1001100800 ns, Reaching safepoint: 203600 ns, At safepoint: 23800 ns, Total: 227400 ns
[2020-10-24T05:57:54.294+0000][7][safepoint    ] Safepoint "Cleanup", Time since last: 1000554200 ns, Reaching safepoint: 222400 ns, At safepoint: 9600 ns, Total: 232000 ns
[2020-10-24T05:57:55.295+0000][7][safepoint    ] Safepoint "Cleanup", Time since last: 1000490000 ns, Reaching safepoint: 208300 ns, At safepoint: 10500 ns, Total: 218800 ns
[2020-10-24T05:57:56.295+0000][7][safepoint    ] Safepoint "Cleanup", Time since last: 1000437200 ns, Reaching safepoint: 285400 ns, At safepoint: 9900 ns, Total: 295300 ns
[2020-10-24T05:57:57.296+0000][7][safepoint    ] Safepoint "Cleanup", Time since last: 1000467500 ns, Reaching safepoint: 280900 ns, At safepoint: 31000 ns, Total: 311900 ns
[2020-10-24T05:57:58.297+0000][7][safepoint    ] Safepoint "Cleanup", Time since last: 1000727300 ns, Reaching safepoint: 273600 ns, At safepoint: 9500 ns, Total: 283100 ns
[2020-10-24T05:57:59.298+0000][7][safepoint    ] Safepoint "Cleanup", Time since last: 1000497900 ns, Reaching safepoint: 281400 ns, At safepoint: 9600 ns, Total: 291000 ns
[2020-10-24T05:58:00.299+0000][7][safepoint    ] Safepoint "Cleanup", Time since last: 1000474000 ns, Reaching safepoint: 317900 ns, At safepoint: 16100 ns, Total: 334000 ns
[2020-10-24T05:58:01.300+0000][7][safepoint    ] Safepoint "Cleanup", Time since last: 1000683200 ns, Reaching safepoint: 265500 ns, At safepoint: 9500 ns, Total: 275000 ns
[2020-10-24T05:58:02.301+0000][7][safepoint    ] Safepoint "Cleanup", Time since last: 1000612900 ns, Reaching safepoint: 797300 ns, At safepoint: 50100 ns, Total: 847400 ns
[2020-10-24T05:58:03.303+0000][7][safepoint    ] Safepoint "Cleanup", Time since last: 1001131100 ns, Reaching safepoint: 208000 ns, At safepoint: 11100 ns, Total: 219100 ns
[2020-10-24T05:58:04.642+0000][7][safepoint    ] Safepoint "Cleanup", Time since last: 1338932100 ns, Reaching safepoint: 226200 ns, At safepoint: 10200 ns, Total: 236400 ns
[2020-10-24T05:58:05.644+0000][7][safepoint    ] Safepoint "Cleanup", Time since last: 1000629200 ns, Reaching safepoint: 1003400 ns, At safepoint: 57800 ns, Total: 1061200 ns
[2020-10-24T05:58:06.645+0000][7][safepoint    ] Safepoint "Cleanup", Time since last: 1001160800 ns, Reaching safepoint: 283000 ns, At safepoint: 9300 ns, Total: 292300 ns
[2020-10-24T05:58:07.646+0000][7][safepoint    ] Safepoint "Cleanup", Time since last: 1000541300 ns, Reaching safepoint: 249600 ns, At safepoint: 9300 ns, Total: 258900 ns
[2020-10-24T05:58:08.647+0000][7][safepoint    ] Safepoint "Cleanup", Time since last: 1000546700 ns, Reaching safepoint: 245800 ns, At safepoint: 23800 ns, Total: 269600 ns
[2020-10-24T05:58:09.647+0000][7][safepoint    ] Safepoint "Cleanup", Time since last: 1000559400 ns, Reaching safepoint: 306200 ns, At safepoint: 9400 ns, Total: 315600 ns
[2020-10-24T05:58:10.649+0000][7][safepoint    ] Safepoint "Cleanup", Time since last: 1000614500 ns, Reaching safepoint: 869900 ns, At safepoint: 48400 ns, Total: 918300 ns
[2020-10-24T05:58:11.651+0000][7][safepoint    ] Safepoint "Cleanup", Time since last: 1001168100 ns, Reaching safepoint: 837800 ns, At safepoint: 51100 ns, Total: 888900 ns
[2020-10-24T05:58:12.653+0000][7][safepoint    ] Safepoint "Cleanup", Time since last: 1001378800 ns, Reaching safepoint: 222200 ns, At safepoint: 23900 ns, Total: 246100 ns
[2020-10-24T05:58:13.653+0000][7][safepoint    ] Safepoint "Cleanup", Time since last: 1000595300 ns, Reaching safepoint: 198600 ns, At safepoint: 10500 ns, Total: 209100 ns
[2020-10-24T05:58:13.738+0000][7][gc,start     ] GC(136) Pause Young (Concurrent Start) (G1 Evacuation Pause)
[2020-10-24T05:58:13.739+0000][7][gc,task      ] GC(136) Using 6 workers of 10 for evacuation
[2020-10-24T05:58:13.740+0000][7][gc,age       ] GC(136) Desired survivor size 4194304 bytes, new threshold 15 (max threshold 15)
[2020-10-24T05:58:13.748+0000][7][gc,age       ] GC(136) Age table with threshold 15 (max threshold 15)
[2020-10-24T05:58:13.748+0000][7][gc,age       ] GC(136) - age   1:     919432 bytes,     919432 total
[2020-10-24T05:58:13.749+0000][7][gc,age       ] GC(136) - age   2:     278736 bytes,    1198168 total
[2020-10-24T05:58:13.749+0000][7][gc,age       ] GC(136) - age   3:     566624 bytes,    1764792 total
[2020-10-24T05:58:13.749+0000][7][gc,age       ] GC(136) - age   4:     221568 bytes,    1986360 total
[2020-10-24T05:58:13.749+0000][7][gc,age       ] GC(136) - age   5:     126472 bytes,    2112832 total
[2020-10-24T05:58:13.750+0000][7][gc,age       ] GC(136) - age   6:        704 bytes,    2113536 total
[2020-10-24T05:58:13.750+0000][7][gc,age       ] GC(136) - age   7:       9368 bytes,    2122904 total
[2020-10-24T05:58:13.750+0000][7][gc,phases    ] GC(136)   Pre Evacuate Collection Set: 1.7ms
[2020-10-24T05:58:13.750+0000][7][gc,phases    ] GC(136)   Merge Heap Roots: 0.5ms
[2020-10-24T05:58:13.751+0000][7][gc,phases    ] GC(136)   Evacuate Collection Set: 4.0ms
[2020-10-24T05:58:13.751+0000][7][gc,phases    ] GC(136)   Post Evacuate Collection Set: 0.9ms
[2020-10-24T05:58:13.751+0000][7][gc,phases    ] GC(136)   Other: 5.5ms
[2020-10-24T05:58:13.751+0000][7][gc,heap      ] GC(136) Eden regions: 58->0(57)
[2020-10-24T05:58:13.751+0000][7][gc,heap      ] GC(136) Survivor regions: 2->3(8)
[2020-10-24T05:58:13.751+0000][7][gc,heap      ] GC(136) Old regions: 110->110
[2020-10-24T05:58:13.752+0000][7][gc,heap      ] GC(136) Archive regions: 2->2
[2020-10-24T05:58:13.752+0000][7][gc,heap      ] GC(136) Humongous regions: 15->15
[2020-10-24T05:58:13.752+0000][7][gc,metaspace ] GC(136) Metaspace: 107320K(116132K)->107320K(116132K) NonClass: 93511K(98776K)->93511K(98776K) Class: 13809K(17356K)->13809K(17356K)
[2020-10-24T05:58:13.752+0000][7][gc           ] GC(136) Pause Young (Concurrent Start) (G1 Evacuation Pause) 184M->127M(256M) 14.403ms
[2020-10-24T05:58:13.752+0000][7][gc,cpu       ] GC(136) User=0.02s Sys=0.01s Real=0.01s
[2020-10-24T05:58:13.753+0000][7][gc           ] GC(137) Concurrent Cycle
[2020-10-24T05:58:13.753+0000][7][safepoint    ] Safepoint "G1CollectForAllocation", Time since last: 83391500 ns, Reaching safepoint: 857000 ns, At safepoint: 14851500 ns, Total: 15708500 ns
[2020-10-24T05:58:13.753+0000][7][gc,marking   ] GC(137) Concurrent Clear Claimed Marks
[2020-10-24T05:58:13.754+0000][7][gc,marking   ] GC(137) Concurrent Clear Claimed Marks 0.893ms
[2020-10-24T05:58:13.754+0000][7][gc,marking   ] GC(137) Concurrent Scan Root Regions
[2020-10-24T05:58:13.755+0000][7][gc,marking   ] GC(137) Concurrent Scan Root Regions 1.331ms
[2020-10-24T05:58:13.755+0000][7][gc,marking   ] GC(137) Concurrent Mark (851.122s)
[2020-10-24T05:58:13.755+0000][7][gc,marking   ] GC(137) Concurrent Mark From Roots
[2020-10-24T05:58:13.756+0000][7][gc,task      ] GC(137) Using 3 workers of 3 for marking
[2020-10-24T05:58:13.803+0000][7][gc,marking   ] GC(137) Concurrent Mark From Roots 47.954ms
[2020-10-24T05:58:13.804+0000][7][gc,marking   ] GC(137) Concurrent Preclean
[2020-10-24T05:58:13.804+0000][7][gc,marking   ] GC(137) Concurrent Preclean 0.674ms
[2020-10-24T05:58:13.805+0000][7][gc,marking   ] GC(137) Concurrent Mark (851.122s, 851.171s) 49.451ms
[2020-10-24T05:58:13.805+0000][7][gc,start     ] GC(137) Pause Remark
[2020-10-24T05:58:13.812+0000][7][gc           ] GC(137) Pause Remark 129M->129M(256M) 6.508ms
[2020-10-24T05:58:13.812+0000][7][gc,cpu       ] GC(137) User=0.03s Sys=0.00s Real=0.01s
[2020-10-24T05:58:13.813+0000][7][safepoint    ] Safepoint "G1Concurrent", Time since last: 52572800 ns, Reaching safepoint: 229500 ns, At safepoint: 7203900 ns, Total: 7433400 ns
[2020-10-24T05:58:13.813+0000][7][gc,marking   ] GC(137) Concurrent Rebuild Remembered Sets
[2020-10-24T05:58:13.846+0000][7][gc,marking   ] GC(137) Concurrent Rebuild Remembered Sets 32.739ms
[2020-10-24T05:58:13.846+0000][7][gc,start     ] GC(137) Pause Cleanup
[2020-10-24T05:58:13.847+0000][7][gc           ] GC(137) Pause Cleanup 129M->129M(256M) 0.528ms
[2020-10-24T05:58:13.847+0000][7][gc,cpu       ] GC(137) User=0.00s Sys=0.00s Real=0.00s
[2020-10-24T05:58:13.847+0000][7][safepoint    ] Safepoint "G1Concurrent", Time since last: 33539300 ns, Reaching safepoint: 263200 ns, At safepoint: 1126000 ns, Total: 1389200 ns
[2020-10-24T05:58:13.848+0000][7][gc,marking   ] GC(137) Concurrent Cleanup for Next Mark
[2020-10-24T05:58:13.848+0000][7][gc,marking   ] GC(137) Concurrent Cleanup for Next Mark 0.624ms
[2020-10-24T05:58:13.849+0000][7][gc           ] GC(137) Concurrent Cycle 96.232ms
[2020-10-24T05:58:14.849+0000][7][safepoint    ] Safepoint "Cleanup", Time since last: 1000541000 ns, Reaching safepoint: 829800 ns, At safepoint: 48900 ns, Total: 878700 ns
[2020-10-24T05:58:15.851+0000][7][safepoint    ] Safepoint "Cleanup", Time since last: 1001288500 ns, Reaching safepoint: 820400 ns, At safepoint: 48100 ns, Total: 868500 ns
[2020-10-24T05:58:17.734+0000][7][safepoint    ] Safepoint "Cleanup", Time since last: 1883072700 ns, Reaching safepoint: 267900 ns, At safepoint: 9400 ns, Total: 277300 ns
[2020-10-24T05:58:18.735+0000][7][safepoint    ] Safepoint "Cleanup", Time since last: 1000488300 ns, Reaching safepoint: 276900 ns, At safepoint: 15100 ns, Total: 292000 ns
[2020-10-24T05:58:19.736+0000][7][safepoint    ] Safepoint "Cleanup", Time since last: 1000535200 ns, Reaching safepoint: 233800 ns, At safepoint: 9900 ns, Total: 243700 ns
[2020-10-24T05:58:20.738+0000][7][safepoint    ] Safepoint "Cleanup", Time since last: 1000623200 ns, Reaching safepoint: 861800 ns, At safepoint: 50300 ns, Total: 912100 ns
[2020-10-24T05:58:21.740+0000][7][safepoint    ] Safepoint "Cleanup", Time since last: 1001198800 ns, Reaching safepoint: 787700 ns, At safepoint: 50100 ns, Total: 837800 ns
[2020-10-24T05:58:22.771+0000][7][safepoint    ] Safepoint "Cleanup", Time since last: 1030214700 ns, Reaching safepoint: 692500 ns, At safepoint: 79000 ns, Total: 771500 ns
[2020-10-24T05:58:22.811+0000][7][gc,start     ] GC(138) Pause Young (Normal) (G1 Evacuation Pause)
[2020-10-24T05:58:22.811+0000][7][gc,task      ] GC(138) Using 6 workers of 10 for evacuation
[2020-10-24T05:58:22.812+0000][7][gc,age       ] GC(138) Desired survivor size 4194304 bytes, new threshold 15 (max threshold 15)
[2020-10-24T05:58:22.815+0000][7][gc,age       ] GC(138) Age table with threshold 15 (max threshold 15)
[2020-10-24T05:58:22.816+0000][7][gc,age       ] GC(138) - age   1:    2308864 bytes,    2308864 total
[2020-10-24T05:58:22.816+0000][7][gc,age       ] GC(138) - age   2:     606624 bytes,    2915488 total
[2020-10-24T05:58:22.816+0000][7][gc,age       ] GC(138) - age   3:     277456 bytes,    3192944 total
[2020-10-24T05:58:22.817+0000][7][gc,age       ] GC(138) - age   4:     562456 bytes,    3755400 total
[2020-10-24T05:58:22.817+0000][7][gc,age       ] GC(138) - age   5:     203672 bytes,    3959072 total
[2020-10-24T05:58:22.817+0000][7][gc,age       ] GC(138) - age   6:     126472 bytes,    4085544 total
[2020-10-24T05:58:22.817+0000][7][gc,age       ] GC(138) - age   7:        704 bytes,    4086248 total
[2020-10-24T05:58:22.817+0000][7][gc,age       ] GC(138) - age   8:       8704 bytes,    4094952 total
[2020-10-24T05:58:22.818+0000][7][gc,phases    ] GC(138)   Pre Evacuate Collection Set: 0.1ms
[2020-10-24T05:58:22.818+0000][7][gc,phases    ] GC(138)   Merge Heap Roots: 0.2ms
[2020-10-24T05:58:22.818+0000][7][gc,phases    ] GC(138)   Evacuate Collection Set: 2.1ms
[2020-10-24T05:58:22.818+0000][7][gc,phases    ] GC(138)   Post Evacuate Collection Set: 0.9ms
[2020-10-24T05:58:22.819+0000][7][gc,phases    ] GC(138)   Other: 3.5ms
[2020-10-24T05:58:22.819+0000][7][gc,heap      ] GC(138) Eden regions: 57->0(54)
[2020-10-24T05:58:22.819+0000][7][gc,heap      ] GC(138) Survivor regions: 3->5(8)
[2020-10-24T05:58:22.819+0000][7][gc,heap      ] GC(138) Old regions: 110->110
[2020-10-24T05:58:22.819+0000][7][gc,heap      ] GC(138) Archive regions: 2->2
[2020-10-24T05:58:22.820+0000][7][gc,heap      ] GC(138) Humongous regions: 15->15
[2020-10-24T05:58:22.820+0000][7][gc,metaspace ] GC(138) Metaspace: 107356K(116132K)->107356K(116132K) NonClass: 93546K(98776K)->93546K(98776K) Class: 13809K(17356K)->13809K(17356K)
[2020-10-24T05:58:22.820+0000][7][gc           ] GC(138) Pause Young (Normal) (G1 Evacuation Pause) 184M->129M(256M) 8.891ms
[2020-10-24T05:58:22.820+0000][7][gc,cpu       ] GC(138) User=0.01s Sys=0.00s Real=0.01s
[2020-10-24T05:58:22.820+0000][7][safepoint    ] Safepoint "G1CollectForAllocation", Time since last: 40121100 ns, Reaching safepoint: 259900 ns, At safepoint: 9204500 ns, Total: 9464400 ns
[2020-10-24T05:58:23.649+0000][7][safepoint    ] Safepoint "BulkRevokeBias", Time since last: 824865100 ns, Reaching safepoint: 781200 ns, At safepoint: 2902500 ns, Total: 3683700 ns
[2020-10-24T05:58:24.650+0000][7][safepoint    ] Safepoint "Cleanup", Time since last: 1001183000 ns, Reaching safepoint: 231800 ns, At safepoint: 24200 ns, Total: 256000 ns
[2020-10-24T05:58:25.652+0000][7][safepoint    ] Safepoint "Cleanup", Time since last: 1000775500 ns, Reaching safepoint: 828900 ns, At safepoint: 49400 ns, Total: 878300 ns
[2020-10-24T05:58:25.772+0000][7][safepoint    ] Safepoint "BulkRevokeBias", Time since last: 118961100 ns, Reaching safepoint: 275100 ns, At safepoint: 759600 ns, Total: 1034700 ns
[2020-10-24T05:58:25.773+0000][7][safepoint    ] Safepoint "BulkRevokeBias", Time since last: 591200 ns, Reaching safepoint: 187500 ns, At safepoint: 755900 ns, Total: 943400 ns
[2020-10-24T05:58:25.790+0000][7][safepoint    ] Safepoint "ICBufferFull", Time since last: 15836500 ns, Reaching safepoint: 516600 ns, At safepoint: 76000 ns, Total: 592600 ns
[2020-10-24T05:58:27.439+0000][7][safepoint    ] Safepoint "Cleanup", Time since last: 1648505600 ns, Reaching safepoint: 355500 ns, At safepoint: 18200 ns, Total: 373700 ns
[2020-10-24T05:58:28.169+0000][7][gc,start     ] GC(139) Pause Young (Concurrent Start) (G1 Evacuation Pause)
[2020-10-24T05:58:28.169+0000][7][gc,task      ] GC(139) Using 6 workers of 10 for evacuation
[2020-10-24T05:58:28.170+0000][7][gc,age       ] GC(139) Desired survivor size 4194304 bytes, new threshold 15 (max threshold 15)
[2020-10-24T05:58:28.174+0000][7][gc,age       ] GC(139) Age table with threshold 15 (max threshold 15)
[2020-10-24T05:58:28.174+0000][7][gc,age       ] GC(139) - age   1:     908480 bytes,     908480 total
[2020-10-24T05:58:28.175+0000][7][gc,age       ] GC(139) - age   2:     659216 bytes,    1567696 total
[2020-10-24T05:58:28.175+0000][7][gc,age       ] GC(139) - age   3:     605824 bytes,    2173520 total
[2020-10-24T05:58:28.175+0000][7][gc,age       ] GC(139) - age   4:     265120 bytes,    2438640 total
[2020-10-24T05:58:28.175+0000][7][gc,age       ] GC(139) - age   5:      59816 bytes,    2498456 total
[2020-10-24T05:58:28.176+0000][7][gc,age       ] GC(139) - age   6:     203520 bytes,    2701976 total
[2020-10-24T05:58:28.176+0000][7][gc,age       ] GC(139) - age   7:     126472 bytes,    2828448 total
[2020-10-24T05:58:28.176+0000][7][gc,age       ] GC(139) - age   8:        704 bytes,    2829152 total
[2020-10-24T05:58:28.176+0000][7][gc,age       ] GC(139) - age   9:       8064 bytes,    2837216 total
[2020-10-24T05:58:28.177+0000][7][gc,phases    ] GC(139)   Pre Evacuate Collection Set: 0.7ms
[2020-10-24T05:58:28.177+0000][7][gc,phases    ] GC(139)   Merge Heap Roots: 0.2ms
[2020-10-24T05:58:28.177+0000][7][gc,phases    ] GC(139)   Evacuate Collection Set: 2.2ms
[2020-10-24T05:58:28.177+0000][7][gc,phases    ] GC(139)   Post Evacuate Collection Set: 1.0ms
[2020-10-24T05:58:28.178+0000][7][gc,phases    ] GC(139)   Other: 3.7ms
[2020-10-24T05:58:28.178+0000][7][gc,heap      ] GC(139) Eden regions: 54->0(57)
[2020-10-24T05:58:28.178+0000][7][gc,heap      ] GC(139) Survivor regions: 5->3(8)
[2020-10-24T05:58:28.178+0000][7][gc,heap      ] GC(139) Old regions: 110->110
[2020-10-24T05:58:28.178+0000][7][gc,heap      ] GC(139) Archive regions: 2->2
[2020-10-24T05:58:28.178+0000][7][gc,heap      ] GC(139) Humongous regions: 15->15
[2020-10-24T05:58:28.179+0000][7][gc,metaspace ] GC(139) Metaspace: 107377K(116132K)->107377K(116132K) NonClass: 93568K(98776K)->93568K(98776K) Class: 13809K(17356K)->13809K(17356K)
[2020-10-24T05:58:28.179+0000][7][gc           ] GC(139) Pause Young (Concurrent Start) (G1 Evacuation Pause) 183M->128M(256M) 9.880ms
[2020-10-24T05:58:28.179+0000][7][gc,cpu       ] GC(139) User=0.02s Sys=0.00s Real=0.01s
[2020-10-24T05:58:28.179+0000][7][gc           ] GC(140) Concurrent Cycle
[2020-10-24T05:58:28.179+0000][7][safepoint    ] Safepoint "G1CollectForAllocation", Time since last: 729975500 ns, Reaching safepoint: 261000 ns, At safepoint: 10291900 ns, Total: 10552900 ns
[2020-10-24T05:58:28.179+0000][7][gc,marking   ] GC(140) Concurrent Clear Claimed Marks
[2020-10-24T05:58:28.180+0000][7][gc,marking   ] GC(140) Concurrent Clear Claimed Marks 1.055ms
[2020-10-24T05:58:28.181+0000][7][gc,marking   ] GC(140) Concurrent Scan Root Regions
[2020-10-24T05:58:28.182+0000][7][gc,marking   ] GC(140) Concurrent Scan Root Regions 1.471ms
[2020-10-24T05:58:28.182+0000][7][gc,marking   ] GC(140) Concurrent Mark (865.549s)
[2020-10-24T05:58:28.182+0000][7][gc,marking   ] GC(140) Concurrent Mark From Roots
[2020-10-24T05:58:28.183+0000][7][gc,task      ] GC(140) Using 3 workers of 3 for marking
[2020-10-24T05:58:28.236+0000][7][gc,marking   ] GC(140) Concurrent Mark From Roots 54.037ms
[2020-10-24T05:58:28.237+0000][7][gc,marking   ] GC(140) Concurrent Preclean
[2020-10-24T05:58:28.237+0000][7][gc,marking   ] GC(140) Concurrent Preclean 0.663ms
[2020-10-24T05:58:28.238+0000][7][gc,marking   ] GC(140) Concurrent Mark (865.549s, 865.604s) 55.392ms
[2020-10-24T05:58:28.238+0000][7][gc,start     ] GC(140) Pause Remark
[2020-10-24T05:58:28.244+0000][7][gc           ] GC(140) Pause Remark 129M->129M(256M) 5.825ms
[2020-10-24T05:58:28.244+0000][7][gc,cpu       ] GC(140) User=0.03s Sys=0.00s Real=0.00s
[2020-10-24T05:58:28.245+0000][7][safepoint    ] Safepoint "G1Concurrent", Time since last: 58751000 ns, Reaching safepoint: 204000 ns, At safepoint: 6494800 ns, Total: 6698800 ns
[2020-10-24T05:58:28.245+0000][7][gc,marking   ] GC(140) Concurrent Rebuild Remembered Sets
[2020-10-24T05:58:28.278+0000][7][gc,marking   ] GC(140) Concurrent Rebuild Remembered Sets 32.860ms
[2020-10-24T05:58:28.278+0000][7][gc,start     ] GC(140) Pause Cleanup
[2020-10-24T05:58:28.279+0000][7][gc           ] GC(140) Pause Cleanup 129M->129M(256M) 0.500ms
[2020-10-24T05:58:28.279+0000][7][gc,cpu       ] GC(140) User=0.01s Sys=0.00s Real=0.00s
[2020-10-24T05:58:28.280+0000][7][safepoint    ] Safepoint "G1Concurrent", Time since last: 33678700 ns, Reaching safepoint: 191000 ns, At safepoint: 1108200 ns, Total: 1299200 ns
[2020-10-24T05:58:28.280+0000][7][gc,marking   ] GC(140) Concurrent Cleanup for Next Mark
[2020-10-24T05:58:28.281+0000][7][gc,marking   ] GC(140) Concurrent Cleanup for Next Mark 0.608ms
[2020-10-24T05:58:28.281+0000][7][gc           ] GC(140) Concurrent Cycle 101.676ms
[2020-10-24T05:58:29.280+0000][7][safepoint    ] Safepoint "Cleanup", Time since last: 1000442500 ns, Reaching safepoint: 273200 ns, At safepoint: 10200 ns, Total: 283400 ns
[2020-10-24T05:58:30.281+0000][7][safepoint    ] Safepoint "Cleanup", Time since last: 1000538600 ns, Reaching safepoint: 249200 ns, At safepoint: 11700 ns, Total: 260900 ns
[2020-10-24T05:58:31.282+0000][7][safepoint    ] Safepoint "Cleanup", Time since last: 1000572600 ns, Reaching safepoint: 214600 ns, At safepoint: 11100 ns, Total: 225700 ns
[2020-10-24T05:58:32.283+0000][7][safepoint    ] Safepoint "Cleanup", Time since last: 1000619800 ns, Reaching safepoint: 258700 ns, At safepoint: 13000 ns, Total: 271700 ns
[2020-10-24T05:58:33.284+0000][7][safepoint    ] Safepoint "Cleanup", Time since last: 1000646000 ns, Reaching safepoint: 882500 ns, At safepoint: 130400 ns, Total: 1012900 ns
[2020-10-24T05:58:34.286+0000][7][safepoint    ] Safepoint "Cleanup", Time since last: 1001315600 ns, Reaching safepoint: 277800 ns, At safepoint: 9900 ns, Total: 287700 ns
[2020-10-24T05:58:35.287+0000][7][safepoint    ] Safepoint "Cleanup", Time since last: 1000569500 ns, Reaching safepoint: 237900 ns, At safepoint: 11000 ns, Total: 248900 ns
[2020-10-24T05:58:36.289+0000][7][safepoint    ] Safepoint "Cleanup", Time since last: 1000725400 ns, Reaching safepoint: 868400 ns, At safepoint: 121500 ns, Total: 989900 ns
[2020-10-24T05:58:37.290+0000][7][safepoint    ] Safepoint "Cleanup", Time since last: 1001130000 ns, Reaching safepoint: 223300 ns, At safepoint: 9400 ns, Total: 232700 ns
[2020-10-24T05:58:38.291+0000][7][safepoint    ] Safepoint "Cleanup", Time since last: 1000506000 ns, Reaching safepoint: 830000 ns, At safepoint: 55300 ns, Total: 885300 ns
[2020-10-24T05:58:39.293+0000][7][safepoint    ] Safepoint "Cleanup", Time since last: 1001120800 ns, Reaching safepoint: 257500 ns, At safepoint: 9300 ns, Total: 266800 ns
[2020-10-24T05:58:40.294+0000][7][safepoint    ] Safepoint "Cleanup", Time since last: 1000580100 ns, Reaching safepoint: 220700 ns, At safepoint: 23300 ns, Total: 244000 ns
[2020-10-24T05:58:41.294+0000][7][safepoint    ] Safepoint "Cleanup", Time since last: 1000424600 ns, Reaching safepoint: 208300 ns, At safepoint: 28400 ns, Total: 236700 ns
[2020-10-24T05:58:42.295+0000][7][safepoint    ] Safepoint "Cleanup", Time since last: 1000480400 ns, Reaching safepoint: 624400 ns, At safepoint: 35800 ns, Total: 660200 ns
[2020-10-24T05:58:43.297+0000][7][safepoint    ] Safepoint "Cleanup", Time since last: 1000982000 ns, Reaching safepoint: 364500 ns, At safepoint: 22600 ns, Total: 387100 ns
[2020-10-24T05:58:44.298+0000][7][safepoint    ] Safepoint "Cleanup", Time since last: 1000692600 ns, Reaching safepoint: 264800 ns, At safepoint: 9400 ns, Total: 274200 ns
[2020-10-24T05:58:45.298+0000][7][safepoint    ] Safepoint "Cleanup", Time since last: 1000535700 ns, Reaching safepoint: 223000 ns, At safepoint: 24200 ns, Total: 247200 ns
[2020-10-24T05:58:46.300+0000][7][safepoint    ] Safepoint "Cleanup", Time since last: 1000662700 ns, Reaching safepoint: 858900 ns, At safepoint: 48400 ns, Total: 907300 ns
[2020-10-24T05:58:47.302+0000][7][safepoint    ] Safepoint "Cleanup", Time since last: 1001230300 ns, Reaching safepoint: 652300 ns, At safepoint: 100100 ns, Total: 752400 ns
[2020-10-24T05:58:48.303+0000][7][safepoint    ] Safepoint "Cleanup", Time since last: 1001083900 ns, Reaching safepoint: 297000 ns, At safepoint: 43300 ns, Total: 340300 ns
[2020-10-24T05:58:49.305+0000][7][safepoint    ] Safepoint "Cleanup", Time since last: 1000586800 ns, Reaching safepoint: 678700 ns, At safepoint: 40700 ns, Total: 719400 ns
[2020-10-24T05:58:50.306+0000][7][safepoint    ] Safepoint "Cleanup", Time since last: 1001058100 ns, Reaching safepoint: 277800 ns, At safepoint: 9600 ns, Total: 287400 ns
[2020-10-24T05:58:51.308+0000][7][safepoint    ] Safepoint "Cleanup", Time since last: 1000591400 ns, Reaching safepoint: 926200 ns, At safepoint: 130800 ns, Total: 1057000 ns
[2020-10-24T05:58:52.309+0000][7][safepoint    ] Safepoint "Cleanup", Time since last: 1001070100 ns, Reaching safepoint: 246300 ns, At safepoint: 35100 ns, Total: 281400 ns
[2020-10-24T05:58:53.310+0000][7][safepoint    ] Safepoint "Cleanup", Time since last: 1000549200 ns, Reaching safepoint: 551300 ns, At safepoint: 37900 ns, Total: 589200 ns
[2020-10-24T05:58:54.311+0000][7][safepoint    ] Safepoint "Cleanup", Time since last: 1000472200 ns, Reaching safepoint: 279100 ns, At safepoint: 10400 ns, Total: 289500 ns
[2020-10-24T05:58:55.312+0000][7][safepoint    ] Safepoint "Cleanup", Time since last: 1000650800 ns, Reaching safepoint: 660900 ns, At safepoint: 108100 ns, Total: 769000 ns
[2020-10-24T05:58:56.314+0000][7][safepoint    ] Safepoint "Cleanup", Time since last: 1001296000 ns, Reaching safepoint: 265000 ns, At safepoint: 24900 ns, Total: 289900 ns
[2020-10-24T05:58:57.316+0000][7][safepoint    ] Safepoint "Cleanup", Time since last: 1000703600 ns, Reaching safepoint: 972500 ns, At safepoint: 308200 ns, Total: 1280700 ns
[2020-10-24T05:58:58.317+0000][7][safepoint    ] Safepoint "Cleanup", Time since last: 1001046200 ns, Reaching safepoint: 273800 ns, At safepoint: 26900 ns, Total: 300700 ns
[2020-10-24T05:58:59.319+0000][7][safepoint    ] Safepoint "Cleanup", Time since last: 1000596900 ns, Reaching safepoint: 626200 ns, At safepoint: 40500 ns, Total: 666700 ns
[2020-10-24T05:59:00.320+0000][7][safepoint    ] Safepoint "Cleanup", Time since last: 1000958200 ns, Reaching safepoint: 255900 ns, At safepoint: 9800 ns, Total: 265700 ns
[2020-10-24T05:59:01.321+0000][7][safepoint    ] Safepoint "Cleanup", Time since last: 1000595100 ns, Reaching safepoint: 853300 ns, At safepoint: 49600 ns, Total: 902900 ns
[2020-10-24T05:59:02.324+0000][7][safepoint    ] Safepoint "Cleanup", Time since last: 1001242000 ns, Reaching safepoint: 974100 ns, At safepoint: 122700 ns, Total: 1096800 ns
[2020-10-24T05:59:03.325+0000][7][safepoint    ] Safepoint "Cleanup", Time since last: 1001133900 ns, Reaching safepoint: 264900 ns, At safepoint: 9900 ns, Total: 274800 ns
[2020-10-24T05:59:04.326+0000][7][safepoint    ] Safepoint "Cleanup", Time since last: 1000563100 ns, Reaching safepoint: 390300 ns, At safepoint: 24400 ns, Total: 414700 ns
[2020-10-24T05:59:05.328+0000][7][safepoint    ] Safepoint "Cleanup", Time since last: 1000806500 ns, Reaching safepoint: 701600 ns, At safepoint: 36800 ns, Total: 738400 ns
[2020-10-24T05:59:06.329+0000][7][safepoint    ] Safepoint "Cleanup", Time since last: 1001080900 ns, Reaching safepoint: 770100 ns, At safepoint: 50700 ns, Total: 820800 ns
[2020-10-24T05:59:07.331+0000][7][safepoint    ] Safepoint "Cleanup", Time since last: 1001074200 ns, Reaching safepoint: 245100 ns, At safepoint: 17700 ns, Total: 262800 ns
[2020-10-24T05:59:08.332+0000][7][safepoint    ] Safepoint "Cleanup", Time since last: 1000449000 ns, Reaching safepoint: 276600 ns, At safepoint: 10800 ns, Total: 287400 ns
[2020-10-24T05:59:09.332+0000][7][safepoint    ] Safepoint "Cleanup", Time since last: 1000508800 ns, Reaching safepoint: 259800 ns, At safepoint: 9500 ns, Total: 269300 ns
[2020-10-24T05:59:10.334+0000][7][safepoint    ] Safepoint "Cleanup", Time since last: 1000546900 ns, Reaching safepoint: 810700 ns, At safepoint: 48200 ns, Total: 858900 ns
[2020-10-24T05:59:11.336+0000][7][safepoint    ] Safepoint "Cleanup", Time since last: 1001366300 ns, Reaching safepoint: 804600 ns, At safepoint: 49800 ns, Total: 854400 ns
[2020-10-24T05:59:12.337+0000][7][safepoint    ] Safepoint "Cleanup", Time since last: 1001218400 ns, Reaching safepoint: 281800 ns, At safepoint: 9700 ns, Total: 291500 ns
[2020-10-24T05:59:13.338+0000][7][safepoint    ] Safepoint "Cleanup", Time since last: 1000546000 ns, Reaching safepoint: 288900 ns, At safepoint: 19700 ns, Total: 308600 ns
[2020-10-24T05:59:14.339+0000][7][safepoint    ] Safepoint "Cleanup", Time since last: 1000528200 ns, Reaching safepoint: 332800 ns, At safepoint: 19400 ns, Total: 352200 ns
[2020-10-24T05:59:15.341+0000][7][safepoint    ] Safepoint "Cleanup", Time since last: 1000872600 ns, Reaching safepoint: 797900 ns, At safepoint: 49800 ns, Total: 847700 ns
[2020-10-24T05:59:15.594+0000][7][gc,start     ] GC(141) Pause Young (Normal) (G1 Evacuation Pause)
[2020-10-24T05:59:15.594+0000][7][gc,task      ] GC(141) Using 6 workers of 10 for evacuation
[2020-10-24T05:59:15.594+0000][7][gc,age       ] GC(141) Desired survivor size 4194304 bytes, new threshold 15 (max threshold 15)
[2020-10-24T05:59:15.598+0000][7][gc,age       ] GC(141) Age table with threshold 15 (max threshold 15)
[2020-10-24T05:59:15.598+0000][7][gc,age       ] GC(141) - age   1:     342184 bytes,     342184 total
[2020-10-24T05:59:15.599+0000][7][gc,age       ] GC(141) - age   2:     782608 bytes,    1124792 total
[2020-10-24T05:59:15.599+0000][7][gc,age       ] GC(141) - age   3:     616416 bytes,    1741208 total
[2020-10-24T05:59:15.599+0000][7][gc,age       ] GC(141) - age   4:     552968 bytes,    2294176 total
[2020-10-24T05:59:15.599+0000][7][gc,age       ] GC(141) - age   5:     251504 bytes,    2545680 total
[2020-10-24T05:59:15.600+0000][7][gc,age       ] GC(141) - age   6:      54240 bytes,    2599920 total
[2020-10-24T05:59:15.600+0000][7][gc,age       ] GC(141) - age   7:     203480 bytes,    2803400 total
[2020-10-24T05:59:15.600+0000][7][gc,age       ] GC(141) - age   8:     126472 bytes,    2929872 total
[2020-10-24T05:59:15.600+0000][7][gc,age       ] GC(141) - age   9:        704 bytes,    2930576 total
[2020-10-24T05:59:15.600+0000][7][gc,age       ] GC(141) - age  10:       7776 bytes,    2938352 total
[2020-10-24T05:59:15.601+0000][7][gc,phases    ] GC(141)   Pre Evacuate Collection Set: 0.1ms
[2020-10-24T05:59:15.601+0000][7][gc,phases    ] GC(141)   Merge Heap Roots: 0.2ms
[2020-10-24T05:59:15.601+0000][7][gc,phases    ] GC(141)   Evacuate Collection Set: 1.9ms
[2020-10-24T05:59:15.601+0000][7][gc,phases    ] GC(141)   Post Evacuate Collection Set: 1.0ms
[2020-10-24T05:59:15.601+0000][7][gc,phases    ] GC(141)   Other: 3.6ms
[2020-10-24T05:59:15.601+0000][7][gc,heap      ] GC(141) Eden regions: 57->0(57)
[2020-10-24T05:59:15.602+0000][7][gc,heap      ] GC(141) Survivor regions: 3->4(8)
[2020-10-24T05:59:15.602+0000][7][gc,heap      ] GC(141) Old regions: 110->110
[2020-10-24T05:59:15.602+0000][7][gc,heap      ] GC(141) Archive regions: 2->2
[2020-10-24T05:59:15.602+0000][7][gc,heap      ] GC(141) Humongous regions: 15->15
[2020-10-24T05:59:15.602+0000][7][gc,metaspace ] GC(141) Metaspace: 107424K(116132K)->107424K(116132K) NonClass: 93615K(98776K)->93615K(98776K) Class: 13809K(17356K)->13809K(17356K)
[2020-10-24T05:59:15.603+0000][7][gc           ] GC(141) Pause Young (Normal) (G1 Evacuation Pause) 185M->128M(256M) 8.687ms
[2020-10-24T05:59:15.603+0000][7][gc,cpu       ] GC(141) User=0.00s Sys=0.01s Real=0.01s
[2020-10-24T05:59:15.603+0000][7][safepoint    ] Safepoint "G1CollectForAllocation", Time since last: 252617300 ns, Reaching safepoint: 268200 ns, At safepoint: 9098500 ns, Total: 9366700 ns
[2020-10-24T05:59:16.604+0000][7][safepoint    ] Safepoint "Cleanup", Time since last: 1000421600 ns, Reaching safepoint: 270700 ns, At safepoint: 9600 ns, Total: 280300 ns
[2020-10-24T05:59:17.604+0000][7][safepoint    ] Safepoint "Cleanup", Time since last: 1000581000 ns, Reaching safepoint: 232400 ns, At safepoint: 9700 ns, Total: 242100 ns
[2020-10-24T05:59:18.606+0000][7][safepoint    ] Safepoint "Cleanup", Time since last: 1000600100 ns, Reaching safepoint: 818400 ns, At safepoint: 49100 ns, Total: 867500 ns
[2020-10-24T05:59:19.608+0000][7][safepoint    ] Safepoint "Cleanup", Time since last: 1001304500 ns, Reaching safepoint: 331300 ns, At safepoint: 27500 ns, Total: 358800 ns
[2020-10-24T05:59:20.609+0000][7][safepoint    ] Safepoint "Cleanup", Time since last: 1000729700 ns, Reaching safepoint: 842400 ns, At safepoint: 50800 ns, Total: 893200 ns
[2020-10-24T05:59:21.611+0000][7][safepoint    ] Safepoint "Cleanup", Time since last: 1001321100 ns, Reaching safepoint: 890700 ns, At safepoint: 52400 ns, Total: 943100 ns
[2020-10-24T05:59:22.614+0000][7][safepoint    ] Safepoint "Cleanup", Time since last: 1001261700 ns, Reaching safepoint: 842100 ns, At safepoint: 48900 ns, Total: 891000 ns
[2020-10-24T05:59:22.628+0000][7][safepoint    ] Safepoint "BulkRevokeBias", Time since last: 7749800 ns, Reaching safepoint: 862700 ns, At safepoint: 6145400 ns, Total: 7008100 ns
[2020-10-24T05:59:22.904+0000][7][gc,start     ] GC(142) Pause Young (Concurrent Start) (G1 Evacuation Pause)
[2020-10-24T05:59:22.904+0000][7][gc,task      ] GC(142) Using 6 workers of 10 for evacuation
[2020-10-24T05:59:22.905+0000][7][gc,age       ] GC(142) Desired survivor size 4194304 bytes, new threshold 15 (max threshold 15)
[2020-10-24T05:59:22.909+0000][7][gc,age       ] GC(142) Age table with threshold 15 (max threshold 15)
[2020-10-24T05:59:22.909+0000][7][gc,age       ] GC(142) - age   1:    1356344 bytes,    1356344 total
[2020-10-24T05:59:22.910+0000][7][gc,age       ] GC(142) - age   2:     270152 bytes,    1626496 total
[2020-10-24T05:59:22.910+0000][7][gc,age       ] GC(142) - age   3:     779744 bytes,    2406240 total
[2020-10-24T05:59:22.910+0000][7][gc,age       ] GC(142) - age   4:     599824 bytes,    3006064 total
[2020-10-24T05:59:22.911+0000][7][gc,age       ] GC(142) - age   5:     552968 bytes,    3559032 total
[2020-10-24T05:59:22.911+0000][7][gc,age       ] GC(142) - age   6:     251504 bytes,    3810536 total
[2020-10-24T05:59:22.911+0000][7][gc,age       ] GC(142) - age   7:      54240 bytes,    3864776 total
[2020-10-24T05:59:22.911+0000][7][gc,age       ] GC(142) - age   8:     195624 bytes,    4060400 total
[2020-10-24T05:59:22.912+0000][7][gc,age       ] GC(142) - age   9:     126472 bytes,    4186872 total
[2020-10-24T05:59:22.912+0000][7][gc,age       ] GC(142) - age  10:        704 bytes,    4187576 total
[2020-10-24T05:59:22.912+0000][7][gc,age       ] GC(142) - age  11:       7776 bytes,    4195352 total
[2020-10-24T05:59:22.912+0000][7][gc,phases    ] GC(142)   Pre Evacuate Collection Set: 0.6ms
[2020-10-24T05:59:22.912+0000][7][gc,phases    ] GC(142)   Merge Heap Roots: 0.2ms
[2020-10-24T05:59:22.913+0000][7][gc,phases    ] GC(142)   Evacuate Collection Set: 2.0ms
[2020-10-24T05:59:22.913+0000][7][gc,phases    ] GC(142)   Post Evacuate Collection Set: 1.4ms
[2020-10-24T05:59:22.913+0000][7][gc,phases    ] GC(142)   Other: 4.3ms
[2020-10-24T05:59:22.913+0000][7][gc,heap      ] GC(142) Eden regions: 57->0(55)
[2020-10-24T05:59:22.914+0000][7][gc,heap      ] GC(142) Survivor regions: 4->5(8)
[2020-10-24T05:59:22.914+0000][7][gc,heap      ] GC(142) Old regions: 110->110
[2020-10-24T05:59:22.914+0000][7][gc,heap      ] GC(142) Archive regions: 2->2
[2020-10-24T05:59:22.914+0000][7][gc,heap      ] GC(142) Humongous regions: 15->15
[2020-10-24T05:59:22.915+0000][7][gc,metaspace ] GC(142) Metaspace: 107465K(116132K)->107465K(116132K) NonClass: 93654K(98776K)->93654K(98776K) Class: 13811K(17356K)->13811K(17356K)
[2020-10-24T05:59:22.915+0000][7][gc           ] GC(142) Pause Young (Concurrent Start) (G1 Evacuation Pause) 185M->129M(256M) 10.938ms
[2020-10-24T05:59:22.915+0000][7][gc,cpu       ] GC(142) User=0.00s Sys=0.01s Real=0.01s
[2020-10-24T05:59:22.915+0000][7][safepoint    ] Safepoint "G1CollectForAllocation", Time since last: 275140200 ns, Reaching safepoint: 267700 ns, At safepoint: 11472100 ns, Total: 11739800 ns
[2020-10-24T05:59:22.915+0000][7][gc           ] GC(143) Concurrent Cycle
[2020-10-24T05:59:22.916+0000][7][gc,marking   ] GC(143) Concurrent Clear Claimed Marks
[2020-10-24T05:59:22.917+0000][7][gc,marking   ] GC(143) Concurrent Clear Claimed Marks 1.049ms
[2020-10-24T05:59:22.917+0000][7][gc,marking   ] GC(143) Concurrent Scan Root Regions
[2020-10-24T05:59:22.918+0000][7][gc,marking   ] GC(143) Concurrent Scan Root Regions 1.261ms
[2020-10-24T05:59:22.919+0000][7][gc,marking   ] GC(143) Concurrent Mark (920.285s)
[2020-10-24T05:59:22.919+0000][7][gc,marking   ] GC(143) Concurrent Mark From Roots
[2020-10-24T05:59:22.919+0000][7][gc,task      ] GC(143) Using 3 workers of 3 for marking
[2020-10-24T05:59:22.973+0000][7][gc,marking   ] GC(143) Concurrent Mark From Roots 54.412ms
[2020-10-24T05:59:22.974+0000][7][gc,marking   ] GC(143) Concurrent Preclean
[2020-10-24T05:59:22.974+0000][7][gc,marking   ] GC(143) Concurrent Preclean 0.657ms
[2020-10-24T05:59:22.974+0000][7][gc,marking   ] GC(143) Concurrent Mark (920.285s, 920.341s) 55.897ms
[2020-10-24T05:59:22.975+0000][7][gc,start     ] GC(143) Pause Remark
[2020-10-24T05:59:22.981+0000][7][gc           ] GC(143) Pause Remark 154M->154M(256M) 6.289ms
[2020-10-24T05:59:22.982+0000][7][gc,cpu       ] GC(143) User=0.03s Sys=0.00s Real=0.01s
[2020-10-24T05:59:22.982+0000][7][safepoint    ] Safepoint "G1Concurrent", Time since last: 59568200 ns, Reaching safepoint: 243300 ns, At safepoint: 6954100 ns, Total: 7197400 ns
[2020-10-24T05:59:22.982+0000][7][gc,marking   ] GC(143) Concurrent Rebuild Remembered Sets
[2020-10-24T05:59:23.018+0000][7][gc,marking   ] GC(143) Concurrent Rebuild Remembered Sets 35.337ms
[2020-10-24T05:59:23.018+0000][7][gc,start     ] GC(143) Pause Cleanup
[2020-10-24T05:59:23.019+0000][7][gc           ] GC(143) Pause Cleanup 154M->154M(256M) 0.521ms
[2020-10-24T05:59:23.019+0000][7][gc,cpu       ] GC(143) User=0.00s Sys=0.00s Real=0.00s
[2020-10-24T05:59:23.019+0000][7][safepoint    ] Safepoint "G1Concurrent", Time since last: 36155300 ns, Reaching safepoint: 185200 ns, At safepoint: 1092700 ns, Total: 1277900 ns
[2020-10-24T05:59:23.020+0000][7][gc,marking   ] GC(143) Concurrent Cleanup for Next Mark
[2020-10-24T05:59:23.020+0000][7][gc,marking   ] GC(143) Concurrent Cleanup for Next Mark 0.668ms
[2020-10-24T05:59:23.021+0000][7][gc           ] GC(143) Concurrent Cycle 105.503ms
[2020-10-24T05:59:23.937+0000][7][safepoint    ] Safepoint "BulkRevokeBias", Time since last: 915923500 ns, Reaching safepoint: 278700 ns, At safepoint: 1072200 ns, Total: 1350900 ns
[2020-10-24T05:59:24.938+0000][7][safepoint    ] Safepoint "Cleanup", Time since last: 1000775600 ns, Reaching safepoint: 664900 ns, At safepoint: 52800 ns, Total: 717700 ns
[2020-10-24T05:59:26.752+0000][7][safepoint    ] Safepoint "Cleanup", Time since last: 1813872100 ns, Reaching safepoint: 234000 ns, At safepoint: 10300 ns, Total: 244300 ns
[2020-10-24T05:59:27.754+0000][7][safepoint    ] Safepoint "Cleanup", Time since last: 1000549500 ns, Reaching safepoint: 955000 ns, At safepoint: 50000 ns, Total: 1005000 ns
[2020-10-24T05:59:28.755+0000][7][safepoint    ] Safepoint "Cleanup", Time since last: 1001131100 ns, Reaching safepoint: 278400 ns, At safepoint: 10600 ns, Total: 289000 ns
[2020-10-24T05:59:28.760+0000][7][safepoint    ] Safepoint "BulkRevokeBias", Time since last: 4046200 ns, Reaching safepoint: 256400 ns, At safepoint: 767100 ns, Total: 1023500 ns
[2020-10-24T05:59:28.762+0000][7][safepoint    ] Safepoint "BulkRevokeBias", Time since last: 637400 ns, Reaching safepoint: 245800 ns, At safepoint: 878300 ns, Total: 1124100 ns
[2020-10-24T05:59:29.475+0000][7][gc,start     ] GC(144) Pause Young (Normal) (G1 Evacuation Pause)
[2020-10-24T05:59:29.475+0000][7][gc,task      ] GC(144) Using 6 workers of 10 for evacuation
[2020-10-24T05:59:29.476+0000][7][gc,age       ] GC(144) Desired survivor size 4194304 bytes, new threshold 11 (max threshold 15)
[2020-10-24T05:59:29.480+0000][7][gc,age       ] GC(144) Age table with threshold 11 (max threshold 15)
[2020-10-24T05:59:29.480+0000][7][gc,age       ] GC(144) - age   1:     630920 bytes,     630920 total
[2020-10-24T05:59:29.480+0000][7][gc,age       ] GC(144) - age   2:     284096 bytes,     915016 total
[2020-10-24T05:59:29.481+0000][7][gc,age       ] GC(144) - age   3:     257104 bytes,    1172120 total
[2020-10-24T05:59:29.481+0000][7][gc,age       ] GC(144) - age   4:     490408 bytes,    1662528 total
[2020-10-24T05:59:29.481+0000][7][gc,age       ] GC(144) - age   5:     591720 bytes,    2254248 total
[2020-10-24T05:59:29.481+0000][7][gc,age       ] GC(144) - age   6:     544608 bytes,    2798856 total
[2020-10-24T05:59:29.482+0000][7][gc,age       ] GC(144) - age   7:     251504 bytes,    3050360 total
[2020-10-24T05:59:29.482+0000][7][gc,age       ] GC(144) - age   8:      53632 bytes,    3103992 total
[2020-10-24T05:59:29.482+0000][7][gc,age       ] GC(144) - age   9:      12880 bytes,    3116872 total
[2020-10-24T05:59:29.482+0000][7][gc,age       ] GC(144) - age  10:     126472 bytes,    3243344 total
[2020-10-24T05:59:29.482+0000][7][gc,age       ] GC(144) - age  11:        704 bytes,    3244048 total
[2020-10-24T05:59:29.483+0000][7][gc,phases    ] GC(144)   Pre Evacuate Collection Set: 0.1ms
[2020-10-24T05:59:29.483+0000][7][gc,phases    ] GC(144)   Merge Heap Roots: 0.1ms
[2020-10-24T05:59:29.483+0000][7][gc,phases    ] GC(144)   Evacuate Collection Set: 2.2ms
[2020-10-24T05:59:29.483+0000][7][gc,phases    ] GC(144)   Post Evacuate Collection Set: 1.3ms
[2020-10-24T05:59:29.483+0000][7][gc,phases    ] GC(144)   Other: 3.9ms
[2020-10-24T05:59:29.484+0000][7][gc,heap      ] GC(144) Eden regions: 55->0(57)
[2020-10-24T05:59:29.484+0000][7][gc,heap      ] GC(144) Survivor regions: 5->4(8)
[2020-10-24T05:59:29.484+0000][7][gc,heap      ] GC(144) Old regions: 110->110
[2020-10-24T05:59:29.484+0000][7][gc,heap      ] GC(144) Archive regions: 2->2
[2020-10-24T05:59:29.484+0000][7][gc,heap      ] GC(144) Humongous regions: 15->15
[2020-10-24T05:59:29.485+0000][7][gc,metaspace ] GC(144) Metaspace: 107489K(116132K)->107489K(116132K) NonClass: 93677K(98776K)->93677K(98776K) Class: 13811K(17356K)->13811K(17356K)
[2020-10-24T05:59:29.485+0000][7][gc           ] GC(144) Pause Young (Normal) (G1 Evacuation Pause) 184M->128M(256M) 9.977ms
[2020-10-24T05:59:29.485+0000][7][gc,cpu       ] GC(144) User=0.02s Sys=0.00s Real=0.01s
[2020-10-24T05:59:29.485+0000][7][safepoint    ] Safepoint "G1CollectForAllocation", Time since last: 712510000 ns, Reaching safepoint: 263800 ns, At safepoint: 10392600 ns, Total: 10656400 ns
[2020-10-24T05:59:30.486+0000][7][safepoint    ] Safepoint "Cleanup", Time since last: 1000330800 ns, Reaching safepoint: 228600 ns, At safepoint: 10400 ns, Total: 239000 ns
[2020-10-24T05:59:31.487+0000][7][safepoint    ] Safepoint "Cleanup", Time since last: 1000681200 ns, Reaching safepoint: 231900 ns, At safepoint: 25100 ns, Total: 257000 ns
[2020-10-24T05:59:32.488+0000][7][safepoint    ] Safepoint "Cleanup", Time since last: 1000450000 ns, Reaching safepoint: 332600 ns, At safepoint: 10200 ns, Total: 342800 ns
[2020-10-24T05:59:33.489+0000][7][safepoint    ] Safepoint "Cleanup", Time since last: 1000579200 ns, Reaching safepoint: 432800 ns, At safepoint: 25100 ns, Total: 457900 ns
[2020-10-24T05:59:34.490+0000][7][safepoint    ] Safepoint "Cleanup", Time since last: 1000799100 ns, Reaching safepoint: 962500 ns, At safepoint: 51000 ns, Total: 1013500 ns
[2020-10-24T05:59:35.493+0000][7][safepoint    ] Safepoint "Cleanup", Time since last: 1001789100 ns, Reaching safepoint: 952500 ns, At safepoint: 55300 ns, Total: 1007800 ns
[2020-10-24T05:59:36.495+0000][7][safepoint    ] Safepoint "Cleanup", Time since last: 1001210300 ns, Reaching safepoint: 234900 ns, At safepoint: 9500 ns, Total: 244400 ns
[2020-10-24T05:59:37.496+0000][7][safepoint    ] Safepoint "Cleanup", Time since last: 1000666700 ns, Reaching safepoint: 746400 ns, At safepoint: 49600 ns, Total: 796000 ns
[2020-10-24T05:59:38.498+0000][7][safepoint    ] Safepoint "Cleanup", Time since last: 1001152300 ns, Reaching safepoint: 211900 ns, At safepoint: 23200 ns, Total: 235100 ns
[2020-10-24T05:59:39.498+0000][7][safepoint    ] Safepoint "Cleanup", Time since last: 1000576900 ns, Reaching safepoint: 278100 ns, At safepoint: 9300 ns, Total: 287400 ns
[2020-10-24T05:59:40.499+0000][7][safepoint    ] Safepoint "Cleanup", Time since last: 1000451700 ns, Reaching safepoint: 211300 ns, At safepoint: 9700 ns, Total: 221000 ns
[2020-10-24T05:59:41.501+0000][7][safepoint    ] Safepoint "Cleanup", Time since last: 1000621500 ns, Reaching safepoint: 776400 ns, At safepoint: 50600 ns, Total: 827000 ns
[2020-10-24T05:59:42.503+0000][7][safepoint    ] Safepoint "Cleanup", Time since last: 1001219700 ns, Reaching safepoint: 814400 ns, At safepoint: 49800 ns, Total: 864200 ns
[2020-10-24T05:59:43.504+0000][7][safepoint    ] Safepoint "Cleanup", Time since last: 1001414800 ns, Reaching safepoint: 264000 ns, At safepoint: 9400 ns, Total: 273400 ns
[2020-10-24T05:59:44.506+0000][7][safepoint    ] Safepoint "Cleanup", Time since last: 1000683400 ns, Reaching safepoint: 816300 ns, At safepoint: 52700 ns, Total: 869000 ns
[2020-10-24T05:59:45.508+0000][7][safepoint    ] Safepoint "Cleanup", Time since last: 1001543500 ns, Reaching safepoint: 422100 ns, At safepoint: 24300 ns, Total: 446400 ns
[2020-10-24T05:59:46.510+0000][7][safepoint    ] Safepoint "Cleanup", Time since last: 1000961300 ns, Reaching safepoint: 833800 ns, At safepoint: 98700 ns, Total: 932500 ns
[2020-10-24T05:59:47.511+0000][7][safepoint    ] Safepoint "Cleanup", Time since last: 1001244100 ns, Reaching safepoint: 237500 ns, At safepoint: 9600 ns, Total: 247100 ns
[2020-10-24T05:59:48.513+0000][7][safepoint    ] Safepoint "Cleanup", Time since last: 1000626600 ns, Reaching safepoint: 1338800 ns, At safepoint: 50900 ns, Total: 1389700 ns
[2020-10-24T05:59:49.515+0000][7][safepoint    ] Safepoint "Cleanup", Time since last: 1001169000 ns, Reaching safepoint: 527800 ns, At safepoint: 31000 ns, Total: 558800 ns
[2020-10-24T05:59:50.517+0000][7][safepoint    ] Safepoint "Cleanup", Time since last: 1000952100 ns, Reaching safepoint: 834900 ns, At safepoint: 49000 ns, Total: 883900 ns
[2020-10-24T05:59:51.518+0000][7][safepoint    ] Safepoint "Cleanup", Time since last: 1001147200 ns, Reaching safepoint: 194400 ns, At safepoint: 10100 ns, Total: 204500 ns
[2020-10-24T05:59:52.520+0000][7][safepoint    ] Safepoint "Cleanup", Time since last: 1000591600 ns, Reaching safepoint: 866000 ns, At safepoint: 50300 ns, Total: 916300 ns
[2020-10-24T05:59:53.522+0000][7][safepoint    ] Safepoint "Cleanup", Time since last: 1001358700 ns, Reaching safepoint: 813800 ns, At safepoint: 96700 ns, Total: 910500 ns
[2020-10-24T05:59:54.523+0000][7][safepoint    ] Safepoint "Cleanup", Time since last: 1001275800 ns, Reaching safepoint: 226300 ns, At safepoint: 10000 ns, Total: 236300 ns
[2020-10-24T05:59:55.524+0000][7][safepoint    ] Safepoint "Cleanup", Time since last: 1000545100 ns, Reaching safepoint: 220400 ns, At safepoint: 12600 ns, Total: 233000 ns
[2020-10-24T05:59:56.525+0000][7][safepoint    ] Safepoint "Cleanup", Time since last: 1000469900 ns, Reaching safepoint: 314800 ns, At safepoint: 35500 ns, Total: 350300 ns
[2020-10-24T05:59:57.526+0000][7][safepoint    ] Safepoint "Cleanup", Time since last: 1000442200 ns, Reaching safepoint: 560800 ns, At safepoint: 92700 ns, Total: 653500 ns
[2020-10-24T05:59:58.527+0000][7][safepoint    ] Safepoint "Cleanup", Time since last: 1000792700 ns, Reaching safepoint: 306000 ns, At safepoint: 15700 ns, Total: 321700 ns
[2020-10-24T05:59:59.529+0000][7][safepoint    ] Safepoint "Cleanup", Time since last: 1000638700 ns, Reaching safepoint: 848600 ns, At safepoint: 49000 ns, Total: 897600 ns
[2020-10-24T06:00:00.531+0000][7][safepoint    ] Safepoint "Cleanup", Time since last: 1001351000 ns, Reaching safepoint: 385000 ns, At safepoint: 20500 ns, Total: 405500 ns
[2020-10-24T06:00:01.532+0000][7][safepoint    ] Safepoint "Cleanup", Time since last: 1000810200 ns, Reaching safepoint: 853700 ns, At safepoint: 48400 ns, Total: 902100 ns
[2020-10-24T06:00:02.534+0000][7][safepoint    ] Safepoint "Cleanup", Time since last: 1001246800 ns, Reaching safepoint: 859400 ns, At safepoint: 48600 ns, Total: 908000 ns
[2020-10-24T06:00:03.536+0000][7][safepoint    ] Safepoint "Cleanup", Time since last: 1001122500 ns, Reaching safepoint: 277200 ns, At safepoint: 18500 ns, Total: 295700 ns
[2020-10-24T06:00:04.537+0000][7][safepoint    ] Safepoint "Cleanup", Time since last: 1000539300 ns, Reaching safepoint: 828400 ns, At safepoint: 50600 ns, Total: 879000 ns
[2020-10-24T06:00:05.539+0000][7][safepoint    ] Safepoint "Cleanup", Time since last: 1001297300 ns, Reaching safepoint: 706800 ns, At safepoint: 40400 ns, Total: 747200 ns
[2020-10-24T06:00:06.541+0000][7][safepoint    ] Safepoint "Cleanup", Time since last: 1001239500 ns, Reaching safepoint: 795600 ns, At safepoint: 49600 ns, Total: 845200 ns
[2020-10-24T06:00:07.544+0000][7][safepoint    ] Safepoint "Cleanup", Time since last: 1001279300 ns, Reaching safepoint: 823800 ns, At safepoint: 49000 ns, Total: 872800 ns
[2020-10-24T06:00:08.546+0000][7][safepoint    ] Safepoint "Cleanup", Time since last: 1001271400 ns, Reaching safepoint: 842900 ns, At safepoint: 49100 ns, Total: 892000 ns
[2020-10-24T06:00:09.547+0000][7][safepoint    ] Safepoint "Cleanup", Time since last: 1001266300 ns, Reaching safepoint: 333400 ns, At safepoint: 29800 ns, Total: 363200 ns
[2020-10-24T06:00:10.548+0000][7][safepoint    ] Safepoint "Cleanup", Time since last: 1000671900 ns, Reaching safepoint: 310500 ns, At safepoint: 18200 ns, Total: 328700 ns
[2020-10-24T06:00:11.549+0000][7][safepoint    ] Safepoint "Cleanup", Time since last: 1000615000 ns, Reaching safepoint: 254100 ns, At safepoint: 9700 ns, Total: 263800 ns
[2020-10-24T06:00:12.551+0000][7][safepoint    ] Safepoint "Cleanup", Time since last: 1000550500 ns, Reaching safepoint: 818800 ns, At safepoint: 48600 ns, Total: 867400 ns
[2020-10-24T06:00:13.553+0000][7][safepoint    ] Safepoint "Cleanup", Time since last: 1001282100 ns, Reaching safepoint: 811900 ns, At safepoint: 48600 ns, Total: 860500 ns
[2020-10-24T06:00:13.653+0000][7][gc,start     ] GC(145) Pause Young (Concurrent Start) (G1 Evacuation Pause)
[2020-10-24T06:00:13.654+0000][7][gc,task      ] GC(145) Using 6 workers of 10 for evacuation
[2020-10-24T06:00:13.655+0000][7][gc,age       ] GC(145) Desired survivor size 4194304 bytes, new threshold 15 (max threshold 15)
[2020-10-24T06:00:13.664+0000][7][gc,age       ] GC(145) Age table with threshold 15 (max threshold 15)
[2020-10-24T06:00:13.664+0000][7][gc,age       ] GC(145) - age   1:     242600 bytes,     242600 total
[2020-10-24T06:00:13.664+0000][7][gc,age       ] GC(145) - age   2:     527240 bytes,     769840 total
[2020-10-24T06:00:13.664+0000][7][gc,age       ] GC(145) - age   3:     258048 bytes,    1027888 total
[2020-10-24T06:00:13.665+0000][7][gc,age       ] GC(145) - age   4:     221328 bytes,    1249216 total
[2020-10-24T06:00:13.665+0000][7][gc,age       ] GC(145) - age   5:     490296 bytes,    1739512 total
[2020-10-24T06:00:13.665+0000][7][gc,age       ] GC(145) - age   6:     591680 bytes,    2331192 total
[2020-10-24T06:00:13.665+0000][7][gc,age       ] GC(145) - age   7:     544120 bytes,    2875312 total
[2020-10-24T06:00:13.666+0000][7][gc,age       ] GC(145) - age   8:     251504 bytes,    3126816 total
[2020-10-24T06:00:13.666+0000][7][gc,age       ] GC(145) - age   9:      53632 bytes,    3180448 total
[2020-10-24T06:00:13.666+0000][7][gc,age       ] GC(145) - age  10:      12880 bytes,    3193328 total
[2020-10-24T06:00:13.666+0000][7][gc,age       ] GC(145) - age  11:     126472 bytes,    3319800 total
[2020-10-24T06:00:13.666+0000][7][gc,age       ] GC(145) - age  12:        704 bytes,    3320504 total
[2020-10-24T06:00:13.667+0000][7][gc,phases    ] GC(145)   Pre Evacuate Collection Set: 1.8ms
[2020-10-24T06:00:13.667+0000][7][gc,phases    ] GC(145)   Merge Heap Roots: 0.5ms
[2020-10-24T06:00:13.667+0000][7][gc,phases    ] GC(145)   Evacuate Collection Set: 3.6ms
[2020-10-24T06:00:13.667+0000][7][gc,phases    ] GC(145)   Post Evacuate Collection Set: 1.2ms
[2020-10-24T06:00:13.667+0000][7][gc,phases    ] GC(145)   Other: 6.5ms
[2020-10-24T06:00:13.668+0000][7][gc,heap      ] GC(145) Eden regions: 57->0(57)
[2020-10-24T06:00:13.668+0000][7][gc,heap      ] GC(145) Survivor regions: 4->4(8)
[2020-10-24T06:00:13.668+0000][7][gc,heap      ] GC(145) Old regions: 110->110
[2020-10-24T06:00:13.668+0000][7][gc,heap      ] GC(145) Archive regions: 2->2
[2020-10-24T06:00:13.668+0000][7][gc,heap      ] GC(145) Humongous regions: 15->15
[2020-10-24T06:00:13.668+0000][7][gc,metaspace ] GC(145) Metaspace: 107499K(116132K)->107499K(116132K) NonClass: 93688K(98776K)->93688K(98776K) Class: 13811K(17356K)->13811K(17356K)
[2020-10-24T06:00:13.669+0000][7][gc           ] GC(145) Pause Young (Concurrent Start) (G1 Evacuation Pause) 185M->128M(256M) 15.336ms
[2020-10-24T06:00:13.669+0000][7][gc,cpu       ] GC(145) User=0.02s Sys=0.00s Real=0.02s
[2020-10-24T06:00:13.669+0000][7][gc           ] GC(146) Concurrent Cycle
[2020-10-24T06:00:13.669+0000][7][safepoint    ] Safepoint "G1CollectForAllocation", Time since last: 99476000 ns, Reaching safepoint: 848900 ns, At safepoint: 15862200 ns, Total: 16711100 ns
[2020-10-24T06:00:13.669+0000][7][gc,marking   ] GC(146) Concurrent Clear Claimed Marks
[2020-10-24T06:00:13.670+0000][7][gc,marking   ] GC(146) Concurrent Clear Claimed Marks 0.935ms
[2020-10-24T06:00:13.670+0000][7][gc,marking   ] GC(146) Concurrent Scan Root Regions
[2020-10-24T06:00:13.672+0000][7][gc,marking   ] GC(146) Concurrent Scan Root Regions 1.421ms
[2020-10-24T06:00:13.672+0000][7][gc,marking   ] GC(146) Concurrent Mark (971.038s)
[2020-10-24T06:00:13.672+0000][7][gc,marking   ] GC(146) Concurrent Mark From Roots
[2020-10-24T06:00:13.673+0000][7][gc,task      ] GC(146) Using 3 workers of 3 for marking
[2020-10-24T06:00:13.723+0000][7][gc,marking   ] GC(146) Concurrent Mark From Roots 50.230ms
[2020-10-24T06:00:13.723+0000][7][gc,marking   ] GC(146) Concurrent Preclean
[2020-10-24T06:00:13.724+0000][7][gc,marking   ] GC(146) Concurrent Preclean 0.703ms
[2020-10-24T06:00:13.724+0000][7][gc,marking   ] GC(146) Concurrent Mark (971.038s, 971.090s) 51.969ms
[2020-10-24T06:00:13.725+0000][7][gc,start     ] GC(146) Pause Remark
[2020-10-24T06:00:13.731+0000][7][gc           ] GC(146) Pause Remark 129M->129M(256M) 6.470ms
[2020-10-24T06:00:13.731+0000][7][gc,cpu       ] GC(146) User=0.03s Sys=0.00s Real=0.01s
[2020-10-24T06:00:13.732+0000][7][safepoint    ] Safepoint "G1Concurrent", Time since last: 55351900 ns, Reaching safepoint: 299500 ns, At safepoint: 7198800 ns, Total: 7498300 ns
[2020-10-24T06:00:13.732+0000][7][gc,marking   ] GC(146) Concurrent Rebuild Remembered Sets
[2020-10-24T06:00:13.768+0000][7][gc,marking   ] GC(146) Concurrent Rebuild Remembered Sets 36.243ms
[2020-10-24T06:00:13.769+0000][7][gc,start     ] GC(146) Pause Cleanup
[2020-10-24T06:00:13.770+0000][7][gc           ] GC(146) Pause Cleanup 131M->131M(256M) 0.704ms
[2020-10-24T06:00:13.770+0000][7][gc,cpu       ] GC(146) User=0.00s Sys=0.00s Real=0.00s
[2020-10-24T06:00:13.770+0000][7][safepoint    ] Safepoint "G1Concurrent", Time since last: 37047000 ns, Reaching safepoint: 210600 ns, At safepoint: 1331000 ns, Total: 1541600 ns
[2020-10-24T06:00:13.771+0000][7][gc,marking   ] GC(146) Concurrent Cleanup for Next Mark
[2020-10-24T06:00:13.771+0000][7][gc,marking   ] GC(146) Concurrent Cleanup for Next Mark 0.642ms
[2020-10-24T06:00:13.772+0000][7][gc           ] GC(146) Concurrent Cycle 102.708ms
[2020-10-24T06:00:14.771+0000][7][safepoint    ] Safepoint "Cleanup", Time since last: 1000433500 ns, Reaching safepoint: 357900 ns, At safepoint: 19900 ns, Total: 377800 ns
[2020-10-24T06:00:15.773+0000][7][safepoint    ] Safepoint "Cleanup", Time since last: 1000734500 ns, Reaching safepoint: 815700 ns, At safepoint: 71600 ns, Total: 887300 ns
[2020-10-24T06:00:16.775+0000][7][safepoint    ] Safepoint "Cleanup", Time since last: 1001275100 ns, Reaching safepoint: 693100 ns, At safepoint: 148800 ns, Total: 841900 ns
[2020-10-24T06:00:17.777+0000][7][safepoint    ] Safepoint "Cleanup", Time since last: 1001047800 ns, Reaching safepoint: 514600 ns, At safepoint: 29800 ns, Total: 544400 ns
[2020-10-24T06:00:18.778+0000][7][safepoint    ] Safepoint "Cleanup", Time since last: 1000905900 ns, Reaching safepoint: 804800 ns, At safepoint: 98000 ns, Total: 902800 ns
[2020-10-24T06:00:19.781+0000][7][safepoint    ] Safepoint "Cleanup", Time since last: 1001275600 ns, Reaching safepoint: 880300 ns, At safepoint: 49300 ns, Total: 929600 ns
[2020-10-24T06:00:20.782+0000][7][safepoint    ] Safepoint "Cleanup", Time since last: 1001160100 ns, Reaching safepoint: 277600 ns, At safepoint: 9600 ns, Total: 287200 ns
[2020-10-24T06:00:21.783+0000][7][safepoint    ] Safepoint "Cleanup", Time since last: 1000515100 ns, Reaching safepoint: 717300 ns, At safepoint: 37800 ns, Total: 755100 ns
[2020-10-24T06:00:22.969+0000][7][safepoint    ] Safepoint "Cleanup", Time since last: 1185121300 ns, Reaching safepoint: 884800 ns, At safepoint: 49100 ns, Total: 933900 ns
[2020-10-24T06:00:23.020+0000][7][gc,start     ] GC(147) Pause Young (Normal) (G1 Evacuation Pause)
[2020-10-24T06:00:23.020+0000][7][gc,task      ] GC(147) Using 6 workers of 10 for evacuation
[2020-10-24T06:00:23.020+0000][7][gc,age       ] GC(147) Desired survivor size 4194304 bytes, new threshold 15 (max threshold 15)
[2020-10-24T06:00:23.024+0000][7][gc,age       ] GC(147) Age table with threshold 15 (max threshold 15)
[2020-10-24T06:00:23.025+0000][7][gc,age       ] GC(147) - age   1:    2242856 bytes,    2242856 total
[2020-10-24T06:00:23.025+0000][7][gc,age       ] GC(147) - age   2:     186320 bytes,    2429176 total
[2020-10-24T06:00:23.025+0000][7][gc,age       ] GC(147) - age   3:     525056 bytes,    2954232 total
[2020-10-24T06:00:23.026+0000][7][gc,age       ] GC(147) - age   4:     232184 bytes,    3186416 total
[2020-10-24T06:00:23.026+0000][7][gc,age       ] GC(147) - age   5:     213016 bytes,    3399432 total
[2020-10-24T06:00:23.026+0000][7][gc,age       ] GC(147) - age   6:     489112 bytes,    3888544 total
[2020-10-24T06:00:23.026+0000][7][gc,age       ] GC(147) - age   7:     590200 bytes,    4478744 total
[2020-10-24T06:00:23.026+0000][7][gc,age       ] GC(147) - age   8:     527968 bytes,    5006712 total
[2020-10-24T06:00:23.027+0000][7][gc,age       ] GC(147) - age   9:     250768 bytes,    5257480 total
[2020-10-24T06:00:23.027+0000][7][gc,age       ] GC(147) - age  10:      53568 bytes,    5311048 total
[2020-10-24T06:00:23.027+0000][7][gc,age       ] GC(147) - age  11:      12560 bytes,    5323608 total
[2020-10-24T06:00:23.027+0000][7][gc,age       ] GC(147) - age  12:     126472 bytes,    5450080 total
[2020-10-24T06:00:23.028+0000][7][gc,age       ] GC(147) - age  13:        704 bytes,    5450784 total
[2020-10-24T06:00:23.028+0000][7][gc,phases    ] GC(147)   Pre Evacuate Collection Set: 0.1ms
[2020-10-24T06:00:23.028+0000][7][gc,phases    ] GC(147)   Merge Heap Roots: 0.2ms
[2020-10-24T06:00:23.028+0000][7][gc,phases    ] GC(147)   Evacuate Collection Set: 2.4ms
[2020-10-24T06:00:23.028+0000][7][gc,phases    ] GC(147)   Post Evacuate Collection Set: 1.2ms
[2020-10-24T06:00:23.029+0000][7][gc,phases    ] GC(147)   Other: 4.4ms
[2020-10-24T06:00:23.029+0000][7][gc,heap      ] GC(147) Eden regions: 57->0(53)
[2020-10-24T06:00:23.029+0000][7][gc,heap      ] GC(147) Survivor regions: 4->6(8)
[2020-10-24T06:00:23.029+0000][7][gc,heap      ] GC(147) Old regions: 110->110
[2020-10-24T06:00:23.029+0000][7][gc,heap      ] GC(147) Archive regions: 2->2
[2020-10-24T06:00:23.029+0000][7][gc,heap      ] GC(147) Humongous regions: 15->15
[2020-10-24T06:00:23.029+0000][7][gc,metaspace ] GC(147) Metaspace: 107540K(116132K)->107540K(116132K) NonClass: 93728K(98776K)->93728K(98776K) Class: 13811K(17356K)->13811K(17356K)
[2020-10-24T06:00:23.030+0000][7][gc           ] GC(147) Pause Young (Normal) (G1 Evacuation Pause) 185M->130M(256M) 9.997ms
[2020-10-24T06:00:23.030+0000][7][gc,cpu       ] GC(147) User=0.02s Sys=0.00s Real=0.01s
[2020-10-24T06:00:23.030+0000][7][safepoint    ] Safepoint "G1CollectForAllocation", Time since last: 49966800 ns, Reaching safepoint: 218500 ns, At safepoint: 10426000 ns, Total: 10644500 ns
[2020-10-24T06:00:23.033+0000][7][safepoint    ] Safepoint "BulkRevokeBias", Time since last: 1425600 ns, Reaching safepoint: 187300 ns, At safepoint: 1796800 ns, Total: 1984100 ns
[2020-10-24T06:00:24.049+0000][7][safepoint    ] Safepoint "Cleanup", Time since last: 1014385400 ns, Reaching safepoint: 896600 ns, At safepoint: 126500 ns, Total: 1023100 ns
[2020-10-24T06:00:25.057+0000][7][safepoint    ] Safepoint "Cleanup", Time since last: 1007718000 ns, Reaching safepoint: 867600 ns, At safepoint: 48800 ns, Total: 916400 ns
[2020-10-24T06:00:26.766+0000][7][safepoint    ] Safepoint "Cleanup", Time since last: 1708290900 ns, Reaching safepoint: 359400 ns, At safepoint: 20600 ns, Total: 380000 ns
[2020-10-24T06:00:27.767+0000][7][safepoint    ] Safepoint "Cleanup", Time since last: 1000694500 ns, Reaching safepoint: 417100 ns, At safepoint: 21500 ns, Total: 438600 ns
[2020-10-24T06:00:28.768+0000][7][safepoint    ] Safepoint "Cleanup", Time since last: 1000597600 ns, Reaching safepoint: 265400 ns, At safepoint: 9400 ns, Total: 274800 ns
[2020-10-24T06:00:29.769+0000][7][safepoint    ] Safepoint "Cleanup", Time since last: 1000440000 ns, Reaching safepoint: 223600 ns, At safepoint: 11900 ns, Total: 235500 ns
[2020-10-24T06:00:30.770+0000][7][safepoint    ] Safepoint "Cleanup", Time since last: 1000567500 ns, Reaching safepoint: 824500 ns, At safepoint: 51200 ns, Total: 875700 ns
[2020-10-24T06:00:31.779+0000][7][safepoint    ] Safepoint "Cleanup", Time since last: 1008766300 ns, Reaching safepoint: 204300 ns, At safepoint: 38100 ns, Total: 242400 ns
[2020-10-24T06:00:31.783+0000][7][safepoint    ] Safepoint "BulkRevokeBias", Time since last: 2572300 ns, Reaching safepoint: 210000 ns, At safepoint: 1251900 ns, Total: 1461900 ns
[2020-10-24T06:00:32.525+0000][7][gc,start     ] GC(148) Pause Young (Concurrent Start) (G1 Evacuation Pause)
[2020-10-24T06:00:32.525+0000][7][gc,task      ] GC(148) Using 6 workers of 10 for evacuation
[2020-10-24T06:00:32.525+0000][7][gc,age       ] GC(148) Desired survivor size 4194304 bytes, new threshold 7 (max threshold 15)
[2020-10-24T06:00:32.529+0000][7][gc,age       ] GC(148) Age table with threshold 7 (max threshold 15)
[2020-10-24T06:00:32.530+0000][7][gc,age       ] GC(148) - age   1:     746784 bytes,     746784 total
[2020-10-24T06:00:32.530+0000][7][gc,age       ] GC(148) - age   2:     261952 bytes,    1008736 total
[2020-10-24T06:00:32.530+0000][7][gc,age       ] GC(148) - age   3:     164624 bytes,    1173360 total
[2020-10-24T06:00:32.531+0000][7][gc,age       ] GC(148) - age   4:     264448 bytes,    1437808 total
[2020-10-24T06:00:32.531+0000][7][gc,age       ] GC(148) - age   5:     192344 bytes,    1630152 total
[2020-10-24T06:00:32.531+0000][7][gc,age       ] GC(148) - age   6:     212672 bytes,    1842824 total
[2020-10-24T06:00:32.531+0000][7][gc,age       ] GC(148) - age   7:     405584 bytes,    2248408 total
[2020-10-24T06:00:32.531+0000][7][gc,phases    ] GC(148)   Pre Evacuate Collection Set: 0.6ms
[2020-10-24T06:00:32.532+0000][7][gc,phases    ] GC(148)   Merge Heap Roots: 0.1ms
[2020-10-24T06:00:32.532+0000][7][gc,phases    ] GC(148)   Evacuate Collection Set: 2.1ms
[2020-10-24T06:00:32.532+0000][7][gc,phases    ] GC(148)   Post Evacuate Collection Set: 0.8ms
[2020-10-24T06:00:32.532+0000][7][gc,phases    ] GC(148)   Other: 3.1ms
[2020-10-24T06:00:32.532+0000][7][gc,heap      ] GC(148) Eden regions: 53->0(56)
[2020-10-24T06:00:32.532+0000][7][gc,heap      ] GC(148) Survivor regions: 6->3(8)
[2020-10-24T06:00:32.532+0000][7][gc,heap      ] GC(148) Old regions: 110->112
[2020-10-24T06:00:32.533+0000][7][gc,heap      ] GC(148) Archive regions: 2->2
[2020-10-24T06:00:32.533+0000][7][gc,heap      ] GC(148) Humongous regions: 15->15
[2020-10-24T06:00:32.533+0000][7][gc,metaspace ] GC(148) Metaspace: 107558K(116132K)->107558K(116132K) NonClass: 93746K(98776K)->93746K(98776K) Class: 13812K(17356K)->13812K(17356K)
[2020-10-24T06:00:32.533+0000][7][gc           ] GC(148) Pause Young (Concurrent Start) (G1 Evacuation Pause) 183M->129M(256M) 8.350ms
[2020-10-24T06:00:32.533+0000][7][gc,cpu       ] GC(148) User=0.01s Sys=0.00s Real=0.01s
[2020-10-24T06:00:32.533+0000][7][gc           ] GC(149) Concurrent Cycle
[2020-10-24T06:00:32.533+0000][7][safepoint    ] Safepoint "G1CollectForAllocation", Time since last: 741143700 ns, Reaching safepoint: 230000 ns, At safepoint: 8647100 ns, Total: 8877100 ns
[2020-10-24T06:00:32.533+0000][7][gc,marking   ] GC(149) Concurrent Clear Claimed Marks
[2020-10-24T06:00:32.534+0000][7][gc,marking   ] GC(149) Concurrent Clear Claimed Marks 0.780ms
[2020-10-24T06:00:32.534+0000][7][gc,marking   ] GC(149) Concurrent Scan Root Regions
[2020-10-24T06:00:32.535+0000][7][gc,marking   ] GC(149) Concurrent Scan Root Regions 0.958ms
[2020-10-24T06:00:32.535+0000][7][gc,marking   ] GC(149) Concurrent Mark (989.902s)
[2020-10-24T06:00:32.536+0000][7][gc,marking   ] GC(149) Concurrent Mark From Roots
[2020-10-24T06:00:32.536+0000][7][gc,task      ] GC(149) Using 3 workers of 3 for marking
[2020-10-24T06:00:32.584+0000][7][gc,marking   ] GC(149) Concurrent Mark From Roots 48.696ms
[2020-10-24T06:00:32.585+0000][7][gc,marking   ] GC(149) Concurrent Preclean
[2020-10-24T06:00:32.585+0000][7][gc,marking   ] GC(149) Concurrent Preclean 0.688ms
[2020-10-24T06:00:32.586+0000][7][gc,marking   ] GC(149) Concurrent Mark (989.902s, 989.952s) 50.231ms
[2020-10-24T06:00:32.586+0000][7][gc,start     ] GC(149) Pause Remark
[2020-10-24T06:00:32.593+0000][7][gc           ] GC(149) Pause Remark 135M->135M(256M) 6.665ms
[2020-10-24T06:00:32.593+0000][7][gc,cpu       ] GC(149) User=0.03s Sys=0.01s Real=0.01s
[2020-10-24T06:00:32.594+0000][7][safepoint    ] Safepoint "G1Concurrent", Time since last: 52746900 ns, Reaching safepoint: 252200 ns, At safepoint: 7438500 ns, Total: 7690700 ns
[2020-10-24T06:00:32.594+0000][7][gc,marking   ] GC(149) Concurrent Rebuild Remembered Sets
[2020-10-24T06:00:32.631+0000][7][gc,marking   ] GC(149) Concurrent Rebuild Remembered Sets 36.653ms
[2020-10-24T06:00:32.631+0000][7][gc,start     ] GC(149) Pause Cleanup
[2020-10-24T06:00:32.632+0000][7][gc           ] GC(149) Pause Cleanup 135M->135M(256M) 0.540ms
[2020-10-24T06:00:32.632+0000][7][gc,cpu       ] GC(149) User=0.00s Sys=0.00s Real=0.00s
[2020-10-24T06:00:32.632+0000][7][safepoint    ] Safepoint "G1Concurrent", Time since last: 37415500 ns, Reaching safepoint: 219200 ns, At safepoint: 1173000 ns, Total: 1392200 ns
[2020-10-24T06:00:32.633+0000][7][gc,marking   ] GC(149) Concurrent Cleanup for Next Mark
[2020-10-24T06:00:32.633+0000][7][gc,marking   ] GC(149) Concurrent Cleanup for Next Mark 0.611ms
[2020-10-24T06:00:32.634+0000][7][gc           ] GC(149) Concurrent Cycle 100.510ms
[2020-10-24T06:00:33.634+0000][7][safepoint    ] Safepoint "Cleanup", Time since last: 1000663600 ns, Reaching safepoint: 863200 ns, At safepoint: 50000 ns, Total: 913200 ns
[2020-10-24T06:00:34.635+0000][7][safepoint    ] Safepoint "Cleanup", Time since last: 1001019000 ns, Reaching safepoint: 213600 ns, At safepoint: 12400 ns, Total: 226000 ns
[2020-10-24T06:00:35.636+0000][7][safepoint    ] Safepoint "Cleanup", Time since last: 1000507700 ns, Reaching safepoint: 231200 ns, At safepoint: 25600 ns, Total: 256800 ns
[2020-10-24T06:00:36.638+0000][7][safepoint    ] Safepoint "Cleanup", Time since last: 1000566400 ns, Reaching safepoint: 857100 ns, At safepoint: 51100 ns, Total: 908200 ns
[2020-10-24T06:00:37.640+0000][7][safepoint    ] Safepoint "Cleanup", Time since last: 1001237600 ns, Reaching safepoint: 881400 ns, At safepoint: 49200 ns, Total: 930600 ns
[2020-10-24T06:00:38.642+0000][7][safepoint    ] Safepoint "Cleanup", Time since last: 1001222600 ns, Reaching safepoint: 864800 ns, At safepoint: 51100 ns, Total: 915900 ns
[2020-10-24T06:00:39.644+0000][7][safepoint    ] Safepoint "Cleanup", Time since last: 1001694300 ns, Reaching safepoint: 849700 ns, At safepoint: 49200 ns, Total: 898900 ns
[2020-10-24T06:00:40.646+0000][7][safepoint    ] Safepoint "Cleanup", Time since last: 1001271600 ns, Reaching safepoint: 668300 ns, At safepoint: 54000 ns, Total: 722300 ns
[2020-10-24T06:00:41.648+0000][7][safepoint    ] Safepoint "Cleanup", Time since last: 1001228700 ns, Reaching safepoint: 234200 ns, At safepoint: 10000 ns, Total: 244200 ns
[2020-10-24T06:00:42.649+0000][7][safepoint    ] Safepoint "Cleanup", Time since last: 1000553200 ns, Reaching safepoint: 240300 ns, At safepoint: 11000 ns, Total: 251300 ns
[2020-10-24T06:00:43.650+0000][7][safepoint    ] Safepoint "Cleanup", Time since last: 1000468500 ns, Reaching safepoint: 470200 ns, At safepoint: 26200 ns, Total: 496400 ns
[2020-10-24T06:00:44.651+0000][7][safepoint    ] Safepoint "Cleanup", Time since last: 1000779800 ns, Reaching safepoint: 831800 ns, At safepoint: 49500 ns, Total: 881300 ns
[2020-10-24T06:00:45.654+0000][7][safepoint    ] Safepoint "Cleanup", Time since last: 1001263000 ns, Reaching safepoint: 840000 ns, At safepoint: 49400 ns, Total: 889400 ns
[2020-10-24T06:00:46.656+0000][7][safepoint    ] Safepoint "Cleanup", Time since last: 1001477000 ns, Reaching safepoint: 876000 ns, At safepoint: 49500 ns, Total: 925500 ns
[2020-10-24T06:00:47.658+0000][7][safepoint    ] Safepoint "Cleanup", Time since last: 1001255400 ns, Reaching safepoint: 828600 ns, At safepoint: 100300 ns, Total: 928900 ns
[2020-10-24T06:00:48.660+0000][7][safepoint    ] Safepoint "Cleanup", Time since last: 1001359800 ns, Reaching safepoint: 755400 ns, At safepoint: 100100 ns, Total: 855500 ns
[2020-10-24T06:00:49.662+0000][7][safepoint    ] Safepoint "Cleanup", Time since last: 1001260600 ns, Reaching safepoint: 813600 ns, At safepoint: 49800 ns, Total: 863400 ns
[2020-10-24T06:00:50.664+0000][7][safepoint    ] Safepoint "Cleanup", Time since last: 1001363300 ns, Reaching safepoint: 275200 ns, At safepoint: 14100 ns, Total: 289300 ns
[2020-10-24T06:00:51.321+0000][7][gc,start     ] GC(150) Pause Young (Normal) (G1 Evacuation Pause)
[2020-10-24T06:00:51.322+0000][7][gc,task      ] GC(150) Using 6 workers of 10 for evacuation
[2020-10-24T06:00:51.322+0000][7][gc,age       ] GC(150) Desired survivor size 4194304 bytes, new threshold 15 (max threshold 15)
[2020-10-24T06:00:51.326+0000][7][gc,age       ] GC(150) Age table with threshold 15 (max threshold 15)
[2020-10-24T06:00:51.326+0000][7][gc,age       ] GC(150) - age   1:     968952 bytes,     968952 total
[2020-10-24T06:00:51.326+0000][7][gc,age       ] GC(150) - age   2:     320624 bytes,    1289576 total
[2020-10-24T06:00:51.327+0000][7][gc,age       ] GC(150) - age   3:     238664 bytes,    1528240 total
[2020-10-24T06:00:51.327+0000][7][gc,age       ] GC(150) - age   4:     153680 bytes,    1681920 total
[2020-10-24T06:00:51.327+0000][7][gc,age       ] GC(150) - age   5:     264136 bytes,    1946056 total
[2020-10-24T06:00:51.327+0000][7][gc,age       ] GC(150) - age   6:     192304 bytes,    2138360 total
[2020-10-24T06:00:51.328+0000][7][gc,age       ] GC(150) - age   7:     196544 bytes,    2334904 total
[2020-10-24T06:00:51.328+0000][7][gc,age       ] GC(150) - age   8:     389432 bytes,    2724336 total
[2020-10-24T06:00:51.328+0000][7][gc,phases    ] GC(150)   Pre Evacuate Collection Set: 0.1ms
[2020-10-24T06:00:51.328+0000][7][gc,phases    ] GC(150)   Merge Heap Roots: 0.2ms
[2020-10-24T06:00:51.329+0000][7][gc,phases    ] GC(150)   Evacuate Collection Set: 1.9ms
[2020-10-24T06:00:51.329+0000][7][gc,phases    ] GC(150)   Post Evacuate Collection Set: 1.2ms
[2020-10-24T06:00:51.329+0000][7][gc,phases    ] GC(150)   Other: 3.5ms
[2020-10-24T06:00:51.329+0000][7][gc,heap      ] GC(150) Eden regions: 56->0(56)
[2020-10-24T06:00:51.330+0000][7][gc,heap      ] GC(150) Survivor regions: 3->3(8)
[2020-10-24T06:00:51.330+0000][7][gc,heap      ] GC(150) Old regions: 112->112
[2020-10-24T06:00:51.330+0000][7][gc,heap      ] GC(150) Archive regions: 2->2
[2020-10-24T06:00:51.330+0000][7][gc,heap      ] GC(150) Humongous regions: 15->15
[2020-10-24T06:00:51.330+0000][7][gc,metaspace ] GC(150) Metaspace: 107622K(116388K)->107622K(116388K) NonClass: 93810K(99032K)->93810K(99032K) Class: 13812K(17356K)->13812K(17356K)
[2020-10-24T06:00:51.330+0000][7][gc           ] GC(150) Pause Young (Normal) (G1 Evacuation Pause) 185M->129M(256M) 9.100ms
[2020-10-24T06:00:51.331+0000][7][gc,cpu       ] GC(150) User=0.03s Sys=0.01s Real=0.01s
[2020-10-24T06:00:51.331+0000][7][safepoint    ] Safepoint "G1CollectForAllocation", Time since last: 656895300 ns, Reaching safepoint: 314700 ns, At safepoint: 9529900 ns, Total: 9844600 ns
[2020-10-24T06:00:52.269+0000][7][safepoint    ] Safepoint "ICBufferFull", Time since last: 937556500 ns, Reaching safepoint: 346600 ns, At safepoint: 27000 ns, Total: 373600 ns
[2020-10-24T06:00:53.272+0000][7][safepoint    ] Safepoint "Cleanup", Time since last: 1003038200 ns, Reaching safepoint: 284100 ns, At safepoint: 24300 ns, Total: 308400 ns
[2020-10-24T06:00:54.274+0000][7][safepoint    ] Safepoint "Cleanup", Time since last: 1000569800 ns, Reaching safepoint: 1115000 ns, At safepoint: 128000 ns, Total: 1243000 ns
[2020-10-24T06:00:55.275+0000][7][safepoint    ] Safepoint "Cleanup", Time since last: 1001098000 ns, Reaching safepoint: 228900 ns, At safepoint: 11900 ns, Total: 240800 ns
[2020-10-24T06:00:56.179+0000][7][gc,start     ] GC(151) Pause Young (Concurrent Start) (G1 Evacuation Pause)
[2020-10-24T06:00:56.180+0000][7][gc,task      ] GC(151) Using 6 workers of 10 for evacuation
[2020-10-24T06:00:56.181+0000][7][gc,age       ] GC(151) Desired survivor size 4194304 bytes, new threshold 15 (max threshold 15)
[2020-10-24T06:00:56.191+0000][7][gc,age       ] GC(151) Age table with threshold 15 (max threshold 15)
[2020-10-24T06:00:56.191+0000][7][gc,age       ] GC(151) - age   1:     389720 bytes,     389720 total
[2020-10-24T06:00:56.191+0000][7][gc,age       ] GC(151) - age   2:     758968 bytes,    1148688 total
[2020-10-24T06:00:56.192+0000][7][gc,age       ] GC(151) - age   3:     311768 bytes,    1460456 total
[2020-10-24T06:00:56.192+0000][7][gc,age       ] GC(151) - age   4:     235336 bytes,    1695792 total
[2020-10-24T06:00:56.192+0000][7][gc,age       ] GC(151) - age   5:     145232 bytes,    1841024 total
[2020-10-24T06:00:56.192+0000][7][gc,age       ] GC(151) - age   6:     264136 bytes,    2105160 total
[2020-10-24T06:00:56.193+0000][7][gc,age       ] GC(151) - age   7:     192304 bytes,    2297464 total
[2020-10-24T06:00:56.193+0000][7][gc,age       ] GC(151) - age   8:     196496 bytes,    2493960 total
[2020-10-24T06:00:56.193+0000][7][gc,age       ] GC(151) - age   9:     389432 bytes,    2883392 total
[2020-10-24T06:00:56.193+0000][7][gc,phases    ] GC(151)   Pre Evacuate Collection Set: 1.7ms
[2020-10-24T06:00:56.193+0000][7][gc,phases    ] GC(151)   Merge Heap Roots: 0.5ms
[2020-10-24T06:00:56.194+0000][7][gc,phases    ] GC(151)   Evacuate Collection Set: 5.8ms
[2020-10-24T06:00:56.194+0000][7][gc,phases    ] GC(151)   Post Evacuate Collection Set: 1.0ms
[2020-10-24T06:00:56.194+0000][7][gc,phases    ] GC(151)   Other: 5.7ms
[2020-10-24T06:00:56.194+0000][7][gc,heap      ] GC(151) Eden regions: 56->0(56)
[2020-10-24T06:00:56.194+0000][7][gc,heap      ] GC(151) Survivor regions: 3->3(8)
[2020-10-24T06:00:56.194+0000][7][gc,heap      ] GC(151) Old regions: 112->112
[2020-10-24T06:00:56.195+0000][7][gc,heap      ] GC(151) Archive regions: 2->2
[2020-10-24T06:00:56.195+0000][7][gc,heap      ] GC(151) Humongous regions: 15->15
[2020-10-24T06:00:56.195+0000][7][gc,metaspace ] GC(151) Metaspace: 107721K(116388K)->107721K(116388K) NonClass: 93908K(99032K)->93908K(99032K) Class: 13813K(17356K)->13813K(17356K)
[2020-10-24T06:00:56.195+0000][7][gc           ] GC(151) Pause Young (Concurrent Start) (G1 Evacuation Pause) 185M->129M(256M) 16.226ms
[2020-10-24T06:00:56.195+0000][7][gc,cpu       ] GC(151) User=0.04s Sys=0.00s Real=0.01s
[2020-10-24T06:00:56.195+0000][7][safepoint    ] Safepoint "G1CollectForAllocation", Time since last: 902416100 ns, Reaching safepoint: 865800 ns, At safepoint: 16606100 ns, Total: 17471900 ns
[2020-10-24T06:00:56.195+0000][7][gc           ] GC(152) Concurrent Cycle
[2020-10-24T06:00:56.195+0000][7][gc,marking   ] GC(152) Concurrent Clear Claimed Marks
[2020-10-24T06:00:56.196+0000][7][gc,marking   ] GC(152) Concurrent Clear Claimed Marks 0.604ms
[2020-10-24T06:00:56.196+0000][7][gc,marking   ] GC(152) Concurrent Scan Root Regions
[2020-10-24T06:00:56.198+0000][7][gc,marking   ] GC(152) Concurrent Scan Root Regions 1.235ms
[2020-10-24T06:00:56.198+0000][7][gc,marking   ] GC(152) Concurrent Mark (1013.564s)
[2020-10-24T06:00:56.198+0000][7][gc,marking   ] GC(152) Concurrent Mark From Roots
[2020-10-24T06:00:56.198+0000][7][gc,task      ] GC(152) Using 3 workers of 3 for marking
[2020-10-24T06:00:56.244+0000][7][gc,marking   ] GC(152) Concurrent Mark From Roots 46.661ms
[2020-10-24T06:00:56.245+0000][7][gc,marking   ] GC(152) Concurrent Preclean
[2020-10-24T06:00:56.245+0000][7][gc,marking   ] GC(152) Concurrent Preclean 0.703ms
[2020-10-24T06:00:56.246+0000][7][gc,marking   ] GC(152) Concurrent Mark (1013.564s, 1013.612s) 48.161ms
[2020-10-24T06:00:56.246+0000][7][gc,start     ] GC(152) Pause Remark
[2020-10-24T06:00:56.254+0000][7][gc           ] GC(152) Pause Remark 129M->129M(256M) 7.311ms
[2020-10-24T06:00:56.254+0000][7][gc,cpu       ] GC(152) User=0.02s Sys=0.01s Real=0.01s
[2020-10-24T06:00:56.254+0000][7][safepoint    ] Safepoint "G1Concurrent", Time since last: 51009800 ns, Reaching safepoint: 299700 ns, At safepoint: 7955700 ns, Total: 8255400 ns
[2020-10-24T06:00:56.255+0000][7][gc,marking   ] GC(152) Concurrent Rebuild Remembered Sets
[2020-10-24T06:00:56.286+0000][7][gc,marking   ] GC(152) Concurrent Rebuild Remembered Sets 31.488ms
[2020-10-24T06:00:56.287+0000][7][gc,start     ] GC(152) Pause Cleanup
[2020-10-24T06:00:56.288+0000][7][gc           ] GC(152) Pause Cleanup 130M->130M(256M) 0.769ms
[2020-10-24T06:00:56.288+0000][7][gc,cpu       ] GC(152) User=0.00s Sys=0.00s Real=0.01s
[2020-10-24T06:00:56.288+0000][7][safepoint    ] Safepoint "G1Concurrent", Time since last: 32262900 ns, Reaching safepoint: 271400 ns, At safepoint: 1384100 ns, Total: 1655500 ns
[2020-10-24T06:00:56.289+0000][7][gc,marking   ] GC(152) Concurrent Cleanup for Next Mark
[2020-10-24T06:00:56.289+0000][7][gc,marking   ] GC(152) Concurrent Cleanup for Next Mark 0.730ms
[2020-10-24T06:00:56.290+0000][7][gc           ] GC(152) Concurrent Cycle 94.555ms
[2020-10-24T06:00:57.290+0000][7][safepoint    ] Safepoint "Cleanup", Time since last: 1000526400 ns, Reaching safepoint: 753500 ns, At safepoint: 38100 ns, Total: 791600 ns
[2020-10-24T06:00:58.291+0000][7][safepoint    ] Safepoint "Cleanup", Time since last: 1001154000 ns, Reaching safepoint: 268200 ns, At safepoint: 13200 ns, Total: 281400 ns
[2020-10-24T06:00:59.769+0000][7][safepoint    ] Safepoint "Cleanup", Time since last: 1477541700 ns, Reaching safepoint: 229200 ns, At safepoint: 10700 ns, Total: 239900 ns
[2020-10-24T06:01:00.770+0000][7][safepoint    ] Safepoint "Cleanup", Time since last: 1000561500 ns, Reaching safepoint: 869900 ns, At safepoint: 50600 ns, Total: 920500 ns
[2020-10-24T06:01:01.773+0000][7][safepoint    ] Safepoint "Cleanup", Time since last: 1001201700 ns, Reaching safepoint: 937100 ns, At safepoint: 141600 ns, Total: 1078700 ns
[2020-10-24T06:01:02.775+0000][7][safepoint    ] Safepoint "Cleanup", Time since last: 1001214000 ns, Reaching safepoint: 882100 ns, At safepoint: 50400 ns, Total: 932500 ns
[2020-10-24T06:01:03.777+0000][7][safepoint    ] Safepoint "Cleanup", Time since last: 1001205100 ns, Reaching safepoint: 822300 ns, At safepoint: 53900 ns, Total: 876200 ns
[2020-10-24T06:01:04.778+0000][7][safepoint    ] Safepoint "Cleanup", Time since last: 1001204400 ns, Reaching safepoint: 259500 ns, At safepoint: 10100 ns, Total: 269600 ns
[2020-10-24T06:01:05.779+0000][7][safepoint    ] Safepoint "Cleanup", Time since last: 1000582700 ns, Reaching safepoint: 304500 ns, At safepoint: 18600 ns, Total: 323100 ns
[2020-10-24T06:01:06.781+0000][7][safepoint    ] Safepoint "Cleanup", Time since last: 1000728700 ns, Reaching safepoint: 810400 ns, At safepoint: 50100 ns, Total: 860500 ns
[2020-10-24T06:01:07.782+0000][7][safepoint    ] Safepoint "Cleanup", Time since last: 1001064200 ns, Reaching safepoint: 267300 ns, At safepoint: 10100 ns, Total: 277400 ns
[2020-10-24T06:01:08.784+0000][7][safepoint    ] Safepoint "Cleanup", Time since last: 1000597300 ns, Reaching safepoint: 841400 ns, At safepoint: 50000 ns, Total: 891400 ns
[2020-10-24T06:01:09.785+0000][7][safepoint    ] Safepoint "Cleanup", Time since last: 1001177400 ns, Reaching safepoint: 275300 ns, At safepoint: 15600 ns, Total: 290900 ns
[2020-10-24T06:01:10.786+0000][7][safepoint    ] Safepoint "Cleanup", Time since last: 1000552000 ns, Reaching safepoint: 219800 ns, At safepoint: 23600 ns, Total: 243400 ns
[2020-10-24T06:01:11.787+0000][7][safepoint    ] Safepoint "Cleanup", Time since last: 1000581200 ns, Reaching safepoint: 308200 ns, At safepoint: 16200 ns, Total: 324400 ns
[2020-10-24T06:01:12.788+0000][7][safepoint    ] Safepoint "Cleanup", Time since last: 1000649200 ns, Reaching safepoint: 792100 ns, At safepoint: 49600 ns, Total: 841700 ns
[2020-10-24T06:01:13.790+0000][7][safepoint    ] Safepoint "Cleanup", Time since last: 1001120300 ns, Reaching safepoint: 256600 ns, At safepoint: 10100 ns, Total: 266700 ns
[2020-10-24T06:01:14.791+0000][7][safepoint    ] Safepoint "Cleanup", Time since last: 1000536600 ns, Reaching safepoint: 412700 ns, At safepoint: 25100 ns, Total: 437800 ns
[2020-10-24T06:01:15.792+0000][7][safepoint    ] Safepoint "Cleanup", Time since last: 1000702600 ns, Reaching safepoint: 280100 ns, At safepoint: 10100 ns, Total: 290200 ns
[2020-10-24T06:01:16.949+0000][7][safepoint    ] Safepoint "Cleanup", Time since last: 1156610800 ns, Reaching safepoint: 276900 ns, At safepoint: 9400 ns, Total: 286300 ns
[2020-10-24T06:01:17.949+0000][7][safepoint    ] Safepoint "Cleanup", Time since last: 1000525800 ns, Reaching safepoint: 257300 ns, At safepoint: 10100 ns, Total: 267400 ns
[2020-10-24T06:01:18.950+0000][7][safepoint    ] Safepoint "Cleanup", Time since last: 1000534200 ns, Reaching safepoint: 264600 ns, At safepoint: 9600 ns, Total: 274200 ns
[2020-10-24T06:01:19.951+0000][7][safepoint    ] Safepoint "Cleanup", Time since last: 1000502500 ns, Reaching safepoint: 246900 ns, At safepoint: 10200 ns, Total: 257100 ns
[2020-10-24T06:01:20.952+0000][7][safepoint    ] Safepoint "Cleanup", Time since last: 1000481400 ns, Reaching safepoint: 432700 ns, At safepoint: 25500 ns, Total: 458200 ns
[2020-10-24T06:01:22.233+0000][7][safepoint    ] Safepoint "Cleanup", Time since last: 1279935000 ns, Reaching safepoint: 821200 ns, At safepoint: 50200 ns, Total: 871400 ns
[2020-10-24T06:01:22.738+0000][7][safepoint    ] Safepoint "BulkRevokeBias", Time since last: 502663900 ns, Reaching safepoint: 271900 ns, At safepoint: 2684700 ns, Total: 2956600 ns
[2020-10-24T06:01:23.101+0000][7][gc,start     ] GC(153) Pause Young (Normal) (G1 Evacuation Pause)
[2020-10-24T06:01:23.102+0000][7][gc,task      ] GC(153) Using 6 workers of 10 for evacuation
[2020-10-24T06:01:23.102+0000][7][gc,age       ] GC(153) Desired survivor size 4194304 bytes, new threshold 15 (max threshold 15)
[2020-10-24T06:01:23.106+0000][7][gc,age       ] GC(153) Age table with threshold 15 (max threshold 15)
[2020-10-24T06:01:23.106+0000][7][gc,age       ] GC(153) - age   1:    4534424 bytes,    4534424 total
[2020-10-24T06:01:23.107+0000][7][gc,age       ] GC(153) - age   2:     364960 bytes,    4899384 total
[2020-10-24T06:01:23.107+0000][7][gc,age       ] GC(153) - age   3:     711200 bytes,    5610584 total
[2020-10-24T06:01:23.107+0000][7][gc,age       ] GC(153) - age   4:     300240 bytes,    5910824 total
[2020-10-24T06:01:23.107+0000][7][gc,age       ] GC(153) - age   5:     209016 bytes,    6119840 total
[2020-10-24T06:01:23.108+0000][7][gc,age       ] GC(153) - age   6:     136704 bytes,    6256544 total
[2020-10-24T06:01:23.108+0000][7][gc,age       ] GC(153) - age   7:     264088 bytes,    6520632 total
[2020-10-24T06:01:23.108+0000][7][gc,age       ] GC(153) - age   8:     183600 bytes,    6704232 total
[2020-10-24T06:01:23.108+0000][7][gc,age       ] GC(153) - age   9:     196496 bytes,    6900728 total
[2020-10-24T06:01:23.109+0000][7][gc,age       ] GC(153) - age  10:     389432 bytes,    7290160 total
[2020-10-24T06:01:23.109+0000][7][gc,phases    ] GC(153)   Pre Evacuate Collection Set: 0.1ms
[2020-10-24T06:01:23.109+0000][7][gc,phases    ] GC(153)   Merge Heap Roots: 0.2ms
[2020-10-24T06:01:23.109+0000][7][gc,phases    ] GC(153)   Evacuate Collection Set: 2.4ms
[2020-10-24T06:01:23.109+0000][7][gc,phases    ] GC(153)   Post Evacuate Collection Set: 0.9ms
[2020-10-24T06:01:23.110+0000][7][gc,phases    ] GC(153)   Other: 4.1ms
[2020-10-24T06:01:23.110+0000][7][gc,heap      ] GC(153) Eden regions: 56->0(47)
[2020-10-24T06:01:23.110+0000][7][gc,heap      ] GC(153) Survivor regions: 3->8(8)
[2020-10-24T06:01:23.110+0000][7][gc,heap      ] GC(153) Old regions: 112->112
[2020-10-24T06:01:23.110+0000][7][gc,heap      ] GC(153) Archive regions: 2->2
[2020-10-24T06:01:23.110+0000][7][gc,heap      ] GC(153) Humongous regions: 15->15
[2020-10-24T06:01:23.111+0000][7][gc,metaspace ] GC(153) Metaspace: 107766K(116388K)->107766K(116388K) NonClass: 93953K(99032K)->93953K(99032K) Class: 13813K(17356K)->13813K(17356K)
[2020-10-24T06:01:23.111+0000][7][gc           ] GC(153) Pause Young (Normal) (G1 Evacuation Pause) 185M->134M(256M) 9.488ms
[2020-10-24T06:01:23.111+0000][7][gc,cpu       ] GC(153) User=0.02s Sys=0.00s Real=0.01s
[2020-10-24T06:01:23.111+0000][7][safepoint    ] Safepoint "G1CollectForAllocation", Time since last: 362718800 ns, Reaching safepoint: 273800 ns, At safepoint: 10048000 ns, Total: 10321800 ns
[2020-10-24T06:01:23.131+0000][7][safepoint    ] Safepoint "BulkRevokeBias", Time since last: 17025500 ns, Reaching safepoint: 332700 ns, At safepoint: 1893600 ns, Total: 2226300 ns
[2020-10-24T06:01:24.133+0000][7][safepoint    ] Safepoint "Cleanup", Time since last: 1001689600 ns, Reaching safepoint: 995300 ns, At safepoint: 50600 ns, Total: 1045900 ns
[2020-10-24T06:01:25.135+0000][7][safepoint    ] Safepoint "Cleanup", Time since last: 1001257400 ns, Reaching safepoint: 529600 ns, At safepoint: 29700 ns, Total: 559300 ns
[2020-10-24T06:01:26.136+0000][7][safepoint    ] Safepoint "Cleanup", Time since last: 1000865000 ns, Reaching safepoint: 276700 ns, At safepoint: 9800 ns, Total: 286500 ns
[2020-10-24T06:01:27.137+0000][7][safepoint    ] Safepoint "Cleanup", Time since last: 1000501000 ns, Reaching safepoint: 272900 ns, At safepoint: 10100 ns, Total: 283000 ns
[2020-10-24T06:01:28.138+0000][7][safepoint    ] Safepoint "Cleanup", Time since last: 1000586700 ns, Reaching safepoint: 302200 ns, At safepoint: 14500 ns, Total: 316700 ns
[2020-10-24T06:01:28.683+0000][7][gc,start     ] GC(154) Pause Young (Concurrent Start) (G1 Evacuation Pause)
[2020-10-24T06:01:28.683+0000][7][gc,task      ] GC(154) Using 6 workers of 10 for evacuation
[2020-10-24T06:01:28.684+0000][7][gc,age       ] GC(154) Desired survivor size 3670016 bytes, new threshold 1 (max threshold 15)
[2020-10-24T06:01:28.688+0000][7][gc,age       ] GC(154) Age table with threshold 1 (max threshold 15)
[2020-10-24T06:01:28.688+0000][7][gc,age       ] GC(154) - age   1:     371656 bytes,     371656 total
[2020-10-24T06:01:28.688+0000][7][gc,phases    ] GC(154)   Pre Evacuate Collection Set: 0.6ms
[2020-10-24T06:01:28.689+0000][7][gc,phases    ] GC(154)   Merge Heap Roots: 0.2ms
[2020-10-24T06:01:28.689+0000][7][gc,phases    ] GC(154)   Evacuate Collection Set: 2.1ms
[2020-10-24T06:01:28.689+0000][7][gc,phases    ] GC(154)   Post Evacuate Collection Set: 0.9ms
[2020-10-24T06:01:28.689+0000][7][gc,phases    ] GC(154)   Other: 1.8ms
[2020-10-24T06:01:28.690+0000][7][gc,heap      ] GC(154) Eden regions: 47->0(52)
[2020-10-24T06:01:28.690+0000][7][gc,heap      ] GC(154) Survivor regions: 8->2(7)
[2020-10-24T06:01:28.690+0000][7][gc,heap      ] GC(154) Old regions: 112->115
[2020-10-24T06:01:28.690+0000][7][gc,heap      ] GC(154) Archive regions: 2->2
[2020-10-24T06:01:28.690+0000][7][gc,heap      ] GC(154) Humongous regions: 15->15
[2020-10-24T06:01:28.691+0000][7][gc,metaspace ] GC(154) Metaspace: 107783K(116388K)->107783K(116388K) NonClass: 93970K(99032K)->93970K(99032K) Class: 13813K(17356K)->13813K(17356K)
[2020-10-24T06:01:28.691+0000][7][gc           ] GC(154) Pause Young (Concurrent Start) (G1 Evacuation Pause) 181M->131M(256M) 7.869ms
[2020-10-24T06:01:28.691+0000][7][gc,cpu       ] GC(154) User=0.01s Sys=0.01s Real=0.01s
[2020-10-24T06:01:28.691+0000][7][safepoint    ] Safepoint "G1CollectForAllocation", Time since last: 544528800 ns, Reaching safepoint: 357300 ns, At safepoint: 8259100 ns, Total: 8616400 ns
[2020-10-24T06:01:28.691+0000][7][gc           ] GC(155) Concurrent Cycle
[2020-10-24T06:01:28.691+0000][7][gc,marking   ] GC(155) Concurrent Clear Claimed Marks
[2020-10-24T06:01:28.692+0000][7][gc,marking   ] GC(155) Concurrent Clear Claimed Marks 0.620ms
[2020-10-24T06:01:28.692+0000][7][gc,marking   ] GC(155) Concurrent Scan Root Regions
[2020-10-24T06:01:28.693+0000][7][gc,marking   ] GC(155) Concurrent Scan Root Regions 1.025ms
[2020-10-24T06:01:28.693+0000][7][gc,marking   ] GC(155) Concurrent Mark (1046.060s)
[2020-10-24T06:01:28.694+0000][7][gc,marking   ] GC(155) Concurrent Mark From Roots
[2020-10-24T06:01:28.694+0000][7][gc,task      ] GC(155) Using 3 workers of 3 for marking
[2020-10-24T06:01:28.741+0000][7][gc,marking   ] GC(155) Concurrent Mark From Roots 46.896ms
[2020-10-24T06:01:28.741+0000][7][gc,marking   ] GC(155) Concurrent Preclean
[2020-10-24T06:01:28.742+0000][7][gc,marking   ] GC(155) Concurrent Preclean 0.702ms
[2020-10-24T06:01:28.742+0000][7][gc,marking   ] GC(155) Concurrent Mark (1046.060s, 1046.108s) 48.415ms
[2020-10-24T06:01:28.743+0000][7][gc,start     ] GC(155) Pause Remark
[2020-10-24T06:01:28.749+0000][7][gc           ] GC(155) Pause Remark 131M->131M(256M) 6.434ms
[2020-10-24T06:01:28.749+0000][7][gc,cpu       ] GC(155) User=0.03s Sys=0.00s Real=0.01s
[2020-10-24T06:01:28.750+0000][7][safepoint    ] Safepoint "G1Concurrent", Time since last: 51132200 ns, Reaching safepoint: 311500 ns, At safepoint: 7148200 ns, Total: 7459700 ns
[2020-10-24T06:01:28.750+0000][7][gc,marking   ] GC(155) Concurrent Rebuild Remembered Sets
[2020-10-24T06:01:28.786+0000][7][gc,marking   ] GC(155) Concurrent Rebuild Remembered Sets 36.266ms
[2020-10-24T06:01:28.787+0000][7][gc,start     ] GC(155) Pause Cleanup
[2020-10-24T06:01:28.788+0000][7][gc           ] GC(155) Pause Cleanup 133M->133M(256M) 0.551ms
[2020-10-24T06:01:28.788+0000][7][gc,cpu       ] GC(155) User=0.00s Sys=0.00s Real=0.01s
[2020-10-24T06:01:28.788+0000][7][safepoint    ] Safepoint "G1Concurrent", Time since last: 37104300 ns, Reaching safepoint: 246000 ns, At safepoint: 1129200 ns, Total: 1375200 ns
[2020-10-24T06:01:28.788+0000][7][gc,marking   ] GC(155) Concurrent Cleanup for Next Mark
[2020-10-24T06:01:28.789+0000][7][gc,marking   ] GC(155) Concurrent Cleanup for Next Mark 0.628ms
[2020-10-24T06:01:28.789+0000][7][gc           ] GC(155) Concurrent Cycle 98.236ms
[2020-10-24T06:01:29.789+0000][7][safepoint    ] Safepoint "Cleanup", Time since last: 1000432500 ns, Reaching safepoint: 444300 ns, At safepoint: 20900 ns, Total: 465200 ns
[2020-10-24T06:01:30.790+0000][7][safepoint    ] Safepoint "Cleanup", Time since last: 1000743000 ns, Reaching safepoint: 286000 ns, At safepoint: 14300 ns, Total: 300300 ns
[2020-10-24T06:01:31.791+0000][7][safepoint    ] Safepoint "Cleanup", Time since last: 1000520200 ns, Reaching safepoint: 319400 ns, At safepoint: 13600 ns, Total: 333000 ns
[2020-10-24T06:01:32.792+0000][7][safepoint    ] Safepoint "Cleanup", Time since last: 1000668800 ns, Reaching safepoint: 574300 ns, At safepoint: 36200 ns, Total: 610500 ns
[2020-10-24T06:01:33.794+0000][7][safepoint    ] Safepoint "Cleanup", Time since last: 1001031300 ns, Reaching safepoint: 836000 ns, At safepoint: 49100 ns, Total: 885100 ns
[2020-10-24T06:01:34.791+0000][7][safepoint    ] Safepoint "BulkRevokeBias", Time since last: 994892800 ns, Reaching safepoint: 222100 ns, At safepoint: 1347700 ns, Total: 1569800 ns
[2020-10-24T06:01:34.820+0000][7][safepoint    ] Safepoint "BulkRevokeBias", Time since last: 28134000 ns, Reaching safepoint: 275500 ns, At safepoint: 722500 ns, Total: 998000 ns
[2020-10-24T06:01:36.576+0000][7][safepoint    ] Safepoint "Cleanup", Time since last: 1756242300 ns, Reaching safepoint: 274700 ns, At safepoint: 15600 ns, Total: 290300 ns
[2020-10-24T06:01:37.577+0000][7][safepoint    ] Safepoint "Cleanup", Time since last: 1000541000 ns, Reaching safepoint: 252100 ns, At safepoint: 10300 ns, Total: 262400 ns
[2020-10-24T06:01:38.579+0000][7][safepoint    ] Safepoint "Cleanup", Time since last: 1000582600 ns, Reaching safepoint: 1171000 ns, At safepoint: 320300 ns, Total: 1491300 ns
[2020-10-24T06:01:39.581+0000][7][safepoint    ] Safepoint "Cleanup", Time since last: 1001134000 ns, Reaching safepoint: 232200 ns, At safepoint: 10000 ns, Total: 242200 ns
[2020-10-24T06:01:40.582+0000][7][safepoint    ] Safepoint "Cleanup", Time since last: 1000705000 ns, Reaching safepoint: 777800 ns, At safepoint: 167900 ns, Total: 945700 ns
[2020-10-24T06:01:41.584+0000][7][safepoint    ] Safepoint "Cleanup", Time since last: 1001166900 ns, Reaching safepoint: 296000 ns, At safepoint: 15300 ns, Total: 311300 ns
[2020-10-24T06:01:42.585+0000][7][safepoint    ] Safepoint "Cleanup", Time since last: 1000577100 ns, Reaching safepoint: 261100 ns, At safepoint: 12100 ns, Total: 273200 ns
[2020-10-24T06:01:43.586+0000][7][safepoint    ] Safepoint "Cleanup", Time since last: 1000684000 ns, Reaching safepoint: 802700 ns, At safepoint: 50200 ns, Total: 852900 ns
[2020-10-24T06:01:44.588+0000][7][safepoint    ] Safepoint "Cleanup", Time since last: 1001238100 ns, Reaching safepoint: 390500 ns, At safepoint: 24500 ns, Total: 415000 ns
[2020-10-24T06:01:45.589+0000][7][safepoint    ] Safepoint "Cleanup", Time since last: 1000547600 ns, Reaching safepoint: 257900 ns, At safepoint: 24800 ns, Total: 282700 ns
[2020-10-24T06:01:46.589+0000][7][safepoint    ] Safepoint "Cleanup", Time since last: 1000495600 ns, Reaching safepoint: 238100 ns, At safepoint: 13600 ns, Total: 251700 ns
[2020-10-24T06:01:46.786+0000][7][gc,start     ] GC(156) Pause Young (Normal) (G1 Evacuation Pause)
[2020-10-24T06:01:46.787+0000][7][gc,task      ] GC(156) Using 6 workers of 10 for evacuation
[2020-10-24T06:01:46.787+0000][7][gc,age       ] GC(156) Desired survivor size 3670016 bytes, new threshold 15 (max threshold 15)
[2020-10-24T06:01:46.790+0000][7][gc,age       ] GC(156) Age table with threshold 15 (max threshold 15)
[2020-10-24T06:01:46.790+0000][7][gc,age       ] GC(156) - age   1:     585664 bytes,     585664 total
[2020-10-24T06:01:46.791+0000][7][gc,age       ] GC(156) - age   2:     342352 bytes,     928016 total
[2020-10-24T06:01:46.791+0000][7][gc,phases    ] GC(156)   Pre Evacuate Collection Set: 0.2ms
[2020-10-24T06:01:46.791+0000][7][gc,phases    ] GC(156)   Merge Heap Roots: 0.1ms
[2020-10-24T06:01:46.791+0000][7][gc,phases    ] GC(156)   Evacuate Collection Set: 1.3ms
[2020-10-24T06:01:46.792+0000][7][gc,phases    ] GC(156)   Post Evacuate Collection Set: 1.0ms
[2020-10-24T06:01:46.792+0000][7][gc,phases    ] GC(156)   Other: 1.9ms
[2020-10-24T06:01:46.792+0000][7][gc,heap      ] GC(156) Eden regions: 52->0(53)
[2020-10-24T06:01:46.793+0000][7][gc,heap      ] GC(156) Survivor regions: 2->1(7)
[2020-10-24T06:01:46.793+0000][7][gc,heap      ] GC(156) Old regions: 115->115
[2020-10-24T06:01:46.793+0000][7][gc,heap      ] GC(156) Archive regions: 2->2
[2020-10-24T06:01:46.793+0000][7][gc,heap      ] GC(156) Humongous regions: 15->15
[2020-10-24T06:01:46.793+0000][7][gc,metaspace ] GC(156) Metaspace: 107810K(116388K)->107810K(116388K) NonClass: 93997K(99032K)->93997K(99032K) Class: 13813K(17356K)->13813K(17356K)
[2020-10-24T06:01:46.794+0000][7][gc           ] GC(156) Pause Young (Normal) (G1 Evacuation Pause) 183M->131M(256M) 7.308ms
[2020-10-24T06:01:46.794+0000][7][gc,cpu       ] GC(156) User=0.01s Sys=0.00s Real=0.01s
[2020-10-24T06:01:46.794+0000][7][safepoint    ] Safepoint "G1CollectForAllocation", Time since last: 196784200 ns, Reaching safepoint: 265200 ns, At safepoint: 7776500 ns, Total: 8041700 ns
[2020-10-24T06:01:47.795+0000][7][safepoint    ] Safepoint "Cleanup", Time since last: 1000469100 ns, Reaching safepoint: 239500 ns, At safepoint: 10000 ns, Total: 249500 ns
[2020-10-24T06:01:48.796+0000][7][safepoint    ] Safepoint "Cleanup", Time since last: 1000537800 ns, Reaching safepoint: 280300 ns, At safepoint: 9900 ns, Total: 290200 ns
[2020-10-24T06:01:49.797+0000][7][safepoint    ] Safepoint "Cleanup", Time since last: 1000558400 ns, Reaching safepoint: 448500 ns, At safepoint: 24900 ns, Total: 473400 ns
[2020-10-24T06:01:50.799+0000][7][safepoint    ] Safepoint "Cleanup", Time since last: 1000791800 ns, Reaching safepoint: 1055300 ns, At safepoint: 131500 ns, Total: 1186800 ns
[2020-10-24T06:01:51.801+0000][7][safepoint    ] Safepoint "Cleanup", Time since last: 1001346700 ns, Reaching safepoint: 818000 ns, At safepoint: 50000 ns, Total: 868000 ns
[2020-10-24T06:01:52.803+0000][7][safepoint    ] Safepoint "Cleanup", Time since last: 1001314100 ns, Reaching safepoint: 656100 ns, At safepoint: 40500 ns, Total: 696600 ns
[2020-10-24T06:01:53.804+0000][7][safepoint    ] Safepoint "Cleanup", Time since last: 1001056200 ns, Reaching safepoint: 244000 ns, At safepoint: 31800 ns, Total: 275800 ns
[2020-10-24T06:01:54.805+0000][7][safepoint    ] Safepoint "Cleanup", Time since last: 1000552900 ns, Reaching safepoint: 219300 ns, At safepoint: 9900 ns, Total: 229200 ns
[2020-10-24T06:01:55.806+0000][7][safepoint    ] Safepoint "Cleanup", Time since last: 1000531200 ns, Reaching safepoint: 350800 ns, At safepoint: 18500 ns, Total: 369300 ns
[2020-10-24T06:01:56.807+0000][7][safepoint    ] Safepoint "Cleanup", Time since last: 1000776800 ns, Reaching safepoint: 264500 ns, At safepoint: 10600 ns, Total: 275100 ns
[2020-10-24T06:01:57.808+0000][7][safepoint    ] Safepoint "Cleanup", Time since last: 1000517600 ns, Reaching safepoint: 261700 ns, At safepoint: 11100 ns, Total: 272800 ns
[2020-10-24T06:01:58.809+0000][7][safepoint    ] Safepoint "Cleanup", Time since last: 1000503700 ns, Reaching safepoint: 308600 ns, At safepoint: 11200 ns, Total: 319800 ns
[2020-10-24T06:01:59.809+0000][7][safepoint    ] Safepoint "Cleanup", Time since last: 1000593400 ns, Reaching safepoint: 281600 ns, At safepoint: 12800 ns, Total: 294400 ns
[2020-10-24T06:02:00.811+0000][7][safepoint    ] Safepoint "Cleanup", Time since last: 1000537500 ns, Reaching safepoint: 867200 ns, At safepoint: 49800 ns, Total: 917000 ns
[2020-10-24T06:02:01.812+0000][7][safepoint    ] Safepoint "Cleanup", Time since last: 1001215100 ns, Reaching safepoint: 271600 ns, At safepoint: 10000 ns, Total: 281600 ns
[2020-10-24T06:02:02.814+0000][7][safepoint    ] Safepoint "Cleanup", Time since last: 1000679900 ns, Reaching safepoint: 782200 ns, At safepoint: 52600 ns, Total: 834800 ns
[2020-10-24T06:02:03.816+0000][7][safepoint    ] Safepoint "Cleanup", Time since last: 1001328100 ns, Reaching safepoint: 882100 ns, At safepoint: 50000 ns, Total: 932100 ns
[2020-10-24T06:02:04.818+0000][7][safepoint    ] Safepoint "Cleanup", Time since last: 1001252900 ns, Reaching safepoint: 298200 ns, At safepoint: 16300 ns, Total: 314500 ns
[2020-10-24T06:02:05.819+0000][7][safepoint    ] Safepoint "Cleanup", Time since last: 1000711400 ns, Reaching safepoint: 879300 ns, At safepoint: 50300 ns, Total: 929600 ns
[2020-10-24T06:02:07.252+0000][7][safepoint    ] Safepoint "Cleanup", Time since last: 1432324300 ns, Reaching safepoint: 312800 ns, At safepoint: 15500 ns, Total: 328300 ns
[2020-10-24T06:02:08.254+0000][7][safepoint    ] Safepoint "Cleanup", Time since last: 1000629800 ns, Reaching safepoint: 840600 ns, At safepoint: 174200 ns, Total: 1014800 ns
[2020-10-24T06:02:09.255+0000][7][safepoint    ] Safepoint "Cleanup", Time since last: 1001325900 ns, Reaching safepoint: 350000 ns, At safepoint: 17900 ns, Total: 367900 ns
[2020-10-24T06:02:10.257+0000][7][safepoint    ] Safepoint "Cleanup", Time since last: 1000680100 ns, Reaching safepoint: 818500 ns, At safepoint: 50000 ns, Total: 868500 ns
[2020-10-24T06:02:11.258+0000][7][safepoint    ] Safepoint "Cleanup", Time since last: 1001122700 ns, Reaching safepoint: 291400 ns, At safepoint: 16300 ns, Total: 307700 ns
[2020-10-24T06:02:12.259+0000][7][safepoint    ] Safepoint "Cleanup", Time since last: 1000612900 ns, Reaching safepoint: 275900 ns, At safepoint: 9900 ns, Total: 285800 ns
[2020-10-24T06:02:13.260+0000][7][safepoint    ] Safepoint "Cleanup", Time since last: 1000521100 ns, Reaching safepoint: 274200 ns, At safepoint: 9400 ns, Total: 283600 ns
[2020-10-24T06:02:14.262+0000][7][safepoint    ] Safepoint "Cleanup", Time since last: 1000658300 ns, Reaching safepoint: 907400 ns, At safepoint: 50300 ns, Total: 957700 ns
[2020-10-24T06:02:15.263+0000][7][safepoint    ] Safepoint "Cleanup", Time since last: 1001220100 ns, Reaching safepoint: 196100 ns, At safepoint: 10500 ns, Total: 206600 ns
[2020-10-24T06:02:16.264+0000][7][safepoint    ] Safepoint "Cleanup", Time since last: 1000450800 ns, Reaching safepoint: 265200 ns, At safepoint: 9700 ns, Total: 274900 ns
[2020-10-24T06:02:17.265+0000][7][safepoint    ] Safepoint "Cleanup", Time since last: 1000493300 ns, Reaching safepoint: 300900 ns, At safepoint: 9800 ns, Total: 310700 ns
[2020-10-24T06:02:18.265+0000][7][safepoint    ] Safepoint "Cleanup", Time since last: 1000456200 ns, Reaching safepoint: 282200 ns, At safepoint: 11900 ns, Total: 294100 ns
[2020-10-24T06:02:19.267+0000][7][safepoint    ] Safepoint "Cleanup", Time since last: 1000638500 ns, Reaching safepoint: 891600 ns, At safepoint: 49800 ns, Total: 941400 ns
[2020-10-24T06:02:20.269+0000][7][safepoint    ] Safepoint "Cleanup", Time since last: 1001219200 ns, Reaching safepoint: 885500 ns, At safepoint: 50300 ns, Total: 935800 ns
[2020-10-24T06:02:21.271+0000][7][safepoint    ] Safepoint "Cleanup", Time since last: 1001111400 ns, Reaching safepoint: 245800 ns, At safepoint: 19300 ns, Total: 265100 ns
[2020-10-24T06:02:22.272+0000][7][safepoint    ] Safepoint "Cleanup", Time since last: 1000628600 ns, Reaching safepoint: 346200 ns, At safepoint: 22200 ns, Total: 368400 ns
[2020-10-24T06:02:22.741+0000][7][safepoint    ] Safepoint "BulkRevokeBias", Time since last: 467854600 ns, Reaching safepoint: 306600 ns, At safepoint: 940200 ns, Total: 1246800 ns
[2020-10-24T06:02:22.759+0000][7][gc,start     ] GC(157) Pause Young (Concurrent Start) (G1 Evacuation Pause)
[2020-10-24T06:02:22.759+0000][7][gc,task      ] GC(157) Using 6 workers of 10 for evacuation
[2020-10-24T06:02:22.760+0000][7][gc,age       ] GC(157) Desired survivor size 3670016 bytes, new threshold 15 (max threshold 15)
[2020-10-24T06:02:22.764+0000][7][gc,age       ] GC(157) Age table with threshold 15 (max threshold 15)
[2020-10-24T06:02:22.765+0000][7][gc,age       ] GC(157) - age   1:    1690056 bytes,    1690056 total
[2020-10-24T06:02:22.765+0000][7][gc,age       ] GC(157) - age   2:     521864 bytes,    2211920 total
[2020-10-24T06:02:22.765+0000][7][gc,age       ] GC(157) - age   3:     333216 bytes,    2545136 total
[2020-10-24T06:02:22.766+0000][7][gc,phases    ] GC(157)   Pre Evacuate Collection Set: 0.8ms
[2020-10-24T06:02:22.766+0000][7][gc,phases    ] GC(157)   Merge Heap Roots: 0.2ms
[2020-10-24T06:02:22.766+0000][7][gc,phases    ] GC(157)   Evacuate Collection Set: 2.3ms
[2020-10-24T06:02:22.766+0000][7][gc,phases    ] GC(157)   Post Evacuate Collection Set: 0.8ms
[2020-10-24T06:02:22.766+0000][7][gc,phases    ] GC(157)   Other: 2.5ms
[2020-10-24T06:02:22.767+0000][7][gc,heap      ] GC(157) Eden regions: 53->0(51)
[2020-10-24T06:02:22.767+0000][7][gc,heap      ] GC(157) Survivor regions: 1->3(7)
[2020-10-24T06:02:22.767+0000][7][gc,heap      ] GC(157) Old regions: 115->115
[2020-10-24T06:02:22.767+0000][7][gc,heap      ] GC(157) Archive regions: 2->2
[2020-10-24T06:02:22.767+0000][7][gc,heap      ] GC(157) Humongous regions: 15->15
[2020-10-24T06:02:22.767+0000][7][gc,metaspace ] GC(157) Metaspace: 107829K(116388K)->107829K(116388K) NonClass: 94016K(99032K)->94016K(99032K) Class: 13813K(17356K)->13813K(17356K)
[2020-10-24T06:02:22.767+0000][7][gc           ] GC(157) Pause Young (Concurrent Start) (G1 Evacuation Pause) 184M->133M(256M) 8.197ms
[2020-10-24T06:02:22.767+0000][7][gc,cpu       ] GC(157) User=0.01s Sys=0.00s Real=0.01s
[2020-10-24T06:02:22.768+0000][7][safepoint    ] Safepoint "G1CollectForAllocation", Time since last: 18160400 ns, Reaching safepoint: 213900 ns, At safepoint: 8573800 ns, Total: 8787700 ns
[2020-10-24T06:02:22.768+0000][7][gc           ] GC(158) Concurrent Cycle
[2020-10-24T06:02:22.768+0000][7][gc,marking   ] GC(158) Concurrent Clear Claimed Marks
[2020-10-24T06:02:22.769+0000][7][gc,marking   ] GC(158) Concurrent Clear Claimed Marks 1.104ms
[2020-10-24T06:02:22.769+0000][7][gc,marking   ] GC(158) Concurrent Scan Root Regions
[2020-10-24T06:02:22.771+0000][7][gc,marking   ] GC(158) Concurrent Scan Root Regions 1.365ms
[2020-10-24T06:02:22.771+0000][7][gc,marking   ] GC(158) Concurrent Mark (1100.137s)
[2020-10-24T06:02:22.771+0000][7][gc,marking   ] GC(158) Concurrent Mark From Roots
[2020-10-24T06:02:22.771+0000][7][gc,task      ] GC(158) Using 3 workers of 3 for marking
[2020-10-24T06:02:22.789+0000][7][safepoint    ] Safepoint "BulkRevokeBias", Time since last: 19862900 ns, Reaching safepoint: 298600 ns, At safepoint: 871800 ns, Total: 1170400 ns
[2020-10-24T06:02:22.827+0000][7][gc,marking   ] GC(158) Concurrent Mark From Roots 55.536ms
[2020-10-24T06:02:22.827+0000][7][gc,marking   ] GC(158) Concurrent Preclean
[2020-10-24T06:02:22.828+0000][7][gc,marking   ] GC(158) Concurrent Preclean 0.823ms
[2020-10-24T06:02:22.828+0000][7][gc,marking   ] GC(158) Concurrent Mark (1100.137s, 1100.195s) 57.263ms
[2020-10-24T06:02:22.829+0000][7][gc,start     ] GC(158) Pause Remark
[2020-10-24T06:02:22.836+0000][7][gc           ] GC(158) Pause Remark 141M->141M(256M) 6.842ms
[2020-10-24T06:02:22.836+0000][7][gc,cpu       ] GC(158) User=0.03s Sys=0.00s Real=0.00s
[2020-10-24T06:02:22.836+0000][7][safepoint    ] Safepoint "G1Concurrent", Time since last: 39890500 ns, Reaching safepoint: 243800 ns, At safepoint: 7596400 ns, Total: 7840200 ns
[2020-10-24T06:02:22.837+0000][7][gc,marking   ] GC(158) Concurrent Rebuild Remembered Sets
[2020-10-24T06:02:22.875+0000][7][gc,marking   ] GC(158) Concurrent Rebuild Remembered Sets 38.276ms
[2020-10-24T06:02:22.876+0000][7][gc,start     ] GC(158) Pause Cleanup
[2020-10-24T06:02:22.876+0000][7][gc           ] GC(158) Pause Cleanup 141M->141M(256M) 0.543ms
[2020-10-24T06:02:22.876+0000][7][gc,cpu       ] GC(158) User=0.00s Sys=0.00s Real=0.00s
[2020-10-24T06:02:22.877+0000][7][safepoint    ] Safepoint "G1Concurrent", Time since last: 39043400 ns, Reaching safepoint: 206400 ns, At safepoint: 1205400 ns, Total: 1411800 ns
[2020-10-24T06:02:22.877+0000][7][gc,marking   ] GC(158) Concurrent Cleanup for Next Mark
[2020-10-24T06:02:22.878+0000][7][gc,marking   ] GC(158) Concurrent Cleanup for Next Mark 0.801ms
[2020-10-24T06:02:22.878+0000][7][gc           ] GC(158) Concurrent Cycle 110.650ms
[2020-10-24T06:02:23.204+0000][7][gc,start     ] GC(159) Pause Young (Normal) (G1 Evacuation Pause)
[2020-10-24T06:02:23.204+0000][7][gc,task      ] GC(159) Using 6 workers of 10 for evacuation
[2020-10-24T06:02:23.205+0000][7][gc,age       ] GC(159) Desired survivor size 3670016 bytes, new threshold 15 (max threshold 15)
[2020-10-24T06:02:23.208+0000][7][gc,age       ] GC(159) Age table with threshold 15 (max threshold 15)
[2020-10-24T06:02:23.208+0000][7][gc,age       ] GC(159) - age   1:     263184 bytes,     263184 total
[2020-10-24T06:02:23.208+0000][7][gc,age       ] GC(159) - age   2:     889080 bytes,    1152264 total
[2020-10-24T06:02:23.209+0000][7][gc,age       ] GC(159) - age   3:     519368 bytes,    1671632 total
[2020-10-24T06:02:23.209+0000][7][gc,age       ] GC(159) - age   4:     333048 bytes,    2004680 total
[2020-10-24T06:02:23.209+0000][7][gc,phases    ] GC(159)   Pre Evacuate Collection Set: 0.1ms
[2020-10-24T06:02:23.209+0000][7][gc,phases    ] GC(159)   Merge Heap Roots: 0.1ms
[2020-10-24T06:02:23.210+0000][7][gc,phases    ] GC(159)   Evacuate Collection Set: 1.4ms
[2020-10-24T06:02:23.210+0000][7][gc,phases    ] GC(159)   Post Evacuate Collection Set: 0.9ms
[2020-10-24T06:02:23.210+0000][7][gc,phases    ] GC(159)   Other: 2.4ms
[2020-10-24T06:02:23.210+0000][7][gc,heap      ] GC(159) Eden regions: 51->0(53)
[2020-10-24T06:02:23.210+0000][7][gc,heap      ] GC(159) Survivor regions: 3->2(7)
[2020-10-24T06:02:23.210+0000][7][gc,heap      ] GC(159) Old regions: 115->115
[2020-10-24T06:02:23.211+0000][7][gc,heap      ] GC(159) Archive regions: 2->2
[2020-10-24T06:02:23.211+0000][7][gc,heap      ] GC(159) Humongous regions: 15->15
[2020-10-24T06:02:23.211+0000][7][gc,metaspace ] GC(159) Metaspace: 107834K(116388K)->107834K(116388K) NonClass: 94021K(99032K)->94021K(99032K) Class: 13813K(17356K)->13813K(17356K)
[2020-10-24T06:02:23.211+0000][7][gc           ] GC(159) Pause Young (Normal) (G1 Evacuation Pause) 184M->132M(256M) 7.050ms
[2020-10-24T06:02:23.211+0000][7][gc,cpu       ] GC(159) User=0.00s Sys=0.01s Real=0.01s
[2020-10-24T06:02:23.212+0000][7][safepoint    ] Safepoint "G1CollectForAllocation", Time since last: 327032600 ns, Reaching safepoint: 252300 ns, At safepoint: 7453300 ns, Total: 7705600 ns
[2020-10-24T06:02:24.225+0000][7][safepoint    ] Safepoint "Cleanup", Time since last: 1012980700 ns, Reaching safepoint: 404500 ns, At safepoint: 54700 ns, Total: 459200 ns
[2020-10-24T06:02:25.227+0000][7][safepoint    ] Safepoint "Cleanup", Time since last: 1000820900 ns, Reaching safepoint: 715900 ns, At safepoint: 48400 ns, Total: 764300 ns
[2020-10-24T06:02:26.788+0000][7][safepoint    ] Safepoint "Cleanup", Time since last: 1560869600 ns, Reaching safepoint: 241800 ns, At safepoint: 9900 ns, Total: 251700 ns
[2020-10-24T06:02:27.789+0000][7][safepoint    ] Safepoint "Cleanup", Time since last: 1000534300 ns, Reaching safepoint: 652200 ns, At safepoint: 39700 ns, Total: 691900 ns
[2020-10-24T06:02:28.790+0000][7][safepoint    ] Safepoint "Cleanup", Time since last: 1000914900 ns, Reaching safepoint: 604300 ns, At safepoint: 67900 ns, Total: 672200 ns
[2020-10-24T06:02:29.792+0000][7][safepoint    ] Safepoint "Cleanup", Time since last: 1000912300 ns, Reaching safepoint: 754900 ns, At safepoint: 48600 ns, Total: 803500 ns
[2020-10-24T06:02:30.794+0000][7][safepoint    ] Safepoint "Cleanup", Time since last: 1001195400 ns, Reaching safepoint: 330500 ns, At safepoint: 17500 ns, Total: 348000 ns
[2020-10-24T06:02:31.795+0000][7][safepoint    ] Safepoint "Cleanup", Time since last: 1000736500 ns, Reaching safepoint: 308200 ns, At safepoint: 35000 ns, Total: 343200 ns
[2020-10-24T06:02:32.796+0000][7][safepoint    ] Safepoint "Cleanup", Time since last: 1000678700 ns, Reaching safepoint: 233900 ns, At safepoint: 9400 ns, Total: 243300 ns
[2020-10-24T06:02:33.797+0000][7][safepoint    ] Safepoint "Cleanup", Time since last: 1000513100 ns, Reaching safepoint: 215000 ns, At safepoint: 10000 ns, Total: 225000 ns
[2020-10-24T06:02:34.797+0000][7][safepoint    ] Safepoint "Cleanup", Time since last: 1000548000 ns, Reaching safepoint: 228400 ns, At safepoint: 14100 ns, Total: 242500 ns
[2020-10-24T06:02:35.799+0000][7][safepoint    ] Safepoint "Cleanup", Time since last: 1000781300 ns, Reaching safepoint: 651700 ns, At safepoint: 40700 ns, Total: 692400 ns
[2020-10-24T06:02:36.801+0000][7][safepoint    ] Safepoint "Cleanup", Time since last: 1001156100 ns, Reaching safepoint: 822300 ns, At safepoint: 48400 ns, Total: 870700 ns
[2020-10-24T06:02:37.803+0000][7][safepoint    ] Safepoint "Cleanup", Time since last: 1001281700 ns, Reaching safepoint: 1067400 ns, At safepoint: 187600 ns, Total: 1255000 ns
[2020-10-24T06:02:37.834+0000][7][safepoint    ] Safepoint "BulkRevokeBias", Time since last: 29501700 ns, Reaching safepoint: 348200 ns, At safepoint: 974000 ns, Total: 1322200 ns
[2020-10-24T06:02:37.836+0000][7][safepoint    ] Safepoint "BulkRevokeBias", Time since last: 746900 ns, Reaching safepoint: 266000 ns, At safepoint: 981000 ns, Total: 1247000 ns
[2020-10-24T06:02:37.852+0000][7][gc,start     ] GC(160) Pause Young (Concurrent Start) (G1 Evacuation Pause)
[2020-10-24T06:02:37.852+0000][7][gc,task      ] GC(160) Using 6 workers of 10 for evacuation
[2020-10-24T06:02:37.853+0000][7][gc,age       ] GC(160) Desired survivor size 3670016 bytes, new threshold 15 (max threshold 15)
[2020-10-24T06:02:37.857+0000][7][gc,age       ] GC(160) Age table with threshold 15 (max threshold 15)
[2020-10-24T06:02:37.857+0000][7][gc,age       ] GC(160) - age   1:    1295232 bytes,    1295232 total
[2020-10-24T06:02:37.857+0000][7][gc,age       ] GC(160) - age   2:      28984 bytes,    1324216 total
[2020-10-24T06:02:37.858+0000][7][gc,age       ] GC(160) - age   3:     289088 bytes,    1613304 total
[2020-10-24T06:02:37.858+0000][7][gc,age       ] GC(160) - age   4:     362704 bytes,    1976008 total
[2020-10-24T06:02:37.858+0000][7][gc,age       ] GC(160) - age   5:     110336 bytes,    2086344 total
[2020-10-24T06:02:37.859+0000][7][gc,phases    ] GC(160)   Pre Evacuate Collection Set: 0.6ms
[2020-10-24T06:02:37.859+0000][7][gc,phases    ] GC(160)   Merge Heap Roots: 0.2ms
[2020-10-24T06:02:37.859+0000][7][gc,phases    ] GC(160)   Evacuate Collection Set: 1.9ms
[2020-10-24T06:02:37.859+0000][7][gc,phases    ] GC(160)   Post Evacuate Collection Set: 0.9ms
[2020-10-24T06:02:37.860+0000][7][gc,phases    ] GC(160)   Other: 2.9ms
[2020-10-24T06:02:37.860+0000][7][gc,heap      ] GC(160) Eden regions: 53->0(52)
[2020-10-24T06:02:37.860+0000][7][gc,heap      ] GC(160) Survivor regions: 2->3(7)
[2020-10-24T06:02:37.860+0000][7][gc,heap      ] GC(160) Old regions: 115->115
[2020-10-24T06:02:37.860+0000][7][gc,heap      ] GC(160) Archive regions: 2->2
[2020-10-24T06:02:37.861+0000][7][gc,heap      ] GC(160) Humongous regions: 15->15
[2020-10-24T06:02:37.861+0000][7][gc,metaspace ] GC(160) Metaspace: 107843K(116388K)->107843K(116388K) NonClass: 94030K(99032K)->94030K(99032K) Class: 13813K(17356K)->13813K(17356K)
[2020-10-24T06:02:37.861+0000][7][gc           ] GC(160) Pause Young (Concurrent Start) (G1 Evacuation Pause) 185M->132M(256M) 8.819ms
[2020-10-24T06:02:37.861+0000][7][gc,cpu       ] GC(160) User=0.03s Sys=0.00s Real=0.01s
[2020-10-24T06:02:37.861+0000][7][gc           ] GC(161) Concurrent Cycle
[2020-10-24T06:02:37.862+0000][7][gc,marking   ] GC(161) Concurrent Clear Claimed Marks
[2020-10-24T06:02:37.861+0000][7][safepoint    ] Safepoint "G1CollectForAllocation", Time since last: 15661300 ns, Reaching safepoint: 270400 ns, At safepoint: 9256500 ns, Total: 9526900 ns
[2020-10-24T06:02:37.862+0000][7][gc,marking   ] GC(161) Concurrent Clear Claimed Marks 0.888ms
[2020-10-24T06:02:37.863+0000][7][gc,marking   ] GC(161) Concurrent Scan Root Regions
[2020-10-24T06:02:37.864+0000][7][gc,marking   ] GC(161) Concurrent Scan Root Regions 0.884ms
[2020-10-24T06:02:37.864+0000][7][gc,marking   ] GC(161) Concurrent Mark (1115.230s)
[2020-10-24T06:02:37.864+0000][7][gc,marking   ] GC(161) Concurrent Mark From Roots
[2020-10-24T06:02:37.864+0000][7][gc,task      ] GC(161) Using 3 workers of 3 for marking
[2020-10-24T06:02:37.919+0000][7][gc,marking   ] GC(161) Concurrent Mark From Roots 54.906ms
[2020-10-24T06:02:37.919+0000][7][gc,marking   ] GC(161) Concurrent Preclean
[2020-10-24T06:02:37.920+0000][7][gc,marking   ] GC(161) Concurrent Preclean 0.755ms
[2020-10-24T06:02:37.920+0000][7][gc,marking   ] GC(161) Concurrent Mark (1115.230s, 1115.287s) 56.467ms
[2020-10-24T06:02:37.921+0000][7][gc,start     ] GC(161) Pause Remark
[2020-10-24T06:02:37.929+0000][7][gc           ] GC(161) Pause Remark 134M->134M(256M) 8.112ms
[2020-10-24T06:02:37.929+0000][7][gc,cpu       ] GC(161) User=0.04s Sys=0.00s Real=0.01s
[2020-10-24T06:02:37.930+0000][7][safepoint    ] Safepoint "G1Concurrent", Time since last: 59139400 ns, Reaching safepoint: 256600 ns, At safepoint: 8853900 ns, Total: 9110500 ns
[2020-10-24T06:02:37.930+0000][7][gc,marking   ] GC(161) Concurrent Rebuild Remembered Sets
[2020-10-24T06:02:37.963+0000][7][gc,marking   ] GC(161) Concurrent Rebuild Remembered Sets 32.878ms
[2020-10-24T06:02:37.964+0000][7][gc,start     ] GC(161) Pause Cleanup
[2020-10-24T06:02:37.964+0000][7][gc           ] GC(161) Pause Cleanup 134M->134M(256M) 0.561ms
[2020-10-24T06:02:37.964+0000][7][gc,cpu       ] GC(161) User=0.00s Sys=0.00s Real=0.00s
[2020-10-24T06:02:37.965+0000][7][safepoint    ] Safepoint "G1Concurrent", Time since last: 33678400 ns, Reaching safepoint: 285200 ns, At safepoint: 1234100 ns, Total: 1519300 ns
[2020-10-24T06:02:37.965+0000][7][gc,marking   ] GC(161) Concurrent Cleanup for Next Mark
[2020-10-24T06:02:37.966+0000][7][gc,marking   ] GC(161) Concurrent Cleanup for Next Mark 0.661ms
[2020-10-24T06:02:37.966+0000][7][gc           ] GC(161) Concurrent Cycle 104.784ms
[2020-10-24T06:02:38.622+0000][7][safepoint    ] Safepoint "BulkRevokeBias", Time since last: 655921100 ns, Reaching safepoint: 267800 ns, At safepoint: 859400 ns, Total: 1127200 ns
[2020-10-24T06:02:40.615+0000][7][safepoint    ] Safepoint "Cleanup", Time since last: 1991850500 ns, Reaching safepoint: 823900 ns, At safepoint: 99400 ns, Total: 923300 ns
[2020-10-24T06:02:41.617+0000][7][safepoint    ] Safepoint "Cleanup", Time since last: 1001256200 ns, Reaching safepoint: 871200 ns, At safepoint: 50500 ns, Total: 921700 ns
[2020-10-24T06:02:42.618+0000][7][safepoint    ] Safepoint "Cleanup", Time since last: 1001242700 ns, Reaching safepoint: 364600 ns, At safepoint: 55200 ns, Total: 419800 ns
[2020-10-24T06:02:43.619+0000][7][safepoint    ] Safepoint "Cleanup", Time since last: 1000665800 ns, Reaching safepoint: 296000 ns, At safepoint: 9900 ns, Total: 305900 ns
[2020-10-24T06:02:44.620+0000][7][safepoint    ] Safepoint "Cleanup", Time since last: 1000444300 ns, Reaching safepoint: 205300 ns, At safepoint: 23800 ns, Total: 229100 ns
[2020-10-24T06:02:45.621+0000][7][safepoint    ] Safepoint "Cleanup", Time since last: 1000507000 ns, Reaching safepoint: 278800 ns, At safepoint: 14500 ns, Total: 293300 ns
[2020-10-24T06:02:47.516+0000][7][safepoint    ] Safepoint "Cleanup", Time since last: 1894870100 ns, Reaching safepoint: 252400 ns, At safepoint: 24900 ns, Total: 277300 ns
[2020-10-24T06:02:48.517+0000][7][safepoint    ] Safepoint "Cleanup", Time since last: 1000430100 ns, Reaching safepoint: 285400 ns, At safepoint: 24200 ns, Total: 309600 ns
[2020-10-24T06:02:49.518+0000][7][safepoint    ] Safepoint "Cleanup", Time since last: 1000416800 ns, Reaching safepoint: 373900 ns, At safepoint: 18900 ns, Total: 392800 ns
[2020-10-24T06:02:50.519+0000][7][safepoint    ] Safepoint "Cleanup", Time since last: 1000663600 ns, Reaching safepoint: 891600 ns, At safepoint: 49800 ns, Total: 941400 ns
[2020-10-24T06:02:51.521+0000][7][safepoint    ] Safepoint "Cleanup", Time since last: 1001224100 ns, Reaching safepoint: 258300 ns, At safepoint: 9500 ns, Total: 267800 ns
[2020-10-24T06:02:52.521+0000][7][safepoint    ] Safepoint "Cleanup", Time since last: 1000479300 ns, Reaching safepoint: 224000 ns, At safepoint: 10100 ns, Total: 234100 ns
[2020-10-24T06:02:53.522+0000][7][safepoint    ] Safepoint "Cleanup", Time since last: 1000528500 ns, Reaching safepoint: 454600 ns, At safepoint: 21800 ns, Total: 476400 ns
[2020-10-24T06:02:54.523+0000][7][safepoint    ] Safepoint "Cleanup", Time since last: 1000679700 ns, Reaching safepoint: 293400 ns, At safepoint: 10400 ns, Total: 303800 ns
[2020-10-24T06:02:55.524+0000][7][safepoint    ] Safepoint "Cleanup", Time since last: 1000410800 ns, Reaching safepoint: 234700 ns, At safepoint: 11500 ns, Total: 246200 ns
[2020-10-24T06:02:56.525+0000][7][safepoint    ] Safepoint "Cleanup", Time since last: 1000478100 ns, Reaching safepoint: 740200 ns, At safepoint: 49800 ns, Total: 790000 ns
[2020-10-24T06:02:57.528+0000][7][safepoint    ] Safepoint "Cleanup", Time since last: 1001351400 ns, Reaching safepoint: 1109800 ns, At safepoint: 51100 ns, Total: 1160900 ns
[2020-10-24T06:02:58.169+0000][7][gc,start     ] GC(162) Pause Young (Normal) (G1 Evacuation Pause)
[2020-10-24T06:02:58.169+0000][7][gc,task      ] GC(162) Using 6 workers of 10 for evacuation
[2020-10-24T06:02:58.170+0000][7][gc,age       ] GC(162) Desired survivor size 3670016 bytes, new threshold 15 (max threshold 15)
[2020-10-24T06:02:58.172+0000][7][gc,age       ] GC(162) Age table with threshold 15 (max threshold 15)
[2020-10-24T06:02:58.173+0000][7][gc,age       ] GC(162) - age   1:     465520 bytes,     465520 total
[2020-10-24T06:02:58.173+0000][7][gc,age       ] GC(162) - age   2:     228176 bytes,     693696 total
[2020-10-24T06:02:58.173+0000][7][gc,age       ] GC(162) - age   3:      11040 bytes,     704736 total
[2020-10-24T06:02:58.173+0000][7][gc,age       ] GC(162) - age   4:     245160 bytes,     949896 total
[2020-10-24T06:02:58.173+0000][7][gc,age       ] GC(162) - age   5:      50192 bytes,    1000088 total
[2020-10-24T06:02:58.174+0000][7][gc,age       ] GC(162) - age   6:     107192 bytes,    1107280 total
[2020-10-24T06:02:58.174+0000][7][gc,phases    ] GC(162)   Pre Evacuate Collection Set: 0.1ms
[2020-10-24T06:02:58.174+0000][7][gc,phases    ] GC(162)   Merge Heap Roots: 0.1ms
[2020-10-24T06:02:58.174+0000][7][gc,phases    ] GC(162)   Evacuate Collection Set: 1.3ms
[2020-10-24T06:02:58.174+0000][7][gc,phases    ] GC(162)   Post Evacuate Collection Set: 0.9ms
[2020-10-24T06:02:58.174+0000][7][gc,phases    ] GC(162)   Other: 2.5ms
[2020-10-24T06:02:58.175+0000][7][gc,heap      ] GC(162) Eden regions: 52->0(54)
[2020-10-24T06:02:58.175+0000][7][gc,heap      ] GC(162) Survivor regions: 3->2(7)
[2020-10-24T06:02:58.175+0000][7][gc,heap      ] GC(162) Old regions: 115->115
[2020-10-24T06:02:58.175+0000][7][gc,heap      ] GC(162) Archive regions: 2->2
[2020-10-24T06:02:58.175+0000][7][gc,heap      ] GC(162) Humongous regions: 15->15
[2020-10-24T06:02:58.175+0000][7][gc,metaspace ] GC(162) Metaspace: 107877K(116644K)->107877K(116644K) NonClass: 94063K(99288K)->94063K(99288K) Class: 13813K(17356K)->13813K(17356K)
[2020-10-24T06:02:58.176+0000][7][gc           ] GC(162) Pause Young (Normal) (G1 Evacuation Pause) 184M->131M(256M) 6.705ms
[2020-10-24T06:02:58.176+0000][7][gc,cpu       ] GC(162) User=0.01s Sys=0.00s Real=0.00s
[2020-10-24T06:02:58.176+0000][7][safepoint    ] Safepoint "G1CollectForAllocation", Time since last: 640778200 ns, Reaching safepoint: 253700 ns, At safepoint: 7070200 ns, Total: 7323900 ns
[2020-10-24T06:02:59.177+0000][7][safepoint    ] Safepoint "Cleanup", Time since last: 1000332000 ns, Reaching safepoint: 695000 ns, At safepoint: 38800 ns, Total: 733800 ns
[2020-10-24T06:03:00.178+0000][7][safepoint    ] Safepoint "Cleanup", Time since last: 1001043100 ns, Reaching safepoint: 238900 ns, At safepoint: 9800 ns, Total: 248700 ns
[2020-10-24T06:03:01.179+0000][7][safepoint    ] Safepoint "Cleanup", Time since last: 1000551300 ns, Reaching safepoint: 317200 ns, At safepoint: 16400 ns, Total: 333600 ns
[2020-10-24T06:03:02.180+0000][7][safepoint    ] Safepoint "Cleanup", Time since last: 1000548900 ns, Reaching safepoint: 287200 ns, At safepoint: 23700 ns, Total: 310900 ns
[2020-10-24T06:03:03.181+0000][7][safepoint    ] Safepoint "Cleanup", Time since last: 1000498000 ns, Reaching safepoint: 270000 ns, At safepoint: 9400 ns, Total: 279400 ns
[2020-10-24T06:03:04.665+0000][7][safepoint    ] Safepoint "Cleanup", Time since last: 1483616200 ns, Reaching safepoint: 597900 ns, At safepoint: 35400 ns, Total: 633300 ns
[2020-10-24T06:03:05.667+0000][7][safepoint    ] Safepoint "Cleanup", Time since last: 1001039200 ns, Reaching safepoint: 790500 ns, At safepoint: 48700 ns, Total: 839200 ns
[2020-10-24T06:03:06.669+0000][7][safepoint    ] Safepoint "Cleanup", Time since last: 1001349900 ns, Reaching safepoint: 248300 ns, At safepoint: 13200 ns, Total: 261500 ns
[2020-10-24T06:03:07.669+0000][7][safepoint    ] Safepoint "Cleanup", Time since last: 1000606400 ns, Reaching safepoint: 305800 ns, At safepoint: 9600 ns, Total: 315400 ns
[2020-10-24T06:03:08.671+0000][7][safepoint    ] Safepoint "Cleanup", Time since last: 1000680600 ns, Reaching safepoint: 745700 ns, At safepoint: 96400 ns, Total: 842100 ns
[2020-10-24T06:03:09.672+0000][7][safepoint    ] Safepoint "Cleanup", Time since last: 1001112400 ns, Reaching safepoint: 258100 ns, At safepoint: 24600 ns, Total: 282700 ns
[2020-10-24T06:03:10.674+0000][7][safepoint    ] Safepoint "Cleanup", Time since last: 1000592300 ns, Reaching safepoint: 880900 ns, At safepoint: 48400 ns, Total: 929300 ns
[2020-10-24T06:03:11.675+0000][7][safepoint    ] Safepoint "Cleanup", Time since last: 1001193600 ns, Reaching safepoint: 279700 ns, At safepoint: 9600 ns, Total: 289300 ns
[2020-10-24T06:03:12.677+0000][7][safepoint    ] Safepoint "Cleanup", Time since last: 1000562100 ns, Reaching safepoint: 647700 ns, At safepoint: 98800 ns, Total: 746500 ns
[2020-10-24T06:03:13.678+0000][7][safepoint    ] Safepoint "Cleanup", Time since last: 1001051100 ns, Reaching safepoint: 357600 ns, At safepoint: 17600 ns, Total: 375200 ns
[2020-10-24T06:03:14.680+0000][7][safepoint    ] Safepoint "Cleanup", Time since last: 1000745100 ns, Reaching safepoint: 812500 ns, At safepoint: 49700 ns, Total: 862200 ns
[2020-10-24T06:03:15.682+0000][7][safepoint    ] Safepoint "Cleanup", Time since last: 1001243300 ns, Reaching safepoint: 744400 ns, At safepoint: 50000 ns, Total: 794400 ns
[2020-10-24T06:03:16.684+0000][7][safepoint    ] Safepoint "Cleanup", Time since last: 1001290300 ns, Reaching safepoint: 906000 ns, At safepoint: 48600 ns, Total: 954600 ns
[2020-10-24T06:03:17.686+0000][7][safepoint    ] Safepoint "Cleanup", Time since last: 1001344900 ns, Reaching safepoint: 821200 ns, At safepoint: 49800 ns, Total: 871000 ns
[2020-10-24T06:03:18.689+0000][7][safepoint    ] Safepoint "Cleanup", Time since last: 1001445300 ns, Reaching safepoint: 892000 ns, At safepoint: 49300 ns, Total: 941300 ns
[2020-10-24T06:03:19.690+0000][7][safepoint    ] Safepoint "Cleanup", Time since last: 1001169200 ns, Reaching safepoint: 217000 ns, At safepoint: 22700 ns, Total: 239700 ns
[2020-10-24T06:03:20.691+0000][7][safepoint    ] Safepoint "Cleanup", Time since last: 1000542000 ns, Reaching safepoint: 280300 ns, At safepoint: 14300 ns, Total: 294600 ns
[2020-10-24T06:03:21.692+0000][7][safepoint    ] Safepoint "Cleanup", Time since last: 1000697400 ns, Reaching safepoint: 866500 ns, At safepoint: 48400 ns, Total: 914900 ns
[2020-10-24T06:03:22.695+0000][7][safepoint    ] Safepoint "Cleanup", Time since last: 1001278900 ns, Reaching safepoint: 849100 ns, At safepoint: 48500 ns, Total: 897600 ns
[2020-10-24T06:03:23.265+0000][7][gc,start     ] GC(163) Pause Young (Concurrent Start) (G1 Evacuation Pause)
[2020-10-24T06:03:23.266+0000][7][gc,task      ] GC(163) Using 6 workers of 10 for evacuation
[2020-10-24T06:03:23.266+0000][7][gc,age       ] GC(163) Desired survivor size 3670016 bytes, new threshold 15 (max threshold 15)
[2020-10-24T06:03:23.270+0000][7][gc,age       ] GC(163) Age table with threshold 15 (max threshold 15)
[2020-10-24T06:03:23.270+0000][7][gc,age       ] GC(163) - age   1:    2452648 bytes,    2452648 total
[2020-10-24T06:03:23.270+0000][7][gc,age       ] GC(163) - age   2:     387968 bytes,    2840616 total
[2020-10-24T06:03:23.270+0000][7][gc,age       ] GC(163) - age   3:     218520 bytes,    3059136 total
[2020-10-24T06:03:23.271+0000][7][gc,age       ] GC(163) - age   4:       5080 bytes,    3064216 total
[2020-10-24T06:03:23.271+0000][7][gc,age       ] GC(163) - age   5:     233568 bytes,    3297784 total
[2020-10-24T06:03:23.271+0000][7][gc,age       ] GC(163) - age   6:      41984 bytes,    3339768 total
[2020-10-24T06:03:23.271+0000][7][gc,age       ] GC(163) - age   7:     107192 bytes,    3446960 total
[2020-10-24T06:03:23.272+0000][7][gc,phases    ] GC(163)   Pre Evacuate Collection Set: 0.6ms
[2020-10-24T06:03:23.272+0000][7][gc,phases    ] GC(163)   Merge Heap Roots: 0.1ms
[2020-10-24T06:03:23.272+0000][7][gc,phases    ] GC(163)   Evacuate Collection Set: 1.7ms
[2020-10-24T06:03:23.272+0000][7][gc,phases    ] GC(163)   Post Evacuate Collection Set: 0.9ms
[2020-10-24T06:03:23.272+0000][7][gc,phases    ] GC(163)   Other: 2.9ms
[2020-10-24T06:03:23.272+0000][7][gc,heap      ] GC(163) Eden regions: 54->0(50)
[2020-10-24T06:03:23.273+0000][7][gc,heap      ] GC(163) Survivor regions: 2->4(7)
[2020-10-24T06:03:23.273+0000][7][gc,heap      ] GC(163) Old regions: 115->115
[2020-10-24T06:03:23.273+0000][7][gc,heap      ] GC(163) Archive regions: 2->2
[2020-10-24T06:03:23.273+0000][7][gc,heap      ] GC(163) Humongous regions: 15->15
[2020-10-24T06:03:23.273+0000][7][gc,metaspace ] GC(163) Metaspace: 107902K(116644K)->107902K(116644K) NonClass: 94089K(99288K)->94089K(99288K) Class: 13813K(17356K)->13813K(17356K)
[2020-10-24T06:03:23.273+0000][7][gc           ] GC(163) Pause Young (Concurrent Start) (G1 Evacuation Pause) 185M->134M(256M) 8.013ms
[2020-10-24T06:03:23.274+0000][7][gc,cpu       ] GC(163) User=0.02s Sys=0.00s Real=0.01s
[2020-10-24T06:03:23.274+0000][7][safepoint    ] Safepoint "G1CollectForAllocation", Time since last: 570429500 ns, Reaching safepoint: 271000 ns, At safepoint: 8430700 ns, Total: 8701700 ns
[2020-10-24T06:03:23.274+0000][7][gc           ] GC(164) Concurrent Cycle
[2020-10-24T06:03:23.274+0000][7][gc,marking   ] GC(164) Concurrent Clear Claimed Marks
[2020-10-24T06:03:23.275+0000][7][gc,marking   ] GC(164) Concurrent Clear Claimed Marks 0.601ms
[2020-10-24T06:03:23.275+0000][7][gc,marking   ] GC(164) Concurrent Scan Root Regions
[2020-10-24T06:03:23.276+0000][7][gc,marking   ] GC(164) Concurrent Scan Root Regions 0.937ms
[2020-10-24T06:03:23.276+0000][7][gc,marking   ] GC(164) Concurrent Mark (1160.642s)
[2020-10-24T06:03:23.276+0000][7][gc,marking   ] GC(164) Concurrent Mark From Roots
[2020-10-24T06:03:23.276+0000][7][gc,task      ] GC(164) Using 3 workers of 3 for marking
[2020-10-24T06:03:23.330+0000][7][gc,marking   ] GC(164) Concurrent Mark From Roots 53.739ms
[2020-10-24T06:03:23.330+0000][7][gc,marking   ] GC(164) Concurrent Preclean
[2020-10-24T06:03:23.331+0000][7][gc,marking   ] GC(164) Concurrent Preclean 0.647ms
[2020-10-24T06:03:23.331+0000][7][gc,marking   ] GC(164) Concurrent Mark (1160.642s, 1160.697s) 55.186ms
[2020-10-24T06:03:23.332+0000][7][gc,start     ] GC(164) Pause Remark
[2020-10-24T06:03:23.338+0000][7][gc           ] GC(164) Pause Remark 148M->148M(256M) 6.730ms
[2020-10-24T06:03:23.339+0000][7][gc,cpu       ] GC(164) User=0.03s Sys=0.00s Real=0.01s
[2020-10-24T06:03:23.339+0000][7][safepoint    ] Safepoint "G1Concurrent", Time since last: 57708200 ns, Reaching safepoint: 261600 ns, At safepoint: 7449200 ns, Total: 7710800 ns
[2020-10-24T06:03:23.340+0000][7][gc,marking   ] GC(164) Concurrent Rebuild Remembered Sets
[2020-10-24T06:03:23.376+0000][7][gc,marking   ] GC(164) Concurrent Rebuild Remembered Sets 36.373ms
[2020-10-24T06:03:23.377+0000][7][gc,start     ] GC(164) Pause Cleanup
[2020-10-24T06:03:23.377+0000][7][gc           ] GC(164) Pause Cleanup 148M->148M(256M) 0.749ms
[2020-10-24T06:03:23.378+0000][7][gc,cpu       ] GC(164) User=0.00s Sys=0.00s Real=0.01s
[2020-10-24T06:03:23.378+0000][7][safepoint    ] Safepoint "G1Concurrent", Time since last: 37196900 ns, Reaching safepoint: 282800 ns, At safepoint: 1363900 ns, Total: 1646700 ns
[2020-10-24T06:03:23.378+0000][7][gc,marking   ] GC(164) Concurrent Cleanup for Next Mark
[2020-10-24T06:03:23.379+0000][7][gc,marking   ] GC(164) Concurrent Cleanup for Next Mark 0.664ms
[2020-10-24T06:03:23.379+0000][7][gc           ] GC(164) Concurrent Cycle 105.553ms
[2020-10-24T06:03:24.670+0000][7][safepoint    ] Safepoint "Cleanup", Time since last: 1291332600 ns, Reaching safepoint: 258800 ns, At safepoint: 9800 ns, Total: 268600 ns
[2020-10-24T06:03:25.671+0000][7][safepoint    ] Safepoint "Cleanup", Time since last: 1000541300 ns, Reaching safepoint: 403400 ns, At safepoint: 24200 ns, Total: 427600 ns
[2020-10-24T06:03:26.810+0000][7][safepoint    ] Safepoint "Cleanup", Time since last: 1139344600 ns, Reaching safepoint: 253800 ns, At safepoint: 9600 ns, Total: 263400 ns
[2020-10-24T06:03:27.811+0000][7][safepoint    ] Safepoint "Cleanup", Time since last: 1000540800 ns, Reaching safepoint: 256500 ns, At safepoint: 14300 ns, Total: 270800 ns
[2020-10-24T06:03:28.812+0000][7][safepoint    ] Safepoint "Cleanup", Time since last: 1000506000 ns, Reaching safepoint: 287500 ns, At safepoint: 9900 ns, Total: 297400 ns
[2020-10-24T06:03:29.813+0000][7][safepoint    ] Safepoint "Cleanup", Time since last: 1000567500 ns, Reaching safepoint: 587000 ns, At safepoint: 35200 ns, Total: 622200 ns
[2020-10-24T06:03:30.815+0000][7][safepoint    ] Safepoint "Cleanup", Time since last: 1001188900 ns, Reaching safepoint: 853300 ns, At safepoint: 49000 ns, Total: 902300 ns
[2020-10-24T06:03:31.817+0000][7][safepoint    ] Safepoint "Cleanup", Time since last: 1001263200 ns, Reaching safepoint: 854800 ns, At safepoint: 185900 ns, Total: 1040700 ns
[2020-10-24T06:03:32.820+0000][7][safepoint    ] Safepoint "Cleanup", Time since last: 1001316000 ns, Reaching safepoint: 806400 ns, At safepoint: 56700 ns, Total: 863100 ns
[2020-10-24T06:03:33.822+0000][7][safepoint    ] Safepoint "Cleanup", Time since last: 1001440600 ns, Reaching safepoint: 805900 ns, At safepoint: 49000 ns, Total: 854900 ns
[2020-10-24T06:03:34.823+0000][7][safepoint    ] Safepoint "Cleanup", Time since last: 1001147500 ns, Reaching safepoint: 265900 ns, At safepoint: 23600 ns, Total: 289500 ns
[2020-10-24T06:03:35.825+0000][7][safepoint    ] Safepoint "Cleanup", Time since last: 1000598900 ns, Reaching safepoint: 667000 ns, At safepoint: 38200 ns, Total: 705200 ns
[2020-10-24T06:03:36.826+0000][7][safepoint    ] Safepoint "Cleanup", Time since last: 1001037300 ns, Reaching safepoint: 240300 ns, At safepoint: 10100 ns, Total: 250400 ns
[2020-10-24T06:03:37.827+0000][7][safepoint    ] Safepoint "Cleanup", Time since last: 1000450000 ns, Reaching safepoint: 235000 ns, At safepoint: 9300 ns, Total: 244300 ns
[2020-10-24T06:03:38.827+0000][7][safepoint    ] Safepoint "Cleanup", Time since last: 1000593800 ns, Reaching safepoint: 251300 ns, At safepoint: 10100 ns, Total: 261400 ns
[2020-10-24T06:03:39.828+0000][7][safepoint    ] Safepoint "Cleanup", Time since last: 1000599800 ns, Reaching safepoint: 293700 ns, At safepoint: 37600 ns, Total: 331300 ns
[2020-10-24T06:03:40.830+0000][7][safepoint    ] Safepoint "Cleanup", Time since last: 1001703300 ns, Reaching safepoint: 250800 ns, At safepoint: 9300 ns, Total: 260100 ns
[2020-10-24T06:03:41.641+0000][7][gc,start     ] GC(165) Pause Young (Normal) (G1 Evacuation Pause)
[2020-10-24T06:03:41.642+0000][7][gc,task      ] GC(165) Using 6 workers of 10 for evacuation
[2020-10-24T06:03:41.642+0000][7][gc,age       ] GC(165) Desired survivor size 3670016 bytes, new threshold 15 (max threshold 15)
[2020-10-24T06:03:41.645+0000][7][gc,age       ] GC(165) Age table with threshold 15 (max threshold 15)
[2020-10-24T06:03:41.646+0000][7][gc,age       ] GC(165) - age   1:    1161872 bytes,    1161872 total
[2020-10-24T06:03:41.646+0000][7][gc,age       ] GC(165) - age   2:     679872 bytes,    1841744 total
[2020-10-24T06:03:41.646+0000][7][gc,age       ] GC(165) - age   3:     361616 bytes,    2203360 total
[2020-10-24T06:03:41.646+0000][7][gc,age       ] GC(165) - age   4:     119056 bytes,    2322416 total
[2020-10-24T06:03:41.647+0000][7][gc,age       ] GC(165) - age   5:       5032 bytes,    2327448 total
[2020-10-24T06:03:41.647+0000][7][gc,age       ] GC(165) - age   6:     233320 bytes,    2560768 total
[2020-10-24T06:03:41.647+0000][7][gc,age       ] GC(165) - age   7:      38688 bytes,    2599456 total
[2020-10-24T06:03:41.647+0000][7][gc,age       ] GC(165) - age   8:     102856 bytes,    2702312 total
[2020-10-24T06:03:41.647+0000][7][gc,phases    ] GC(165)   Pre Evacuate Collection Set: 0.1ms
[2020-10-24T06:03:41.648+0000][7][gc,phases    ] GC(165)   Merge Heap Roots: 0.2ms
[2020-10-24T06:03:41.648+0000][7][gc,phases    ] GC(165)   Evacuate Collection Set: 1.6ms
[2020-10-24T06:03:41.648+0000][7][gc,phases    ] GC(165)   Post Evacuate Collection Set: 0.9ms
[2020-10-24T06:03:41.648+0000][7][gc,phases    ] GC(165)   Other: 3.3ms
[2020-10-24T06:03:41.648+0000][7][gc,heap      ] GC(165) Eden regions: 50->0(52)
[2020-10-24T06:03:41.649+0000][7][gc,heap      ] GC(165) Survivor regions: 4->3(7)
[2020-10-24T06:03:41.649+0000][7][gc,heap      ] GC(165) Old regions: 115->115
[2020-10-24T06:03:41.649+0000][7][gc,heap      ] GC(165) Archive regions: 2->2
[2020-10-24T06:03:41.649+0000][7][gc,heap      ] GC(165) Humongous regions: 15->15
[2020-10-24T06:03:41.649+0000][7][gc,metaspace ] GC(165) Metaspace: 107911K(116644K)->107911K(116644K) NonClass: 94098K(99288K)->94098K(99288K) Class: 13813K(17356K)->13813K(17356K)
[2020-10-24T06:03:41.649+0000][7][gc           ] GC(165) Pause Young (Normal) (G1 Evacuation Pause) 184M->133M(256M) 8.041ms
[2020-10-24T06:03:41.650+0000][7][gc,cpu       ] GC(165) User=0.01s Sys=0.00s Real=0.01s
[2020-10-24T06:03:41.650+0000][7][safepoint    ] Safepoint "G1CollectForAllocation", Time since last: 810773700 ns, Reaching safepoint: 229400 ns, At safepoint: 8384600 ns, Total: 8614000 ns
[2020-10-24T06:03:42.655+0000][7][safepoint    ] Safepoint "Cleanup", Time since last: 1003918000 ns, Reaching safepoint: 823100 ns, At safepoint: 49000 ns, Total: 872100 ns
[2020-10-24T06:03:43.656+0000][7][safepoint    ] Safepoint "Cleanup", Time since last: 1001222600 ns, Reaching safepoint: 293800 ns, At safepoint: 38100 ns, Total: 331900 ns
[2020-10-24T06:03:44.657+0000][7][safepoint    ] Safepoint "Cleanup", Time since last: 1000431700 ns, Reaching safepoint: 247000 ns, At safepoint: 9700 ns, Total: 256700 ns
[2020-10-24T06:03:45.658+0000][7][safepoint    ] Safepoint "Cleanup", Time since last: 1000575200 ns, Reaching safepoint: 235300 ns, At safepoint: 10700 ns, Total: 246000 ns
[2020-10-24T06:03:46.658+0000][7][safepoint    ] Safepoint "Cleanup", Time since last: 1000587200 ns, Reaching safepoint: 205000 ns, At safepoint: 10100 ns, Total: 215100 ns
[2020-10-24T06:03:47.659+0000][7][safepoint    ] Safepoint "Cleanup", Time since last: 1000568800 ns, Reaching safepoint: 256100 ns, At safepoint: 9300 ns, Total: 265400 ns
[2020-10-24T06:03:48.660+0000][7][safepoint    ] Safepoint "Cleanup", Time since last: 1000588700 ns, Reaching safepoint: 266400 ns, At safepoint: 10100 ns, Total: 276500 ns
[2020-10-24T06:03:49.662+0000][7][safepoint    ] Safepoint "Cleanup", Time since last: 1000633800 ns, Reaching safepoint: 840100 ns, At safepoint: 49400 ns, Total: 889500 ns
[2020-10-24T06:03:50.663+0000][7][safepoint    ] Safepoint "Cleanup", Time since last: 1001133600 ns, Reaching safepoint: 199000 ns, At safepoint: 23600 ns, Total: 222600 ns
[2020-10-24T06:03:51.664+0000][7][safepoint    ] Safepoint "Cleanup", Time since last: 1000416700 ns, Reaching safepoint: 287300 ns, At safepoint: 10800 ns, Total: 298100 ns
[2020-10-24T06:03:52.664+0000][7][safepoint    ] Safepoint "Cleanup", Time since last: 1000438000 ns, Reaching safepoint: 257700 ns, At safepoint: 10200 ns, Total: 267900 ns
[2020-10-24T06:03:54.283+0000][7][safepoint    ] Safepoint "Cleanup", Time since last: 1618731000 ns, Reaching safepoint: 291600 ns, At safepoint: 9500 ns, Total: 301100 ns
[2020-10-24T06:03:55.284+0000][7][safepoint    ] Safepoint "Cleanup", Time since last: 1000571300 ns, Reaching safepoint: 310400 ns, At safepoint: 16000 ns, Total: 326400 ns
[2020-10-24T06:03:56.285+0000][7][safepoint    ] Safepoint "Cleanup", Time since last: 1000558800 ns, Reaching safepoint: 285100 ns, At safepoint: 9600 ns, Total: 294700 ns
[2020-10-24T06:03:57.287+0000][7][safepoint    ] Safepoint "Cleanup", Time since last: 1000521900 ns, Reaching safepoint: 770100 ns, At safepoint: 50500 ns, Total: 820600 ns
[2020-10-24T06:03:58.289+0000][7][safepoint    ] Safepoint "Cleanup", Time since last: 1001252700 ns, Reaching safepoint: 901300 ns, At safepoint: 48300 ns, Total: 949600 ns
[2020-10-24T06:03:58.820+0000][7][gc,start     ] GC(166) Pause Young (Concurrent Start) (G1 Evacuation Pause)
[2020-10-24T06:03:58.821+0000][7][gc,task      ] GC(166) Using 6 workers of 10 for evacuation
[2020-10-24T06:03:58.822+0000][7][gc,age       ] GC(166) Desired survivor size 3670016 bytes, new threshold 15 (max threshold 15)
[2020-10-24T06:03:58.828+0000][7][gc,age       ] GC(166) Age table with threshold 15 (max threshold 15)
[2020-10-24T06:03:58.828+0000][7][gc,age       ] GC(166) - age   1:    5008688 bytes,    5008688 total
[2020-10-24T06:03:58.829+0000][7][gc,age       ] GC(166) - age   2:     621880 bytes,    5630568 total
[2020-10-24T06:03:58.829+0000][7][gc,age       ] GC(166) - age   3:     653640 bytes,    6284208 total
[2020-10-24T06:03:58.829+0000][7][gc,age       ] GC(166) - age   4:     351072 bytes,    6635280 total
[2020-10-24T06:03:58.829+0000][7][gc,age       ] GC(166) - age   5:     119056 bytes,    6754336 total
[2020-10-24T06:03:58.830+0000][7][gc,age       ] GC(166) - age   6:       5032 bytes,    6759368 total
[2020-10-24T06:03:58.830+0000][7][gc,age       ] GC(166) - age   7:     233320 bytes,    6992688 total
[2020-10-24T06:03:58.830+0000][7][gc,age       ] GC(166) - age   8:      22224 bytes,    7014912 total
[2020-10-24T06:03:58.830+0000][7][gc,age       ] GC(166) - age   9:     102856 bytes,    7117768 total
[2020-10-24T06:03:58.831+0000][7][gc,phases    ] GC(166)   Pre Evacuate Collection Set: 0.8ms
[2020-10-24T06:03:58.831+0000][7][gc,phases    ] GC(166)   Merge Heap Roots: 0.1ms
[2020-10-24T06:03:58.831+0000][7][gc,phases    ] GC(166)   Evacuate Collection Set: 2.6ms
[2020-10-24T06:03:58.831+0000][7][gc,phases    ] GC(166)   Post Evacuate Collection Set: 1.7ms
[2020-10-24T06:03:58.831+0000][7][gc,phases    ] GC(166)   Other: 5.3ms
[2020-10-24T06:03:58.832+0000][7][gc,heap      ] GC(166) Eden regions: 52->0(44)
[2020-10-24T06:03:58.832+0000][7][gc,heap      ] GC(166) Survivor regions: 3->7(7)
[2020-10-24T06:03:58.832+0000][7][gc,heap      ] GC(166) Old regions: 115->115
[2020-10-24T06:03:58.832+0000][7][gc,heap      ] GC(166) Archive regions: 2->2
[2020-10-24T06:03:58.832+0000][7][gc,heap      ] GC(166) Humongous regions: 15->15
[2020-10-24T06:03:58.832+0000][7][gc,metaspace ] GC(166) Metaspace: 107980K(116644K)->107980K(116644K) NonClass: 94167K(99288K)->94167K(99288K) Class: 13813K(17356K)->13813K(17356K)
[2020-10-24T06:03:58.833+0000][7][gc           ] GC(166) Pause Young (Concurrent Start) (G1 Evacuation Pause) 185M->137M(256M) 12.466ms
[2020-10-24T06:03:58.833+0000][7][gc,cpu       ] GC(166) User=0.01s Sys=0.02s Real=0.01s
[2020-10-24T06:03:58.833+0000][7][gc           ] GC(167) Concurrent Cycle
[2020-10-24T06:03:58.833+0000][7][safepoint    ] Safepoint "G1CollectForAllocation", Time since last: 530451900 ns, Reaching safepoint: 862700 ns, At safepoint: 12980800 ns, Total: 13843500 ns
[2020-10-24T06:03:58.833+0000][7][gc,marking   ] GC(167) Concurrent Clear Claimed Marks
[2020-10-24T06:03:58.834+0000][7][gc,marking   ] GC(167) Concurrent Clear Claimed Marks 0.932ms
[2020-10-24T06:03:58.834+0000][7][gc,marking   ] GC(167) Concurrent Scan Root Regions
[2020-10-24T06:03:58.835+0000][7][gc,marking   ] GC(167) Concurrent Scan Root Regions 1.105ms
[2020-10-24T06:03:58.836+0000][7][gc,marking   ] GC(167) Concurrent Mark (1196.202s)
[2020-10-24T06:03:58.836+0000][7][gc,marking   ] GC(167) Concurrent Mark From Roots
[2020-10-24T06:03:58.836+0000][7][gc,task      ] GC(167) Using 3 workers of 3 for marking
[2020-10-24T06:03:58.884+0000][7][gc,marking   ] GC(167) Concurrent Mark From Roots 48.267ms
[2020-10-24T06:03:58.884+0000][7][gc,marking   ] GC(167) Concurrent Preclean
[2020-10-24T06:03:58.885+0000][7][gc,marking   ] GC(167) Concurrent Preclean 0.761ms
[2020-10-24T06:03:58.886+0000][7][gc,marking   ] GC(167) Concurrent Mark (1196.202s, 1196.252s) 49.931ms
[2020-10-24T06:03:58.886+0000][7][gc,start     ] GC(167) Pause Remark
[2020-10-24T06:03:58.894+0000][7][gc           ] GC(167) Pause Remark 138M->138M(256M) 7.760ms
[2020-10-24T06:03:58.894+0000][7][gc,cpu       ] GC(167) User=0.02s Sys=0.01s Real=0.01s
[2020-10-24T06:03:58.895+0000][7][safepoint    ] Safepoint "G1Concurrent", Time since last: 52910400 ns, Reaching safepoint: 231700 ns, At safepoint: 8417800 ns, Total: 8649500 ns
[2020-10-24T06:03:58.895+0000][7][gc,marking   ] GC(167) Concurrent Rebuild Remembered Sets
[2020-10-24T06:03:58.927+0000][7][gc,marking   ] GC(167) Concurrent Rebuild Remembered Sets 32.499ms
[2020-10-24T06:03:58.928+0000][7][gc,start     ] GC(167) Pause Cleanup
[2020-10-24T06:03:58.929+0000][7][gc           ] GC(167) Pause Cleanup 138M->138M(256M) 0.583ms
[2020-10-24T06:03:58.929+0000][7][gc,cpu       ] GC(167) User=0.00s Sys=0.00s Real=0.00s
[2020-10-24T06:03:58.929+0000][7][safepoint    ] Safepoint "G1Concurrent", Time since last: 33321100 ns, Reaching safepoint: 243300 ns, At safepoint: 1232700 ns, Total: 1476000 ns
[2020-10-24T06:03:58.930+0000][7][gc,marking   ] GC(167) Concurrent Cleanup for Next Mark
[2020-10-24T06:03:58.930+0000][7][gc,marking   ] GC(167) Concurrent Cleanup for Next Mark 0.606ms
[2020-10-24T06:03:58.931+0000][7][gc           ] GC(167) Concurrent Cycle 97.625ms
[2020-10-24T06:03:59.931+0000][7][safepoint    ] Safepoint "Cleanup", Time since last: 1000641800 ns, Reaching safepoint: 861300 ns, At safepoint: 49600 ns, Total: 910900 ns
[2020-10-24T06:04:00.932+0000][7][safepoint    ] Safepoint "Cleanup", Time since last: 1001090100 ns, Reaching safepoint: 288000 ns, At safepoint: 9500 ns, Total: 297500 ns
[2020-10-24T06:04:01.933+0000][7][safepoint    ] Safepoint "Cleanup", Time since last: 1000530200 ns, Reaching safepoint: 315000 ns, At safepoint: 18100 ns, Total: 333100 ns
[2020-10-24T06:04:02.935+0000][7][safepoint    ] Safepoint "Cleanup", Time since last: 1000709900 ns, Reaching safepoint: 867000 ns, At safepoint: 49700 ns, Total: 916700 ns
[2020-10-24T06:04:03.936+0000][7][safepoint    ] Safepoint "Cleanup", Time since last: 1001209500 ns, Reaching safepoint: 252800 ns, At safepoint: 12400 ns, Total: 265200 ns
[2020-10-24T06:04:04.938+0000][7][safepoint    ] Safepoint "Cleanup", Time since last: 1000637000 ns, Reaching safepoint: 750900 ns, At safepoint: 37200 ns, Total: 788100 ns
[2020-10-24T06:04:05.940+0000][7][safepoint    ] Safepoint "Cleanup", Time since last: 1001446500 ns, Reaching safepoint: 786500 ns, At safepoint: 49600 ns, Total: 836100 ns
[2020-10-24T06:04:06.942+0000][7][safepoint    ] Safepoint "Cleanup", Time since last: 1001392200 ns, Reaching safepoint: 816300 ns, At safepoint: 130700 ns, Total: 947000 ns
[2020-10-24T06:04:07.945+0000][7][safepoint    ] Safepoint "Cleanup", Time since last: 1001404300 ns, Reaching safepoint: 867300 ns, At safepoint: 53600 ns, Total: 920900 ns
[2020-10-24T06:04:08.946+0000][7][safepoint    ] Safepoint "Cleanup", Time since last: 1001117600 ns, Reaching safepoint: 268000 ns, At safepoint: 9900 ns, Total: 277900 ns
[2020-10-24T06:04:09.948+0000][7][safepoint    ] Safepoint "Cleanup", Time since last: 1000645700 ns, Reaching safepoint: 928100 ns, At safepoint: 50100 ns, Total: 978200 ns
[2020-10-24T06:04:10.950+0000][7][safepoint    ] Safepoint "Cleanup", Time since last: 1001266400 ns, Reaching safepoint: 862900 ns, At safepoint: 49600 ns, Total: 912500 ns
[2020-10-24T06:04:11.951+0000][7][safepoint    ] Safepoint "Cleanup", Time since last: 1001177100 ns, Reaching safepoint: 277400 ns, At safepoint: 9900 ns, Total: 287300 ns
[2020-10-24T06:04:12.952+0000][7][safepoint    ] Safepoint "Cleanup", Time since last: 1000554300 ns, Reaching safepoint: 229500 ns, At safepoint: 11700 ns, Total: 241200 ns
[2020-10-24T06:04:13.954+0000][7][safepoint    ] Safepoint "Cleanup", Time since last: 1000640000 ns, Reaching safepoint: 845400 ns, At safepoint: 52900 ns, Total: 898300 ns
[2020-10-24T06:04:14.956+0000][7][safepoint    ] Safepoint "Cleanup", Time since last: 1001339700 ns, Reaching safepoint: 885200 ns, At safepoint: 50200 ns, Total: 935400 ns
[2020-10-24T06:04:15.958+0000][7][safepoint    ] Safepoint "Cleanup", Time since last: 1001375100 ns, Reaching safepoint: 901800 ns, At safepoint: 102000 ns, Total: 1003800 ns
[2020-10-24T06:04:16.960+0000][7][safepoint    ] Safepoint "Cleanup", Time since last: 1001300400 ns, Reaching safepoint: 291100 ns, At safepoint: 13000 ns, Total: 304100 ns
[2020-10-24T06:04:17.961+0000][7][safepoint    ] Safepoint "Cleanup", Time since last: 1000592900 ns, Reaching safepoint: 799500 ns, At safepoint: 103300 ns, Total: 902800 ns
[2020-10-24T06:04:18.964+0000][7][safepoint    ] Safepoint "Cleanup", Time since last: 1001259900 ns, Reaching safepoint: 803800 ns, At safepoint: 39400 ns, Total: 843200 ns
[2020-10-24T06:04:19.607+0000][7][safepoint    ] Safepoint "BulkRevokeBias", Time since last: 641980500 ns, Reaching safepoint: 270600 ns, At safepoint: 1352800 ns, Total: 1623400 ns
[2020-10-24T06:04:19.609+0000][7][safepoint    ] Safepoint "BulkRevokeBias", Time since last: 787600 ns, Reaching safepoint: 293200 ns, At safepoint: 1056400 ns, Total: 1349600 ns
[2020-10-24T06:04:20.614+0000][7][safepoint    ] Safepoint "Cleanup", Time since last: 1004705400 ns, Reaching safepoint: 273600 ns, At safepoint: 9800 ns, Total: 283400 ns
[2020-10-24T06:04:21.199+0000][7][gc,start     ] GC(168) Pause Young (Normal) (G1 Evacuation Pause)
[2020-10-24T06:04:21.199+0000][7][gc,task      ] GC(168) Using 6 workers of 10 for evacuation
[2020-10-24T06:04:21.200+0000][7][gc,age       ] GC(168) Desired survivor size 3670016 bytes, new threshold 1 (max threshold 15)
[2020-10-24T06:04:21.203+0000][7][gc,age       ] GC(168) Age table with threshold 1 (max threshold 15)
[2020-10-24T06:04:21.204+0000][7][gc,age       ] GC(168) - age   1:     612960 bytes,     612960 total
[2020-10-24T06:04:21.204+0000][7][gc,phases    ] GC(168)   Pre Evacuate Collection Set: 0.1ms
[2020-10-24T06:04:21.204+0000][7][gc,phases    ] GC(168)   Merge Heap Roots: 0.1ms
[2020-10-24T06:04:21.204+0000][7][gc,phases    ] GC(168)   Evacuate Collection Set: 2.3ms
[2020-10-24T06:04:21.205+0000][7][gc,phases    ] GC(168)   Post Evacuate Collection Set: 0.8ms
[2020-10-24T06:04:21.205+0000][7][gc,phases    ] GC(168)   Other: 1.7ms
[2020-10-24T06:04:21.205+0000][7][gc,heap      ] GC(168) Eden regions: 44->0(45)
[2020-10-24T06:04:21.205+0000][7][gc,heap      ] GC(168) Survivor regions: 7->1(7)
[2020-10-24T06:04:21.205+0000][7][gc,heap      ] GC(168) Old regions: 115->122
[2020-10-24T06:04:21.206+0000][7][gc,heap      ] GC(168) Archive regions: 2->2
[2020-10-24T06:04:21.206+0000][7][gc,heap      ] GC(168) Humongous regions: 15->15
[2020-10-24T06:04:21.206+0000][7][gc,metaspace ] GC(168) Metaspace: 107998K(116644K)->107998K(116644K) NonClass: 94185K(99288K)->94185K(99288K) Class: 13813K(17356K)->13813K(17356K)
[2020-10-24T06:04:21.206+0000][7][gc           ] GC(168) Pause Young (Normal) (G1 Evacuation Pause) 181M->138M(256M) 7.091ms
[2020-10-24T06:04:21.206+0000][7][gc,cpu       ] GC(168) User=0.01s Sys=0.01s Real=0.00s
[2020-10-24T06:04:21.206+0000][7][safepoint    ] Safepoint "G1CollectForAllocation", Time since last: 584463000 ns, Reaching safepoint: 249100 ns, At safepoint: 7514400 ns, Total: 7763500 ns
[2020-10-24T06:04:22.225+0000][7][safepoint    ] Safepoint "Cleanup", Time since last: 1018006800 ns, Reaching safepoint: 626900 ns, At safepoint: 41100 ns, Total: 668000 ns
[2020-10-24T06:04:23.316+0000][7][safepoint    ] Safepoint "Cleanup", Time since last: 1090073400 ns, Reaching safepoint: 840400 ns, At safepoint: 51900 ns, Total: 892300 ns
[2020-10-24T06:04:23.354+0000][7][gc,start     ] GC(169) Pause Young (Concurrent Start) (G1 Evacuation Pause)
[2020-10-24T06:04:23.354+0000][7][gc,task      ] GC(169) Using 6 workers of 10 for evacuation
[2020-10-24T06:04:23.355+0000][7][gc,age       ] GC(169) Desired survivor size 3145728 bytes, new threshold 15 (max threshold 15)
[2020-10-24T06:04:23.359+0000][7][gc,age       ] GC(169) Age table with threshold 15 (max threshold 15)
[2020-10-24T06:04:23.359+0000][7][gc,age       ] GC(169) - age   1:    2953216 bytes,    2953216 total
[2020-10-24T06:04:23.360+0000][7][gc,age       ] GC(169) - age   2:     481584 bytes,    3434800 total
[2020-10-24T06:04:23.360+0000][7][gc,phases    ] GC(169)   Pre Evacuate Collection Set: 0.6ms
[2020-10-24T06:04:23.360+0000][7][gc,phases    ] GC(169)   Merge Heap Roots: 0.2ms
[2020-10-24T06:04:23.360+0000][7][gc,phases    ] GC(169)   Evacuate Collection Set: 2.1ms
[2020-10-24T06:04:23.361+0000][7][gc,phases    ] GC(169)   Post Evacuate Collection Set: 1.0ms
[2020-10-24T06:04:23.361+0000][7][gc,phases    ] GC(169)   Other: 2.1ms
[2020-10-24T06:04:23.361+0000][7][gc,heap      ] GC(169) Eden regions: 45->0(40)
[2020-10-24T06:04:23.361+0000][7][gc,heap      ] GC(169) Survivor regions: 1->4(6)
[2020-10-24T06:04:23.361+0000][7][gc,heap      ] GC(169) Old regions: 122->122
[2020-10-24T06:04:23.361+0000][7][gc,heap      ] GC(169) Archive regions: 2->2
[2020-10-24T06:04:23.361+0000][7][gc,heap      ] GC(169) Humongous regions: 15->15
[2020-10-24T06:04:23.362+0000][7][gc,metaspace ] GC(169) Metaspace: 108016K(116644K)->108016K(116644K) NonClass: 94203K(99288K)->94203K(99288K) Class: 13813K(17356K)->13813K(17356K)
[2020-10-24T06:04:23.362+0000][7][gc           ] GC(169) Pause Young (Concurrent Start) (G1 Evacuation Pause) 183M->140M(256M) 7.812ms
[2020-10-24T06:04:23.362+0000][7][gc,cpu       ] GC(169) User=0.02s Sys=0.00s Real=0.01s
[2020-10-24T06:04:23.362+0000][7][gc           ] GC(170) Concurrent Cycle
[2020-10-24T06:04:23.362+0000][7][safepoint    ] Safepoint "G1CollectForAllocation", Time since last: 37584100 ns, Reaching safepoint: 227100 ns, At safepoint: 8348300 ns, Total: 8575400 ns
[2020-10-24T06:04:23.362+0000][7][gc,marking   ] GC(170) Concurrent Clear Claimed Marks
[2020-10-24T06:04:23.363+0000][7][gc,marking   ] GC(170) Concurrent Clear Claimed Marks 0.924ms
[2020-10-24T06:04:23.364+0000][7][gc,marking   ] GC(170) Concurrent Scan Root Regions
[2020-10-24T06:04:23.365+0000][7][gc,marking   ] GC(170) Concurrent Scan Root Regions 0.998ms
[2020-10-24T06:04:23.365+0000][7][gc,marking   ] GC(170) Concurrent Mark (1220.731s)
[2020-10-24T06:04:23.365+0000][7][gc,marking   ] GC(170) Concurrent Mark From Roots
[2020-10-24T06:04:23.365+0000][7][gc,task      ] GC(170) Using 3 workers of 3 for marking
[2020-10-24T06:04:23.390+0000][7][safepoint    ] Safepoint "BulkRevokeBias", Time since last: 26585400 ns, Reaching safepoint: 357100 ns, At safepoint: 697500 ns, Total: 1054600 ns
[2020-10-24T06:04:23.416+0000][7][gc,marking   ] GC(170) Concurrent Mark From Roots 50.730ms
[2020-10-24T06:04:23.416+0000][7][gc,marking   ] GC(170) Concurrent Preclean
[2020-10-24T06:04:23.417+0000][7][gc,marking   ] GC(170) Concurrent Preclean 0.657ms
[2020-10-24T06:04:23.417+0000][7][gc,marking   ] GC(170) Concurrent Mark (1220.731s, 1220.783s) 52.233ms
[2020-10-24T06:04:23.418+0000][7][gc,start     ] GC(170) Pause Remark
[2020-10-24T06:04:23.424+0000][7][gc           ] GC(170) Pause Remark 174M->174M(256M) 6.459ms
[2020-10-24T06:04:23.424+0000][7][gc,cpu       ] GC(170) User=0.03s Sys=0.00s Real=0.00s
[2020-10-24T06:04:23.425+0000][7][safepoint    ] Safepoint "G1Concurrent", Time since last: 27505900 ns, Reaching safepoint: 254900 ns, At safepoint: 7137200 ns, Total: 7392100 ns
[2020-10-24T06:04:23.425+0000][7][gc,marking   ] GC(170) Concurrent Rebuild Remembered Sets
[2020-10-24T06:04:23.460+0000][7][gc,marking   ] GC(170) Concurrent Rebuild Remembered Sets 35.076ms
[2020-10-24T06:04:23.461+0000][7][gc,start     ] GC(170) Pause Cleanup
[2020-10-24T06:04:23.462+0000][7][gc           ] GC(170) Pause Cleanup 174M->174M(256M) 0.543ms
[2020-10-24T06:04:23.462+0000][7][gc,cpu       ] GC(170) User=0.00s Sys=0.00s Real=0.00s
[2020-10-24T06:04:23.462+0000][7][safepoint    ] Safepoint "G1Concurrent", Time since last: 35911300 ns, Reaching safepoint: 240900 ns, At safepoint: 1237700 ns, Total: 1478600 ns
[2020-10-24T06:04:23.463+0000][7][gc,marking   ] GC(170) Concurrent Cleanup for Next Mark
[2020-10-24T06:04:23.463+0000][7][gc,marking   ] GC(170) Concurrent Cleanup for Next Mark 0.621ms
[2020-10-24T06:04:23.463+0000][7][gc           ] GC(170) Concurrent Cycle 101.196ms
[2020-10-24T06:04:25.395+0000][7][safepoint    ] Safepoint "Cleanup", Time since last: 1932294400 ns, Reaching safepoint: 868500 ns, At safepoint: 50900 ns, Total: 919400 ns
[2020-10-24T06:04:26.398+0000][7][safepoint    ] Safepoint "Cleanup", Time since last: 1001178000 ns, Reaching safepoint: 878500 ns, At safepoint: 122500 ns, Total: 1001000 ns
[2020-10-24T06:04:27.399+0000][7][safepoint    ] Safepoint "Cleanup", Time since last: 1001178800 ns, Reaching safepoint: 315400 ns, At safepoint: 9700 ns, Total: 325100 ns
[2020-10-24T06:04:28.400+0000][7][safepoint    ] Safepoint "Cleanup", Time since last: 1000539600 ns, Reaching safepoint: 465700 ns, At safepoint: 25300 ns, Total: 491000 ns
[2020-10-24T06:04:28.709+0000][7][gc,start     ] GC(171) Pause Young (Normal) (G1 Evacuation Pause)
[2020-10-24T06:04:28.710+0000][7][gc,task      ] GC(171) Using 6 workers of 10 for evacuation
[2020-10-24T06:04:28.711+0000][7][gc,age       ] GC(171) Desired survivor size 3145728 bytes, new threshold 2 (max threshold 15)
[2020-10-24T06:04:28.720+0000][7][gc,age       ] GC(171) Age table with threshold 2 (max threshold 15)
[2020-10-24T06:04:28.720+0000][7][gc,age       ] GC(171) - age   1:     289560 bytes,     289560 total
[2020-10-24T06:04:28.720+0000][7][gc,age       ] GC(171) - age   2:     402152 bytes,     691712 total
[2020-10-24T06:04:28.720+0000][7][gc,phases    ] GC(171)   Pre Evacuate Collection Set: 0.6ms
[2020-10-24T06:04:28.721+0000][7][gc,phases    ] GC(171)   Merge Heap Roots: 0.5ms
[2020-10-24T06:04:28.721+0000][7][gc,phases    ] GC(171)   Evacuate Collection Set: 5.0ms
[2020-10-24T06:04:28.721+0000][7][gc,phases    ] GC(171)   Post Evacuate Collection Set: 1.0ms
[2020-10-24T06:04:28.721+0000][7][gc,phases    ] GC(171)   Other: 4.0ms
[2020-10-24T06:04:28.721+0000][7][gc,heap      ] GC(171) Eden regions: 40->0(45)
[2020-10-24T06:04:28.722+0000][7][gc,heap      ] GC(171) Survivor regions: 4->1(6)
[2020-10-24T06:04:28.722+0000][7][gc,heap      ] GC(171) Old regions: 122->122
[2020-10-24T06:04:28.722+0000][7][gc,heap      ] GC(171) Archive regions: 2->2
[2020-10-24T06:04:28.722+0000][7][gc,heap      ] GC(171) Humongous regions: 15->15
[2020-10-24T06:04:28.722+0000][7][gc,metaspace ] GC(171) Metaspace: 108025K(116644K)->108025K(116644K) NonClass: 94212K(99288K)->94212K(99288K) Class: 13813K(17356K)->13813K(17356K)
[2020-10-24T06:04:28.722+0000][7][gc           ] GC(171) Pause Young (Normal) (G1 Evacuation Pause) 180M->138M(256M) 13.040ms
[2020-10-24T06:04:28.723+0000][7][gc,cpu       ] GC(171) User=0.04s Sys=0.00s Real=0.01s
[2020-10-24T06:04:28.723+0000][7][safepoint    ] Safepoint "G1CollectForAllocation", Time since last: 308225100 ns, Reaching safepoint: 884600 ns, At safepoint: 13522800 ns, Total: 14407400 ns
[2020-10-24T06:04:29.723+0000][7][safepoint    ] Safepoint "Cleanup", Time since last: 1000345600 ns, Reaching safepoint: 324100 ns, At safepoint: 9900 ns, Total: 334000 ns
[2020-10-24T06:04:30.725+0000][7][safepoint    ] Safepoint "Cleanup", Time since last: 1000619900 ns, Reaching safepoint: 681800 ns, At safepoint: 53500 ns, Total: 735300 ns
[2020-10-24T06:04:31.726+0000][7][safepoint    ] Safepoint "Cleanup", Time since last: 1000954600 ns, Reaching safepoint: 272400 ns, At safepoint: 10100 ns, Total: 282500 ns
[2020-10-24T06:04:32.727+0000][7][safepoint    ] Safepoint "Cleanup", Time since last: 1000548800 ns, Reaching safepoint: 223800 ns, At safepoint: 11300 ns, Total: 235100 ns
[2020-10-24T06:04:33.682+0000][7][safepoint    ] Safepoint "BulkRevokeBias", Time since last: 943715600 ns, Reaching safepoint: 785800 ns, At safepoint: 10384300 ns, Total: 11170100 ns
[2020-10-24T06:04:34.683+0000][7][safepoint    ] Safepoint "Cleanup", Time since last: 1001265200 ns, Reaching safepoint: 274800 ns, At safepoint: 9700 ns, Total: 284500 ns
[2020-10-24T06:04:35.684+0000][7][safepoint    ] Safepoint "Cleanup", Time since last: 1000560700 ns, Reaching safepoint: 231900 ns, At safepoint: 9700 ns, Total: 241600 ns
[2020-10-24T06:04:36.165+0000][7][safepoint    ] Safepoint "BulkRevokeBias", Time since last: 479305200 ns, Reaching safepoint: 236800 ns, At safepoint: 1275100 ns, Total: 1511900 ns
[2020-10-24T06:04:36.396+0000][7][safepoint    ] Safepoint "BulkRevokeBias", Time since last: 228809000 ns, Reaching safepoint: 314300 ns, At safepoint: 1989200 ns, Total: 2303500 ns
[2020-10-24T06:04:36.398+0000][7][safepoint    ] Safepoint "BulkRevokeBias", Time since last: 771000 ns, Reaching safepoint: 204100 ns, At safepoint: 1440900 ns, Total: 1645000 ns
[2020-10-24T06:04:36.628+0000][7][gc,start     ] GC(172) Pause Young (Concurrent Start) (G1 Evacuation Pause)
[2020-10-24T06:04:36.628+0000][7][gc,task      ] GC(172) Using 6 workers of 10 for evacuation
[2020-10-24T06:04:36.629+0000][7][gc,age       ] GC(172) Desired survivor size 3145728 bytes, new threshold 15 (max threshold 15)
[2020-10-24T06:04:36.632+0000][7][gc,age       ] GC(172) Age table with threshold 15 (max threshold 15)
[2020-10-24T06:04:36.632+0000][7][gc,age       ] GC(172) - age   1:    1138184 bytes,    1138184 total
[2020-10-24T06:04:36.633+0000][7][gc,age       ] GC(172) - age   2:     234912 bytes,    1373096 total
[2020-10-24T06:04:36.633+0000][7][gc,age       ] GC(172) - age   3:     399720 bytes,    1772816 total
[2020-10-24T06:04:36.633+0000][7][gc,phases    ] GC(172)   Pre Evacuate Collection Set: 0.6ms
[2020-10-24T06:04:36.633+0000][7][gc,phases    ] GC(172)   Merge Heap Roots: 0.1ms
[2020-10-24T06:04:36.633+0000][7][gc,phases    ] GC(172)   Evacuate Collection Set: 1.6ms
[2020-10-24T06:04:36.634+0000][7][gc,phases    ] GC(172)   Post Evacuate Collection Set: 0.7ms
[2020-10-24T06:04:36.634+0000][7][gc,phases    ] GC(172)   Other: 1.8ms
[2020-10-24T06:04:36.634+0000][7][gc,heap      ] GC(172) Eden regions: 45->0(44)
[2020-10-24T06:04:36.634+0000][7][gc,heap      ] GC(172) Survivor regions: 1->2(6)
[2020-10-24T06:04:36.634+0000][7][gc,heap      ] GC(172) Old regions: 122->122
[2020-10-24T06:04:36.634+0000][7][gc,heap      ] GC(172) Archive regions: 2->2
[2020-10-24T06:04:36.635+0000][7][gc,heap      ] GC(172) Humongous regions: 15->15
[2020-10-24T06:04:36.635+0000][7][gc,metaspace ] GC(172) Metaspace: 108357K(117028K)->108357K(117028K) NonClass: 94492K(99544K)->94492K(99544K) Class: 13865K(17484K)->13865K(17484K)
[2020-10-24T06:04:36.635+0000][7][gc           ] GC(172) Pause Young (Concurrent Start) (G1 Evacuation Pause) 183M->139M(256M) 6.633ms
[2020-10-24T06:04:36.635+0000][7][gc,cpu       ] GC(172) User=0.01s Sys=0.01s Real=0.00s
[2020-10-24T06:04:36.635+0000][7][gc           ] GC(173) Concurrent Cycle
[2020-10-24T06:04:36.635+0000][7][gc,marking   ] GC(173) Concurrent Clear Claimed Marks
[2020-10-24T06:04:36.635+0000][7][safepoint    ] Safepoint "G1CollectForAllocation", Time since last: 229494500 ns, Reaching safepoint: 223100 ns, At safepoint: 6966700 ns, Total: 7189800 ns
[2020-10-24T06:04:36.636+0000][7][gc,marking   ] GC(173) Concurrent Clear Claimed Marks 0.714ms
[2020-10-24T06:04:36.636+0000][7][gc,marking   ] GC(173) Concurrent Scan Root Regions
[2020-10-24T06:04:36.637+0000][7][gc,marking   ] GC(173) Concurrent Scan Root Regions 0.983ms
[2020-10-24T06:04:36.637+0000][7][gc,marking   ] GC(173) Concurrent Mark (1234.004s)
[2020-10-24T06:04:36.637+0000][7][gc,marking   ] GC(173) Concurrent Mark From Roots
[2020-10-24T06:04:36.638+0000][7][gc,task      ] GC(173) Using 3 workers of 3 for marking
[2020-10-24T06:04:36.695+0000][7][gc,marking   ] GC(173) Concurrent Mark From Roots 57.923ms
[2020-10-24T06:04:36.696+0000][7][gc,marking   ] GC(173) Concurrent Preclean
[2020-10-24T06:04:36.696+0000][7][gc,marking   ] GC(173) Concurrent Preclean 0.656ms
[2020-10-24T06:04:36.697+0000][7][gc,marking   ] GC(173) Concurrent Mark (1234.004s, 1234.063s) 59.309ms
[2020-10-24T06:04:36.697+0000][7][gc,start     ] GC(173) Pause Remark
[2020-10-24T06:04:36.703+0000][7][gc           ] GC(173) Pause Remark 142M->142M(256M) 6.171ms
[2020-10-24T06:04:36.704+0000][7][gc,cpu       ] GC(173) User=0.03s Sys=0.00s Real=0.01s
[2020-10-24T06:04:36.704+0000][7][safepoint    ] Safepoint "G1Concurrent", Time since last: 61785400 ns, Reaching safepoint: 220700 ns, At safepoint: 6775500 ns, Total: 6996200 ns
[2020-10-24T06:04:36.704+0000][7][gc,marking   ] GC(173) Concurrent Rebuild Remembered Sets
[2020-10-24T06:04:36.738+0000][7][gc,marking   ] GC(173) Concurrent Rebuild Remembered Sets 34.044ms
[2020-10-24T06:04:36.740+0000][7][gc,start     ] GC(173) Pause Cleanup
[2020-10-24T06:04:36.740+0000][7][gc           ] GC(173) Pause Cleanup 142M->142M(256M) 0.504ms
[2020-10-24T06:04:36.740+0000][7][gc,cpu       ] GC(173) User=0.00s Sys=0.00s Real=0.00s
[2020-10-24T06:04:36.741+0000][7][safepoint    ] Safepoint "G1Concurrent", Time since last: 34859900 ns, Reaching safepoint: 909600 ns, At safepoint: 1072900 ns, Total: 1982500 ns
[2020-10-24T06:04:36.741+0000][7][gc,marking   ] GC(173) Concurrent Cleanup for Next Mark
[2020-10-24T06:04:36.742+0000][7][gc,marking   ] GC(173) Concurrent Cleanup for Next Mark 0.610ms
[2020-10-24T06:04:36.742+0000][7][gc           ] GC(173) Concurrent Cycle 106.803ms
[2020-10-24T06:04:38.636+0000][7][safepoint    ] Safepoint "Cleanup", Time since last: 1895278900 ns, Reaching safepoint: 274200 ns, At safepoint: 24100 ns, Total: 298300 ns
[2020-10-24T06:04:39.639+0000][7][safepoint    ] Safepoint "Cleanup", Time since last: 1001906900 ns, Reaching safepoint: 438000 ns, At safepoint: 29400 ns, Total: 467400 ns
[2020-10-24T06:04:40.640+0000][7][safepoint    ] Safepoint "Cleanup", Time since last: 1000940800 ns, Reaching safepoint: 762300 ns, At safepoint: 49300 ns, Total: 811600 ns
[2020-10-24T06:04:41.642+0000][7][safepoint    ] Safepoint "Cleanup", Time since last: 1001190500 ns, Reaching safepoint: 255500 ns, At safepoint: 12600 ns, Total: 268100 ns
[2020-10-24T06:04:43.641+0000][7][safepoint    ] Safepoint "Cleanup", Time since last: 1998470200 ns, Reaching safepoint: 599700 ns, At safepoint: 36000 ns, Total: 635700 ns
[2020-10-24T06:04:43.837+0000][7][safepoint    ] Safepoint "BulkRevokeBias", Time since last: 194241000 ns, Reaching safepoint: 281100 ns, At safepoint: 1590900 ns, Total: 1872000 ns
[2020-10-24T06:04:43.839+0000][7][safepoint    ] Safepoint "BulkRevokeBias", Time since last: 940200 ns, Reaching safepoint: 256500 ns, At safepoint: 833000 ns, Total: 1089500 ns
[2020-10-24T06:04:43.849+0000][7][gc,start     ] GC(174) Pause Young (Prepare Mixed) (G1 Evacuation Pause)
[2020-10-24T06:04:43.849+0000][7][gc,task      ] GC(174) Using 6 workers of 10 for evacuation
[2020-10-24T06:04:43.850+0000][7][gc,age       ] GC(174) Desired survivor size 3145728 bytes, new threshold 15 (max threshold 15)
[2020-10-24T06:04:43.853+0000][7][gc,age       ] GC(174) Age table with threshold 15 (max threshold 15)
[2020-10-24T06:04:43.853+0000][7][gc,age       ] GC(174) - age   1:    1158008 bytes,    1158008 total
[2020-10-24T06:04:43.854+0000][7][gc,age       ] GC(174) - age   2:     668872 bytes,    1826880 total
[2020-10-24T06:04:43.854+0000][7][gc,age       ] GC(174) - age   3:     229648 bytes,    2056528 total
[2020-10-24T06:04:43.854+0000][7][gc,age       ] GC(174) - age   4:     356240 bytes,    2412768 total
[2020-10-24T06:04:43.854+0000][7][gc,phases    ] GC(174)   Pre Evacuate Collection Set: 0.2ms
[2020-10-24T06:04:43.855+0000][7][gc,phases    ] GC(174)   Merge Heap Roots: 0.2ms
[2020-10-24T06:04:43.855+0000][7][gc,phases    ] GC(174)   Evacuate Collection Set: 1.6ms
[2020-10-24T06:04:43.855+0000][7][gc,phases    ] GC(174)   Post Evacuate Collection Set: 0.9ms
[2020-10-24T06:04:43.855+0000][7][gc,phases    ] GC(174)   Other: 2.5ms
[2020-10-24T06:04:43.856+0000][7][gc,heap      ] GC(174) Eden regions: 44->0(9)
[2020-10-24T06:04:43.856+0000][7][gc,heap      ] GC(174) Survivor regions: 2->3(6)
[2020-10-24T06:04:43.856+0000][7][gc,heap      ] GC(174) Old regions: 122->122
[2020-10-24T06:04:43.856+0000][7][gc,heap      ] GC(174) Archive regions: 2->2
[2020-10-24T06:04:43.856+0000][7][gc,heap      ] GC(174) Humongous regions: 15->15
[2020-10-24T06:04:43.857+0000][7][gc,metaspace ] GC(174) Metaspace: 108414K(117028K)->108414K(117028K) NonClass: 94537K(99544K)->94537K(99544K) Class: 13876K(17484K)->13876K(17484K)
[2020-10-24T06:04:43.857+0000][7][gc           ] GC(174) Pause Young (Prepare Mixed) (G1 Evacuation Pause) 183M->140M(256M) 7.667ms
[2020-10-24T06:04:43.857+0000][7][gc,cpu       ] GC(174) User=0.01s Sys=0.00s Real=0.00s
[2020-10-24T06:04:43.857+0000][7][safepoint    ] Safepoint "G1CollectForAllocation", Time since last: 9602300 ns, Reaching safepoint: 277800 ns, At safepoint: 8030500 ns, Total: 8308300 ns
[2020-10-24T06:04:44.690+0000][7][gc,start     ] GC(175) Pause Young (Mixed) (G1 Evacuation Pause)
[2020-10-24T06:04:44.690+0000][7][gc,task      ] GC(175) Using 6 workers of 10 for evacuation
[2020-10-24T06:04:44.690+0000][7][gc,age       ] GC(175) Desired survivor size 1048576 bytes, new threshold 1 (max threshold 15)
[2020-10-24T06:04:44.700+0000][7][gc,age       ] GC(175) Age table with threshold 1 (max threshold 15)
[2020-10-24T06:04:44.700+0000][7][gc,age       ] GC(175) - age   1:     485392 bytes,     485392 total
[2020-10-24T06:04:44.700+0000][7][gc,phases    ] GC(175)   Pre Evacuate Collection Set: 0.1ms
[2020-10-24T06:04:44.701+0000][7][gc,phases    ] GC(175)   Merge Heap Roots: 0.3ms
[2020-10-24T06:04:44.701+0000][7][gc,phases    ] GC(175)   Evacuate Collection Set: 7.8ms
[2020-10-24T06:04:44.701+0000][7][gc,phases    ] GC(175)   Post Evacuate Collection Set: 0.8ms
[2020-10-24T06:04:44.701+0000][7][gc,phases    ] GC(175)   Other: 1.8ms
[2020-10-24T06:04:44.702+0000][7][gc,heap      ] GC(175) Eden regions: 9->0(56)
[2020-10-24T06:04:44.702+0000][7][gc,heap      ] GC(175) Survivor regions: 3->1(2)
[2020-10-24T06:04:44.702+0000][7][gc,heap      ] GC(175) Old regions: 122->111
[2020-10-24T06:04:44.702+0000][7][gc,heap      ] GC(175) Archive regions: 2->2
[2020-10-24T06:04:44.702+0000][7][gc,heap      ] GC(175) Humongous regions: 15->15
[2020-10-24T06:04:44.703+0000][7][gc,metaspace ] GC(175) Metaspace: 108415K(117028K)->108415K(117028K) NonClass: 94538K(99544K)->94538K(99544K) Class: 13876K(17484K)->13876K(17484K)
[2020-10-24T06:04:44.703+0000][7][gc           ] GC(175) Pause Young (Mixed) (G1 Evacuation Pause) 149M->126M(256M) 13.141ms
[2020-10-24T06:04:44.703+0000][7][gc,cpu       ] GC(175) User=0.05s Sys=0.00s Real=0.01s
[2020-10-24T06:04:44.703+0000][7][safepoint    ] Safepoint "G1CollectForAllocation", Time since last: 832260400 ns, Reaching safepoint: 261800 ns, At safepoint: 13510600 ns, Total: 13772400 ns
[2020-10-24T06:04:45.756+0000][7][safepoint    ] Safepoint "Cleanup", Time since last: 1052929000 ns, Reaching safepoint: 384100 ns, At safepoint: 21400 ns, Total: 405500 ns
[2020-10-24T06:04:46.757+0000][7][safepoint    ] Safepoint "Cleanup", Time since last: 1000704100 ns, Reaching safepoint: 247000 ns, At safepoint: 10800 ns, Total: 257800 ns
[2020-10-24T06:04:47.673+0000][7][safepoint    ] Safepoint "BulkRevokeBias", Time since last: 909946700 ns, Reaching safepoint: 532800 ns, At safepoint: 5648600 ns, Total: 6181400 ns
[2020-10-24T06:04:48.675+0000][7][safepoint    ] Safepoint "Cleanup", Time since last: 1000727900 ns, Reaching safepoint: 307500 ns, At safepoint: 16500 ns, Total: 324000 ns
[2020-10-24T06:04:49.679+0000][7][safepoint    ] Safepoint "Cleanup", Time since last: 1004049600 ns, Reaching safepoint: 235800 ns, At safepoint: 47400 ns, Total: 283200 ns
[2020-10-24T06:04:50.680+0000][7][safepoint    ] Safepoint "Cleanup", Time since last: 1000598000 ns, Reaching safepoint: 280500 ns, At safepoint: 51700 ns, Total: 332200 ns
[2020-10-24T06:04:51.681+0000][7][safepoint    ] Safepoint "Cleanup", Time since last: 1000548900 ns, Reaching safepoint: 374400 ns, At safepoint: 42700 ns, Total: 417100 ns
[2020-10-24T06:04:52.682+0000][7][safepoint    ] Safepoint "Cleanup", Time since last: 1000606900 ns, Reaching safepoint: 257700 ns, At safepoint: 11600 ns, Total: 269300 ns
[2020-10-24T06:04:53.683+0000][7][safepoint    ] Safepoint "Cleanup", Time since last: 1000643000 ns, Reaching safepoint: 661100 ns, At safepoint: 79400 ns, Total: 740500 ns
[2020-10-24T06:04:54.685+0000][7][safepoint    ] Safepoint "Cleanup", Time since last: 1001099700 ns, Reaching safepoint: 833500 ns, At safepoint: 115900 ns, Total: 949400 ns
[2020-10-24T06:04:55.687+0000][7][safepoint    ] Safepoint "Cleanup", Time since last: 1001338900 ns, Reaching safepoint: 243200 ns, At safepoint: 12500 ns, Total: 255700 ns
[2020-10-24T06:04:56.688+0000][7][safepoint    ] Safepoint "Cleanup", Time since last: 1000599700 ns, Reaching safepoint: 284400 ns, At safepoint: 13200 ns, Total: 297600 ns
[2020-10-24T06:04:57.689+0000][7][safepoint    ] Safepoint "Cleanup", Time since last: 1000638800 ns, Reaching safepoint: 786700 ns, At safepoint: 188800 ns, Total: 975500 ns
[2020-10-24T06:04:58.691+0000][7][safepoint    ] Safepoint "Cleanup", Time since last: 1001163500 ns, Reaching safepoint: 832600 ns, At safepoint: 51300 ns, Total: 883900 ns
[2020-10-24T06:04:59.695+0000][7][safepoint    ] Safepoint "Cleanup", Time since last: 1003346600 ns, Reaching safepoint: 273200 ns, At safepoint: 9900 ns, Total: 283100 ns
[2020-10-24T06:05:00.696+0000][7][safepoint    ] Safepoint "Cleanup", Time since last: 1001138800 ns, Reaching safepoint: 365200 ns, At safepoint: 18300 ns, Total: 383500 ns
[2020-10-24T06:05:01.698+0000][7][safepoint    ] Safepoint "Cleanup", Time since last: 1000676800 ns, Reaching safepoint: 765700 ns, At safepoint: 52200 ns, Total: 817900 ns
[2020-10-24T06:05:02.700+0000][7][safepoint    ] Safepoint "Cleanup", Time since last: 1001231100 ns, Reaching safepoint: 791300 ns, At safepoint: 48800 ns, Total: 840100 ns
[2020-10-24T06:05:03.701+0000][7][safepoint    ] Safepoint "Cleanup", Time since last: 1001235700 ns, Reaching safepoint: 227400 ns, At safepoint: 9600 ns, Total: 237000 ns
[2020-10-24T06:05:04.702+0000][7][safepoint    ] Safepoint "Cleanup", Time since last: 1000540800 ns, Reaching safepoint: 211800 ns, At safepoint: 12300 ns, Total: 224100 ns
[2020-10-24T06:05:05.703+0000][7][safepoint    ] Safepoint "Cleanup", Time since last: 1000606900 ns, Reaching safepoint: 271500 ns, At safepoint: 9200 ns, Total: 280700 ns
[2020-10-24T06:05:06.707+0000][7][gc,start     ] GC(176) Pause Young (Normal) (G1 Evacuation Pause)
[2020-10-24T06:05:06.707+0000][7][gc,task      ] GC(176) Using 6 workers of 10 for evacuation
[2020-10-24T06:05:06.707+0000][7][gc,age       ] GC(176) Desired survivor size 4194304 bytes, new threshold 15 (max threshold 15)
[2020-10-24T06:05:06.711+0000][7][gc,age       ] GC(176) Age table with threshold 15 (max threshold 15)
[2020-10-24T06:05:06.711+0000][7][gc,age       ] GC(176) - age   1:    1220344 bytes,    1220344 total
[2020-10-24T06:05:06.711+0000][7][gc,age       ] GC(176) - age   2:     131616 bytes,    1351960 total
[2020-10-24T06:05:06.712+0000][7][gc,phases    ] GC(176)   Pre Evacuate Collection Set: 0.1ms
[2020-10-24T06:05:06.712+0000][7][gc,phases    ] GC(176)   Merge Heap Roots: 0.1ms
[2020-10-24T06:05:06.712+0000][7][gc,phases    ] GC(176)   Evacuate Collection Set: 1.9ms
[2020-10-24T06:05:06.712+0000][7][gc,phases    ] GC(176)   Post Evacuate Collection Set: 0.8ms
[2020-10-24T06:05:06.712+0000][7][gc,phases    ] GC(176)   Other: 1.8ms
[2020-10-24T06:05:06.713+0000][7][gc,heap      ] GC(176) Eden regions: 56->0(56)
[2020-10-24T06:05:06.713+0000][7][gc,heap      ] GC(176) Survivor regions: 1->2(8)
[2020-10-24T06:05:06.713+0000][7][gc,heap      ] GC(176) Old regions: 111->111
[2020-10-24T06:05:06.713+0000][7][gc,heap      ] GC(176) Archive regions: 2->2
[2020-10-24T06:05:06.713+0000][7][gc,heap      ] GC(176) Humongous regions: 15->15
[2020-10-24T06:05:06.714+0000][7][gc,metaspace ] GC(176) Metaspace: 108459K(117028K)->108459K(117028K) NonClass: 94582K(99544K)->94582K(99544K) Class: 13876K(17484K)->13876K(17484K)
[2020-10-24T06:05:06.714+0000][7][gc           ] GC(176) Pause Young (Normal) (G1 Evacuation Pause) 182M->127M(256M) 7.056ms
[2020-10-24T06:05:06.714+0000][7][gc,cpu       ] GC(176) User=0.02s Sys=0.00s Real=0.01s
[2020-10-24T06:05:06.714+0000][7][safepoint    ] Safepoint "G1CollectForAllocation", Time since last: 1003392000 ns, Reaching safepoint: 231500 ns, At safepoint: 7468200 ns, Total: 7699700 ns
[2020-10-24T06:05:07.715+0000][7][safepoint    ] Safepoint "Cleanup", Time since last: 1000273300 ns, Reaching safepoint: 317300 ns, At safepoint: 36800 ns, Total: 354100 ns
[2020-10-24T06:05:08.716+0000][7][safepoint    ] Safepoint "Cleanup", Time since last: 1000531600 ns, Reaching safepoint: 342700 ns, At safepoint: 20500 ns, Total: 363200 ns
[2020-10-24T06:05:09.717+0000][7][safepoint    ] Safepoint "Cleanup", Time since last: 1000682200 ns, Reaching safepoint: 305900 ns, At safepoint: 19500 ns, Total: 325400 ns
[2020-10-24T06:05:10.718+0000][7][safepoint    ] Safepoint "Cleanup", Time since last: 1000657400 ns, Reaching safepoint: 403900 ns, At safepoint: 25200 ns, Total: 429100 ns
[2020-10-24T06:05:11.720+0000][7][safepoint    ] Safepoint "Cleanup", Time since last: 1000900200 ns, Reaching safepoint: 861500 ns, At safepoint: 50400 ns, Total: 911900 ns
[2020-10-24T06:05:12.721+0000][7][safepoint    ] Safepoint "Cleanup", Time since last: 1001227100 ns, Reaching safepoint: 262500 ns, At safepoint: 12500 ns, Total: 275000 ns
[2020-10-24T06:05:14.674+0000][7][safepoint    ] Safepoint "Cleanup", Time since last: 1952942300 ns, Reaching safepoint: 259100 ns, At safepoint: 9900 ns, Total: 269000 ns
[2020-10-24T06:05:15.791+0000][7][safepoint    ] Safepoint "Cleanup", Time since last: 1116165600 ns, Reaching safepoint: 329200 ns, At safepoint: 10400 ns, Total: 339600 ns
[2020-10-24T06:05:16.792+0000][7][safepoint    ] Safepoint "Cleanup", Time since last: 1000604900 ns, Reaching safepoint: 848800 ns, At safepoint: 50200 ns, Total: 899000 ns
[2020-10-24T06:05:17.795+0000][7][safepoint    ] Safepoint "Cleanup", Time since last: 1001415800 ns, Reaching safepoint: 756000 ns, At safepoint: 49400 ns, Total: 805400 ns
[2020-10-24T06:05:18.797+0000][7][safepoint    ] Safepoint "Cleanup", Time since last: 1001591100 ns, Reaching safepoint: 821000 ns, At safepoint: 109800 ns, Total: 930800 ns
[2020-10-24T06:05:19.799+0000][7][safepoint    ] Safepoint "Cleanup", Time since last: 1001304500 ns, Reaching safepoint: 879500 ns, At safepoint: 50600 ns, Total: 930100 ns
[2020-10-24T06:05:20.404+0000][7][gc,start     ] GC(177) Pause Young (Normal) (G1 Evacuation Pause)
[2020-10-24T06:05:20.405+0000][7][gc,task      ] GC(177) Using 6 workers of 10 for evacuation
[2020-10-24T06:05:20.405+0000][7][gc,age       ] GC(177) Desired survivor size 4194304 bytes, new threshold 15 (max threshold 15)
[2020-10-24T06:05:20.408+0000][7][gc,age       ] GC(177) Age table with threshold 15 (max threshold 15)
[2020-10-24T06:05:20.408+0000][7][gc,age       ] GC(177) - age   1:    2060840 bytes,    2060840 total
[2020-10-24T06:05:20.409+0000][7][gc,age       ] GC(177) - age   2:     900112 bytes,    2960952 total
[2020-10-24T06:05:20.409+0000][7][gc,age       ] GC(177) - age   3:     131616 bytes,    3092568 total
[2020-10-24T06:05:20.409+0000][7][gc,phases    ] GC(177)   Pre Evacuate Collection Set: 0.1ms
[2020-10-24T06:05:20.409+0000][7][gc,phases    ] GC(177)   Merge Heap Roots: 0.1ms
[2020-10-24T06:05:20.410+0000][7][gc,phases    ] GC(177)   Evacuate Collection Set: 1.6ms
[2020-10-24T06:05:20.410+0000][7][gc,phases    ] GC(177)   Post Evacuate Collection Set: 0.9ms
[2020-10-24T06:05:20.410+0000][7][gc,phases    ] GC(177)   Other: 2.2ms
[2020-10-24T06:05:20.410+0000][7][gc,heap      ] GC(177) Eden regions: 56->0(53)
[2020-10-24T06:05:20.411+0000][7][gc,heap      ] GC(177) Survivor regions: 2->4(8)
[2020-10-24T06:05:20.411+0000][7][gc,heap      ] GC(177) Old regions: 111->111
[2020-10-24T06:05:20.411+0000][7][gc,heap      ] GC(177) Archive regions: 2->2
[2020-10-24T06:05:20.411+0000][7][gc,heap      ] GC(177) Humongous regions: 15->15
[2020-10-24T06:05:20.412+0000][7][gc,metaspace ] GC(177) Metaspace: 108477K(117028K)->108477K(117028K) NonClass: 94600K(99544K)->94600K(99544K) Class: 13876K(17484K)->13876K(17484K)
[2020-10-24T06:05:20.412+0000][7][gc           ] GC(177) Pause Young (Normal) (G1 Evacuation Pause) 183M->129M(256M) 7.561ms
[2020-10-24T06:05:20.412+0000][7][gc,cpu       ] GC(177) User=0.01s Sys=0.00s Real=0.01s
[2020-10-24T06:05:20.412+0000][7][safepoint    ] Safepoint "G1CollectForAllocation", Time since last: 604656900 ns, Reaching safepoint: 286000 ns, At safepoint: 8066500 ns, Total: 8352500 ns
[2020-10-24T06:05:21.416+0000][7][safepoint    ] Safepoint "Cleanup", Time since last: 1003727600 ns, Reaching safepoint: 268800 ns, At safepoint: 9800 ns, Total: 278600 ns
[2020-10-24T06:05:22.418+0000][7][safepoint    ] Safepoint "Cleanup", Time since last: 1000659900 ns, Reaching safepoint: 1168900 ns, At safepoint: 49500 ns, Total: 1218400 ns
[2020-10-24T06:05:22.847+0000][7][safepoint    ] Safepoint "BulkRevokeBias", Time since last: 426273000 ns, Reaching safepoint: 294100 ns, At safepoint: 2726700 ns, Total: 3020800 ns
[2020-10-24T06:05:23.436+0000][7][gc,start     ] GC(178) Pause Young (Concurrent Start) (G1 Evacuation Pause)
[2020-10-24T06:05:23.436+0000][7][gc,task      ] GC(178) Using 6 workers of 10 for evacuation
[2020-10-24T06:05:23.437+0000][7][gc,age       ] GC(178) Desired survivor size 4194304 bytes, new threshold 15 (max threshold 15)
[2020-10-24T06:05:23.441+0000][7][gc,age       ] GC(178) Age table with threshold 15 (max threshold 15)
[2020-10-24T06:05:23.441+0000][7][gc,age       ] GC(178) - age   1:    4302584 bytes,    4302584 total
[2020-10-24T06:05:23.442+0000][7][gc,age       ] GC(178) - age   2:     367816 bytes,    4670400 total
[2020-10-24T06:05:23.442+0000][7][gc,age       ] GC(178) - age   3:     890680 bytes,    5561080 total
[2020-10-24T06:05:23.442+0000][7][gc,age       ] GC(178) - age   4:     130960 bytes,    5692040 total
[2020-10-24T06:05:23.443+0000][7][gc,phases    ] GC(178)   Pre Evacuate Collection Set: 0.7ms
[2020-10-24T06:05:23.443+0000][7][gc,phases    ] GC(178)   Merge Heap Roots: 0.1ms
[2020-10-24T06:05:23.443+0000][7][gc,phases    ] GC(178)   Evacuate Collection Set: 2.1ms
[2020-10-24T06:05:23.443+0000][7][gc,phases    ] GC(178)   Post Evacuate Collection Set: 1.1ms
[2020-10-24T06:05:23.444+0000][7][gc,phases    ] GC(178)   Other: 2.8ms
[2020-10-24T06:05:23.444+0000][7][gc,heap      ] GC(178) Eden regions: 53->0(49)
[2020-10-24T06:05:23.444+0000][7][gc,heap      ] GC(178) Survivor regions: 4->6(8)
[2020-10-24T06:05:23.444+0000][7][gc,heap      ] GC(178) Old regions: 111->111
[2020-10-24T06:05:23.444+0000][7][gc,heap      ] GC(178) Archive regions: 2->2
[2020-10-24T06:05:23.444+0000][7][gc,heap      ] GC(178) Humongous regions: 15->15
[2020-10-24T06:05:23.445+0000][7][gc,metaspace ] GC(178) Metaspace: 108488K(117028K)->108488K(117028K) NonClass: 94611K(99544K)->94611K(99544K) Class: 13876K(17484K)->13876K(17484K)
[2020-10-24T06:05:23.445+0000][7][gc           ] GC(178) Pause Young (Concurrent Start) (G1 Evacuation Pause) 182M->131M(256M) 8.819ms
[2020-10-24T06:05:23.445+0000][7][gc,cpu       ] GC(178) User=0.01s Sys=0.00s Real=0.01s
[2020-10-24T06:05:23.445+0000][7][gc           ] GC(179) Concurrent Cycle
[2020-10-24T06:05:23.445+0000][7][safepoint    ] Safepoint "G1CollectForAllocation", Time since last: 588076700 ns, Reaching safepoint: 299300 ns, At safepoint: 9172600 ns, Total: 9471900 ns
[2020-10-24T06:05:23.445+0000][7][gc,marking   ] GC(179) Concurrent Clear Claimed Marks
[2020-10-24T06:05:23.446+0000][7][gc,marking   ] GC(179) Concurrent Clear Claimed Marks 0.864ms
[2020-10-24T06:05:23.446+0000][7][gc,marking   ] GC(179) Concurrent Scan Root Regions
[2020-10-24T06:05:23.447+0000][7][gc,marking   ] GC(179) Concurrent Scan Root Regions 1.258ms
[2020-10-24T06:05:23.448+0000][7][gc,marking   ] GC(179) Concurrent Mark (1280.814s)
[2020-10-24T06:05:23.448+0000][7][gc,marking   ] GC(179) Concurrent Mark From Roots
[2020-10-24T06:05:23.448+0000][7][gc,task      ] GC(179) Using 3 workers of 3 for marking
[2020-10-24T06:05:23.471+0000][7][safepoint    ] Safepoint "BulkRevokeBias", Time since last: 24824300 ns, Reaching safepoint: 315600 ns, At safepoint: 752600 ns, Total: 1068200 ns
[2020-10-24T06:05:23.473+0000][7][safepoint    ] Safepoint "BulkRevokeBias", Time since last: 1410900 ns, Reaching safepoint: 290900 ns, At safepoint: 697200 ns, Total: 988100 ns
[2020-10-24T06:05:23.502+0000][7][gc,marking   ] GC(179) Concurrent Mark From Roots 53.675ms
[2020-10-24T06:05:23.502+0000][7][gc,marking   ] GC(179) Concurrent Preclean
[2020-10-24T06:05:23.503+0000][7][gc,marking   ] GC(179) Concurrent Preclean 0.738ms
[2020-10-24T06:05:23.503+0000][7][gc,marking   ] GC(179) Concurrent Mark (1280.814s, 1280.869s) 55.363ms
[2020-10-24T06:05:23.504+0000][7][gc,start     ] GC(179) Pause Remark
[2020-10-24T06:05:23.510+0000][7][gc           ] GC(179) Pause Remark 173M->173M(256M) 6.857ms
[2020-10-24T06:05:23.511+0000][7][gc,cpu       ] GC(179) User=0.05s Sys=0.00s Real=0.01s
[2020-10-24T06:05:23.511+0000][7][safepoint    ] Safepoint "G1Concurrent", Time since last: 30018400 ns, Reaching safepoint: 251100 ns, At safepoint: 7555600 ns, Total: 7806700 ns
[2020-10-24T06:05:23.512+0000][7][gc,marking   ] GC(179) Concurrent Rebuild Remembered Sets
[2020-10-24T06:05:23.544+0000][7][gc,marking   ] GC(179) Concurrent Rebuild Remembered Sets 32.265ms
[2020-10-24T06:05:23.544+0000][7][gc,start     ] GC(179) Pause Cleanup
[2020-10-24T06:05:23.545+0000][7][gc           ] GC(179) Pause Cleanup 173M->173M(256M) 0.607ms
[2020-10-24T06:05:23.545+0000][7][gc,cpu       ] GC(179) User=0.00s Sys=0.00s Real=0.00s
[2020-10-24T06:05:23.546+0000][7][safepoint    ] Safepoint "G1Concurrent", Time since last: 33056100 ns, Reaching safepoint: 207400 ns, At safepoint: 1281900 ns, Total: 1489300 ns
[2020-10-24T06:05:23.546+0000][7][gc,marking   ] GC(179) Concurrent Cleanup for Next Mark
[2020-10-24T06:05:23.547+0000][7][gc,marking   ] GC(179) Concurrent Cleanup for Next Mark 0.628ms
[2020-10-24T06:05:23.547+0000][7][gc           ] GC(179) Concurrent Cycle 101.893ms
[2020-10-24T06:05:25.477+0000][7][safepoint    ] Safepoint "Cleanup", Time since last: 1930998700 ns, Reaching safepoint: 251800 ns, At safepoint: 9600 ns, Total: 261400 ns
[2020-10-24T06:05:26.478+0000][7][safepoint    ] Safepoint "Cleanup", Time since last: 1000578300 ns, Reaching safepoint: 794500 ns, At safepoint: 49500 ns, Total: 844000 ns
[2020-10-24T06:05:27.481+0000][7][safepoint    ] Safepoint "Cleanup", Time since last: 1001323900 ns, Reaching safepoint: 789600 ns, At safepoint: 38000 ns, Total: 827600 ns
[2020-10-24T06:05:28.482+0000][7][safepoint    ] Safepoint "Cleanup", Time since last: 1001146800 ns, Reaching safepoint: 337100 ns, At safepoint: 10000 ns, Total: 347100 ns
[2020-10-24T06:05:28.699+0000][7][gc,start     ] GC(180) Pause Young (Normal) (G1 Evacuation Pause)
[2020-10-24T06:05:28.700+0000][7][gc,task      ] GC(180) Using 6 workers of 10 for evacuation
[2020-10-24T06:05:28.701+0000][7][gc,age       ] GC(180) Desired survivor size 3670016 bytes, new threshold 1 (max threshold 15)
[2020-10-24T06:05:28.710+0000][7][gc,age       ] GC(180) Age table with threshold 1 (max threshold 15)
[2020-10-24T06:05:28.710+0000][7][gc,age       ] GC(180) - age   1:     160440 bytes,     160440 total
[2020-10-24T06:05:28.710+0000][7][gc,phases    ] GC(180)   Pre Evacuate Collection Set: 0.5ms
[2020-10-24T06:05:28.711+0000][7][gc,phases    ] GC(180)   Merge Heap Roots: 0.7ms
[2020-10-24T06:05:28.711+0000][7][gc,phases    ] GC(180)   Evacuate Collection Set: 5.9ms
[2020-10-24T06:05:28.711+0000][7][gc,phases    ] GC(180)   Post Evacuate Collection Set: 0.9ms
[2020-10-24T06:05:28.711+0000][7][gc,phases    ] GC(180)   Other: 3.9ms
[2020-10-24T06:05:28.712+0000][7][gc,heap      ] GC(180) Eden regions: 49->0(54)
[2020-10-24T06:05:28.712+0000][7][gc,heap      ] GC(180) Survivor regions: 6->1(7)
[2020-10-24T06:05:28.712+0000][7][gc,heap      ] GC(180) Old regions: 111->113
[2020-10-24T06:05:28.712+0000][7][gc,heap      ] GC(180) Archive regions: 2->2
[2020-10-24T06:05:28.712+0000][7][gc,heap      ] GC(180) Humongous regions: 15->15
[2020-10-24T06:05:28.713+0000][7][gc,metaspace ] GC(180) Metaspace: 108497K(117028K)->108497K(117028K) NonClass: 94620K(99544K)->94620K(99544K) Class: 13876K(17484K)->13876K(17484K)
[2020-10-24T06:05:28.713+0000][7][gc           ] GC(180) Pause Young (Normal) (G1 Evacuation Pause) 180M->129M(256M) 14.269ms
[2020-10-24T06:05:28.713+0000][7][gc,cpu       ] GC(180) User=0.04s Sys=0.00s Real=0.01s
[2020-10-24T06:05:28.713+0000][7][safepoint    ] Safepoint "G1CollectForAllocation", Time since last: 215591200 ns, Reaching safepoint: 824200 ns, At safepoint: 14812300 ns, Total: 15636500 ns
[2020-10-24T06:05:29.714+0000][7][safepoint    ] Safepoint "Cleanup", Time since last: 1000379000 ns, Reaching safepoint: 308900 ns, At safepoint: 15900 ns, Total: 324800 ns
[2020-10-24T06:05:30.715+0000][7][safepoint    ] Safepoint "Cleanup", Time since last: 1000552400 ns, Reaching safepoint: 238000 ns, At safepoint: 24800 ns, Total: 262800 ns
[2020-10-24T06:05:31.716+0000][7][safepoint    ] Safepoint "Cleanup", Time since last: 1000573000 ns, Reaching safepoint: 798700 ns, At safepoint: 182800 ns, Total: 981500 ns
[2020-10-24T06:05:32.718+0000][7][safepoint    ] Safepoint "Cleanup", Time since last: 1001111700 ns, Reaching safepoint: 516600 ns, At safepoint: 114600 ns, Total: 631200 ns
[2020-10-24T06:05:34.675+0000][7][safepoint    ] Safepoint "Cleanup", Time since last: 1956280400 ns, Reaching safepoint: 287100 ns, At safepoint: 9900 ns, Total: 297000 ns
[2020-10-24T06:05:35.675+0000][7][safepoint    ] Safepoint "Cleanup", Time since last: 1000488100 ns, Reaching safepoint: 218900 ns, At safepoint: 24000 ns, Total: 242900 ns
[2020-10-24T06:05:36.677+0000][7][safepoint    ] Safepoint "Cleanup", Time since last: 1000566300 ns, Reaching safepoint: 855800 ns, At safepoint: 51700 ns, Total: 907500 ns
[2020-10-24T06:05:37.678+0000][7][safepoint    ] Safepoint "Cleanup", Time since last: 1001283400 ns, Reaching safepoint: 265300 ns, At safepoint: 9800 ns, Total: 275100 ns
[2020-10-24T06:05:38.679+0000][7][safepoint    ] Safepoint "Cleanup", Time since last: 1000510200 ns, Reaching safepoint: 271200 ns, At safepoint: 14400 ns, Total: 285600 ns
[2020-10-24T06:05:39.680+0000][7][safepoint    ] Safepoint "Cleanup", Time since last: 1000644600 ns, Reaching safepoint: 282000 ns, At safepoint: 14400 ns, Total: 296400 ns
[2020-10-24T06:05:40.682+0000][7][safepoint    ] Safepoint "Cleanup", Time since last: 1000690700 ns, Reaching safepoint: 962400 ns, At safepoint: 50500 ns, Total: 1012900 ns
[2020-10-24T06:05:41.683+0000][7][safepoint    ] Safepoint "Cleanup", Time since last: 1001248400 ns, Reaching safepoint: 219100 ns, At safepoint: 23400 ns, Total: 242500 ns
[2020-10-24T06:05:42.684+0000][7][safepoint    ] Safepoint "Cleanup", Time since last: 1000586400 ns, Reaching safepoint: 248000 ns, At safepoint: 12000 ns, Total: 260000 ns
[2020-10-24T06:05:43.856+0000][7][safepoint    ] Safepoint "Cleanup", Time since last: 1171765300 ns, Reaching safepoint: 331500 ns, At safepoint: 17100 ns, Total: 348600 ns
[2020-10-24T06:05:45.739+0000][7][safepoint    ] Safepoint "Cleanup", Time since last: 1882070300 ns, Reaching safepoint: 288500 ns, At safepoint: 10000 ns, Total: 298500 ns
[2020-10-24T06:05:46.740+0000][7][safepoint    ] Safepoint "Cleanup", Time since last: 1000570600 ns, Reaching safepoint: 846800 ns, At safepoint: 50500 ns, Total: 897300 ns
[2020-10-24T06:05:47.731+0000][7][gc,start     ] GC(181) Pause Young (Concurrent Start) (G1 Evacuation Pause)
[2020-10-24T06:05:47.732+0000][7][gc,task      ] GC(181) Using 6 workers of 10 for evacuation
[2020-10-24T06:05:47.732+0000][7][gc,age       ] GC(181) Desired survivor size 3670016 bytes, new threshold 15 (max threshold 15)
[2020-10-24T06:05:47.737+0000][7][gc,age       ] GC(181) Age table with threshold 15 (max threshold 15)
[2020-10-24T06:05:47.737+0000][7][gc,age       ] GC(181) - age   1:    1209792 bytes,    1209792 total
[2020-10-24T06:05:47.737+0000][7][gc,age       ] GC(181) - age   2:     140672 bytes,    1350464 total
[2020-10-24T06:05:47.738+0000][7][gc,phases    ] GC(181)   Pre Evacuate Collection Set: 0.8ms
[2020-10-24T06:05:47.738+0000][7][gc,phases    ] GC(181)   Merge Heap Roots: 0.2ms
[2020-10-24T06:05:47.738+0000][7][gc,phases    ] GC(181)   Evacuate Collection Set: 1.9ms
[2020-10-24T06:05:47.739+0000][7][gc,phases    ] GC(181)   Post Evacuate Collection Set: 1.1ms
[2020-10-24T06:05:47.739+0000][7][gc,phases    ] GC(181)   Other: 2.5ms
[2020-10-24T06:05:47.739+0000][7][gc,heap      ] GC(181) Eden regions: 54->0(53)
[2020-10-24T06:05:47.739+0000][7][gc,heap      ] GC(181) Survivor regions: 1->2(7)
[2020-10-24T06:05:47.740+0000][7][gc,heap      ] GC(181) Old regions: 113->113
[2020-10-24T06:05:47.740+0000][7][gc,heap      ] GC(181) Archive regions: 2->2
[2020-10-24T06:05:47.740+0000][7][gc,heap      ] GC(181) Humongous regions: 15->15
[2020-10-24T06:05:47.740+0000][7][gc,metaspace ] GC(181) Metaspace: 108512K(117284K)->108512K(117284K) NonClass: 94636K(99800K)->94636K(99800K) Class: 13876K(17484K)->13876K(17484K)
[2020-10-24T06:05:47.740+0000][7][gc           ] GC(181) Pause Young (Concurrent Start) (G1 Evacuation Pause) 183M->130M(256M) 8.800ms
[2020-10-24T06:05:47.740+0000][7][gc,cpu       ] GC(181) User=0.02s Sys=0.00s Real=0.01s
[2020-10-24T06:05:47.741+0000][7][gc           ] GC(182) Concurrent Cycle
[2020-10-24T06:05:47.741+0000][7][safepoint    ] Safepoint "G1CollectForAllocation", Time since last: 990910000 ns, Reaching safepoint: 328300 ns, At safepoint: 9191200 ns, Total: 9519500 ns
[2020-10-24T06:05:47.741+0000][7][gc,marking   ] GC(182) Concurrent Clear Claimed Marks
[2020-10-24T06:05:47.741+0000][7][gc,marking   ] GC(182) Concurrent Clear Claimed Marks 0.711ms
[2020-10-24T06:05:47.742+0000][7][gc,marking   ] GC(182) Concurrent Scan Root Regions
[2020-10-24T06:05:47.742+0000][7][gc,marking   ] GC(182) Concurrent Scan Root Regions 0.783ms
[2020-10-24T06:05:47.742+0000][7][gc,marking   ] GC(182) Concurrent Mark (1305.109s)
[2020-10-24T06:05:47.743+0000][7][gc,marking   ] GC(182) Concurrent Mark From Roots
[2020-10-24T06:05:47.743+0000][7][gc,task      ] GC(182) Using 3 workers of 3 for marking
[2020-10-24T06:05:47.793+0000][7][gc,marking   ] GC(182) Concurrent Mark From Roots 50.233ms
[2020-10-24T06:05:47.793+0000][7][gc,marking   ] GC(182) Concurrent Preclean
[2020-10-24T06:05:47.794+0000][7][gc,marking   ] GC(182) Concurrent Preclean 0.683ms
[2020-10-24T06:05:47.794+0000][7][gc,marking   ] GC(182) Concurrent Mark (1305.109s, 1305.161s) 51.866ms
[2020-10-24T06:05:47.795+0000][7][gc,start     ] GC(182) Pause Remark
[2020-10-24T06:05:47.802+0000][7][gc           ] GC(182) Pause Remark 136M->136M(256M) 6.533ms
[2020-10-24T06:05:47.802+0000][7][gc,cpu       ] GC(182) User=0.04s Sys=0.00s Real=0.01s
[2020-10-24T06:05:47.802+0000][7][safepoint    ] Safepoint "G1Concurrent", Time since last: 54134400 ns, Reaching safepoint: 263600 ns, At safepoint: 7294600 ns, Total: 7558200 ns
[2020-10-24T06:05:47.803+0000][7][gc,marking   ] GC(182) Concurrent Rebuild Remembered Sets
[2020-10-24T06:05:47.841+0000][7][gc,marking   ] GC(182) Concurrent Rebuild Remembered Sets 38.586ms
[2020-10-24T06:05:47.842+0000][7][gc,start     ] GC(182) Pause Cleanup
[2020-10-24T06:05:47.843+0000][7][gc           ] GC(182) Pause Cleanup 136M->136M(256M) 0.802ms
[2020-10-24T06:05:47.843+0000][7][gc,cpu       ] GC(182) User=0.00s Sys=0.00s Real=0.00s
[2020-10-24T06:05:47.843+0000][7][safepoint    ] Safepoint "G1Concurrent", Time since last: 39389500 ns, Reaching safepoint: 259300 ns, At safepoint: 1455200 ns, Total: 1714500 ns
[2020-10-24T06:05:47.844+0000][7][gc,marking   ] GC(182) Concurrent Cleanup for Next Mark
[2020-10-24T06:05:47.844+0000][7][gc,marking   ] GC(182) Concurrent Cleanup for Next Mark 0.602ms
[2020-10-24T06:05:47.845+0000][7][gc           ] GC(182) Concurrent Cycle 104.055ms
[2020-10-24T06:05:48.845+0000][7][safepoint    ] Safepoint "Cleanup", Time since last: 1000623000 ns, Reaching safepoint: 809300 ns, At safepoint: 112600 ns, Total: 921900 ns
[2020-10-24T06:05:49.847+0000][7][safepoint    ] Safepoint "Cleanup", Time since last: 1001223600 ns, Reaching safepoint: 572400 ns, At safepoint: 77600 ns, Total: 650000 ns
[2020-10-24T06:05:50.848+0000][7][safepoint    ] Safepoint "Cleanup", Time since last: 1000936900 ns, Reaching safepoint: 248200 ns, At safepoint: 11900 ns, Total: 260100 ns
[2020-10-24T06:05:52.762+0000][7][safepoint    ] Safepoint "Cleanup", Time since last: 1913394600 ns, Reaching safepoint: 274100 ns, At safepoint: 9900 ns, Total: 284000 ns
[2020-10-24T06:05:53.764+0000][7][safepoint    ] Safepoint "Cleanup", Time since last: 1002037500 ns, Reaching safepoint: 387200 ns, At safepoint: 25200 ns, Total: 412400 ns
[2020-10-24T06:05:54.765+0000][7][safepoint    ] Safepoint "Cleanup", Time since last: 1000724500 ns, Reaching safepoint: 290600 ns, At safepoint: 16100 ns, Total: 306700 ns
[2020-10-24T06:05:55.766+0000][7][safepoint    ] Safepoint "Cleanup", Time since last: 1000649900 ns, Reaching safepoint: 278500 ns, At safepoint: 16000 ns, Total: 294500 ns
[2020-10-24T06:05:56.767+0000][7][safepoint    ] Safepoint "Cleanup", Time since last: 1000658700 ns, Reaching safepoint: 248400 ns, At safepoint: 12000 ns, Total: 260400 ns
[2020-10-24T06:05:57.768+0000][7][safepoint    ] Safepoint "Cleanup", Time since last: 1000545400 ns, Reaching safepoint: 239100 ns, At safepoint: 23900 ns, Total: 263000 ns
[2020-10-24T06:05:58.769+0000][7][safepoint    ] Safepoint "Cleanup", Time since last: 1000570200 ns, Reaching safepoint: 220900 ns, At safepoint: 12800 ns, Total: 233700 ns
[2020-10-24T06:05:59.770+0000][7][safepoint    ] Safepoint "Cleanup", Time since last: 1000553000 ns, Reaching safepoint: 803300 ns, At safepoint: 48700 ns, Total: 852000 ns
[2020-10-24T06:06:00.771+0000][7][safepoint    ] Safepoint "Cleanup", Time since last: 1001110900 ns, Reaching safepoint: 230300 ns, At safepoint: 9800 ns, Total: 240100 ns
[2020-10-24T06:06:01.773+0000][7][safepoint    ] Safepoint "Cleanup", Time since last: 1000608900 ns, Reaching safepoint: 813400 ns, At safepoint: 174500 ns, Total: 987900 ns
[2020-10-24T06:06:02.774+0000][7][safepoint    ] Safepoint "Cleanup", Time since last: 1001298200 ns, Reaching safepoint: 226400 ns, At safepoint: 10100 ns, Total: 236500 ns
[2020-10-24T06:06:04.677+0000][7][safepoint    ] Safepoint "Cleanup", Time since last: 1901117000 ns, Reaching safepoint: 842200 ns, At safepoint: 49500 ns, Total: 891700 ns
[2020-10-24T06:06:05.679+0000][7][safepoint    ] Safepoint "Cleanup", Time since last: 1001587100 ns, Reaching safepoint: 836800 ns, At safepoint: 48900 ns, Total: 885700 ns
[2020-10-24T06:06:06.680+0000][7][safepoint    ] Safepoint "Cleanup", Time since last: 1001084600 ns, Reaching safepoint: 253200 ns, At safepoint: 12000 ns, Total: 265200 ns
[2020-10-24T06:06:07.681+0000][7][safepoint    ] Safepoint "Cleanup", Time since last: 1000526400 ns, Reaching safepoint: 232600 ns, At safepoint: 27400 ns, Total: 260000 ns
[2020-10-24T06:06:08.772+0000][7][safepoint    ] Safepoint "Cleanup", Time since last: 1090507900 ns, Reaching safepoint: 224400 ns, At safepoint: 9700 ns, Total: 234100 ns
[2020-10-24T06:06:08.775+0000][7][gc,start     ] GC(183) Pause Young (Normal) (G1 Evacuation Pause)
[2020-10-24T06:06:08.775+0000][7][gc,task      ] GC(183) Using 6 workers of 10 for evacuation
[2020-10-24T06:06:08.775+0000][7][gc,age       ] GC(183) Desired survivor size 3670016 bytes, new threshold 15 (max threshold 15)
[2020-10-24T06:06:08.778+0000][7][gc,age       ] GC(183) Age table with threshold 15 (max threshold 15)
[2020-10-24T06:06:08.779+0000][7][gc,age       ] GC(183) - age   1:     924392 bytes,     924392 total
[2020-10-24T06:06:08.779+0000][7][gc,age       ] GC(183) - age   2:     350224 bytes,    1274616 total
[2020-10-24T06:06:08.779+0000][7][gc,age       ] GC(183) - age   3:     111256 bytes,    1385872 total
[2020-10-24T06:06:08.780+0000][7][gc,phases    ] GC(183)   Pre Evacuate Collection Set: 0.1ms
[2020-10-24T06:06:08.780+0000][7][gc,phases    ] GC(183)   Merge Heap Roots: 0.1ms
[2020-10-24T06:06:08.780+0000][7][gc,phases    ] GC(183)   Evacuate Collection Set: 1.4ms
[2020-10-24T06:06:08.780+0000][7][gc,phases    ] GC(183)   Post Evacuate Collection Set: 0.9ms
[2020-10-24T06:06:08.781+0000][7][gc,phases    ] GC(183)   Other: 2.4ms
[2020-10-24T06:06:08.781+0000][7][gc,heap      ] GC(183) Eden regions: 53->0(54)
[2020-10-24T06:06:08.781+0000][7][gc,heap      ] GC(183) Survivor regions: 2->2(7)
[2020-10-24T06:06:08.781+0000][7][gc,heap      ] GC(183) Old regions: 113->113
[2020-10-24T06:06:08.782+0000][7][gc,heap      ] GC(183) Archive regions: 2->2
[2020-10-24T06:06:08.782+0000][7][gc,heap      ] GC(183) Humongous regions: 15->15
[2020-10-24T06:06:08.782+0000][7][gc,metaspace ] GC(183) Metaspace: 108547K(117284K)->108547K(117284K) NonClass: 94670K(99800K)->94670K(99800K) Class: 13876K(17484K)->13876K(17484K)
[2020-10-24T06:06:08.783+0000][7][gc           ] GC(183) Pause Young (Normal) (G1 Evacuation Pause) 183M->130M(256M) 7.931ms
[2020-10-24T06:06:08.783+0000][7][gc,cpu       ] GC(183) User=0.00s Sys=0.01s Real=0.01s
[2020-10-24T06:06:08.783+0000][7][safepoint    ] Safepoint "G1CollectForAllocation", Time since last: 2537700 ns, Reaching safepoint: 205900 ns, At safepoint: 8531600 ns, Total: 8737500 ns
[2020-10-24T06:06:09.784+0000][7][safepoint    ] Safepoint "Cleanup", Time since last: 1000437500 ns, Reaching safepoint: 399300 ns, At safepoint: 21300 ns, Total: 420600 ns
[2020-10-24T06:06:10.785+0000][7][safepoint    ] Safepoint "Cleanup", Time since last: 1000626100 ns, Reaching safepoint: 239100 ns, At safepoint: 11700 ns, Total: 250800 ns
[2020-10-24T06:06:11.786+0000][7][safepoint    ] Safepoint "Cleanup", Time since last: 1000573800 ns, Reaching safepoint: 855900 ns, At safepoint: 49600 ns, Total: 905500 ns
[2020-10-24T06:06:12.788+0000][7][safepoint    ] Safepoint "Cleanup", Time since last: 1001286700 ns, Reaching safepoint: 808000 ns, At safepoint: 49700 ns, Total: 857700 ns
[2020-10-24T06:06:13.790+0000][7][safepoint    ] Safepoint "Cleanup", Time since last: 1000962600 ns, Reaching safepoint: 269000 ns, At safepoint: 9200 ns, Total: 278200 ns
[2020-10-24T06:06:14.795+0000][7][safepoint    ] Safepoint "Cleanup", Time since last: 1004661300 ns, Reaching safepoint: 501900 ns, At safepoint: 27700 ns, Total: 529600 ns
[2020-10-24T06:06:15.797+0000][7][safepoint    ] Safepoint "Cleanup", Time since last: 1002035300 ns, Reaching safepoint: 302300 ns, At safepoint: 82800 ns, Total: 385100 ns
[2020-10-24T06:06:16.806+0000][7][safepoint    ] Safepoint "Cleanup", Time since last: 1008089800 ns, Reaching safepoint: 286300 ns, At safepoint: 9900 ns, Total: 296200 ns
[2020-10-24T06:06:17.807+0000][7][safepoint    ] Safepoint "Cleanup", Time since last: 1000553500 ns, Reaching safepoint: 616800 ns, At safepoint: 36300 ns, Total: 653100 ns
[2020-10-24T06:06:18.808+0000][7][safepoint    ] Safepoint "Cleanup", Time since last: 1000964300 ns, Reaching safepoint: 244800 ns, At safepoint: 10800 ns, Total: 255600 ns
[2020-10-24T06:06:19.809+0000][7][safepoint    ] Safepoint "Cleanup", Time since last: 1000635800 ns, Reaching safepoint: 224100 ns, At safepoint: 9800 ns, Total: 233900 ns
[2020-10-24T06:06:20.810+0000][7][safepoint    ] Safepoint "Cleanup", Time since last: 1000544200 ns, Reaching safepoint: 268200 ns, At safepoint: 24700 ns, Total: 292900 ns
[2020-10-24T06:06:22.362+0000][7][safepoint    ] Safepoint "Cleanup", Time since last: 1551676100 ns, Reaching safepoint: 244100 ns, At safepoint: 9600 ns, Total: 253700 ns
[2020-10-24T06:06:22.515+0000][7][gc,start     ] GC(184) Pause Young (Concurrent Start) (G1 Evacuation Pause)
[2020-10-24T06:06:22.515+0000][7][gc,task      ] GC(184) Using 6 workers of 10 for evacuation
[2020-10-24T06:06:22.515+0000][7][gc,age       ] GC(184) Desired survivor size 3670016 bytes, new threshold 15 (max threshold 15)
[2020-10-24T06:06:22.520+0000][7][gc,age       ] GC(184) Age table with threshold 15 (max threshold 15)
[2020-10-24T06:06:22.520+0000][7][gc,age       ] GC(184) - age   1:    5703584 bytes,    5703584 total
[2020-10-24T06:06:22.520+0000][7][gc,age       ] GC(184) - age   2:     499640 bytes,    6203224 total
[2020-10-24T06:06:22.521+0000][7][gc,age       ] GC(184) - age   3:     331128 bytes,    6534352 total
[2020-10-24T06:06:22.521+0000][7][gc,age       ] GC(184) - age   4:     110640 bytes,    6644992 total
[2020-10-24T06:06:22.521+0000][7][gc,phases    ] GC(184)   Pre Evacuate Collection Set: 0.7ms
[2020-10-24T06:06:22.521+0000][7][gc,phases    ] GC(184)   Merge Heap Roots: 0.1ms
[2020-10-24T06:06:22.522+0000][7][gc,phases    ] GC(184)   Evacuate Collection Set: 2.6ms
[2020-10-24T06:06:22.522+0000][7][gc,phases    ] GC(184)   Post Evacuate Collection Set: 0.7ms
[2020-10-24T06:06:22.522+0000][7][gc,phases    ] GC(184)   Other: 2.4ms
[2020-10-24T06:06:22.522+0000][7][gc,heap      ] GC(184) Eden regions: 54->0(45)
[2020-10-24T06:06:22.523+0000][7][gc,heap      ] GC(184) Survivor regions: 2->7(7)
[2020-10-24T06:06:22.523+0000][7][gc,heap      ] GC(184) Old regions: 113->113
[2020-10-24T06:06:22.523+0000][7][gc,heap      ] GC(184) Archive regions: 2->2
[2020-10-24T06:06:22.523+0000][7][gc,heap      ] GC(184) Humongous regions: 15->15
[2020-10-24T06:06:22.523+0000][7][gc,metaspace ] GC(184) Metaspace: 108580K(117284K)->108580K(117284K) NonClass: 94703K(99800K)->94703K(99800K) Class: 13876K(17484K)->13876K(17484K)
[2020-10-24T06:06:22.523+0000][7][gc           ] GC(184) Pause Young (Concurrent Start) (G1 Evacuation Pause) 184M->135M(256M) 8.794ms
[2020-10-24T06:06:22.524+0000][7][gc,cpu       ] GC(184) User=0.01s Sys=0.00s Real=0.01s
[2020-10-24T06:06:22.524+0000][7][gc           ] GC(185) Concurrent Cycle
[2020-10-24T06:06:22.524+0000][7][safepoint    ] Safepoint "G1CollectForAllocation", Time since last: 152521200 ns, Reaching safepoint: 238000 ns, At safepoint: 9137800 ns, Total: 9375800 ns
[2020-10-24T06:06:22.524+0000][7][gc,marking   ] GC(185) Concurrent Clear Claimed Marks
[2020-10-24T06:06:22.525+0000][7][gc,marking   ] GC(185) Concurrent Clear Claimed Marks 1.023ms
[2020-10-24T06:06:22.525+0000][7][gc,marking   ] GC(185) Concurrent Scan Root Regions
[2020-10-24T06:06:22.526+0000][7][gc,marking   ] GC(185) Concurrent Scan Root Regions 1.295ms
[2020-10-24T06:06:22.527+0000][7][gc,marking   ] GC(185) Concurrent Mark (1339.893s)
[2020-10-24T06:06:22.527+0000][7][gc,marking   ] GC(185) Concurrent Mark From Roots
[2020-10-24T06:06:22.527+0000][7][gc,task      ] GC(185) Using 3 workers of 3 for marking
[2020-10-24T06:06:22.582+0000][7][gc,marking   ] GC(185) Concurrent Mark From Roots 55.006ms
[2020-10-24T06:06:22.582+0000][7][gc,marking   ] GC(185) Concurrent Preclean
[2020-10-24T06:06:22.583+0000][7][gc,marking   ] GC(185) Concurrent Preclean 0.753ms
[2020-10-24T06:06:22.583+0000][7][gc,marking   ] GC(185) Concurrent Mark (1339.893s, 1339.950s) 56.588ms
[2020-10-24T06:06:22.584+0000][7][gc,start     ] GC(185) Pause Remark
[2020-10-24T06:06:22.591+0000][7][gc           ] GC(185) Pause Remark 174M->174M(256M) 6.768ms
[2020-10-24T06:06:22.591+0000][7][gc,cpu       ] GC(185) User=0.03s Sys=0.00s Real=0.01s
[2020-10-24T06:06:22.591+0000][7][safepoint    ] Safepoint "G1Concurrent", Time since last: 59950300 ns, Reaching safepoint: 231700 ns, At safepoint: 7483700 ns, Total: 7715400 ns
[2020-10-24T06:06:22.592+0000][7][gc,marking   ] GC(185) Concurrent Rebuild Remembered Sets
[2020-10-24T06:06:22.626+0000][7][gc,marking   ] GC(185) Concurrent Rebuild Remembered Sets 34.403ms
[2020-10-24T06:06:22.627+0000][7][gc,start     ] GC(185) Pause Cleanup
[2020-10-24T06:06:22.627+0000][7][gc           ] GC(185) Pause Cleanup 174M->174M(256M) 0.483ms
[2020-10-24T06:06:22.628+0000][7][gc,cpu       ] GC(185) User=0.00s Sys=0.00s Real=0.01s
[2020-10-24T06:06:22.628+0000][7][safepoint    ] Safepoint "G1Concurrent", Time since last: 35246300 ns, Reaching safepoint: 194800 ns, At safepoint: 1036300 ns, Total: 1231100 ns
[2020-10-24T06:06:22.628+0000][7][gc,marking   ] GC(185) Concurrent Cleanup for Next Mark
[2020-10-24T06:06:22.629+0000][7][gc,marking   ] GC(185) Concurrent Cleanup for Next Mark 0.635ms
[2020-10-24T06:06:22.629+0000][7][gc           ] GC(185) Concurrent Cycle 105.356ms
[2020-10-24T06:06:22.847+0000][7][safepoint    ] Safepoint "BulkRevokeBias", Time since last: 217335000 ns, Reaching safepoint: 251900 ns, At safepoint: 1437100 ns, Total: 1689000 ns
[2020-10-24T06:06:22.848+0000][7][gc,start     ] GC(186) Pause Young (Normal) (G1 Evacuation Pause)
[2020-10-24T06:06:22.848+0000][7][gc,task      ] GC(186) Using 6 workers of 10 for evacuation
[2020-10-24T06:06:22.849+0000][7][gc,age       ] GC(186) Desired survivor size 3670016 bytes, new threshold 1 (max threshold 15)
[2020-10-24T06:06:22.852+0000][7][gc,age       ] GC(186) Age table with threshold 1 (max threshold 15)
[2020-10-24T06:06:22.852+0000][7][gc,age       ] GC(186) - age   1:     793056 bytes,     793056 total
[2020-10-24T06:06:22.853+0000][7][gc,phases    ] GC(186)   Pre Evacuate Collection Set: 0.1ms
[2020-10-24T06:06:22.853+0000][7][gc,phases    ] GC(186)   Merge Heap Roots: 0.1ms
[2020-10-24T06:06:22.853+0000][7][gc,phases    ] GC(186)   Evacuate Collection Set: 1.9ms
[2020-10-24T06:06:22.854+0000][7][gc,phases    ] GC(186)   Post Evacuate Collection Set: 0.9ms
[2020-10-24T06:06:22.854+0000][7][gc,phases    ] GC(186)   Other: 1.5ms
[2020-10-24T06:06:22.854+0000][7][gc,heap      ] GC(186) Eden regions: 45->0(49)
[2020-10-24T06:06:22.854+0000][7][gc,heap      ] GC(186) Survivor regions: 7->2(7)
[2020-10-24T06:06:22.855+0000][7][gc,heap      ] GC(186) Old regions: 113->116
[2020-10-24T06:06:22.855+0000][7][gc,heap      ] GC(186) Archive regions: 2->2
[2020-10-24T06:06:22.855+0000][7][gc,heap      ] GC(186) Humongous regions: 15->15
[2020-10-24T06:06:22.855+0000][7][gc,metaspace ] GC(186) Metaspace: 108582K(117284K)->108582K(117284K) NonClass: 94705K(99800K)->94705K(99800K) Class: 13876K(17484K)->13876K(17484K)
[2020-10-24T06:06:22.856+0000][7][gc           ] GC(186) Pause Young (Normal) (G1 Evacuation Pause) 180M->132M(256M) 7.377ms
[2020-10-24T06:06:22.856+0000][7][gc,cpu       ] GC(186) User=0.01s Sys=0.00s Real=0.00s
[2020-10-24T06:06:22.856+0000][7][safepoint    ] Safepoint "G1CollectForAllocation", Time since last: 1084100 ns, Reaching safepoint: 196300 ns, At safepoint: 7894800 ns, Total: 8091100 ns
[2020-10-24T06:06:24.293+0000][7][safepoint    ] Safepoint "Cleanup", Time since last: 1437070200 ns, Reaching safepoint: 246700 ns, At safepoint: 25200 ns, Total: 271900 ns
[2020-10-24T06:06:25.822+0000][7][safepoint    ] Safepoint "Cleanup", Time since last: 1527358000 ns, Reaching safepoint: 885800 ns, At safepoint: 50400 ns, Total: 936200 ns
[2020-10-24T06:06:26.849+0000][7][safepoint    ] Safepoint "Cleanup", Time since last: 1026578400 ns, Reaching safepoint: 830000 ns, At safepoint: 50100 ns, Total: 880100 ns
[2020-10-24T06:06:27.851+0000][7][safepoint    ] Safepoint "Cleanup", Time since last: 1001334500 ns, Reaching safepoint: 776200 ns, At safepoint: 43900 ns, Total: 820100 ns
[2020-10-24T06:06:28.853+0000][7][safepoint    ] Safepoint "Cleanup", Time since last: 1001072900 ns, Reaching safepoint: 247600 ns, At safepoint: 9200 ns, Total: 256800 ns
[2020-10-24T06:06:29.854+0000][7][safepoint    ] Safepoint "Cleanup", Time since last: 1000648600 ns, Reaching safepoint: 826500 ns, At safepoint: 97000 ns, Total: 923500 ns
[2020-10-24T06:06:30.856+0000][7][safepoint    ] Safepoint "Cleanup", Time since last: 1001294100 ns, Reaching safepoint: 840000 ns, At safepoint: 49800 ns, Total: 889800 ns
[2020-10-24T06:06:31.858+0000][7][safepoint    ] Safepoint "Cleanup", Time since last: 1001151900 ns, Reaching safepoint: 206200 ns, At safepoint: 9600 ns, Total: 215800 ns
[2020-10-24T06:06:32.859+0000][7][safepoint    ] Safepoint "Cleanup", Time since last: 1000490200 ns, Reaching safepoint: 349800 ns, At safepoint: 18800 ns, Total: 368600 ns
[2020-10-24T06:06:33.860+0000][7][safepoint    ] Safepoint "Cleanup", Time since last: 1000723700 ns, Reaching safepoint: 426300 ns, At safepoint: 62200 ns, Total: 488500 ns
[2020-10-24T06:06:34.861+0000][7][safepoint    ] Safepoint "Cleanup", Time since last: 1000792300 ns, Reaching safepoint: 263200 ns, At safepoint: 9500 ns, Total: 272700 ns
[2020-10-24T06:06:35.862+0000][7][safepoint    ] Safepoint "Cleanup", Time since last: 1000483200 ns, Reaching safepoint: 234800 ns, At safepoint: 11700 ns, Total: 246500 ns
[2020-10-24T06:06:36.863+0000][7][safepoint    ] Safepoint "Cleanup", Time since last: 1000524900 ns, Reaching safepoint: 622100 ns, At safepoint: 35600 ns, Total: 657700 ns
[2020-10-24T06:06:36.949+0000][7][safepoint    ] Safepoint "BulkRevokeBias", Time since last: 84588200 ns, Reaching safepoint: 216700 ns, At safepoint: 1577200 ns, Total: 1793900 ns
[2020-10-24T06:06:38.829+0000][7][safepoint    ] Safepoint "Cleanup", Time since last: 1879374800 ns, Reaching safepoint: 379200 ns, At safepoint: 20800 ns, Total: 400000 ns
[2020-10-24T06:06:39.830+0000][7][safepoint    ] Safepoint "Cleanup", Time since last: 1000668100 ns, Reaching safepoint: 259400 ns, At safepoint: 9900 ns, Total: 269300 ns
[2020-10-24T06:06:40.831+0000][7][safepoint    ] Safepoint "Cleanup", Time since last: 1000501500 ns, Reaching safepoint: 236700 ns, At safepoint: 9400 ns, Total: 246100 ns
[2020-10-24T06:06:41.463+0000][7][gc,start     ] GC(187) Pause Young (Concurrent Start) (G1 Evacuation Pause)
[2020-10-24T06:06:41.463+0000][7][gc,task      ] GC(187) Using 6 workers of 10 for evacuation
[2020-10-24T06:06:41.463+0000][7][gc,age       ] GC(187) Desired survivor size 3670016 bytes, new threshold 15 (max threshold 15)
[2020-10-24T06:06:41.467+0000][7][gc,age       ] GC(187) Age table with threshold 15 (max threshold 15)
[2020-10-24T06:06:41.467+0000][7][gc,age       ] GC(187) - age   1:    3122056 bytes,    3122056 total
[2020-10-24T06:06:41.468+0000][7][gc,age       ] GC(187) - age   2:     472216 bytes,    3594272 total
[2020-10-24T06:06:41.468+0000][7][gc,phases    ] GC(187)   Pre Evacuate Collection Set: 0.6ms
[2020-10-24T06:06:41.468+0000][7][gc,phases    ] GC(187)   Merge Heap Roots: 0.1ms
[2020-10-24T06:06:41.469+0000][7][gc,phases    ] GC(187)   Evacuate Collection Set: 1.7ms
[2020-10-24T06:06:41.469+0000][7][gc,phases    ] GC(187)   Post Evacuate Collection Set: 1.0ms
[2020-10-24T06:06:41.469+0000][7][gc,phases    ] GC(187)   Other: 2.0ms
[2020-10-24T06:06:41.469+0000][7][gc,heap      ] GC(187) Eden regions: 49->0(46)
[2020-10-24T06:06:41.469+0000][7][gc,heap      ] GC(187) Survivor regions: 2->4(7)
[2020-10-24T06:06:41.469+0000][7][gc,heap      ] GC(187) Old regions: 116->116
[2020-10-24T06:06:41.470+0000][7][gc,heap      ] GC(187) Archive regions: 2->2
[2020-10-24T06:06:41.470+0000][7][gc,heap      ] GC(187) Humongous regions: 15->15
[2020-10-24T06:06:41.470+0000][7][gc,metaspace ] GC(187) Metaspace: 108597K(117284K)->108597K(117284K) NonClass: 94720K(99800K)->94720K(99800K) Class: 13876K(17484K)->13876K(17484K)
[2020-10-24T06:06:41.470+0000][7][gc           ] GC(187) Pause Young (Concurrent Start) (G1 Evacuation Pause) 181M->134M(256M) 7.384ms
[2020-10-24T06:06:41.470+0000][7][gc,cpu       ] GC(187) User=0.01s Sys=0.00s Real=0.01s
[2020-10-24T06:06:41.470+0000][7][gc           ] GC(188) Concurrent Cycle
[2020-10-24T06:06:41.470+0000][7][safepoint    ] Safepoint "G1CollectForAllocation", Time since last: 631702600 ns, Reaching safepoint: 255100 ns, At safepoint: 7767000 ns, Total: 8022100 ns
[2020-10-24T06:06:41.471+0000][7][gc,marking   ] GC(188) Concurrent Clear Claimed Marks
[2020-10-24T06:06:41.471+0000][7][gc,marking   ] GC(188) Concurrent Clear Claimed Marks 0.757ms
[2020-10-24T06:06:41.471+0000][7][gc,marking   ] GC(188) Concurrent Scan Root Regions
[2020-10-24T06:06:41.472+0000][7][gc,marking   ] GC(188) Concurrent Scan Root Regions 0.808ms
[2020-10-24T06:06:41.472+0000][7][gc,marking   ] GC(188) Concurrent Mark (1358.839s)
[2020-10-24T06:06:41.472+0000][7][gc,marking   ] GC(188) Concurrent Mark From Roots
[2020-10-24T06:06:41.473+0000][7][gc,task      ] GC(188) Using 3 workers of 3 for marking
[2020-10-24T06:06:41.521+0000][7][gc,marking   ] GC(188) Concurrent Mark From Roots 48.537ms
[2020-10-24T06:06:41.521+0000][7][gc,marking   ] GC(188) Concurrent Preclean
[2020-10-24T06:06:41.522+0000][7][gc,marking   ] GC(188) Concurrent Preclean 0.699ms
[2020-10-24T06:06:41.522+0000][7][gc,marking   ] GC(188) Concurrent Mark (1358.839s, 1358.889s) 50.003ms
[2020-10-24T06:06:41.523+0000][7][gc,start     ] GC(188) Pause Remark
[2020-10-24T06:06:41.530+0000][7][gc           ] GC(188) Pause Remark 157M->157M(256M) 6.762ms
[2020-10-24T06:06:41.530+0000][7][gc,cpu       ] GC(188) User=0.03s Sys=0.00s Real=0.01s
[2020-10-24T06:06:41.530+0000][7][safepoint    ] Safepoint "G1Concurrent", Time since last: 52324800 ns, Reaching safepoint: 263500 ns, At safepoint: 7455900 ns, Total: 7719400 ns
[2020-10-24T06:06:41.531+0000][7][gc,marking   ] GC(188) Concurrent Rebuild Remembered Sets
[2020-10-24T06:06:41.567+0000][7][gc,marking   ] GC(188) Concurrent Rebuild Remembered Sets 36.164ms
[2020-10-24T06:06:41.568+0000][7][gc,start     ] GC(188) Pause Cleanup
[2020-10-24T06:06:41.568+0000][7][gc           ] GC(188) Pause Cleanup 157M->157M(256M) 0.524ms
[2020-10-24T06:06:41.568+0000][7][gc,cpu       ] GC(188) User=0.00s Sys=0.00s Real=0.00s
[2020-10-24T06:06:41.569+0000][7][safepoint    ] Safepoint "G1Concurrent", Time since last: 36966500 ns, Reaching safepoint: 262800 ns, At safepoint: 1101700 ns, Total: 1364500 ns
[2020-10-24T06:06:41.569+0000][7][gc,marking   ] GC(188) Concurrent Cleanup for Next Mark
[2020-10-24T06:06:41.570+0000][7][gc,marking   ] GC(188) Concurrent Cleanup for Next Mark 0.635ms
[2020-10-24T06:06:41.570+0000][7][gc           ] GC(188) Concurrent Cycle 99.647ms
[2020-10-24T06:06:42.570+0000][7][safepoint    ] Safepoint "Cleanup", Time since last: 1000567700 ns, Reaching safepoint: 843400 ns, At safepoint: 170000 ns, Total: 1013400 ns
[2020-10-24T06:06:43.572+0000][7][safepoint    ] Safepoint "Cleanup", Time since last: 1001223500 ns, Reaching safepoint: 344600 ns, At safepoint: 18100 ns, Total: 362700 ns
[2020-10-24T06:06:44.573+0000][7][safepoint    ] Safepoint "Cleanup", Time since last: 1000629700 ns, Reaching safepoint: 533300 ns, At safepoint: 36200 ns, Total: 569500 ns
[2020-10-24T06:06:45.574+0000][7][safepoint    ] Safepoint "Cleanup", Time since last: 1000748700 ns, Reaching safepoint: 269100 ns, At safepoint: 10100 ns, Total: 279200 ns
[2020-10-24T06:06:46.575+0000][7][safepoint    ] Safepoint "Cleanup", Time since last: 1000547900 ns, Reaching safepoint: 386300 ns, At safepoint: 21300 ns, Total: 407600 ns
[2020-10-24T06:06:47.576+0000][7][safepoint    ] Safepoint "Cleanup", Time since last: 1000640300 ns, Reaching safepoint: 222200 ns, At safepoint: 23400 ns, Total: 245600 ns
[2020-10-24T06:06:48.578+0000][7][safepoint    ] Safepoint "Cleanup", Time since last: 1000668100 ns, Reaching safepoint: 1007200 ns, At safepoint: 50400 ns, Total: 1057600 ns
[2020-10-24T06:06:49.579+0000][7][safepoint    ] Safepoint "Cleanup", Time since last: 1001125800 ns, Reaching safepoint: 229800 ns, At safepoint: 9900 ns, Total: 239700 ns
[2020-10-24T06:06:49.852+0000][7][gc,start     ] GC(189) Pause Young (Normal) (G1 Evacuation Pause)
[2020-10-24T06:06:49.852+0000][7][gc,task      ] GC(189) Using 6 workers of 10 for evacuation
[2020-10-24T06:06:49.853+0000][7][gc,age       ] GC(189) Desired survivor size 3670016 bytes, new threshold 15 (max threshold 15)
[2020-10-24T06:06:49.856+0000][7][gc,age       ] GC(189) Age table with threshold 15 (max threshold 15)
[2020-10-24T06:06:49.856+0000][7][gc,age       ] GC(189) - age   1:     656616 bytes,     656616 total
[2020-10-24T06:06:49.856+0000][7][gc,age       ] GC(189) - age   2:     526624 bytes,    1183240 total
[2020-10-24T06:06:49.857+0000][7][gc,age       ] GC(189) - age   3:     471832 bytes,    1655072 total
[2020-10-24T06:06:49.857+0000][7][gc,phases    ] GC(189)   Pre Evacuate Collection Set: 0.1ms
[2020-10-24T06:06:49.857+0000][7][gc,phases    ] GC(189)   Merge Heap Roots: 0.1ms
[2020-10-24T06:06:49.857+0000][7][gc,phases    ] GC(189)   Evacuate Collection Set: 1.5ms
[2020-10-24T06:06:49.858+0000][7][gc,phases    ] GC(189)   Post Evacuate Collection Set: 0.9ms
[2020-10-24T06:06:49.858+0000][7][gc,phases    ] GC(189)   Other: 2.1ms
[2020-10-24T06:06:49.858+0000][7][gc,heap      ] GC(189) Eden regions: 46->0(49)
[2020-10-24T06:06:49.858+0000][7][gc,heap      ] GC(189) Survivor regions: 4->2(7)
[2020-10-24T06:06:49.859+0000][7][gc,heap      ] GC(189) Old regions: 116->116
[2020-10-24T06:06:49.859+0000][7][gc,heap      ] GC(189) Archive regions: 2->2
[2020-10-24T06:06:49.859+0000][7][gc,heap      ] GC(189) Humongous regions: 15->15
[2020-10-24T06:06:49.859+0000][7][gc,metaspace ] GC(189) Metaspace: 108598K(117284K)->108598K(117284K) NonClass: 94721K(99800K)->94721K(99800K) Class: 13876K(17484K)->13876K(17484K)
[2020-10-24T06:06:49.859+0000][7][gc           ] GC(189) Pause Young (Normal) (G1 Evacuation Pause) 180M->132M(256M) 7.015ms
[2020-10-24T06:06:49.859+0000][7][gc,cpu       ] GC(189) User=0.01s Sys=0.00s Real=0.01s
[2020-10-24T06:06:49.859+0000][7][safepoint    ] Safepoint "G1CollectForAllocation", Time since last: 272739600 ns, Reaching safepoint: 265400 ns, At safepoint: 7373800 ns, Total: 7639200 ns
[2020-10-24T06:06:49.871+0000][7][safepoint    ] Safepoint "BulkRevokeBias", Time since last: 10381000 ns, Reaching safepoint: 247200 ns, At safepoint: 1258200 ns, Total: 1505400 ns
[2020-10-24T06:06:50.778+0000][7][safepoint    ] Safepoint "BulkRevokeBias", Time since last: 905574700 ns, Reaching safepoint: 221900 ns, At safepoint: 753900 ns, Total: 975800 ns
[2020-10-24T06:06:51.779+0000][7][safepoint    ] Safepoint "Cleanup", Time since last: 1000586800 ns, Reaching safepoint: 866600 ns, At safepoint: 50300 ns, Total: 916900 ns
[2020-10-24T06:06:52.782+0000][7][safepoint    ] Safepoint "Cleanup", Time since last: 1001359600 ns, Reaching safepoint: 820400 ns, At safepoint: 168300 ns, Total: 988700 ns
[2020-10-24T06:06:53.784+0000][7][safepoint    ] Safepoint "Cleanup", Time since last: 1001279100 ns, Reaching safepoint: 843700 ns, At safepoint: 52700 ns, Total: 896400 ns
[2020-10-24T06:06:54.785+0000][7][safepoint    ] Safepoint "Cleanup", Time since last: 1001125300 ns, Reaching safepoint: 214100 ns, At safepoint: 11900 ns, Total: 226000 ns
[2020-10-24T06:06:55.787+0000][7][safepoint    ] Safepoint "Cleanup", Time since last: 1000599500 ns, Reaching safepoint: 825200 ns, At safepoint: 49300 ns, Total: 874500 ns
[2020-10-24T06:06:56.788+0000][7][safepoint    ] Safepoint "Cleanup", Time since last: 1001227500 ns, Reaching safepoint: 490400 ns, At safepoint: 21100 ns, Total: 511500 ns
[2020-10-24T06:06:57.790+0000][7][safepoint    ] Safepoint "Cleanup", Time since last: 1000734800 ns, Reaching safepoint: 298600 ns, At safepoint: 13200 ns, Total: 311800 ns
[2020-10-24T06:06:58.791+0000][7][safepoint    ] Safepoint "Cleanup", Time since last: 1000519800 ns, Reaching safepoint: 586200 ns, At safepoint: 24500 ns, Total: 610700 ns
[2020-10-24T06:06:59.792+0000][7][safepoint    ] Safepoint "Cleanup", Time since last: 1000840900 ns, Reaching safepoint: 754600 ns, At safepoint: 50800 ns, Total: 805400 ns
[2020-10-24T06:07:00.794+0000][7][safepoint    ] Safepoint "Cleanup", Time since last: 1001158500 ns, Reaching safepoint: 273500 ns, At safepoint: 9500 ns, Total: 283000 ns
[2020-10-24T06:07:00.876+0000][7][gc,start     ] GC(190) Pause Young (Concurrent Start) (G1 Evacuation Pause)
[2020-10-24T06:07:00.876+0000][7][gc,task      ] GC(190) Using 6 workers of 10 for evacuation
[2020-10-24T06:07:00.876+0000][7][gc,age       ] GC(190) Desired survivor size 3670016 bytes, new threshold 15 (max threshold 15)
[2020-10-24T06:07:00.880+0000][7][gc,age       ] GC(190) Age table with threshold 15 (max threshold 15)
[2020-10-24T06:07:00.880+0000][7][gc,age       ] GC(190) - age   1:     749856 bytes,     749856 total
[2020-10-24T06:07:00.881+0000][7][gc,age       ] GC(190) - age   2:     348032 bytes,    1097888 total
[2020-10-24T06:07:00.881+0000][7][gc,age       ] GC(190) - age   3:     509904 bytes,    1607792 total
[2020-10-24T06:07:00.881+0000][7][gc,age       ] GC(190) - age   4:     463248 bytes,    2071040 total
[2020-10-24T06:07:00.881+0000][7][gc,phases    ] GC(190)   Pre Evacuate Collection Set: 0.6ms
[2020-10-24T06:07:00.882+0000][7][gc,phases    ] GC(190)   Merge Heap Roots: 0.2ms
[2020-10-24T06:07:00.882+0000][7][gc,phases    ] GC(190)   Evacuate Collection Set: 1.7ms
[2020-10-24T06:07:00.882+0000][7][gc,phases    ] GC(190)   Post Evacuate Collection Set: 0.8ms
[2020-10-24T06:07:00.882+0000][7][gc,phases    ] GC(190)   Other: 2.6ms
[2020-10-24T06:07:00.883+0000][7][gc,heap      ] GC(190) Eden regions: 49->0(49)
[2020-10-24T06:07:00.883+0000][7][gc,heap      ] GC(190) Survivor regions: 2->3(7)
[2020-10-24T06:07:00.883+0000][7][gc,heap      ] GC(190) Old regions: 116->116
[2020-10-24T06:07:00.883+0000][7][gc,heap      ] GC(190) Archive regions: 2->2
[2020-10-24T06:07:00.883+0000][7][gc,heap      ] GC(190) Humongous regions: 15->15
[2020-10-24T06:07:00.884+0000][7][gc,metaspace ] GC(190) Metaspace: 108602K(117284K)->108602K(117284K) NonClass: 94725K(99800K)->94725K(99800K) Class: 13876K(17484K)->13876K(17484K)
[2020-10-24T06:07:00.884+0000][7][gc           ] GC(190) Pause Young (Concurrent Start) (G1 Evacuation Pause) 181M->133M(256M) 8.194ms
[2020-10-24T06:07:00.884+0000][7][gc,cpu       ] GC(190) User=0.01s Sys=0.00s Real=0.01s
[2020-10-24T06:07:00.884+0000][7][gc           ] GC(191) Concurrent Cycle
[2020-10-24T06:07:00.884+0000][7][safepoint    ] Safepoint "G1CollectForAllocation", Time since last: 81784600 ns, Reaching safepoint: 208700 ns, At safepoint: 8641800 ns, Total: 8850500 ns
[2020-10-24T06:07:00.885+0000][7][gc,marking   ] GC(191) Concurrent Clear Claimed Marks
[2020-10-24T06:07:00.885+0000][7][gc,marking   ] GC(191) Concurrent Clear Claimed Marks 0.763ms
[2020-10-24T06:07:00.885+0000][7][gc,marking   ] GC(191) Concurrent Scan Root Regions
[2020-10-24T06:07:00.887+0000][7][gc,marking   ] GC(191) Concurrent Scan Root Regions 1.109ms
[2020-10-24T06:07:00.887+0000][7][gc,marking   ] GC(191) Concurrent Mark (1378.253s)
[2020-10-24T06:07:00.887+0000][7][gc,marking   ] GC(191) Concurrent Mark From Roots
[2020-10-24T06:07:00.887+0000][7][gc,task      ] GC(191) Using 3 workers of 3 for marking
[2020-10-24T06:07:00.946+0000][7][gc,marking   ] GC(191) Concurrent Mark From Roots 58.968ms
[2020-10-24T06:07:00.946+0000][7][gc,marking   ] GC(191) Concurrent Preclean
[2020-10-24T06:07:00.947+0000][7][gc,marking   ] GC(191) Concurrent Preclean 0.616ms
[2020-10-24T06:07:00.947+0000][7][gc,marking   ] GC(191) Concurrent Mark (1378.253s, 1378.313s) 60.290ms
[2020-10-24T06:07:00.947+0000][7][gc,start     ] GC(191) Pause Remark
[2020-10-24T06:07:00.955+0000][7][gc           ] GC(191) Pause Remark 137M->137M(256M) 7.444ms
[2020-10-24T06:07:00.955+0000][7][gc,cpu       ] GC(191) User=0.04s Sys=0.00s Real=0.00s
[2020-10-24T06:07:00.956+0000][7][safepoint    ] Safepoint "G1Concurrent", Time since last: 62871300 ns, Reaching safepoint: 245800 ns, At safepoint: 8121600 ns, Total: 8367400 ns
[2020-10-24T06:07:00.956+0000][7][gc,marking   ] GC(191) Concurrent Rebuild Remembered Sets
[2020-10-24T06:07:00.995+0000][7][gc,marking   ] GC(191) Concurrent Rebuild Remembered Sets 38.886ms
[2020-10-24T06:07:00.995+0000][7][gc,start     ] GC(191) Pause Cleanup
[2020-10-24T06:07:00.996+0000][7][gc           ] GC(191) Pause Cleanup 137M->137M(256M) 0.686ms
[2020-10-24T06:07:00.996+0000][7][gc,cpu       ] GC(191) User=0.01s Sys=0.00s Real=0.00s
[2020-10-24T06:07:00.997+0000][7][safepoint    ] Safepoint "G1Concurrent", Time since last: 39601400 ns, Reaching safepoint: 197500 ns, At safepoint: 1294400 ns, Total: 1491900 ns
[2020-10-24T06:07:00.997+0000][7][gc,marking   ] GC(191) Concurrent Cleanup for Next Mark
[2020-10-24T06:07:00.997+0000][7][gc,marking   ] GC(191) Concurrent Cleanup for Next Mark 0.540ms
[2020-10-24T06:07:00.998+0000][7][gc           ] GC(191) Concurrent Cycle 113.358ms
[2020-10-24T06:07:01.998+0000][7][safepoint    ] Safepoint "Cleanup", Time since last: 1000435800 ns, Reaching safepoint: 697800 ns, At safepoint: 67100 ns, Total: 764900 ns
[2020-10-24T06:07:03.000+0000][7][safepoint    ] Safepoint "Cleanup", Time since last: 1001404800 ns, Reaching safepoint: 894300 ns, At safepoint: 52700 ns, Total: 947000 ns
[2020-10-24T06:07:04.685+0000][7][safepoint    ] Safepoint "Cleanup", Time since last: 1684551100 ns, Reaching safepoint: 608700 ns, At safepoint: 37100 ns, Total: 645800 ns
[2020-10-24T06:07:05.687+0000][7][safepoint    ] Safepoint "Cleanup", Time since last: 1001039600 ns, Reaching safepoint: 353100 ns, At safepoint: 18300 ns, Total: 371400 ns
[2020-10-24T06:07:06.689+0000][7][safepoint    ] Safepoint "Cleanup", Time since last: 1000837800 ns, Reaching safepoint: 821400 ns, At safepoint: 53100 ns, Total: 874500 ns
[2020-10-24T06:07:07.691+0000][7][safepoint    ] Safepoint "Cleanup", Time since last: 1001197300 ns, Reaching safepoint: 832200 ns, At safepoint: 50500 ns, Total: 882700 ns
[2020-10-24T06:07:08.692+0000][7][safepoint    ] Safepoint "Cleanup", Time since last: 1001096000 ns, Reaching safepoint: 265400 ns, At safepoint: 10600 ns, Total: 276000 ns
[2020-10-24T06:07:09.693+0000][7][safepoint    ] Safepoint "Cleanup", Time since last: 1000495700 ns, Reaching safepoint: 235000 ns, At safepoint: 10600 ns, Total: 245600 ns
[2020-10-24T06:07:10.694+0000][7][safepoint    ] Safepoint "Cleanup", Time since last: 1000552000 ns, Reaching safepoint: 846400 ns, At safepoint: 50300 ns, Total: 896700 ns
[2020-10-24T06:07:11.696+0000][7][safepoint    ] Safepoint "Cleanup", Time since last: 1001227600 ns, Reaching safepoint: 758100 ns, At safepoint: 98000 ns, Total: 856100 ns
[2020-10-24T06:07:12.699+0000][7][safepoint    ] Safepoint "Cleanup", Time since last: 1001408300 ns, Reaching safepoint: 838800 ns, At safepoint: 50000 ns, Total: 888800 ns
[2020-10-24T06:07:13.700+0000][7][safepoint    ] Safepoint "Cleanup", Time since last: 1001195300 ns, Reaching safepoint: 249400 ns, At safepoint: 26800 ns, Total: 276200 ns
[2020-10-24T06:07:14.701+0000][7][safepoint    ] Safepoint "Cleanup", Time since last: 1000596800 ns, Reaching safepoint: 257900 ns, At safepoint: 13000 ns, Total: 270900 ns
[2020-10-24T06:07:15.770+0000][7][safepoint    ] Safepoint "Cleanup", Time since last: 1067859400 ns, Reaching safepoint: 842200 ns, At safepoint: 49500 ns, Total: 891700 ns
[2020-10-24T06:07:16.453+0000][7][safepoint    ] Safepoint "BulkRevokeBias", Time since last: 681162700 ns, Reaching safepoint: 254100 ns, At safepoint: 1504200 ns, Total: 1758300 ns
[2020-10-24T06:07:17.441+0000][7][gc,start     ] GC(192) Pause Young (Normal) (G1 Evacuation Pause)
[2020-10-24T06:07:17.441+0000][7][gc,task      ] GC(192) Using 6 workers of 10 for evacuation
[2020-10-24T06:07:17.441+0000][7][gc,age       ] GC(192) Desired survivor size 3670016 bytes, new threshold 15 (max threshold 15)
[2020-10-24T06:07:17.444+0000][7][gc,age       ] GC(192) Age table with threshold 15 (max threshold 15)
[2020-10-24T06:07:17.445+0000][7][gc,age       ] GC(192) - age   1:     412880 bytes,     412880 total
[2020-10-24T06:07:17.445+0000][7][gc,age       ] GC(192) - age   2:     620672 bytes,    1033552 total
[2020-10-24T06:07:17.445+0000][7][gc,age       ] GC(192) - age   3:     331472 bytes,    1365024 total
[2020-10-24T06:07:17.445+0000][7][gc,age       ] GC(192) - age   4:     485048 bytes,    1850072 total
[2020-10-24T06:07:17.446+0000][7][gc,age       ] GC(192) - age   5:     462992 bytes,    2313064 total
[2020-10-24T06:07:17.446+0000][7][gc,phases    ] GC(192)   Pre Evacuate Collection Set: 0.1ms
[2020-10-24T06:07:17.446+0000][7][gc,phases    ] GC(192)   Merge Heap Roots: 0.2ms
[2020-10-24T06:07:17.446+0000][7][gc,phases    ] GC(192)   Evacuate Collection Set: 1.6ms
[2020-10-24T06:07:17.446+0000][7][gc,phases    ] GC(192)   Post Evacuate Collection Set: 0.8ms
[2020-10-24T06:07:17.446+0000][7][gc,phases    ] GC(192)   Other: 2.6ms
[2020-10-24T06:07:17.447+0000][7][gc,heap      ] GC(192) Eden regions: 49->0(50)
[2020-10-24T06:07:17.447+0000][7][gc,heap      ] GC(192) Survivor regions: 3->3(7)
[2020-10-24T06:07:17.447+0000][7][gc,heap      ] GC(192) Old regions: 116->116
[2020-10-24T06:07:17.447+0000][7][gc,heap      ] GC(192) Archive regions: 2->2
[2020-10-24T06:07:17.447+0000][7][gc,heap      ] GC(192) Humongous regions: 15->15
[2020-10-24T06:07:17.447+0000][7][gc,metaspace ] GC(192) Metaspace: 108643K(117284K)->108643K(117284K) NonClass: 94766K(99800K)->94766K(99800K) Class: 13876K(17484K)->13876K(17484K)
[2020-10-24T06:07:17.447+0000][7][gc           ] GC(192) Pause Young (Normal) (G1 Evacuation Pause) 182M->133M(256M) 6.532ms
[2020-10-24T06:07:17.447+0000][7][gc,cpu       ] GC(192) User=0.01s Sys=0.00s Real=0.00s
[2020-10-24T06:07:17.447+0000][7][safepoint    ] Safepoint "G1CollectForAllocation", Time since last: 987667900 ns, Reaching safepoint: 362700 ns, At safepoint: 6863200 ns, Total: 7225900 ns
[2020-10-24T06:07:18.449+0000][7][safepoint    ] Safepoint "Cleanup", Time since last: 1000399700 ns, Reaching safepoint: 739500 ns, At safepoint: 44100 ns, Total: 783600 ns
[2020-10-24T06:07:19.860+0000][7][safepoint    ] Safepoint "Cleanup", Time since last: 1411383400 ns, Reaching safepoint: 412900 ns, At safepoint: 25200 ns, Total: 438100 ns
[2020-10-24T06:07:20.864+0000][7][safepoint    ] Safepoint "Cleanup", Time since last: 1002997700 ns, Reaching safepoint: 303700 ns, At safepoint: 25400 ns, Total: 329100 ns
[2020-10-24T06:07:21.865+0000][7][safepoint    ] Safepoint "Cleanup", Time since last: 1000529500 ns, Reaching safepoint: 820500 ns, At safepoint: 48900 ns, Total: 869400 ns
[2020-10-24T06:07:22.593+0000][7][gc,start     ] GC(193) Pause Young (Concurrent Start) (G1 Evacuation Pause)
[2020-10-24T06:07:22.594+0000][7][gc,task      ] GC(193) Using 6 workers of 10 for evacuation
[2020-10-24T06:07:22.594+0000][7][gc,age       ] GC(193) Desired survivor size 3670016 bytes, new threshold 15 (max threshold 15)
[2020-10-24T06:07:22.598+0000][7][gc,age       ] GC(193) Age table with threshold 15 (max threshold 15)
[2020-10-24T06:07:22.598+0000][7][gc,age       ] GC(193) - age   1:    4508520 bytes,    4508520 total
[2020-10-24T06:07:22.599+0000][7][gc,age       ] GC(193) - age   2:     371680 bytes,    4880200 total
[2020-10-24T06:07:22.599+0000][7][gc,age       ] GC(193) - age   3:     611752 bytes,    5491952 total
[2020-10-24T06:07:22.599+0000][7][gc,age       ] GC(193) - age   4:     328600 bytes,    5820552 total
[2020-10-24T06:07:22.599+0000][7][gc,age       ] GC(193) - age   5:     483528 bytes,    6304080 total
[2020-10-24T06:07:22.600+0000][7][gc,age       ] GC(193) - age   6:     462152 bytes,    6766232 total
[2020-10-24T06:07:22.600+0000][7][gc,phases    ] GC(193)   Pre Evacuate Collection Set: 0.6ms
[2020-10-24T06:07:22.600+0000][7][gc,phases    ] GC(193)   Merge Heap Roots: 0.1ms
[2020-10-24T06:07:22.600+0000][7][gc,phases    ] GC(193)   Evacuate Collection Set: 2.0ms
[2020-10-24T06:07:22.601+0000][7][gc,phases    ] GC(193)   Post Evacuate Collection Set: 0.9ms
[2020-10-24T06:07:22.601+0000][7][gc,phases    ] GC(193)   Other: 2.9ms
[2020-10-24T06:07:22.601+0000][7][gc,heap      ] GC(193) Eden regions: 50->0(44)
[2020-10-24T06:07:22.601+0000][7][gc,heap      ] GC(193) Survivor regions: 3->7(7)
[2020-10-24T06:07:22.601+0000][7][gc,heap      ] GC(193) Old regions: 116->116
[2020-10-24T06:07:22.601+0000][7][gc,heap      ] GC(193) Archive regions: 2->2
[2020-10-24T06:07:22.602+0000][7][gc,heap      ] GC(193) Humongous regions: 15->15
[2020-10-24T06:07:22.602+0000][7][gc,metaspace ] GC(193) Metaspace: 108708K(117540K)->108708K(117540K) NonClass: 94831K(100056K)->94831K(100056K) Class: 13876K(17484K)->13876K(17484K)
[2020-10-24T06:07:22.602+0000][7][gc           ] GC(193) Pause Young (Concurrent Start) (G1 Evacuation Pause) 183M->137M(256M) 8.537ms
[2020-10-24T06:07:22.602+0000][7][gc,cpu       ] GC(193) User=0.02s Sys=0.00s Real=0.01s
[2020-10-24T06:07:22.602+0000][7][gc           ] GC(194) Concurrent Cycle
[2020-10-24T06:07:22.602+0000][7][safepoint    ] Safepoint "G1CollectForAllocation", Time since last: 727942200 ns, Reaching safepoint: 273200 ns, At safepoint: 8905200 ns, Total: 9178400 ns
[2020-10-24T06:07:22.602+0000][7][gc,marking   ] GC(194) Concurrent Clear Claimed Marks
[2020-10-24T06:07:22.603+0000][7][gc,marking   ] GC(194) Concurrent Clear Claimed Marks 0.850ms
[2020-10-24T06:07:22.603+0000][7][gc,marking   ] GC(194) Concurrent Scan Root Regions
[2020-10-24T06:07:22.604+0000][7][gc,marking   ] GC(194) Concurrent Scan Root Regions 0.984ms
[2020-10-24T06:07:22.605+0000][7][gc,marking   ] GC(194) Concurrent Mark (1399.971s)
[2020-10-24T06:07:22.605+0000][7][gc,marking   ] GC(194) Concurrent Mark From Roots
[2020-10-24T06:07:22.605+0000][7][gc,task      ] GC(194) Using 3 workers of 3 for marking
[2020-10-24T06:07:22.639+0000][7][gc,start     ] GC(195) Pause Young (Normal) (G1 Evacuation Pause)
[2020-10-24T06:07:22.639+0000][7][gc,task      ] GC(195) Using 6 workers of 10 for evacuation
[2020-10-24T06:07:22.640+0000][7][gc,age       ] GC(195) Desired survivor size 3670016 bytes, new threshold 1 (max threshold 15)
[2020-10-24T06:07:22.643+0000][7][gc,age       ] GC(195) Age table with threshold 1 (max threshold 15)
[2020-10-24T06:07:22.643+0000][7][gc,age       ] GC(195) - age   1:    1036776 bytes,    1036776 total
[2020-10-24T06:07:22.644+0000][7][gc,phases    ] GC(195)   Pre Evacuate Collection Set: 0.1ms
[2020-10-24T06:07:22.644+0000][7][gc,phases    ] GC(195)   Merge Heap Roots: 0.1ms
[2020-10-24T06:07:22.644+0000][7][gc,phases    ] GC(195)   Evacuate Collection Set: 2.0ms
[2020-10-24T06:07:22.645+0000][7][gc,phases    ] GC(195)   Post Evacuate Collection Set: 0.8ms
[2020-10-24T06:07:22.645+0000][7][gc,phases    ] GC(195)   Other: 1.7ms
[2020-10-24T06:07:22.645+0000][7][gc,heap      ] GC(195) Eden regions: 44->0(47)
[2020-10-24T06:07:22.645+0000][7][gc,heap      ] GC(195) Survivor regions: 7->2(7)
[2020-10-24T06:07:22.646+0000][7][gc,heap      ] GC(195) Old regions: 116->119
[2020-10-24T06:07:22.646+0000][7][gc,heap      ] GC(195) Archive regions: 2->2
[2020-10-24T06:07:22.646+0000][7][gc,heap      ] GC(195) Humongous regions: 15->15
[2020-10-24T06:07:22.646+0000][7][gc,metaspace ] GC(195) Metaspace: 108721K(117540K)->108721K(117540K) NonClass: 94845K(100056K)->94845K(100056K) Class: 13876K(17484K)->13876K(17484K)
[2020-10-24T06:07:22.647+0000][7][gc           ] GC(195) Pause Young (Normal) (G1 Evacuation Pause) 181M->135M(256M) 7.655ms
[2020-10-24T06:07:22.647+0000][7][gc,cpu       ] GC(195) User=0.01s Sys=0.00s Real=0.00s
[2020-10-24T06:07:22.647+0000][7][safepoint    ] Safepoint "G1CollectForAllocation", Time since last: 36230300 ns, Reaching safepoint: 348100 ns, At safepoint: 8176600 ns, Total: 8524700 ns
[2020-10-24T06:07:22.664+0000][7][gc,marking   ] GC(194) Concurrent Mark From Roots 59.183ms
[2020-10-24T06:07:22.664+0000][7][gc,marking   ] GC(194) Concurrent Preclean
[2020-10-24T06:07:22.665+0000][7][gc,marking   ] GC(194) Concurrent Preclean 0.626ms
[2020-10-24T06:07:22.665+0000][7][gc,marking   ] GC(194) Concurrent Mark (1399.971s, 1400.032s) 60.605ms
[2020-10-24T06:07:22.666+0000][7][gc,start     ] GC(194) Pause Remark
[2020-10-24T06:07:22.673+0000][7][gc           ] GC(194) Pause Remark 141M->141M(256M) 6.678ms
[2020-10-24T06:07:22.673+0000][7][gc,cpu       ] GC(194) User=0.02s Sys=0.01s Real=0.01s
[2020-10-24T06:07:22.673+0000][7][safepoint    ] Safepoint "G1Concurrent", Time since last: 18471600 ns, Reaching safepoint: 260200 ns, At safepoint: 7394300 ns, Total: 7654500 ns
[2020-10-24T06:07:22.674+0000][7][gc,marking   ] GC(194) Concurrent Rebuild Remembered Sets
[2020-10-24T06:07:22.713+0000][7][gc,marking   ] GC(194) Concurrent Rebuild Remembered Sets 39.727ms
[2020-10-24T06:07:22.714+0000][7][gc,start     ] GC(194) Pause Cleanup
[2020-10-24T06:07:22.715+0000][7][gc           ] GC(194) Pause Cleanup 141M->141M(256M) 0.546ms
[2020-10-24T06:07:22.715+0000][7][gc,cpu       ] GC(194) User=0.00s Sys=0.00s Real=0.00s
[2020-10-24T06:07:22.715+0000][7][safepoint    ] Safepoint "G1Concurrent", Time since last: 40567000 ns, Reaching safepoint: 214900 ns, At safepoint: 1165900 ns, Total: 1380800 ns
[2020-10-24T06:07:22.716+0000][7][gc,marking   ] GC(194) Concurrent Cleanup for Next Mark
[2020-10-24T06:07:22.716+0000][7][gc,marking   ] GC(194) Concurrent Cleanup for Next Mark 0.646ms
[2020-10-24T06:07:22.716+0000][7][gc           ] GC(194) Concurrent Cycle 114.146ms
[2020-10-24T06:07:24.266+0000][7][safepoint    ] Safepoint "Cleanup", Time since last: 1550752000 ns, Reaching safepoint: 273300 ns, At safepoint: 23700 ns, Total: 297000 ns
[2020-10-24T06:07:25.267+0000][7][safepoint    ] Safepoint "Cleanup", Time since last: 1000579300 ns, Reaching safepoint: 269500 ns, At safepoint: 9600 ns, Total: 279100 ns
[2020-10-24T06:07:26.269+0000][7][safepoint    ] Safepoint "Cleanup", Time since last: 1000658000 ns, Reaching safepoint: 865700 ns, At safepoint: 48600 ns, Total: 914300 ns
[2020-10-24T06:07:27.270+0000][7][safepoint    ] Safepoint "Cleanup", Time since last: 1001227400 ns, Reaching safepoint: 489100 ns, At safepoint: 24900 ns, Total: 514000 ns
[2020-10-24T06:07:28.272+0000][7][safepoint    ] Safepoint "Cleanup", Time since last: 1000850100 ns, Reaching safepoint: 373800 ns, At safepoint: 21500 ns, Total: 395300 ns
[2020-10-24T06:07:29.273+0000][7][safepoint    ] Safepoint "Cleanup", Time since last: 1000676700 ns, Reaching safepoint: 225200 ns, At safepoint: 11400 ns, Total: 236600 ns
[2020-10-24T06:07:30.274+0000][7][safepoint    ] Safepoint "Cleanup", Time since last: 1000679800 ns, Reaching safepoint: 805500 ns, At safepoint: 50500 ns, Total: 856000 ns
[2020-10-24T06:07:31.276+0000][7][safepoint    ] Safepoint "Cleanup", Time since last: 1001231800 ns, Reaching safepoint: 548800 ns, At safepoint: 30300 ns, Total: 579100 ns
[2020-10-24T06:07:32.278+0000][7][safepoint    ] Safepoint "Cleanup", Time since last: 1000925600 ns, Reaching safepoint: 866100 ns, At safepoint: 49400 ns, Total: 915500 ns
[2020-10-24T06:07:33.279+0000][7][safepoint    ] Safepoint "Cleanup", Time since last: 1001281800 ns, Reaching safepoint: 262100 ns, At safepoint: 10900 ns, Total: 273000 ns
[2020-10-24T06:07:34.280+0000][7][safepoint    ] Safepoint "Cleanup", Time since last: 1000455200 ns, Reaching safepoint: 217300 ns, At safepoint: 10400 ns, Total: 227700 ns
[2020-10-24T06:07:34.863+0000][7][gc,start     ] GC(196) Pause Young (Normal) (G1 Evacuation Pause)
[2020-10-24T06:07:34.864+0000][7][gc,task      ] GC(196) Using 6 workers of 10 for evacuation
[2020-10-24T06:07:34.864+0000][7][gc,age       ] GC(196) Desired survivor size 3670016 bytes, new threshold 15 (max threshold 15)
[2020-10-24T06:07:34.867+0000][7][gc,age       ] GC(196) Age table with threshold 15 (max threshold 15)
[2020-10-24T06:07:34.867+0000][7][gc,age       ] GC(196) - age   1:     464504 bytes,     464504 total
[2020-10-24T06:07:34.868+0000][7][gc,age       ] GC(196) - age   2:      53584 bytes,     518088 total
[2020-10-24T06:07:34.868+0000][7][gc,phases    ] GC(196)   Pre Evacuate Collection Set: 0.1ms
[2020-10-24T06:07:34.868+0000][7][gc,phases    ] GC(196)   Merge Heap Roots: 0.1ms
[2020-10-24T06:07:34.868+0000][7][gc,phases    ] GC(196)   Evacuate Collection Set: 1.2ms
[2020-10-24T06:07:34.869+0000][7][gc,phases    ] GC(196)   Post Evacuate Collection Set: 0.9ms
[2020-10-24T06:07:34.869+0000][7][gc,phases    ] GC(196)   Other: 2.1ms
[2020-10-24T06:07:34.869+0000][7][gc,heap      ] GC(196) Eden regions: 47->0(49)
[2020-10-24T06:07:34.869+0000][7][gc,heap      ] GC(196) Survivor regions: 2->1(7)
[2020-10-24T06:07:34.869+0000][7][gc,heap      ] GC(196) Old regions: 119->119
[2020-10-24T06:07:34.869+0000][7][gc,heap      ] GC(196) Archive regions: 2->2
[2020-10-24T06:07:34.869+0000][7][gc,heap      ] GC(196) Humongous regions: 15->15
[2020-10-24T06:07:34.870+0000][7][gc,metaspace ] GC(196) Metaspace: 108734K(117540K)->108734K(117540K) NonClass: 94857K(100056K)->94857K(100056K) Class: 13876K(17484K)->13876K(17484K)
[2020-10-24T06:07:34.870+0000][7][gc           ] GC(196) Pause Young (Normal) (G1 Evacuation Pause) 182M->134M(256M) 6.294ms
[2020-10-24T06:07:34.870+0000][7][gc,cpu       ] GC(196) User=0.01s Sys=0.00s Real=0.01s
[2020-10-24T06:07:34.870+0000][7][safepoint    ] Safepoint "G1CollectForAllocation", Time since last: 583191100 ns, Reaching safepoint: 254200 ns, At safepoint: 6610500 ns, Total: 6864700 ns
[2020-10-24T06:07:35.871+0000][7][safepoint    ] Safepoint "Cleanup", Time since last: 1000261200 ns, Reaching safepoint: 270000 ns, At safepoint: 9900 ns, Total: 279900 ns
[2020-10-24T06:07:37.141+0000][7][safepoint    ] Safepoint "Cleanup", Time since last: 1269206200 ns, Reaching safepoint: 880200 ns, At safepoint: 49100 ns, Total: 929300 ns
[2020-10-24T06:07:38.142+0000][7][safepoint    ] Safepoint "Cleanup", Time since last: 1001204600 ns, Reaching safepoint: 256000 ns, At safepoint: 10400 ns, Total: 266400 ns
[2020-10-24T06:07:39.143+0000][7][safepoint    ] Safepoint "Cleanup", Time since last: 1000473400 ns, Reaching safepoint: 544900 ns, At safepoint: 30200 ns, Total: 575100 ns
[2020-10-24T06:07:40.145+0000][7][safepoint    ] Safepoint "Cleanup", Time since last: 1000947400 ns, Reaching safepoint: 902200 ns, At safepoint: 74700 ns, Total: 976900 ns
[2020-10-24T06:07:41.147+0000][7][safepoint    ] Safepoint "Cleanup", Time since last: 1001276400 ns, Reaching safepoint: 830100 ns, At safepoint: 50300 ns, Total: 880400 ns
[2020-10-24T06:07:42.149+0000][7][safepoint    ] Safepoint "Cleanup", Time since last: 1001331300 ns, Reaching safepoint: 448300 ns, At safepoint: 24900 ns, Total: 473200 ns
[2020-10-24T06:07:43.150+0000][7][safepoint    ] Safepoint "Cleanup", Time since last: 1000832000 ns, Reaching safepoint: 280600 ns, At safepoint: 9700 ns, Total: 290300 ns
[2020-10-24T06:07:44.151+0000][7][safepoint    ] Safepoint "Cleanup", Time since last: 1000467200 ns, Reaching safepoint: 384900 ns, At safepoint: 21400 ns, Total: 406300 ns
[2020-10-24T06:07:45.152+0000][7][safepoint    ] Safepoint "Cleanup", Time since last: 1000755000 ns, Reaching safepoint: 382600 ns, At safepoint: 21500 ns, Total: 404100 ns
[2020-10-24T06:07:46.154+0000][7][safepoint    ] Safepoint "Cleanup", Time since last: 1000943600 ns, Reaching safepoint: 808300 ns, At safepoint: 50000 ns, Total: 858300 ns
[2020-10-24T06:07:47.156+0000][7][safepoint    ] Safepoint "Cleanup", Time since last: 1001323700 ns, Reaching safepoint: 385300 ns, At safepoint: 20900 ns, Total: 406200 ns
[2020-10-24T06:07:48.158+0000][7][safepoint    ] Safepoint "Cleanup", Time since last: 1000850300 ns, Reaching safepoint: 982300 ns, At safepoint: 50600 ns, Total: 1032900 ns
[2020-10-24T06:07:49.159+0000][7][safepoint    ] Safepoint "Cleanup", Time since last: 1001281700 ns, Reaching safepoint: 487800 ns, At safepoint: 26700 ns, Total: 514500 ns
[2020-10-24T06:07:50.161+0000][7][safepoint    ] Safepoint "Cleanup", Time since last: 1000899600 ns, Reaching safepoint: 630900 ns, At safepoint: 36100 ns, Total: 667000 ns
[2020-10-24T06:07:51.882+0000][7][safepoint    ] Safepoint "Cleanup", Time since last: 1720223600 ns, Reaching safepoint: 310000 ns, At safepoint: 11800 ns, Total: 321800 ns
[2020-10-24T06:07:52.882+0000][7][safepoint    ] Safepoint "Cleanup", Time since last: 1000464900 ns, Reaching safepoint: 256300 ns, At safepoint: 13500 ns, Total: 269800 ns
[2020-10-24T06:07:52.905+0000][7][gc,start     ] GC(197) Pause Young (Concurrent Start) (G1 Evacuation Pause)
[2020-10-24T06:07:52.905+0000][7][gc,task      ] GC(197) Using 6 workers of 10 for evacuation
[2020-10-24T06:07:52.905+0000][7][gc,age       ] GC(197) Desired survivor size 3670016 bytes, new threshold 15 (max threshold 15)
[2020-10-24T06:07:52.909+0000][7][gc,age       ] GC(197) Age table with threshold 15 (max threshold 15)
[2020-10-24T06:07:52.910+0000][7][gc,age       ] GC(197) - age   1:    1244200 bytes,    1244200 total
[2020-10-24T06:07:52.910+0000][7][gc,age       ] GC(197) - age   2:     238112 bytes,    1482312 total
[2020-10-24T06:07:52.910+0000][7][gc,age       ] GC(197) - age   3:      53256 bytes,    1535568 total
[2020-10-24T06:07:52.911+0000][7][gc,phases    ] GC(197)   Pre Evacuate Collection Set: 0.6ms
[2020-10-24T06:07:52.911+0000][7][gc,phases    ] GC(197)   Merge Heap Roots: 0.2ms
[2020-10-24T06:07:52.911+0000][7][gc,phases    ] GC(197)   Evacuate Collection Set: 1.7ms
[2020-10-24T06:07:52.911+0000][7][gc,phases    ] GC(197)   Post Evacuate Collection Set: 0.9ms
[2020-10-24T06:07:52.912+0000][7][gc,phases    ] GC(197)   Other: 2.3ms
[2020-10-24T06:07:52.912+0000][7][gc,heap      ] GC(197) Eden regions: 49->0(48)
[2020-10-24T06:07:52.912+0000][7][gc,heap      ] GC(197) Survivor regions: 1->2(7)
[2020-10-24T06:07:52.912+0000][7][gc,heap      ] GC(197) Old regions: 119->119
[2020-10-24T06:07:52.912+0000][7][gc,heap      ] GC(197) Archive regions: 2->2
[2020-10-24T06:07:52.913+0000][7][gc,heap      ] GC(197) Humongous regions: 15->15
[2020-10-24T06:07:52.913+0000][7][gc,metaspace ] GC(197) Metaspace: 108743K(117540K)->108743K(117540K) NonClass: 94866K(100056K)->94866K(100056K) Class: 13876K(17484K)->13876K(17484K)
[2020-10-24T06:07:52.913+0000][7][gc           ] GC(197) Pause Young (Concurrent Start) (G1 Evacuation Pause) 183M->135M(256M) 8.249ms
[2020-10-24T06:07:52.913+0000][7][gc,cpu       ] GC(197) User=0.01s Sys=0.00s Real=0.01s
[2020-10-24T06:07:52.914+0000][7][gc           ] GC(198) Concurrent Cycle
[2020-10-24T06:07:52.914+0000][7][gc,marking   ] GC(198) Concurrent Clear Claimed Marks
[2020-10-24T06:07:52.914+0000][7][safepoint    ] Safepoint "G1CollectForAllocation", Time since last: 22135000 ns, Reaching safepoint: 318000 ns, At safepoint: 8877700 ns, Total: 9195700 ns
[2020-10-24T06:07:52.915+0000][7][gc,marking   ] GC(198) Concurrent Clear Claimed Marks 0.787ms
[2020-10-24T06:07:52.915+0000][7][gc,marking   ] GC(198) Concurrent Scan Root Regions
[2020-10-24T06:07:52.916+0000][7][gc,marking   ] GC(198) Concurrent Scan Root Regions 1.277ms
[2020-10-24T06:07:52.916+0000][7][gc,marking   ] GC(198) Concurrent Mark (1430.283s)
[2020-10-24T06:07:52.917+0000][7][gc,marking   ] GC(198) Concurrent Mark From Roots
[2020-10-24T06:07:52.917+0000][7][gc,task      ] GC(198) Using 3 workers of 3 for marking
[2020-10-24T06:07:52.970+0000][7][gc,marking   ] GC(198) Concurrent Mark From Roots 53.835ms
[2020-10-24T06:07:52.971+0000][7][gc,marking   ] GC(198) Concurrent Preclean
[2020-10-24T06:07:52.971+0000][7][gc,marking   ] GC(198) Concurrent Preclean 0.716ms
[2020-10-24T06:07:52.972+0000][7][gc,marking   ] GC(198) Concurrent Mark (1430.283s, 1430.338s) 55.450ms
[2020-10-24T06:07:52.972+0000][7][gc,start     ] GC(198) Pause Remark
[2020-10-24T06:07:52.979+0000][7][gc           ] GC(198) Pause Remark 144M->144M(256M) 6.805ms
[2020-10-24T06:07:52.980+0000][7][gc,cpu       ] GC(198) User=0.04s Sys=0.00s Real=0.01s
[2020-10-24T06:07:52.980+0000][7][safepoint    ] Safepoint "G1Concurrent", Time since last: 58481300 ns, Reaching safepoint: 240200 ns, At safepoint: 7484600 ns, Total: 7724800 ns
[2020-10-24T06:07:52.980+0000][7][gc,marking   ] GC(198) Concurrent Rebuild Remembered Sets
[2020-10-24T06:07:53.018+0000][7][gc,marking   ] GC(198) Concurrent Rebuild Remembered Sets 38.140ms
[2020-10-24T06:07:53.019+0000][7][gc,start     ] GC(198) Pause Cleanup
[2020-10-24T06:07:53.020+0000][7][gc           ] GC(198) Pause Cleanup 144M->144M(256M) 0.565ms
[2020-10-24T06:07:53.020+0000][7][gc,cpu       ] GC(198) User=0.01s Sys=0.00s Real=0.00s
[2020-10-24T06:07:53.020+0000][7][safepoint    ] Safepoint "G1Concurrent", Time since last: 38950500 ns, Reaching safepoint: 306200 ns, At safepoint: 1174900 ns, Total: 1481100 ns
[2020-10-24T06:07:53.021+0000][7][gc,marking   ] GC(198) Concurrent Cleanup for Next Mark
[2020-10-24T06:07:53.021+0000][7][gc,marking   ] GC(198) Concurrent Cleanup for Next Mark 0.649ms
[2020-10-24T06:07:53.022+0000][7][gc           ] GC(198) Concurrent Cycle 107.950ms
[2020-10-24T06:07:54.944+0000][7][safepoint    ] Safepoint "BulkRevokeBias", Time since last: 1920041100 ns, Reaching safepoint: 862100 ns, At safepoint: 2825400 ns, Total: 3687500 ns
[2020-10-24T06:07:54.957+0000][7][gc,start     ] GC(199) Pause Young (Normal) (G1 Evacuation Pause)
[2020-10-24T06:07:54.958+0000][7][gc,task      ] GC(199) Using 6 workers of 10 for evacuation
[2020-10-24T06:07:54.959+0000][7][gc,age       ] GC(199) Desired survivor size 3670016 bytes, new threshold 15 (max threshold 15)
[2020-10-24T06:07:54.967+0000][7][gc,age       ] GC(199) Age table with threshold 15 (max threshold 15)
[2020-10-24T06:07:54.967+0000][7][gc,age       ] GC(199) - age   1:     852144 bytes,     852144 total
[2020-10-24T06:07:54.968+0000][7][gc,age       ] GC(199) - age   2:     228104 bytes,    1080248 total
[2020-10-24T06:07:54.968+0000][7][gc,age       ] GC(199) - age   3:     213560 bytes,    1293808 total
[2020-10-24T06:07:54.969+0000][7][gc,age       ] GC(199) - age   4:      42736 bytes,    1336544 total
[2020-10-24T06:07:54.970+0000][7][gc,phases    ] GC(199)   Pre Evacuate Collection Set: 0.4ms
[2020-10-24T06:07:54.970+0000][7][gc,phases    ] GC(199)   Merge Heap Roots: 0.4ms
[2020-10-24T06:07:54.970+0000][7][gc,phases    ] GC(199)   Evacuate Collection Set: 4.0ms
[2020-10-24T06:07:54.971+0000][7][gc,phases    ] GC(199)   Post Evacuate Collection Set: 2.0ms
[2020-10-24T06:07:54.971+0000][7][gc,phases    ] GC(199)   Other: 5.6ms
[2020-10-24T06:07:54.972+0000][7][gc,heap      ] GC(199) Eden regions: 48->0(49)
[2020-10-24T06:07:54.972+0000][7][gc,heap      ] GC(199) Survivor regions: 2->2(7)
[2020-10-24T06:07:54.972+0000][7][gc,heap      ] GC(199) Old regions: 119->119
[2020-10-24T06:07:54.972+0000][7][gc,heap      ] GC(199) Archive regions: 2->2
[2020-10-24T06:07:54.973+0000][7][gc,heap      ] GC(199) Humongous regions: 15->15
[2020-10-24T06:07:54.973+0000][7][gc,metaspace ] GC(199) Metaspace: 108758K(117540K)->108758K(117540K) NonClass: 94880K(100056K)->94880K(100056K) Class: 13877K(17484K)->13877K(17484K)
[2020-10-24T06:07:54.973+0000][7][gc           ] GC(199) Pause Young (Normal) (G1 Evacuation Pause) 183M->135M(256M) 15.749ms
[2020-10-24T06:07:54.973+0000][7][gc,cpu       ] GC(199) User=0.03s Sys=0.00s Real=0.02s
[2020-10-24T06:07:54.974+0000][7][safepoint    ] Safepoint "G1CollectForAllocation", Time since last: 12346900 ns, Reaching safepoint: 782600 ns, At safepoint: 16441000 ns, Total: 17223600 ns
[2020-10-24T06:07:55.975+0000][7][safepoint    ] Safepoint "Cleanup", Time since last: 1000481800 ns, Reaching safepoint: 886300 ns, At safepoint: 50000 ns, Total: 936300 ns
[2020-10-24T06:07:56.977+0000][7][safepoint    ] Safepoint "Cleanup", Time since last: 1001527200 ns, Reaching safepoint: 234600 ns, At safepoint: 12900 ns, Total: 247500 ns
[2020-10-24T06:07:57.978+0000][7][safepoint    ] Safepoint "Cleanup", Time since last: 1000565300 ns, Reaching safepoint: 272900 ns, At safepoint: 13600 ns, Total: 286500 ns
[2020-10-24T06:07:58.987+0000][7][safepoint    ] Safepoint "Cleanup", Time since last: 1008309200 ns, Reaching safepoint: 775000 ns, At safepoint: 49400 ns, Total: 824400 ns
[2020-10-24T06:07:59.989+0000][7][safepoint    ] Safepoint "Cleanup", Time since last: 1001378400 ns, Reaching safepoint: 679600 ns, At safepoint: 46000 ns, Total: 725600 ns
[2020-10-24T06:08:00.275+0000][7][safepoint    ] Safepoint "BulkRevokeBias", Time since last: 284776200 ns, Reaching safepoint: 215500 ns, At safepoint: 793600 ns, Total: 1009100 ns
[2020-10-24T06:08:02.022+0000][7][safepoint    ] Safepoint "Cleanup", Time since last: 1746648300 ns, Reaching safepoint: 268900 ns, At safepoint: 9600 ns, Total: 278500 ns
[2020-10-24T06:08:03.022+0000][7][safepoint    ] Safepoint "Cleanup", Time since last: 1000509700 ns, Reaching safepoint: 210800 ns, At safepoint: 11000 ns, Total: 221800 ns
[2020-10-24T06:08:04.023+0000][7][safepoint    ] Safepoint "Cleanup", Time since last: 1000564900 ns, Reaching safepoint: 336800 ns, At safepoint: 17800 ns, Total: 354600 ns
[2020-10-24T06:08:06.012+0000][7][safepoint    ] Safepoint "Cleanup", Time since last: 1988619000 ns, Reaching safepoint: 312900 ns, At safepoint: 11800 ns, Total: 324700 ns
[2020-10-24T06:08:07.014+0000][7][safepoint    ] Safepoint "Cleanup", Time since last: 1000804000 ns, Reaching safepoint: 913000 ns, At safepoint: 53200 ns, Total: 966200 ns
[2020-10-24T06:08:08.016+0000][7][safepoint    ] Safepoint "Cleanup", Time since last: 1001492600 ns, Reaching safepoint: 819000 ns, At safepoint: 36600 ns, Total: 855600 ns
[2020-10-24T06:08:09.018+0000][7][safepoint    ] Safepoint "Cleanup", Time since last: 1001214000 ns, Reaching safepoint: 207800 ns, At safepoint: 11500 ns, Total: 219300 ns
[2020-10-24T06:08:10.019+0000][7][safepoint    ] Safepoint "Cleanup", Time since last: 1000489700 ns, Reaching safepoint: 327800 ns, At safepoint: 10600 ns, Total: 338400 ns
[2020-10-24T06:08:11.020+0000][7][safepoint    ] Safepoint "Cleanup", Time since last: 1000560200 ns, Reaching safepoint: 816700 ns, At safepoint: 49600 ns, Total: 866300 ns
[2020-10-24T06:08:12.021+0000][7][safepoint    ] Safepoint "Cleanup", Time since last: 1001204700 ns, Reaching safepoint: 274300 ns, At safepoint: 15100 ns, Total: 289400 ns
[2020-10-24T06:08:13.022+0000][7][safepoint    ] Safepoint "Cleanup", Time since last: 1000536400 ns, Reaching safepoint: 245300 ns, At safepoint: 10600 ns, Total: 255900 ns
[2020-10-24T06:08:14.024+0000][7][safepoint    ] Safepoint "Cleanup", Time since last: 1000558400 ns, Reaching safepoint: 716000 ns, At safepoint: 42800 ns, Total: 758800 ns
[2020-10-24T06:08:15.025+0000][7][safepoint    ] Safepoint "Cleanup", Time since last: 1001078500 ns, Reaching safepoint: 674900 ns, At safepoint: 41000 ns, Total: 715900 ns
[2020-10-24T06:08:16.027+0000][7][safepoint    ] Safepoint "Cleanup", Time since last: 1001044400 ns, Reaching safepoint: 342900 ns, At safepoint: 18200 ns, Total: 361100 ns
[2020-10-24T06:08:16.871+0000][7][gc,start     ] GC(200) Pause Young (Concurrent Start) (G1 Evacuation Pause)
[2020-10-24T06:08:16.871+0000][7][gc,task      ] GC(200) Using 6 workers of 10 for evacuation
[2020-10-24T06:08:16.871+0000][7][gc,age       ] GC(200) Desired survivor size 3670016 bytes, new threshold 15 (max threshold 15)
[2020-10-24T06:08:16.875+0000][7][gc,age       ] GC(200) Age table with threshold 15 (max threshold 15)
[2020-10-24T06:08:16.875+0000][7][gc,age       ] GC(200) - age   1:    1116824 bytes,    1116824 total
[2020-10-24T06:08:16.876+0000][7][gc,age       ] GC(200) - age   2:     552208 bytes,    1669032 total
[2020-10-24T06:08:16.876+0000][7][gc,age       ] GC(200) - age   3:     187272 bytes,    1856304 total
[2020-10-24T06:08:16.876+0000][7][gc,age       ] GC(200) - age   4:     205096 bytes,    2061400 total
[2020-10-24T06:08:16.876+0000][7][gc,age       ] GC(200) - age   5:      42608 bytes,    2104008 total
[2020-10-24T06:08:16.877+0000][7][gc,phases    ] GC(200)   Pre Evacuate Collection Set: 0.6ms
[2020-10-24T06:08:16.877+0000][7][gc,phases    ] GC(200)   Merge Heap Roots: 0.1ms
[2020-10-24T06:08:16.877+0000][7][gc,phases    ] GC(200)   Evacuate Collection Set: 1.6ms
[2020-10-24T06:08:16.877+0000][7][gc,phases    ] GC(200)   Post Evacuate Collection Set: 0.9ms
[2020-10-24T06:08:16.877+0000][7][gc,phases    ] GC(200)   Other: 2.5ms
[2020-10-24T06:08:16.877+0000][7][gc,heap      ] GC(200) Eden regions: 49->0(48)
[2020-10-24T06:08:16.878+0000][7][gc,heap      ] GC(200) Survivor regions: 2->3(7)
[2020-10-24T06:08:16.878+0000][7][gc,heap      ] GC(200) Old regions: 119->119
[2020-10-24T06:08:16.878+0000][7][gc,heap      ] GC(200) Archive regions: 2->2
[2020-10-24T06:08:16.878+0000][7][gc,heap      ] GC(200) Humongous regions: 15->15
[2020-10-24T06:08:16.878+0000][7][gc,metaspace ] GC(200) Metaspace: 108814K(117540K)->108814K(117540K) NonClass: 94927K(100056K)->94927K(100056K) Class: 13886K(17484K)->13886K(17484K)
[2020-10-24T06:08:16.878+0000][7][gc           ] GC(200) Pause Young (Concurrent Start) (G1 Evacuation Pause) 184M->136M(256M) 7.600ms
[2020-10-24T06:08:16.879+0000][7][gc,cpu       ] GC(200) User=0.01s Sys=0.01s Real=0.01s
[2020-10-24T06:08:16.879+0000][7][safepoint    ] Safepoint "G1CollectForAllocation", Time since last: 843684400 ns, Reaching safepoint: 236100 ns, At safepoint: 8007400 ns, Total: 8243500 ns
[2020-10-24T06:08:16.879+0000][7][gc           ] GC(201) Concurrent Cycle
[2020-10-24T06:08:16.879+0000][7][gc,marking   ] GC(201) Concurrent Clear Claimed Marks
[2020-10-24T06:08:16.880+0000][7][gc,marking   ] GC(201) Concurrent Clear Claimed Marks 0.703ms
[2020-10-24T06:08:16.880+0000][7][gc,marking   ] GC(201) Concurrent Scan Root Regions
[2020-10-24T06:08:16.881+0000][7][gc,marking   ] GC(201) Concurrent Scan Root Regions 1.198ms
[2020-10-24T06:08:16.881+0000][7][gc,marking   ] GC(201) Concurrent Mark (1454.248s)
[2020-10-24T06:08:16.881+0000][7][gc,marking   ] GC(201) Concurrent Mark From Roots
[2020-10-24T06:08:16.882+0000][7][gc,task      ] GC(201) Using 3 workers of 3 for marking
[2020-10-24T06:08:16.931+0000][7][gc,marking   ] GC(201) Concurrent Mark From Roots 49.911ms
[2020-10-24T06:08:16.932+0000][7][gc,marking   ] GC(201) Concurrent Preclean
[2020-10-24T06:08:16.932+0000][7][gc,marking   ] GC(201) Concurrent Preclean 0.717ms
[2020-10-24T06:08:16.933+0000][7][gc,marking   ] GC(201) Concurrent Mark (1454.248s, 1454.299s) 51.451ms
[2020-10-24T06:08:16.933+0000][7][gc,start     ] GC(201) Pause Remark
[2020-10-24T06:08:16.941+0000][7][gc           ] GC(201) Pause Remark 137M->137M(256M) 7.161ms
[2020-10-24T06:08:16.941+0000][7][gc,cpu       ] GC(201) User=0.03s Sys=0.00s Real=0.01s
[2020-10-24T06:08:16.941+0000][7][safepoint    ] Safepoint "G1Concurrent", Time since last: 54416600 ns, Reaching safepoint: 261900 ns, At safepoint: 7886000 ns, Total: 8147900 ns
[2020-10-24T06:08:16.942+0000][7][gc,marking   ] GC(201) Concurrent Rebuild Remembered Sets
[2020-10-24T06:08:16.979+0000][7][gc,marking   ] GC(201) Concurrent Rebuild Remembered Sets 37.409ms
[2020-10-24T06:08:16.980+0000][7][gc,start     ] GC(201) Pause Cleanup
[2020-10-24T06:08:16.980+0000][7][gc           ] GC(201) Pause Cleanup 137M->137M(256M) 0.528ms
[2020-10-24T06:08:16.981+0000][7][gc,cpu       ] GC(201) User=0.00s Sys=0.00s Real=0.00s
[2020-10-24T06:08:16.981+0000][7][safepoint    ] Safepoint "G1Concurrent", Time since last: 38190700 ns, Reaching safepoint: 214000 ns, At safepoint: 1178000 ns, Total: 1392000 ns
[2020-10-24T06:08:16.981+0000][7][gc,marking   ] GC(201) Concurrent Cleanup for Next Mark
[2020-10-24T06:08:16.982+0000][7][gc,marking   ] GC(201) Concurrent Cleanup for Next Mark 0.504ms
[2020-10-24T06:08:16.982+0000][7][gc           ] GC(201) Concurrent Cycle 103.148ms
[2020-10-24T06:08:17.982+0000][7][safepoint    ] Safepoint "Cleanup", Time since last: 1000503500 ns, Reaching safepoint: 247200 ns, At safepoint: 13200 ns, Total: 260400 ns
[2020-10-24T06:08:18.982+0000][7][safepoint    ] Safepoint "Cleanup", Time since last: 1000552800 ns, Reaching safepoint: 306200 ns, At safepoint: 9900 ns, Total: 316100 ns
[2020-10-24T06:08:19.983+0000][7][safepoint    ] Safepoint "Cleanup", Time since last: 1000448400 ns, Reaching safepoint: 201500 ns, At safepoint: 10100 ns, Total: 211600 ns
[2020-10-24T06:08:20.984+0000][7][safepoint    ] Safepoint "Cleanup", Time since last: 1000538200 ns, Reaching safepoint: 235700 ns, At safepoint: 9900 ns, Total: 245600 ns
[2020-10-24T06:08:21.985+0000][7][safepoint    ] Safepoint "Cleanup", Time since last: 1000564300 ns, Reaching safepoint: 631600 ns, At safepoint: 36000 ns, Total: 667600 ns
[2020-10-24T06:08:22.710+0000][7][gc,start     ] GC(202) Pause Young (Normal) (G1 Evacuation Pause)
[2020-10-24T06:08:22.711+0000][7][gc,task      ] GC(202) Using 6 workers of 10 for evacuation
[2020-10-24T06:08:22.711+0000][7][gc,age       ] GC(202) Desired survivor size 3670016 bytes, new threshold 15 (max threshold 15)
[2020-10-24T06:08:22.715+0000][7][gc,age       ] GC(202) Age table with threshold 15 (max threshold 15)
[2020-10-24T06:08:22.715+0000][7][gc,age       ] GC(202) - age   1:    2553880 bytes,    2553880 total
[2020-10-24T06:08:22.716+0000][7][gc,age       ] GC(202) - age   2:     910656 bytes,    3464536 total
[2020-10-24T06:08:22.716+0000][7][gc,age       ] GC(202) - age   3:     545016 bytes,    4009552 total
[2020-10-24T06:08:22.716+0000][7][gc,age       ] GC(202) - age   4:     136064 bytes,    4145616 total
[2020-10-24T06:08:22.717+0000][7][gc,age       ] GC(202) - age   5:     179728 bytes,    4325344 total
[2020-10-24T06:08:22.717+0000][7][gc,age       ] GC(202) - age   6:      41720 bytes,    4367064 total
[2020-10-24T06:08:22.717+0000][7][gc,phases    ] GC(202)   Pre Evacuate Collection Set: 0.2ms
[2020-10-24T06:08:22.717+0000][7][gc,phases    ] GC(202)   Merge Heap Roots: 0.1ms
[2020-10-24T06:08:22.718+0000][7][gc,phases    ] GC(202)   Evacuate Collection Set: 2.3ms
[2020-10-24T06:08:22.718+0000][7][gc,phases    ] GC(202)   Post Evacuate Collection Set: 0.9ms
[2020-10-24T06:08:22.718+0000][7][gc,phases    ] GC(202)   Other: 3.5ms
[2020-10-24T06:08:22.718+0000][7][gc,heap      ] GC(202) Eden regions: 48->0(45)
[2020-10-24T06:08:22.718+0000][7][gc,heap      ] GC(202) Survivor regions: 3->5(7)
[2020-10-24T06:08:22.719+0000][7][gc,heap      ] GC(202) Old regions: 119->119
[2020-10-24T06:08:22.719+0000][7][gc,heap      ] GC(202) Archive regions: 2->2
[2020-10-24T06:08:22.719+0000][7][gc,heap      ] GC(202) Humongous regions: 15->15
[2020-10-24T06:08:22.719+0000][7][gc,metaspace ] GC(202) Metaspace: 108928K(117540K)->108928K(117540K) NonClass: 95023K(100056K)->95023K(100056K) Class: 13905K(17484K)->13905K(17484K)
[2020-10-24T06:08:22.719+0000][7][gc           ] GC(202) Pause Young (Normal) (G1 Evacuation Pause) 184M->138M(256M) 8.959ms
[2020-10-24T06:08:22.719+0000][7][gc,cpu       ] GC(202) User=0.02s Sys=0.00s Real=0.01s
[2020-10-24T06:08:22.720+0000][7][safepoint    ] Safepoint "G1CollectForAllocation", Time since last: 724775600 ns, Reaching safepoint: 297700 ns, At safepoint: 9383800 ns, Total: 9681500 ns
[2020-10-24T06:08:22.736+0000][7][safepoint    ] Safepoint "BulkRevokeBias", Time since last: 15519800 ns, Reaching safepoint: 269800 ns, At safepoint: 717900 ns, Total: 987700 ns
[2020-10-24T06:08:23.737+0000][7][safepoint    ] Safepoint "Cleanup", Time since last: 1000134000 ns, Reaching safepoint: 257900 ns, At safepoint: 12500 ns, Total: 270400 ns
[2020-10-24T06:08:24.739+0000][7][safepoint    ] Safepoint "Cleanup", Time since last: 1001338900 ns, Reaching safepoint: 859300 ns, At safepoint: 48800 ns, Total: 908100 ns
[2020-10-24T06:08:25.740+0000][7][safepoint    ] Safepoint "Cleanup", Time since last: 1001137900 ns, Reaching safepoint: 311600 ns, At safepoint: 10100 ns, Total: 321700 ns
[2020-10-24T06:08:26.742+0000][7][safepoint    ] Safepoint "Cleanup", Time since last: 1000614700 ns, Reaching safepoint: 969000 ns, At safepoint: 49200 ns, Total: 1018200 ns
[2020-10-24T06:08:27.744+0000][7][safepoint    ] Safepoint "Cleanup", Time since last: 1001337700 ns, Reaching safepoint: 691000 ns, At safepoint: 40400 ns, Total: 731400 ns
[2020-10-24T06:08:28.746+0000][7][safepoint    ] Safepoint "Cleanup", Time since last: 1001225400 ns, Reaching safepoint: 1021200 ns, At safepoint: 128300 ns, Total: 1149500 ns
[2020-10-24T06:08:29.748+0000][7][safepoint    ] Safepoint "Cleanup", Time since last: 1001428700 ns, Reaching safepoint: 521200 ns, At safepoint: 30000 ns, Total: 551200 ns
[2020-10-24T06:08:30.750+0000][7][safepoint    ] Safepoint "Cleanup", Time since last: 1000921200 ns, Reaching safepoint: 881700 ns, At safepoint: 48600 ns, Total: 930300 ns
[2020-10-24T06:08:31.752+0000][7][safepoint    ] Safepoint "Cleanup", Time since last: 1001121600 ns, Reaching safepoint: 272100 ns, At safepoint: 9600 ns, Total: 281700 ns
[2020-10-24T06:08:32.752+0000][7][safepoint    ] Safepoint "Cleanup", Time since last: 1000574900 ns, Reaching safepoint: 286300 ns, At safepoint: 14200 ns, Total: 300500 ns
[2020-10-24T06:08:33.753+0000][7][safepoint    ] Safepoint "Cleanup", Time since last: 1000569000 ns, Reaching safepoint: 224400 ns, At safepoint: 9700 ns, Total: 234100 ns
[2020-10-24T06:08:34.755+0000][7][safepoint    ] Safepoint "Cleanup", Time since last: 1000540500 ns, Reaching safepoint: 713600 ns, At safepoint: 43000 ns, Total: 756600 ns
[2020-10-24T06:08:35.038+0000][7][gc,start     ] GC(203) Pause Young (Concurrent Start) (G1 Evacuation Pause)
[2020-10-24T06:08:35.038+0000][7][gc,task      ] GC(203) Using 6 workers of 10 for evacuation
[2020-10-24T06:08:35.039+0000][7][gc,age       ] GC(203) Desired survivor size 3670016 bytes, new threshold 3 (max threshold 15)
[2020-10-24T06:08:35.044+0000][7][gc,age       ] GC(203) Age table with threshold 3 (max threshold 15)
[2020-10-24T06:08:35.044+0000][7][gc,age       ] GC(203) - age   1:     492704 bytes,     492704 total
[2020-10-24T06:08:35.045+0000][7][gc,age       ] GC(203) - age   2:     247784 bytes,     740488 total
[2020-10-24T06:08:35.045+0000][7][gc,age       ] GC(203) - age   3:     889088 bytes,    1629576 total
[2020-10-24T06:08:35.045+0000][7][gc,phases    ] GC(203)   Pre Evacuate Collection Set: 0.8ms
[2020-10-24T06:08:35.045+0000][7][gc,phases    ] GC(203)   Merge Heap Roots: 0.2ms
[2020-10-24T06:08:35.046+0000][7][gc,phases    ] GC(203)   Evacuate Collection Set: 2.8ms
[2020-10-24T06:08:35.046+0000][7][gc,phases    ] GC(203)   Post Evacuate Collection Set: 1.1ms
[2020-10-24T06:08:35.046+0000][7][gc,phases    ] GC(203)   Other: 2.7ms
[2020-10-24T06:08:35.046+0000][7][gc,heap      ] GC(203) Eden regions: 45->0(48)
[2020-10-24T06:08:35.046+0000][7][gc,heap      ] GC(203) Survivor regions: 5->2(7)
[2020-10-24T06:08:35.046+0000][7][gc,heap      ] GC(203) Old regions: 119->120
[2020-10-24T06:08:35.047+0000][7][gc,heap      ] GC(203) Archive regions: 2->2
[2020-10-24T06:08:35.047+0000][7][gc,heap      ] GC(203) Humongous regions: 15->15
[2020-10-24T06:08:35.047+0000][7][gc,metaspace ] GC(203) Metaspace: 109004K(117796K)->109004K(117796K) NonClass: 95091K(100312K)->95091K(100312K) Class: 13913K(17484K)->13913K(17484K)
[2020-10-24T06:08:35.047+0000][7][gc           ] GC(203) Pause Young (Concurrent Start) (G1 Evacuation Pause) 183M->136M(256M) 9.342ms
[2020-10-24T06:08:35.047+0000][7][gc,cpu       ] GC(203) User=0.02s Sys=0.00s Real=0.00s
[2020-10-24T06:08:35.047+0000][7][gc           ] GC(204) Concurrent Cycle
[2020-10-24T06:08:35.047+0000][7][gc,marking   ] GC(204) Concurrent Clear Claimed Marks
[2020-10-24T06:08:35.047+0000][7][safepoint    ] Safepoint "G1CollectForAllocation", Time since last: 282615400 ns, Reaching safepoint: 362000 ns, At safepoint: 9686200 ns, Total: 10048200 ns
[2020-10-24T06:08:35.048+0000][7][gc,marking   ] GC(204) Concurrent Clear Claimed Marks 0.667ms
[2020-10-24T06:08:35.048+0000][7][gc,marking   ] GC(204) Concurrent Scan Root Regions
[2020-10-24T06:08:35.049+0000][7][gc,marking   ] GC(204) Concurrent Scan Root Regions 1.008ms
[2020-10-24T06:08:35.049+0000][7][gc,marking   ] GC(204) Concurrent Mark (1472.416s)
[2020-10-24T06:08:35.049+0000][7][gc,marking   ] GC(204) Concurrent Mark From Roots
[2020-10-24T06:08:35.050+0000][7][gc,task      ] GC(204) Using 3 workers of 3 for marking
[2020-10-24T06:08:35.112+0000][7][gc,marking   ] GC(204) Concurrent Mark From Roots 63.079ms
[2020-10-24T06:08:35.113+0000][7][gc,marking   ] GC(204) Concurrent Preclean
[2020-10-24T06:08:35.114+0000][7][gc,marking   ] GC(204) Concurrent Preclean 0.671ms
[2020-10-24T06:08:35.114+0000][7][gc,marking   ] GC(204) Concurrent Mark (1472.416s, 1472.480s) 64.527ms
[2020-10-24T06:08:35.114+0000][7][gc,start     ] GC(204) Pause Remark
[2020-10-24T06:08:35.122+0000][7][gc           ] GC(204) Pause Remark 141M->141M(256M) 7.298ms
[2020-10-24T06:08:35.122+0000][7][gc,cpu       ] GC(204) User=0.03s Sys=0.00s Real=0.01s
[2020-10-24T06:08:35.122+0000][7][safepoint    ] Safepoint "G1Concurrent", Time since last: 66963100 ns, Reaching safepoint: 222000 ns, At safepoint: 7981000 ns, Total: 8203000 ns
[2020-10-24T06:08:35.123+0000][7][gc,marking   ] GC(204) Concurrent Rebuild Remembered Sets
[2020-10-24T06:08:35.156+0000][7][gc,marking   ] GC(204) Concurrent Rebuild Remembered Sets 33.599ms
[2020-10-24T06:08:35.157+0000][7][gc,start     ] GC(204) Pause Cleanup
[2020-10-24T06:08:35.157+0000][7][gc           ] GC(204) Pause Cleanup 141M->141M(256M) 0.498ms
[2020-10-24T06:08:35.158+0000][7][gc,cpu       ] GC(204) User=0.00s Sys=0.00s Real=0.01s
[2020-10-24T06:08:35.158+0000][7][safepoint    ] Safepoint "G1Concurrent", Time since last: 34335500 ns, Reaching safepoint: 188400 ns, At safepoint: 968900 ns, Total: 1157300 ns
[2020-10-24T06:08:35.158+0000][7][gc,marking   ] GC(204) Concurrent Cleanup for Next Mark
[2020-10-24T06:08:35.159+0000][7][gc,marking   ] GC(204) Concurrent Cleanup for Next Mark 0.519ms
[2020-10-24T06:08:35.159+0000][7][gc           ] GC(204) Concurrent Cycle 111.673ms
[2020-10-24T06:08:37.062+0000][7][safepoint    ] Safepoint "Cleanup", Time since last: 1902773400 ns, Reaching safepoint: 841200 ns, At safepoint: 180700 ns, Total: 1021900 ns
[2020-10-24T06:08:38.881+0000][7][safepoint    ] Safepoint "Cleanup", Time since last: 1818060400 ns, Reaching safepoint: 840000 ns, At safepoint: 50100 ns, Total: 890100 ns
[2020-10-24T06:08:39.883+0000][7][safepoint    ] Safepoint "Cleanup", Time since last: 1001243900 ns, Reaching safepoint: 784800 ns, At safepoint: 50000 ns, Total: 834800 ns
[2020-10-24T06:08:40.884+0000][7][safepoint    ] Safepoint "Cleanup", Time since last: 1001235700 ns, Reaching safepoint: 248400 ns, At safepoint: 11900 ns, Total: 260300 ns
[2020-10-24T06:08:41.885+0000][7][safepoint    ] Safepoint "Cleanup", Time since last: 1000477800 ns, Reaching safepoint: 246000 ns, At safepoint: 9900 ns, Total: 255900 ns
[2020-10-24T06:08:42.886+0000][7][safepoint    ] Safepoint "Cleanup", Time since last: 1000499300 ns, Reaching safepoint: 240800 ns, At safepoint: 14600 ns, Total: 255400 ns
[2020-10-24T06:08:43.887+0000][7][safepoint    ] Safepoint "Cleanup", Time since last: 1000443200 ns, Reaching safepoint: 495300 ns, At safepoint: 28600 ns, Total: 523900 ns
[2020-10-24T06:08:44.888+0000][7][safepoint    ] Safepoint "Cleanup", Time since last: 1000800300 ns, Reaching safepoint: 356000 ns, At safepoint: 19300 ns, Total: 375300 ns
[2020-10-24T06:08:46.234+0000][7][safepoint    ] Safepoint "Cleanup", Time since last: 1346383200 ns, Reaching safepoint: 238100 ns, At safepoint: 10300 ns, Total: 248400 ns
[2020-10-24T06:08:47.086+0000][7][gc,start     ] GC(205) Pause Young (Normal) (G1 Evacuation Pause)
[2020-10-24T06:08:47.086+0000][7][gc,task      ] GC(205) Using 6 workers of 10 for evacuation
[2020-10-24T06:08:47.086+0000][7][gc,age       ] GC(205) Desired survivor size 3670016 bytes, new threshold 15 (max threshold 15)
[2020-10-24T06:08:47.089+0000][7][gc,age       ] GC(205) Age table with threshold 15 (max threshold 15)
[2020-10-24T06:08:47.090+0000][7][gc,age       ] GC(205) - age   1:     890816 bytes,     890816 total
[2020-10-24T06:08:47.090+0000][7][gc,age       ] GC(205) - age   2:     144536 bytes,    1035352 total
[2020-10-24T06:08:47.090+0000][7][gc,age       ] GC(205) - age   3:     237488 bytes,    1272840 total
[2020-10-24T06:08:47.090+0000][7][gc,age       ] GC(205) - age   4:     680600 bytes,    1953440 total
[2020-10-24T06:08:47.091+0000][7][gc,phases    ] GC(205)   Pre Evacuate Collection Set: 0.1ms
[2020-10-24T06:08:47.091+0000][7][gc,phases    ] GC(205)   Merge Heap Roots: 0.2ms
[2020-10-24T06:08:47.091+0000][7][gc,phases    ] GC(205)   Evacuate Collection Set: 1.7ms
[2020-10-24T06:08:47.092+0000][7][gc,phases    ] GC(205)   Post Evacuate Collection Set: 0.9ms
[2020-10-24T06:08:47.092+0000][7][gc,phases    ] GC(205)   Other: 2.4ms
[2020-10-24T06:08:47.092+0000][7][gc,heap      ] GC(205) Eden regions: 48->0(48)
[2020-10-24T06:08:47.092+0000][7][gc,heap      ] GC(205) Survivor regions: 2->2(7)
[2020-10-24T06:08:47.092+0000][7][gc,heap      ] GC(205) Old regions: 120->120
[2020-10-24T06:08:47.093+0000][7][gc,heap      ] GC(205) Archive regions: 2->2
[2020-10-24T06:08:47.093+0000][7][gc,heap      ] GC(205) Humongous regions: 15->15
[2020-10-24T06:08:47.093+0000][7][gc,metaspace ] GC(205) Metaspace: 109027K(117796K)->109027K(117796K) NonClass: 95114K(100312K)->95114K(100312K) Class: 13913K(17484K)->13913K(17484K)
[2020-10-24T06:08:47.093+0000][7][gc           ] GC(205) Pause Young (Normal) (G1 Evacuation Pause) 184M->136M(256M) 7.724ms
[2020-10-24T06:08:47.093+0000][7][gc,cpu       ] GC(205) User=0.01s Sys=0.00s Real=0.01s
[2020-10-24T06:08:47.094+0000][7][safepoint    ] Safepoint "G1CollectForAllocation", Time since last: 850754100 ns, Reaching safepoint: 275300 ns, At safepoint: 8190600 ns, Total: 8465900 ns
[2020-10-24T06:08:48.214+0000][7][safepoint    ] Safepoint "Cleanup", Time since last: 1119697300 ns, Reaching safepoint: 229900 ns, At safepoint: 10700 ns, Total: 240600 ns
[2020-10-24T06:08:50.005+0000][7][safepoint    ] Safepoint "Cleanup", Time since last: 1791409300 ns, Reaching safepoint: 321800 ns, At safepoint: 41100 ns, Total: 362900 ns
[2020-10-24T06:08:51.101+0000][7][safepoint    ] Safepoint "Cleanup", Time since last: 1095772600 ns, Reaching safepoint: 283600 ns, At safepoint: 10000 ns, Total: 293600 ns
[2020-10-24T06:08:52.103+0000][7][safepoint    ] Safepoint "Cleanup", Time since last: 1000609000 ns, Reaching safepoint: 961300 ns, At safepoint: 53400 ns, Total: 1014700 ns
[2020-10-24T06:08:53.105+0000][7][safepoint    ] Safepoint "Cleanup", Time since last: 1001408500 ns, Reaching safepoint: 679800 ns, At safepoint: 40400 ns, Total: 720200 ns
[2020-10-24T06:08:54.107+0000][7][safepoint    ] Safepoint "Cleanup", Time since last: 1001079400 ns, Reaching safepoint: 829800 ns, At safepoint: 50400 ns, Total: 880200 ns
[2020-10-24T06:08:55.109+0000][7][safepoint    ] Safepoint "Cleanup", Time since last: 1001241000 ns, Reaching safepoint: 436900 ns, At safepoint: 25000 ns, Total: 461900 ns
[2020-10-24T06:08:56.863+0000][7][safepoint    ] Safepoint "Cleanup", Time since last: 1754028600 ns, Reaching safepoint: 247700 ns, At safepoint: 9700 ns, Total: 257400 ns
[2020-10-24T06:08:57.865+0000][7][safepoint    ] Safepoint "Cleanup", Time since last: 1001155900 ns, Reaching safepoint: 796200 ns, At safepoint: 49700 ns, Total: 845900 ns
[2020-10-24T06:08:58.867+0000][7][safepoint    ] Safepoint "Cleanup", Time since last: 1001200800 ns, Reaching safepoint: 930600 ns, At safepoint: 84300 ns, Total: 1014900 ns
[2020-10-24T06:08:58.990+0000][7][gc,start     ] GC(206) Pause Young (Concurrent Start) (G1 Evacuation Pause)
[2020-10-24T06:08:58.991+0000][7][gc,task      ] GC(206) Using 6 workers of 10 for evacuation
[2020-10-24T06:08:58.991+0000][7][gc,age       ] GC(206) Desired survivor size 3670016 bytes, new threshold 15 (max threshold 15)
[2020-10-24T06:08:58.995+0000][7][gc,age       ] GC(206) Age table with threshold 15 (max threshold 15)
[2020-10-24T06:08:58.995+0000][7][gc,age       ] GC(206) - age   1:    1200272 bytes,    1200272 total
[2020-10-24T06:08:58.995+0000][7][gc,age       ] GC(206) - age   2:     228272 bytes,    1428544 total
[2020-10-24T06:08:58.996+0000][7][gc,age       ] GC(206) - age   3:     135312 bytes,    1563856 total
[2020-10-24T06:08:58.996+0000][7][gc,age       ] GC(206) - age   4:     224384 bytes,    1788240 total
[2020-10-24T06:08:58.996+0000][7][gc,age       ] GC(206) - age   5:     303680 bytes,    2091920 total
[2020-10-24T06:08:58.997+0000][7][gc,phases    ] GC(206)   Pre Evacuate Collection Set: 0.6ms
[2020-10-24T06:08:58.997+0000][7][gc,phases    ] GC(206)   Merge Heap Roots: 0.2ms
[2020-10-24T06:08:58.997+0000][7][gc,phases    ] GC(206)   Evacuate Collection Set: 1.8ms
[2020-10-24T06:08:58.997+0000][7][gc,phases    ] GC(206)   Post Evacuate Collection Set: 0.8ms
[2020-10-24T06:08:58.998+0000][7][gc,phases    ] GC(206)   Other: 3.1ms
[2020-10-24T06:08:58.998+0000][7][gc,heap      ] GC(206) Eden regions: 48->0(47)
[2020-10-24T06:08:58.998+0000][7][gc,heap      ] GC(206) Survivor regions: 2->3(7)
[2020-10-24T06:08:58.998+0000][7][gc,heap      ] GC(206) Old regions: 120->120
[2020-10-24T06:08:58.999+0000][7][gc,heap      ] GC(206) Archive regions: 2->2
[2020-10-24T06:08:58.999+0000][7][gc,heap      ] GC(206) Humongous regions: 15->15
[2020-10-24T06:08:58.999+0000][7][gc,metaspace ] GC(206) Metaspace: 109055K(117796K)->109055K(117796K) NonClass: 95142K(100312K)->95142K(100312K) Class: 13913K(17484K)->13913K(17484K)
[2020-10-24T06:08:58.999+0000][7][gc           ] GC(206) Pause Young (Concurrent Start) (G1 Evacuation Pause) 184M->137M(256M) 8.847ms
[2020-10-24T06:08:58.999+0000][7][gc,cpu       ] GC(206) User=0.02s Sys=0.00s Real=0.01s
[2020-10-24T06:08:59.000+0000][7][gc           ] GC(207) Concurrent Cycle
[2020-10-24T06:08:59.000+0000][7][gc,marking   ] GC(207) Concurrent Clear Claimed Marks
[2020-10-24T06:08:59.000+0000][7][safepoint    ] Safepoint "G1CollectForAllocation", Time since last: 122617600 ns, Reaching safepoint: 249600 ns, At safepoint: 9519000 ns, Total: 9768600 ns
[2020-10-24T06:08:59.001+0000][7][gc,marking   ] GC(207) Concurrent Clear Claimed Marks 0.805ms
[2020-10-24T06:08:59.001+0000][7][gc,marking   ] GC(207) Concurrent Scan Root Regions
[2020-10-24T06:08:59.002+0000][7][gc,marking   ] GC(207) Concurrent Scan Root Regions 1.116ms
[2020-10-24T06:08:59.002+0000][7][gc,marking   ] GC(207) Concurrent Mark (1496.368s)
[2020-10-24T06:08:59.002+0000][7][gc,marking   ] GC(207) Concurrent Mark From Roots
[2020-10-24T06:08:59.002+0000][7][gc,task      ] GC(207) Using 3 workers of 3 for marking
[2020-10-24T06:08:59.064+0000][7][gc,marking   ] GC(207) Concurrent Mark From Roots 61.575ms
[2020-10-24T06:08:59.064+0000][7][gc,marking   ] GC(207) Concurrent Preclean
[2020-10-24T06:08:59.065+0000][7][gc,marking   ] GC(207) Concurrent Preclean 0.645ms
[2020-10-24T06:08:59.065+0000][7][gc,marking   ] GC(207) Concurrent Mark (1496.368s, 1496.431s) 62.897ms
[2020-10-24T06:08:59.065+0000][7][gc,start     ] GC(207) Pause Remark
[2020-10-24T06:08:59.075+0000][7][gc           ] GC(207) Pause Remark 138M->138M(256M) 9.505ms
[2020-10-24T06:08:59.075+0000][7][gc,cpu       ] GC(207) User=0.04s Sys=0.00s Real=0.01s
[2020-10-24T06:08:59.076+0000][7][safepoint    ] Safepoint "G1Concurrent", Time since last: 65477300 ns, Reaching safepoint: 221600 ns, At safepoint: 10171900 ns, Total: 10393500 ns
[2020-10-24T06:08:59.076+0000][7][gc,marking   ] GC(207) Concurrent Rebuild Remembered Sets
[2020-10-24T06:08:59.108+0000][7][safepoint    ] Safepoint "BulkRevokeBias", Time since last: 30206000 ns, Reaching safepoint: 665000 ns, At safepoint: 1248800 ns, Total: 1913800 ns
[2020-10-24T06:08:59.115+0000][7][gc,marking   ] GC(207) Concurrent Rebuild Remembered Sets 39.201ms
[2020-10-24T06:08:59.116+0000][7][gc,start     ] GC(207) Pause Cleanup
[2020-10-24T06:08:59.116+0000][7][gc           ] GC(207) Pause Cleanup 141M->141M(256M) 0.490ms
[2020-10-24T06:08:59.117+0000][7][gc,cpu       ] GC(207) User=0.00s Sys=0.00s Real=0.00s
[2020-10-24T06:08:59.117+0000][7][safepoint    ] Safepoint "G1Concurrent", Time since last: 7793800 ns, Reaching safepoint: 227100 ns, At safepoint: 1020000 ns, Total: 1247100 ns
[2020-10-24T06:08:59.117+0000][7][gc,marking   ] GC(207) Concurrent Cleanup for Next Mark
[2020-10-24T06:08:59.118+0000][7][gc,marking   ] GC(207) Concurrent Cleanup for Next Mark 1.380ms
[2020-10-24T06:08:59.119+0000][7][gc           ] GC(207) Concurrent Cycle 119.277ms
[2020-10-24T06:09:00.117+0000][7][safepoint    ] Safepoint "Cleanup", Time since last: 1000345900 ns, Reaching safepoint: 234000 ns, At safepoint: 19900 ns, Total: 253900 ns
[2020-10-24T06:09:01.482+0000][7][safepoint    ] Safepoint "Cleanup", Time since last: 1364537000 ns, Reaching safepoint: 229600 ns, At safepoint: 25000 ns, Total: 254600 ns
[2020-10-24T06:09:03.129+0000][7][safepoint    ] Safepoint "Cleanup", Time since last: 1645851900 ns, Reaching safepoint: 779800 ns, At safepoint: 51400 ns, Total: 831200 ns
[2020-10-24T06:09:04.130+0000][7][safepoint    ] Safepoint "Cleanup", Time since last: 1001194800 ns, Reaching safepoint: 271500 ns, At safepoint: 24800 ns, Total: 296300 ns
[2020-10-24T06:09:05.131+0000][7][safepoint    ] Safepoint "Cleanup", Time since last: 1000507600 ns, Reaching safepoint: 212900 ns, At safepoint: 11300 ns, Total: 224200 ns
[2020-10-24T06:09:06.132+0000][7][safepoint    ] Safepoint "Cleanup", Time since last: 1000479800 ns, Reaching safepoint: 213500 ns, At safepoint: 10000 ns, Total: 223500 ns
[2020-10-24T06:09:07.133+0000][7][safepoint    ] Safepoint "Cleanup", Time since last: 1000487500 ns, Reaching safepoint: 274000 ns, At safepoint: 10500 ns, Total: 284500 ns
[2020-10-24T06:09:08.134+0000][7][safepoint    ] Safepoint "Cleanup", Time since last: 1000711800 ns, Reaching safepoint: 395100 ns, At safepoint: 20600 ns, Total: 415700 ns
[2020-10-24T06:09:09.135+0000][7][safepoint    ] Safepoint "Cleanup", Time since last: 1000709500 ns, Reaching safepoint: 517900 ns, At safepoint: 31900 ns, Total: 549800 ns
[2020-10-24T06:09:10.137+0000][7][safepoint    ] Safepoint "Cleanup", Time since last: 1000929500 ns, Reaching safepoint: 874100 ns, At safepoint: 51400 ns, Total: 925500 ns
[2020-10-24T06:09:11.139+0000][7][safepoint    ] Safepoint "Cleanup", Time since last: 1001277800 ns, Reaching safepoint: 846700 ns, At safepoint: 49400 ns, Total: 896100 ns
[2020-10-24T06:09:13.125+0000][7][safepoint    ] Safepoint "Cleanup", Time since last: 1986141400 ns, Reaching safepoint: 280100 ns, At safepoint: 11400 ns, Total: 291500 ns
[2020-10-24T06:09:14.126+0000][7][safepoint    ] Safepoint "Cleanup", Time since last: 1000495700 ns, Reaching safepoint: 261200 ns, At safepoint: 23500 ns, Total: 284700 ns
[2020-10-24T06:09:15.127+0000][7][safepoint    ] Safepoint "Cleanup", Time since last: 1000517800 ns, Reaching safepoint: 214400 ns, At safepoint: 9800 ns, Total: 224200 ns
[2020-10-24T06:09:16.128+0000][7][safepoint    ] Safepoint "Cleanup", Time since last: 1000404200 ns, Reaching safepoint: 272400 ns, At safepoint: 9800 ns, Total: 282200 ns
[2020-10-24T06:09:17.129+0000][7][safepoint    ] Safepoint "Cleanup", Time since last: 1000468100 ns, Reaching safepoint: 884400 ns, At safepoint: 52600 ns, Total: 937000 ns
[2020-10-24T06:09:18.131+0000][7][safepoint    ] Safepoint "Cleanup", Time since last: 1001390400 ns, Reaching safepoint: 895700 ns, At safepoint: 51900 ns, Total: 947600 ns
[2020-10-24T06:09:19.133+0000][7][safepoint    ] Safepoint "Cleanup", Time since last: 1000945900 ns, Reaching safepoint: 288400 ns, At safepoint: 9700 ns, Total: 298100 ns
[2020-10-24T06:09:19.884+0000][7][gc,start     ] GC(208) Pause Young (Normal) (G1 Evacuation Pause)
[2020-10-24T06:09:19.884+0000][7][gc,task      ] GC(208) Using 6 workers of 10 for evacuation
[2020-10-24T06:09:19.884+0000][7][gc,age       ] GC(208) Desired survivor size 3670016 bytes, new threshold 15 (max threshold 15)
[2020-10-24T06:09:19.888+0000][7][gc,age       ] GC(208) Age table with threshold 15 (max threshold 15)
[2020-10-24T06:09:19.889+0000][7][gc,age       ] GC(208) - age   1:    1047488 bytes,    1047488 total
[2020-10-24T06:09:19.889+0000][7][gc,age       ] GC(208) - age   2:     863080 bytes,    1910568 total
[2020-10-24T06:09:19.889+0000][7][gc,age       ] GC(208) - age   3:     185152 bytes,    2095720 total
[2020-10-24T06:09:19.889+0000][7][gc,age       ] GC(208) - age   4:     124824 bytes,    2220544 total
[2020-10-24T06:09:19.890+0000][7][gc,age       ] GC(208) - age   5:     223944 bytes,    2444488 total
[2020-10-24T06:09:19.890+0000][7][gc,age       ] GC(208) - age   6:     287192 bytes,    2731680 total
[2020-10-24T06:09:19.890+0000][7][gc,phases    ] GC(208)   Pre Evacuate Collection Set: 0.1ms
[2020-10-24T06:09:19.890+0000][7][gc,phases    ] GC(208)   Merge Heap Roots: 0.1ms
[2020-10-24T06:09:19.890+0000][7][gc,phases    ] GC(208)   Evacuate Collection Set: 2.0ms
[2020-10-24T06:09:19.891+0000][7][gc,phases    ] GC(208)   Post Evacuate Collection Set: 1.0ms
[2020-10-24T06:09:19.891+0000][7][gc,phases    ] GC(208)   Other: 3.1ms
[2020-10-24T06:09:19.891+0000][7][gc,heap      ] GC(208) Eden regions: 47->0(47)
[2020-10-24T06:09:19.891+0000][7][gc,heap      ] GC(208) Survivor regions: 3->3(7)
[2020-10-24T06:09:19.891+0000][7][gc,heap      ] GC(208) Old regions: 120->120
[2020-10-24T06:09:19.891+0000][7][gc,heap      ] GC(208) Archive regions: 2->2
[2020-10-24T06:09:19.892+0000][7][gc,heap      ] GC(208) Humongous regions: 15->15
[2020-10-24T06:09:19.892+0000][7][gc,metaspace ] GC(208) Metaspace: 109080K(117796K)->109080K(117796K) NonClass: 95167K(100312K)->95167K(100312K) Class: 13913K(17484K)->13913K(17484K)
[2020-10-24T06:09:19.892+0000][7][gc           ] GC(208) Pause Young (Normal) (G1 Evacuation Pause) 184M->137M(256M) 8.174ms
[2020-10-24T06:09:19.892+0000][7][gc,cpu       ] GC(208) User=0.01s Sys=0.01s Real=0.01s
[2020-10-24T06:09:19.892+0000][7][safepoint    ] Safepoint "G1CollectForAllocation", Time since last: 750871900 ns, Reaching safepoint: 225400 ns, At safepoint: 8625700 ns, Total: 8851100 ns
[2020-10-24T06:09:20.893+0000][7][safepoint    ] Safepoint "Cleanup", Time since last: 1000357600 ns, Reaching safepoint: 261200 ns, At safepoint: 9800 ns, Total: 271000 ns
[2020-10-24T06:09:21.895+0000][7][safepoint    ] Safepoint "Cleanup", Time since last: 1000696100 ns, Reaching safepoint: 814300 ns, At safepoint: 50200 ns, Total: 864500 ns
[2020-10-24T06:09:22.807+0000][7][gc,start     ] GC(209) Pause Young (Concurrent Start) (G1 Evacuation Pause)
[2020-10-24T06:09:22.808+0000][7][gc,task      ] GC(209) Using 6 workers of 10 for evacuation
[2020-10-24T06:09:22.808+0000][7][gc,age       ] GC(209) Desired survivor size 3670016 bytes, new threshold 15 (max threshold 15)
[2020-10-24T06:09:22.812+0000][7][gc,age       ] GC(209) Age table with threshold 15 (max threshold 15)
[2020-10-24T06:09:22.813+0000][7][gc,age       ] GC(209) - age   1:    2824424 bytes,    2824424 total
[2020-10-24T06:09:22.813+0000][7][gc,age       ] GC(209) - age   2:     807632 bytes,    3632056 total
[2020-10-24T06:09:22.813+0000][7][gc,age       ] GC(209) - age   3:     852680 bytes,    4484736 total
[2020-10-24T06:09:22.814+0000][7][gc,age       ] GC(209) - age   4:     184288 bytes,    4669024 total
[2020-10-24T06:09:22.814+0000][7][gc,age       ] GC(209) - age   5:     123784 bytes,    4792808 total
[2020-10-24T06:09:22.814+0000][7][gc,age       ] GC(209) - age   6:     208672 bytes,    5001480 total
[2020-10-24T06:09:22.814+0000][7][gc,age       ] GC(209) - age   7:     286872 bytes,    5288352 total
[2020-10-24T06:09:22.814+0000][7][gc,phases    ] GC(209)   Pre Evacuate Collection Set: 0.7ms
[2020-10-24T06:09:22.815+0000][7][gc,phases    ] GC(209)   Merge Heap Roots: 0.2ms
[2020-10-24T06:09:22.815+0000][7][gc,phases    ] GC(209)   Evacuate Collection Set: 2.2ms
[2020-10-24T06:09:22.815+0000][7][gc,phases    ] GC(209)   Post Evacuate Collection Set: 0.9ms
[2020-10-24T06:09:22.815+0000][7][gc,phases    ] GC(209)   Other: 3.2ms
[2020-10-24T06:09:22.816+0000][7][gc,heap      ] GC(209) Eden regions: 47->0(43)
[2020-10-24T06:09:22.816+0000][7][gc,heap      ] GC(209) Survivor regions: 3->6(7)
[2020-10-24T06:09:22.816+0000][7][gc,heap      ] GC(209) Old regions: 120->120
[2020-10-24T06:09:22.816+0000][7][gc,heap      ] GC(209) Archive regions: 2->2
[2020-10-24T06:09:22.816+0000][7][gc,heap      ] GC(209) Humongous regions: 15->15
[2020-10-24T06:09:22.817+0000][7][gc,metaspace ] GC(209) Metaspace: 109089K(117796K)->109089K(117796K) NonClass: 95175K(100312K)->95175K(100312K) Class: 13913K(17484K)->13913K(17484K)
[2020-10-24T06:09:22.817+0000][7][gc           ] GC(209) Pause Young (Concurrent Start) (G1 Evacuation Pause) 184M->140M(256M) 9.375ms
[2020-10-24T06:09:22.817+0000][7][gc,cpu       ] GC(209) User=0.01s Sys=0.00s Real=0.00s
[2020-10-24T06:09:22.817+0000][7][gc           ] GC(210) Concurrent Cycle
[2020-10-24T06:09:22.817+0000][7][safepoint    ] Safepoint "G1CollectForAllocation", Time since last: 912617700 ns, Reaching safepoint: 288000 ns, At safepoint: 9779600 ns, Total: 10067600 ns
[2020-10-24T06:09:22.817+0000][7][gc,marking   ] GC(210) Concurrent Clear Claimed Marks
[2020-10-24T06:09:22.818+0000][7][gc,marking   ] GC(210) Concurrent Clear Claimed Marks 0.925ms
[2020-10-24T06:09:22.818+0000][7][gc,marking   ] GC(210) Concurrent Scan Root Regions
[2020-10-24T06:09:22.819+0000][7][gc,marking   ] GC(210) Concurrent Scan Root Regions 0.989ms
[2020-10-24T06:09:22.820+0000][7][gc,marking   ] GC(210) Concurrent Mark (1520.186s)
[2020-10-24T06:09:22.820+0000][7][gc,marking   ] GC(210) Concurrent Mark From Roots
[2020-10-24T06:09:22.820+0000][7][gc,task      ] GC(210) Using 3 workers of 3 for marking
[2020-10-24T06:09:22.867+0000][7][gc,marking   ] GC(210) Concurrent Mark From Roots 47.574ms
[2020-10-24T06:09:22.868+0000][7][gc,marking   ] GC(210) Concurrent Preclean
[2020-10-24T06:09:22.868+0000][7][gc,marking   ] GC(210) Concurrent Preclean 0.658ms
[2020-10-24T06:09:22.869+0000][7][gc,marking   ] GC(210) Concurrent Mark (1520.186s, 1520.235s) 49.150ms
[2020-10-24T06:09:22.869+0000][7][gc,start     ] GC(210) Pause Remark
[2020-10-24T06:09:22.876+0000][7][gc           ] GC(210) Pause Remark 154M->154M(256M) 6.890ms
[2020-10-24T06:09:22.877+0000][7][gc,cpu       ] GC(210) User=0.03s Sys=0.00s Real=0.00s
[2020-10-24T06:09:22.877+0000][7][safepoint    ] Safepoint "G1Concurrent", Time since last: 51922800 ns, Reaching safepoint: 249000 ns, At safepoint: 7646300 ns, Total: 7895300 ns
[2020-10-24T06:09:22.877+0000][7][gc,marking   ] GC(210) Concurrent Rebuild Remembered Sets
[2020-10-24T06:09:22.911+0000][7][gc,marking   ] GC(210) Concurrent Rebuild Remembered Sets 33.683ms
[2020-10-24T06:09:22.912+0000][7][gc,start     ] GC(210) Pause Cleanup
[2020-10-24T06:09:22.912+0000][7][gc           ] GC(210) Pause Cleanup 156M->156M(256M) 0.573ms
[2020-10-24T06:09:22.913+0000][7][gc,cpu       ] GC(210) User=0.00s Sys=0.00s Real=0.00s
[2020-10-24T06:09:22.913+0000][7][safepoint    ] Safepoint "G1Concurrent", Time since last: 34487600 ns, Reaching safepoint: 223100 ns, At safepoint: 1223900 ns, Total: 1447000 ns
[2020-10-24T06:09:22.913+0000][7][gc,marking   ] GC(210) Concurrent Cleanup for Next Mark
[2020-10-24T06:09:22.914+0000][7][gc,marking   ] GC(210) Concurrent Cleanup for Next Mark 0.643ms
[2020-10-24T06:09:22.914+0000][7][gc           ] GC(210) Concurrent Cycle 97.058ms
[2020-10-24T06:09:24.688+0000][7][safepoint    ] Safepoint "Cleanup", Time since last: 1775215900 ns, Reaching safepoint: 266700 ns, At safepoint: 12100 ns, Total: 278800 ns
[2020-10-24T06:09:25.689+0000][7][safepoint    ] Safepoint "Cleanup", Time since last: 1000592200 ns, Reaching safepoint: 214700 ns, At safepoint: 11000 ns, Total: 225700 ns
[2020-10-24T06:09:26.690+0000][7][safepoint    ] Safepoint "Cleanup", Time since last: 1000460600 ns, Reaching safepoint: 258500 ns, At safepoint: 11500 ns, Total: 270000 ns
[2020-10-24T06:09:27.691+0000][7][safepoint    ] Safepoint "Cleanup", Time since last: 1000510800 ns, Reaching safepoint: 196200 ns, At safepoint: 9800 ns, Total: 206000 ns
[2020-10-24T06:09:28.692+0000][7][safepoint    ] Safepoint "Cleanup", Time since last: 1000519700 ns, Reaching safepoint: 339900 ns, At safepoint: 18300 ns, Total: 358200 ns
[2020-10-24T06:09:29.693+0000][7][safepoint    ] Safepoint "Cleanup", Time since last: 1000718700 ns, Reaching safepoint: 793100 ns, At safepoint: 48400 ns, Total: 841500 ns
[2020-10-24T06:09:30.695+0000][7][safepoint    ] Safepoint "Cleanup", Time since last: 1001291600 ns, Reaching safepoint: 292000 ns, At safepoint: 9700 ns, Total: 301700 ns
[2020-10-24T06:09:31.696+0000][7][safepoint    ] Safepoint "Cleanup", Time since last: 1000648700 ns, Reaching safepoint: 971600 ns, At safepoint: 49200 ns, Total: 1020800 ns
[2020-10-24T06:09:32.698+0000][7][safepoint    ] Safepoint "Cleanup", Time since last: 1000728000 ns, Reaching safepoint: 743300 ns, At safepoint: 37800 ns, Total: 781100 ns
[2020-10-24T06:09:33.699+0000][7][safepoint    ] Safepoint "Cleanup", Time since last: 1001267900 ns, Reaching safepoint: 276100 ns, At safepoint: 11200 ns, Total: 287300 ns
[2020-10-24T06:09:34.700+0000][7][safepoint    ] Safepoint "Cleanup", Time since last: 1000557900 ns, Reaching safepoint: 337800 ns, At safepoint: 25800 ns, Total: 363600 ns
[2020-10-24T06:09:35.702+0000][7][safepoint    ] Safepoint "Cleanup", Time since last: 1000590700 ns, Reaching safepoint: 693500 ns, At safepoint: 41000 ns, Total: 734500 ns
[2020-10-24T06:09:36.703+0000][7][safepoint    ] Safepoint "Cleanup", Time since last: 1000921800 ns, Reaching safepoint: 243400 ns, At safepoint: 11700 ns, Total: 255100 ns
[2020-10-24T06:09:36.885+0000][7][safepoint    ] Safepoint "BulkRevokeBias", Time since last: 180550600 ns, Reaching safepoint: 263800 ns, At safepoint: 1361900 ns, Total: 1625700 ns
[2020-10-24T06:09:38.168+0000][7][safepoint    ] Safepoint "Cleanup", Time since last: 1283172800 ns, Reaching safepoint: 249000 ns, At safepoint: 9700 ns, Total: 258700 ns
[2020-10-24T06:09:38.880+0000][7][gc,start     ] GC(211) Pause Young (Normal) (G1 Evacuation Pause)
[2020-10-24T06:09:38.880+0000][7][gc,task      ] GC(211) Using 6 workers of 10 for evacuation
[2020-10-24T06:09:38.881+0000][7][gc,age       ] GC(211) Desired survivor size 3670016 bytes, new threshold 3 (max threshold 15)
[2020-10-24T06:09:38.884+0000][7][gc,age       ] GC(211) Age table with threshold 3 (max threshold 15)
[2020-10-24T06:09:38.884+0000][7][gc,age       ] GC(211) - age   1:     798664 bytes,     798664 total
[2020-10-24T06:09:38.884+0000][7][gc,age       ] GC(211) - age   2:     653464 bytes,    1452128 total
[2020-10-24T06:09:38.885+0000][7][gc,age       ] GC(211) - age   3:     658416 bytes,    2110544 total
[2020-10-24T06:09:38.885+0000][7][gc,phases    ] GC(211)   Pre Evacuate Collection Set: 0.1ms
[2020-10-24T06:09:38.885+0000][7][gc,phases    ] GC(211)   Merge Heap Roots: 0.1ms
[2020-10-24T06:09:38.886+0000][7][gc,phases    ] GC(211)   Evacuate Collection Set: 1.9ms
[2020-10-24T06:09:38.886+0000][7][gc,phases    ] GC(211)   Post Evacuate Collection Set: 0.8ms
[2020-10-24T06:09:38.886+0000][7][gc,phases    ] GC(211)   Other: 2.3ms
[2020-10-24T06:09:38.886+0000][7][gc,heap      ] GC(211) Eden regions: 43->0(46)
[2020-10-24T06:09:38.886+0000][7][gc,heap      ] GC(211) Survivor regions: 6->3(7)
[2020-10-24T06:09:38.886+0000][7][gc,heap      ] GC(211) Old regions: 120->121
[2020-10-24T06:09:38.887+0000][7][gc,heap      ] GC(211) Archive regions: 2->2
[2020-10-24T06:09:38.887+0000][7][gc,heap      ] GC(211) Humongous regions: 15->15
[2020-10-24T06:09:38.887+0000][7][gc,metaspace ] GC(211) Metaspace: 109109K(117796K)->109109K(117796K) NonClass: 95196K(100312K)->95196K(100312K) Class: 13913K(17484K)->13913K(17484K)
[2020-10-24T06:09:38.887+0000][7][gc           ] GC(211) Pause Young (Normal) (G1 Evacuation Pause) 183M->138M(256M) 7.284ms
[2020-10-24T06:09:38.887+0000][7][gc,cpu       ] GC(211) User=0.02s Sys=0.00s Real=0.01s
[2020-10-24T06:09:38.888+0000][7][safepoint    ] Safepoint "G1CollectForAllocation", Time since last: 711097500 ns, Reaching safepoint: 235800 ns, At safepoint: 7876100 ns, Total: 8111900 ns
[2020-10-24T06:09:39.889+0000][7][safepoint    ] Safepoint "Cleanup", Time since last: 1000481500 ns, Reaching safepoint: 388600 ns, At safepoint: 21200 ns, Total: 409800 ns
[2020-10-24T06:09:40.890+0000][7][safepoint    ] Safepoint "Cleanup", Time since last: 1000774900 ns, Reaching safepoint: 809400 ns, At safepoint: 144800 ns, Total: 954200 ns
[2020-10-24T06:09:41.196+0000][7][safepoint    ] Safepoint "BulkRevokeBias", Time since last: 302693600 ns, Reaching safepoint: 498400 ns, At safepoint: 2254900 ns, Total: 2753300 ns
[2020-10-24T06:09:42.199+0000][7][safepoint    ] Safepoint "Cleanup", Time since last: 1002404200 ns, Reaching safepoint: 952200 ns, At safepoint: 49400 ns, Total: 1001600 ns
[2020-10-24T06:09:42.205+0000][7][safepoint    ] Safepoint "BulkRevokeBias", Time since last: 3283300 ns, Reaching safepoint: 615700 ns, At safepoint: 2134900 ns, Total: 2750600 ns
[2020-10-24T06:09:43.207+0000][7][safepoint    ] Safepoint "Cleanup", Time since last: 1000879700 ns, Reaching safepoint: 884500 ns, At safepoint: 48700 ns, Total: 933200 ns
[2020-10-24T06:09:44.209+0000][7][safepoint    ] Safepoint "Cleanup", Time since last: 1001257200 ns, Reaching safepoint: 274300 ns, At safepoint: 22700 ns, Total: 297000 ns
[2020-10-24T06:09:45.209+0000][7][safepoint    ] Safepoint "Cleanup", Time since last: 1000558700 ns, Reaching safepoint: 269600 ns, At safepoint: 9900 ns, Total: 279500 ns
[2020-10-24T06:09:46.210+0000][7][safepoint    ] Safepoint "Cleanup", Time since last: 1000518800 ns, Reaching safepoint: 388200 ns, At safepoint: 21700 ns, Total: 409900 ns
[2020-10-24T06:09:47.212+0000][7][safepoint    ] Safepoint "Cleanup", Time since last: 1000873700 ns, Reaching safepoint: 862800 ns, At safepoint: 53800 ns, Total: 916600 ns
[2020-10-24T06:09:48.215+0000][7][safepoint    ] Safepoint "Cleanup", Time since last: 1001290800 ns, Reaching safepoint: 1011300 ns, At safepoint: 170700 ns, Total: 1182000 ns
[2020-10-24T06:09:49.216+0000][7][safepoint    ] Safepoint "Cleanup", Time since last: 1001142900 ns, Reaching safepoint: 269300 ns, At safepoint: 10300 ns, Total: 279600 ns
[2020-10-24T06:09:50.218+0000][7][safepoint    ] Safepoint "Cleanup", Time since last: 1000671400 ns, Reaching safepoint: 899200 ns, At safepoint: 50300 ns, Total: 949500 ns
[2020-10-24T06:09:51.219+0000][7][safepoint    ] Safepoint "Cleanup", Time since last: 1001290000 ns, Reaching safepoint: 425800 ns, At safepoint: 25500 ns, Total: 451300 ns
[2020-10-24T06:09:52.221+0000][7][safepoint    ] Safepoint "Cleanup", Time since last: 1000865300 ns, Reaching safepoint: 813300 ns, At safepoint: 49400 ns, Total: 862700 ns
[2020-10-24T06:09:53.223+0000][7][safepoint    ] Safepoint "Cleanup", Time since last: 1001342700 ns, Reaching safepoint: 241300 ns, At safepoint: 10400 ns, Total: 251700 ns
[2020-10-24T06:09:54.699+0000][7][safepoint    ] Safepoint "Cleanup", Time since last: 1475860900 ns, Reaching safepoint: 626100 ns, At safepoint: 41100 ns, Total: 667200 ns
[2020-10-24T06:09:55.701+0000][7][safepoint    ] Safepoint "Cleanup", Time since last: 1001142700 ns, Reaching safepoint: 268700 ns, At safepoint: 11900 ns, Total: 280600 ns
[2020-10-24T06:09:56.701+0000][7][safepoint    ] Safepoint "Cleanup", Time since last: 1000587800 ns, Reaching safepoint: 206800 ns, At safepoint: 10300 ns, Total: 217100 ns
[2020-10-24T06:09:57.702+0000][7][safepoint    ] Safepoint "Cleanup", Time since last: 1000505600 ns, Reaching safepoint: 216400 ns, At safepoint: 24700 ns, Total: 241100 ns
[2020-10-24T06:09:58.703+0000][7][safepoint    ] Safepoint "Cleanup", Time since last: 1000496600 ns, Reaching safepoint: 274100 ns, At safepoint: 16300 ns, Total: 290400 ns
[2020-10-24T06:09:58.889+0000][7][gc,start     ] GC(212) Pause Young (Concurrent Start) (G1 Evacuation Pause)
[2020-10-24T06:09:58.890+0000][7][gc,task      ] GC(212) Using 6 workers of 10 for evacuation
[2020-10-24T06:09:58.890+0000][7][gc,age       ] GC(212) Desired survivor size 3670016 bytes, new threshold 15 (max threshold 15)
[2020-10-24T06:09:58.894+0000][7][gc,age       ] GC(212) Age table with threshold 15 (max threshold 15)
[2020-10-24T06:09:58.894+0000][7][gc,age       ] GC(212) - age   1:     457256 bytes,     457256 total
[2020-10-24T06:09:58.895+0000][7][gc,age       ] GC(212) - age   2:     417464 bytes,     874720 total
[2020-10-24T06:09:58.895+0000][7][gc,age       ] GC(212) - age   3:     644336 bytes,    1519056 total
[2020-10-24T06:09:58.895+0000][7][gc,age       ] GC(212) - age   4:     159312 bytes,    1678368 total
[2020-10-24T06:09:58.895+0000][7][gc,phases    ] GC(212)   Pre Evacuate Collection Set: 0.6ms
[2020-10-24T06:09:58.896+0000][7][gc,phases    ] GC(212)   Merge Heap Roots: 0.1ms
[2020-10-24T06:09:58.896+0000][7][gc,phases    ] GC(212)   Evacuate Collection Set: 1.7ms
[2020-10-24T06:09:58.896+0000][7][gc,phases    ] GC(212)   Post Evacuate Collection Set: 1.0ms
[2020-10-24T06:09:58.896+0000][7][gc,phases    ] GC(212)   Other: 2.5ms
[2020-10-24T06:09:58.897+0000][7][gc,heap      ] GC(212) Eden regions: 46->0(47)
[2020-10-24T06:09:58.897+0000][7][gc,heap      ] GC(212) Survivor regions: 3->2(7)
[2020-10-24T06:09:58.897+0000][7][gc,heap      ] GC(212) Old regions: 121->121
[2020-10-24T06:09:58.898+0000][7][gc,heap      ] GC(212) Archive regions: 2->2
[2020-10-24T06:09:58.898+0000][7][gc,heap      ] GC(212) Humongous regions: 15->15
[2020-10-24T06:09:58.898+0000][7][gc,metaspace ] GC(212) Metaspace: 109116K(117796K)->109116K(117796K) NonClass: 95203K(100312K)->95203K(100312K) Class: 13913K(17484K)->13913K(17484K)
[2020-10-24T06:09:58.898+0000][7][gc           ] GC(212) Pause Young (Concurrent Start) (G1 Evacuation Pause) 184M->138M(256M) 8.800ms
[2020-10-24T06:09:58.898+0000][7][gc,cpu       ] GC(212) User=0.01s Sys=0.00s Real=0.01s
[2020-10-24T06:09:58.899+0000][7][safepoint    ] Safepoint "G1CollectForAllocation", Time since last: 186057400 ns, Reaching safepoint: 311100 ns, At safepoint: 9298000 ns, Total: 9609100 ns
[2020-10-24T06:09:58.899+0000][7][gc           ] GC(213) Concurrent Cycle
[2020-10-24T06:09:58.899+0000][7][gc,marking   ] GC(213) Concurrent Clear Claimed Marks
[2020-10-24T06:09:58.900+0000][7][gc,marking   ] GC(213) Concurrent Clear Claimed Marks 0.667ms
[2020-10-24T06:09:58.900+0000][7][gc,marking   ] GC(213) Concurrent Scan Root Regions
[2020-10-24T06:09:58.901+0000][7][gc,marking   ] GC(213) Concurrent Scan Root Regions 0.928ms
[2020-10-24T06:09:58.901+0000][7][gc,marking   ] GC(213) Concurrent Mark (1556.267s)
[2020-10-24T06:09:58.901+0000][7][gc,marking   ] GC(213) Concurrent Mark From Roots
[2020-10-24T06:09:58.901+0000][7][gc,task      ] GC(213) Using 3 workers of 3 for marking
[2020-10-24T06:09:58.955+0000][7][gc,marking   ] GC(213) Concurrent Mark From Roots 53.637ms
[2020-10-24T06:09:58.955+0000][7][gc,marking   ] GC(213) Concurrent Preclean
[2020-10-24T06:09:58.956+0000][7][gc,marking   ] GC(213) Concurrent Preclean 0.682ms
[2020-10-24T06:09:58.956+0000][7][gc,marking   ] GC(213) Concurrent Mark (1556.267s, 1556.323s) 55.186ms
[2020-10-24T06:09:58.957+0000][7][gc,start     ] GC(213) Pause Remark
[2020-10-24T06:09:58.969+0000][7][gc           ] GC(213) Pause Remark 153M->153M(256M) 11.736ms
[2020-10-24T06:09:58.969+0000][7][gc,cpu       ] GC(213) User=0.04s Sys=0.02s Real=0.02s
[2020-10-24T06:09:58.969+0000][7][safepoint    ] Safepoint "G1Concurrent", Time since last: 57872500 ns, Reaching safepoint: 234200 ns, At safepoint: 12462800 ns, Total: 12697000 ns
[2020-10-24T06:09:58.970+0000][7][gc,marking   ] GC(213) Concurrent Rebuild Remembered Sets
[2020-10-24T06:09:59.005+0000][7][gc,marking   ] GC(213) Concurrent Rebuild Remembered Sets 35.558ms
[2020-10-24T06:09:59.006+0000][7][gc,start     ] GC(213) Pause Cleanup
[2020-10-24T06:09:59.006+0000][7][gc           ] GC(213) Pause Cleanup 153M->153M(256M) 0.523ms
[2020-10-24T06:09:59.007+0000][7][gc,cpu       ] GC(213) User=0.00s Sys=0.00s Real=0.00s
[2020-10-24T06:09:59.007+0000][7][safepoint    ] Safepoint "G1Concurrent", Time since last: 36369900 ns, Reaching safepoint: 229600 ns, At safepoint: 1113200 ns, Total: 1342800 ns
[2020-10-24T06:09:59.007+0000][7][gc,marking   ] GC(213) Concurrent Cleanup for Next Mark
[2020-10-24T06:09:59.008+0000][7][gc,marking   ] GC(213) Concurrent Cleanup for Next Mark 0.624ms
[2020-10-24T06:09:59.008+0000][7][gc           ] GC(213) Concurrent Cycle 109.533ms
[2020-10-24T06:09:59.920+0000][7][safepoint    ] Safepoint "ICBufferFull", Time since last: 912916400 ns, Reaching safepoint: 339200 ns, At safepoint: 11600 ns, Total: 350800 ns
[2020-10-24T06:10:00.922+0000][7][safepoint    ] Safepoint "Cleanup", Time since last: 1000530800 ns, Reaching safepoint: 1043200 ns, At safepoint: 132900 ns, Total: 1176100 ns
[2020-10-24T06:10:01.923+0000][7][safepoint    ] Safepoint "Cleanup", Time since last: 1001239400 ns, Reaching safepoint: 307500 ns, At safepoint: 11800 ns, Total: 319300 ns
[2020-10-24T06:10:02.925+0000][7][safepoint    ] Safepoint "Cleanup", Time since last: 1000563500 ns, Reaching safepoint: 1021000 ns, At safepoint: 50700 ns, Total: 1071700 ns
[2020-10-24T06:10:03.927+0000][7][safepoint    ] Safepoint "Cleanup", Time since last: 1001205900 ns, Reaching safepoint: 857700 ns, At safepoint: 51000 ns, Total: 908700 ns
[2020-10-24T06:10:04.930+0000][7][safepoint    ] Safepoint "Cleanup", Time since last: 1001218900 ns, Reaching safepoint: 926200 ns, At safepoint: 141200 ns, Total: 1067400 ns
[2020-10-24T06:10:05.932+0000][7][safepoint    ] Safepoint "Cleanup", Time since last: 1001083200 ns, Reaching safepoint: 857200 ns, At safepoint: 50400 ns, Total: 907600 ns
[2020-10-24T06:10:06.933+0000][7][safepoint    ] Safepoint "Cleanup", Time since last: 1001180100 ns, Reaching safepoint: 297200 ns, At safepoint: 24300 ns, Total: 321500 ns
[2020-10-24T06:10:07.935+0000][7][safepoint    ] Safepoint "Cleanup", Time since last: 1000606400 ns, Reaching safepoint: 835900 ns, At safepoint: 50800 ns, Total: 886700 ns
[2020-10-24T06:10:08.936+0000][7][safepoint    ] Safepoint "Cleanup", Time since last: 1001212200 ns, Reaching safepoint: 345400 ns, At safepoint: 51600 ns, Total: 397000 ns
[2020-10-24T06:10:09.937+0000][7][safepoint    ] Safepoint "Cleanup", Time since last: 1000645400 ns, Reaching safepoint: 424600 ns, At safepoint: 25200 ns, Total: 449800 ns
[2020-10-24T06:10:10.938+0000][7][safepoint    ] Safepoint "Cleanup", Time since last: 1000718200 ns, Reaching safepoint: 280600 ns, At safepoint: 15100 ns, Total: 295700 ns
[2020-10-24T06:10:11.939+0000][7][safepoint    ] Safepoint "Cleanup", Time since last: 1000566200 ns, Reaching safepoint: 255400 ns, At safepoint: 13400 ns, Total: 268800 ns
[2020-10-24T06:10:12.941+0000][7][safepoint    ] Safepoint "Cleanup", Time since last: 1000698800 ns, Reaching safepoint: 848200 ns, At safepoint: 49700 ns, Total: 897900 ns
[2020-10-24T06:10:13.943+0000][7][safepoint    ] Safepoint "Cleanup", Time since last: 1001382600 ns, Reaching safepoint: 485900 ns, At safepoint: 26600 ns, Total: 512500 ns
[2020-10-24T06:10:14.697+0000][7][gc,start     ] GC(214) Pause Young (Prepare Mixed) (G1 Evacuation Pause)
[2020-10-24T06:10:14.697+0000][7][gc,task      ] GC(214) Using 6 workers of 10 for evacuation
[2020-10-24T06:10:14.697+0000][7][gc,age       ] GC(214) Desired survivor size 3670016 bytes, new threshold 15 (max threshold 15)
[2020-10-24T06:10:14.701+0000][7][gc,age       ] GC(214) Age table with threshold 15 (max threshold 15)
[2020-10-24T06:10:14.701+0000][7][gc,age       ] GC(214) - age   1:    5752232 bytes,    5752232 total
[2020-10-24T06:10:14.702+0000][7][gc,age       ] GC(214) - age   2:     341760 bytes,    6093992 total
[2020-10-24T06:10:14.702+0000][7][gc,age       ] GC(214) - age   3:     391784 bytes,    6485776 total
[2020-10-24T06:10:14.702+0000][7][gc,age       ] GC(214) - age   4:     642456 bytes,    7128232 total
[2020-10-24T06:10:14.702+0000][7][gc,age       ] GC(214) - age   5:      99088 bytes,    7227320 total
[2020-10-24T06:10:14.703+0000][7][gc,phases    ] GC(214)   Pre Evacuate Collection Set: 0.1ms
[2020-10-24T06:10:14.703+0000][7][gc,phases    ] GC(214)   Merge Heap Roots: 0.2ms
[2020-10-24T06:10:14.703+0000][7][gc,phases    ] GC(214)   Evacuate Collection Set: 2.2ms
[2020-10-24T06:10:14.704+0000][7][gc,phases    ] GC(214)   Post Evacuate Collection Set: 0.9ms
[2020-10-24T06:10:14.704+0000][7][gc,phases    ] GC(214)   Other: 2.7ms
[2020-10-24T06:10:14.704+0000][7][gc,heap      ] GC(214) Eden regions: 47->0(5)
[2020-10-24T06:10:14.704+0000][7][gc,heap      ] GC(214) Survivor regions: 2->7(7)
[2020-10-24T06:10:14.704+0000][7][gc,heap      ] GC(214) Old regions: 121->122
[2020-10-24T06:10:14.705+0000][7][gc,heap      ] GC(214) Archive regions: 2->2
[2020-10-24T06:10:14.705+0000][7][gc,heap      ] GC(214) Humongous regions: 15->15
[2020-10-24T06:10:14.705+0000][7][gc,metaspace ] GC(214) Metaspace: 109134K(117796K)->109134K(117796K) NonClass: 95222K(100312K)->95222K(100312K) Class: 13912K(17484K)->13912K(17484K)
[2020-10-24T06:10:14.705+0000][7][gc           ] GC(214) Pause Young (Prepare Mixed) (G1 Evacuation Pause) 185M->144M(256M) 8.401ms
[2020-10-24T06:10:14.705+0000][7][gc,cpu       ] GC(214) User=0.01s Sys=0.00s Real=0.01s
[2020-10-24T06:10:14.705+0000][7][safepoint    ] Safepoint "G1CollectForAllocation", Time since last: 753791100 ns, Reaching safepoint: 274400 ns, At safepoint: 8779900 ns, Total: 9054300 ns
[2020-10-24T06:10:14.718+0000][7][gc,start     ] GC(215) Pause Young (Mixed) (G1 Evacuation Pause)
[2020-10-24T06:10:14.718+0000][7][gc,task      ] GC(215) Using 6 workers of 10 for evacuation
[2020-10-24T06:10:14.718+0000][7][gc,age       ] GC(215) Desired survivor size 1048576 bytes, new threshold 1 (max threshold 15)
[2020-10-24T06:10:14.729+0000][7][gc,age       ] GC(215) Age table with threshold 1 (max threshold 15)
[2020-10-24T06:10:14.730+0000][7][gc,age       ] GC(215) - age   1:     104992 bytes,     104992 total
[2020-10-24T06:10:14.730+0000][7][gc,phases    ] GC(215)   Pre Evacuate Collection Set: 0.1ms
[2020-10-24T06:10:14.730+0000][7][gc,phases    ] GC(215)   Merge Heap Roots: 0.3ms
[2020-10-24T06:10:14.730+0000][7][gc,phases    ] GC(215)   Evacuate Collection Set: 9.0ms
[2020-10-24T06:10:14.731+0000][7][gc,phases    ] GC(215)   Post Evacuate Collection Set: 0.9ms
[2020-10-24T06:10:14.731+0000][7][gc,phases    ] GC(215)   Other: 1.7ms
[2020-10-24T06:10:14.731+0000][7][gc,heap      ] GC(215) Eden regions: 5->0(48)
[2020-10-24T06:10:14.731+0000][7][gc,heap      ] GC(215) Survivor regions: 7->1(2)
[2020-10-24T06:10:14.731+0000][7][gc,heap      ] GC(215) Old regions: 122->117
[2020-10-24T06:10:14.731+0000][7][gc,heap      ] GC(215) Archive regions: 2->2
[2020-10-24T06:10:14.732+0000][7][gc,heap      ] GC(215) Humongous regions: 15->15
[2020-10-24T06:10:14.732+0000][7][gc,metaspace ] GC(215) Metaspace: 109134K(117796K)->109134K(117796K) NonClass: 95222K(100312K)->95222K(100312K) Class: 13912K(17484K)->13912K(17484K)
[2020-10-24T06:10:14.732+0000][7][gc           ] GC(215) Pause Young (Mixed) (G1 Evacuation Pause) 149M->132M(256M) 14.046ms
[2020-10-24T06:10:14.732+0000][7][gc,cpu       ] GC(215) User=0.06s Sys=0.00s Real=0.01s
[2020-10-24T06:10:14.732+0000][7][safepoint    ] Safepoint "G1CollectForAllocation", Time since last: 12198000 ns, Reaching safepoint: 222000 ns, At safepoint: 14400600 ns, Total: 14622600 ns
[2020-10-24T06:10:14.811+0000][7][safepoint    ] Safepoint "BulkRevokeBias", Time since last: 78044400 ns, Reaching safepoint: 254300 ns, At safepoint: 807000 ns, Total: 1061300 ns
[2020-10-24T06:10:15.813+0000][7][safepoint    ] Safepoint "Cleanup", Time since last: 1000588000 ns, Reaching safepoint: 620100 ns, At safepoint: 36000 ns, Total: 656100 ns
[2020-10-24T06:10:16.814+0000][7][safepoint    ] Safepoint "Cleanup", Time since last: 1000988800 ns, Reaching safepoint: 297600 ns, At safepoint: 14400 ns, Total: 312000 ns
[2020-10-24T06:10:17.815+0000][7][safepoint    ] Safepoint "Cleanup", Time since last: 1000656500 ns, Reaching safepoint: 270200 ns, At safepoint: 12600 ns, Total: 282800 ns
[2020-10-24T06:10:18.816+0000][7][safepoint    ] Safepoint "Cleanup", Time since last: 1000495400 ns, Reaching safepoint: 268900 ns, At safepoint: 11700 ns, Total: 280600 ns
[2020-10-24T06:10:19.817+0000][7][safepoint    ] Safepoint "Cleanup", Time since last: 1000614100 ns, Reaching safepoint: 680300 ns, At safepoint: 38800 ns, Total: 719100 ns
[2020-10-24T06:10:20.819+0000][7][safepoint    ] Safepoint "Cleanup", Time since last: 1001133600 ns, Reaching safepoint: 859800 ns, At safepoint: 48300 ns, Total: 908100 ns
[2020-10-24T06:10:21.820+0000][7][safepoint    ] Safepoint "Cleanup", Time since last: 1001184800 ns, Reaching safepoint: 299800 ns, At safepoint: 9900 ns, Total: 309700 ns
[2020-10-24T06:10:22.526+0000][7][safepoint    ] Safepoint "BulkRevokeBias", Time since last: 703211900 ns, Reaching safepoint: 333300 ns, At safepoint: 1710600 ns, Total: 2043900 ns
[2020-10-24T06:10:22.857+0000][7][gc,start     ] GC(216) Pause Young (Normal) (G1 Evacuation Pause)
[2020-10-24T06:10:22.858+0000][7][gc,task      ] GC(216) Using 6 workers of 10 for evacuation
[2020-10-24T06:10:22.858+0000][7][gc,age       ] GC(216) Desired survivor size 3670016 bytes, new threshold 15 (max threshold 15)
[2020-10-24T06:10:22.862+0000][7][gc,age       ] GC(216) Age table with threshold 15 (max threshold 15)
[2020-10-24T06:10:22.863+0000][7][gc,age       ] GC(216) - age   1:    5397680 bytes,    5397680 total
[2020-10-24T06:10:22.863+0000][7][gc,age       ] GC(216) - age   2:      61104 bytes,    5458784 total
[2020-10-24T06:10:22.863+0000][7][gc,phases    ] GC(216)   Pre Evacuate Collection Set: 0.1ms
[2020-10-24T06:10:22.864+0000][7][gc,phases    ] GC(216)   Merge Heap Roots: 0.1ms
[2020-10-24T06:10:22.864+0000][7][gc,phases    ] GC(216)   Evacuate Collection Set: 2.6ms
[2020-10-24T06:10:22.864+0000][7][gc,phases    ] GC(216)   Post Evacuate Collection Set: 0.8ms
[2020-10-24T06:10:22.864+0000][7][gc,phases    ] GC(216)   Other: 2.8ms
[2020-10-24T06:10:22.864+0000][7][gc,heap      ] GC(216) Eden regions: 48->0(40)
[2020-10-24T06:10:22.865+0000][7][gc,heap      ] GC(216) Survivor regions: 1->6(7)
[2020-10-24T06:10:22.865+0000][7][gc,heap      ] GC(216) Old regions: 117->117
[2020-10-24T06:10:22.865+0000][7][gc,heap      ] GC(216) Archive regions: 2->2
[2020-10-24T06:10:22.865+0000][7][gc,heap      ] GC(216) Humongous regions: 15->15
[2020-10-24T06:10:22.865+0000][7][gc,metaspace ] GC(216) Metaspace: 109210K(118052K)->109210K(118052K) NonClass: 95298K(100568K)->95298K(100568K) Class: 13912K(17484K)->13912K(17484K)
[2020-10-24T06:10:22.865+0000][7][gc           ] GC(216) Pause Young (Normal) (G1 Evacuation Pause) 180M->137M(256M) 8.331ms
[2020-10-24T06:10:22.865+0000][7][gc,cpu       ] GC(216) User=0.02s Sys=0.00s Real=0.01s
[2020-10-24T06:10:22.866+0000][7][safepoint    ] Safepoint "G1CollectForAllocation", Time since last: 330915500 ns, Reaching safepoint: 297300 ns, At safepoint: 8811200 ns, Total: 9108500 ns
[2020-10-24T06:10:22.892+0000][7][gc,start     ] GC(217) Pause Young (Normal) (G1 Evacuation Pause)
[2020-10-24T06:10:22.892+0000][7][gc,task      ] GC(217) Using 6 workers of 10 for evacuation
[2020-10-24T06:10:22.892+0000][7][gc,age       ] GC(217) Desired survivor size 3145728 bytes, new threshold 1 (max threshold 15)
[2020-10-24T06:10:22.895+0000][7][gc,age       ] GC(217) Age table with threshold 1 (max threshold 15)
[2020-10-24T06:10:22.895+0000][7][gc,age       ] GC(217) - age   1:     213648 bytes,     213648 total
[2020-10-24T06:10:22.896+0000][7][gc,phases    ] GC(217)   Pre Evacuate Collection Set: 0.1ms
[2020-10-24T06:10:22.896+0000][7][gc,phases    ] GC(217)   Merge Heap Roots: 0.1ms
[2020-10-24T06:10:22.896+0000][7][gc,phases    ] GC(217)   Evacuate Collection Set: 1.3ms
[2020-10-24T06:10:22.896+0000][7][gc,phases    ] GC(217)   Post Evacuate Collection Set: 0.9ms
[2020-10-24T06:10:22.897+0000][7][gc,phases    ] GC(217)   Other: 1.6ms
[2020-10-24T06:10:22.897+0000][7][gc,heap      ] GC(217) Eden regions: 40->0(46)
[2020-10-24T06:10:22.897+0000][7][gc,heap      ] GC(217) Survivor regions: 6->1(6)
[2020-10-24T06:10:22.898+0000][7][gc,heap      ] GC(217) Old regions: 117->118
[2020-10-24T06:10:22.898+0000][7][gc,heap      ] GC(217) Archive regions: 2->2
[2020-10-24T06:10:22.898+0000][7][gc,heap      ] GC(217) Humongous regions: 15->15
[2020-10-24T06:10:22.898+0000][7][gc,metaspace ] GC(217) Metaspace: 109210K(118052K)->109210K(118052K) NonClass: 95298K(100568K)->95298K(100568K) Class: 13912K(17484K)->13912K(17484K)
[2020-10-24T06:10:22.898+0000][7][gc           ] GC(217) Pause Young (Normal) (G1 Evacuation Pause) 177M->133M(256M) 6.864ms
[2020-10-24T06:10:22.899+0000][7][gc,cpu       ] GC(217) User=0.01s Sys=0.00s Real=0.01s
[2020-10-24T06:10:22.899+0000][7][safepoint    ] Safepoint "G1CollectForAllocation", Time since last: 25592100 ns, Reaching safepoint: 232800 ns, At safepoint: 7393900 ns, Total: 7626700 ns
[2020-10-24T06:10:22.912+0000][7][safepoint    ] Safepoint "ICBufferFull", Time since last: 12744900 ns, Reaching safepoint: 360500 ns, At safepoint: 11100 ns, Total: 371600 ns
[2020-10-24T06:10:24.907+0000][7][safepoint    ] Safepoint "Cleanup", Time since last: 1995128300 ns, Reaching safepoint: 284200 ns, At safepoint: 10500 ns, Total: 294700 ns
[2020-10-24T06:10:25.909+0000][7][safepoint    ] Safepoint "Cleanup", Time since last: 1000624800 ns, Reaching safepoint: 764900 ns, At safepoint: 50500 ns, Total: 815400 ns
[2020-10-24T06:10:26.911+0000][7][safepoint    ] Safepoint "Cleanup", Time since last: 1001210200 ns, Reaching safepoint: 406200 ns, At safepoint: 21600 ns, Total: 427800 ns
[2020-10-24T06:10:27.912+0000][7][safepoint    ] Safepoint "Cleanup", Time since last: 1000798000 ns, Reaching safepoint: 210600 ns, At safepoint: 11200 ns, Total: 221800 ns
[2020-10-24T06:10:28.912+0000][7][safepoint    ] Safepoint "Cleanup", Time since last: 1000569000 ns, Reaching safepoint: 305700 ns, At safepoint: 15300 ns, Total: 321000 ns
[2020-10-24T06:10:29.913+0000][7][safepoint    ] Safepoint "Cleanup", Time since last: 1000554500 ns, Reaching safepoint: 225200 ns, At safepoint: 9400 ns, Total: 234600 ns
[2020-10-24T06:10:30.914+0000][7][safepoint    ] Safepoint "Cleanup", Time since last: 1000479900 ns, Reaching safepoint: 333200 ns, At safepoint: 26600 ns, Total: 359800 ns
[2020-10-24T06:10:31.915+0000][7][safepoint    ] Safepoint "Cleanup", Time since last: 1000552100 ns, Reaching safepoint: 268200 ns, At safepoint: 12600 ns, Total: 280800 ns
[2020-10-24T06:10:32.916+0000][7][safepoint    ] Safepoint "Cleanup", Time since last: 1000579100 ns, Reaching safepoint: 883600 ns, At safepoint: 50000 ns, Total: 933600 ns
[2020-10-24T06:10:33.918+0000][7][safepoint    ] Safepoint "Cleanup", Time since last: 1001230000 ns, Reaching safepoint: 225500 ns, At safepoint: 10400 ns, Total: 235900 ns
[2020-10-24T06:10:34.919+0000][7][safepoint    ] Safepoint "Cleanup", Time since last: 1000692500 ns, Reaching safepoint: 753900 ns, At safepoint: 50700 ns, Total: 804600 ns
[2020-10-24T06:10:35.921+0000][7][safepoint    ] Safepoint "Cleanup", Time since last: 1001258500 ns, Reaching safepoint: 262700 ns, At safepoint: 9900 ns, Total: 272600 ns
[2020-10-24T06:10:36.922+0000][7][safepoint    ] Safepoint "Cleanup", Time since last: 1000552600 ns, Reaching safepoint: 908300 ns, At safepoint: 48700 ns, Total: 957000 ns
[2020-10-24T06:10:37.924+0000][7][safepoint    ] Safepoint "Cleanup", Time since last: 1001221100 ns, Reaching safepoint: 246700 ns, At safepoint: 11700 ns, Total: 258400 ns
[2020-10-24T06:10:38.925+0000][7][safepoint    ] Safepoint "Cleanup", Time since last: 1000539100 ns, Reaching safepoint: 230800 ns, At safepoint: 9700 ns, Total: 240500 ns
[2020-10-24T06:10:39.926+0000][7][safepoint    ] Safepoint "Cleanup", Time since last: 1000491200 ns, Reaching safepoint: 291700 ns, At safepoint: 12700 ns, Total: 304400 ns
[2020-10-24T06:10:40.926+0000][7][safepoint    ] Safepoint "Cleanup", Time since last: 1000567100 ns, Reaching safepoint: 242700 ns, At safepoint: 11100 ns, Total: 253800 ns
[2020-10-24T06:10:41.928+0000][7][safepoint    ] Safepoint "Cleanup", Time since last: 1000637500 ns, Reaching safepoint: 1222800 ns, At safepoint: 49200 ns, Total: 1272000 ns
[2020-10-24T06:10:42.930+0000][7][safepoint    ] Safepoint "Cleanup", Time since last: 1001253500 ns, Reaching safepoint: 318000 ns, At safepoint: 16100 ns, Total: 334100 ns
[2020-10-24T06:10:43.931+0000][7][safepoint    ] Safepoint "Cleanup", Time since last: 1000679600 ns, Reaching safepoint: 271100 ns, At safepoint: 9600 ns, Total: 280700 ns
[2020-10-24T06:10:44.932+0000][7][safepoint    ] Safepoint "Cleanup", Time since last: 1000536200 ns, Reaching safepoint: 354600 ns, At safepoint: 9600 ns, Total: 364200 ns
[2020-10-24T06:10:45.933+0000][7][safepoint    ] Safepoint "Cleanup", Time since last: 1000600300 ns, Reaching safepoint: 210500 ns, At safepoint: 13600 ns, Total: 224100 ns
[2020-10-24T06:10:46.117+0000][7][gc,start     ] GC(218) Pause Young (Concurrent Start) (G1 Evacuation Pause)
[2020-10-24T06:10:46.117+0000][7][gc,task      ] GC(218) Using 6 workers of 10 for evacuation
[2020-10-24T06:10:46.118+0000][7][gc,age       ] GC(218) Desired survivor size 3145728 bytes, new threshold 15 (max threshold 15)
[2020-10-24T06:10:46.121+0000][7][gc,age       ] GC(218) Age table with threshold 15 (max threshold 15)
[2020-10-24T06:10:46.121+0000][7][gc,age       ] GC(218) - age   1:     374320 bytes,     374320 total
[2020-10-24T06:10:46.122+0000][7][gc,age       ] GC(218) - age   2:       7200 bytes,     381520 total
[2020-10-24T06:10:46.122+0000][7][gc,phases    ] GC(218)   Pre Evacuate Collection Set: 0.6ms
[2020-10-24T06:10:46.122+0000][7][gc,phases    ] GC(218)   Merge Heap Roots: 0.1ms
[2020-10-24T06:10:46.123+0000][7][gc,phases    ] GC(218)   Evacuate Collection Set: 1.5ms
[2020-10-24T06:10:46.123+0000][7][gc,phases    ] GC(218)   Post Evacuate Collection Set: 0.8ms
[2020-10-24T06:10:46.123+0000][7][gc,phases    ] GC(218)   Other: 1.9ms
[2020-10-24T06:10:46.123+0000][7][gc,heap      ] GC(218) Eden regions: 46->0(48)
[2020-10-24T06:10:46.123+0000][7][gc,heap      ] GC(218) Survivor regions: 1->1(6)
[2020-10-24T06:10:46.124+0000][7][gc,heap      ] GC(218) Old regions: 118->118
[2020-10-24T06:10:46.124+0000][7][gc,heap      ] GC(218) Archive regions: 2->2
[2020-10-24T06:10:46.124+0000][7][gc,heap      ] GC(218) Humongous regions: 15->15
[2020-10-24T06:10:46.124+0000][7][gc,metaspace ] GC(218) Metaspace: 109214K(118052K)->109214K(118052K) NonClass: 95301K(100568K)->95301K(100568K) Class: 13912K(17484K)->13912K(17484K)
[2020-10-24T06:10:46.124+0000][7][gc           ] GC(218) Pause Young (Concurrent Start) (G1 Evacuation Pause) 179M->133M(256M) 7.331ms
[2020-10-24T06:10:46.125+0000][7][gc,cpu       ] GC(218) User=0.01s Sys=0.00s Real=0.01s
[2020-10-24T06:10:46.125+0000][7][gc           ] GC(219) Concurrent Cycle
[2020-10-24T06:10:46.125+0000][7][gc,marking   ] GC(219) Concurrent Clear Claimed Marks
[2020-10-24T06:10:46.125+0000][7][safepoint    ] Safepoint "G1CollectForAllocation", Time since last: 184313200 ns, Reaching safepoint: 256400 ns, At safepoint: 7773200 ns, Total: 8029600 ns
[2020-10-24T06:10:46.126+0000][7][gc,marking   ] GC(219) Concurrent Clear Claimed Marks 0.460ms
[2020-10-24T06:10:46.126+0000][7][gc,marking   ] GC(219) Concurrent Scan Root Regions
[2020-10-24T06:10:46.127+0000][7][gc,marking   ] GC(219) Concurrent Scan Root Regions 1.172ms
[2020-10-24T06:10:46.127+0000][7][gc,marking   ] GC(219) Concurrent Mark (1603.494s)
[2020-10-24T06:10:46.127+0000][7][gc,marking   ] GC(219) Concurrent Mark From Roots
[2020-10-24T06:10:46.128+0000][7][gc,task      ] GC(219) Using 3 workers of 3 for marking
[2020-10-24T06:10:46.174+0000][7][gc,marking   ] GC(219) Concurrent Mark From Roots 46.926ms
[2020-10-24T06:10:46.175+0000][7][gc,marking   ] GC(219) Concurrent Preclean
[2020-10-24T06:10:46.175+0000][7][gc,marking   ] GC(219) Concurrent Preclean 0.717ms
[2020-10-24T06:10:46.176+0000][7][gc,marking   ] GC(219) Concurrent Mark (1603.494s, 1603.542s) 48.530ms
[2020-10-24T06:10:46.176+0000][7][gc,start     ] GC(219) Pause Remark
[2020-10-24T06:10:46.183+0000][7][gc           ] GC(219) Pause Remark 138M->138M(256M) 6.810ms
[2020-10-24T06:10:46.183+0000][7][gc,cpu       ] GC(219) User=0.01s Sys=0.02s Real=0.01s
[2020-10-24T06:10:46.184+0000][7][safepoint    ] Safepoint "G1Concurrent", Time since last: 51152300 ns, Reaching safepoint: 262900 ns, At safepoint: 7425300 ns, Total: 7688200 ns
[2020-10-24T06:10:46.184+0000][7][gc,marking   ] GC(219) Concurrent Rebuild Remembered Sets
[2020-10-24T06:10:46.218+0000][7][gc,marking   ] GC(219) Concurrent Rebuild Remembered Sets 33.627ms
[2020-10-24T06:10:46.218+0000][7][gc,start     ] GC(219) Pause Cleanup
[2020-10-24T06:10:46.219+0000][7][gc           ] GC(219) Pause Cleanup 138M->138M(256M) 0.580ms
[2020-10-24T06:10:46.219+0000][7][gc,cpu       ] GC(219) User=0.01s Sys=0.00s Real=0.00s
[2020-10-24T06:10:46.220+0000][7][safepoint    ] Safepoint "G1Concurrent", Time since last: 34460900 ns, Reaching safepoint: 209300 ns, At safepoint: 1226000 ns, Total: 1435300 ns
[2020-10-24T06:10:46.220+0000][7][gc,marking   ] GC(219) Concurrent Cleanup for Next Mark
[2020-10-24T06:10:46.221+0000][7][gc,marking   ] GC(219) Concurrent Cleanup for Next Mark 0.589ms
[2020-10-24T06:10:46.221+0000][7][gc           ] GC(219) Concurrent Cycle 95.968ms
[2020-10-24T06:10:47.221+0000][7][safepoint    ] Safepoint "Cleanup", Time since last: 1000541500 ns, Reaching safepoint: 759900 ns, At safepoint: 49600 ns, Total: 809500 ns
[2020-10-24T06:10:48.223+0000][7][safepoint    ] Safepoint "Cleanup", Time since last: 1001331700 ns, Reaching safepoint: 239500 ns, At safepoint: 10200 ns, Total: 249700 ns
[2020-10-24T06:10:49.223+0000][7][safepoint    ] Safepoint "Cleanup", Time since last: 1000492000 ns, Reaching safepoint: 230300 ns, At safepoint: 10400 ns, Total: 240700 ns
[2020-10-24T06:10:50.225+0000][7][safepoint    ] Safepoint "Cleanup", Time since last: 1000597900 ns, Reaching safepoint: 882800 ns, At safepoint: 49300 ns, Total: 932100 ns
[2020-10-24T06:10:51.227+0000][7][safepoint    ] Safepoint "Cleanup", Time since last: 1001359000 ns, Reaching safepoint: 783400 ns, At safepoint: 48800 ns, Total: 832200 ns
[2020-10-24T06:10:52.233+0000][7][safepoint    ] Safepoint "Cleanup", Time since last: 1005076800 ns, Reaching safepoint: 671300 ns, At safepoint: 39500 ns, Total: 710800 ns
[2020-10-24T06:10:53.235+0000][7][safepoint    ] Safepoint "Cleanup", Time since last: 1001169500 ns, Reaching safepoint: 809600 ns, At safepoint: 48400 ns, Total: 858000 ns
[2020-10-24T06:10:54.237+0000][7][safepoint    ] Safepoint "Cleanup", Time since last: 1001267200 ns, Reaching safepoint: 1057400 ns, At safepoint: 51100 ns, Total: 1108500 ns
[2020-10-24T06:10:55.239+0000][7][safepoint    ] Safepoint "Cleanup", Time since last: 1001141300 ns, Reaching safepoint: 786600 ns, At safepoint: 50200 ns, Total: 836800 ns
[2020-10-24T06:10:56.241+0000][7][safepoint    ] Safepoint "Cleanup", Time since last: 1001304200 ns, Reaching safepoint: 713600 ns, At safepoint: 39600 ns, Total: 753200 ns
[2020-10-24T06:10:57.242+0000][7][safepoint    ] Safepoint "Cleanup", Time since last: 1001024100 ns, Reaching safepoint: 225900 ns, At safepoint: 9900 ns, Total: 235800 ns
[2020-10-24T06:10:58.244+0000][7][safepoint    ] Safepoint "Cleanup", Time since last: 1000557900 ns, Reaching safepoint: 801100 ns, At safepoint: 48300 ns, Total: 849400 ns
[2020-10-24T06:10:59.246+0000][7][safepoint    ] Safepoint "Cleanup", Time since last: 1001234200 ns, Reaching safepoint: 653200 ns, At safepoint: 35400 ns, Total: 688600 ns
[2020-10-24T06:11:00.248+0000][7][safepoint    ] Safepoint "Cleanup", Time since last: 1001081900 ns, Reaching safepoint: 764400 ns, At safepoint: 64400 ns, Total: 828800 ns
[2020-10-24T06:11:01.250+0000][7][safepoint    ] Safepoint "Cleanup", Time since last: 1001147900 ns, Reaching safepoint: 823000 ns, At safepoint: 49100 ns, Total: 872100 ns
[2020-10-24T06:11:02.975+0000][7][safepoint    ] Safepoint "Cleanup", Time since last: 1725098200 ns, Reaching safepoint: 366300 ns, At safepoint: 10000 ns, Total: 376300 ns
[2020-10-24T06:11:03.968+0000][7][gc,start     ] GC(220) Pause Young (Normal) (G1 Evacuation Pause)
[2020-10-24T06:11:03.969+0000][7][gc,task      ] GC(220) Using 6 workers of 10 for evacuation
[2020-10-24T06:11:03.969+0000][7][gc,age       ] GC(220) Desired survivor size 3670016 bytes, new threshold 15 (max threshold 15)
[2020-10-24T06:11:03.973+0000][7][gc,age       ] GC(220) Age table with threshold 15 (max threshold 15)
[2020-10-24T06:11:03.974+0000][7][gc,age       ] GC(220) - age   1:     583432 bytes,     583432 total
[2020-10-24T06:11:03.974+0000][7][gc,age       ] GC(220) - age   2:     303520 bytes,     886952 total
[2020-10-24T06:11:03.975+0000][7][gc,age       ] GC(220) - age   3:        736 bytes,     887688 total
[2020-10-24T06:11:03.975+0000][7][gc,phases    ] GC(220)   Pre Evacuate Collection Set: 0.2ms
[2020-10-24T06:11:03.976+0000][7][gc,phases    ] GC(220)   Merge Heap Roots: 0.1ms
[2020-10-24T06:11:03.976+0000][7][gc,phases    ] GC(220)   Evacuate Collection Set: 2.2ms
[2020-10-24T06:11:03.976+0000][7][gc,phases    ] GC(220)   Post Evacuate Collection Set: 1.3ms
[2020-10-24T06:11:03.977+0000][7][gc,phases    ] GC(220)   Other: 3.0ms
[2020-10-24T06:11:03.977+0000][7][gc,heap      ] GC(220) Eden regions: 48->0(49)
[2020-10-24T06:11:03.978+0000][7][gc,heap      ] GC(220) Survivor regions: 1->1(7)
[2020-10-24T06:11:03.978+0000][7][gc,heap      ] GC(220) Old regions: 118->118
[2020-10-24T06:11:03.978+0000][7][gc,heap      ] GC(220) Archive regions: 2->2
[2020-10-24T06:11:03.978+0000][7][gc,heap      ] GC(220) Humongous regions: 15->15
[2020-10-24T06:11:03.979+0000][7][gc,metaspace ] GC(220) Metaspace: 109230K(118052K)->109230K(118052K) NonClass: 95314K(100568K)->95314K(100568K) Class: 13916K(17484K)->13916K(17484K)
[2020-10-24T06:11:03.979+0000][7][gc           ] GC(220) Pause Young (Normal) (G1 Evacuation Pause) 181M->134M(256M) 10.407ms
[2020-10-24T06:11:03.979+0000][7][gc,cpu       ] GC(220) User=0.01s Sys=0.00s Real=0.01s
[2020-10-24T06:11:03.979+0000][7][safepoint    ] Safepoint "G1CollectForAllocation", Time since last: 992818200 ns, Reaching safepoint: 295500 ns, At safepoint: 10903200 ns, Total: 11198700 ns
[2020-10-24T06:11:04.980+0000][7][safepoint    ] Safepoint "Cleanup", Time since last: 1000403100 ns, Reaching safepoint: 260000 ns, At safepoint: 9300 ns, Total: 269300 ns
[2020-10-24T06:11:05.981+0000][7][safepoint    ] Safepoint "Cleanup", Time since last: 1000450800 ns, Reaching safepoint: 242900 ns, At safepoint: 11200 ns, Total: 254100 ns
[2020-10-24T06:11:06.982+0000][7][safepoint    ] Safepoint "Cleanup", Time since last: 1000565400 ns, Reaching safepoint: 1051000 ns, At safepoint: 141100 ns, Total: 1192100 ns
[2020-10-24T06:11:07.985+0000][7][safepoint    ] Safepoint "Cleanup", Time since last: 1001125600 ns, Reaching safepoint: 943900 ns, At safepoint: 303500 ns, Total: 1247400 ns
[2020-10-24T06:11:08.987+0000][7][safepoint    ] Safepoint "Cleanup", Time since last: 1001075100 ns, Reaching safepoint: 761700 ns, At safepoint: 53900 ns, Total: 815600 ns
[2020-10-24T06:11:09.987+0000][7][safepoint    ] Safepoint "Cleanup", Time since last: 1000532400 ns, Reaching safepoint: 295000 ns, At safepoint: 16300 ns, Total: 311300 ns
[2020-10-24T06:11:10.988+0000][7][safepoint    ] Safepoint "Cleanup", Time since last: 1000589500 ns, Reaching safepoint: 228500 ns, At safepoint: 12600 ns, Total: 241100 ns
[2020-10-24T06:11:11.990+0000][7][safepoint    ] Safepoint "Cleanup", Time since last: 1000557800 ns, Reaching safepoint: 1008700 ns, At safepoint: 253500 ns, Total: 1262200 ns
[2020-10-24T06:11:12.993+0000][7][safepoint    ] Safepoint "Cleanup", Time since last: 1001261000 ns, Reaching safepoint: 870700 ns, At safepoint: 255100 ns, Total: 1125800 ns
[2020-10-24T06:11:13.994+0000][7][safepoint    ] Safepoint "Cleanup", Time since last: 1000950700 ns, Reaching safepoint: 242200 ns, At safepoint: 31000 ns, Total: 273200 ns
[2020-10-24T06:11:14.995+0000][7][safepoint    ] Safepoint "Cleanup", Time since last: 1000495300 ns, Reaching safepoint: 255500 ns, At safepoint: 23400 ns, Total: 278900 ns
[2020-10-24T06:11:15.996+0000][7][safepoint    ] Safepoint "Cleanup", Time since last: 1000531300 ns, Reaching safepoint: 680000 ns, At safepoint: 56800 ns, Total: 736800 ns
[2020-10-24T06:11:16.998+0000][7][safepoint    ] Safepoint "Cleanup", Time since last: 1001318200 ns, Reaching safepoint: 732400 ns, At safepoint: 53900 ns, Total: 786300 ns
[2020-10-24T06:11:17.999+0000][7][safepoint    ] Safepoint "Cleanup", Time since last: 1001122100 ns, Reaching safepoint: 198500 ns, At safepoint: 10900 ns, Total: 209400 ns
[2020-10-24T06:11:19.000+0000][7][safepoint    ] Safepoint "Cleanup", Time since last: 1000463000 ns, Reaching safepoint: 184500 ns, At safepoint: 19300 ns, Total: 203800 ns
[2020-10-24T06:11:20.001+0000][7][safepoint    ] Safepoint "Cleanup", Time since last: 1000492600 ns, Reaching safepoint: 675300 ns, At safepoint: 50700 ns, Total: 726000 ns
[2020-10-24T06:11:21.004+0000][7][safepoint    ] Safepoint "Cleanup", Time since last: 1001359500 ns, Reaching safepoint: 994000 ns, At safepoint: 52400 ns, Total: 1046400 ns
[2020-10-24T06:11:22.005+0000][7][safepoint    ] Safepoint "Cleanup", Time since last: 1001102300 ns, Reaching safepoint: 216900 ns, At safepoint: 9400 ns, Total: 226300 ns
[2020-10-24T06:11:22.933+0000][7][gc,start     ] GC(221) Pause Young (Concurrent Start) (G1 Evacuation Pause)
[2020-10-24T06:11:22.934+0000][7][gc,task      ] GC(221) Using 6 workers of 10 for evacuation
[2020-10-24T06:11:22.934+0000][7][gc,age       ] GC(221) Desired survivor size 3670016 bytes, new threshold 15 (max threshold 15)
[2020-10-24T06:11:22.938+0000][7][gc,age       ] GC(221) Age table with threshold 15 (max threshold 15)
[2020-10-24T06:11:22.938+0000][7][gc,age       ] GC(221) - age   1:    4618648 bytes,    4618648 total
[2020-10-24T06:11:22.939+0000][7][gc,age       ] GC(221) - age   2:     527592 bytes,    5146240 total
[2020-10-24T06:11:22.939+0000][7][gc,age       ] GC(221) - age   3:     276088 bytes,    5422328 total
[2020-10-24T06:11:22.939+0000][7][gc,age       ] GC(221) - age   4:        736 bytes,    5423064 total
[2020-10-24T06:11:22.939+0000][7][gc,phases    ] GC(221)   Pre Evacuate Collection Set: 0.6ms
[2020-10-24T06:11:22.940+0000][7][gc,phases    ] GC(221)   Merge Heap Roots: 0.2ms
[2020-10-24T06:11:22.940+0000][7][gc,phases    ] GC(221)   Evacuate Collection Set: 1.9ms
[2020-10-24T06:11:22.940+0000][7][gc,phases    ] GC(221)   Post Evacuate Collection Set: 0.8ms
[2020-10-24T06:11:22.940+0000][7][gc,phases    ] GC(221)   Other: 2.5ms
[2020-10-24T06:11:22.940+0000][7][gc,heap      ] GC(221) Eden regions: 49->0(42)
[2020-10-24T06:11:22.940+0000][7][gc,heap      ] GC(221) Survivor regions: 1->6(7)
[2020-10-24T06:11:22.941+0000][7][gc,heap      ] GC(221) Old regions: 118->118
[2020-10-24T06:11:22.941+0000][7][gc,heap      ] GC(221) Archive regions: 2->2
[2020-10-24T06:11:22.941+0000][7][gc,heap      ] GC(221) Humongous regions: 15->15
[2020-10-24T06:11:22.941+0000][7][gc,metaspace ] GC(221) Metaspace: 109245K(118052K)->109245K(118052K) NonClass: 95329K(100568K)->95329K(100568K) Class: 13916K(17484K)->13916K(17484K)
[2020-10-24T06:11:22.941+0000][7][gc           ] GC(221) Pause Young (Concurrent Start) (G1 Evacuation Pause) 183M->138M(256M) 7.971ms
[2020-10-24T06:11:22.942+0000][7][gc,cpu       ] GC(221) User=0.00s Sys=0.01s Real=0.01s
[2020-10-24T06:11:22.942+0000][7][safepoint    ] Safepoint "G1CollectForAllocation", Time since last: 928300700 ns, Reaching safepoint: 230300 ns, At safepoint: 8382500 ns, Total: 8612800 ns
[2020-10-24T06:11:22.942+0000][7][gc           ] GC(222) Concurrent Cycle
[2020-10-24T06:11:22.942+0000][7][gc,marking   ] GC(222) Concurrent Clear Claimed Marks
[2020-10-24T06:11:22.943+0000][7][gc,marking   ] GC(222) Concurrent Clear Claimed Marks 0.694ms
[2020-10-24T06:11:22.943+0000][7][gc,marking   ] GC(222) Concurrent Scan Root Regions
[2020-10-24T06:11:22.944+0000][7][gc,marking   ] GC(222) Concurrent Scan Root Regions 1.229ms
[2020-10-24T06:11:22.944+0000][7][gc,marking   ] GC(222) Concurrent Mark (1640.311s)
[2020-10-24T06:11:22.945+0000][7][gc,marking   ] GC(222) Concurrent Mark From Roots
[2020-10-24T06:11:22.945+0000][7][gc,task      ] GC(222) Using 3 workers of 3 for marking
[2020-10-24T06:11:22.972+0000][7][safepoint    ] Safepoint "BulkRevokeBias", Time since last: 28836900 ns, Reaching safepoint: 308600 ns, At safepoint: 750300 ns, Total: 1058900 ns
[2020-10-24T06:11:22.977+0000][7][gc,start     ] GC(223) Pause Young (Normal) (G1 Evacuation Pause)
[2020-10-24T06:11:22.977+0000][7][gc,task      ] GC(223) Using 6 workers of 10 for evacuation
[2020-10-24T06:11:22.978+0000][7][gc,age       ] GC(223) Desired survivor size 3145728 bytes, new threshold 1 (max threshold 15)
[2020-10-24T06:11:22.981+0000][7][gc,age       ] GC(223) Age table with threshold 1 (max threshold 15)
[2020-10-24T06:11:22.981+0000][7][gc,age       ] GC(223) - age   1:     777344 bytes,     777344 total
[2020-10-24T06:11:22.982+0000][7][gc,phases    ] GC(223)   Pre Evacuate Collection Set: 0.1ms
[2020-10-24T06:11:22.982+0000][7][gc,phases    ] GC(223)   Merge Heap Roots: 0.1ms
[2020-10-24T06:11:22.982+0000][7][gc,phases    ] GC(223)   Evacuate Collection Set: 1.8ms
[2020-10-24T06:11:22.982+0000][7][gc,phases    ] GC(223)   Post Evacuate Collection Set: 0.9ms
[2020-10-24T06:11:22.983+0000][7][gc,phases    ] GC(223)   Other: 1.7ms
[2020-10-24T06:11:22.983+0000][7][gc,heap      ] GC(223) Eden regions: 42->0(46)
[2020-10-24T06:11:22.983+0000][7][gc,heap      ] GC(223) Survivor regions: 6->1(6)
[2020-10-24T06:11:22.983+0000][7][gc,heap      ] GC(223) Old regions: 118->120
[2020-10-24T06:11:22.983+0000][7][gc,heap      ] GC(223) Archive regions: 2->2
[2020-10-24T06:11:22.983+0000][7][gc,heap      ] GC(223) Humongous regions: 15->15
[2020-10-24T06:11:22.984+0000][7][gc,metaspace ] GC(223) Metaspace: 109250K(118052K)->109250K(118052K) NonClass: 95334K(100568K)->95334K(100568K) Class: 13916K(17484K)->13916K(17484K)
[2020-10-24T06:11:22.984+0000][7][gc           ] GC(223) Pause Young (Normal) (G1 Evacuation Pause) 180M->136M(256M) 6.887ms
[2020-10-24T06:11:22.984+0000][7][gc,cpu       ] GC(223) User=0.01s Sys=0.00s Real=0.01s
[2020-10-24T06:11:22.984+0000][7][safepoint    ] Safepoint "G1CollectForAllocation", Time since last: 4863300 ns, Reaching safepoint: 378600 ns, At safepoint: 7320600 ns, Total: 7699200 ns
[2020-10-24T06:11:23.005+0000][7][gc,marking   ] GC(222) Concurrent Mark From Roots 60.243ms
[2020-10-24T06:11:23.005+0000][7][gc,marking   ] GC(222) Concurrent Preclean
[2020-10-24T06:11:23.006+0000][7][gc,marking   ] GC(222) Concurrent Preclean 0.698ms
[2020-10-24T06:11:23.006+0000][7][gc,marking   ] GC(222) Concurrent Mark (1640.311s, 1640.373s) 61.830ms
[2020-10-24T06:11:23.007+0000][7][gc,start     ] GC(222) Pause Remark
[2020-10-24T06:11:23.014+0000][7][gc           ] GC(222) Pause Remark 145M->145M(256M) 7.076ms
[2020-10-24T06:11:23.014+0000][7][gc,cpu       ] GC(222) User=0.04s Sys=0.00s Real=0.01s
[2020-10-24T06:11:23.015+0000][7][safepoint    ] Safepoint "G1Concurrent", Time since last: 22494300 ns, Reaching safepoint: 309100 ns, At safepoint: 7775500 ns, Total: 8084600 ns
[2020-10-24T06:11:23.015+0000][7][gc,marking   ] GC(222) Concurrent Rebuild Remembered Sets
[2020-10-24T06:11:23.053+0000][7][gc,marking   ] GC(222) Concurrent Rebuild Remembered Sets 38.157ms
[2020-10-24T06:11:23.054+0000][7][gc,start     ] GC(222) Pause Cleanup
[2020-10-24T06:11:23.055+0000][7][gc           ] GC(222) Pause Cleanup 145M->145M(256M) 0.577ms
[2020-10-24T06:11:23.055+0000][7][gc,cpu       ] GC(222) User=0.00s Sys=0.00s Real=0.00s
[2020-10-24T06:11:23.055+0000][7][safepoint    ] Safepoint "G1Concurrent", Time since last: 38968900 ns, Reaching safepoint: 252700 ns, At safepoint: 1214400 ns, Total: 1467100 ns
[2020-10-24T06:11:23.056+0000][7][gc,marking   ] GC(222) Concurrent Cleanup for Next Mark
[2020-10-24T06:11:23.056+0000][7][gc,marking   ] GC(222) Concurrent Cleanup for Next Mark 0.652ms
[2020-10-24T06:11:23.057+0000][7][gc           ] GC(222) Concurrent Cycle 114.759ms
[2020-10-24T06:11:24.973+0000][7][safepoint    ] Safepoint "Cleanup", Time since last: 1917165800 ns, Reaching safepoint: 887900 ns, At safepoint: 48900 ns, Total: 936800 ns
[2020-10-24T06:11:25.975+0000][7][safepoint    ] Safepoint "Cleanup", Time since last: 1001258200 ns, Reaching safepoint: 254600 ns, At safepoint: 23000 ns, Total: 277600 ns
[2020-10-24T06:11:26.976+0000][7][safepoint    ] Safepoint "Cleanup", Time since last: 1000499300 ns, Reaching safepoint: 265600 ns, At safepoint: 10100 ns, Total: 275700 ns
[2020-10-24T06:11:27.976+0000][7][safepoint    ] Safepoint "Cleanup", Time since last: 1000531600 ns, Reaching safepoint: 271900 ns, At safepoint: 49400 ns, Total: 321300 ns
[2020-10-24T06:11:28.977+0000][7][safepoint    ] Safepoint "Cleanup", Time since last: 1000507200 ns, Reaching safepoint: 251100 ns, At safepoint: 10500 ns, Total: 261600 ns
[2020-10-24T06:11:29.978+0000][7][safepoint    ] Safepoint "Cleanup", Time since last: 1000493300 ns, Reaching safepoint: 253300 ns, At safepoint: 10000 ns, Total: 263300 ns
[2020-10-24T06:11:30.979+0000][7][safepoint    ] Safepoint "Cleanup", Time since last: 1000649300 ns, Reaching safepoint: 633000 ns, At safepoint: 39400 ns, Total: 672400 ns
[2020-10-24T06:11:31.981+0000][7][safepoint    ] Safepoint "Cleanup", Time since last: 1001097600 ns, Reaching safepoint: 617900 ns, At safepoint: 35900 ns, Total: 653800 ns
[2020-10-24T06:11:32.983+0000][7][safepoint    ] Safepoint "Cleanup", Time since last: 1001110000 ns, Reaching safepoint: 853300 ns, At safepoint: 48700 ns, Total: 902000 ns
[2020-10-24T06:11:33.985+0000][7][safepoint    ] Safepoint "Cleanup", Time since last: 1001188500 ns, Reaching safepoint: 228600 ns, At safepoint: 9300 ns, Total: 237900 ns
[2020-10-24T06:11:34.985+0000][7][safepoint    ] Safepoint "Cleanup", Time since last: 1000485800 ns, Reaching safepoint: 373200 ns, At safepoint: 20900 ns, Total: 394100 ns
[2020-10-24T06:11:35.986+0000][7][safepoint    ] Safepoint "Cleanup", Time since last: 1000582300 ns, Reaching safepoint: 247300 ns, At safepoint: 13500 ns, Total: 260800 ns
[2020-10-24T06:11:36.987+0000][7][safepoint    ] Safepoint "Cleanup", Time since last: 1000543600 ns, Reaching safepoint: 268700 ns, At safepoint: 9500 ns, Total: 278200 ns
[2020-10-24T06:11:37.988+0000][7][safepoint    ] Safepoint "Cleanup", Time since last: 1000500400 ns, Reaching safepoint: 457300 ns, At safepoint: 26000 ns, Total: 483300 ns
[2020-10-24T06:11:38.989+0000][7][safepoint    ] Safepoint "Cleanup", Time since last: 1000866000 ns, Reaching safepoint: 257500 ns, At safepoint: 11900 ns, Total: 269400 ns
[2020-10-24T06:11:39.990+0000][7][safepoint    ] Safepoint "Cleanup", Time since last: 1000588300 ns, Reaching safepoint: 611200 ns, At safepoint: 35000 ns, Total: 646200 ns
[2020-10-24T06:11:40.992+0000][7][safepoint    ] Safepoint "Cleanup", Time since last: 1000987500 ns, Reaching safepoint: 425000 ns, At safepoint: 26400 ns, Total: 451400 ns
[2020-10-24T06:11:41.993+0000][7][safepoint    ] Safepoint "Cleanup", Time since last: 1000729300 ns, Reaching safepoint: 282500 ns, At safepoint: 37900 ns, Total: 320400 ns
[2020-10-24T06:11:42.994+0000][7][safepoint    ] Safepoint "Cleanup", Time since last: 1000499100 ns, Reaching safepoint: 259000 ns, At safepoint: 9500 ns, Total: 268500 ns
[2020-10-24T06:11:43.995+0000][7][safepoint    ] Safepoint "Cleanup", Time since last: 1000579000 ns, Reaching safepoint: 650300 ns, At safepoint: 39800 ns, Total: 690100 ns
[2020-10-24T06:11:45.274+0000][7][safepoint    ] Safepoint "Cleanup", Time since last: 1278898000 ns, Reaching safepoint: 224100 ns, At safepoint: 9800 ns, Total: 233900 ns
[2020-10-24T06:11:46.275+0000][7][safepoint    ] Safepoint "Cleanup", Time since last: 1000453400 ns, Reaching safepoint: 254300 ns, At safepoint: 11000 ns, Total: 265300 ns
[2020-10-24T06:11:47.276+0000][7][safepoint    ] Safepoint "Cleanup", Time since last: 1000682200 ns, Reaching safepoint: 234100 ns, At safepoint: 10900 ns, Total: 245000 ns
[2020-10-24T06:11:48.277+0000][7][safepoint    ] Safepoint "Cleanup", Time since last: 1000492700 ns, Reaching safepoint: 308400 ns, At safepoint: 16000 ns, Total: 324400 ns
[2020-10-24T06:11:48.344+0000][7][gc,start     ] GC(224) Pause Young (Normal) (G1 Evacuation Pause)
[2020-10-24T06:11:48.344+0000][7][gc,task      ] GC(224) Using 6 workers of 10 for evacuation
[2020-10-24T06:11:48.344+0000][7][gc,age       ] GC(224) Desired survivor size 3145728 bytes, new threshold 15 (max threshold 15)
[2020-10-24T06:11:48.347+0000][7][gc,age       ] GC(224) Age table with threshold 15 (max threshold 15)
[2020-10-24T06:11:48.347+0000][7][gc,age       ] GC(224) - age   1:     235288 bytes,     235288 total
[2020-10-24T06:11:48.348+0000][7][gc,age       ] GC(224) - age   2:      16256 bytes,     251544 total
[2020-10-24T06:11:48.348+0000][7][gc,phases    ] GC(224)   Pre Evacuate Collection Set: 0.1ms
[2020-10-24T06:11:48.348+0000][7][gc,phases    ] GC(224)   Merge Heap Roots: 0.2ms
[2020-10-24T06:11:48.349+0000][7][gc,phases    ] GC(224)   Evacuate Collection Set: 1.2ms
[2020-10-24T06:11:48.349+0000][7][gc,phases    ] GC(224)   Post Evacuate Collection Set: 0.8ms
[2020-10-24T06:11:48.349+0000][7][gc,phases    ] GC(224)   Other: 2.0ms
[2020-10-24T06:11:48.349+0000][7][gc,heap      ] GC(224) Eden regions: 46->0(47)
[2020-10-24T06:11:48.349+0000][7][gc,heap      ] GC(224) Survivor regions: 1->1(6)
[2020-10-24T06:11:48.350+0000][7][gc,heap      ] GC(224) Old regions: 120->120
[2020-10-24T06:11:48.350+0000][7][gc,heap      ] GC(224) Archive regions: 2->2
[2020-10-24T06:11:48.350+0000][7][gc,heap      ] GC(224) Humongous regions: 15->15
[2020-10-24T06:11:48.350+0000][7][gc,metaspace ] GC(224) Metaspace: 109256K(118052K)->109256K(118052K) NonClass: 95340K(100568K)->95340K(100568K) Class: 13916K(17484K)->13916K(17484K)
[2020-10-24T06:11:48.350+0000][7][gc           ] GC(224) Pause Young (Normal) (G1 Evacuation Pause) 182M->135M(256M) 6.460ms
[2020-10-24T06:11:48.350+0000][7][gc,cpu       ] GC(224) User=0.01s Sys=0.00s Real=0.01s
[2020-10-24T06:11:48.351+0000][7][safepoint    ] Safepoint "G1CollectForAllocation", Time since last: 66966300 ns, Reaching safepoint: 253500 ns, At safepoint: 6769400 ns, Total: 7022900 ns
[2020-10-24T06:11:49.351+0000][7][safepoint    ] Safepoint "Cleanup", Time since last: 1000277400 ns, Reaching safepoint: 241600 ns, At safepoint: 9600 ns, Total: 251200 ns
[2020-10-24T06:11:50.921+0000][7][safepoint    ] Safepoint "Cleanup", Time since last: 1569760800 ns, Reaching safepoint: 284500 ns, At safepoint: 9500 ns, Total: 294000 ns
[2020-10-24T06:11:51.922+0000][7][safepoint    ] Safepoint "Cleanup", Time since last: 1000563200 ns, Reaching safepoint: 271500 ns, At safepoint: 9300 ns, Total: 280800 ns
[2020-10-24T06:11:52.923+0000][7][safepoint    ] Safepoint "Cleanup", Time since last: 1000579400 ns, Reaching safepoint: 737400 ns, At safepoint: 133400 ns, Total: 870800 ns
[2020-10-24T06:11:53.925+0000][7][safepoint    ] Safepoint "Cleanup", Time since last: 1000938100 ns, Reaching safepoint: 269900 ns, At safepoint: 9900 ns, Total: 279800 ns
[2020-10-24T06:11:54.926+0000][7][safepoint    ] Safepoint "Cleanup", Time since last: 1000611000 ns, Reaching safepoint: 880900 ns, At safepoint: 49200 ns, Total: 930100 ns
[2020-10-24T06:11:55.928+0000][7][safepoint    ] Safepoint "Cleanup", Time since last: 1001284200 ns, Reaching safepoint: 315700 ns, At safepoint: 18200 ns, Total: 333900 ns
[2020-10-24T06:11:56.929+0000][7][safepoint    ] Safepoint "Cleanup", Time since last: 1000630100 ns, Reaching safepoint: 286400 ns, At safepoint: 9500 ns, Total: 295900 ns
[2020-10-24T06:11:57.929+0000][7][safepoint    ] Safepoint "Cleanup", Time since last: 1000501700 ns, Reaching safepoint: 266800 ns, At safepoint: 9300 ns, Total: 276100 ns
[2020-10-24T06:11:58.930+0000][7][safepoint    ] Safepoint "Cleanup", Time since last: 1000600600 ns, Reaching safepoint: 220600 ns, At safepoint: 9500 ns, Total: 230100 ns
[2020-10-24T06:11:59.931+0000][7][safepoint    ] Safepoint "Cleanup", Time since last: 1000510200 ns, Reaching safepoint: 269400 ns, At safepoint: 9700 ns, Total: 279100 ns
[2020-10-24T06:12:00.933+0000][7][safepoint    ] Safepoint "Cleanup", Time since last: 1000679400 ns, Reaching safepoint: 734900 ns, At safepoint: 48100 ns, Total: 783000 ns
[2020-10-24T06:12:01.935+0000][7][safepoint    ] Safepoint "Cleanup", Time since last: 1001370300 ns, Reaching safepoint: 796200 ns, At safepoint: 48100 ns, Total: 844300 ns
[2020-10-24T06:12:02.937+0000][7][safepoint    ] Safepoint "Cleanup", Time since last: 1001218700 ns, Reaching safepoint: 853200 ns, At safepoint: 48500 ns, Total: 901700 ns
[2020-10-24T06:12:03.938+0000][7][safepoint    ] Safepoint "Cleanup", Time since last: 1001208600 ns, Reaching safepoint: 222500 ns, At safepoint: 10400 ns, Total: 232900 ns
[2020-10-24T06:12:04.939+0000][7][safepoint    ] Safepoint "Cleanup", Time since last: 1000091000 ns, Reaching safepoint: 286100 ns, At safepoint: 25500 ns, Total: 311600 ns
[2020-10-24T06:12:05.043+0000][7][gc,start     ] GC(225) Pause Young (Concurrent Start) (G1 Evacuation Pause)
[2020-10-24T06:12:05.043+0000][7][gc,task      ] GC(225) Using 6 workers of 10 for evacuation
[2020-10-24T06:12:05.043+0000][7][gc,age       ] GC(225) Desired survivor size 3145728 bytes, new threshold 15 (max threshold 15)
[2020-10-24T06:12:05.047+0000][7][gc,age       ] GC(225) Age table with threshold 15 (max threshold 15)
[2020-10-24T06:12:05.048+0000][7][gc,age       ] GC(225) - age   1:     883000 bytes,     883000 total
[2020-10-24T06:12:05.048+0000][7][gc,age       ] GC(225) - age   2:     178096 bytes,    1061096 total
[2020-10-24T06:12:05.048+0000][7][gc,age       ] GC(225) - age   3:      16256 bytes,    1077352 total
[2020-10-24T06:12:05.048+0000][7][gc,phases    ] GC(225)   Pre Evacuate Collection Set: 0.7ms
[2020-10-24T06:12:05.049+0000][7][gc,phases    ] GC(225)   Merge Heap Roots: 0.1ms
[2020-10-24T06:12:05.049+0000][7][gc,phases    ] GC(225)   Evacuate Collection Set: 1.7ms
[2020-10-24T06:12:05.049+0000][7][gc,phases    ] GC(225)   Post Evacuate Collection Set: 0.9ms
[2020-10-24T06:12:05.049+0000][7][gc,phases    ] GC(225)   Other: 2.3ms
[2020-10-24T06:12:05.049+0000][7][gc,heap      ] GC(225) Eden regions: 47->0(47)
[2020-10-24T06:12:05.049+0000][7][gc,heap      ] GC(225) Survivor regions: 1->2(6)
[2020-10-24T06:12:05.050+0000][7][gc,heap      ] GC(225) Old regions: 120->120
[2020-10-24T06:12:05.050+0000][7][gc,heap      ] GC(225) Archive regions: 2->2
[2020-10-24T06:12:05.050+0000][7][gc,heap      ] GC(225) Humongous regions: 15->15
[2020-10-24T06:12:05.050+0000][7][gc,metaspace ] GC(225) Metaspace: 109269K(118052K)->109269K(118052K) NonClass: 95353K(100568K)->95353K(100568K) Class: 13916K(17484K)->13916K(17484K)
[2020-10-24T06:12:05.050+0000][7][gc           ] GC(225) Pause Young (Concurrent Start) (G1 Evacuation Pause) 182M->136M(256M) 7.614ms
[2020-10-24T06:12:05.050+0000][7][gc,cpu       ] GC(225) User=0.03s Sys=0.00s Real=0.01s
[2020-10-24T06:12:05.051+0000][7][gc           ] GC(226) Concurrent Cycle
[2020-10-24T06:12:05.051+0000][7][safepoint    ] Safepoint "G1CollectForAllocation", Time since last: 103622800 ns, Reaching safepoint: 207700 ns, At safepoint: 8084600 ns, Total: 8292300 ns
[2020-10-24T06:12:05.051+0000][7][gc,marking   ] GC(226) Concurrent Clear Claimed Marks
[2020-10-24T06:12:05.052+0000][7][gc,marking   ] GC(226) Concurrent Clear Claimed Marks 0.923ms
[2020-10-24T06:12:05.052+0000][7][gc,marking   ] GC(226) Concurrent Scan Root Regions
[2020-10-24T06:12:05.053+0000][7][gc,marking   ] GC(226) Concurrent Scan Root Regions 0.794ms
[2020-10-24T06:12:05.053+0000][7][gc,marking   ] GC(226) Concurrent Mark (1682.419s)
[2020-10-24T06:12:05.053+0000][7][gc,marking   ] GC(226) Concurrent Mark From Roots
[2020-10-24T06:12:05.053+0000][7][gc,task      ] GC(226) Using 3 workers of 3 for marking
[2020-10-24T06:12:05.106+0000][7][gc,marking   ] GC(226) Concurrent Mark From Roots 53.465ms
[2020-10-24T06:12:05.107+0000][7][gc,marking   ] GC(226) Concurrent Preclean
[2020-10-24T06:12:05.107+0000][7][gc,marking   ] GC(226) Concurrent Preclean 0.643ms
[2020-10-24T06:12:05.108+0000][7][gc,marking   ] GC(226) Concurrent Mark (1682.419s, 1682.474s) 54.829ms
[2020-10-24T06:12:05.108+0000][7][gc,start     ] GC(226) Pause Remark
[2020-10-24T06:12:05.115+0000][7][gc           ] GC(226) Pause Remark 144M->144M(256M) 6.287ms
[2020-10-24T06:12:05.115+0000][7][gc,cpu       ] GC(226) User=0.02s Sys=0.00s Real=0.00s
[2020-10-24T06:12:05.115+0000][7][safepoint    ] Safepoint "G1Concurrent", Time since last: 57400500 ns, Reaching safepoint: 221700 ns, At safepoint: 6828700 ns, Total: 7050400 ns
[2020-10-24T06:12:05.115+0000][7][gc,marking   ] GC(226) Concurrent Rebuild Remembered Sets
[2020-10-24T06:12:05.148+0000][7][gc,marking   ] GC(226) Concurrent Rebuild Remembered Sets 32.154ms
[2020-10-24T06:12:05.148+0000][7][gc,start     ] GC(226) Pause Cleanup
[2020-10-24T06:12:05.148+0000][7][gc           ] GC(226) Pause Cleanup 144M->144M(256M) 0.328ms
[2020-10-24T06:12:05.149+0000][7][gc,cpu       ] GC(226) User=0.00s Sys=0.00s Real=0.00s
[2020-10-24T06:12:05.149+0000][7][safepoint    ] Safepoint "G1Concurrent", Time since last: 32719100 ns, Reaching safepoint: 171300 ns, At safepoint: 671200 ns, Total: 842500 ns
[2020-10-24T06:12:05.149+0000][7][gc,marking   ] GC(226) Concurrent Cleanup for Next Mark
[2020-10-24T06:12:05.149+0000][7][gc,marking   ] GC(226) Concurrent Cleanup for Next Mark 0.470ms
[2020-10-24T06:12:05.149+0000][7][gc           ] GC(226) Concurrent Cycle 98.842ms
[2020-10-24T06:12:06.043+0000][7][safepoint    ] Safepoint "BulkRevokeBias", Time since last: 892178400 ns, Reaching safepoint: 421200 ns, At safepoint: 1552300 ns, Total: 1973500 ns
[2020-10-24T06:12:07.045+0000][7][safepoint    ] Safepoint "Cleanup", Time since last: 1000871800 ns, Reaching safepoint: 819700 ns, At safepoint: 50500 ns, Total: 870200 ns
[2020-10-24T06:12:08.047+0000][7][safepoint    ] Safepoint "Cleanup", Time since last: 1001288000 ns, Reaching safepoint: 843600 ns, At safepoint: 50800 ns, Total: 894400 ns
[2020-10-24T06:12:09.048+0000][7][safepoint    ] Safepoint "Cleanup", Time since last: 1001328300 ns, Reaching safepoint: 270200 ns, At safepoint: 16300 ns, Total: 286500 ns
[2020-10-24T06:12:10.049+0000][7][safepoint    ] Safepoint "Cleanup", Time since last: 1000637600 ns, Reaching safepoint: 209400 ns, At safepoint: 34400 ns, Total: 243800 ns
[2020-10-24T06:12:11.051+0000][7][safepoint    ] Safepoint "Cleanup", Time since last: 1000561400 ns, Reaching safepoint: 792700 ns, At safepoint: 49900 ns, Total: 842600 ns
[2020-10-24T06:12:12.053+0000][7][safepoint    ] Safepoint "Cleanup", Time since last: 1001191600 ns, Reaching safepoint: 785700 ns, At safepoint: 49700 ns, Total: 835400 ns
[2020-10-24T06:12:13.054+0000][7][safepoint    ] Safepoint "Cleanup", Time since last: 1001287900 ns, Reaching safepoint: 286500 ns, At safepoint: 10100 ns, Total: 296600 ns
[2020-10-24T06:12:14.055+0000][7][safepoint    ] Safepoint "Cleanup", Time since last: 1000565900 ns, Reaching safepoint: 205500 ns, At safepoint: 25600 ns, Total: 231100 ns
[2020-10-24T06:12:15.056+0000][7][safepoint    ] Safepoint "Cleanup", Time since last: 1000484900 ns, Reaching safepoint: 245300 ns, At safepoint: 10600 ns, Total: 255900 ns
[2020-10-24T06:12:16.057+0000][7][safepoint    ] Safepoint "Cleanup", Time since last: 1000572700 ns, Reaching safepoint: 802200 ns, At safepoint: 51700 ns, Total: 853900 ns
[2020-10-24T06:12:17.059+0000][7][safepoint    ] Safepoint "Cleanup", Time since last: 1001300600 ns, Reaching safepoint: 258400 ns, At safepoint: 12400 ns, Total: 270800 ns
[2020-10-24T06:12:18.060+0000][7][safepoint    ] Safepoint "Cleanup", Time since last: 1000637100 ns, Reaching safepoint: 618900 ns, At safepoint: 47000 ns, Total: 665900 ns
[2020-10-24T06:12:19.062+0000][7][safepoint    ] Safepoint "Cleanup", Time since last: 1001269400 ns, Reaching safepoint: 784800 ns, At safepoint: 52100 ns, Total: 836900 ns
[2020-10-24T06:12:20.064+0000][7][safepoint    ] Safepoint "Cleanup", Time since last: 1001158500 ns, Reaching safepoint: 822100 ns, At safepoint: 50500 ns, Total: 872600 ns
[2020-10-24T06:12:21.067+0000][7][safepoint    ] Safepoint "Cleanup", Time since last: 1001369500 ns, Reaching safepoint: 814000 ns, At safepoint: 113900 ns, Total: 927900 ns
[2020-10-24T06:12:22.068+0000][7][safepoint    ] Safepoint "Cleanup", Time since last: 1001346800 ns, Reaching safepoint: 213800 ns, At safepoint: 10200 ns, Total: 224000 ns
[2020-10-24T06:12:23.002+0000][7][gc,start     ] GC(227) Pause Young (Normal) (G1 Evacuation Pause)
[2020-10-24T06:12:23.003+0000][7][gc,task      ] GC(227) Using 6 workers of 10 for evacuation
[2020-10-24T06:12:23.003+0000][7][gc,age       ] GC(227) Desired survivor size 3670016 bytes, new threshold 15 (max threshold 15)
[2020-10-24T06:12:23.006+0000][7][gc,age       ] GC(227) Age table with threshold 15 (max threshold 15)
[2020-10-24T06:12:23.007+0000][7][gc,age       ] GC(227) - age   1:    5055800 bytes,    5055800 total
[2020-10-24T06:12:23.007+0000][7][gc,age       ] GC(227) - age   2:      78680 bytes,    5134480 total
[2020-10-24T06:12:23.007+0000][7][gc,age       ] GC(227) - age   3:     143744 bytes,    5278224 total
[2020-10-24T06:12:23.007+0000][7][gc,age       ] GC(227) - age   4:       7568 bytes,    5285792 total
[2020-10-24T06:12:23.007+0000][7][gc,phases    ] GC(227)   Pre Evacuate Collection Set: 0.1ms
[2020-10-24T06:12:23.008+0000][7][gc,phases    ] GC(227)   Merge Heap Roots: 0.1ms
[2020-10-24T06:12:23.008+0000][7][gc,phases    ] GC(227)   Evacuate Collection Set: 1.7ms
[2020-10-24T06:12:23.008+0000][7][gc,phases    ] GC(227)   Post Evacuate Collection Set: 0.9ms
[2020-10-24T06:12:23.008+0000][7][gc,phases    ] GC(227)   Other: 2.2ms
[2020-10-24T06:12:23.009+0000][7][gc,heap      ] GC(227) Eden regions: 47->0(40)
[2020-10-24T06:12:23.009+0000][7][gc,heap      ] GC(227) Survivor regions: 2->6(7)
[2020-10-24T06:12:23.009+0000][7][gc,heap      ] GC(227) Old regions: 120->120
[2020-10-24T06:12:23.009+0000][7][gc,heap      ] GC(227) Archive regions: 2->2
[2020-10-24T06:12:23.009+0000][7][gc,heap      ] GC(227) Humongous regions: 15->15
[2020-10-24T06:12:23.010+0000][7][gc,metaspace ] GC(227) Metaspace: 109287K(118052K)->109287K(118052K) NonClass: 95371K(100568K)->95371K(100568K) Class: 13916K(17484K)->13916K(17484K)
[2020-10-24T06:12:23.010+0000][7][gc           ] GC(227) Pause Young (Normal) (G1 Evacuation Pause) 183M->140M(256M) 7.308ms
[2020-10-24T06:12:23.010+0000][7][gc,cpu       ] GC(227) User=0.01s Sys=0.00s Real=0.01s
[2020-10-24T06:12:23.010+0000][7][safepoint    ] Safepoint "G1CollectForAllocation", Time since last: 934088700 ns, Reaching safepoint: 228700 ns, At safepoint: 7770000 ns, Total: 7998700 ns
[2020-10-24T06:12:24.011+0000][7][safepoint    ] Safepoint "Cleanup", Time since last: 1000391600 ns, Reaching safepoint: 315400 ns, At safepoint: 15400 ns, Total: 330800 ns
[2020-10-24T06:12:25.012+0000][7][safepoint    ] Safepoint "Cleanup", Time since last: 1000630200 ns, Reaching safepoint: 513200 ns, At safepoint: 30400 ns, Total: 543600 ns
[2020-10-24T06:12:26.013+0000][7][safepoint    ] Safepoint "Cleanup", Time since last: 1000855400 ns, Reaching safepoint: 435500 ns, At safepoint: 24600 ns, Total: 460100 ns
[2020-10-24T06:12:27.015+0000][7][safepoint    ] Safepoint "Cleanup", Time since last: 1000761300 ns, Reaching safepoint: 451300 ns, At safepoint: 25600 ns, Total: 476900 ns
[2020-10-24T06:12:28.016+0000][7][safepoint    ] Safepoint "Cleanup", Time since last: 1000697800 ns, Reaching safepoint: 238400 ns, At safepoint: 10100 ns, Total: 248500 ns
[2020-10-24T06:12:29.016+0000][7][safepoint    ] Safepoint "Cleanup", Time since last: 1000503400 ns, Reaching safepoint: 224000 ns, At safepoint: 28600 ns, Total: 252600 ns
[2020-10-24T06:12:29.053+0000][7][gc,start     ] GC(228) Pause Young (Concurrent Start) (G1 Evacuation Pause)
[2020-10-24T06:12:29.054+0000][7][gc,task      ] GC(228) Using 6 workers of 10 for evacuation
[2020-10-24T06:12:29.054+0000][7][gc,age       ] GC(228) Desired survivor size 3145728 bytes, new threshold 1 (max threshold 15)
[2020-10-24T06:12:29.058+0000][7][gc,age       ] GC(228) Age table with threshold 1 (max threshold 15)
[2020-10-24T06:12:29.058+0000][7][gc,age       ] GC(228) - age   1:     334296 bytes,     334296 total
[2020-10-24T06:12:29.058+0000][7][gc,phases    ] GC(228)   Pre Evacuate Collection Set: 0.7ms
[2020-10-24T06:12:29.059+0000][7][gc,phases    ] GC(228)   Merge Heap Roots: 0.1ms
[2020-10-24T06:12:29.059+0000][7][gc,phases    ] GC(228)   Evacuate Collection Set: 1.6ms
[2020-10-24T06:12:29.059+0000][7][gc,phases    ] GC(228)   Post Evacuate Collection Set: 0.9ms
[2020-10-24T06:12:29.059+0000][7][gc,phases    ] GC(228)   Other: 1.8ms
[2020-10-24T06:12:29.060+0000][7][gc,heap      ] GC(228) Eden regions: 40->0(45)
[2020-10-24T06:12:29.060+0000][7][gc,heap      ] GC(228) Survivor regions: 6->1(6)
[2020-10-24T06:12:29.060+0000][7][gc,heap      ] GC(228) Old regions: 120->122
[2020-10-24T06:12:29.060+0000][7][gc,heap      ] GC(228) Archive regions: 2->2
[2020-10-24T06:12:29.061+0000][7][gc,heap      ] GC(228) Humongous regions: 15->15
[2020-10-24T06:12:29.061+0000][7][gc,metaspace ] GC(228) Metaspace: 109287K(118052K)->109287K(118052K) NonClass: 95371K(100568K)->95371K(100568K) Class: 13916K(17484K)->13916K(17484K)
[2020-10-24T06:12:29.061+0000][7][gc           ] GC(228) Pause Young (Concurrent Start) (G1 Evacuation Pause) 180M->137M(256M) 8.172ms
[2020-10-24T06:12:29.062+0000][7][gc,cpu       ] GC(228) User=0.00s Sys=0.01s Real=0.01s
[2020-10-24T06:12:29.062+0000][7][safepoint    ] Safepoint "G1CollectForAllocation", Time since last: 36557000 ns, Reaching safepoint: 254600 ns, At safepoint: 8738700 ns, Total: 8993300 ns
[2020-10-24T06:12:29.062+0000][7][gc           ] GC(229) Concurrent Cycle
[2020-10-24T06:12:29.062+0000][7][gc,marking   ] GC(229) Concurrent Clear Claimed Marks
[2020-10-24T06:12:29.063+0000][7][gc,marking   ] GC(229) Concurrent Clear Claimed Marks 0.819ms
[2020-10-24T06:12:29.063+0000][7][gc,marking   ] GC(229) Concurrent Scan Root Regions
[2020-10-24T06:12:29.064+0000][7][gc,marking   ] GC(229) Concurrent Scan Root Regions 1.030ms
[2020-10-24T06:12:29.065+0000][7][gc,marking   ] GC(229) Concurrent Mark (1706.431s)
[2020-10-24T06:12:29.065+0000][7][gc,marking   ] GC(229) Concurrent Mark From Roots
[2020-10-24T06:12:29.065+0000][7][gc,task      ] GC(229) Using 3 workers of 3 for marking
[2020-10-24T06:12:29.119+0000][7][gc,marking   ] GC(229) Concurrent Mark From Roots 53.762ms
[2020-10-24T06:12:29.119+0000][7][gc,marking   ] GC(229) Concurrent Preclean
[2020-10-24T06:12:29.120+0000][7][gc,marking   ] GC(229) Concurrent Preclean 0.668ms
[2020-10-24T06:12:29.120+0000][7][gc,marking   ] GC(229) Concurrent Mark (1706.431s, 1706.486s) 55.227ms
[2020-10-24T06:12:29.121+0000][7][gc,start     ] GC(229) Pause Remark
[2020-10-24T06:12:29.128+0000][7][gc           ] GC(229) Pause Remark 138M->138M(256M) 7.134ms
[2020-10-24T06:12:29.128+0000][7][gc,cpu       ] GC(229) User=0.02s Sys=0.01s Real=0.01s
[2020-10-24T06:12:29.128+0000][7][safepoint    ] Safepoint "G1Concurrent", Time since last: 58375000 ns, Reaching safepoint: 262600 ns, At safepoint: 7860400 ns, Total: 8123000 ns
[2020-10-24T06:12:29.129+0000][7][gc,marking   ] GC(229) Concurrent Rebuild Remembered Sets
[2020-10-24T06:12:29.165+0000][7][gc,marking   ] GC(229) Concurrent Rebuild Remembered Sets 36.006ms
[2020-10-24T06:12:29.165+0000][7][gc,start     ] GC(229) Pause Cleanup
[2020-10-24T06:12:29.166+0000][7][gc           ] GC(229) Pause Cleanup 138M->138M(256M) 0.607ms
[2020-10-24T06:12:29.166+0000][7][gc,cpu       ] GC(229) User=0.00s Sys=0.00s Real=0.00s
[2020-10-24T06:12:29.167+0000][7][safepoint    ] Safepoint "G1Concurrent", Time since last: 36830300 ns, Reaching safepoint: 255400 ns, At safepoint: 1274600 ns, Total: 1530000 ns
[2020-10-24T06:12:29.167+0000][7][gc,marking   ] GC(229) Concurrent Cleanup for Next Mark
[2020-10-24T06:12:29.168+0000][7][gc,marking   ] GC(229) Concurrent Cleanup for Next Mark 0.618ms
[2020-10-24T06:12:29.168+0000][7][gc           ] GC(229) Concurrent Cycle 106.127ms
[2020-10-24T06:12:30.167+0000][7][safepoint    ] Safepoint "Cleanup", Time since last: 1000449100 ns, Reaching safepoint: 261100 ns, At safepoint: 11100 ns, Total: 272200 ns
[2020-10-24T06:12:31.169+0000][7][safepoint    ] Safepoint "Cleanup", Time since last: 1000575100 ns, Reaching safepoint: 850300 ns, At safepoint: 50500 ns, Total: 900800 ns
[2020-10-24T06:12:32.924+0000][7][safepoint    ] Safepoint "Cleanup", Time since last: 1754174700 ns, Reaching safepoint: 448800 ns, At safepoint: 26700 ns, Total: 475500 ns
[2020-10-24T06:12:33.926+0000][7][safepoint    ] Safepoint "Cleanup", Time since last: 1000913300 ns, Reaching safepoint: 1137700 ns, At safepoint: 51700 ns, Total: 1189400 ns
[2020-10-24T06:12:34.927+0000][7][safepoint    ] Safepoint "Cleanup", Time since last: 1001188000 ns, Reaching safepoint: 442300 ns, At safepoint: 26300 ns, Total: 468600 ns
[2020-10-24T06:12:35.928+0000][7][safepoint    ] Safepoint "Cleanup", Time since last: 1000716600 ns, Reaching safepoint: 243700 ns, At safepoint: 23500 ns, Total: 267200 ns
[2020-10-24T06:12:36.930+0000][7][safepoint    ] Safepoint "Cleanup", Time since last: 1000641400 ns, Reaching safepoint: 988800 ns, At safepoint: 73200 ns, Total: 1062000 ns
[2020-10-24T06:12:37.932+0000][7][safepoint    ] Safepoint "Cleanup", Time since last: 1001215300 ns, Reaching safepoint: 257500 ns, At safepoint: 10200 ns, Total: 267700 ns
[2020-10-24T06:12:38.933+0000][7][safepoint    ] Safepoint "Cleanup", Time since last: 1000662100 ns, Reaching safepoint: 851000 ns, At safepoint: 50800 ns, Total: 901800 ns
[2020-10-24T06:12:39.935+0000][7][safepoint    ] Safepoint "Cleanup", Time since last: 1001273600 ns, Reaching safepoint: 461600 ns, At safepoint: 24800 ns, Total: 486400 ns
[2020-10-24T06:12:40.936+0000][7][safepoint    ] Safepoint "Cleanup", Time since last: 1000749100 ns, Reaching safepoint: 297400 ns, At safepoint: 9900 ns, Total: 307300 ns
[2020-10-24T06:12:41.937+0000][7][safepoint    ] Safepoint "Cleanup", Time since last: 1000521800 ns, Reaching safepoint: 864100 ns, At safepoint: 119800 ns, Total: 983900 ns
[2020-10-24T06:12:42.940+0000][7][safepoint    ] Safepoint "Cleanup", Time since last: 1001515300 ns, Reaching safepoint: 871400 ns, At safepoint: 50200 ns, Total: 921600 ns
[2020-10-24T06:12:43.941+0000][7][safepoint    ] Safepoint "Cleanup", Time since last: 1001193200 ns, Reaching safepoint: 202600 ns, At safepoint: 23400 ns, Total: 226000 ns
[2020-10-24T06:12:44.943+0000][7][safepoint    ] Safepoint "Cleanup", Time since last: 1000649000 ns, Reaching safepoint: 857400 ns, At safepoint: 51300 ns, Total: 908700 ns
[2020-10-24T06:12:45.944+0000][7][safepoint    ] Safepoint "Cleanup", Time since last: 1001281800 ns, Reaching safepoint: 281100 ns, At safepoint: 10500 ns, Total: 291600 ns
[2020-10-24T06:12:46.945+0000][7][safepoint    ] Safepoint "Cleanup", Time since last: 1000539300 ns, Reaching safepoint: 273800 ns, At safepoint: 17000 ns, Total: 290800 ns
[2020-10-24T06:12:47.947+0000][7][safepoint    ] Safepoint "Cleanup", Time since last: 1000807900 ns, Reaching safepoint: 865300 ns, At safepoint: 50600 ns, Total: 915900 ns
[2020-10-24T06:12:48.948+0000][7][safepoint    ] Safepoint "Cleanup", Time since last: 1001230600 ns, Reaching safepoint: 230900 ns, At safepoint: 11800 ns, Total: 242700 ns
[2020-10-24T06:12:49.950+0000][7][safepoint    ] Safepoint "Cleanup", Time since last: 1000652900 ns, Reaching safepoint: 803900 ns, At safepoint: 50000 ns, Total: 853900 ns
[2020-10-24T06:12:50.952+0000][7][safepoint    ] Safepoint "Cleanup", Time since last: 1001289400 ns, Reaching safepoint: 273400 ns, At safepoint: 9800 ns, Total: 283200 ns
[2020-10-24T06:12:51.952+0000][7][safepoint    ] Safepoint "Cleanup", Time since last: 1000477200 ns, Reaching safepoint: 220900 ns, At safepoint: 9800 ns, Total: 230700 ns
[2020-10-24T06:12:52.954+0000][7][safepoint    ] Safepoint "Cleanup", Time since last: 1000512300 ns, Reaching safepoint: 950200 ns, At safepoint: 51500 ns, Total: 1001700 ns
[2020-10-24T06:12:53.956+0000][7][safepoint    ] Safepoint "Cleanup", Time since last: 1001335600 ns, Reaching safepoint: 813000 ns, At safepoint: 50600 ns, Total: 863600 ns
[2020-10-24T06:12:54.958+0000][7][safepoint    ] Safepoint "Cleanup", Time since last: 1001338800 ns, Reaching safepoint: 858700 ns, At safepoint: 50400 ns, Total: 909100 ns
[2020-10-24T06:12:55.960+0000][7][safepoint    ] Safepoint "Cleanup", Time since last: 1001341100 ns, Reaching safepoint: 278700 ns, At safepoint: 9600 ns, Total: 288300 ns
[2020-10-24T06:12:56.961+0000][7][safepoint    ] Safepoint "Cleanup", Time since last: 1000666800 ns, Reaching safepoint: 938100 ns, At safepoint: 49400 ns, Total: 987500 ns
[2020-10-24T06:12:57.963+0000][7][safepoint    ] Safepoint "Cleanup", Time since last: 1001145000 ns, Reaching safepoint: 207900 ns, At safepoint: 24700 ns, Total: 232600 ns
[2020-10-24T06:12:58.964+0000][7][safepoint    ] Safepoint "Cleanup", Time since last: 1000624100 ns, Reaching safepoint: 912600 ns, At safepoint: 52200 ns, Total: 964800 ns
[2020-10-24T06:12:59.966+0000][7][safepoint    ] Safepoint "Cleanup", Time since last: 1001189000 ns, Reaching safepoint: 234700 ns, At safepoint: 10100 ns, Total: 244800 ns
[2020-10-24T06:13:00.967+0000][7][safepoint    ] Safepoint "Cleanup", Time since last: 1000621600 ns, Reaching safepoint: 881500 ns, At safepoint: 51200 ns, Total: 932700 ns
[2020-10-24T06:13:01.970+0000][7][safepoint    ] Safepoint "Cleanup", Time since last: 1001297400 ns, Reaching safepoint: 858500 ns, At safepoint: 50100 ns, Total: 908600 ns
[2020-10-24T06:13:02.971+0000][7][safepoint    ] Safepoint "Cleanup", Time since last: 1001273000 ns, Reaching safepoint: 477800 ns, At safepoint: 28000 ns, Total: 505800 ns
[2020-10-24T06:13:03.973+0000][7][safepoint    ] Safepoint "Cleanup", Time since last: 1000875600 ns, Reaching safepoint: 854500 ns, At safepoint: 51000 ns, Total: 905500 ns
[2020-10-24T06:13:04.975+0000][7][safepoint    ] Safepoint "Cleanup", Time since last: 1001192900 ns, Reaching safepoint: 312800 ns, At safepoint: 9700 ns, Total: 322500 ns
[2020-10-24T06:13:05.976+0000][7][safepoint    ] Safepoint "Cleanup", Time since last: 1000621400 ns, Reaching safepoint: 449900 ns, At safepoint: 25300 ns, Total: 475200 ns
[2020-10-24T06:13:06.977+0000][7][safepoint    ] Safepoint "Cleanup", Time since last: 1000846800 ns, Reaching safepoint: 572100 ns, At safepoint: 31300 ns, Total: 603400 ns
[2020-10-24T06:13:07.941+0000][7][gc,start     ] GC(230) Pause Young (Normal) (G1 Evacuation Pause)
[2020-10-24T06:13:07.941+0000][7][gc,task      ] GC(230) Using 6 workers of 10 for evacuation
[2020-10-24T06:13:07.941+0000][7][gc,age       ] GC(230) Desired survivor size 3145728 bytes, new threshold 15 (max threshold 15)
[2020-10-24T06:13:07.944+0000][7][gc,age       ] GC(230) Age table with threshold 15 (max threshold 15)
[2020-10-24T06:13:07.944+0000][7][gc,age       ] GC(230) - age   1:     680136 bytes,     680136 total
[2020-10-24T06:13:07.945+0000][7][gc,age       ] GC(230) - age   2:     315104 bytes,     995240 total
[2020-10-24T06:13:07.945+0000][7][gc,phases    ] GC(230)   Pre Evacuate Collection Set: 0.1ms
[2020-10-24T06:13:07.945+0000][7][gc,phases    ] GC(230)   Merge Heap Roots: 0.2ms
[2020-10-24T06:13:07.945+0000][7][gc,phases    ] GC(230)   Evacuate Collection Set: 1.2ms
[2020-10-24T06:13:07.946+0000][7][gc,phases    ] GC(230)   Post Evacuate Collection Set: 0.8ms
[2020-10-24T06:13:07.946+0000][7][gc,phases    ] GC(230)   Other: 1.6ms
[2020-10-24T06:13:07.946+0000][7][gc,heap      ] GC(230) Eden regions: 45->0(45)
[2020-10-24T06:13:07.946+0000][7][gc,heap      ] GC(230) Survivor regions: 1->2(6)
[2020-10-24T06:13:07.947+0000][7][gc,heap      ] GC(230) Old regions: 122->122
[2020-10-24T06:13:07.947+0000][7][gc,heap      ] GC(230) Archive regions: 2->2
[2020-10-24T06:13:07.947+0000][7][gc,heap      ] GC(230) Humongous regions: 15->15
[2020-10-24T06:13:07.947+0000][7][gc,metaspace ] GC(230) Metaspace: 109288K(118052K)->109288K(118052K) NonClass: 95372K(100568K)->95372K(100568K) Class: 13916K(17484K)->13916K(17484K)
[2020-10-24T06:13:07.948+0000][7][gc           ] GC(230) Pause Young (Normal) (G1 Evacuation Pause) 182M->137M(256M) 6.678ms
[2020-10-24T06:13:07.948+0000][7][gc,cpu       ] GC(230) User=0.01s Sys=0.00s Real=0.01s
[2020-10-24T06:13:07.948+0000][7][safepoint    ] Safepoint "G1CollectForAllocation", Time since last: 963364000 ns, Reaching safepoint: 209500 ns, At safepoint: 7178800 ns, Total: 7388300 ns
[2020-10-24T06:13:09.152+0000][7][safepoint    ] Safepoint "Cleanup", Time since last: 1203387100 ns, Reaching safepoint: 321200 ns, At safepoint: 10200 ns, Total: 331400 ns
[2020-10-24T06:13:10.153+0000][7][safepoint    ] Safepoint "Cleanup", Time since last: 1000536400 ns, Reaching safepoint: 261400 ns, At safepoint: 9800 ns, Total: 271200 ns
[2020-10-24T06:13:11.154+0000][7][safepoint    ] Safepoint "Cleanup", Time since last: 1000615200 ns, Reaching safepoint: 434700 ns, At safepoint: 65100 ns, Total: 499800 ns
[2020-10-24T06:13:12.155+0000][7][safepoint    ] Safepoint "Cleanup", Time since last: 1000849200 ns, Reaching safepoint: 766800 ns, At safepoint: 41600 ns, Total: 808400 ns
[2020-10-24T06:13:13.157+0000][7][safepoint    ] Safepoint "Cleanup", Time since last: 1001167000 ns, Reaching safepoint: 222500 ns, At safepoint: 13100 ns, Total: 235600 ns
[2020-10-24T06:13:14.158+0000][7][safepoint    ] Safepoint "Cleanup", Time since last: 1000578800 ns, Reaching safepoint: 702600 ns, At safepoint: 36900 ns, Total: 739500 ns
[2020-10-24T06:13:15.159+0000][7][safepoint    ] Safepoint "Cleanup", Time since last: 1000896800 ns, Reaching safepoint: 225600 ns, At safepoint: 9600 ns, Total: 235200 ns
[2020-10-24T06:13:16.551+0000][7][safepoint    ] Safepoint "Cleanup", Time since last: 1390561800 ns, Reaching safepoint: 870800 ns, At safepoint: 50400 ns, Total: 921200 ns
[2020-10-24T06:13:17.552+0000][7][safepoint    ] Safepoint "Cleanup", Time since last: 1001281400 ns, Reaching safepoint: 250500 ns, At safepoint: 10700 ns, Total: 261200 ns
[2020-10-24T06:13:18.553+0000][7][safepoint    ] Safepoint "Cleanup", Time since last: 1000527600 ns, Reaching safepoint: 230300 ns, At safepoint: 25800 ns, Total: 256100 ns
[2020-10-24T06:13:19.554+0000][7][safepoint    ] Safepoint "Cleanup", Time since last: 1000451200 ns, Reaching safepoint: 266400 ns, At safepoint: 10300 ns, Total: 276700 ns
[2020-10-24T06:13:20.555+0000][7][safepoint    ] Safepoint "Cleanup", Time since last: 1000488800 ns, Reaching safepoint: 410800 ns, At safepoint: 21700 ns, Total: 432500 ns
[2020-10-24T06:13:21.556+0000][7][safepoint    ] Safepoint "Cleanup", Time since last: 1000653800 ns, Reaching safepoint: 346200 ns, At safepoint: 13000 ns, Total: 359200 ns
[2020-10-24T06:13:22.556+0000][7][safepoint    ] Safepoint "Cleanup", Time since last: 1000490200 ns, Reaching safepoint: 267500 ns, At safepoint: 10800 ns, Total: 278300 ns
[2020-10-24T06:13:22.598+0000][7][safepoint    ] Safepoint "BulkRevokeBias", Time since last: 39590500 ns, Reaching safepoint: 258500 ns, At safepoint: 1643900 ns, Total: 1902400 ns
[2020-10-24T06:13:22.694+0000][7][gc,start     ] GC(231) Pause Young (Concurrent Start) (G1 Evacuation Pause)
[2020-10-24T06:13:22.694+0000][7][gc,task      ] GC(231) Using 6 workers of 10 for evacuation
[2020-10-24T06:13:22.694+0000][7][gc,age       ] GC(231) Desired survivor size 3145728 bytes, new threshold 15 (max threshold 15)
[2020-10-24T06:13:22.698+0000][7][gc,age       ] GC(231) Age table with threshold 15 (max threshold 15)
[2020-10-24T06:13:22.699+0000][7][gc,age       ] GC(231) - age   1:    5239400 bytes,    5239400 total
[2020-10-24T06:13:22.699+0000][7][gc,age       ] GC(231) - age   2:      95472 bytes,    5334872 total
[2020-10-24T06:13:22.699+0000][7][gc,age       ] GC(231) - age   3:     314368 bytes,    5649240 total
[2020-10-24T06:13:22.699+0000][7][gc,phases    ] GC(231)   Pre Evacuate Collection Set: 0.6ms
[2020-10-24T06:13:22.700+0000][7][gc,phases    ] GC(231)   Merge Heap Roots: 0.1ms
[2020-10-24T06:13:22.700+0000][7][gc,phases    ] GC(231)   Evacuate Collection Set: 2.2ms
[2020-10-24T06:13:22.700+0000][7][gc,phases    ] GC(231)   Post Evacuate Collection Set: 0.8ms
[2020-10-24T06:13:22.700+0000][7][gc,phases    ] GC(231)   Other: 1.9ms
[2020-10-24T06:13:22.700+0000][7][gc,heap      ] GC(231) Eden regions: 45->0(38)
[2020-10-24T06:13:22.701+0000][7][gc,heap      ] GC(231) Survivor regions: 2->6(6)
[2020-10-24T06:13:22.701+0000][7][gc,heap      ] GC(231) Old regions: 122->122
[2020-10-24T06:13:22.701+0000][7][gc,heap      ] GC(231) Archive regions: 2->2
[2020-10-24T06:13:22.701+0000][7][gc,heap      ] GC(231) Humongous regions: 15->15
[2020-10-24T06:13:22.701+0000][7][gc,metaspace ] GC(231) Metaspace: 109313K(118052K)->109313K(118052K) NonClass: 95397K(100568K)->95397K(100568K) Class: 13916K(17484K)->13916K(17484K)
[2020-10-24T06:13:22.701+0000][7][gc           ] GC(231) Pause Young (Concurrent Start) (G1 Evacuation Pause) 182M->142M(256M) 7.506ms
[2020-10-24T06:13:22.702+0000][7][gc,cpu       ] GC(231) User=0.02s Sys=0.00s Real=0.01s
[2020-10-24T06:13:22.702+0000][7][gc           ] GC(232) Concurrent Cycle
[2020-10-24T06:13:22.702+0000][7][safepoint    ] Safepoint "G1CollectForAllocation", Time since last: 95819400 ns, Reaching safepoint: 210000 ns, At safepoint: 7870500 ns, Total: 8080500 ns
[2020-10-24T06:13:22.702+0000][7][gc,marking   ] GC(232) Concurrent Clear Claimed Marks
[2020-10-24T06:13:22.703+0000][7][gc,marking   ] GC(232) Concurrent Clear Claimed Marks 0.862ms
[2020-10-24T06:13:22.703+0000][7][gc,marking   ] GC(232) Concurrent Scan Root Regions
[2020-10-24T06:13:22.704+0000][7][gc,marking   ] GC(232) Concurrent Scan Root Regions 0.943ms
[2020-10-24T06:13:22.704+0000][7][gc,marking   ] GC(232) Concurrent Mark (1760.070s)
[2020-10-24T06:13:22.704+0000][7][gc,marking   ] GC(232) Concurrent Mark From Roots
[2020-10-24T06:13:22.704+0000][7][gc,task      ] GC(232) Using 3 workers of 3 for marking
[2020-10-24T06:13:22.756+0000][7][gc,marking   ] GC(232) Concurrent Mark From Roots 52.259ms
[2020-10-24T06:13:22.757+0000][7][gc,marking   ] GC(232) Concurrent Preclean
[2020-10-24T06:13:22.757+0000][7][gc,marking   ] GC(232) Concurrent Preclean 0.672ms
[2020-10-24T06:13:22.758+0000][7][gc,marking   ] GC(232) Concurrent Mark (1760.070s, 1760.124s) 53.759ms
[2020-10-24T06:13:22.758+0000][7][gc,start     ] GC(232) Pause Remark
[2020-10-24T06:13:22.765+0000][7][gc           ] GC(232) Pause Remark 142M->142M(256M) 6.320ms
[2020-10-24T06:13:22.765+0000][7][gc,cpu       ] GC(232) User=0.03s Sys=0.00s Real=0.00s
[2020-10-24T06:13:22.765+0000][7][safepoint    ] Safepoint "G1Concurrent", Time since last: 56305200 ns, Reaching safepoint: 216500 ns, At safepoint: 6889100 ns, Total: 7105600 ns
[2020-10-24T06:13:22.765+0000][7][gc,marking   ] GC(232) Concurrent Rebuild Remembered Sets
[2020-10-24T06:13:22.798+0000][7][gc,marking   ] GC(232) Concurrent Rebuild Remembered Sets 32.596ms
[2020-10-24T06:13:22.799+0000][7][gc,start     ] GC(232) Pause Cleanup
[2020-10-24T06:13:22.799+0000][7][gc           ] GC(232) Pause Cleanup 142M->142M(256M) 0.461ms
[2020-10-24T06:13:22.799+0000][7][gc,cpu       ] GC(232) User=0.00s Sys=0.00s Real=0.00s
[2020-10-24T06:13:22.800+0000][7][safepoint    ] Safepoint "G1Concurrent", Time since last: 33251000 ns, Reaching safepoint: 193000 ns, At safepoint: 1011700 ns, Total: 1204700 ns
[2020-10-24T06:13:22.800+0000][7][gc,marking   ] GC(232) Concurrent Cleanup for Next Mark
[2020-10-24T06:13:22.801+0000][7][gc,marking   ] GC(232) Concurrent Cleanup for Next Mark 0.624ms
[2020-10-24T06:13:22.801+0000][7][gc           ] GC(232) Concurrent Cycle 99.114ms
[2020-10-24T06:13:23.076+0000][7][gc,start     ] GC(233) Pause Young (Normal) (G1 Evacuation Pause)
[2020-10-24T06:13:23.076+0000][7][gc,task      ] GC(233) Using 6 workers of 10 for evacuation
[2020-10-24T06:13:23.076+0000][7][gc,age       ] GC(233) Desired survivor size 3145728 bytes, new threshold 1 (max threshold 15)
[2020-10-24T06:13:23.079+0000][7][gc,age       ] GC(233) Age table with threshold 1 (max threshold 15)
[2020-10-24T06:13:23.079+0000][7][gc,age       ] GC(233) - age   1:     136072 bytes,     136072 total
[2020-10-24T06:13:23.080+0000][7][gc,phases    ] GC(233)   Pre Evacuate Collection Set: 0.1ms
[2020-10-24T06:13:23.080+0000][7][gc,phases    ] GC(233)   Merge Heap Roots: 0.2ms
[2020-10-24T06:13:23.080+0000][7][gc,phases    ] GC(233)   Evacuate Collection Set: 1.6ms
[2020-10-24T06:13:23.080+0000][7][gc,phases    ] GC(233)   Post Evacuate Collection Set: 0.8ms
[2020-10-24T06:13:23.081+0000][7][gc,phases    ] GC(233)   Other: 1.5ms
[2020-10-24T06:13:23.081+0000][7][gc,heap      ] GC(233) Eden regions: 38->0(43)
[2020-10-24T06:13:23.081+0000][7][gc,heap      ] GC(233) Survivor regions: 6->1(6)
[2020-10-24T06:13:23.081+0000][7][gc,heap      ] GC(233) Old regions: 122->123
[2020-10-24T06:13:23.081+0000][7][gc,heap      ] GC(233) Archive regions: 2->2
[2020-10-24T06:13:23.082+0000][7][gc,heap      ] GC(233) Humongous regions: 15->15
[2020-10-24T06:13:23.082+0000][7][gc,metaspace ] GC(233) Metaspace: 109313K(118052K)->109313K(118052K) NonClass: 95397K(100568K)->95397K(100568K) Class: 13916K(17484K)->13916K(17484K)
[2020-10-24T06:13:23.082+0000][7][gc           ] GC(233) Pause Young (Normal) (G1 Evacuation Pause) 180M->139M(256M) 6.299ms
[2020-10-24T06:13:23.082+0000][7][gc,cpu       ] GC(233) User=0.01s Sys=0.00s Real=0.01s
[2020-10-24T06:13:23.082+0000][7][safepoint    ] Safepoint "G1CollectForAllocation", Time since last: 275608300 ns, Reaching safepoint: 276300 ns, At safepoint: 6722500 ns, Total: 6998800 ns
[2020-10-24T06:13:23.092+0000][7][safepoint    ] Safepoint "BulkRevokeBias", Time since last: 8879800 ns, Reaching safepoint: 246800 ns, At safepoint: 754100 ns, Total: 1000900 ns
[2020-10-24T06:13:25.092+0000][7][safepoint    ] Safepoint "Cleanup", Time since last: 1999201000 ns, Reaching safepoint: 959300 ns, At safepoint: 50400 ns, Total: 1009700 ns
[2020-10-24T06:13:26.936+0000][7][safepoint    ] Safepoint "Cleanup", Time since last: 1842777200 ns, Reaching safepoint: 461800 ns, At safepoint: 26900 ns, Total: 488700 ns
[2020-10-24T06:13:27.937+0000][7][safepoint    ] Safepoint "Cleanup", Time since last: 1000692500 ns, Reaching safepoint: 271700 ns, At safepoint: 11300 ns, Total: 283000 ns
[2020-10-24T06:13:28.937+0000][7][safepoint    ] Safepoint "Cleanup", Time since last: 1000502900 ns, Reaching safepoint: 232700 ns, At safepoint: 11300 ns, Total: 244000 ns
[2020-10-24T06:13:29.938+0000][7][safepoint    ] Safepoint "Cleanup", Time since last: 1000558800 ns, Reaching safepoint: 280600 ns, At safepoint: 12800 ns, Total: 293400 ns
[2020-10-24T06:13:30.939+0000][7][safepoint    ] Safepoint "Cleanup", Time since last: 1000511200 ns, Reaching safepoint: 231200 ns, At safepoint: 22800 ns, Total: 254000 ns
[2020-10-24T06:13:31.940+0000][7][safepoint    ] Safepoint "Cleanup", Time since last: 1000525000 ns, Reaching safepoint: 240200 ns, At safepoint: 9800 ns, Total: 250000 ns
[2020-10-24T06:13:32.941+0000][7][safepoint    ] Safepoint "Cleanup", Time since last: 1000624900 ns, Reaching safepoint: 207000 ns, At safepoint: 10500 ns, Total: 217500 ns
[2020-10-24T06:13:33.941+0000][7][safepoint    ] Safepoint "Cleanup", Time since last: 1000514300 ns, Reaching safepoint: 364300 ns, At safepoint: 17900 ns, Total: 382200 ns
[2020-10-24T06:13:34.943+0000][7][safepoint    ] Safepoint "Cleanup", Time since last: 1000701100 ns, Reaching safepoint: 330300 ns, At safepoint: 17900 ns, Total: 348200 ns
[2020-10-24T06:13:35.944+0000][7][safepoint    ] Safepoint "Cleanup", Time since last: 1000673400 ns, Reaching safepoint: 919600 ns, At safepoint: 48800 ns, Total: 968400 ns
[2020-10-24T06:13:36.947+0000][7][safepoint    ] Safepoint "Cleanup", Time since last: 1001421200 ns, Reaching safepoint: 893200 ns, At safepoint: 123200 ns, Total: 1016400 ns
[2020-10-24T06:13:37.948+0000][7][safepoint    ] Safepoint "Cleanup", Time since last: 1001219300 ns, Reaching safepoint: 269600 ns, At safepoint: 23500 ns, Total: 293100 ns
[2020-10-24T06:13:38.949+0000][7][safepoint    ] Safepoint "Cleanup", Time since last: 1000515800 ns, Reaching safepoint: 282500 ns, At safepoint: 9700 ns, Total: 292200 ns
[2020-10-24T06:13:39.951+0000][7][safepoint    ] Safepoint "Cleanup", Time since last: 1000618000 ns, Reaching safepoint: 824800 ns, At safepoint: 142800 ns, Total: 967600 ns
[2020-10-24T06:13:40.952+0000][7][safepoint    ] Safepoint "Cleanup", Time since last: 1001161000 ns, Reaching safepoint: 237800 ns, At safepoint: 9600 ns, Total: 247400 ns
[2020-10-24T06:13:41.953+0000][7][safepoint    ] Safepoint "Cleanup", Time since last: 1000535400 ns, Reaching safepoint: 861200 ns, At safepoint: 127300 ns, Total: 988500 ns
[2020-10-24T06:13:42.955+0000][7][safepoint    ] Safepoint "Cleanup", Time since last: 1001168900 ns, Reaching safepoint: 241700 ns, At safepoint: 10900 ns, Total: 252600 ns
[2020-10-24T06:13:43.956+0000][7][safepoint    ] Safepoint "Cleanup", Time since last: 1000481900 ns, Reaching safepoint: 273500 ns, At safepoint: 23800 ns, Total: 297300 ns
[2020-10-24T06:13:44.957+0000][7][safepoint    ] Safepoint "Cleanup", Time since last: 1000511000 ns, Reaching safepoint: 883300 ns, At safepoint: 129000 ns, Total: 1012300 ns
[2020-10-24T06:13:45.959+0000][7][safepoint    ] Safepoint "Cleanup", Time since last: 1001087600 ns, Reaching safepoint: 245900 ns, At safepoint: 23500 ns, Total: 269400 ns
[2020-10-24T06:13:46.178+0000][7][gc,start     ] GC(234) Pause Young (Concurrent Start) (G1 Evacuation Pause)
[2020-10-24T06:13:46.179+0000][7][gc,task      ] GC(234) Using 6 workers of 10 for evacuation
[2020-10-24T06:13:46.179+0000][7][gc,age       ] GC(234) Desired survivor size 3145728 bytes, new threshold 15 (max threshold 15)
[2020-10-24T06:13:46.183+0000][7][gc,age       ] GC(234) Age table with threshold 15 (max threshold 15)
[2020-10-24T06:13:46.184+0000][7][gc,age       ] GC(234) - age   1:     287128 bytes,     287128 total
[2020-10-24T06:13:46.184+0000][7][gc,age       ] GC(234) - age   2:      11416 bytes,     298544 total
[2020-10-24T06:13:46.185+0000][7][gc,phases    ] GC(234)   Pre Evacuate Collection Set: 0.7ms
[2020-10-24T06:13:46.185+0000][7][gc,phases    ] GC(234)   Merge Heap Roots: 0.1ms
[2020-10-24T06:13:46.185+0000][7][gc,phases    ] GC(234)   Evacuate Collection Set: 1.8ms
[2020-10-24T06:13:46.186+0000][7][gc,phases    ] GC(234)   Post Evacuate Collection Set: 1.1ms
[2020-10-24T06:13:46.186+0000][7][gc,phases    ] GC(234)   Other: 2.5ms
[2020-10-24T06:13:46.186+0000][7][gc,heap      ] GC(234) Eden regions: 43->0(45)
[2020-10-24T06:13:46.187+0000][7][gc,heap      ] GC(234) Survivor regions: 1->1(6)
[2020-10-24T06:13:46.187+0000][7][gc,heap      ] GC(234) Old regions: 123->123
[2020-10-24T06:13:46.187+0000][7][gc,heap      ] GC(234) Archive regions: 2->2
[2020-10-24T06:13:46.187+0000][7][gc,heap      ] GC(234) Humongous regions: 15->15
[2020-10-24T06:13:46.187+0000][7][gc,metaspace ] GC(234) Metaspace: 109318K(118052K)->109318K(118052K) NonClass: 95402K(100568K)->95402K(100568K) Class: 13916K(17484K)->13916K(17484K)
[2020-10-24T06:13:46.188+0000][7][gc           ] GC(234) Pause Young (Concurrent Start) (G1 Evacuation Pause) 182M->138M(256M) 9.315ms
[2020-10-24T06:13:46.188+0000][7][gc,cpu       ] GC(234) User=0.01s Sys=0.00s Real=0.01s
[2020-10-24T06:13:46.188+0000][7][gc           ] GC(235) Concurrent Cycle
[2020-10-24T06:13:46.188+0000][7][safepoint    ] Safepoint "G1CollectForAllocation", Time since last: 219489800 ns, Reaching safepoint: 252000 ns, At safepoint: 9781800 ns, Total: 10033800 ns
[2020-10-24T06:13:46.188+0000][7][gc,marking   ] GC(235) Concurrent Clear Claimed Marks
[2020-10-24T06:13:46.189+0000][7][gc,marking   ] GC(235) Concurrent Clear Claimed Marks 0.872ms
[2020-10-24T06:13:46.189+0000][7][gc,marking   ] GC(235) Concurrent Scan Root Regions
[2020-10-24T06:13:46.190+0000][7][gc,marking   ] GC(235) Concurrent Scan Root Regions 0.954ms
[2020-10-24T06:13:46.190+0000][7][gc,marking   ] GC(235) Concurrent Mark (1783.557s)
[2020-10-24T06:13:46.190+0000][7][gc,marking   ] GC(235) Concurrent Mark From Roots
[2020-10-24T06:13:46.191+0000][7][gc,task      ] GC(235) Using 3 workers of 3 for marking
[2020-10-24T06:13:46.238+0000][7][gc,marking   ] GC(235) Concurrent Mark From Roots 47.336ms
[2020-10-24T06:13:46.238+0000][7][gc,marking   ] GC(235) Concurrent Preclean
[2020-10-24T06:13:46.239+0000][7][gc,marking   ] GC(235) Concurrent Preclean 0.737ms
[2020-10-24T06:13:46.239+0000][7][gc,marking   ] GC(235) Concurrent Mark (1783.557s, 1783.606s) 48.884ms
[2020-10-24T06:13:46.240+0000][7][gc,start     ] GC(235) Pause Remark
[2020-10-24T06:13:46.247+0000][7][gc           ] GC(235) Pause Remark 142M->142M(256M) 6.821ms
[2020-10-24T06:13:46.247+0000][7][gc,cpu       ] GC(235) User=0.03s Sys=0.00s Real=0.00s
[2020-10-24T06:13:46.247+0000][7][safepoint    ] Safepoint "G1Concurrent", Time since last: 51495400 ns, Reaching safepoint: 226000 ns, At safepoint: 7486200 ns, Total: 7712200 ns
[2020-10-24T06:13:46.248+0000][7][gc,marking   ] GC(235) Concurrent Rebuild Remembered Sets
[2020-10-24T06:13:46.283+0000][7][gc,marking   ] GC(235) Concurrent Rebuild Remembered Sets 34.999ms
[2020-10-24T06:13:46.283+0000][7][gc,start     ] GC(235) Pause Cleanup
[2020-10-24T06:13:46.284+0000][7][gc           ] GC(235) Pause Cleanup 142M->142M(256M) 0.538ms
[2020-10-24T06:13:46.284+0000][7][gc,cpu       ] GC(235) User=0.00s Sys=0.00s Real=0.00s
[2020-10-24T06:13:46.285+0000][7][safepoint    ] Safepoint "G1Concurrent", Time since last: 35820600 ns, Reaching safepoint: 264300 ns, At safepoint: 1243800 ns, Total: 1508100 ns
[2020-10-24T06:13:46.285+0000][7][gc,marking   ] GC(235) Concurrent Cleanup for Next Mark
[2020-10-24T06:13:46.286+0000][7][gc,marking   ] GC(235) Concurrent Cleanup for Next Mark 0.653ms
[2020-10-24T06:13:46.286+0000][7][gc           ] GC(235) Concurrent Cycle 97.887ms
[2020-10-24T06:13:47.286+0000][7][safepoint    ] Safepoint "Cleanup", Time since last: 1000620400 ns, Reaching safepoint: 674500 ns, At safepoint: 53700 ns, Total: 728200 ns
[2020-10-24T06:13:48.288+0000][7][safepoint    ] Safepoint "Cleanup", Time since last: 1001366600 ns, Reaching safepoint: 298500 ns, At safepoint: 9400 ns, Total: 307900 ns
[2020-10-24T06:13:49.288+0000][7][safepoint    ] Safepoint "Cleanup", Time since last: 1000530100 ns, Reaching safepoint: 255000 ns, At safepoint: 9800 ns, Total: 264800 ns
[2020-10-24T06:13:50.289+0000][7][safepoint    ] Safepoint "Cleanup", Time since last: 1000506400 ns, Reaching safepoint: 287400 ns, At safepoint: 10000 ns, Total: 297400 ns
[2020-10-24T06:13:51.290+0000][7][safepoint    ] Safepoint "Cleanup", Time since last: 1000558900 ns, Reaching safepoint: 235000 ns, At safepoint: 10800 ns, Total: 245800 ns
[2020-10-24T06:13:52.291+0000][7][safepoint    ] Safepoint "Cleanup", Time since last: 1000549100 ns, Reaching safepoint: 214000 ns, At safepoint: 11800 ns, Total: 225800 ns
[2020-10-24T06:13:53.292+0000][7][safepoint    ] Safepoint "Cleanup", Time since last: 1000566800 ns, Reaching safepoint: 692400 ns, At safepoint: 40000 ns, Total: 732400 ns
[2020-10-24T06:13:54.294+0000][7][safepoint    ] Safepoint "Cleanup", Time since last: 1001099700 ns, Reaching safepoint: 447300 ns, At safepoint: 24800 ns, Total: 472100 ns
[2020-10-24T06:13:55.295+0000][7][safepoint    ] Safepoint "Cleanup", Time since last: 1000828900 ns, Reaching safepoint: 878600 ns, At safepoint: 55400 ns, Total: 934000 ns
[2020-10-24T06:13:56.297+0000][7][safepoint    ] Safepoint "Cleanup", Time since last: 1001136600 ns, Reaching safepoint: 205100 ns, At safepoint: 10000 ns, Total: 215100 ns
[2020-10-24T06:13:57.298+0000][7][safepoint    ] Safepoint "Cleanup", Time since last: 1000592900 ns, Reaching safepoint: 860200 ns, At safepoint: 49500 ns, Total: 909700 ns
[2020-10-24T06:13:58.300+0000][7][safepoint    ] Safepoint "Cleanup", Time since last: 1001205900 ns, Reaching safepoint: 720700 ns, At safepoint: 50900 ns, Total: 771600 ns
[2020-10-24T06:13:59.302+0000][7][safepoint    ] Safepoint "Cleanup", Time since last: 1001118000 ns, Reaching safepoint: 260800 ns, At safepoint: 15300 ns, Total: 276100 ns
[2020-10-24T06:14:00.303+0000][7][safepoint    ] Safepoint "Cleanup", Time since last: 1000577700 ns, Reaching safepoint: 276600 ns, At safepoint: 13800 ns, Total: 290400 ns
[2020-10-24T06:14:01.304+0000][7][safepoint    ] Safepoint "Cleanup", Time since last: 1000717100 ns, Reaching safepoint: 717700 ns, At safepoint: 46300 ns, Total: 764000 ns
[2020-10-24T06:14:02.306+0000][7][safepoint    ] Safepoint "Cleanup", Time since last: 1001260700 ns, Reaching safepoint: 396300 ns, At safepoint: 21200 ns, Total: 417500 ns
[2020-10-24T06:14:03.307+0000][7][safepoint    ] Safepoint "Cleanup", Time since last: 1000769400 ns, Reaching safepoint: 376100 ns, At safepoint: 21900 ns, Total: 398000 ns
[2020-10-24T06:14:04.308+0000][7][safepoint    ] Safepoint "Cleanup", Time since last: 1000639400 ns, Reaching safepoint: 298200 ns, At safepoint: 9500 ns, Total: 307700 ns
[2020-10-24T06:14:05.309+0000][7][safepoint    ] Safepoint "Cleanup", Time since last: 1000630400 ns, Reaching safepoint: 944900 ns, At safepoint: 128400 ns, Total: 1073300 ns
[2020-10-24T06:14:06.311+0000][7][safepoint    ] Safepoint "Cleanup", Time since last: 1001241400 ns, Reaching safepoint: 311600 ns, At safepoint: 18500 ns, Total: 330100 ns
[2020-10-24T06:14:07.313+0000][7][safepoint    ] Safepoint "Cleanup", Time since last: 1000731200 ns, Reaching safepoint: 775500 ns, At safepoint: 45400 ns, Total: 820900 ns
[2020-10-24T06:14:08.315+0000][7][safepoint    ] Safepoint "Cleanup", Time since last: 1001319100 ns, Reaching safepoint: 546200 ns, At safepoint: 114800 ns, Total: 661000 ns
[2020-10-24T06:14:09.316+0000][7][safepoint    ] Safepoint "Cleanup", Time since last: 1000984800 ns, Reaching safepoint: 216200 ns, At safepoint: 11800 ns, Total: 228000 ns
[2020-10-24T06:14:10.317+0000][7][safepoint    ] Safepoint "Cleanup", Time since last: 1000579400 ns, Reaching safepoint: 246100 ns, At safepoint: 11700 ns, Total: 257800 ns
[2020-10-24T06:14:11.230+0000][7][gc,start     ] GC(236) Pause Young (Normal) (G1 Evacuation Pause)
[2020-10-24T06:14:11.231+0000][7][gc,task      ] GC(236) Using 6 workers of 10 for evacuation
[2020-10-24T06:14:11.231+0000][7][gc,age       ] GC(236) Desired survivor size 3145728 bytes, new threshold 15 (max threshold 15)
[2020-10-24T06:14:11.234+0000][7][gc,age       ] GC(236) Age table with threshold 15 (max threshold 15)
[2020-10-24T06:14:11.234+0000][7][gc,age       ] GC(236) - age   1:     713128 bytes,     713128 total
[2020-10-24T06:14:11.235+0000][7][gc,age       ] GC(236) - age   2:     193960 bytes,     907088 total
[2020-10-24T06:14:11.235+0000][7][gc,age       ] GC(236) - age   3:       5480 bytes,     912568 total
[2020-10-24T06:14:11.235+0000][7][gc,phases    ] GC(236)   Pre Evacuate Collection Set: 0.1ms
[2020-10-24T06:14:11.235+0000][7][gc,phases    ] GC(236)   Merge Heap Roots: 0.1ms
[2020-10-24T06:14:11.236+0000][7][gc,phases    ] GC(236)   Evacuate Collection Set: 1.5ms
[2020-10-24T06:14:11.236+0000][7][gc,phases    ] GC(236)   Post Evacuate Collection Set: 0.7ms
[2020-10-24T06:14:11.236+0000][7][gc,phases    ] GC(236)   Other: 2.2ms
[2020-10-24T06:14:11.236+0000][7][gc,heap      ] GC(236) Eden regions: 45->0(46)
[2020-10-24T06:14:11.236+0000][7][gc,heap      ] GC(236) Survivor regions: 1->1(6)
[2020-10-24T06:14:11.237+0000][7][gc,heap      ] GC(236) Old regions: 123->123
[2020-10-24T06:14:11.237+0000][7][gc,heap      ] GC(236) Archive regions: 2->2
[2020-10-24T06:14:11.237+0000][7][gc,heap      ] GC(236) Humongous regions: 15->15
[2020-10-24T06:14:11.237+0000][7][gc,metaspace ] GC(236) Metaspace: 109328K(118052K)->109328K(118052K) NonClass: 95412K(100568K)->95412K(100568K) Class: 13916K(17484K)->13916K(17484K)
[2020-10-24T06:14:11.238+0000][7][gc           ] GC(236) Pause Young (Normal) (G1 Evacuation Pause) 183M->139M(256M) 7.038ms
[2020-10-24T06:14:11.238+0000][7][gc,cpu       ] GC(236) User=0.02s Sys=0.00s Real=0.01s
[2020-10-24T06:14:11.238+0000][7][safepoint    ] Safepoint "G1CollectForAllocation", Time since last: 913587000 ns, Reaching safepoint: 233600 ns, At safepoint: 7427900 ns, Total: 7661500 ns
[2020-10-24T06:14:12.242+0000][7][safepoint    ] Safepoint "Cleanup", Time since last: 1003845300 ns, Reaching safepoint: 616900 ns, At safepoint: 35700 ns, Total: 652600 ns
[2020-10-24T06:14:13.244+0000][7][safepoint    ] Safepoint "Cleanup", Time since last: 1000980600 ns, Reaching safepoint: 504700 ns, At safepoint: 32300 ns, Total: 537000 ns
[2020-10-24T06:14:14.245+0000][7][safepoint    ] Safepoint "Cleanup", Time since last: 1000826900 ns, Reaching safepoint: 593300 ns, At safepoint: 36500 ns, Total: 629800 ns
[2020-10-24T06:14:15.247+0000][7][safepoint    ] Safepoint "Cleanup", Time since last: 1000917100 ns, Reaching safepoint: 229800 ns, At safepoint: 23800 ns, Total: 253600 ns
[2020-10-24T06:14:16.247+0000][7][safepoint    ] Safepoint "Cleanup", Time since last: 1000589900 ns, Reaching safepoint: 283400 ns, At safepoint: 12000 ns, Total: 295400 ns
[2020-10-24T06:14:17.248+0000][7][safepoint    ] Safepoint "Cleanup", Time since last: 1000609600 ns, Reaching safepoint: 238100 ns, At safepoint: 10900 ns, Total: 249000 ns
[2020-10-24T06:14:18.249+0000][7][safepoint    ] Safepoint "Cleanup", Time since last: 1000488900 ns, Reaching safepoint: 248000 ns, At safepoint: 9500 ns, Total: 257500 ns
[2020-10-24T06:14:19.250+0000][7][safepoint    ] Safepoint "Cleanup", Time since last: 1000516800 ns, Reaching safepoint: 218500 ns, At safepoint: 10100 ns, Total: 228600 ns
[2020-10-24T06:14:20.251+0000][7][safepoint    ] Safepoint "Cleanup", Time since last: 1000514400 ns, Reaching safepoint: 596900 ns, At safepoint: 26300 ns, Total: 623200 ns
[2020-10-24T06:14:21.252+0000][7][safepoint    ] Safepoint "Cleanup", Time since last: 1000832700 ns, Reaching safepoint: 276900 ns, At safepoint: 10100 ns, Total: 287000 ns
[2020-10-24T06:14:22.467+0000][7][safepoint    ] Safepoint "Cleanup", Time since last: 1214276700 ns, Reaching safepoint: 782400 ns, At safepoint: 103400 ns, Total: 885800 ns
[2020-10-24T06:14:22.621+0000][7][safepoint    ] Safepoint "BulkRevokeBias", Time since last: 151480600 ns, Reaching safepoint: 240200 ns, At safepoint: 2322600 ns, Total: 2562800 ns
[2020-10-24T06:14:23.124+0000][7][gc,start     ] GC(237) Pause Young (Concurrent Start) (G1 Evacuation Pause)
[2020-10-24T06:14:23.125+0000][7][gc,task      ] GC(237) Using 6 workers of 10 for evacuation
[2020-10-24T06:14:23.125+0000][7][gc,age       ] GC(237) Desired survivor size 3145728 bytes, new threshold 15 (max threshold 15)
[2020-10-24T06:14:23.129+0000][7][gc,age       ] GC(237) Age table with threshold 15 (max threshold 15)
[2020-10-24T06:14:23.130+0000][7][gc,age       ] GC(237) - age   1:    4787504 bytes,    4787504 total
[2020-10-24T06:14:23.130+0000][7][gc,age       ] GC(237) - age   2:     265320 bytes,    5052824 total
[2020-10-24T06:14:23.130+0000][7][gc,age       ] GC(237) - age   3:     182904 bytes,    5235728 total
[2020-10-24T06:14:23.130+0000][7][gc,age       ] GC(237) - age   4:       4080 bytes,    5239808 total
[2020-10-24T06:14:23.131+0000][7][gc,phases    ] GC(237)   Pre Evacuate Collection Set: 0.6ms
[2020-10-24T06:14:23.131+0000][7][gc,phases    ] GC(237)   Merge Heap Roots: 0.2ms
[2020-10-24T06:14:23.131+0000][7][gc,phases    ] GC(237)   Evacuate Collection Set: 2.1ms
[2020-10-24T06:14:23.132+0000][7][gc,phases    ] GC(237)   Post Evacuate Collection Set: 0.9ms
[2020-10-24T06:14:23.132+0000][7][gc,phases    ] GC(237)   Other: 2.6ms
[2020-10-24T06:14:23.132+0000][7][gc,heap      ] GC(237) Eden regions: 46->0(37)
[2020-10-24T06:14:23.132+0000][7][gc,heap      ] GC(237) Survivor regions: 1->6(6)
[2020-10-24T06:14:23.132+0000][7][gc,heap      ] GC(237) Old regions: 123->123
[2020-10-24T06:14:23.133+0000][7][gc,heap      ] GC(237) Archive regions: 2->2
[2020-10-24T06:14:23.133+0000][7][gc,heap      ] GC(237) Humongous regions: 15->15
[2020-10-24T06:14:23.133+0000][7][gc,metaspace ] GC(237) Metaspace: 109340K(118052K)->109340K(118052K) NonClass: 95424K(100568K)->95424K(100568K) Class: 13916K(17484K)->13916K(17484K)
[2020-10-24T06:14:23.133+0000][7][gc           ] GC(237) Pause Young (Concurrent Start) (G1 Evacuation Pause) 185M->143M(256M) 8.795ms
[2020-10-24T06:14:23.133+0000][7][gc,cpu       ] GC(237) User=0.01s Sys=0.00s Real=0.01s
[2020-10-24T06:14:23.134+0000][7][safepoint    ] Safepoint "G1CollectForAllocation", Time since last: 502848000 ns, Reaching safepoint: 255100 ns, At safepoint: 9217700 ns, Total: 9472800 ns
[2020-10-24T06:14:23.134+0000][7][gc           ] GC(238) Concurrent Cycle
[2020-10-24T06:14:23.134+0000][7][gc,marking   ] GC(238) Concurrent Clear Claimed Marks
[2020-10-24T06:14:23.135+0000][7][gc,marking   ] GC(238) Concurrent Clear Claimed Marks 0.629ms
[2020-10-24T06:14:23.135+0000][7][gc,marking   ] GC(238) Concurrent Scan Root Regions
[2020-10-24T06:14:23.136+0000][7][gc,marking   ] GC(238) Concurrent Scan Root Regions 0.971ms
[2020-10-24T06:14:23.136+0000][7][gc,marking   ] GC(238) Concurrent Mark (1820.502s)
[2020-10-24T06:14:23.136+0000][7][gc,marking   ] GC(238) Concurrent Mark From Roots
[2020-10-24T06:14:23.136+0000][7][gc,task      ] GC(238) Using 3 workers of 3 for marking
[2020-10-24T06:14:23.163+0000][7][gc,start     ] GC(239) Pause Young (Normal) (G1 Evacuation Pause)
[2020-10-24T06:14:23.164+0000][7][gc,task      ] GC(239) Using 6 workers of 10 for evacuation
[2020-10-24T06:14:23.164+0000][7][gc,age       ] GC(239) Desired survivor size 3145728 bytes, new threshold 1 (max threshold 15)
[2020-10-24T06:14:23.167+0000][7][gc,age       ] GC(239) Age table with threshold 1 (max threshold 15)
[2020-10-24T06:14:23.167+0000][7][gc,age       ] GC(239) - age   1:     405704 bytes,     405704 total
[2020-10-24T06:14:23.168+0000][7][gc,phases    ] GC(239)   Pre Evacuate Collection Set: 0.1ms
[2020-10-24T06:14:23.168+0000][7][gc,phases    ] GC(239)   Merge Heap Roots: 0.1ms
[2020-10-24T06:14:23.168+0000][7][gc,phases    ] GC(239)   Evacuate Collection Set: 1.5ms
[2020-10-24T06:14:23.169+0000][7][gc,phases    ] GC(239)   Post Evacuate Collection Set: 0.9ms
[2020-10-24T06:14:23.169+0000][7][gc,phases    ] GC(239)   Other: 1.7ms
[2020-10-24T06:14:23.169+0000][7][gc,heap      ] GC(239) Eden regions: 37->0(42)
[2020-10-24T06:14:23.169+0000][7][gc,heap      ] GC(239) Survivor regions: 6->1(6)
[2020-10-24T06:14:23.169+0000][7][gc,heap      ] GC(239) Old regions: 123->125
[2020-10-24T06:14:23.170+0000][7][gc,heap      ] GC(239) Archive regions: 2->2
[2020-10-24T06:14:23.170+0000][7][gc,heap      ] GC(239) Humongous regions: 15->15
[2020-10-24T06:14:23.170+0000][7][gc,metaspace ] GC(239) Metaspace: 109340K(118052K)->109340K(118052K) NonClass: 95424K(100568K)->95424K(100568K) Class: 13916K(17484K)->13916K(17484K)
[2020-10-24T06:14:23.170+0000][7][gc           ] GC(239) Pause Young (Normal) (G1 Evacuation Pause) 180M->140M(256M) 6.843ms
[2020-10-24T06:14:23.170+0000][7][gc,cpu       ] GC(239) User=0.01s Sys=0.00s Real=0.01s
[2020-10-24T06:14:23.171+0000][7][safepoint    ] Safepoint "G1CollectForAllocation", Time since last: 29385200 ns, Reaching safepoint: 397200 ns, At safepoint: 7367500 ns, Total: 7764700 ns
[2020-10-24T06:14:23.196+0000][7][gc,marking   ] GC(238) Concurrent Mark From Roots 60.322ms
[2020-10-24T06:14:23.197+0000][7][gc,marking   ] GC(238) Concurrent Preclean
[2020-10-24T06:14:23.197+0000][7][gc,marking   ] GC(238) Concurrent Preclean 0.617ms
[2020-10-24T06:14:23.198+0000][7][gc,marking   ] GC(238) Concurrent Mark (1820.502s, 1820.564s) 61.751ms
[2020-10-24T06:14:23.198+0000][7][gc,start     ] GC(238) Pause Remark
[2020-10-24T06:14:23.205+0000][7][gc           ] GC(238) Pause Remark 152M->152M(256M) 6.817ms
[2020-10-24T06:14:23.205+0000][7][gc,cpu       ] GC(238) User=0.03s Sys=0.01s Real=0.00s
[2020-10-24T06:14:23.206+0000][7][safepoint    ] Safepoint "G1Concurrent", Time since last: 27293700 ns, Reaching safepoint: 232800 ns, At safepoint: 7591800 ns, Total: 7824600 ns
[2020-10-24T06:14:23.206+0000][7][gc,marking   ] GC(238) Concurrent Rebuild Remembered Sets
[2020-10-24T06:14:23.240+0000][7][gc,marking   ] GC(238) Concurrent Rebuild Remembered Sets 33.550ms
[2020-10-24T06:14:23.240+0000][7][gc,start     ] GC(238) Pause Cleanup
[2020-10-24T06:14:23.241+0000][7][gc           ] GC(238) Pause Cleanup 152M->152M(256M) 0.499ms
[2020-10-24T06:14:23.241+0000][7][gc,cpu       ] GC(238) User=0.00s Sys=0.00s Real=0.00s
[2020-10-24T06:14:23.242+0000][7][safepoint    ] Safepoint "G1Concurrent", Time since last: 34381400 ns, Reaching safepoint: 200900 ns, At safepoint: 1129300 ns, Total: 1330200 ns
[2020-10-24T06:14:23.242+0000][7][gc,marking   ] GC(238) Concurrent Cleanup for Next Mark
[2020-10-24T06:14:23.242+0000][7][gc,marking   ] GC(238) Concurrent Cleanup for Next Mark 0.635ms
[2020-10-24T06:14:23.243+0000][7][gc           ] GC(238) Concurrent Cycle 109.215ms
[2020-10-24T06:14:25.166+0000][7][safepoint    ] Safepoint "Cleanup", Time since last: 1923754200 ns, Reaching safepoint: 992900 ns, At safepoint: 98300 ns, Total: 1091200 ns
[2020-10-24T06:14:26.168+0000][7][safepoint    ] Safepoint "Cleanup", Time since last: 1001148900 ns, Reaching safepoint: 272500 ns, At safepoint: 9600 ns, Total: 282100 ns
[2020-10-24T06:14:27.169+0000][7][safepoint    ] Safepoint "Cleanup", Time since last: 1000531000 ns, Reaching safepoint: 257400 ns, At safepoint: 9800 ns, Total: 267200 ns
[2020-10-24T06:14:28.170+0000][7][safepoint    ] Safepoint "Cleanup", Time since last: 1000672300 ns, Reaching safepoint: 234800 ns, At safepoint: 10000 ns, Total: 244800 ns
[2020-10-24T06:14:29.171+0000][7][safepoint    ] Safepoint "Cleanup", Time since last: 1000683700 ns, Reaching safepoint: 749800 ns, At safepoint: 39300 ns, Total: 789100 ns
[2020-10-24T06:14:30.172+0000][7][safepoint    ] Safepoint "Cleanup", Time since last: 1001206800 ns, Reaching safepoint: 285500 ns, At safepoint: 10000 ns, Total: 295500 ns
[2020-10-24T06:14:31.174+0000][7][safepoint    ] Safepoint "Cleanup", Time since last: 1000639800 ns, Reaching safepoint: 1098400 ns, At safepoint: 48200 ns, Total: 1146600 ns
[2020-10-24T06:14:32.176+0000][7][safepoint    ] Safepoint "Cleanup", Time since last: 1001260500 ns, Reaching safepoint: 840100 ns, At safepoint: 98300 ns, Total: 938400 ns
[2020-10-24T06:14:33.179+0000][7][safepoint    ] Safepoint "Cleanup", Time since last: 1001255100 ns, Reaching safepoint: 866700 ns, At safepoint: 48600 ns, Total: 915300 ns
[2020-10-24T06:14:34.180+0000][7][safepoint    ] Safepoint "Cleanup", Time since last: 1001129500 ns, Reaching safepoint: 277700 ns, At safepoint: 23700 ns, Total: 301400 ns
[2020-10-24T06:14:35.181+0000][7][safepoint    ] Safepoint "Cleanup", Time since last: 1000460500 ns, Reaching safepoint: 270000 ns, At safepoint: 9400 ns, Total: 279400 ns
[2020-10-24T06:14:36.182+0000][7][safepoint    ] Safepoint "Cleanup", Time since last: 1000663000 ns, Reaching safepoint: 804600 ns, At safepoint: 50700 ns, Total: 855300 ns
[2020-10-24T06:14:37.184+0000][7][safepoint    ] Safepoint "Cleanup", Time since last: 1001219900 ns, Reaching safepoint: 809700 ns, At safepoint: 52000 ns, Total: 861700 ns
[2020-10-24T06:14:38.187+0000][7][safepoint    ] Safepoint "Cleanup", Time since last: 1001338500 ns, Reaching safepoint: 794800 ns, At safepoint: 50700 ns, Total: 845500 ns
[2020-10-24T06:14:39.189+0000][7][safepoint    ] Safepoint "Cleanup", Time since last: 1001321600 ns, Reaching safepoint: 866800 ns, At safepoint: 48700 ns, Total: 915500 ns
[2020-10-24T06:14:40.191+0000][7][safepoint    ] Safepoint "Cleanup", Time since last: 1001290800 ns, Reaching safepoint: 811400 ns, At safepoint: 49900 ns, Total: 861300 ns
[2020-10-24T06:14:41.193+0000][7][safepoint    ] Safepoint "Cleanup", Time since last: 1001295600 ns, Reaching safepoint: 822100 ns, At safepoint: 193100 ns, Total: 1015200 ns
[2020-10-24T06:14:42.195+0000][7][safepoint    ] Safepoint "Cleanup", Time since last: 1001207800 ns, Reaching safepoint: 273300 ns, At safepoint: 9800 ns, Total: 283100 ns
[2020-10-24T06:14:43.196+0000][7][safepoint    ] Safepoint "Cleanup", Time since last: 1000527400 ns, Reaching safepoint: 273600 ns, At safepoint: 13000 ns, Total: 286600 ns
[2020-10-24T06:14:44.196+0000][7][safepoint    ] Safepoint "Cleanup", Time since last: 1000628300 ns, Reaching safepoint: 227100 ns, At safepoint: 9800 ns, Total: 236900 ns
[2020-10-24T06:14:45.197+0000][7][safepoint    ] Safepoint "Cleanup", Time since last: 1000521500 ns, Reaching safepoint: 252600 ns, At safepoint: 24000 ns, Total: 276600 ns
[2020-10-24T06:14:46.198+0000][7][safepoint    ] Safepoint "Cleanup", Time since last: 1000431600 ns, Reaching safepoint: 218800 ns, At safepoint: 10000 ns, Total: 228800 ns
[2020-10-24T06:14:46.204+0000][7][gc,start     ] GC(240) Pause Young (Normal) (G1 Evacuation Pause)
[2020-10-24T06:14:46.204+0000][7][gc,task      ] GC(240) Using 6 workers of 10 for evacuation
[2020-10-24T06:14:46.204+0000][7][gc,age       ] GC(240) Desired survivor size 3145728 bytes, new threshold 15 (max threshold 15)
[2020-10-24T06:14:46.206+0000][7][gc,age       ] GC(240) Age table with threshold 15 (max threshold 15)
[2020-10-24T06:14:46.207+0000][7][gc,age       ] GC(240) - age   1:     283528 bytes,     283528 total
[2020-10-24T06:14:46.207+0000][7][gc,age       ] GC(240) - age   2:      13136 bytes,     296664 total
[2020-10-24T06:14:46.207+0000][7][gc,phases    ] GC(240)   Pre Evacuate Collection Set: 0.1ms
[2020-10-24T06:14:46.207+0000][7][gc,phases    ] GC(240)   Merge Heap Roots: 0.1ms
[2020-10-24T06:14:46.208+0000][7][gc,phases    ] GC(240)   Evacuate Collection Set: 1.0ms
[2020-10-24T06:14:46.208+0000][7][gc,phases    ] GC(240)   Post Evacuate Collection Set: 0.7ms
[2020-10-24T06:14:46.208+0000][7][gc,phases    ] GC(240)   Other: 1.7ms
[2020-10-24T06:14:46.208+0000][7][gc,heap      ] GC(240) Eden regions: 42->0(43)
[2020-10-24T06:14:46.209+0000][7][gc,heap      ] GC(240) Survivor regions: 1->1(6)
[2020-10-24T06:14:46.209+0000][7][gc,heap      ] GC(240) Old regions: 125->125
[2020-10-24T06:14:46.209+0000][7][gc,heap      ] GC(240) Archive regions: 2->2
[2020-10-24T06:14:46.209+0000][7][gc,heap      ] GC(240) Humongous regions: 15->15
[2020-10-24T06:14:46.209+0000][7][gc,metaspace ] GC(240) Metaspace: 109347K(118052K)->109347K(118052K) NonClass: 95430K(100568K)->95430K(100568K) Class: 13916K(17484K)->13916K(17484K)
[2020-10-24T06:14:46.210+0000][7][gc           ] GC(240) Pause Young (Normal) (G1 Evacuation Pause) 182M->140M(256M) 5.963ms
[2020-10-24T06:14:46.210+0000][7][gc,cpu       ] GC(240) User=0.01s Sys=0.00s Real=0.01s
[2020-10-24T06:14:46.210+0000][7][safepoint    ] Safepoint "G1CollectForAllocation", Time since last: 5462400 ns, Reaching safepoint: 204600 ns, At safepoint: 6248100 ns, Total: 6452700 ns
[2020-10-24T06:14:46.952+0000][7][safepoint    ] Safepoint "BulkRevokeBias", Time since last: 741170000 ns, Reaching safepoint: 256700 ns, At safepoint: 995000 ns, Total: 1251700 ns
[2020-10-24T06:14:47.953+0000][7][safepoint    ] Safepoint "Cleanup", Time since last: 1000622100 ns, Reaching safepoint: 279600 ns, At safepoint: 9600 ns, Total: 289200 ns
[2020-10-24T06:14:48.954+0000][7][safepoint    ] Safepoint "Cleanup", Time since last: 1000549800 ns, Reaching safepoint: 397900 ns, At safepoint: 21200 ns, Total: 419100 ns
[2020-10-24T06:14:49.955+0000][7][safepoint    ] Safepoint "Cleanup", Time since last: 1000702900 ns, Reaching safepoint: 254400 ns, At safepoint: 14800 ns, Total: 269200 ns
[2020-10-24T06:14:50.957+0000][7][safepoint    ] Safepoint "Cleanup", Time since last: 1000680800 ns, Reaching safepoint: 817700 ns, At safepoint: 100200 ns, Total: 917900 ns
[2020-10-24T06:14:51.958+0000][7][safepoint    ] Safepoint "Cleanup", Time since last: 1001128200 ns, Reaching safepoint: 277800 ns, At safepoint: 15100 ns, Total: 292900 ns
[2020-10-24T06:14:52.959+0000][7][safepoint    ] Safepoint "Cleanup", Time since last: 1000606500 ns, Reaching safepoint: 497900 ns, At safepoint: 73200 ns, Total: 571100 ns
[2020-10-24T06:14:54.710+0000][7][safepoint    ] Safepoint "Cleanup", Time since last: 1749841200 ns, Reaching safepoint: 323500 ns, At safepoint: 17400 ns, Total: 340900 ns
[2020-10-24T06:14:55.710+0000][7][safepoint    ] Safepoint "Cleanup", Time since last: 1000511500 ns, Reaching safepoint: 205400 ns, At safepoint: 11500 ns, Total: 216900 ns
[2020-10-24T06:14:56.711+0000][7][safepoint    ] Safepoint "Cleanup", Time since last: 1000641300 ns, Reaching safepoint: 353700 ns, At safepoint: 18400 ns, Total: 372100 ns
[2020-10-24T06:14:57.713+0000][7][safepoint    ] Safepoint "Cleanup", Time since last: 1000706100 ns, Reaching safepoint: 866300 ns, At safepoint: 50600 ns, Total: 916900 ns
[2020-10-24T06:14:58.714+0000][7][safepoint    ] Safepoint "Cleanup", Time since last: 1001217700 ns, Reaching safepoint: 374500 ns, At safepoint: 21300 ns, Total: 395800 ns
[2020-10-24T06:14:59.716+0000][7][safepoint    ] Safepoint "Cleanup", Time since last: 1000797200 ns, Reaching safepoint: 821900 ns, At safepoint: 101000 ns, Total: 922900 ns
[2020-10-24T06:15:00.718+0000][7][safepoint    ] Safepoint "Cleanup", Time since last: 1001320700 ns, Reaching safepoint: 329200 ns, At safepoint: 18000 ns, Total: 347200 ns
[2020-10-24T06:15:01.719+0000][7][safepoint    ] Safepoint "Cleanup", Time since last: 1000623800 ns, Reaching safepoint: 243700 ns, At safepoint: 10000 ns, Total: 253700 ns
[2020-10-24T06:15:02.720+0000][7][safepoint    ] Safepoint "Cleanup", Time since last: 1000540500 ns, Reaching safepoint: 245600 ns, At safepoint: 12000 ns, Total: 257600 ns
[2020-10-24T06:15:03.720+0000][7][safepoint    ] Safepoint "Cleanup", Time since last: 1000495300 ns, Reaching safepoint: 262300 ns, At safepoint: 9400 ns, Total: 271700 ns
[2020-10-24T06:15:04.721+0000][7][safepoint    ] Safepoint "Cleanup", Time since last: 1000463800 ns, Reaching safepoint: 209500 ns, At safepoint: 10100 ns, Total: 219600 ns
[2020-10-24T06:15:05.722+0000][7][safepoint    ] Safepoint "Cleanup", Time since last: 1000550600 ns, Reaching safepoint: 881600 ns, At safepoint: 49400 ns, Total: 931000 ns
[2020-10-24T06:15:06.724+0000][7][safepoint    ] Safepoint "Cleanup", Time since last: 1001108600 ns, Reaching safepoint: 219200 ns, At safepoint: 35600 ns, Total: 254800 ns
[2020-10-24T06:15:07.725+0000][7][safepoint    ] Safepoint "Cleanup", Time since last: 1000528800 ns, Reaching safepoint: 405100 ns, At safepoint: 29300 ns, Total: 434400 ns
[2020-10-24T06:15:08.726+0000][7][safepoint    ] Safepoint "Cleanup", Time since last: 1000832400 ns, Reaching safepoint: 274400 ns, At safepoint: 10200 ns, Total: 284600 ns
[2020-10-24T06:15:09.727+0000][7][safepoint    ] Safepoint "Cleanup", Time since last: 1000503800 ns, Reaching safepoint: 237100 ns, At safepoint: 11300 ns, Total: 248400 ns
[2020-10-24T06:15:10.728+0000][7][safepoint    ] Safepoint "Cleanup", Time since last: 1000707800 ns, Reaching safepoint: 964800 ns, At safepoint: 51200 ns, Total: 1016000 ns
[2020-10-24T06:15:11.731+0000][7][safepoint    ] Safepoint "Cleanup", Time since last: 1001246300 ns, Reaching safepoint: 854000 ns, At safepoint: 48800 ns, Total: 902800 ns
[2020-10-24T06:15:12.733+0000][7][safepoint    ] Safepoint "Cleanup", Time since last: 1001408400 ns, Reaching safepoint: 810600 ns, At safepoint: 98200 ns, Total: 908800 ns
[2020-10-24T06:15:13.735+0000][7][safepoint    ] Safepoint "Cleanup", Time since last: 1001382000 ns, Reaching safepoint: 282800 ns, At safepoint: 9000 ns, Total: 291800 ns
[2020-10-24T06:15:13.977+0000][7][gc,start     ] GC(241) Pause Young (Concurrent Start) (G1 Evacuation Pause)
[2020-10-24T06:15:13.978+0000][7][gc,task      ] GC(241) Using 6 workers of 10 for evacuation
[2020-10-24T06:15:13.978+0000][7][gc,age       ] GC(241) Desired survivor size 3145728 bytes, new threshold 15 (max threshold 15)
[2020-10-24T06:15:13.982+0000][7][gc,age       ] GC(241) Age table with threshold 15 (max threshold 15)
[2020-10-24T06:15:13.982+0000][7][gc,age       ] GC(241) - age   1:     430600 bytes,     430600 total
[2020-10-24T06:15:13.982+0000][7][gc,age       ] GC(241) - age   2:     212136 bytes,     642736 total
[2020-10-24T06:15:13.982+0000][7][gc,age       ] GC(241) - age   3:      13136 bytes,     655872 total
[2020-10-24T06:15:13.983+0000][7][gc,phases    ] GC(241)   Pre Evacuate Collection Set: 0.6ms
[2020-10-24T06:15:13.983+0000][7][gc,phases    ] GC(241)   Merge Heap Roots: 0.1ms
[2020-10-24T06:15:13.983+0000][7][gc,phases    ] GC(241)   Evacuate Collection Set: 1.6ms
[2020-10-24T06:15:13.984+0000][7][gc,phases    ] GC(241)   Post Evacuate Collection Set: 0.8ms
[2020-10-24T06:15:13.984+0000][7][gc,phases    ] GC(241)   Other: 2.3ms
[2020-10-24T06:15:13.984+0000][7][gc,heap      ] GC(241) Eden regions: 43->0(44)
[2020-10-24T06:15:13.984+0000][7][gc,heap      ] GC(241) Survivor regions: 1->1(6)
[2020-10-24T06:15:13.984+0000][7][gc,heap      ] GC(241) Old regions: 125->125
[2020-10-24T06:15:13.984+0000][7][gc,heap      ] GC(241) Archive regions: 2->2
[2020-10-24T06:15:13.985+0000][7][gc,heap      ] GC(241) Humongous regions: 15->15
[2020-10-24T06:15:13.985+0000][7][gc,metaspace ] GC(241) Metaspace: 109358K(118052K)->109358K(118052K) NonClass: 95441K(100568K)->95441K(100568K) Class: 13916K(17484K)->13916K(17484K)
[2020-10-24T06:15:13.985+0000][7][gc           ] GC(241) Pause Young (Concurrent Start) (G1 Evacuation Pause) 183M->140M(256M) 7.573ms
[2020-10-24T06:15:13.985+0000][7][gc,cpu       ] GC(241) User=0.01s Sys=0.00s Real=0.01s
[2020-10-24T06:15:13.985+0000][7][safepoint    ] Safepoint "G1CollectForAllocation", Time since last: 242531500 ns, Reaching safepoint: 218800 ns, At safepoint: 7933900 ns, Total: 8152700 ns
[2020-10-24T06:15:13.985+0000][7][gc           ] GC(242) Concurrent Cycle
[2020-10-24T06:15:13.986+0000][7][gc,marking   ] GC(242) Concurrent Clear Claimed Marks
[2020-10-24T06:15:13.986+0000][7][gc,marking   ] GC(242) Concurrent Clear Claimed Marks 0.593ms
[2020-10-24T06:15:13.986+0000][7][gc,marking   ] GC(242) Concurrent Scan Root Regions
[2020-10-24T06:15:13.988+0000][7][gc,marking   ] GC(242) Concurrent Scan Root Regions 1.394ms
[2020-10-24T06:15:13.988+0000][7][gc,marking   ] GC(242) Concurrent Mark (1871.354s)
[2020-10-24T06:15:13.988+0000][7][gc,marking   ] GC(242) Concurrent Mark From Roots
[2020-10-24T06:15:13.988+0000][7][gc,task      ] GC(242) Using 3 workers of 3 for marking
[2020-10-24T06:15:14.043+0000][7][gc,marking   ] GC(242) Concurrent Mark From Roots 54.477ms
[2020-10-24T06:15:14.043+0000][7][gc,marking   ] GC(242) Concurrent Preclean
[2020-10-24T06:15:14.044+0000][7][gc,marking   ] GC(242) Concurrent Preclean 0.746ms
[2020-10-24T06:15:14.044+0000][7][gc,marking   ] GC(242) Concurrent Mark (1871.354s, 1871.411s) 56.143ms
[2020-10-24T06:15:14.045+0000][7][gc,start     ] GC(242) Pause Remark
[2020-10-24T06:15:14.052+0000][7][gc           ] GC(242) Pause Remark 144M->144M(256M) 6.809ms
[2020-10-24T06:15:14.052+0000][7][gc,cpu       ] GC(242) User=0.03s Sys=0.00s Real=0.01s
[2020-10-24T06:15:14.052+0000][7][safepoint    ] Safepoint "G1Concurrent", Time since last: 59265500 ns, Reaching safepoint: 223700 ns, At safepoint: 7585400 ns, Total: 7809100 ns
[2020-10-24T06:15:14.053+0000][7][gc,marking   ] GC(242) Concurrent Rebuild Remembered Sets
[2020-10-24T06:15:14.088+0000][7][gc,marking   ] GC(242) Concurrent Rebuild Remembered Sets 34.842ms
[2020-10-24T06:15:14.088+0000][7][gc,start     ] GC(242) Pause Cleanup
[2020-10-24T06:15:14.089+0000][7][gc           ] GC(242) Pause Cleanup 144M->144M(256M) 0.554ms
[2020-10-24T06:15:14.089+0000][7][gc,cpu       ] GC(242) User=0.00s Sys=0.00s Real=0.00s
[2020-10-24T06:15:14.089+0000][7][safepoint    ] Safepoint "G1Concurrent", Time since last: 35658100 ns, Reaching safepoint: 271700 ns, At safepoint: 1223600 ns, Total: 1495300 ns
[2020-10-24T06:15:14.090+0000][7][gc,marking   ] GC(242) Concurrent Cleanup for Next Mark
[2020-10-24T06:15:14.090+0000][7][gc,marking   ] GC(242) Concurrent Cleanup for Next Mark 0.624ms
[2020-10-24T06:15:14.091+0000][7][gc           ] GC(242) Concurrent Cycle 105.503ms
[2020-10-24T06:15:15.316+0000][7][safepoint    ] Safepoint "Cleanup", Time since last: 1226467500 ns, Reaching safepoint: 259400 ns, At safepoint: 9300 ns, Total: 268700 ns
[2020-10-24T06:15:16.220+0000][7][gc,start     ] GC(243) Pause Young (Normal) (G1 Evacuation Pause)
[2020-10-24T06:15:16.221+0000][7][gc,task      ] GC(243) Using 6 workers of 10 for evacuation
[2020-10-24T06:15:16.221+0000][7][gc,age       ] GC(243) Desired survivor size 3145728 bytes, new threshold 15 (max threshold 15)
[2020-10-24T06:15:16.224+0000][7][gc,age       ] GC(243) Age table with threshold 15 (max threshold 15)
[2020-10-24T06:15:16.224+0000][7][gc,age       ] GC(243) - age   1:     494256 bytes,     494256 total
[2020-10-24T06:15:16.224+0000][7][gc,age       ] GC(243) - age   2:     179144 bytes,     673400 total
[2020-10-24T06:15:16.224+0000][7][gc,age       ] GC(243) - age   3:     207648 bytes,     881048 total
[2020-10-24T06:15:16.225+0000][7][gc,age       ] GC(243) - age   4:       7184 bytes,     888232 total
[2020-10-24T06:15:16.225+0000][7][gc,phases    ] GC(243)   Pre Evacuate Collection Set: 0.1ms
[2020-10-24T06:15:16.225+0000][7][gc,phases    ] GC(243)   Merge Heap Roots: 0.1ms
[2020-10-24T06:15:16.226+0000][7][gc,phases    ] GC(243)   Evacuate Collection Set: 1.2ms
[2020-10-24T06:15:16.226+0000][7][gc,phases    ] GC(243)   Post Evacuate Collection Set: 0.8ms
[2020-10-24T06:15:16.226+0000][7][gc,phases    ] GC(243)   Other: 2.3ms
[2020-10-24T06:15:16.226+0000][7][gc,heap      ] GC(243) Eden regions: 44->0(44)
[2020-10-24T06:15:16.227+0000][7][gc,heap      ] GC(243) Survivor regions: 1->1(6)
[2020-10-24T06:15:16.227+0000][7][gc,heap      ] GC(243) Old regions: 125->125
[2020-10-24T06:15:16.227+0000][7][gc,heap      ] GC(243) Archive regions: 2->2
[2020-10-24T06:15:16.227+0000][7][gc,heap      ] GC(243) Humongous regions: 15->15
[2020-10-24T06:15:16.227+0000][7][gc,metaspace ] GC(243) Metaspace: 109361K(118052K)->109361K(118052K) NonClass: 95444K(100568K)->95444K(100568K) Class: 13916K(17484K)->13916K(17484K)
[2020-10-24T06:15:16.227+0000][7][gc           ] GC(243) Pause Young (Normal) (G1 Evacuation Pause) 184M->141M(256M) 7.005ms
[2020-10-24T06:15:16.228+0000][7][gc,cpu       ] GC(243) User=0.02s Sys=0.00s Real=0.01s
[2020-10-24T06:15:16.228+0000][7][safepoint    ] Safepoint "G1CollectForAllocation", Time since last: 903888800 ns, Reaching safepoint: 319200 ns, At safepoint: 7402900 ns, Total: 7722100 ns
[2020-10-24T06:15:17.668+0000][7][safepoint    ] Safepoint "Cleanup", Time since last: 1439686400 ns, Reaching safepoint: 255000 ns, At safepoint: 11200 ns, Total: 266200 ns
[2020-10-24T06:15:18.669+0000][7][safepoint    ] Safepoint "Cleanup", Time since last: 1000518400 ns, Reaching safepoint: 272300 ns, At safepoint: 9600 ns, Total: 281900 ns
[2020-10-24T06:15:19.312+0000][7][gc,start     ] GC(244) Pause Young (Concurrent Start) (G1 Evacuation Pause)
[2020-10-24T06:15:19.313+0000][7][gc,task      ] GC(244) Using 6 workers of 10 for evacuation
[2020-10-24T06:15:19.314+0000][7][gc,age       ] GC(244) Desired survivor size 3145728 bytes, new threshold 15 (max threshold 15)
[2020-10-24T06:15:19.326+0000][7][gc,age       ] GC(244) Age table with threshold 15 (max threshold 15)
[2020-10-24T06:15:19.327+0000][7][gc,age       ] GC(244) - age   1:     275304 bytes,     275304 total
[2020-10-24T06:15:19.328+0000][7][gc,age       ] GC(244) - age   2:     481512 bytes,     756816 total
[2020-10-24T06:15:19.329+0000][7][gc,age       ] GC(244) - age   3:     175000 bytes,     931816 total
[2020-10-24T06:15:19.330+0000][7][gc,age       ] GC(244) - age   4:     207616 bytes,    1139432 total
[2020-10-24T06:15:19.331+0000][7][gc,age       ] GC(244) - age   5:       7184 bytes,    1146616 total
[2020-10-24T06:15:19.332+0000][7][gc,phases    ] GC(244)   Pre Evacuate Collection Set: 1.7ms
[2020-10-24T06:15:19.333+0000][7][gc,phases    ] GC(244)   Merge Heap Roots: 0.5ms
[2020-10-24T06:15:19.334+0000][7][gc,phases    ] GC(244)   Evacuate Collection Set: 5.6ms
[2020-10-24T06:15:19.334+0000][7][gc,phases    ] GC(244)   Post Evacuate Collection Set: 3.6ms
[2020-10-24T06:15:19.335+0000][7][gc,phases    ] GC(244)   Other: 8.7ms
[2020-10-24T06:15:19.336+0000][7][gc,heap      ] GC(244) Eden regions: 44->0(44)
[2020-10-24T06:15:19.337+0000][7][gc,heap      ] GC(244) Survivor regions: 1->2(6)
[2020-10-24T06:15:19.338+0000][7][gc,heap      ] GC(244) Old regions: 125->125
[2020-10-24T06:15:19.339+0000][7][gc,heap      ] GC(244) Archive regions: 2->2
[2020-10-24T06:15:19.340+0000][7][gc,heap      ] GC(244) Humongous regions: 15->15
[2020-10-24T06:15:19.341+0000][7][gc,metaspace ] GC(244) Metaspace: 109367K(118052K)->109367K(118052K) NonClass: 95450K(100568K)->95450K(100568K) Class: 13917K(17484K)->13917K(17484K)
[2020-10-24T06:15:19.342+0000][7][gc           ] GC(244) Pause Young (Concurrent Start) (G1 Evacuation Pause) 185M->141M(256M) 30.166ms
[2020-10-24T06:15:19.343+0000][7][gc,cpu       ] GC(244) User=0.05s Sys=0.00s Real=0.03s
[2020-10-24T06:15:19.344+0000][7][safepoint    ] Safepoint "G1CollectForAllocation", Time since last: 642234200 ns, Reaching safepoint: 862900 ns, At safepoint: 31991500 ns, Total: 32854400 ns
[2020-10-24T06:15:19.344+0000][7][gc           ] GC(245) Concurrent Cycle
[2020-10-24T06:15:19.345+0000][7][gc,marking   ] GC(245) Concurrent Clear Claimed Marks
[2020-10-24T06:15:19.347+0000][7][gc,marking   ] GC(245) Concurrent Clear Claimed Marks 1.544ms
[2020-10-24T06:15:19.347+0000][7][gc,marking   ] GC(245) Concurrent Scan Root Regions
[2020-10-24T06:15:19.350+0000][7][gc,marking   ] GC(245) Concurrent Scan Root Regions 2.642ms
[2020-10-24T06:15:19.351+0000][7][gc,marking   ] GC(245) Concurrent Mark (1876.717s)
[2020-10-24T06:15:19.352+0000][7][gc,marking   ] GC(245) Concurrent Mark From Roots
[2020-10-24T06:15:19.352+0000][7][gc,task      ] GC(245) Using 3 workers of 3 for marking
[2020-10-24T06:15:19.411+0000][7][gc,marking   ] GC(245) Concurrent Mark From Roots 59.144ms
[2020-10-24T06:15:19.411+0000][7][gc,marking   ] GC(245) Concurrent Preclean
[2020-10-24T06:15:19.412+0000][7][gc,marking   ] GC(245) Concurrent Preclean 0.660ms
[2020-10-24T06:15:19.412+0000][7][gc,marking   ] GC(245) Concurrent Mark (1876.717s, 1876.778s) 61.026ms
[2020-10-24T06:15:19.412+0000][7][gc,start     ] GC(245) Pause Remark
[2020-10-24T06:15:19.420+0000][7][gc           ] GC(245) Pause Remark 142M->142M(256M) 7.273ms
[2020-10-24T06:15:19.420+0000][7][gc,cpu       ] GC(245) User=0.04s Sys=0.00s Real=0.01s
[2020-10-24T06:15:19.420+0000][7][safepoint    ] Safepoint "G1Concurrent", Time since last: 68581700 ns, Reaching safepoint: 258400 ns, At safepoint: 7890400 ns, Total: 8148800 ns
[2020-10-24T06:15:19.421+0000][7][gc,marking   ] GC(245) Concurrent Rebuild Remembered Sets
[2020-10-24T06:15:19.455+0000][7][gc,marking   ] GC(245) Concurrent Rebuild Remembered Sets 33.913ms
[2020-10-24T06:15:19.455+0000][7][gc,start     ] GC(245) Pause Cleanup
[2020-10-24T06:15:19.456+0000][7][gc           ] GC(245) Pause Cleanup 143M->143M(256M) 0.529ms
[2020-10-24T06:15:19.456+0000][7][gc,cpu       ] GC(245) User=0.00s Sys=0.00s Real=0.00s
[2020-10-24T06:15:19.456+0000][7][safepoint    ] Safepoint "G1Concurrent", Time since last: 34661800 ns, Reaching safepoint: 261400 ns, At safepoint: 1144000 ns, Total: 1405400 ns
[2020-10-24T06:15:19.457+0000][7][gc,marking   ] GC(245) Concurrent Cleanup for Next Mark
[2020-10-24T06:15:19.457+0000][7][gc,marking   ] GC(245) Concurrent Cleanup for Next Mark 0.669ms
[2020-10-24T06:15:19.458+0000][7][gc           ] GC(245) Concurrent Cycle 114.041ms
[2020-10-24T06:15:20.457+0000][7][safepoint    ] Safepoint "Cleanup", Time since last: 1000420000 ns, Reaching safepoint: 439700 ns, At safepoint: 45400 ns, Total: 485100 ns
[2020-10-24T06:15:21.459+0000][7][safepoint    ] Safepoint "Cleanup", Time since last: 1000890000 ns, Reaching safepoint: 268800 ns, At safepoint: 9500 ns, Total: 278300 ns
[2020-10-24T06:15:22.459+0000][7][safepoint    ] Safepoint "Cleanup", Time since last: 1000521400 ns, Reaching safepoint: 217300 ns, At safepoint: 11000 ns, Total: 228300 ns
[2020-10-24T06:15:22.641+0000][7][safepoint    ] Safepoint "BulkRevokeBias", Time since last: 179109700 ns, Reaching safepoint: 269400 ns, At safepoint: 2438000 ns, Total: 2707400 ns
[2020-10-24T06:15:23.221+0000][7][gc,start     ] GC(246) Pause Young (Prepare Mixed) (G1 Evacuation Pause)
[2020-10-24T06:15:23.222+0000][7][gc,task      ] GC(246) Using 6 workers of 10 for evacuation
[2020-10-24T06:15:23.222+0000][7][gc,age       ] GC(246) Desired survivor size 3145728 bytes, new threshold 15 (max threshold 15)
[2020-10-24T06:15:23.225+0000][7][gc,age       ] GC(246) Age table with threshold 15 (max threshold 15)
[2020-10-24T06:15:23.225+0000][7][gc,age       ] GC(246) - age   1:    3124304 bytes,    3124304 total
[2020-10-24T06:15:23.226+0000][7][gc,age       ] GC(246) - age   2:     255448 bytes,    3379752 total
[2020-10-24T06:15:23.226+0000][7][gc,age       ] GC(246) - age   3:     464976 bytes,    3844728 total
[2020-10-24T06:15:23.226+0000][7][gc,age       ] GC(246) - age   4:     164560 bytes,    4009288 total
[2020-10-24T06:15:23.226+0000][7][gc,age       ] GC(246) - age   5:     198240 bytes,    4207528 total
[2020-10-24T06:15:23.227+0000][7][gc,age       ] GC(246) - age   6:       5040 bytes,    4212568 total
[2020-10-24T06:15:23.227+0000][7][gc,phases    ] GC(246)   Pre Evacuate Collection Set: 0.1ms
[2020-10-24T06:15:23.227+0000][7][gc,phases    ] GC(246)   Merge Heap Roots: 0.1ms
[2020-10-24T06:15:23.227+0000][7][gc,phases    ] GC(246)   Evacuate Collection Set: 1.6ms
[2020-10-24T06:15:23.227+0000][7][gc,phases    ] GC(246)   Post Evacuate Collection Set: 1.0ms
[2020-10-24T06:15:23.228+0000][7][gc,phases    ] GC(246)   Other: 2.9ms
[2020-10-24T06:15:23.228+0000][7][gc,heap      ] GC(246) Eden regions: 44->0(7)
[2020-10-24T06:15:23.228+0000][7][gc,heap      ] GC(246) Survivor regions: 2->5(6)
[2020-10-24T06:15:23.228+0000][7][gc,heap      ] GC(246) Old regions: 125->125
[2020-10-24T06:15:23.228+0000][7][gc,heap      ] GC(246) Archive regions: 2->2
[2020-10-24T06:15:23.228+0000][7][gc,heap      ] GC(246) Humongous regions: 15->15
[2020-10-24T06:15:23.229+0000][7][gc,metaspace ] GC(246) Metaspace: 109375K(118052K)->109375K(118052K) NonClass: 95457K(100568K)->95457K(100568K) Class: 13918K(17484K)->13918K(17484K)
[2020-10-24T06:15:23.229+0000][7][gc           ] GC(246) Pause Young (Prepare Mixed) (G1 Evacuation Pause) 185M->144M(256M) 7.541ms
[2020-10-24T06:15:23.229+0000][7][gc,cpu       ] GC(246) User=0.01s Sys=0.00s Real=0.01s
[2020-10-24T06:15:23.229+0000][7][safepoint    ] Safepoint "G1CollectForAllocation", Time since last: 579856400 ns, Reaching safepoint: 273500 ns, At safepoint: 7915800 ns, Total: 8189300 ns
[2020-10-24T06:15:23.233+0000][7][gc,start     ] GC(247) Pause Young (Mixed) (G1 Evacuation Pause)
[2020-10-24T06:15:23.233+0000][7][gc,task      ] GC(247) Using 6 workers of 10 for evacuation
[2020-10-24T06:15:23.234+0000][7][gc,age       ] GC(247) Desired survivor size 1048576 bytes, new threshold 1 (max threshold 15)
[2020-10-24T06:15:23.242+0000][7][gc,age       ] GC(247) Age table with threshold 1 (max threshold 15)
[2020-10-24T06:15:23.243+0000][7][gc,age       ] GC(247) - age   1:      95960 bytes,      95960 total
[2020-10-24T06:15:23.243+0000][7][gc,phases    ] GC(247)   Pre Evacuate Collection Set: 0.1ms
[2020-10-24T06:15:23.243+0000][7][gc,phases    ] GC(247)   Merge Heap Roots: 0.2ms
[2020-10-24T06:15:23.244+0000][7][gc,phases    ] GC(247)   Evacuate Collection Set: 7.3ms
[2020-10-24T06:15:23.244+0000][7][gc,phases    ] GC(247)   Post Evacuate Collection Set: 0.8ms
[2020-10-24T06:15:23.244+0000][7][gc,phases    ] GC(247)   Other: 1.6ms
[2020-10-24T06:15:23.244+0000][7][gc,heap      ] GC(247) Eden regions: 7->0(55)
[2020-10-24T06:15:23.245+0000][7][gc,heap      ] GC(247) Survivor regions: 5->1(2)
[2020-10-24T06:15:23.245+0000][7][gc,heap      ] GC(247) Old regions: 125->112
[2020-10-24T06:15:23.245+0000][7][gc,heap      ] GC(247) Archive regions: 2->2
[2020-10-24T06:15:23.245+0000][7][gc,heap      ] GC(247) Humongous regions: 15->15
[2020-10-24T06:15:23.245+0000][7][gc,metaspace ] GC(247) Metaspace: 109375K(118052K)->109375K(118052K) NonClass: 95457K(100568K)->95457K(100568K) Class: 13918K(17484K)->13918K(17484K)
[2020-10-24T06:15:23.246+0000][7][gc           ] GC(247) Pause Young (Mixed) (G1 Evacuation Pause) 151M->127M(256M) 12.478ms
[2020-10-24T06:15:23.246+0000][7][gc,cpu       ] GC(247) User=0.04s Sys=0.00s Real=0.01s
[2020-10-24T06:15:23.246+0000][7][safepoint    ] Safepoint "G1CollectForAllocation", Time since last: 3773500 ns, Reaching safepoint: 198700 ns, At safepoint: 12883400 ns, Total: 13082100 ns
[2020-10-24T06:15:24.247+0000][7][safepoint    ] Safepoint "Cleanup", Time since last: 1000321100 ns, Reaching safepoint: 304200 ns, At safepoint: 9500 ns, Total: 313700 ns
[2020-10-24T06:15:25.247+0000][7][safepoint    ] Safepoint "Cleanup", Time since last: 1000596100 ns, Reaching safepoint: 267100 ns, At safepoint: 11500 ns, Total: 278600 ns
[2020-10-24T06:15:26.962+0000][7][safepoint    ] Safepoint "Cleanup", Time since last: 1714210600 ns, Reaching safepoint: 268400 ns, At safepoint: 9800 ns, Total: 278200 ns
[2020-10-24T06:15:27.964+0000][7][safepoint    ] Safepoint "Cleanup", Time since last: 1000594500 ns, Reaching safepoint: 919400 ns, At safepoint: 49200 ns, Total: 968600 ns
[2020-10-24T06:15:28.966+0000][7][safepoint    ] Safepoint "Cleanup", Time since last: 1001382200 ns, Reaching safepoint: 648500 ns, At safepoint: 41000 ns, Total: 689500 ns
[2020-10-24T06:15:29.968+0000][7][safepoint    ] Safepoint "Cleanup", Time since last: 1001189200 ns, Reaching safepoint: 947800 ns, At safepoint: 50100 ns, Total: 997900 ns
[2020-10-24T06:15:30.969+0000][7][safepoint    ] Safepoint "Cleanup", Time since last: 1001290300 ns, Reaching safepoint: 249300 ns, At safepoint: 13600 ns, Total: 262900 ns
[2020-10-24T06:15:31.971+0000][7][safepoint    ] Safepoint "Cleanup", Time since last: 1000706800 ns, Reaching safepoint: 940900 ns, At safepoint: 80900 ns, Total: 1021800 ns
[2020-10-24T06:15:32.972+0000][7][safepoint    ] Safepoint "Cleanup", Time since last: 1001074300 ns, Reaching safepoint: 260500 ns, At safepoint: 32000 ns, Total: 292500 ns
[2020-10-24T06:15:33.974+0000][7][safepoint    ] Safepoint "Cleanup", Time since last: 1000647300 ns, Reaching safepoint: 799300 ns, At safepoint: 99000 ns, Total: 898300 ns
[2020-10-24T06:15:34.975+0000][7][safepoint    ] Safepoint "Cleanup", Time since last: 1001171800 ns, Reaching safepoint: 292600 ns, At safepoint: 23600 ns, Total: 316200 ns
[2020-10-24T06:15:35.977+0000][7][safepoint    ] Safepoint "Cleanup", Time since last: 1000544000 ns, Reaching safepoint: 644900 ns, At safepoint: 32100 ns, Total: 677000 ns
[2020-10-24T06:15:36.979+0000][7][safepoint    ] Safepoint "Cleanup", Time since last: 1000994800 ns, Reaching safepoint: 868800 ns, At safepoint: 48800 ns, Total: 917600 ns
[2020-10-24T06:15:38.965+0000][7][safepoint    ] Safepoint "Cleanup", Time since last: 1986125300 ns, Reaching safepoint: 281600 ns, At safepoint: 10000 ns, Total: 291600 ns
[2020-10-24T06:15:39.967+0000][7][safepoint    ] Safepoint "Cleanup", Time since last: 1000587200 ns, Reaching safepoint: 863100 ns, At safepoint: 48300 ns, Total: 911400 ns
[2020-10-24T06:15:40.969+0000][7][safepoint    ] Safepoint "Cleanup", Time since last: 1001193300 ns, Reaching safepoint: 964200 ns, At safepoint: 128100 ns, Total: 1092300 ns
[2020-10-24T06:15:41.970+0000][7][safepoint    ] Safepoint "Cleanup", Time since last: 1001206700 ns, Reaching safepoint: 351400 ns, At safepoint: 20600 ns, Total: 372000 ns
[2020-10-24T06:15:43.766+0000][7][safepoint    ] Safepoint "Cleanup", Time since last: 1794804800 ns, Reaching safepoint: 317900 ns, At safepoint: 16100 ns, Total: 334000 ns
[2020-10-24T06:15:44.767+0000][7][safepoint    ] Safepoint "Cleanup", Time since last: 1000630800 ns, Reaching safepoint: 850400 ns, At safepoint: 50400 ns, Total: 900800 ns
[2020-10-24T06:15:45.770+0000][7][safepoint    ] Safepoint "Cleanup", Time since last: 1001388000 ns, Reaching safepoint: 955700 ns, At safepoint: 129200 ns, Total: 1084900 ns
[2020-10-24T06:15:46.772+0000][7][safepoint    ] Safepoint "Cleanup", Time since last: 1001141600 ns, Reaching safepoint: 806600 ns, At safepoint: 48900 ns, Total: 855500 ns
[2020-10-24T06:15:47.774+0000][7][safepoint    ] Safepoint "Cleanup", Time since last: 1001326800 ns, Reaching safepoint: 666400 ns, At safepoint: 100800 ns, Total: 767200 ns
[2020-10-24T06:15:48.775+0000][7][safepoint    ] Safepoint "Cleanup", Time since last: 1001175400 ns, Reaching safepoint: 277600 ns, At safepoint: 10600 ns, Total: 288200 ns
[2020-10-24T06:15:49.776+0000][7][safepoint    ] Safepoint "Cleanup", Time since last: 1000472600 ns, Reaching safepoint: 236900 ns, At safepoint: 9800 ns, Total: 246700 ns
[2020-10-24T06:15:50.777+0000][7][safepoint    ] Safepoint "Cleanup", Time since last: 1000682800 ns, Reaching safepoint: 793200 ns, At safepoint: 86100 ns, Total: 879300 ns
[2020-10-24T06:15:51.779+0000][7][safepoint    ] Safepoint "Cleanup", Time since last: 1001075300 ns, Reaching safepoint: 263000 ns, At safepoint: 9900 ns, Total: 272900 ns
[2020-10-24T06:15:52.780+0000][7][safepoint    ] Safepoint "Cleanup", Time since last: 1000669400 ns, Reaching safepoint: 828200 ns, At safepoint: 49100 ns, Total: 877300 ns
[2020-10-24T06:15:52.967+0000][7][gc,start     ] GC(248) Pause Young (Concurrent Start) (G1 Evacuation Pause)
[2020-10-24T06:15:52.968+0000][7][gc,task      ] GC(248) Using 6 workers of 10 for evacuation
[2020-10-24T06:15:52.968+0000][7][gc,age       ] GC(248) Desired survivor size 3670016 bytes, new threshold 15 (max threshold 15)
[2020-10-24T06:15:52.973+0000][7][gc,age       ] GC(248) Age table with threshold 15 (max threshold 15)
[2020-10-24T06:15:52.974+0000][7][gc,age       ] GC(248) - age   1:     693424 bytes,     693424 total
[2020-10-24T06:15:52.974+0000][7][gc,age       ] GC(248) - age   2:       9288 bytes,     702712 total
[2020-10-24T06:15:52.974+0000][7][gc,phases    ] GC(248)   Pre Evacuate Collection Set: 0.7ms
[2020-10-24T06:15:52.975+0000][7][gc,phases    ] GC(248)   Merge Heap Roots: 0.2ms
[2020-10-24T06:15:52.975+0000][7][gc,phases    ] GC(248)   Evacuate Collection Set: 2.7ms
[2020-10-24T06:15:52.975+0000][7][gc,phases    ] GC(248)   Post Evacuate Collection Set: 1.0ms
[2020-10-24T06:15:52.975+0000][7][gc,phases    ] GC(248)   Other: 2.3ms
[2020-10-24T06:15:52.975+0000][7][gc,heap      ] GC(248) Eden regions: 55->0(56)
[2020-10-24T06:15:52.976+0000][7][gc,heap      ] GC(248) Survivor regions: 1->1(7)
[2020-10-24T06:15:52.976+0000][7][gc,heap      ] GC(248) Old regions: 112->112
[2020-10-24T06:15:52.976+0000][7][gc,heap      ] GC(248) Archive regions: 2->2
[2020-10-24T06:15:52.976+0000][7][gc,heap      ] GC(248) Humongous regions: 15->15
[2020-10-24T06:15:52.976+0000][7][gc,metaspace ] GC(248) Metaspace: 109382K(118052K)->109382K(118052K) NonClass: 95464K(100568K)->95464K(100568K) Class: 13918K(17484K)->13918K(17484K)
[2020-10-24T06:15:52.976+0000][7][gc           ] GC(248) Pause Young (Concurrent Start) (G1 Evacuation Pause) 182M->127M(256M) 8.914ms
[2020-10-24T06:15:52.977+0000][7][gc,cpu       ] GC(248) User=0.02s Sys=0.00s Real=0.00s
[2020-10-24T06:15:52.977+0000][7][safepoint    ] Safepoint "G1CollectForAllocation", Time since last: 186935600 ns, Reaching safepoint: 247300 ns, At safepoint: 9357100 ns, Total: 9604400 ns
[2020-10-24T06:15:52.977+0000][7][gc           ] GC(249) Concurrent Cycle
[2020-10-24T06:15:52.977+0000][7][gc,marking   ] GC(249) Concurrent Clear Claimed Marks
[2020-10-24T06:15:52.978+0000][7][gc,marking   ] GC(249) Concurrent Clear Claimed Marks 0.557ms
[2020-10-24T06:15:52.978+0000][7][gc,marking   ] GC(249) Concurrent Scan Root Regions
[2020-10-24T06:15:52.979+0000][7][gc,marking   ] GC(249) Concurrent Scan Root Regions 1.291ms
[2020-10-24T06:15:52.979+0000][7][gc,marking   ] GC(249) Concurrent Mark (1910.346s)
[2020-10-24T06:15:52.980+0000][7][gc,marking   ] GC(249) Concurrent Mark From Roots
[2020-10-24T06:15:52.980+0000][7][gc,task      ] GC(249) Using 3 workers of 3 for marking
[2020-10-24T06:15:53.029+0000][7][gc,marking   ] GC(249) Concurrent Mark From Roots 49.513ms
[2020-10-24T06:15:53.029+0000][7][gc,marking   ] GC(249) Concurrent Preclean
[2020-10-24T06:15:53.030+0000][7][gc,marking   ] GC(249) Concurrent Preclean 0.708ms
[2020-10-24T06:15:53.030+0000][7][gc,marking   ] GC(249) Concurrent Mark (1910.346s, 1910.397s) 51.089ms
[2020-10-24T06:15:53.031+0000][7][gc,start     ] GC(249) Pause Remark
[2020-10-24T06:15:53.042+0000][7][gc           ] GC(249) Pause Remark 128M->128M(256M) 11.290ms
[2020-10-24T06:15:53.043+0000][7][gc,cpu       ] GC(249) User=0.06s Sys=0.00s Real=0.01s
[2020-10-24T06:15:53.043+0000][7][safepoint    ] Safepoint "G1Concurrent", Time since last: 54059700 ns, Reaching safepoint: 220200 ns, At safepoint: 12028100 ns, Total: 12248300 ns
[2020-10-24T06:15:53.043+0000][7][gc,marking   ] GC(249) Concurrent Rebuild Remembered Sets
[2020-10-24T06:15:53.076+0000][7][gc,marking   ] GC(249) Concurrent Rebuild Remembered Sets 32.211ms
[2020-10-24T06:15:53.076+0000][7][gc,start     ] GC(249) Pause Cleanup
[2020-10-24T06:15:53.077+0000][7][gc           ] GC(249) Pause Cleanup 128M->128M(256M) 0.519ms
[2020-10-24T06:15:53.077+0000][7][gc,cpu       ] GC(249) User=0.00s Sys=0.00s Real=0.00s
[2020-10-24T06:15:53.077+0000][7][safepoint    ] Safepoint "G1Concurrent", Time since last: 33039900 ns, Reaching safepoint: 206600 ns, At safepoint: 1112700 ns, Total: 1319300 ns
[2020-10-24T06:15:53.078+0000][7][gc,marking   ] GC(249) Concurrent Cleanup for Next Mark
[2020-10-24T06:15:53.078+0000][7][gc,marking   ] GC(249) Concurrent Cleanup for Next Mark 0.632ms
[2020-10-24T06:15:53.079+0000][7][gc           ] GC(249) Concurrent Cycle 101.950ms
[2020-10-24T06:15:54.078+0000][7][safepoint    ] Safepoint "Cleanup", Time since last: 1000549800 ns, Reaching safepoint: 374100 ns, At safepoint: 9900 ns, Total: 384000 ns
[2020-10-24T06:15:55.080+0000][7][safepoint    ] Safepoint "Cleanup", Time since last: 1000599700 ns, Reaching safepoint: 1037000 ns, At safepoint: 50000 ns, Total: 1087000 ns
[2020-10-24T06:15:56.083+0000][7][safepoint    ] Safepoint "Cleanup", Time since last: 1001291000 ns, Reaching safepoint: 1067100 ns, At safepoint: 50300 ns, Total: 1117400 ns
[2020-10-24T06:15:57.085+0000][7][safepoint    ] Safepoint "Cleanup", Time since last: 1001312700 ns, Reaching safepoint: 928500 ns, At safepoint: 50800 ns, Total: 979300 ns
[2020-10-24T06:15:58.087+0000][7][safepoint    ] Safepoint "Cleanup", Time since last: 1001319200 ns, Reaching safepoint: 866400 ns, At safepoint: 50200 ns, Total: 916600 ns
[2020-10-24T06:15:59.088+0000][7][safepoint    ] Safepoint "Cleanup", Time since last: 1001184800 ns, Reaching safepoint: 233100 ns, At safepoint: 9900 ns, Total: 243000 ns
[2020-10-24T06:16:00.090+0000][7][safepoint    ] Safepoint "Cleanup", Time since last: 1000554700 ns, Reaching safepoint: 886300 ns, At safepoint: 50800 ns, Total: 937100 ns
[2020-10-24T06:16:01.092+0000][7][safepoint    ] Safepoint "Cleanup", Time since last: 1001217300 ns, Reaching safepoint: 761700 ns, At safepoint: 98500 ns, Total: 860200 ns
[2020-10-24T06:16:02.094+0000][7][safepoint    ] Safepoint "Cleanup", Time since last: 1001300700 ns, Reaching safepoint: 845100 ns, At safepoint: 50400 ns, Total: 895500 ns
[2020-10-24T06:16:03.096+0000][7][safepoint    ] Safepoint "Cleanup", Time since last: 1001339500 ns, Reaching safepoint: 813000 ns, At safepoint: 48600 ns, Total: 861600 ns
[2020-10-24T06:16:04.098+0000][7][safepoint    ] Safepoint "Cleanup", Time since last: 1001215100 ns, Reaching safepoint: 219300 ns, At safepoint: 10500 ns, Total: 229800 ns
[2020-10-24T06:16:05.099+0000][7][safepoint    ] Safepoint "Cleanup", Time since last: 1000580300 ns, Reaching safepoint: 254400 ns, At safepoint: 13500 ns, Total: 267900 ns
[2020-10-24T06:16:06.100+0000][7][safepoint    ] Safepoint "Cleanup", Time since last: 1000637400 ns, Reaching safepoint: 897600 ns, At safepoint: 49400 ns, Total: 947000 ns
[2020-10-24T06:16:07.102+0000][7][safepoint    ] Safepoint "Cleanup", Time since last: 1001208000 ns, Reaching safepoint: 299300 ns, At safepoint: 9600 ns, Total: 308900 ns
[2020-10-24T06:16:08.103+0000][7][safepoint    ] Safepoint "Cleanup", Time since last: 1000530100 ns, Reaching safepoint: 257700 ns, At safepoint: 9800 ns, Total: 267500 ns
[2020-10-24T06:16:09.103+0000][7][safepoint    ] Safepoint "Cleanup", Time since last: 1000502800 ns, Reaching safepoint: 228600 ns, At safepoint: 25400 ns, Total: 254000 ns
[2020-10-24T06:16:10.105+0000][7][safepoint    ] Safepoint "Cleanup", Time since last: 1000536200 ns, Reaching safepoint: 676700 ns, At safepoint: 43200 ns, Total: 719900 ns
[2020-10-24T06:16:11.107+0000][7][safepoint    ] Safepoint "Cleanup", Time since last: 1001500400 ns, Reaching safepoint: 875200 ns, At safepoint: 51000 ns, Total: 926200 ns
[2020-10-24T06:16:12.109+0000][7][safepoint    ] Safepoint "Cleanup", Time since last: 1001260800 ns, Reaching safepoint: 879800 ns, At safepoint: 49600 ns, Total: 929400 ns
[2020-10-24T06:16:13.111+0000][7][safepoint    ] Safepoint "Cleanup", Time since last: 1001265000 ns, Reaching safepoint: 619700 ns, At safepoint: 39600 ns, Total: 659300 ns
[2020-10-24T06:16:14.113+0000][7][safepoint    ] Safepoint "Cleanup", Time since last: 1001014300 ns, Reaching safepoint: 760800 ns, At safepoint: 49400 ns, Total: 810200 ns
[2020-10-24T06:16:15.114+0000][7][safepoint    ] Safepoint "Cleanup", Time since last: 1001213100 ns, Reaching safepoint: 271900 ns, At safepoint: 9900 ns, Total: 281800 ns
[2020-10-24T06:16:16.116+0000][7][safepoint    ] Safepoint "Cleanup", Time since last: 1000583800 ns, Reaching safepoint: 538100 ns, At safepoint: 30800 ns, Total: 568900 ns
[2020-10-24T06:16:17.007+0000][7][safepoint    ] Safepoint "ICBufferFull", Time since last: 890864000 ns, Reaching safepoint: 438200 ns, At safepoint: 44700 ns, Total: 482900 ns
[2020-10-24T06:16:17.026+0000][7][safepoint    ] Safepoint "BulkRevokeBias", Time since last: 15966900 ns, Reaching safepoint: 335800 ns, At safepoint: 2896000 ns, Total: 3231800 ns
[2020-10-24T06:16:18.424+0000][7][safepoint    ] Safepoint "Cleanup", Time since last: 1397023200 ns, Reaching safepoint: 1095100 ns, At safepoint: 49700 ns, Total: 1144800 ns
[2020-10-24T06:16:19.426+0000][7][safepoint    ] Safepoint "Cleanup", Time since last: 1001119600 ns, Reaching safepoint: 278200 ns, At safepoint: 37500 ns, Total: 315700 ns
[2020-10-24T06:16:19.979+0000][7][gc,start     ] GC(250) Pause Young (Normal) (G1 Evacuation Pause)
[2020-10-24T06:16:19.980+0000][7][gc,task      ] GC(250) Using 6 workers of 10 for evacuation
[2020-10-24T06:16:19.981+0000][7][gc,age       ] GC(250) Desired survivor size 4194304 bytes, new threshold 15 (max threshold 15)
[2020-10-24T06:16:19.990+0000][7][gc,age       ] GC(250) Age table with threshold 15 (max threshold 15)
[2020-10-24T06:16:19.991+0000][7][gc,age       ] GC(250) - age   1:     816328 bytes,     816328 total
[2020-10-24T06:16:19.992+0000][7][gc,age       ] GC(250) - age   2:     426832 bytes,    1243160 total
[2020-10-24T06:16:19.993+0000][7][gc,age       ] GC(250) - age   3:       9112 bytes,    1252272 total
[2020-10-24T06:16:19.993+0000][7][gc,phases    ] GC(250)   Pre Evacuate Collection Set: 0.5ms
[2020-10-24T06:16:19.994+0000][7][gc,phases    ] GC(250)   Merge Heap Roots: 0.4ms
[2020-10-24T06:16:19.995+0000][7][gc,phases    ] GC(250)   Evacuate Collection Set: 4.8ms
[2020-10-24T06:16:19.996+0000][7][gc,phases    ] GC(250)   Post Evacuate Collection Set: 2.9ms
[2020-10-24T06:16:19.997+0000][7][gc,phases    ] GC(250)   Other: 6.1ms
[2020-10-24T06:16:19.998+0000][7][gc,heap      ] GC(250) Eden regions: 56->0(56)
[2020-10-24T06:16:19.999+0000][7][gc,heap      ] GC(250) Survivor regions: 1->2(8)
[2020-10-24T06:16:19.999+0000][7][gc,heap      ] GC(250) Old regions: 112->112
[2020-10-24T06:16:20.000+0000][7][gc,heap      ] GC(250) Archive regions: 2->2
[2020-10-24T06:16:20.001+0000][7][gc,heap      ] GC(250) Humongous regions: 15->15
[2020-10-24T06:16:20.002+0000][7][gc,metaspace ] GC(250) Metaspace: 109394K(118052K)->109394K(118052K) NonClass: 95476K(100568K)->95476K(100568K) Class: 13917K(17484K)->13917K(17484K)
[2020-10-24T06:16:20.003+0000][7][gc           ] GC(250) Pause Young (Normal) (G1 Evacuation Pause) 183M->128M(256M) 23.649ms
[2020-10-24T06:16:20.003+0000][7][gc,cpu       ] GC(250) User=0.02s Sys=0.02s Real=0.02s
[2020-10-24T06:16:20.004+0000][7][safepoint    ] Safepoint "G1CollectForAllocation", Time since last: 552273200 ns, Reaching safepoint: 732600 ns, At safepoint: 25556200 ns, Total: 26288800 ns
[2020-10-24T06:16:21.006+0000][7][safepoint    ] Safepoint "Cleanup", Time since last: 1001096200 ns, Reaching safepoint: 230000 ns, At safepoint: 10300 ns, Total: 240300 ns
[2020-10-24T06:16:22.007+0000][7][safepoint    ] Safepoint "Cleanup", Time since last: 1000525200 ns, Reaching safepoint: 329200 ns, At safepoint: 11700 ns, Total: 340900 ns
[2020-10-24T06:16:23.303+0000][7][gc,start     ] GC(251) Pause Young (Concurrent Start) (G1 Evacuation Pause)
[2020-10-24T06:16:23.303+0000][7][gc,task      ] GC(251) Using 6 workers of 10 for evacuation
[2020-10-24T06:16:23.303+0000][7][gc,age       ] GC(251) Desired survivor size 4194304 bytes, new threshold 15 (max threshold 15)
[2020-10-24T06:16:23.308+0000][7][gc,age       ] GC(251) Age table with threshold 15 (max threshold 15)
[2020-10-24T06:16:23.308+0000][7][gc,age       ] GC(251) - age   1:    1232120 bytes,    1232120 total
[2020-10-24T06:16:23.309+0000][7][gc,age       ] GC(251) - age   2:     611880 bytes,    1844000 total
[2020-10-24T06:16:23.309+0000][7][gc,age       ] GC(251) - age   3:     411096 bytes,    2255096 total
[2020-10-24T06:16:23.309+0000][7][gc,age       ] GC(251) - age   4:       9112 bytes,    2264208 total
[2020-10-24T06:16:23.309+0000][7][gc,phases    ] GC(251)   Pre Evacuate Collection Set: 0.7ms
[2020-10-24T06:16:23.310+0000][7][gc,phases    ] GC(251)   Merge Heap Roots: 0.2ms
[2020-10-24T06:16:23.310+0000][7][gc,phases    ] GC(251)   Evacuate Collection Set: 2.1ms
[2020-10-24T06:16:23.310+0000][7][gc,phases    ] GC(251)   Post Evacuate Collection Set: 1.2ms
[2020-10-24T06:16:23.310+0000][7][gc,phases    ] GC(251)   Other: 2.6ms
[2020-10-24T06:16:23.310+0000][7][gc,heap      ] GC(251) Eden regions: 56->0(55)
[2020-10-24T06:16:23.310+0000][7][gc,heap      ] GC(251) Survivor regions: 2->3(8)
[2020-10-24T06:16:23.311+0000][7][gc,heap      ] GC(251) Old regions: 112->112
[2020-10-24T06:16:23.311+0000][7][gc,heap      ] GC(251) Archive regions: 2->2
[2020-10-24T06:16:23.311+0000][7][gc,heap      ] GC(251) Humongous regions: 15->15
[2020-10-24T06:16:23.311+0000][7][gc,metaspace ] GC(251) Metaspace: 109437K(118308K)->109437K(118308K) NonClass: 95519K(100824K)->95519K(100824K) Class: 13918K(17484K)->13918K(17484K)
[2020-10-24T06:16:23.311+0000][7][gc           ] GC(251) Pause Young (Concurrent Start) (G1 Evacuation Pause) 184M->129M(256M) 8.596ms
[2020-10-24T06:16:23.311+0000][7][gc,cpu       ] GC(251) User=0.01s Sys=0.01s Real=0.01s
[2020-10-24T06:16:23.311+0000][7][gc           ] GC(252) Concurrent Cycle
[2020-10-24T06:16:23.312+0000][7][safepoint    ] Safepoint "G1CollectForAllocation", Time since last: 1295508700 ns, Reaching safepoint: 455800 ns, At safepoint: 8991700 ns, Total: 9447500 ns
[2020-10-24T06:16:23.312+0000][7][gc,marking   ] GC(252) Concurrent Clear Claimed Marks
[2020-10-24T06:16:23.313+0000][7][gc,marking   ] GC(252) Concurrent Clear Claimed Marks 0.902ms
[2020-10-24T06:16:23.313+0000][7][gc,marking   ] GC(252) Concurrent Scan Root Regions
[2020-10-24T06:16:23.314+0000][7][gc,marking   ] GC(252) Concurrent Scan Root Regions 1.112ms
[2020-10-24T06:16:23.314+0000][7][gc,marking   ] GC(252) Concurrent Mark (1940.680s)
[2020-10-24T06:16:23.314+0000][7][gc,marking   ] GC(252) Concurrent Mark From Roots
[2020-10-24T06:16:23.315+0000][7][gc,task      ] GC(252) Using 3 workers of 3 for marking
[2020-10-24T06:16:23.323+0000][7][safepoint    ] Safepoint "BulkRevokeBias", Time since last: 9771000 ns, Reaching safepoint: 397700 ns, At safepoint: 883900 ns, Total: 1281600 ns
[2020-10-24T06:16:23.334+0000][7][safepoint    ] Safepoint "ICBufferFull", Time since last: 11240000 ns, Reaching safepoint: 438400 ns, At safepoint: 29200 ns, Total: 467600 ns
[2020-10-24T06:16:23.369+0000][7][gc,marking   ] GC(252) Concurrent Mark From Roots 55.128ms
[2020-10-24T06:16:23.370+0000][7][gc,marking   ] GC(252) Concurrent Preclean
[2020-10-24T06:16:23.370+0000][7][gc,marking   ] GC(252) Concurrent Preclean 0.725ms
[2020-10-24T06:16:23.371+0000][7][gc,marking   ] GC(252) Concurrent Mark (1940.680s, 1940.737s) 56.742ms
[2020-10-24T06:16:23.371+0000][7][gc,start     ] GC(252) Pause Remark
[2020-10-24T06:16:23.379+0000][7][gc           ] GC(252) Pause Remark 150M->150M(256M) 7.154ms
[2020-10-24T06:16:23.379+0000][7][gc,cpu       ] GC(252) User=0.05s Sys=0.00s Real=0.01s
[2020-10-24T06:16:23.379+0000][7][safepoint    ] Safepoint "G1Concurrent", Time since last: 36928500 ns, Reaching safepoint: 269000 ns, At safepoint: 7834000 ns, Total: 8103000 ns
[2020-10-24T06:16:23.380+0000][7][gc,marking   ] GC(252) Concurrent Rebuild Remembered Sets
[2020-10-24T06:16:23.416+0000][7][gc,marking   ] GC(252) Concurrent Rebuild Remembered Sets 36.193ms
[2020-10-24T06:16:23.416+0000][7][gc,start     ] GC(252) Pause Cleanup
[2020-10-24T06:16:23.417+0000][7][gc           ] GC(252) Pause Cleanup 150M->150M(256M) 0.482ms
[2020-10-24T06:16:23.417+0000][7][gc,cpu       ] GC(252) User=0.00s Sys=0.00s Real=0.00s
[2020-10-24T06:16:23.418+0000][7][safepoint    ] Safepoint "G1Concurrent", Time since last: 36952300 ns, Reaching safepoint: 214100 ns, At safepoint: 1053900 ns, Total: 1268000 ns
[2020-10-24T06:16:23.418+0000][7][gc,marking   ] GC(252) Concurrent Cleanup for Next Mark
[2020-10-24T06:16:23.418+0000][7][gc,marking   ] GC(252) Concurrent Cleanup for Next Mark 0.580ms
[2020-10-24T06:16:23.419+0000][7][gc           ] GC(252) Concurrent Cycle 107.178ms
[2020-10-24T06:16:25.330+0000][7][safepoint    ] Safepoint "Cleanup", Time since last: 1911731400 ns, Reaching safepoint: 286400 ns, At safepoint: 9900 ns, Total: 296300 ns
[2020-10-24T06:16:25.982+0000][7][safepoint    ] Safepoint "BulkRevokeBias", Time since last: 648915900 ns, Reaching safepoint: 659700 ns, At safepoint: 2508700 ns, Total: 3168400 ns
[2020-10-24T06:16:26.984+0000][7][safepoint    ] Safepoint "Cleanup", Time since last: 1001242500 ns, Reaching safepoint: 900500 ns, At safepoint: 49500 ns, Total: 950000 ns
[2020-10-24T06:16:27.985+0000][7][safepoint    ] Safepoint "Cleanup", Time since last: 1001281100 ns, Reaching safepoint: 222800 ns, At safepoint: 9900 ns, Total: 232700 ns
[2020-10-24T06:16:28.986+0000][7][safepoint    ] Safepoint "Cleanup", Time since last: 1000477000 ns, Reaching safepoint: 263500 ns, At safepoint: 9700 ns, Total: 273200 ns
[2020-10-24T06:16:29.987+0000][7][safepoint    ] Safepoint "Cleanup", Time since last: 1000497100 ns, Reaching safepoint: 251300 ns, At safepoint: 24800 ns, Total: 276100 ns
[2020-10-24T06:16:30.988+0000][7][safepoint    ] Safepoint "Cleanup", Time since last: 1000552100 ns, Reaching safepoint: 882300 ns, At safepoint: 49400 ns, Total: 931700 ns
[2020-10-24T06:16:31.990+0000][7][safepoint    ] Safepoint "Cleanup", Time since last: 1001143900 ns, Reaching safepoint: 330500 ns, At safepoint: 23200 ns, Total: 353700 ns
[2020-10-24T06:16:32.991+0000][7][safepoint    ] Safepoint "Cleanup", Time since last: 1000741000 ns, Reaching safepoint: 842900 ns, At safepoint: 51300 ns, Total: 894200 ns
[2020-10-24T06:16:33.994+0000][7][safepoint    ] Safepoint "Cleanup", Time since last: 1001352300 ns, Reaching safepoint: 937800 ns, At safepoint: 50200 ns, Total: 988000 ns
[2020-10-24T06:16:34.996+0000][7][safepoint    ] Safepoint "Cleanup", Time since last: 1001434300 ns, Reaching safepoint: 799500 ns, At safepoint: 49300 ns, Total: 848800 ns
[2020-10-24T06:16:35.998+0000][7][safepoint    ] Safepoint "Cleanup", Time since last: 1001283800 ns, Reaching safepoint: 230800 ns, At safepoint: 12200 ns, Total: 243000 ns
[2020-10-24T06:16:36.998+0000][7][safepoint    ] Safepoint "Cleanup", Time since last: 1000514600 ns, Reaching safepoint: 229000 ns, At safepoint: 22100 ns, Total: 251100 ns
[2020-10-24T06:16:37.999+0000][7][safepoint    ] Safepoint "Cleanup", Time since last: 1000476600 ns, Reaching safepoint: 217500 ns, At safepoint: 23800 ns, Total: 241300 ns
[2020-10-24T06:16:39.000+0000][7][safepoint    ] Safepoint "Cleanup", Time since last: 1000398600 ns, Reaching safepoint: 267700 ns, At safepoint: 9600 ns, Total: 277300 ns
[2020-10-24T06:16:40.001+0000][7][safepoint    ] Safepoint "Cleanup", Time since last: 1000598300 ns, Reaching safepoint: 830000 ns, At safepoint: 49400 ns, Total: 879400 ns
[2020-10-24T06:16:41.003+0000][7][safepoint    ] Safepoint "Cleanup", Time since last: 1001248100 ns, Reaching safepoint: 292400 ns, At safepoint: 9200 ns, Total: 301600 ns
[2020-10-24T06:16:42.004+0000][7][safepoint    ] Safepoint "Cleanup", Time since last: 1000550100 ns, Reaching safepoint: 813800 ns, At safepoint: 52100 ns, Total: 865900 ns
[2020-10-24T06:16:43.007+0000][7][safepoint    ] Safepoint "Cleanup", Time since last: 1001392500 ns, Reaching safepoint: 835100 ns, At safepoint: 49700 ns, Total: 884800 ns
[2020-10-24T06:16:44.008+0000][7][safepoint    ] Safepoint "Cleanup", Time since last: 1001040400 ns, Reaching safepoint: 262900 ns, At safepoint: 9800 ns, Total: 272700 ns
[2020-10-24T06:16:45.009+0000][7][safepoint    ] Safepoint "Cleanup", Time since last: 1000685500 ns, Reaching safepoint: 867000 ns, At safepoint: 49000 ns, Total: 916000 ns
[2020-10-24T06:16:46.011+0000][7][safepoint    ] Safepoint "Cleanup", Time since last: 1001203200 ns, Reaching safepoint: 311800 ns, At safepoint: 9600 ns, Total: 321400 ns
[2020-10-24T06:16:46.235+0000][7][gc,start     ] GC(253) Pause Young (Normal) (G1 Evacuation Pause)
[2020-10-24T06:16:46.236+0000][7][gc,task      ] GC(253) Using 6 workers of 10 for evacuation
[2020-10-24T06:16:46.236+0000][7][gc,age       ] GC(253) Desired survivor size 4194304 bytes, new threshold 15 (max threshold 15)
[2020-10-24T06:16:46.239+0000][7][gc,age       ] GC(253) Age table with threshold 15 (max threshold 15)
[2020-10-24T06:16:46.239+0000][7][gc,age       ] GC(253) - age   1:     293976 bytes,     293976 total
[2020-10-24T06:16:46.240+0000][7][gc,age       ] GC(253) - age   2:     250712 bytes,     544688 total
[2020-10-24T06:16:46.240+0000][7][gc,age       ] GC(253) - age   3:     582520 bytes,    1127208 total
[2020-10-24T06:16:46.240+0000][7][gc,age       ] GC(253) - age   4:     196808 bytes,    1324016 total
[2020-10-24T06:16:46.240+0000][7][gc,age       ] GC(253) - age   5:       8664 bytes,    1332680 total
[2020-10-24T06:16:46.241+0000][7][gc,phases    ] GC(253)   Pre Evacuate Collection Set: 0.1ms
[2020-10-24T06:16:46.241+0000][7][gc,phases    ] GC(253)   Merge Heap Roots: 0.1ms
[2020-10-24T06:16:46.241+0000][7][gc,phases    ] GC(253)   Evacuate Collection Set: 1.6ms
[2020-10-24T06:16:46.241+0000][7][gc,phases    ] GC(253)   Post Evacuate Collection Set: 0.8ms
[2020-10-24T06:16:46.241+0000][7][gc,phases    ] GC(253)   Other: 2.7ms
[2020-10-24T06:16:46.241+0000][7][gc,heap      ] GC(253) Eden regions: 55->0(57)
[2020-10-24T06:16:46.242+0000][7][gc,heap      ] GC(253) Survivor regions: 3->2(8)
[2020-10-24T06:16:46.242+0000][7][gc,heap      ] GC(253) Old regions: 112->112
[2020-10-24T06:16:46.242+0000][7][gc,heap      ] GC(253) Archive regions: 2->2
[2020-10-24T06:16:46.242+0000][7][gc,heap      ] GC(253) Humongous regions: 15->15
[2020-10-24T06:16:46.242+0000][7][gc,metaspace ] GC(253) Metaspace: 109450K(118308K)->109450K(118308K) NonClass: 95532K(100824K)->95532K(100824K) Class: 13918K(17484K)->13918K(17484K)
[2020-10-24T06:16:46.242+0000][7][gc           ] GC(253) Pause Young (Normal) (G1 Evacuation Pause) 184M->128M(256M) 6.737ms
[2020-10-24T06:16:46.242+0000][7][gc,cpu       ] GC(253) User=0.02s Sys=0.00s Real=0.01s
[2020-10-24T06:16:46.243+0000][7][safepoint    ] Safepoint "G1CollectForAllocation", Time since last: 224257900 ns, Reaching safepoint: 250200 ns, At safepoint: 7058400 ns, Total: 7308600 ns
[2020-10-24T06:16:47.985+0000][7][safepoint    ] Safepoint "Cleanup", Time since last: 1741331800 ns, Reaching safepoint: 1115000 ns, At safepoint: 49200 ns, Total: 1164200 ns
[2020-10-24T06:16:48.988+0000][7][safepoint    ] Safepoint "Cleanup", Time since last: 1001567300 ns, Reaching safepoint: 873000 ns, At safepoint: 50100 ns, Total: 923100 ns
[2020-10-24T06:16:49.989+0000][7][safepoint    ] Safepoint "Cleanup", Time since last: 1001241800 ns, Reaching safepoint: 269800 ns, At safepoint: 25200 ns, Total: 295000 ns
[2020-10-24T06:16:50.991+0000][7][safepoint    ] Safepoint "Cleanup", Time since last: 1000652700 ns, Reaching safepoint: 890800 ns, At safepoint: 50100 ns, Total: 940900 ns
[2020-10-24T06:16:51.992+0000][7][safepoint    ] Safepoint "Cleanup", Time since last: 1001318300 ns, Reaching safepoint: 235800 ns, At safepoint: 9700 ns, Total: 245500 ns
[2020-10-24T06:16:52.993+0000][7][safepoint    ] Safepoint "Cleanup", Time since last: 1000529800 ns, Reaching safepoint: 333200 ns, At safepoint: 18400 ns, Total: 351600 ns
[2020-10-24T06:16:53.994+0000][7][safepoint    ] Safepoint "Cleanup", Time since last: 1000631100 ns, Reaching safepoint: 279500 ns, At safepoint: 9400 ns, Total: 288900 ns
[2020-10-24T06:16:54.996+0000][7][safepoint    ] Safepoint "Cleanup", Time since last: 1000583700 ns, Reaching safepoint: 894000 ns, At safepoint: 51100 ns, Total: 945100 ns
[2020-10-24T06:16:55.996+0000][7][safepoint    ] Safepoint "Cleanup", Time since last: 1000610400 ns, Reaching safepoint: 209300 ns, At safepoint: 10000 ns, Total: 219300 ns
[2020-10-24T06:16:56.998+0000][7][safepoint    ] Safepoint "Cleanup", Time since last: 1000719900 ns, Reaching safepoint: 792500 ns, At safepoint: 50500 ns, Total: 843000 ns
[2020-10-24T06:16:57.999+0000][7][safepoint    ] Safepoint "Cleanup", Time since last: 1001277800 ns, Reaching safepoint: 268000 ns, At safepoint: 10100 ns, Total: 278100 ns
[2020-10-24T06:16:59.000+0000][7][safepoint    ] Safepoint "Cleanup", Time since last: 1000465100 ns, Reaching safepoint: 263400 ns, At safepoint: 10800 ns, Total: 274200 ns
[2020-10-24T06:17:00.001+0000][7][safepoint    ] Safepoint "Cleanup", Time since last: 1000593600 ns, Reaching safepoint: 264400 ns, At safepoint: 13700 ns, Total: 278100 ns
[2020-10-24T06:17:01.002+0000][7][safepoint    ] Safepoint "Cleanup", Time since last: 1000600000 ns, Reaching safepoint: 552800 ns, At safepoint: 30500 ns, Total: 583300 ns
[2020-10-24T06:17:02.003+0000][7][safepoint    ] Safepoint "Cleanup", Time since last: 1000952500 ns, Reaching safepoint: 231400 ns, At safepoint: 24600 ns, Total: 256000 ns
[2020-10-24T06:17:03.004+0000][7][safepoint    ] Safepoint "Cleanup", Time since last: 1000562200 ns, Reaching safepoint: 278400 ns, At safepoint: 9700 ns, Total: 288100 ns
[2020-10-24T06:17:04.006+0000][7][safepoint    ] Safepoint "Cleanup", Time since last: 1000616900 ns, Reaching safepoint: 841900 ns, At safepoint: 51500 ns, Total: 893400 ns
[2020-10-24T06:17:05.007+0000][7][safepoint    ] Safepoint "Cleanup", Time since last: 1001200000 ns, Reaching safepoint: 226700 ns, At safepoint: 10500 ns, Total: 237200 ns
[2020-10-24T06:17:06.009+0000][7][safepoint    ] Safepoint "Cleanup", Time since last: 1000560600 ns, Reaching safepoint: 895200 ns, At safepoint: 51000 ns, Total: 946200 ns
[2020-10-24T06:17:07.010+0000][7][safepoint    ] Safepoint "Cleanup", Time since last: 1001193500 ns, Reaching safepoint: 229400 ns, At safepoint: 10000 ns, Total: 239400 ns
[2020-10-24T06:17:08.012+0000][7][safepoint    ] Safepoint "Cleanup", Time since last: 1000552500 ns, Reaching safepoint: 799100 ns, At safepoint: 53000 ns, Total: 852100 ns
[2020-10-24T06:17:09.013+0000][7][safepoint    ] Safepoint "Cleanup", Time since last: 1001134100 ns, Reaching safepoint: 317700 ns, At safepoint: 10100 ns, Total: 327800 ns
[2020-10-24T06:17:10.014+0000][7][safepoint    ] Safepoint "Cleanup", Time since last: 1000444100 ns, Reaching safepoint: 243200 ns, At safepoint: 9800 ns, Total: 253000 ns
[2020-10-24T06:17:11.015+0000][7][safepoint    ] Safepoint "Cleanup", Time since last: 1000503100 ns, Reaching safepoint: 252200 ns, At safepoint: 12200 ns, Total: 264400 ns
[2020-10-24T06:17:12.016+0000][7][safepoint    ] Safepoint "Cleanup", Time since last: 1000632300 ns, Reaching safepoint: 594600 ns, At safepoint: 32000 ns, Total: 626600 ns
[2020-10-24T06:17:13.018+0000][7][safepoint    ] Safepoint "Cleanup", Time since last: 1000883400 ns, Reaching safepoint: 930100 ns, At safepoint: 48500 ns, Total: 978600 ns
[2020-10-24T06:17:14.019+0000][7][safepoint    ] Safepoint "Cleanup", Time since last: 1001264500 ns, Reaching safepoint: 244400 ns, At safepoint: 13200 ns, Total: 257600 ns
[2020-10-24T06:17:15.021+0000][7][safepoint    ] Safepoint "Cleanup", Time since last: 1000611000 ns, Reaching safepoint: 843500 ns, At safepoint: 50100 ns, Total: 893600 ns
[2020-10-24T06:17:16.023+0000][7][safepoint    ] Safepoint "Cleanup", Time since last: 1001249000 ns, Reaching safepoint: 804900 ns, At safepoint: 49400 ns, Total: 854300 ns
[2020-10-24T06:17:17.024+0000][7][safepoint    ] Safepoint "Cleanup", Time since last: 1001153400 ns, Reaching safepoint: 209100 ns, At safepoint: 23800 ns, Total: 232900 ns
[2020-10-24T06:17:18.026+0000][7][safepoint    ] Safepoint "Cleanup", Time since last: 1000553900 ns, Reaching safepoint: 809700 ns, At safepoint: 104100 ns, Total: 913800 ns
[2020-10-24T06:17:19.028+0000][7][safepoint    ] Safepoint "Cleanup", Time since last: 1001247000 ns, Reaching safepoint: 893400 ns, At safepoint: 50100 ns, Total: 943500 ns
[2020-10-24T06:17:20.007+0000][7][gc,start     ] GC(254) Pause Young (Concurrent Start) (G1 Evacuation Pause)
[2020-10-24T06:17:20.008+0000][7][gc,task      ] GC(254) Using 6 workers of 10 for evacuation
[2020-10-24T06:17:20.008+0000][7][gc,age       ] GC(254) Desired survivor size 4194304 bytes, new threshold 15 (max threshold 15)
[2020-10-24T06:17:20.012+0000][7][gc,age       ] GC(254) Age table with threshold 15 (max threshold 15)
[2020-10-24T06:17:20.012+0000][7][gc,age       ] GC(254) - age   1:     812272 bytes,     812272 total
[2020-10-24T06:17:20.012+0000][7][gc,age       ] GC(254) - age   2:     199584 bytes,    1011856 total
[2020-10-24T06:17:20.012+0000][7][gc,age       ] GC(254) - age   3:     243016 bytes,    1254872 total
[2020-10-24T06:17:20.013+0000][7][gc,age       ] GC(254) - age   4:     554744 bytes,    1809616 total
[2020-10-24T06:17:20.013+0000][7][gc,age       ] GC(254) - age   5:     178888 bytes,    1988504 total
[2020-10-24T06:17:20.013+0000][7][gc,age       ] GC(254) - age   6:       8664 bytes,    1997168 total
[2020-10-24T06:17:20.013+0000][7][gc,phases    ] GC(254)   Pre Evacuate Collection Set: 0.6ms
[2020-10-24T06:17:20.014+0000][7][gc,phases    ] GC(254)   Merge Heap Roots: 0.1ms
[2020-10-24T06:17:20.014+0000][7][gc,phases    ] GC(254)   Evacuate Collection Set: 1.6ms
[2020-10-24T06:17:20.014+0000][7][gc,phases    ] GC(254)   Post Evacuate Collection Set: 0.9ms
[2020-10-24T06:17:20.014+0000][7][gc,phases    ] GC(254)   Other: 2.7ms
[2020-10-24T06:17:20.014+0000][7][gc,heap      ] GC(254) Eden regions: 57->0(56)
[2020-10-24T06:17:20.015+0000][7][gc,heap      ] GC(254) Survivor regions: 2->3(8)
[2020-10-24T06:17:20.015+0000][7][gc,heap      ] GC(254) Old regions: 112->112
[2020-10-24T06:17:20.015+0000][7][gc,heap      ] GC(254) Archive regions: 2->2
[2020-10-24T06:17:20.015+0000][7][gc,heap      ] GC(254) Humongous regions: 15->15
[2020-10-24T06:17:20.015+0000][7][gc,metaspace ] GC(254) Metaspace: 109465K(118308K)->109465K(118308K) NonClass: 95547K(100824K)->95547K(100824K) Class: 13918K(17484K)->13918K(17484K)
[2020-10-24T06:17:20.015+0000][7][gc           ] GC(254) Pause Young (Concurrent Start) (G1 Evacuation Pause) 185M->129M(256M) 7.923ms
[2020-10-24T06:17:20.016+0000][7][gc,cpu       ] GC(254) User=0.01s Sys=0.00s Real=0.00s
[2020-10-24T06:17:20.016+0000][7][safepoint    ] Safepoint "G1CollectForAllocation", Time since last: 979288100 ns, Reaching safepoint: 313500 ns, At safepoint: 8292700 ns, Total: 8606200 ns
[2020-10-24T06:17:20.016+0000][7][gc           ] GC(255) Concurrent Cycle
[2020-10-24T06:17:20.016+0000][7][gc,marking   ] GC(255) Concurrent Clear Claimed Marks
[2020-10-24T06:17:20.017+0000][7][gc,marking   ] GC(255) Concurrent Clear Claimed Marks 0.647ms
[2020-10-24T06:17:20.017+0000][7][gc,marking   ] GC(255) Concurrent Scan Root Regions
[2020-10-24T06:17:20.018+0000][7][gc,marking   ] GC(255) Concurrent Scan Root Regions 1.009ms
[2020-10-24T06:17:20.018+0000][7][gc,marking   ] GC(255) Concurrent Mark (1997.385s)
[2020-10-24T06:17:20.018+0000][7][gc,marking   ] GC(255) Concurrent Mark From Roots
[2020-10-24T06:17:20.018+0000][7][gc,task      ] GC(255) Using 3 workers of 3 for marking
[2020-10-24T06:17:20.068+0000][7][gc,marking   ] GC(255) Concurrent Mark From Roots 49.682ms
[2020-10-24T06:17:20.068+0000][7][gc,marking   ] GC(255) Concurrent Preclean
[2020-10-24T06:17:20.069+0000][7][gc,marking   ] GC(255) Concurrent Preclean 0.697ms
[2020-10-24T06:17:20.069+0000][7][gc,marking   ] GC(255) Concurrent Mark (1997.385s, 1997.436s) 51.231ms
[2020-10-24T06:17:20.070+0000][7][gc,start     ] GC(255) Pause Remark
[2020-10-24T06:17:20.077+0000][7][gc           ] GC(255) Pause Remark 146M->146M(256M) 6.600ms
[2020-10-24T06:17:20.077+0000][7][gc,cpu       ] GC(255) User=0.03s Sys=0.00s Real=0.00s
[2020-10-24T06:17:20.077+0000][7][safepoint    ] Safepoint "G1Concurrent", Time since last: 53951700 ns, Reaching safepoint: 263600 ns, At safepoint: 7251100 ns, Total: 7514700 ns
[2020-10-24T06:17:20.078+0000][7][gc,marking   ] GC(255) Concurrent Rebuild Remembered Sets
[2020-10-24T06:17:20.110+0000][7][gc,marking   ] GC(255) Concurrent Rebuild Remembered Sets 32.062ms
[2020-10-24T06:17:20.110+0000][7][gc,start     ] GC(255) Pause Cleanup
[2020-10-24T06:17:20.111+0000][7][gc           ] GC(255) Pause Cleanup 146M->146M(256M) 0.713ms
[2020-10-24T06:17:20.111+0000][7][gc,cpu       ] GC(255) User=0.00s Sys=0.00s Real=0.00s
[2020-10-24T06:17:20.112+0000][7][safepoint    ] Safepoint "G1Concurrent", Time since last: 32847400 ns, Reaching safepoint: 217200 ns, At safepoint: 1252900 ns, Total: 1470100 ns
[2020-10-24T06:17:20.112+0000][7][gc,marking   ] GC(255) Concurrent Cleanup for Next Mark
[2020-10-24T06:17:20.112+0000][7][gc,marking   ] GC(255) Concurrent Cleanup for Next Mark 0.607ms
[2020-10-24T06:17:20.113+0000][7][gc           ] GC(255) Concurrent Cycle 96.978ms
[2020-10-24T06:17:21.504+0000][7][safepoint    ] Safepoint "Cleanup", Time since last: 1392584400 ns, Reaching safepoint: 263200 ns, At safepoint: 9800 ns, Total: 273000 ns
[2020-10-24T06:17:22.506+0000][7][safepoint    ] Safepoint "Cleanup", Time since last: 1000596800 ns, Reaching safepoint: 817800 ns, At safepoint: 49800 ns, Total: 867600 ns
[2020-10-24T06:17:23.366+0000][7][gc,start     ] GC(256) Pause Young (Normal) (G1 Evacuation Pause)
[2020-10-24T06:17:23.366+0000][7][gc,task      ] GC(256) Using 6 workers of 10 for evacuation
[2020-10-24T06:17:23.367+0000][7][gc,age       ] GC(256) Desired survivor size 4194304 bytes, new threshold 15 (max threshold 15)
[2020-10-24T06:17:23.370+0000][7][gc,age       ] GC(256) Age table with threshold 15 (max threshold 15)
[2020-10-24T06:17:23.370+0000][7][gc,age       ] GC(256) - age   1:    3265528 bytes,    3265528 total
[2020-10-24T06:17:23.371+0000][7][gc,age       ] GC(256) - age   2:      96232 bytes,    3361760 total
[2020-10-24T06:17:23.371+0000][7][gc,age       ] GC(256) - age   3:     198080 bytes,    3559840 total
[2020-10-24T06:17:23.371+0000][7][gc,age       ] GC(256) - age   4:     223152 bytes,    3782992 total
[2020-10-24T06:17:23.371+0000][7][gc,age       ] GC(256) - age   5:      85064 bytes,    3868056 total
[2020-10-24T06:17:23.372+0000][7][gc,age       ] GC(256) - age   6:     176512 bytes,    4044568 total
[2020-10-24T06:17:23.372+0000][7][gc,age       ] GC(256) - age   7:       7616 bytes,    4052184 total
[2020-10-24T06:17:23.372+0000][7][gc,phases    ] GC(256)   Pre Evacuate Collection Set: 0.1ms
[2020-10-24T06:17:23.372+0000][7][gc,phases    ] GC(256)   Merge Heap Roots: 0.2ms
[2020-10-24T06:17:23.372+0000][7][gc,phases    ] GC(256)   Evacuate Collection Set: 1.8ms
[2020-10-24T06:17:23.372+0000][7][gc,phases    ] GC(256)   Post Evacuate Collection Set: 1.0ms
[2020-10-24T06:17:23.372+0000][7][gc,phases    ] GC(256)   Other: 2.9ms
[2020-10-24T06:17:23.373+0000][7][gc,heap      ] GC(256) Eden regions: 56->0(53)
[2020-10-24T06:17:23.373+0000][7][gc,heap      ] GC(256) Survivor regions: 3->4(8)
[2020-10-24T06:17:23.373+0000][7][gc,heap      ] GC(256) Old regions: 112->112
[2020-10-24T06:17:23.373+0000][7][gc,heap      ] GC(256) Archive regions: 2->2
[2020-10-24T06:17:23.373+0000][7][gc,heap      ] GC(256) Humongous regions: 15->15
[2020-10-24T06:17:23.373+0000][7][gc,metaspace ] GC(256) Metaspace: 109494K(118308K)->109494K(118308K) NonClass: 95576K(100824K)->95576K(100824K) Class: 13918K(17484K)->13918K(17484K)
[2020-10-24T06:17:23.373+0000][7][gc           ] GC(256) Pause Young (Normal) (G1 Evacuation Pause) 185M->131M(256M) 7.370ms
[2020-10-24T06:17:23.374+0000][7][gc,cpu       ] GC(256) User=0.01s Sys=0.01s Real=0.01s
[2020-10-24T06:17:23.374+0000][7][safepoint    ] Safepoint "G1CollectForAllocation", Time since last: 859871100 ns, Reaching safepoint: 263000 ns, At safepoint: 7715900 ns, Total: 7978900 ns
[2020-10-24T06:17:24.375+0000][7][safepoint    ] Safepoint "Cleanup", Time since last: 1000507800 ns, Reaching safepoint: 836400 ns, At safepoint: 49900 ns, Total: 886300 ns
[2020-10-24T06:17:25.377+0000][7][safepoint    ] Safepoint "Cleanup", Time since last: 1001396700 ns, Reaching safepoint: 878300 ns, At safepoint: 50000 ns, Total: 928300 ns
[2020-10-24T06:17:26.379+0000][7][safepoint    ] Safepoint "Cleanup", Time since last: 1001387600 ns, Reaching safepoint: 481200 ns, At safepoint: 30300 ns, Total: 511500 ns
[2020-10-24T06:17:26.646+0000][7][gc,start     ] GC(257) Pause Young (Concurrent Start) (G1 Evacuation Pause)
[2020-10-24T06:17:26.647+0000][7][gc,task      ] GC(257) Using 6 workers of 10 for evacuation
[2020-10-24T06:17:26.647+0000][7][gc,age       ] GC(257) Desired survivor size 4194304 bytes, new threshold 15 (max threshold 15)
[2020-10-24T06:17:26.652+0000][7][gc,age       ] GC(257) Age table with threshold 15 (max threshold 15)
[2020-10-24T06:17:26.652+0000][7][gc,age       ] GC(257) - age   1:    6157584 bytes,    6157584 total
[2020-10-24T06:17:26.653+0000][7][gc,age       ] GC(257) - age   2:     950192 bytes,    7107776 total
[2020-10-24T06:17:26.653+0000][7][gc,age       ] GC(257) - age   3:      87504 bytes,    7195280 total
[2020-10-24T06:17:26.653+0000][7][gc,age       ] GC(257) - age   4:     124408 bytes,    7319688 total
[2020-10-24T06:17:26.653+0000][7][gc,age       ] GC(257) - age   5:     223128 bytes,    7542816 total
[2020-10-24T06:17:26.654+0000][7][gc,age       ] GC(257) - age   6:      85064 bytes,    7627880 total
[2020-10-24T06:17:26.654+0000][7][gc,age       ] GC(257) - age   7:     160304 bytes,    7788184 total
[2020-10-24T06:17:26.654+0000][7][gc,age       ] GC(257) - age   8:       7616 bytes,    7795800 total
[2020-10-24T06:17:26.654+0000][7][gc,phases    ] GC(257)   Pre Evacuate Collection Set: 0.6ms
[2020-10-24T06:17:26.655+0000][7][gc,phases    ] GC(257)   Merge Heap Roots: 0.1ms
[2020-10-24T06:17:26.655+0000][7][gc,phases    ] GC(257)   Evacuate Collection Set: 2.4ms
[2020-10-24T06:17:26.655+0000][7][gc,phases    ] GC(257)   Post Evacuate Collection Set: 1.4ms
[2020-10-24T06:17:26.655+0000][7][gc,phases    ] GC(257)   Other: 3.5ms
[2020-10-24T06:17:26.655+0000][7][gc,heap      ] GC(257) Eden regions: 53->0(43)
[2020-10-24T06:17:26.656+0000][7][gc,heap      ] GC(257) Survivor regions: 4->8(8)
[2020-10-24T06:17:26.656+0000][7][gc,heap      ] GC(257) Old regions: 112->113
[2020-10-24T06:17:26.656+0000][7][gc,heap      ] GC(257) Archive regions: 2->2
[2020-10-24T06:17:26.656+0000][7][gc,heap      ] GC(257) Humongous regions: 15->15
[2020-10-24T06:17:26.656+0000][7][gc,metaspace ] GC(257) Metaspace: 109497K(118308K)->109497K(118308K) NonClass: 95579K(100824K)->95579K(100824K) Class: 13918K(17484K)->13918K(17484K)
[2020-10-24T06:17:26.656+0000][7][gc           ] GC(257) Pause Young (Concurrent Start) (G1 Evacuation Pause) 184M->136M(256M) 10.001ms
[2020-10-24T06:17:26.657+0000][7][gc,cpu       ] GC(257) User=0.02s Sys=0.00s Real=0.01s
[2020-10-24T06:17:26.657+0000][7][gc           ] GC(258) Concurrent Cycle
[2020-10-24T06:17:26.657+0000][7][safepoint    ] Safepoint "G1CollectForAllocation", Time since last: 266872000 ns, Reaching safepoint: 270900 ns, At safepoint: 10407300 ns, Total: 10678200 ns
[2020-10-24T06:17:26.657+0000][7][gc,marking   ] GC(258) Concurrent Clear Claimed Marks
[2020-10-24T06:17:26.658+0000][7][gc,marking   ] GC(258) Concurrent Clear Claimed Marks 0.818ms
[2020-10-24T06:17:26.658+0000][7][gc,marking   ] GC(258) Concurrent Scan Root Regions
[2020-10-24T06:17:26.659+0000][7][gc,marking   ] GC(258) Concurrent Scan Root Regions 0.803ms
[2020-10-24T06:17:26.659+0000][7][gc,marking   ] GC(258) Concurrent Mark (2004.025s)
[2020-10-24T06:17:26.659+0000][7][gc,marking   ] GC(258) Concurrent Mark From Roots
[2020-10-24T06:17:26.659+0000][7][gc,task      ] GC(258) Using 3 workers of 3 for marking
[2020-10-24T06:17:26.712+0000][7][gc,marking   ] GC(258) Concurrent Mark From Roots 52.665ms
[2020-10-24T06:17:26.712+0000][7][gc,marking   ] GC(258) Concurrent Preclean
[2020-10-24T06:17:26.713+0000][7][gc,marking   ] GC(258) Concurrent Preclean 0.715ms
[2020-10-24T06:17:26.713+0000][7][gc,marking   ] GC(258) Concurrent Mark (2004.025s, 2004.080s) 54.192ms
[2020-10-24T06:17:26.714+0000][7][gc,start     ] GC(258) Pause Remark
[2020-10-24T06:17:26.720+0000][7][gc           ] GC(258) Pause Remark 151M->151M(256M) 6.486ms
[2020-10-24T06:17:26.721+0000][7][gc,cpu       ] GC(258) User=0.03s Sys=0.00s Real=0.01s
[2020-10-24T06:17:26.721+0000][7][safepoint    ] Safepoint "G1Concurrent", Time since last: 56700800 ns, Reaching safepoint: 227600 ns, At safepoint: 7178400 ns, Total: 7406000 ns
[2020-10-24T06:17:26.721+0000][7][gc,marking   ] GC(258) Concurrent Rebuild Remembered Sets
[2020-10-24T06:17:26.759+0000][7][gc,marking   ] GC(258) Concurrent Rebuild Remembered Sets 37.395ms
[2020-10-24T06:17:26.759+0000][7][gc,start     ] GC(258) Pause Cleanup
[2020-10-24T06:17:26.760+0000][7][gc           ] GC(258) Pause Cleanup 156M->156M(256M) 0.362ms
[2020-10-24T06:17:26.760+0000][7][gc,cpu       ] GC(258) User=0.00s Sys=0.00s Real=0.00s
[2020-10-24T06:17:26.760+0000][7][safepoint    ] Safepoint "G1Concurrent", Time since last: 38163700 ns, Reaching safepoint: 192300 ns, At safepoint: 908500 ns, Total: 1100800 ns
[2020-10-24T06:17:26.760+0000][7][gc,marking   ] GC(258) Concurrent Cleanup for Next Mark
[2020-10-24T06:17:26.761+0000][7][gc,marking   ] GC(258) Concurrent Cleanup for Next Mark 0.492ms
[2020-10-24T06:17:26.761+0000][7][gc           ] GC(258) Concurrent Cycle 104.316ms
[2020-10-24T06:17:27.762+0000][7][safepoint    ] Safepoint "Cleanup", Time since last: 1000398400 ns, Reaching safepoint: 850500 ns, At safepoint: 50800 ns, Total: 901300 ns
[2020-10-24T06:17:28.763+0000][7][safepoint    ] Safepoint "Cleanup", Time since last: 1001218900 ns, Reaching safepoint: 264800 ns, At safepoint: 9800 ns, Total: 274600 ns
[2020-10-24T06:17:29.995+0000][7][safepoint    ] Safepoint "Cleanup", Time since last: 1230976400 ns, Reaching safepoint: 877800 ns, At safepoint: 49500 ns, Total: 927300 ns
[2020-10-24T06:17:30.996+0000][7][safepoint    ] Safepoint "Cleanup", Time since last: 1001165100 ns, Reaching safepoint: 263400 ns, At safepoint: 9700 ns, Total: 273100 ns
[2020-10-24T06:17:31.997+0000][7][safepoint    ] Safepoint "Cleanup", Time since last: 1000496900 ns, Reaching safepoint: 360400 ns, At safepoint: 19800 ns, Total: 380200 ns
[2020-10-24T06:17:32.998+0000][7][safepoint    ] Safepoint "Cleanup", Time since last: 1000659900 ns, Reaching safepoint: 230700 ns, At safepoint: 10000 ns, Total: 240700 ns
[2020-10-24T06:17:34.000+0000][7][safepoint    ] Safepoint "Cleanup", Time since last: 1000637800 ns, Reaching safepoint: 697800 ns, At safepoint: 40100 ns, Total: 737900 ns
[2020-10-24T06:17:35.001+0000][7][safepoint    ] Safepoint "Cleanup", Time since last: 1001002200 ns, Reaching safepoint: 217300 ns, At safepoint: 10100 ns, Total: 227400 ns
[2020-10-24T06:17:36.002+0000][7][safepoint    ] Safepoint "Cleanup", Time since last: 1000479700 ns, Reaching safepoint: 269700 ns, At safepoint: 10500 ns, Total: 280200 ns
[2020-10-24T06:17:37.002+0000][7][safepoint    ] Safepoint "Cleanup", Time since last: 1000554300 ns, Reaching safepoint: 293500 ns, At safepoint: 24200 ns, Total: 317700 ns
[2020-10-24T06:17:38.004+0000][7][safepoint    ] Safepoint "Cleanup", Time since last: 1000591400 ns, Reaching safepoint: 871300 ns, At safepoint: 50500 ns, Total: 921800 ns
[2020-10-24T06:17:38.729+0000][7][safepoint    ] Safepoint "BulkRevokeBias", Time since last: 722448800 ns, Reaching safepoint: 272700 ns, At safepoint: 2414300 ns, Total: 2687000 ns
[2020-10-24T06:17:38.749+0000][7][gc,start     ] GC(259) Pause Young (Normal) (G1 Evacuation Pause)
[2020-10-24T06:17:38.749+0000][7][gc,task      ] GC(259) Using 6 workers of 10 for evacuation
[2020-10-24T06:17:38.750+0000][7][gc,age       ] GC(259) Desired survivor size 3670016 bytes, new threshold 1 (max threshold 15)
[2020-10-24T06:17:38.754+0000][7][gc,age       ] GC(259) Age table with threshold 1 (max threshold 15)
[2020-10-24T06:17:38.754+0000][7][gc,age       ] GC(259) - age   1:     665896 bytes,     665896 total
[2020-10-24T06:17:38.755+0000][7][gc,phases    ] GC(259)   Pre Evacuate Collection Set: 0.1ms
[2020-10-24T06:17:38.755+0000][7][gc,phases    ] GC(259)   Merge Heap Roots: 0.1ms
[2020-10-24T06:17:38.755+0000][7][gc,phases    ] GC(259)   Evacuate Collection Set: 2.4ms
[2020-10-24T06:17:38.756+0000][7][gc,phases    ] GC(259)   Post Evacuate Collection Set: 1.2ms
[2020-10-24T06:17:38.756+0000][7][gc,phases    ] GC(259)   Other: 1.8ms
[2020-10-24T06:17:38.756+0000][7][gc,heap      ] GC(259) Eden regions: 43->0(48)
[2020-10-24T06:17:38.756+0000][7][gc,heap      ] GC(259) Survivor regions: 8->1(7)
[2020-10-24T06:17:38.757+0000][7][gc,heap      ] GC(259) Old regions: 113->116
[2020-10-24T06:17:38.757+0000][7][gc,heap      ] GC(259) Archive regions: 2->2
[2020-10-24T06:17:38.757+0000][7][gc,heap      ] GC(259) Humongous regions: 15->15
[2020-10-24T06:17:38.757+0000][7][gc,metaspace ] GC(259) Metaspace: 109522K(118308K)->109522K(118308K) NonClass: 95604K(100824K)->95604K(100824K) Class: 13918K(17484K)->13918K(17484K)
[2020-10-24T06:17:38.758+0000][7][gc           ] GC(259) Pause Young (Normal) (G1 Evacuation Pause) 179M->132M(256M) 8.749ms
[2020-10-24T06:17:38.758+0000][7][gc,cpu       ] GC(259) User=0.02s Sys=0.00s Real=0.01s
[2020-10-24T06:17:38.758+0000][7][safepoint    ] Safepoint "G1CollectForAllocation", Time since last: 19628000 ns, Reaching safepoint: 342200 ns, At safepoint: 9366900 ns, Total: 9709100 ns
[2020-10-24T06:17:40.526+0000][7][safepoint    ] Safepoint "Cleanup", Time since last: 1767641700 ns, Reaching safepoint: 271000 ns, At safepoint: 34900 ns, Total: 305900 ns
[2020-10-24T06:17:41.532+0000][7][safepoint    ] Safepoint "Cleanup", Time since last: 1005711400 ns, Reaching safepoint: 321000 ns, At safepoint: 66700 ns, Total: 387700 ns
[2020-10-24T06:17:42.534+0000][7][safepoint    ] Safepoint "Cleanup", Time since last: 1000683300 ns, Reaching safepoint: 577900 ns, At safepoint: 36500 ns, Total: 614400 ns
[2020-10-24T06:17:43.535+0000][7][safepoint    ] Safepoint "Cleanup", Time since last: 1001081600 ns, Reaching safepoint: 220900 ns, At safepoint: 10000 ns, Total: 230900 ns
[2020-10-24T06:17:44.536+0000][7][safepoint    ] Safepoint "Cleanup", Time since last: 1000660400 ns, Reaching safepoint: 258900 ns, At safepoint: 9200 ns, Total: 268100 ns
[2020-10-24T06:17:46.534+0000][7][safepoint    ] Safepoint "Cleanup", Time since last: 1998038000 ns, Reaching safepoint: 310700 ns, At safepoint: 16800 ns, Total: 327500 ns
[2020-10-24T06:17:47.535+0000][7][safepoint    ] Safepoint "Cleanup", Time since last: 1000652600 ns, Reaching safepoint: 221500 ns, At safepoint: 12000 ns, Total: 233500 ns
[2020-10-24T06:17:48.536+0000][7][safepoint    ] Safepoint "Cleanup", Time since last: 1000571400 ns, Reaching safepoint: 281600 ns, At safepoint: 14600 ns, Total: 296200 ns
[2020-10-24T06:17:49.530+0000][7][gc,start     ] GC(260) Pause Young (Concurrent Start) (G1 Evacuation Pause)
[2020-10-24T06:17:49.530+0000][7][gc,task      ] GC(260) Using 6 workers of 10 for evacuation
[2020-10-24T06:17:49.531+0000][7][gc,age       ] GC(260) Desired survivor size 3670016 bytes, new threshold 15 (max threshold 15)
[2020-10-24T06:17:49.534+0000][7][gc,age       ] GC(260) Age table with threshold 15 (max threshold 15)
[2020-10-24T06:17:49.535+0000][7][gc,age       ] GC(260) - age   1:     838480 bytes,     838480 total
[2020-10-24T06:17:49.535+0000][7][gc,age       ] GC(260) - age   2:     483400 bytes,    1321880 total
[2020-10-24T06:17:49.535+0000][7][gc,phases    ] GC(260)   Pre Evacuate Collection Set: 0.7ms
[2020-10-24T06:17:49.535+0000][7][gc,phases    ] GC(260)   Merge Heap Roots: 0.1ms
[2020-10-24T06:17:49.536+0000][7][gc,phases    ] GC(260)   Evacuate Collection Set: 1.6ms
[2020-10-24T06:17:49.536+0000][7][gc,phases    ] GC(260)   Post Evacuate Collection Set: 0.9ms
[2020-10-24T06:17:49.536+0000][7][gc,phases    ] GC(260)   Other: 1.7ms
[2020-10-24T06:17:49.536+0000][7][gc,heap      ] GC(260) Eden regions: 48->0(49)
[2020-10-24T06:17:49.536+0000][7][gc,heap      ] GC(260) Survivor regions: 1->2(7)
[2020-10-24T06:17:49.537+0000][7][gc,heap      ] GC(260) Old regions: 116->116
[2020-10-24T06:17:49.537+0000][7][gc,heap      ] GC(260) Archive regions: 2->2
[2020-10-24T06:17:49.537+0000][7][gc,heap      ] GC(260) Humongous regions: 15->15
[2020-10-24T06:17:49.537+0000][7][gc,metaspace ] GC(260) Metaspace: 109566K(118308K)->109566K(118308K) NonClass: 95647K(100824K)->95647K(100824K) Class: 13918K(17484K)->13918K(17484K)
[2020-10-24T06:17:49.537+0000][7][gc           ] GC(260) Pause Young (Concurrent Start) (G1 Evacuation Pause) 180M->132M(256M) 7.006ms
[2020-10-24T06:17:49.537+0000][7][gc,cpu       ] GC(260) User=0.01s Sys=0.00s Real=0.01s
[2020-10-24T06:17:49.537+0000][7][gc           ] GC(261) Concurrent Cycle
[2020-10-24T06:17:49.538+0000][7][gc,marking   ] GC(261) Concurrent Clear Claimed Marks
[2020-10-24T06:17:49.538+0000][7][safepoint    ] Safepoint "G1CollectForAllocation", Time since last: 993729600 ns, Reaching safepoint: 333800 ns, At safepoint: 7428700 ns, Total: 7762500 ns
[2020-10-24T06:17:49.538+0000][7][gc,marking   ] GC(261) Concurrent Clear Claimed Marks 0.665ms
[2020-10-24T06:17:49.538+0000][7][gc,marking   ] GC(261) Concurrent Scan Root Regions
[2020-10-24T06:17:49.539+0000][7][gc,marking   ] GC(261) Concurrent Scan Root Regions 0.797ms
[2020-10-24T06:17:49.539+0000][7][gc,marking   ] GC(261) Concurrent Mark (2026.906s)
[2020-10-24T06:17:49.539+0000][7][gc,marking   ] GC(261) Concurrent Mark From Roots
[2020-10-24T06:17:49.540+0000][7][gc,task      ] GC(261) Using 3 workers of 3 for marking
[2020-10-24T06:17:49.589+0000][7][gc,marking   ] GC(261) Concurrent Mark From Roots 49.606ms
[2020-10-24T06:17:49.590+0000][7][gc,marking   ] GC(261) Concurrent Preclean
[2020-10-24T06:17:49.590+0000][7][gc,marking   ] GC(261) Concurrent Preclean 0.692ms
[2020-10-24T06:17:49.591+0000][7][gc,marking   ] GC(261) Concurrent Mark (2026.906s, 2026.957s) 51.123ms
[2020-10-24T06:17:49.591+0000][7][gc,start     ] GC(261) Pause Remark
[2020-10-24T06:17:49.598+0000][7][gc           ] GC(261) Pause Remark 133M->133M(256M) 6.986ms
[2020-10-24T06:17:49.598+0000][7][gc,cpu       ] GC(261) User=0.04s Sys=0.00s Real=0.01s
[2020-10-24T06:17:49.599+0000][7][safepoint    ] Safepoint "G1Concurrent", Time since last: 53299700 ns, Reaching safepoint: 261700 ns, At safepoint: 7696100 ns, Total: 7957800 ns
[2020-10-24T06:17:49.599+0000][7][gc,marking   ] GC(261) Concurrent Rebuild Remembered Sets
[2020-10-24T06:17:49.636+0000][7][gc,marking   ] GC(261) Concurrent Rebuild Remembered Sets 37.160ms
[2020-10-24T06:17:49.637+0000][7][gc,start     ] GC(261) Pause Cleanup
[2020-10-24T06:17:49.638+0000][7][gc           ] GC(261) Pause Cleanup 133M->133M(256M) 0.534ms
[2020-10-24T06:17:49.638+0000][7][gc,cpu       ] GC(261) User=0.00s Sys=0.00s Real=0.01s
[2020-10-24T06:17:49.638+0000][7][safepoint    ] Safepoint "G1Concurrent", Time since last: 37947400 ns, Reaching safepoint: 205400 ns, At safepoint: 1142800 ns, Total: 1348200 ns
[2020-10-24T06:17:49.638+0000][7][gc,marking   ] GC(261) Concurrent Cleanup for Next Mark
[2020-10-24T06:17:49.639+0000][7][gc,marking   ] GC(261) Concurrent Cleanup for Next Mark 0.618ms
[2020-10-24T06:17:49.639+0000][7][gc           ] GC(261) Concurrent Cycle 101.862ms
[2020-10-24T06:17:50.639+0000][7][safepoint    ] Safepoint "Cleanup", Time since last: 1000529500 ns, Reaching safepoint: 240400 ns, At safepoint: 10100 ns, Total: 250500 ns
[2020-10-24T06:17:51.640+0000][7][safepoint    ] Safepoint "Cleanup", Time since last: 1000514400 ns, Reaching safepoint: 264800 ns, At safepoint: 9700 ns, Total: 274500 ns
[2020-10-24T06:17:52.641+0000][7][safepoint    ] Safepoint "Cleanup", Time since last: 1000520500 ns, Reaching safepoint: 299300 ns, At safepoint: 19200 ns, Total: 318500 ns
[2020-10-24T06:17:53.641+0000][7][safepoint    ] Safepoint "Cleanup", Time since last: 1000631200 ns, Reaching safepoint: 234500 ns, At safepoint: 10000 ns, Total: 244500 ns
[2020-10-24T06:17:54.643+0000][7][safepoint    ] Safepoint "Cleanup", Time since last: 1000673700 ns, Reaching safepoint: 797000 ns, At safepoint: 51500 ns, Total: 848500 ns
[2020-10-24T06:17:55.644+0000][7][safepoint    ] Safepoint "Cleanup", Time since last: 1001168500 ns, Reaching safepoint: 250400 ns, At safepoint: 11600 ns, Total: 262000 ns
[2020-10-24T06:17:56.646+0000][7][safepoint    ] Safepoint "Cleanup", Time since last: 1000623300 ns, Reaching safepoint: 899500 ns, At safepoint: 50800 ns, Total: 950300 ns
[2020-10-24T06:17:57.648+0000][7][safepoint    ] Safepoint "Cleanup", Time since last: 1001319800 ns, Reaching safepoint: 957900 ns, At safepoint: 52000 ns, Total: 1009900 ns
[2020-10-24T06:17:58.650+0000][7][safepoint    ] Safepoint "Cleanup", Time since last: 1001153000 ns, Reaching safepoint: 332900 ns, At safepoint: 10900 ns, Total: 343800 ns
[2020-10-24T06:17:59.651+0000][7][safepoint    ] Safepoint "Cleanup", Time since last: 1000595000 ns, Reaching safepoint: 825800 ns, At safepoint: 98100 ns, Total: 923900 ns
[2020-10-24T06:18:00.653+0000][7][safepoint    ] Safepoint "Cleanup", Time since last: 1001155100 ns, Reaching safepoint: 286500 ns, At safepoint: 9600 ns, Total: 296100 ns
[2020-10-24T06:18:01.653+0000][7][safepoint    ] Safepoint "Cleanup", Time since last: 1000486400 ns, Reaching safepoint: 230800 ns, At safepoint: 9900 ns, Total: 240700 ns
[2020-10-24T06:18:02.654+0000][7][safepoint    ] Safepoint "Cleanup", Time since last: 1000547100 ns, Reaching safepoint: 254700 ns, At safepoint: 14600 ns, Total: 269300 ns
[2020-10-24T06:18:03.656+0000][7][safepoint    ] Safepoint "Cleanup", Time since last: 1000719600 ns, Reaching safepoint: 812000 ns, At safepoint: 49600 ns, Total: 861600 ns
[2020-10-24T06:18:04.732+0000][7][safepoint    ] Safepoint "Cleanup", Time since last: 1074966600 ns, Reaching safepoint: 773500 ns, At safepoint: 50400 ns, Total: 823900 ns
[2020-10-24T06:18:05.734+0000][7][safepoint    ] Safepoint "Cleanup", Time since last: 1001293200 ns, Reaching safepoint: 828600 ns, At safepoint: 49500 ns, Total: 878100 ns
[2020-10-24T06:18:06.735+0000][7][safepoint    ] Safepoint "Cleanup", Time since last: 1001249000 ns, Reaching safepoint: 350700 ns, At safepoint: 22200 ns, Total: 372900 ns
[2020-10-24T06:18:07.737+0000][7][safepoint    ] Safepoint "Cleanup", Time since last: 1000768800 ns, Reaching safepoint: 835800 ns, At safepoint: 50400 ns, Total: 886200 ns
[2020-10-24T06:18:08.739+0000][7][safepoint    ] Safepoint "Cleanup", Time since last: 1001226900 ns, Reaching safepoint: 864700 ns, At safepoint: 50200 ns, Total: 914900 ns
[2020-10-24T06:18:09.741+0000][7][safepoint    ] Safepoint "Cleanup", Time since last: 1001285200 ns, Reaching safepoint: 482900 ns, At safepoint: 28000 ns, Total: 510900 ns
[2020-10-24T06:18:10.743+0000][7][safepoint    ] Safepoint "Cleanup", Time since last: 1000545900 ns, Reaching safepoint: 1009000 ns, At safepoint: 198200 ns, Total: 1207200 ns
[2020-10-24T06:18:11.745+0000][7][safepoint    ] Safepoint "Cleanup", Time since last: 1001269800 ns, Reaching safepoint: 837100 ns, At safepoint: 50100 ns, Total: 887200 ns
[2020-10-24T06:18:12.747+0000][7][safepoint    ] Safepoint "Cleanup", Time since last: 1001255100 ns, Reaching safepoint: 849900 ns, At safepoint: 50000 ns, Total: 899900 ns
[2020-10-24T06:18:13.749+0000][7][safepoint    ] Safepoint "Cleanup", Time since last: 1001201400 ns, Reaching safepoint: 595300 ns, At safepoint: 36900 ns, Total: 632200 ns
[2020-10-24T06:18:14.751+0000][7][safepoint    ] Safepoint "Cleanup", Time since last: 1000938100 ns, Reaching safepoint: 709600 ns, At safepoint: 54800 ns, Total: 764400 ns
[2020-10-24T06:18:15.752+0000][7][safepoint    ] Safepoint "Cleanup", Time since last: 1001146500 ns, Reaching safepoint: 212800 ns, At safepoint: 24200 ns, Total: 237000 ns
[2020-10-24T06:18:16.754+0000][7][safepoint    ] Safepoint "Cleanup", Time since last: 1000611800 ns, Reaching safepoint: 877200 ns, At safepoint: 51100 ns, Total: 928300 ns
[2020-10-24T06:18:17.755+0000][7][safepoint    ] Safepoint "Cleanup", Time since last: 1001296200 ns, Reaching safepoint: 219500 ns, At safepoint: 10200 ns, Total: 229700 ns
[2020-10-24T06:18:18.756+0000][7][safepoint    ] Safepoint "Cleanup", Time since last: 1000515500 ns, Reaching safepoint: 405100 ns, At safepoint: 22400 ns, Total: 427500 ns
[2020-10-24T06:18:19.758+0000][7][safepoint    ] Safepoint "Cleanup", Time since last: 1000956900 ns, Reaching safepoint: 965300 ns, At safepoint: 54500 ns, Total: 1019800 ns
[2020-10-24T06:18:20.760+0000][7][safepoint    ] Safepoint "Cleanup", Time since last: 1001344800 ns, Reaching safepoint: 859100 ns, At safepoint: 50000 ns, Total: 909100 ns
[2020-10-24T06:18:21.762+0000][7][safepoint    ] Safepoint "Cleanup", Time since last: 1001145200 ns, Reaching safepoint: 272300 ns, At safepoint: 10100 ns, Total: 282400 ns
[2020-10-24T06:18:22.753+0000][7][safepoint    ] Safepoint "BulkRevokeBias", Time since last: 986696500 ns, Reaching safepoint: 300900 ns, At safepoint: 4091100 ns, Total: 4392000 ns
[2020-10-24T06:18:23.014+0000][7][gc,start     ] GC(262) Pause Young (Normal) (G1 Evacuation Pause)
[2020-10-24T06:18:23.014+0000][7][gc,task      ] GC(262) Using 6 workers of 10 for evacuation
[2020-10-24T06:18:23.015+0000][7][gc,age       ] GC(262) Desired survivor size 3670016 bytes, new threshold 15 (max threshold 15)
[2020-10-24T06:18:23.018+0000][7][gc,age       ] GC(262) Age table with threshold 15 (max threshold 15)
[2020-10-24T06:18:23.019+0000][7][gc,age       ] GC(262) - age   1:    6256344 bytes,    6256344 total
[2020-10-24T06:18:23.019+0000][7][gc,age       ] GC(262) - age   2:     796344 bytes,    7052688 total
[2020-10-24T06:18:23.019+0000][7][gc,age       ] GC(262) - age   3:     269968 bytes,    7322656 total
[2020-10-24T06:18:23.019+0000][7][gc,phases    ] GC(262)   Pre Evacuate Collection Set: 0.1ms
[2020-10-24T06:18:23.020+0000][7][gc,phases    ] GC(262)   Merge Heap Roots: 0.1ms
[2020-10-24T06:18:23.020+0000][7][gc,phases    ] GC(262)   Evacuate Collection Set: 2.2ms
[2020-10-24T06:18:23.020+0000][7][gc,phases    ] GC(262)   Post Evacuate Collection Set: 0.9ms
[2020-10-24T06:18:23.020+0000][7][gc,phases    ] GC(262)   Other: 2.1ms
[2020-10-24T06:18:23.021+0000][7][gc,heap      ] GC(262) Eden regions: 49->0(39)
[2020-10-24T06:18:23.021+0000][7][gc,heap      ] GC(262) Survivor regions: 2->7(7)
[2020-10-24T06:18:23.021+0000][7][gc,heap      ] GC(262) Old regions: 116->116
[2020-10-24T06:18:23.021+0000][7][gc,heap      ] GC(262) Archive regions: 2->2
[2020-10-24T06:18:23.021+0000][7][gc,heap      ] GC(262) Humongous regions: 15->15
[2020-10-24T06:18:23.022+0000][7][gc,metaspace ] GC(262) Metaspace: 109578K(118308K)->109578K(118308K) NonClass: 95660K(100824K)->95660K(100824K) Class: 13918K(17484K)->13918K(17484K)
[2020-10-24T06:18:23.022+0000][7][gc           ] GC(262) Pause Young (Normal) (G1 Evacuation Pause) 181M->138M(256M) 7.881ms
[2020-10-24T06:18:23.022+0000][7][gc,cpu       ] GC(262) User=0.02s Sys=0.00s Real=0.01s
[2020-10-24T06:18:23.022+0000][7][safepoint    ] Safepoint "G1CollectForAllocation", Time since last: 260957200 ns, Reaching safepoint: 247000 ns, At safepoint: 8271000 ns, Total: 8518000 ns
[2020-10-24T06:18:23.430+0000][7][gc,start     ] GC(263) Pause Young (Concurrent Start) (G1 Evacuation Pause)
[2020-10-24T06:18:23.431+0000][7][gc,task      ] GC(263) Using 6 workers of 10 for evacuation
[2020-10-24T06:18:23.431+0000][7][gc,age       ] GC(263) Desired survivor size 3145728 bytes, new threshold 1 (max threshold 15)
[2020-10-24T06:18:23.435+0000][7][gc,age       ] GC(263) Age table with threshold 1 (max threshold 15)
[2020-10-24T06:18:23.435+0000][7][gc,age       ] GC(263) - age   1:    1354888 bytes,    1354888 total
[2020-10-24T06:18:23.436+0000][7][gc,phases    ] GC(263)   Pre Evacuate Collection Set: 0.6ms
[2020-10-24T06:18:23.436+0000][7][gc,phases    ] GC(263)   Merge Heap Roots: 0.2ms
[2020-10-24T06:18:23.436+0000][7][gc,phases    ] GC(263)   Evacuate Collection Set: 2.0ms
[2020-10-24T06:18:23.437+0000][7][gc,phases    ] GC(263)   Post Evacuate Collection Set: 0.9ms
[2020-10-24T06:18:23.437+0000][7][gc,phases    ] GC(263)   Other: 1.8ms
[2020-10-24T06:18:23.437+0000][7][gc,heap      ] GC(263) Eden regions: 39->0(42)
[2020-10-24T06:18:23.438+0000][7][gc,heap      ] GC(263) Survivor regions: 7->2(6)
[2020-10-24T06:18:23.438+0000][7][gc,heap      ] GC(263) Old regions: 116->119
[2020-10-24T06:18:23.438+0000][7][gc,heap      ] GC(263) Archive regions: 2->2
[2020-10-24T06:18:23.438+0000][7][gc,heap      ] GC(263) Humongous regions: 15->15
[2020-10-24T06:18:23.438+0000][7][gc,metaspace ] GC(263) Metaspace: 109579K(118308K)->109579K(118308K) NonClass: 95661K(100824K)->95661K(100824K) Class: 13918K(17484K)->13918K(17484K)
[2020-10-24T06:18:23.439+0000][7][gc           ] GC(263) Pause Young (Concurrent Start) (G1 Evacuation Pause) 177M->136M(256M) 8.274ms
[2020-10-24T06:18:23.439+0000][7][gc,cpu       ] GC(263) User=0.01s Sys=0.00s Real=0.01s
[2020-10-24T06:18:23.439+0000][7][gc           ] GC(264) Concurrent Cycle
[2020-10-24T06:18:23.439+0000][7][gc,marking   ] GC(264) Concurrent Clear Claimed Marks
[2020-10-24T06:18:23.439+0000][7][safepoint    ] Safepoint "G1CollectForAllocation", Time since last: 407746500 ns, Reaching safepoint: 257400 ns, At safepoint: 8590800 ns, Total: 8848200 ns
[2020-10-24T06:18:23.440+0000][7][gc,marking   ] GC(264) Concurrent Clear Claimed Marks 0.781ms
[2020-10-24T06:18:23.440+0000][7][gc,marking   ] GC(264) Concurrent Scan Root Regions
[2020-10-24T06:18:23.441+0000][7][gc,marking   ] GC(264) Concurrent Scan Root Regions 1.111ms
[2020-10-24T06:18:23.441+0000][7][gc,marking   ] GC(264) Concurrent Mark (2060.808s)
[2020-10-24T06:18:23.441+0000][7][gc,marking   ] GC(264) Concurrent Mark From Roots
[2020-10-24T06:18:23.441+0000][7][gc,task      ] GC(264) Using 3 workers of 3 for marking
[2020-10-24T06:18:23.461+0000][7][safepoint    ] Safepoint "BulkRevokeBias", Time since last: 21238200 ns, Reaching safepoint: 291100 ns, At safepoint: 743000 ns, Total: 1034100 ns
[2020-10-24T06:18:23.494+0000][7][gc,marking   ] GC(264) Concurrent Mark From Roots 52.776ms
[2020-10-24T06:18:23.494+0000][7][gc,marking   ] GC(264) Concurrent Preclean
[2020-10-24T06:18:23.495+0000][7][gc,marking   ] GC(264) Concurrent Preclean 0.714ms
[2020-10-24T06:18:23.496+0000][7][gc,marking   ] GC(264) Concurrent Mark (2060.808s, 2060.862s) 54.279ms
[2020-10-24T06:18:23.496+0000][7][gc,start     ] GC(264) Pause Remark
[2020-10-24T06:18:23.502+0000][7][gc           ] GC(264) Pause Remark 168M->168M(256M) 6.250ms
[2020-10-24T06:18:23.503+0000][7][gc,cpu       ] GC(264) User=0.02s Sys=0.00s Real=0.01s
[2020-10-24T06:18:23.503+0000][7][safepoint    ] Safepoint "G1Concurrent", Time since last: 34729200 ns, Reaching safepoint: 191100 ns, At safepoint: 6946500 ns, Total: 7137600 ns
[2020-10-24T06:18:23.503+0000][7][gc,marking   ] GC(264) Concurrent Rebuild Remembered Sets
[2020-10-24T06:18:23.538+0000][7][gc,marking   ] GC(264) Concurrent Rebuild Remembered Sets 34.551ms
[2020-10-24T06:18:23.538+0000][7][gc,start     ] GC(264) Pause Cleanup
[2020-10-24T06:18:23.539+0000][7][gc           ] GC(264) Pause Cleanup 168M->168M(256M) 0.453ms
[2020-10-24T06:18:23.539+0000][7][gc,cpu       ] GC(264) User=0.00s Sys=0.00s Real=0.00s
[2020-10-24T06:18:23.540+0000][7][safepoint    ] Safepoint "G1Concurrent", Time since last: 35316400 ns, Reaching safepoint: 184200 ns, At safepoint: 1056500 ns, Total: 1240700 ns
[2020-10-24T06:18:23.540+0000][7][gc,marking   ] GC(264) Concurrent Cleanup for Next Mark
[2020-10-24T06:18:23.540+0000][7][gc,marking   ] GC(264) Concurrent Cleanup for Next Mark 0.492ms
[2020-10-24T06:18:23.540+0000][7][gc           ] GC(264) Concurrent Cycle 101.671ms
[2020-10-24T06:18:24.496+0000][7][gc,start     ] GC(265) Pause Young (Normal) (G1 Evacuation Pause)
[2020-10-24T06:18:24.497+0000][7][gc,task      ] GC(265) Using 6 workers of 10 for evacuation
[2020-10-24T06:18:24.497+0000][7][gc,age       ] GC(265) Desired survivor size 3145728 bytes, new threshold 15 (max threshold 15)
[2020-10-24T06:18:24.500+0000][7][gc,age       ] GC(265) Age table with threshold 15 (max threshold 15)
[2020-10-24T06:18:24.500+0000][7][gc,age       ] GC(265) - age   1:     502384 bytes,     502384 total
[2020-10-24T06:18:24.500+0000][7][gc,age       ] GC(265) - age   2:     261056 bytes,     763440 total
[2020-10-24T06:18:24.500+0000][7][gc,phases    ] GC(265)   Pre Evacuate Collection Set: 0.1ms
[2020-10-24T06:18:24.500+0000][7][gc,phases    ] GC(265)   Merge Heap Roots: 0.1ms
[2020-10-24T06:18:24.501+0000][7][gc,phases    ] GC(265)   Evacuate Collection Set: 1.1ms
[2020-10-24T06:18:24.501+0000][7][gc,phases    ] GC(265)   Post Evacuate Collection Set: 0.8ms
[2020-10-24T06:18:24.501+0000][7][gc,phases    ] GC(265)   Other: 1.9ms
[2020-10-24T06:18:24.501+0000][7][gc,heap      ] GC(265) Eden regions: 42->0(45)
[2020-10-24T06:18:24.501+0000][7][gc,heap      ] GC(265) Survivor regions: 2->1(6)
[2020-10-24T06:18:24.502+0000][7][gc,heap      ] GC(265) Old regions: 119->119
[2020-10-24T06:18:24.502+0000][7][gc,heap      ] GC(265) Archive regions: 2->2
[2020-10-24T06:18:24.502+0000][7][gc,heap      ] GC(265) Humongous regions: 15->15
[2020-10-24T06:18:24.502+0000][7][gc,metaspace ] GC(265) Metaspace: 109579K(118308K)->109579K(118308K) NonClass: 95661K(100824K)->95661K(100824K) Class: 13918K(17484K)->13918K(17484K)
[2020-10-24T06:18:24.502+0000][7][gc           ] GC(265) Pause Young (Normal) (G1 Evacuation Pause) 178M->135M(256M) 5.961ms
[2020-10-24T06:18:24.502+0000][7][gc,cpu       ] GC(265) User=0.00s Sys=0.01s Real=0.01s
[2020-10-24T06:18:24.502+0000][7][safepoint    ] Safepoint "G1CollectForAllocation", Time since last: 956407400 ns, Reaching safepoint: 236300 ns, At safepoint: 6293600 ns, Total: 6529900 ns
[2020-10-24T06:18:25.504+0000][7][safepoint    ] Safepoint "Cleanup", Time since last: 1000438600 ns, Reaching safepoint: 1133200 ns, At safepoint: 50200 ns, Total: 1183400 ns
[2020-10-24T06:18:26.505+0000][7][safepoint    ] Safepoint "Cleanup", Time since last: 1001066600 ns, Reaching safepoint: 253300 ns, At safepoint: 12500 ns, Total: 265800 ns
[2020-10-24T06:18:27.507+0000][7][safepoint    ] Safepoint "Cleanup", Time since last: 1000748100 ns, Reaching safepoint: 939700 ns, At safepoint: 48900 ns, Total: 988600 ns
[2020-10-24T06:18:28.509+0000][7][safepoint    ] Safepoint "Cleanup", Time since last: 1001123800 ns, Reaching safepoint: 318100 ns, At safepoint: 9200 ns, Total: 327300 ns
[2020-10-24T06:18:29.509+0000][7][safepoint    ] Safepoint "Cleanup", Time since last: 1000588000 ns, Reaching safepoint: 281000 ns, At safepoint: 9700 ns, Total: 290700 ns
[2020-10-24T06:18:30.511+0000][7][safepoint    ] Safepoint "Cleanup", Time since last: 1000615100 ns, Reaching safepoint: 824300 ns, At safepoint: 96400 ns, Total: 920700 ns
[2020-10-24T06:18:31.513+0000][7][safepoint    ] Safepoint "Cleanup", Time since last: 1001235200 ns, Reaching safepoint: 243500 ns, At safepoint: 13200 ns, Total: 256700 ns
[2020-10-24T06:18:32.513+0000][7][safepoint    ] Safepoint "Cleanup", Time since last: 1000604700 ns, Reaching safepoint: 219100 ns, At safepoint: 23700 ns, Total: 242800 ns
[2020-10-24T06:18:33.515+0000][7][safepoint    ] Safepoint "Cleanup", Time since last: 1000603100 ns, Reaching safepoint: 1022500 ns, At safepoint: 50200 ns, Total: 1072700 ns
[2020-10-24T06:18:34.517+0000][7][safepoint    ] Safepoint "Cleanup", Time since last: 1001219200 ns, Reaching safepoint: 272900 ns, At safepoint: 9500 ns, Total: 282400 ns
[2020-10-24T06:18:35.518+0000][7][safepoint    ] Safepoint "Cleanup", Time since last: 1000581300 ns, Reaching safepoint: 842100 ns, At safepoint: 49600 ns, Total: 891700 ns
[2020-10-24T06:18:36.520+0000][7][safepoint    ] Safepoint "Cleanup", Time since last: 1001291300 ns, Reaching safepoint: 860500 ns, At safepoint: 50000 ns, Total: 910500 ns
[2020-10-24T06:18:37.522+0000][7][safepoint    ] Safepoint "Cleanup", Time since last: 1001286900 ns, Reaching safepoint: 576800 ns, At safepoint: 36400 ns, Total: 613200 ns
[2020-10-24T06:18:38.524+0000][7][safepoint    ] Safepoint "Cleanup", Time since last: 1001095600 ns, Reaching safepoint: 832400 ns, At safepoint: 52200 ns, Total: 884600 ns
[2020-10-24T06:18:39.526+0000][7][safepoint    ] Safepoint "Cleanup", Time since last: 1001311300 ns, Reaching safepoint: 833100 ns, At safepoint: 49900 ns, Total: 883000 ns
[2020-10-24T06:18:40.528+0000][7][safepoint    ] Safepoint "Cleanup", Time since last: 1001221300 ns, Reaching safepoint: 232200 ns, At safepoint: 10200 ns, Total: 242400 ns
[2020-10-24T06:18:41.529+0000][7][safepoint    ] Safepoint "Cleanup", Time since last: 1000511500 ns, Reaching safepoint: 221400 ns, At safepoint: 12200 ns, Total: 233600 ns
[2020-10-24T06:18:42.530+0000][7][safepoint    ] Safepoint "Cleanup", Time since last: 1000697900 ns, Reaching safepoint: 816100 ns, At safepoint: 50500 ns, Total: 866600 ns
[2020-10-24T06:18:43.532+0000][7][safepoint    ] Safepoint "Cleanup", Time since last: 1001210400 ns, Reaching safepoint: 264200 ns, At safepoint: 10300 ns, Total: 274500 ns
[2020-10-24T06:18:44.532+0000][7][safepoint    ] Safepoint "Cleanup", Time since last: 1000554000 ns, Reaching safepoint: 271200 ns, At safepoint: 9500 ns, Total: 280700 ns
[2020-10-24T06:18:45.534+0000][7][safepoint    ] Safepoint "Cleanup", Time since last: 1000633400 ns, Reaching safepoint: 882100 ns, At safepoint: 49900 ns, Total: 932000 ns
[2020-10-24T06:18:46.535+0000][7][safepoint    ] Safepoint "Cleanup", Time since last: 1001158000 ns, Reaching safepoint: 228000 ns, At safepoint: 12700 ns, Total: 240700 ns
[2020-10-24T06:18:47.536+0000][7][safepoint    ] Safepoint "Cleanup", Time since last: 1000637200 ns, Reaching safepoint: 282900 ns, At safepoint: 10300 ns, Total: 293200 ns
[2020-10-24T06:18:48.538+0000][7][safepoint    ] Safepoint "Cleanup", Time since last: 1000601500 ns, Reaching safepoint: 983100 ns, At safepoint: 50300 ns, Total: 1033400 ns
[2020-10-24T06:18:49.540+0000][7][safepoint    ] Safepoint "Cleanup", Time since last: 1001291000 ns, Reaching safepoint: 1005600 ns, At safepoint: 192800 ns, Total: 1198400 ns
[2020-10-24T06:18:50.542+0000][7][safepoint    ] Safepoint "Cleanup", Time since last: 1001263400 ns, Reaching safepoint: 244400 ns, At safepoint: 23100 ns, Total: 267500 ns
[2020-10-24T06:18:51.544+0000][7][safepoint    ] Safepoint "Cleanup", Time since last: 1000685800 ns, Reaching safepoint: 885900 ns, At safepoint: 49500 ns, Total: 935400 ns
[2020-10-24T06:18:52.546+0000][7][safepoint    ] Safepoint "Cleanup", Time since last: 1001307300 ns, Reaching safepoint: 854500 ns, At safepoint: 50500 ns, Total: 905000 ns
[2020-10-24T06:18:53.548+0000][7][safepoint    ] Safepoint "Cleanup", Time since last: 1001191700 ns, Reaching safepoint: 988600 ns, At safepoint: 51400 ns, Total: 1040000 ns
[2020-10-24T06:18:54.550+0000][7][safepoint    ] Safepoint "Cleanup", Time since last: 1001263600 ns, Reaching safepoint: 231200 ns, At safepoint: 11200 ns, Total: 242400 ns
[2020-10-24T06:18:55.550+0000][7][safepoint    ] Safepoint "Cleanup", Time since last: 1000604800 ns, Reaching safepoint: 237300 ns, At safepoint: 9800 ns, Total: 247100 ns
[2020-10-24T06:18:56.551+0000][7][safepoint    ] Safepoint "Cleanup", Time since last: 1000535800 ns, Reaching safepoint: 287300 ns, At safepoint: 16100 ns, Total: 303400 ns
[2020-10-24T06:18:57.552+0000][7][safepoint    ] Safepoint "Cleanup", Time since last: 1000575800 ns, Reaching safepoint: 322900 ns, At safepoint: 20700 ns, Total: 343600 ns
[2020-10-24T06:18:58.553+0000][7][safepoint    ] Safepoint "Cleanup", Time since last: 1000596300 ns, Reaching safepoint: 287400 ns, At safepoint: 9400 ns, Total: 296800 ns
[2020-10-24T06:18:59.555+0000][7][safepoint    ] Safepoint "Cleanup", Time since last: 1000630000 ns, Reaching safepoint: 856900 ns, At safepoint: 53200 ns, Total: 910100 ns
[2020-10-24T06:18:59.647+0000][7][gc,start     ] GC(266) Pause Young (Concurrent Start) (G1 Evacuation Pause)
[2020-10-24T06:18:59.648+0000][7][gc,task      ] GC(266) Using 6 workers of 10 for evacuation
[2020-10-24T06:18:59.649+0000][7][gc,age       ] GC(266) Desired survivor size 3145728 bytes, new threshold 15 (max threshold 15)
[2020-10-24T06:18:59.658+0000][7][gc,age       ] GC(266) Age table with threshold 15 (max threshold 15)
[2020-10-24T06:18:59.658+0000][7][gc,age       ] GC(266) - age   1:     195864 bytes,     195864 total
[2020-10-24T06:18:59.658+0000][7][gc,age       ] GC(266) - age   2:     494640 bytes,     690504 total
[2020-10-24T06:18:59.658+0000][7][gc,age       ] GC(266) - age   3:     260008 bytes,     950512 total
[2020-10-24T06:18:59.659+0000][7][gc,phases    ] GC(266)   Pre Evacuate Collection Set: 1.7ms
[2020-10-24T06:18:59.659+0000][7][gc,phases    ] GC(266)   Merge Heap Roots: 0.8ms
[2020-10-24T06:18:59.659+0000][7][gc,phases    ] GC(266)   Evacuate Collection Set: 3.7ms
[2020-10-24T06:18:59.659+0000][7][gc,phases    ] GC(266)   Post Evacuate Collection Set: 1.0ms
[2020-10-24T06:18:59.660+0000][7][gc,phases    ] GC(266)   Other: 4.4ms
[2020-10-24T06:18:59.660+0000][7][gc,heap      ] GC(266) Eden regions: 45->0(47)
[2020-10-24T06:18:59.660+0000][7][gc,heap      ] GC(266) Survivor regions: 1->1(6)
[2020-10-24T06:18:59.660+0000][7][gc,heap      ] GC(266) Old regions: 119->119
[2020-10-24T06:18:59.660+0000][7][gc,heap      ] GC(266) Archive regions: 2->2
[2020-10-24T06:18:59.660+0000][7][gc,heap      ] GC(266) Humongous regions: 15->15
[2020-10-24T06:18:59.660+0000][7][gc,metaspace ] GC(266) Metaspace: 109579K(118308K)->109579K(118308K) NonClass: 95661K(100824K)->95661K(100824K) Class: 13918K(17484K)->13918K(17484K)
[2020-10-24T06:18:59.661+0000][7][gc           ] GC(266) Pause Young (Concurrent Start) (G1 Evacuation Pause) 180M->135M(256M) 13.213ms
[2020-10-24T06:18:59.661+0000][7][gc,cpu       ] GC(266) User=0.01s Sys=0.02s Real=0.01s
[2020-10-24T06:18:59.661+0000][7][gc           ] GC(267) Concurrent Cycle
[2020-10-24T06:18:59.661+0000][7][safepoint    ] Safepoint "G1CollectForAllocation", Time since last: 91843200 ns, Reaching safepoint: 816300 ns, At safepoint: 13678300 ns, Total: 14494600 ns
[2020-10-24T06:18:59.661+0000][7][gc,marking   ] GC(267) Concurrent Clear Claimed Marks
[2020-10-24T06:18:59.662+0000][7][gc,marking   ] GC(267) Concurrent Clear Claimed Marks 0.984ms
[2020-10-24T06:18:59.662+0000][7][gc,marking   ] GC(267) Concurrent Scan Root Regions
[2020-10-24T06:18:59.664+0000][7][gc,marking   ] GC(267) Concurrent Scan Root Regions 1.392ms
[2020-10-24T06:18:59.664+0000][7][gc,marking   ] GC(267) Concurrent Mark (2097.030s)
[2020-10-24T06:18:59.664+0000][7][gc,marking   ] GC(267) Concurrent Mark From Roots
[2020-10-24T06:18:59.664+0000][7][gc,task      ] GC(267) Using 3 workers of 3 for marking
[2020-10-24T06:18:59.715+0000][7][gc,marking   ] GC(267) Concurrent Mark From Roots 50.752ms
[2020-10-24T06:18:59.715+0000][7][gc,marking   ] GC(267) Concurrent Preclean
[2020-10-24T06:18:59.716+0000][7][gc,marking   ] GC(267) Concurrent Preclean 0.621ms
[2020-10-24T06:18:59.716+0000][7][gc,marking   ] GC(267) Concurrent Mark (2097.030s, 2097.082s) 52.217ms
[2020-10-24T06:18:59.717+0000][7][gc,start     ] GC(267) Pause Remark
[2020-10-24T06:18:59.723+0000][7][gc           ] GC(267) Pause Remark 138M->138M(256M) 6.270ms
[2020-10-24T06:18:59.723+0000][7][gc,cpu       ] GC(267) User=0.03s Sys=0.00s Real=0.01s
[2020-10-24T06:18:59.724+0000][7][safepoint    ] Safepoint "G1Concurrent", Time since last: 55590500 ns, Reaching safepoint: 276000 ns, At safepoint: 6982600 ns, Total: 7258600 ns
[2020-10-24T06:18:59.724+0000][7][gc,marking   ] GC(267) Concurrent Rebuild Remembered Sets
[2020-10-24T06:18:59.759+0000][7][gc,marking   ] GC(267) Concurrent Rebuild Remembered Sets 34.825ms
[2020-10-24T06:18:59.760+0000][7][gc,start     ] GC(267) Pause Cleanup
[2020-10-24T06:18:59.760+0000][7][gc           ] GC(267) Pause Cleanup 138M->138M(256M) 0.540ms
[2020-10-24T06:18:59.760+0000][7][gc,cpu       ] GC(267) User=0.00s Sys=0.00s Real=0.00s
[2020-10-24T06:18:59.761+0000][7][safepoint    ] Safepoint "G1Concurrent", Time since last: 35592600 ns, Reaching safepoint: 266000 ns, At safepoint: 1104800 ns, Total: 1370800 ns
[2020-10-24T06:18:59.761+0000][7][gc,marking   ] GC(267) Concurrent Cleanup for Next Mark
[2020-10-24T06:18:59.762+0000][7][gc,marking   ] GC(267) Concurrent Cleanup for Next Mark 0.591ms
[2020-10-24T06:18:59.762+0000][7][gc           ] GC(267) Concurrent Cycle 100.959ms
[2020-10-24T06:19:00.761+0000][7][safepoint    ] Safepoint "Cleanup", Time since last: 1000407800 ns, Reaching safepoint: 249700 ns, At safepoint: 25000 ns, Total: 274700 ns
[2020-10-24T06:19:01.763+0000][7][safepoint    ] Safepoint "Cleanup", Time since last: 1000688000 ns, Reaching safepoint: 809300 ns, At safepoint: 48600 ns, Total: 857900 ns
[2020-10-24T06:19:02.765+0000][7][safepoint    ] Safepoint "Cleanup", Time since last: 1001431800 ns, Reaching safepoint: 841300 ns, At safepoint: 48300 ns, Total: 889600 ns
[2020-10-24T06:19:03.767+0000][7][safepoint    ] Safepoint "Cleanup", Time since last: 1001271600 ns, Reaching safepoint: 241600 ns, At safepoint: 10000 ns, Total: 251600 ns
[2020-10-24T06:19:05.120+0000][7][safepoint    ] Safepoint "Cleanup", Time since last: 1352881000 ns, Reaching safepoint: 421500 ns, At safepoint: 24100 ns, Total: 445600 ns
[2020-10-24T06:19:06.121+0000][7][safepoint    ] Safepoint "Cleanup", Time since last: 1000770000 ns, Reaching safepoint: 280200 ns, At safepoint: 9500 ns, Total: 289700 ns
[2020-10-24T06:19:07.122+0000][7][safepoint    ] Safepoint "Cleanup", Time since last: 1000485400 ns, Reaching safepoint: 265900 ns, At safepoint: 25500 ns, Total: 291400 ns
[2020-10-24T06:19:08.123+0000][7][safepoint    ] Safepoint "Cleanup", Time since last: 1000509500 ns, Reaching safepoint: 275800 ns, At safepoint: 10000 ns, Total: 285800 ns
[2020-10-24T06:19:09.124+0000][7][safepoint    ] Safepoint "Cleanup", Time since last: 1000771500 ns, Reaching safepoint: 814400 ns, At safepoint: 50900 ns, Total: 865300 ns
[2020-10-24T06:19:10.127+0000][7][safepoint    ] Safepoint "Cleanup", Time since last: 1001330300 ns, Reaching safepoint: 796300 ns, At safepoint: 48700 ns, Total: 845000 ns
[2020-10-24T06:19:11.129+0000][7][safepoint    ] Safepoint "Cleanup", Time since last: 1001198400 ns, Reaching safepoint: 869900 ns, At safepoint: 49000 ns, Total: 918900 ns
[2020-10-24T06:19:12.131+0000][7][safepoint    ] Safepoint "Cleanup", Time since last: 1001384100 ns, Reaching safepoint: 853600 ns, At safepoint: 49500 ns, Total: 903100 ns
[2020-10-24T06:19:13.133+0000][7][safepoint    ] Safepoint "Cleanup", Time since last: 1001354500 ns, Reaching safepoint: 250800 ns, At safepoint: 9700 ns, Total: 260500 ns
[2020-10-24T06:19:14.134+0000][7][safepoint    ] Safepoint "Cleanup", Time since last: 1000529300 ns, Reaching safepoint: 922200 ns, At safepoint: 24600 ns, Total: 946800 ns
[2020-10-24T06:19:15.136+0000][7][safepoint    ] Safepoint "Cleanup", Time since last: 1001047900 ns, Reaching safepoint: 844300 ns, At safepoint: 50500 ns, Total: 894800 ns
[2020-10-24T06:19:16.137+0000][7][safepoint    ] Safepoint "Cleanup", Time since last: 1000965000 ns, Reaching safepoint: 283800 ns, At safepoint: 9500 ns, Total: 293300 ns
[2020-10-24T06:19:17.138+0000][7][safepoint    ] Safepoint "Cleanup", Time since last: 1000500400 ns, Reaching safepoint: 308300 ns, At safepoint: 18000 ns, Total: 326300 ns
[2020-10-24T06:19:18.139+0000][7][safepoint    ] Safepoint "Cleanup", Time since last: 1000616700 ns, Reaching safepoint: 309700 ns, At safepoint: 15600 ns, Total: 325300 ns
[2020-10-24T06:19:19.140+0000][7][safepoint    ] Safepoint "Cleanup", Time since last: 1000552800 ns, Reaching safepoint: 247700 ns, At safepoint: 12900 ns, Total: 260600 ns
[2020-10-24T06:19:20.141+0000][7][safepoint    ] Safepoint "Cleanup", Time since last: 1000578100 ns, Reaching safepoint: 245400 ns, At safepoint: 11900 ns, Total: 257300 ns
[2020-10-24T06:19:21.141+0000][7][safepoint    ] Safepoint "Cleanup", Time since last: 1000570100 ns, Reaching safepoint: 227300 ns, At safepoint: 19000 ns, Total: 246300 ns
[2020-10-24T06:19:22.142+0000][7][safepoint    ] Safepoint "Cleanup", Time since last: 1000493900 ns, Reaching safepoint: 270700 ns, At safepoint: 18700 ns, Total: 289400 ns
[2020-10-24T06:19:23.497+0000][7][gc,start     ] GC(268) Pause Young (Normal) (G1 Evacuation Pause)
[2020-10-24T06:19:23.497+0000][7][gc,task      ] GC(268) Using 6 workers of 10 for evacuation
[2020-10-24T06:19:23.498+0000][7][gc,age       ] GC(268) Desired survivor size 3145728 bytes, new threshold 15 (max threshold 15)
[2020-10-24T06:19:23.501+0000][7][gc,age       ] GC(268) Age table with threshold 15 (max threshold 15)
[2020-10-24T06:19:23.501+0000][7][gc,age       ] GC(268) - age   1:    4948528 bytes,    4948528 total
[2020-10-24T06:19:23.502+0000][7][gc,age       ] GC(268) - age   2:     108712 bytes,    5057240 total
[2020-10-24T06:19:23.502+0000][7][gc,age       ] GC(268) - age   3:     469224 bytes,    5526464 total
[2020-10-24T06:19:23.502+0000][7][gc,age       ] GC(268) - age   4:     253672 bytes,    5780136 total
[2020-10-24T06:19:23.503+0000][7][gc,phases    ] GC(268)   Pre Evacuate Collection Set: 0.1ms
[2020-10-24T06:19:23.503+0000][7][gc,phases    ] GC(268)   Merge Heap Roots: 0.2ms
[2020-10-24T06:19:23.503+0000][7][gc,phases    ] GC(268)   Evacuate Collection Set: 1.9ms
[2020-10-24T06:19:23.503+0000][7][gc,phases    ] GC(268)   Post Evacuate Collection Set: 0.9ms
[2020-10-24T06:19:23.504+0000][7][gc,phases    ] GC(268)   Other: 2.5ms
[2020-10-24T06:19:23.504+0000][7][gc,heap      ] GC(268) Eden regions: 47->0(39)
[2020-10-24T06:19:23.504+0000][7][gc,heap      ] GC(268) Survivor regions: 1->6(6)
[2020-10-24T06:19:23.504+0000][7][gc,heap      ] GC(268) Old regions: 119->119
[2020-10-24T06:19:23.504+0000][7][gc,heap      ] GC(268) Archive regions: 2->2
[2020-10-24T06:19:23.504+0000][7][gc,heap      ] GC(268) Humongous regions: 15->15
[2020-10-24T06:19:23.504+0000][7][gc,metaspace ] GC(268) Metaspace: 109593K(118308K)->109593K(118308K) NonClass: 95675K(100824K)->95675K(100824K) Class: 13918K(17484K)->13918K(17484K)
[2020-10-24T06:19:23.505+0000][7][gc           ] GC(268) Pause Young (Normal) (G1 Evacuation Pause) 182M->140M(256M) 7.732ms
[2020-10-24T06:19:23.505+0000][7][gc,cpu       ] GC(268) User=0.02s Sys=0.01s Real=0.01s
[2020-10-24T06:19:23.505+0000][7][safepoint    ] Safepoint "G1CollectForAllocation", Time since last: 1354405900 ns, Reaching safepoint: 210200 ns, At safepoint: 8095100 ns, Total: 8305300 ns
[2020-10-24T06:19:23.529+0000][7][gc,start     ] GC(269) Pause Young (Concurrent Start) (G1 Evacuation Pause)
[2020-10-24T06:19:23.530+0000][7][gc,task      ] GC(269) Using 6 workers of 10 for evacuation
[2020-10-24T06:19:23.530+0000][7][gc,age       ] GC(269) Desired survivor size 3145728 bytes, new threshold 1 (max threshold 15)
[2020-10-24T06:19:23.534+0000][7][gc,age       ] GC(269) Age table with threshold 1 (max threshold 15)
[2020-10-24T06:19:23.534+0000][7][gc,age       ] GC(269) - age   1:     386416 bytes,     386416 total
[2020-10-24T06:19:23.534+0000][7][gc,phases    ] GC(269)   Pre Evacuate Collection Set: 0.6ms
[2020-10-24T06:19:23.535+0000][7][gc,phases    ] GC(269)   Merge Heap Roots: 0.1ms
[2020-10-24T06:19:23.535+0000][7][gc,phases    ] GC(269)   Evacuate Collection Set: 1.7ms
[2020-10-24T06:19:23.535+0000][7][gc,phases    ] GC(269)   Post Evacuate Collection Set: 0.8ms
[2020-10-24T06:19:23.535+0000][7][gc,phases    ] GC(269)   Other: 1.8ms
[2020-10-24T06:19:23.536+0000][7][gc,heap      ] GC(269) Eden regions: 39->0(43)
[2020-10-24T06:19:23.536+0000][7][gc,heap      ] GC(269) Survivor regions: 6->1(6)
[2020-10-24T06:19:23.536+0000][7][gc,heap      ] GC(269) Old regions: 119->122
[2020-10-24T06:19:23.536+0000][7][gc,heap      ] GC(269) Archive regions: 2->2
[2020-10-24T06:19:23.537+0000][7][gc,heap      ] GC(269) Humongous regions: 15->15
[2020-10-24T06:19:23.537+0000][7][gc,metaspace ] GC(269) Metaspace: 109593K(118308K)->109593K(118308K) NonClass: 95675K(100824K)->95675K(100824K) Class: 13918K(17484K)->13918K(17484K)
[2020-10-24T06:19:23.537+0000][7][gc           ] GC(269) Pause Young (Concurrent Start) (G1 Evacuation Pause) 179M->137M(256M) 7.789ms
[2020-10-24T06:19:23.537+0000][7][gc,cpu       ] GC(269) User=0.02s Sys=0.00s Real=0.00s
[2020-10-24T06:19:23.537+0000][7][gc           ] GC(270) Concurrent Cycle
[2020-10-24T06:19:23.537+0000][7][safepoint    ] Safepoint "G1CollectForAllocation", Time since last: 23951700 ns, Reaching safepoint: 228700 ns, At safepoint: 8212500 ns, Total: 8441200 ns
[2020-10-24T06:19:23.538+0000][7][gc,marking   ] GC(270) Concurrent Clear Claimed Marks
[2020-10-24T06:19:23.539+0000][7][gc,marking   ] GC(270) Concurrent Clear Claimed Marks 0.881ms
[2020-10-24T06:19:23.539+0000][7][gc,marking   ] GC(270) Concurrent Scan Root Regions
[2020-10-24T06:19:23.540+0000][7][gc,marking   ] GC(270) Concurrent Scan Root Regions 1.336ms
[2020-10-24T06:19:23.540+0000][7][gc,marking   ] GC(270) Concurrent Mark (2120.907s)
[2020-10-24T06:19:23.541+0000][7][gc,marking   ] GC(270) Concurrent Mark From Roots
[2020-10-24T06:19:23.541+0000][7][gc,task      ] GC(270) Using 3 workers of 3 for marking
[2020-10-24T06:19:23.589+0000][7][gc,marking   ] GC(270) Concurrent Mark From Roots 48.234ms
[2020-10-24T06:19:23.589+0000][7][gc,marking   ] GC(270) Concurrent Preclean
[2020-10-24T06:19:23.590+0000][7][gc,marking   ] GC(270) Concurrent Preclean 0.781ms
[2020-10-24T06:19:23.590+0000][7][gc,marking   ] GC(270) Concurrent Mark (2120.907s, 2120.957s) 49.954ms
[2020-10-24T06:19:23.591+0000][7][gc,start     ] GC(270) Pause Remark
[2020-10-24T06:19:23.599+0000][7][gc           ] GC(270) Pause Remark 149M->149M(256M) 7.932ms
[2020-10-24T06:19:23.599+0000][7][gc,cpu       ] GC(270) User=0.05s Sys=0.00s Real=0.01s
[2020-10-24T06:19:23.600+0000][7][safepoint    ] Safepoint "G1Concurrent", Time since last: 53303400 ns, Reaching safepoint: 205000 ns, At safepoint: 8676900 ns, Total: 8881900 ns
[2020-10-24T06:19:23.600+0000][7][gc,marking   ] GC(270) Concurrent Rebuild Remembered Sets
[2020-10-24T06:19:23.637+0000][7][gc,marking   ] GC(270) Concurrent Rebuild Remembered Sets 37.399ms
[2020-10-24T06:19:23.638+0000][7][gc,start     ] GC(270) Pause Cleanup
[2020-10-24T06:19:23.639+0000][7][gc           ] GC(270) Pause Cleanup 149M->149M(256M) 0.565ms
[2020-10-24T06:19:23.639+0000][7][gc,cpu       ] GC(270) User=0.00s Sys=0.00s Real=0.00s
[2020-10-24T06:19:23.639+0000][7][safepoint    ] Safepoint "G1Concurrent", Time since last: 38255700 ns, Reaching safepoint: 261600 ns, At safepoint: 1226600 ns, Total: 1488200 ns
[2020-10-24T06:19:23.640+0000][7][gc,marking   ] GC(270) Concurrent Cleanup for Next Mark
[2020-10-24T06:19:23.640+0000][7][gc,marking   ] GC(270) Concurrent Cleanup for Next Mark 0.678ms
[2020-10-24T06:19:23.641+0000][7][gc           ] GC(270) Concurrent Cycle 103.246ms
[2020-10-24T06:19:25.542+0000][7][safepoint    ] Safepoint "Cleanup", Time since last: 1902839400 ns, Reaching safepoint: 235400 ns, At safepoint: 12700 ns, Total: 248100 ns
[2020-10-24T06:19:26.722+0000][7][safepoint    ] Safepoint "BulkRevokeBias", Time since last: 1177133500 ns, Reaching safepoint: 243700 ns, At safepoint: 1848100 ns, Total: 2091800 ns
[2020-10-24T06:19:27.723+0000][7][safepoint    ] Safepoint "Cleanup", Time since last: 1000701700 ns, Reaching safepoint: 876100 ns, At safepoint: 49300 ns, Total: 925400 ns
[2020-10-24T06:19:28.725+0000][7][safepoint    ] Safepoint "Cleanup", Time since last: 1001182500 ns, Reaching safepoint: 271100 ns, At safepoint: 9400 ns, Total: 280500 ns
[2020-10-24T06:19:29.726+0000][7][safepoint    ] Safepoint "Cleanup", Time since last: 1000642700 ns, Reaching safepoint: 726400 ns, At safepoint: 95100 ns, Total: 821500 ns
[2020-10-24T06:19:30.728+0000][7][safepoint    ] Safepoint "Cleanup", Time since last: 1001164100 ns, Reaching safepoint: 250400 ns, At safepoint: 9800 ns, Total: 260200 ns
[2020-10-24T06:19:31.729+0000][7][safepoint    ] Safepoint "Cleanup", Time since last: 1000583000 ns, Reaching safepoint: 657500 ns, At safepoint: 40700 ns, Total: 698200 ns
[2020-10-24T06:19:32.015+0000][7][gc,start     ] GC(271) Pause Young (Normal) (G1 Evacuation Pause)
[2020-10-24T06:19:32.016+0000][7][gc,task      ] GC(271) Using 6 workers of 10 for evacuation
[2020-10-24T06:19:32.016+0000][7][gc,age       ] GC(271) Desired survivor size 3145728 bytes, new threshold 15 (max threshold 15)
[2020-10-24T06:19:32.019+0000][7][gc,age       ] GC(271) Age table with threshold 15 (max threshold 15)
[2020-10-24T06:19:32.019+0000][7][gc,age       ] GC(271) - age   1:     841216 bytes,     841216 total
[2020-10-24T06:19:32.019+0000][7][gc,age       ] GC(271) - age   2:       7400 bytes,     848616 total
[2020-10-24T06:19:32.020+0000][7][gc,phases    ] GC(271)   Pre Evacuate Collection Set: 0.1ms
[2020-10-24T06:19:32.020+0000][7][gc,phases    ] GC(271)   Merge Heap Roots: 0.1ms
[2020-10-24T06:19:32.020+0000][7][gc,phases    ] GC(271)   Evacuate Collection Set: 1.4ms
[2020-10-24T06:19:32.020+0000][7][gc,phases    ] GC(271)   Post Evacuate Collection Set: 0.9ms
[2020-10-24T06:19:32.021+0000][7][gc,phases    ] GC(271)   Other: 2.0ms
[2020-10-24T06:19:32.021+0000][7][gc,heap      ] GC(271) Eden regions: 43->0(45)
[2020-10-24T06:19:32.021+0000][7][gc,heap      ] GC(271) Survivor regions: 1->1(6)
[2020-10-24T06:19:32.021+0000][7][gc,heap      ] GC(271) Old regions: 122->122
[2020-10-24T06:19:32.021+0000][7][gc,heap      ] GC(271) Archive regions: 2->2
[2020-10-24T06:19:32.022+0000][7][gc,heap      ] GC(271) Humongous regions: 15->15
[2020-10-24T06:19:32.022+0000][7][gc,metaspace ] GC(271) Metaspace: 109599K(118308K)->109599K(118308K) NonClass: 95681K(100824K)->95681K(100824K) Class: 13918K(17484K)->13918K(17484K)
[2020-10-24T06:19:32.022+0000][7][gc           ] GC(271) Pause Young (Normal) (G1 Evacuation Pause) 180M->137M(256M) 6.669ms
[2020-10-24T06:19:32.022+0000][7][gc,cpu       ] GC(271) User=0.01s Sys=0.00s Real=0.01s
[2020-10-24T06:19:32.022+0000][7][safepoint    ] Safepoint "G1CollectForAllocation", Time since last: 286141100 ns, Reaching safepoint: 238900 ns, At safepoint: 7104200 ns, Total: 7343100 ns
[2020-10-24T06:19:33.024+0000][7][safepoint    ] Safepoint "Cleanup", Time since last: 1000405900 ns, Reaching safepoint: 870700 ns, At safepoint: 49300 ns, Total: 920000 ns
[2020-10-24T06:19:34.026+0000][7][safepoint    ] Safepoint "Cleanup", Time since last: 1001255400 ns, Reaching safepoint: 874000 ns, At safepoint: 48400 ns, Total: 922400 ns
[2020-10-24T06:19:35.027+0000][7][safepoint    ] Safepoint "Cleanup", Time since last: 1001133900 ns, Reaching safepoint: 223700 ns, At safepoint: 10200 ns, Total: 233900 ns
[2020-10-24T06:19:36.028+0000][7][safepoint    ] Safepoint "Cleanup", Time since last: 1000538700 ns, Reaching safepoint: 226200 ns, At safepoint: 11200 ns, Total: 237400 ns
[2020-10-24T06:19:37.029+0000][7][safepoint    ] Safepoint "Cleanup", Time since last: 1000580800 ns, Reaching safepoint: 788000 ns, At safepoint: 49300 ns, Total: 837300 ns
[2020-10-24T06:19:38.031+0000][7][safepoint    ] Safepoint "Cleanup", Time since last: 1001247200 ns, Reaching safepoint: 239700 ns, At safepoint: 12500 ns, Total: 252200 ns
[2020-10-24T06:19:39.032+0000][7][safepoint    ] Safepoint "Cleanup", Time since last: 1000596800 ns, Reaching safepoint: 236500 ns, At safepoint: 10000 ns, Total: 246500 ns
[2020-10-24T06:19:40.033+0000][7][safepoint    ] Safepoint "Cleanup", Time since last: 1000573000 ns, Reaching safepoint: 871500 ns, At safepoint: 50400 ns, Total: 921900 ns
[2020-10-24T06:19:41.035+0000][7][safepoint    ] Safepoint "Cleanup", Time since last: 1001281800 ns, Reaching safepoint: 808300 ns, At safepoint: 49400 ns, Total: 857700 ns
[2020-10-24T06:19:42.037+0000][7][safepoint    ] Safepoint "Cleanup", Time since last: 1001159700 ns, Reaching safepoint: 290600 ns, At safepoint: 23400 ns, Total: 314000 ns
[2020-10-24T06:19:43.038+0000][7][safepoint    ] Safepoint "Cleanup", Time since last: 1000616800 ns, Reaching safepoint: 803700 ns, At safepoint: 49200 ns, Total: 852900 ns
[2020-10-24T06:19:44.040+0000][7][safepoint    ] Safepoint "Cleanup", Time since last: 1001211800 ns, Reaching safepoint: 229700 ns, At safepoint: 11200 ns, Total: 240900 ns
[2020-10-24T06:19:45.041+0000][7][safepoint    ] Safepoint "Cleanup", Time since last: 1000603600 ns, Reaching safepoint: 849100 ns, At safepoint: 50000 ns, Total: 899100 ns
[2020-10-24T06:19:46.043+0000][7][safepoint    ] Safepoint "Cleanup", Time since last: 1001211000 ns, Reaching safepoint: 686600 ns, At safepoint: 51000 ns, Total: 737600 ns
[2020-10-24T06:19:47.045+0000][7][safepoint    ] Safepoint "Cleanup", Time since last: 1001273800 ns, Reaching safepoint: 293400 ns, At safepoint: 9100 ns, Total: 302500 ns
[2020-10-24T06:19:48.046+0000][7][safepoint    ] Safepoint "Cleanup", Time since last: 1000568600 ns, Reaching safepoint: 937700 ns, At safepoint: 51300 ns, Total: 989000 ns
[2020-10-24T06:19:49.048+0000][7][safepoint    ] Safepoint "Cleanup", Time since last: 1001169800 ns, Reaching safepoint: 270800 ns, At safepoint: 10000 ns, Total: 280800 ns
[2020-10-24T06:19:50.049+0000][7][safepoint    ] Safepoint "Cleanup", Time since last: 1000511000 ns, Reaching safepoint: 287500 ns, At safepoint: 9600 ns, Total: 297100 ns
[2020-10-24T06:19:51.050+0000][7][safepoint    ] Safepoint "Cleanup", Time since last: 1000520300 ns, Reaching safepoint: 604200 ns, At safepoint: 36600 ns, Total: 640800 ns
[2020-10-24T06:19:52.051+0000][7][safepoint    ] Safepoint "Cleanup", Time since last: 1001067400 ns, Reaching safepoint: 355800 ns, At safepoint: 19700 ns, Total: 375500 ns
[2020-10-24T06:19:53.052+0000][7][safepoint    ] Safepoint "Cleanup", Time since last: 1000677900 ns, Reaching safepoint: 254100 ns, At safepoint: 13800 ns, Total: 267900 ns
[2020-10-24T06:19:54.054+0000][7][safepoint    ] Safepoint "Cleanup", Time since last: 1000633500 ns, Reaching safepoint: 826400 ns, At safepoint: 49600 ns, Total: 876000 ns
[2020-10-24T06:19:55.055+0000][7][safepoint    ] Safepoint "Cleanup", Time since last: 1001223200 ns, Reaching safepoint: 233900 ns, At safepoint: 18500 ns, Total: 252400 ns
[2020-10-24T06:19:56.056+0000][7][safepoint    ] Safepoint "Cleanup", Time since last: 1000434800 ns, Reaching safepoint: 244700 ns, At safepoint: 23700 ns, Total: 268400 ns
[2020-10-24T06:19:57.057+0000][7][safepoint    ] Safepoint "Cleanup", Time since last: 1000556500 ns, Reaching safepoint: 686700 ns, At safepoint: 63300 ns, Total: 750000 ns
[2020-10-24T06:19:58.059+0000][7][safepoint    ] Safepoint "Cleanup", Time since last: 1001422600 ns, Reaching safepoint: 229000 ns, At safepoint: 11400 ns, Total: 240400 ns
[2020-10-24T06:19:59.060+0000][7][safepoint    ] Safepoint "Cleanup", Time since last: 1000503100 ns, Reaching safepoint: 263700 ns, At safepoint: 12600 ns, Total: 276300 ns
[2020-10-24T06:20:00.061+0000][7][safepoint    ] Safepoint "Cleanup", Time since last: 1000744800 ns, Reaching safepoint: 768300 ns, At safepoint: 48900 ns, Total: 817200 ns
[2020-10-24T06:20:01.063+0000][7][safepoint    ] Safepoint "Cleanup", Time since last: 1001174100 ns, Reaching safepoint: 223300 ns, At safepoint: 9500 ns, Total: 232800 ns
[2020-10-24T06:20:02.064+0000][7][safepoint    ] Safepoint "Cleanup", Time since last: 1000612700 ns, Reaching safepoint: 854500 ns, At safepoint: 49800 ns, Total: 904300 ns
[2020-10-24T06:20:03.066+0000][7][safepoint    ] Safepoint "Cleanup", Time since last: 1001257400 ns, Reaching safepoint: 256800 ns, At safepoint: 22700 ns, Total: 279500 ns
[2020-10-24T06:20:04.067+0000][7][safepoint    ] Safepoint "Cleanup", Time since last: 1000564100 ns, Reaching safepoint: 833700 ns, At safepoint: 52700 ns, Total: 886400 ns
[2020-10-24T06:20:04.758+0000][7][gc,start     ] GC(272) Pause Young (Concurrent Start) (G1 Evacuation Pause)
[2020-10-24T06:20:04.759+0000][7][gc,task      ] GC(272) Using 6 workers of 10 for evacuation
[2020-10-24T06:20:04.759+0000][7][gc,age       ] GC(272) Desired survivor size 3145728 bytes, new threshold 15 (max threshold 15)
[2020-10-24T06:20:04.765+0000][7][gc,age       ] GC(272) Age table with threshold 15 (max threshold 15)
[2020-10-24T06:20:04.766+0000][7][gc,age       ] GC(272) - age   1:     149064 bytes,     149064 total
[2020-10-24T06:20:04.767+0000][7][gc,age       ] GC(272) - age   2:     578816 bytes,     727880 total
[2020-10-24T06:20:04.767+0000][7][gc,age       ] GC(272) - age   3:       7400 bytes,     735280 total
[2020-10-24T06:20:04.768+0000][7][gc,phases    ] GC(272)   Pre Evacuate Collection Set: 1.0ms
[2020-10-24T06:20:04.768+0000][7][gc,phases    ] GC(272)   Merge Heap Roots: 0.2ms
[2020-10-24T06:20:04.769+0000][7][gc,phases    ] GC(272)   Evacuate Collection Set: 2.6ms
[2020-10-24T06:20:04.770+0000][7][gc,phases    ] GC(272)   Post Evacuate Collection Set: 1.8ms
[2020-10-24T06:20:04.770+0000][7][gc,phases    ] GC(272)   Other: 4.1ms
[2020-10-24T06:20:04.771+0000][7][gc,heap      ] GC(272) Eden regions: 45->0(46)
[2020-10-24T06:20:04.771+0000][7][gc,heap      ] GC(272) Survivor regions: 1->1(6)
[2020-10-24T06:20:04.771+0000][7][gc,heap      ] GC(272) Old regions: 122->122
[2020-10-24T06:20:04.772+0000][7][gc,heap      ] GC(272) Archive regions: 2->2
[2020-10-24T06:20:04.772+0000][7][gc,heap      ] GC(272) Humongous regions: 15->15
[2020-10-24T06:20:04.772+0000][7][gc,metaspace ] GC(272) Metaspace: 109603K(118308K)->109603K(118308K) NonClass: 95684K(100824K)->95684K(100824K) Class: 13918K(17484K)->13918K(17484K)
[2020-10-24T06:20:04.772+0000][7][gc           ] GC(272) Pause Young (Concurrent Start) (G1 Evacuation Pause) 182M->137M(256M) 14.039ms
[2020-10-24T06:20:04.773+0000][7][gc,cpu       ] GC(272) User=0.01s Sys=0.00s Real=0.01s
[2020-10-24T06:20:04.773+0000][7][safepoint    ] Safepoint "G1CollectForAllocation", Time since last: 690657200 ns, Reaching safepoint: 365100 ns, At safepoint: 14705700 ns, Total: 15070800 ns
[2020-10-24T06:20:04.773+0000][7][gc           ] GC(273) Concurrent Cycle
[2020-10-24T06:20:04.773+0000][7][gc,marking   ] GC(273) Concurrent Clear Claimed Marks
[2020-10-24T06:20:04.774+0000][7][gc,marking   ] GC(273) Concurrent Clear Claimed Marks 0.542ms
[2020-10-24T06:20:04.774+0000][7][gc,marking   ] GC(273) Concurrent Scan Root Regions
[2020-10-24T06:20:04.775+0000][7][gc,marking   ] GC(273) Concurrent Scan Root Regions 1.367ms
[2020-10-24T06:20:04.776+0000][7][gc,marking   ] GC(273) Concurrent Mark (2162.142s)
[2020-10-24T06:20:04.776+0000][7][gc,marking   ] GC(273) Concurrent Mark From Roots
[2020-10-24T06:20:04.776+0000][7][gc,task      ] GC(273) Using 3 workers of 3 for marking
[2020-10-24T06:20:04.823+0000][7][gc,marking   ] GC(273) Concurrent Mark From Roots 47.166ms
[2020-10-24T06:20:04.823+0000][7][gc,marking   ] GC(273) Concurrent Preclean
[2020-10-24T06:20:04.824+0000][7][gc,marking   ] GC(273) Concurrent Preclean 0.719ms
[2020-10-24T06:20:04.824+0000][7][gc,marking   ] GC(273) Concurrent Mark (2162.142s, 2162.191s) 48.765ms
[2020-10-24T06:20:04.825+0000][7][gc,start     ] GC(273) Pause Remark
[2020-10-24T06:20:04.832+0000][7][gc           ] GC(273) Pause Remark 138M->138M(256M) 6.748ms
[2020-10-24T06:20:04.832+0000][7][gc,cpu       ] GC(273) User=0.03s Sys=0.00s Real=0.01s
[2020-10-24T06:20:04.832+0000][7][safepoint    ] Safepoint "G1Concurrent", Time since last: 51880800 ns, Reaching safepoint: 263800 ns, At safepoint: 7426500 ns, Total: 7690300 ns
[2020-10-24T06:20:04.833+0000][7][gc,marking   ] GC(273) Concurrent Rebuild Remembered Sets
[2020-10-24T06:20:04.871+0000][7][gc,marking   ] GC(273) Concurrent Rebuild Remembered Sets 38.223ms
[2020-10-24T06:20:04.872+0000][7][gc,start     ] GC(273) Pause Cleanup
[2020-10-24T06:20:04.872+0000][7][gc           ] GC(273) Pause Cleanup 138M->138M(256M) 0.529ms
[2020-10-24T06:20:04.873+0000][7][gc,cpu       ] GC(273) User=0.00s Sys=0.00s Real=0.00s
[2020-10-24T06:20:04.873+0000][7][safepoint    ] Safepoint "G1Concurrent", Time since last: 39109200 ns, Reaching safepoint: 263700 ns, At safepoint: 1133100 ns, Total: 1396800 ns
[2020-10-24T06:20:04.873+0000][7][gc,marking   ] GC(273) Concurrent Cleanup for Next Mark
[2020-10-24T06:20:04.874+0000][7][gc,marking   ] GC(273) Concurrent Cleanup for Next Mark 0.607ms
[2020-10-24T06:20:04.874+0000][7][gc           ] GC(273) Concurrent Cycle 101.290ms
[2020-10-24T06:20:06.020+0000][7][safepoint    ] Safepoint "Cleanup", Time since last: 1146775000 ns, Reaching safepoint: 211100 ns, At safepoint: 23400 ns, Total: 234500 ns
[2020-10-24T06:20:07.021+0000][7][safepoint    ] Safepoint "Cleanup", Time since last: 1000578200 ns, Reaching safepoint: 259200 ns, At safepoint: 10300 ns, Total: 269500 ns
[2020-10-24T06:20:08.023+0000][7][safepoint    ] Safepoint "Cleanup", Time since last: 1000678000 ns, Reaching safepoint: 999800 ns, At safepoint: 130900 ns, Total: 1130700 ns
[2020-10-24T06:20:09.025+0000][7][safepoint    ] Safepoint "Cleanup", Time since last: 1001094800 ns, Reaching safepoint: 841700 ns, At safepoint: 50300 ns, Total: 892000 ns
[2020-10-24T06:20:10.026+0000][7][safepoint    ] Safepoint "Cleanup", Time since last: 1001109500 ns, Reaching safepoint: 282600 ns, At safepoint: 9500 ns, Total: 292100 ns
[2020-10-24T06:20:11.027+0000][7][safepoint    ] Safepoint "Cleanup", Time since last: 1000548600 ns, Reaching safepoint: 349900 ns, At safepoint: 26900 ns, Total: 376800 ns
[2020-10-24T06:20:12.028+0000][7][safepoint    ] Safepoint "Cleanup", Time since last: 1000508600 ns, Reaching safepoint: 289100 ns, At safepoint: 9600 ns, Total: 298700 ns
[2020-10-24T06:20:13.029+0000][7][safepoint    ] Safepoint "Cleanup", Time since last: 1000597600 ns, Reaching safepoint: 462400 ns, At safepoint: 24600 ns, Total: 487000 ns
[2020-10-24T06:20:14.184+0000][7][safepoint    ] Safepoint "Cleanup", Time since last: 1154787100 ns, Reaching safepoint: 241300 ns, At safepoint: 9800 ns, Total: 251100 ns
[2020-10-24T06:20:15.185+0000][7][safepoint    ] Safepoint "Cleanup", Time since last: 1000537500 ns, Reaching safepoint: 267000 ns, At safepoint: 13700 ns, Total: 280700 ns
[2020-10-24T06:20:16.186+0000][7][safepoint    ] Safepoint "Cleanup", Time since last: 1000692600 ns, Reaching safepoint: 856900 ns, At safepoint: 125500 ns, Total: 982400 ns
[2020-10-24T06:20:17.189+0000][7][safepoint    ] Safepoint "Cleanup", Time since last: 1001376600 ns, Reaching safepoint: 841000 ns, At safepoint: 49300 ns, Total: 890300 ns
[2020-10-24T06:20:18.190+0000][7][safepoint    ] Safepoint "Cleanup", Time since last: 1001194100 ns, Reaching safepoint: 237700 ns, At safepoint: 9800 ns, Total: 247500 ns
[2020-10-24T06:20:19.191+0000][7][safepoint    ] Safepoint "Cleanup", Time since last: 1000498700 ns, Reaching safepoint: 260000 ns, At safepoint: 9400 ns, Total: 269400 ns
[2020-10-24T06:20:20.192+0000][7][safepoint    ] Safepoint "Cleanup", Time since last: 1000495200 ns, Reaching safepoint: 377600 ns, At safepoint: 21300 ns, Total: 398900 ns
[2020-10-24T06:20:21.193+0000][7][safepoint    ] Safepoint "Cleanup", Time since last: 1000755600 ns, Reaching safepoint: 820400 ns, At safepoint: 49300 ns, Total: 869700 ns
[2020-10-24T06:20:22.195+0000][7][safepoint    ] Safepoint "Cleanup", Time since last: 1001268700 ns, Reaching safepoint: 212500 ns, At safepoint: 26400 ns, Total: 238900 ns
[2020-10-24T06:20:23.591+0000][7][gc,start     ] GC(274) Pause Young (Prepare Mixed) (G1 Evacuation Pause)
[2020-10-24T06:20:23.591+0000][7][gc,task      ] GC(274) Using 6 workers of 10 for evacuation
[2020-10-24T06:20:23.592+0000][7][gc,age       ] GC(274) Desired survivor size 3145728 bytes, new threshold 15 (max threshold 15)
[2020-10-24T06:20:23.597+0000][7][gc,age       ] GC(274) Age table with threshold 15 (max threshold 15)
[2020-10-24T06:20:23.597+0000][7][gc,age       ] GC(274) - age   1:    3722672 bytes,    3722672 total
[2020-10-24T06:20:23.598+0000][7][gc,age       ] GC(274) - age   2:      69160 bytes,    3791832 total
[2020-10-24T06:20:23.598+0000][7][gc,age       ] GC(274) - age   3:     572080 bytes,    4363912 total
[2020-10-24T06:20:23.599+0000][7][gc,age       ] GC(274) - age   4:       1824 bytes,    4365736 total
[2020-10-24T06:20:23.599+0000][7][gc,phases    ] GC(274)   Pre Evacuate Collection Set: 0.3ms
[2020-10-24T06:20:23.599+0000][7][gc,phases    ] GC(274)   Merge Heap Roots: 0.2ms
[2020-10-24T06:20:23.600+0000][7][gc,phases    ] GC(274)   Evacuate Collection Set: 2.6ms
[2020-10-24T06:20:23.600+0000][7][gc,phases    ] GC(274)   Post Evacuate Collection Set: 1.4ms
[2020-10-24T06:20:23.600+0000][7][gc,phases    ] GC(274)   Other: 4.0ms
[2020-10-24T06:20:23.600+0000][7][gc,heap      ] GC(274) Eden regions: 46->0(7)
[2020-10-24T06:20:23.601+0000][7][gc,heap      ] GC(274) Survivor regions: 1->5(6)
[2020-10-24T06:20:23.601+0000][7][gc,heap      ] GC(274) Old regions: 121->121
[2020-10-24T06:20:23.601+0000][7][gc,heap      ] GC(274) Archive regions: 2->2
[2020-10-24T06:20:23.601+0000][7][gc,heap      ] GC(274) Humongous regions: 15->15
[2020-10-24T06:20:23.601+0000][7][gc,metaspace ] GC(274) Metaspace: 109610K(118308K)->109610K(118308K) NonClass: 95692K(100824K)->95692K(100824K) Class: 13918K(17484K)->13918K(17484K)
[2020-10-24T06:20:23.602+0000][7][gc           ] GC(274) Pause Young (Prepare Mixed) (G1 Evacuation Pause) 183M->141M(256M) 10.920ms
[2020-10-24T06:20:23.602+0000][7][gc,cpu       ] GC(274) User=0.01s Sys=0.00s Real=0.01s
[2020-10-24T06:20:23.602+0000][7][safepoint    ] Safepoint "G1CollectForAllocation", Time since last: 1395327400 ns, Reaching safepoint: 491000 ns, At safepoint: 11269800 ns, Total: 11760800 ns
[2020-10-24T06:20:23.606+0000][7][gc,start     ] GC(275) Pause Young (Mixed) (G1 Evacuation Pause)
[2020-10-24T06:20:23.606+0000][7][gc,task      ] GC(275) Using 6 workers of 10 for evacuation
[2020-10-24T06:20:23.607+0000][7][gc,age       ] GC(275) Desired survivor size 1048576 bytes, new threshold 1 (max threshold 15)
[2020-10-24T06:20:23.615+0000][7][gc,age       ] GC(275) Age table with threshold 1 (max threshold 15)
[2020-10-24T06:20:23.615+0000][7][gc,age       ] GC(275) - age   1:     350768 bytes,     350768 total
[2020-10-24T06:20:23.615+0000][7][gc,phases    ] GC(275)   Pre Evacuate Collection Set: 0.1ms
[2020-10-24T06:20:23.616+0000][7][gc,phases    ] GC(275)   Merge Heap Roots: 0.3ms
[2020-10-24T06:20:23.616+0000][7][gc,phases    ] GC(275)   Evacuate Collection Set: 6.6ms
[2020-10-24T06:20:23.616+0000][7][gc,phases    ] GC(275)   Post Evacuate Collection Set: 0.9ms
[2020-10-24T06:20:23.617+0000][7][gc,phases    ] GC(275)   Other: 1.6ms
[2020-10-24T06:20:23.617+0000][7][gc,heap      ] GC(275) Eden regions: 7->0(54)
[2020-10-24T06:20:23.617+0000][7][gc,heap      ] GC(275) Survivor regions: 5->1(2)
[2020-10-24T06:20:23.617+0000][7][gc,heap      ] GC(275) Old regions: 121->112
[2020-10-24T06:20:23.617+0000][7][gc,heap      ] GC(275) Archive regions: 2->2
[2020-10-24T06:20:23.618+0000][7][gc,heap      ] GC(275) Humongous regions: 15->15
[2020-10-24T06:20:23.618+0000][7][gc,metaspace ] GC(275) Metaspace: 109610K(118308K)->109610K(118308K) NonClass: 95692K(100824K)->95692K(100824K) Class: 13918K(17484K)->13918K(17484K)
[2020-10-24T06:20:23.618+0000][7][gc           ] GC(275) Pause Young (Mixed) (G1 Evacuation Pause) 148M->128M(256M) 12.055ms
[2020-10-24T06:20:23.618+0000][7][gc,cpu       ] GC(275) User=0.03s Sys=0.02s Real=0.02s
[2020-10-24T06:20:23.618+0000][7][safepoint    ] Safepoint "G1CollectForAllocation", Time since last: 3847000 ns, Reaching safepoint: 227300 ns, At safepoint: 12503500 ns, Total: 12730800 ns
[2020-10-24T06:20:24.619+0000][7][safepoint    ] Safepoint "Cleanup", Time since last: 1000383100 ns, Reaching safepoint: 259100 ns, At safepoint: 13400 ns, Total: 272500 ns
[2020-10-24T06:20:25.621+0000][7][safepoint    ] Safepoint "Cleanup", Time since last: 1000685400 ns, Reaching safepoint: 768800 ns, At safepoint: 50600 ns, Total: 819400 ns
[2020-10-24T06:20:26.623+0000][7][safepoint    ] Safepoint "Cleanup", Time since last: 1001254700 ns, Reaching safepoint: 648600 ns, At safepoint: 40200 ns, Total: 688800 ns
[2020-10-24T06:20:27.625+0000][7][safepoint    ] Safepoint "Cleanup", Time since last: 1001313400 ns, Reaching safepoint: 778300 ns, At safepoint: 49900 ns, Total: 828200 ns
[2020-10-24T06:20:28.626+0000][7][safepoint    ] Safepoint "Cleanup", Time since last: 1001105400 ns, Reaching safepoint: 233300 ns, At safepoint: 10300 ns, Total: 243600 ns
[2020-10-24T06:20:29.819+0000][7][safepoint    ] Safepoint "Cleanup", Time since last: 1192684200 ns, Reaching safepoint: 246500 ns, At safepoint: 9600 ns, Total: 256100 ns
[2020-10-24T06:20:30.820+0000][7][safepoint    ] Safepoint "Cleanup", Time since last: 1000529300 ns, Reaching safepoint: 295300 ns, At safepoint: 10000 ns, Total: 305300 ns
[2020-10-24T06:20:31.821+0000][7][safepoint    ] Safepoint "Cleanup", Time since last: 1000430100 ns, Reaching safepoint: 233800 ns, At safepoint: 10400 ns, Total: 244200 ns
[2020-10-24T06:20:32.030+0000][7][gc,start     ] GC(276) Pause Young (Concurrent Start) (G1 Evacuation Pause)
[2020-10-24T06:20:32.030+0000][7][gc,task      ] GC(276) Using 6 workers of 10 for evacuation
[2020-10-24T06:20:32.031+0000][7][gc,age       ] GC(276) Desired survivor size 3670016 bytes, new threshold 15 (max threshold 15)
[2020-10-24T06:20:32.035+0000][7][gc,age       ] GC(276) Age table with threshold 15 (max threshold 15)
[2020-10-24T06:20:32.035+0000][7][gc,age       ] GC(276) - age   1:     860944 bytes,     860944 total
[2020-10-24T06:20:32.036+0000][7][gc,age       ] GC(276) - age   2:       9432 bytes,     870376 total
[2020-10-24T06:20:32.036+0000][7][gc,phases    ] GC(276)   Pre Evacuate Collection Set: 0.6ms
[2020-10-24T06:20:32.036+0000][7][gc,phases    ] GC(276)   Merge Heap Roots: 0.2ms
[2020-10-24T06:20:32.036+0000][7][gc,phases    ] GC(276)   Evacuate Collection Set: 2.2ms
[2020-10-24T06:20:32.037+0000][7][gc,phases    ] GC(276)   Post Evacuate Collection Set: 0.9ms
[2020-10-24T06:20:32.037+0000][7][gc,phases    ] GC(276)   Other: 2.1ms
[2020-10-24T06:20:32.037+0000][7][gc,heap      ] GC(276) Eden regions: 54->0(55)
[2020-10-24T06:20:32.037+0000][7][gc,heap      ] GC(276) Survivor regions: 1->1(7)
[2020-10-24T06:20:32.037+0000][7][gc,heap      ] GC(276) Old regions: 112->112
[2020-10-24T06:20:32.038+0000][7][gc,heap      ] GC(276) Archive regions: 2->2
[2020-10-24T06:20:32.038+0000][7][gc,heap      ] GC(276) Humongous regions: 15->15
[2020-10-24T06:20:32.038+0000][7][gc,metaspace ] GC(276) Metaspace: 109623K(118308K)->109623K(118308K) NonClass: 95705K(100824K)->95705K(100824K) Class: 13918K(17484K)->13918K(17484K)
[2020-10-24T06:20:32.038+0000][7][gc           ] GC(276) Pause Young (Concurrent Start) (G1 Evacuation Pause) 182M->128M(256M) 8.428ms
[2020-10-24T06:20:32.038+0000][7][gc,cpu       ] GC(276) User=0.01s Sys=0.01s Real=0.01s
[2020-10-24T06:20:32.039+0000][7][safepoint    ] Safepoint "G1CollectForAllocation", Time since last: 209015500 ns, Reaching safepoint: 258800 ns, At safepoint: 8881000 ns, Total: 9139800 ns
[2020-10-24T06:20:32.039+0000][7][gc           ] GC(277) Concurrent Cycle
[2020-10-24T06:20:32.039+0000][7][gc,marking   ] GC(277) Concurrent Clear Claimed Marks
[2020-10-24T06:20:32.040+0000][7][gc,marking   ] GC(277) Concurrent Clear Claimed Marks 0.588ms
[2020-10-24T06:20:32.040+0000][7][gc,marking   ] GC(277) Concurrent Scan Root Regions
[2020-10-24T06:20:32.041+0000][7][gc,marking   ] GC(277) Concurrent Scan Root Regions 1.320ms
[2020-10-24T06:20:32.041+0000][7][gc,marking   ] GC(277) Concurrent Mark (2189.408s)
[2020-10-24T06:20:32.041+0000][7][gc,marking   ] GC(277) Concurrent Mark From Roots
[2020-10-24T06:20:32.042+0000][7][gc,task      ] GC(277) Using 3 workers of 3 for marking
[2020-10-24T06:20:32.092+0000][7][gc,marking   ] GC(277) Concurrent Mark From Roots 50.986ms
[2020-10-24T06:20:32.093+0000][7][gc,marking   ] GC(277) Concurrent Preclean
[2020-10-24T06:20:32.094+0000][7][gc,marking   ] GC(277) Concurrent Preclean 0.970ms
[2020-10-24T06:20:32.094+0000][7][gc,marking   ] GC(277) Concurrent Mark (2189.408s, 2189.461s) 52.905ms
[2020-10-24T06:20:32.095+0000][7][gc,start     ] GC(277) Pause Remark
[2020-10-24T06:20:32.104+0000][7][gc           ] GC(277) Pause Remark 130M->130M(256M) 9.220ms
[2020-10-24T06:20:32.105+0000][7][gc,cpu       ] GC(277) User=0.04s Sys=0.00s Real=0.01s
[2020-10-24T06:20:32.105+0000][7][safepoint    ] Safepoint "G1Concurrent", Time since last: 55864700 ns, Reaching safepoint: 322700 ns, At safepoint: 10046000 ns, Total: 10368700 ns
[2020-10-24T06:20:32.105+0000][7][gc,marking   ] GC(277) Concurrent Rebuild Remembered Sets
[2020-10-24T06:20:32.149+0000][7][gc,marking   ] GC(277) Concurrent Rebuild Remembered Sets 43.549ms
[2020-10-24T06:20:32.150+0000][7][gc,start     ] GC(277) Pause Cleanup
[2020-10-24T06:20:32.150+0000][7][gc           ] GC(277) Pause Cleanup 130M->130M(256M) 0.551ms
[2020-10-24T06:20:32.150+0000][7][gc,cpu       ] GC(277) User=0.00s Sys=0.00s Real=0.00s
[2020-10-24T06:20:32.151+0000][7][safepoint    ] Safepoint "G1Concurrent", Time since last: 44415300 ns, Reaching safepoint: 261700 ns, At safepoint: 1136200 ns, Total: 1397900 ns
[2020-10-24T06:20:32.151+0000][7][gc,marking   ] GC(277) Concurrent Cleanup for Next Mark
[2020-10-24T06:20:32.152+0000][7][gc,marking   ] GC(277) Concurrent Cleanup for Next Mark 0.582ms
[2020-10-24T06:20:32.152+0000][7][gc           ] GC(277) Concurrent Cycle 113.122ms
[2020-10-24T06:20:33.152+0000][7][safepoint    ] Safepoint "Cleanup", Time since last: 1000429000 ns, Reaching safepoint: 878500 ns, At safepoint: 48900 ns, Total: 927400 ns
[2020-10-24T06:20:34.153+0000][7][safepoint    ] Safepoint "Cleanup", Time since last: 1001131900 ns, Reaching safepoint: 225200 ns, At safepoint: 26000 ns, Total: 251200 ns
[2020-10-24T06:20:35.154+0000][7][safepoint    ] Safepoint "Cleanup", Time since last: 1000523600 ns, Reaching safepoint: 270900 ns, At safepoint: 9600 ns, Total: 280500 ns
[2020-10-24T06:20:36.156+0000][7][safepoint    ] Safepoint "Cleanup", Time since last: 1000634800 ns, Reaching safepoint: 860900 ns, At safepoint: 51000 ns, Total: 911900 ns
[2020-10-24T06:20:37.157+0000][7][safepoint    ] Safepoint "Cleanup", Time since last: 1001168300 ns, Reaching safepoint: 227400 ns, At safepoint: 23600 ns, Total: 251000 ns
[2020-10-24T06:20:38.159+0000][7][safepoint    ] Safepoint "Cleanup", Time since last: 1000614000 ns, Reaching safepoint: 883300 ns, At safepoint: 49800 ns, Total: 933100 ns
[2020-10-24T06:20:39.161+0000][7][safepoint    ] Safepoint "Cleanup", Time since last: 1001342500 ns, Reaching safepoint: 854200 ns, At safepoint: 49900 ns, Total: 904100 ns
[2020-10-24T06:20:40.163+0000][7][safepoint    ] Safepoint "Cleanup", Time since last: 1001276800 ns, Reaching safepoint: 830700 ns, At safepoint: 48900 ns, Total: 879600 ns
[2020-10-24T06:20:41.165+0000][7][safepoint    ] Safepoint "Cleanup", Time since last: 1001346500 ns, Reaching safepoint: 910100 ns, At safepoint: 49600 ns, Total: 959700 ns
[2020-10-24T06:20:42.167+0000][7][safepoint    ] Safepoint "Cleanup", Time since last: 1001143300 ns, Reaching safepoint: 267400 ns, At safepoint: 22900 ns, Total: 290300 ns
[2020-10-24T06:20:43.168+0000][7][safepoint    ] Safepoint "Cleanup", Time since last: 1000563400 ns, Reaching safepoint: 833500 ns, At safepoint: 49000 ns, Total: 882500 ns
[2020-10-24T06:20:44.170+0000][7][safepoint    ] Safepoint "Cleanup", Time since last: 1001209200 ns, Reaching safepoint: 846700 ns, At safepoint: 50200 ns, Total: 896900 ns
[2020-10-24T06:20:45.173+0000][7][safepoint    ] Safepoint "Cleanup", Time since last: 1001260000 ns, Reaching safepoint: 855300 ns, At safepoint: 49200 ns, Total: 904500 ns
[2020-10-24T06:20:46.175+0000][7][safepoint    ] Safepoint "Cleanup", Time since last: 1001243300 ns, Reaching safepoint: 862200 ns, At safepoint: 50000 ns, Total: 912200 ns
[2020-10-24T06:20:47.177+0000][7][safepoint    ] Safepoint "Cleanup", Time since last: 1001257900 ns, Reaching safepoint: 848400 ns, At safepoint: 51100 ns, Total: 899500 ns
[2020-10-24T06:20:48.179+0000][7][safepoint    ] Safepoint "Cleanup", Time since last: 1001302400 ns, Reaching safepoint: 875800 ns, At safepoint: 50000 ns, Total: 925800 ns
[2020-10-24T06:20:49.181+0000][7][safepoint    ] Safepoint "Cleanup", Time since last: 1001249600 ns, Reaching safepoint: 845600 ns, At safepoint: 49100 ns, Total: 894700 ns
[2020-10-24T06:20:50.183+0000][7][safepoint    ] Safepoint "Cleanup", Time since last: 1001144900 ns, Reaching safepoint: 285200 ns, At safepoint: 11000 ns, Total: 296200 ns
[2020-10-24T06:20:51.184+0000][7][safepoint    ] Safepoint "Cleanup", Time since last: 1000587700 ns, Reaching safepoint: 1017200 ns, At safepoint: 50800 ns, Total: 1068000 ns
[2020-10-24T06:20:52.186+0000][7][safepoint    ] Safepoint "Cleanup", Time since last: 1001188200 ns, Reaching safepoint: 236500 ns, At safepoint: 9700 ns, Total: 246200 ns
[2020-10-24T06:20:53.187+0000][7][safepoint    ] Safepoint "Cleanup", Time since last: 1000524800 ns, Reaching safepoint: 435000 ns, At safepoint: 24600 ns, Total: 459600 ns
[2020-10-24T06:20:54.188+0000][7][safepoint    ] Safepoint "Cleanup", Time since last: 1000697700 ns, Reaching safepoint: 270000 ns, At safepoint: 9700 ns, Total: 279700 ns
[2020-10-24T06:20:55.189+0000][7][safepoint    ] Safepoint "Cleanup", Time since last: 1000630000 ns, Reaching safepoint: 794300 ns, At safepoint: 49600 ns, Total: 843900 ns
[2020-10-24T06:20:56.191+0000][7][safepoint    ] Safepoint "Cleanup", Time since last: 1001184300 ns, Reaching safepoint: 837000 ns, At safepoint: 50100 ns, Total: 887100 ns
[2020-10-24T06:20:57.193+0000][7][safepoint    ] Safepoint "Cleanup", Time since last: 1001262500 ns, Reaching safepoint: 332200 ns, At safepoint: 16000 ns, Total: 348200 ns
[2020-10-24T06:20:58.194+0000][7][safepoint    ] Safepoint "Cleanup", Time since last: 1000531900 ns, Reaching safepoint: 259700 ns, At safepoint: 9800 ns, Total: 269500 ns
[2020-10-24T06:20:59.195+0000][7][safepoint    ] Safepoint "Cleanup", Time since last: 1000553300 ns, Reaching safepoint: 217000 ns, At safepoint: 25600 ns, Total: 242600 ns
[2020-10-24T06:21:00.196+0000][7][safepoint    ] Safepoint "Cleanup", Time since last: 1000615200 ns, Reaching safepoint: 810600 ns, At safepoint: 48700 ns, Total: 859300 ns
[2020-10-24T06:21:01.198+0000][7][safepoint    ] Safepoint "Cleanup", Time since last: 1001228100 ns, Reaching safepoint: 372500 ns, At safepoint: 9900 ns, Total: 382400 ns
[2020-10-24T06:21:02.199+0000][7][safepoint    ] Safepoint "Cleanup", Time since last: 1000599700 ns, Reaching safepoint: 273600 ns, At safepoint: 9900 ns, Total: 283500 ns
[2020-10-24T06:21:03.199+0000][7][safepoint    ] Safepoint "Cleanup", Time since last: 1000463200 ns, Reaching safepoint: 237800 ns, At safepoint: 12700 ns, Total: 250500 ns
[2020-10-24T06:21:04.202+0000][7][safepoint    ] Safepoint "Cleanup", Time since last: 1002042100 ns, Reaching safepoint: 394700 ns, At safepoint: 23900 ns, Total: 418600 ns
[2020-10-24T06:21:05.203+0000][7][safepoint    ] Safepoint "Cleanup", Time since last: 1000710400 ns, Reaching safepoint: 283900 ns, At safepoint: 9900 ns, Total: 293800 ns
[2020-10-24T06:21:06.203+0000][7][safepoint    ] Safepoint "Cleanup", Time since last: 1000530300 ns, Reaching safepoint: 238800 ns, At safepoint: 14800 ns, Total: 253600 ns
[2020-10-24T06:21:07.204+0000][7][safepoint    ] Safepoint "Cleanup", Time since last: 1000524900 ns, Reaching safepoint: 240900 ns, At safepoint: 25000 ns, Total: 265900 ns
[2020-10-24T06:21:08.033+0000][7][gc,start     ] GC(278) Pause Young (Normal) (G1 Evacuation Pause)
[2020-10-24T06:21:08.034+0000][7][gc,task      ] GC(278) Using 6 workers of 10 for evacuation
[2020-10-24T06:21:08.034+0000][7][gc,age       ] GC(278) Desired survivor size 3670016 bytes, new threshold 15 (max threshold 15)
[2020-10-24T06:21:08.038+0000][7][gc,age       ] GC(278) Age table with threshold 15 (max threshold 15)
[2020-10-24T06:21:08.038+0000][7][gc,age       ] GC(278) - age   1:     356208 bytes,     356208 total
[2020-10-24T06:21:08.038+0000][7][gc,age       ] GC(278) - age   2:     813096 bytes,    1169304 total
[2020-10-24T06:21:08.039+0000][7][gc,age       ] GC(278) - age   3:       9192 bytes,    1178496 total
[2020-10-24T06:21:08.039+0000][7][gc,phases    ] GC(278)   Pre Evacuate Collection Set: 0.1ms
[2020-10-24T06:21:08.040+0000][7][gc,phases    ] GC(278)   Merge Heap Roots: 0.1ms
[2020-10-24T06:21:08.040+0000][7][gc,phases    ] GC(278)   Evacuate Collection Set: 1.8ms
[2020-10-24T06:21:08.040+0000][7][gc,phases    ] GC(278)   Post Evacuate Collection Set: 1.0ms
[2020-10-24T06:21:08.040+0000][7][gc,phases    ] GC(278)   Other: 2.7ms
[2020-10-24T06:21:08.040+0000][7][gc,heap      ] GC(278) Eden regions: 55->0(55)
[2020-10-24T06:21:08.040+0000][7][gc,heap      ] GC(278) Survivor regions: 1->2(7)
[2020-10-24T06:21:08.041+0000][7][gc,heap      ] GC(278) Old regions: 112->112
[2020-10-24T06:21:08.041+0000][7][gc,heap      ] GC(278) Archive regions: 2->2
[2020-10-24T06:21:08.041+0000][7][gc,heap      ] GC(278) Humongous regions: 15->15
[2020-10-24T06:21:08.041+0000][7][gc,metaspace ] GC(278) Metaspace: 109623K(118308K)->109623K(118308K) NonClass: 95705K(100824K)->95705K(100824K) Class: 13918K(17484K)->13918K(17484K)
[2020-10-24T06:21:08.041+0000][7][gc           ] GC(278) Pause Young (Normal) (G1 Evacuation Pause) 183M->128M(256M) 7.827ms
[2020-10-24T06:21:08.041+0000][7][gc,cpu       ] GC(278) User=0.00s Sys=0.01s Real=0.01s
[2020-10-24T06:21:08.042+0000][7][safepoint    ] Safepoint "G1CollectForAllocation", Time since last: 828818300 ns, Reaching safepoint: 255200 ns, At safepoint: 8198300 ns, Total: 8453500 ns
[2020-10-24T06:21:09.095+0000][7][safepoint    ] Safepoint "Cleanup", Time since last: 1053531200 ns, Reaching safepoint: 189500 ns, At safepoint: 10300 ns, Total: 199800 ns
[2020-10-24T06:21:10.096+0000][7][safepoint    ] Safepoint "Cleanup", Time since last: 1000557900 ns, Reaching safepoint: 219900 ns, At safepoint: 12200 ns, Total: 232100 ns
[2020-10-24T06:21:11.097+0000][7][safepoint    ] Safepoint "Cleanup", Time since last: 1000575200 ns, Reaching safepoint: 791900 ns, At safepoint: 41100 ns, Total: 833000 ns
[2020-10-24T06:21:12.099+0000][7][safepoint    ] Safepoint "Cleanup", Time since last: 1000965700 ns, Reaching safepoint: 197100 ns, At safepoint: 10400 ns, Total: 207500 ns
[2020-10-24T06:21:13.099+0000][7][safepoint    ] Safepoint "Cleanup", Time since last: 1000478100 ns, Reaching safepoint: 259600 ns, At safepoint: 10000 ns, Total: 269600 ns
[2020-10-24T06:21:14.100+0000][7][safepoint    ] Safepoint "Cleanup", Time since last: 1000482000 ns, Reaching safepoint: 402400 ns, At safepoint: 25200 ns, Total: 427600 ns
[2020-10-24T06:21:15.101+0000][7][safepoint    ] Safepoint "Cleanup", Time since last: 1000693200 ns, Reaching safepoint: 205400 ns, At safepoint: 10800 ns, Total: 216200 ns
[2020-10-24T06:21:16.103+0000][7][safepoint    ] Safepoint "Cleanup", Time since last: 1000555800 ns, Reaching safepoint: 867400 ns, At safepoint: 49600 ns, Total: 917000 ns
[2020-10-24T06:21:17.104+0000][7][safepoint    ] Safepoint "Cleanup", Time since last: 1001186200 ns, Reaching safepoint: 213900 ns, At safepoint: 10000 ns, Total: 223900 ns
[2020-10-24T06:21:18.105+0000][7][safepoint    ] Safepoint "Cleanup", Time since last: 1000514300 ns, Reaching safepoint: 237100 ns, At safepoint: 9900 ns, Total: 247000 ns
[2020-10-24T06:21:19.106+0000][7][safepoint    ] Safepoint "Cleanup", Time since last: 1000504400 ns, Reaching safepoint: 219400 ns, At safepoint: 11900 ns, Total: 231300 ns
[2020-10-24T06:21:20.107+0000][7][safepoint    ] Safepoint "Cleanup", Time since last: 1000605500 ns, Reaching safepoint: 296700 ns, At safepoint: 10300 ns, Total: 307000 ns
[2020-10-24T06:21:21.108+0000][7][safepoint    ] Safepoint "Cleanup", Time since last: 1000625900 ns, Reaching safepoint: 827000 ns, At safepoint: 37000 ns, Total: 864000 ns
[2020-10-24T06:21:22.109+0000][7][safepoint    ] Safepoint "Cleanup", Time since last: 1000969700 ns, Reaching safepoint: 239200 ns, At safepoint: 13200 ns, Total: 252400 ns
[2020-10-24T06:21:22.840+0000][7][safepoint    ] Safepoint "BulkRevokeBias", Time since last: 728776000 ns, Reaching safepoint: 240500 ns, At safepoint: 1548300 ns, Total: 1788800 ns
[2020-10-24T06:21:23.672+0000][7][gc,start     ] GC(279) Pause Young (Concurrent Start) (G1 Evacuation Pause)
[2020-10-24T06:21:23.673+0000][7][gc,task      ] GC(279) Using 6 workers of 10 for evacuation
[2020-10-24T06:21:23.673+0000][7][gc,age       ] GC(279) Desired survivor size 4194304 bytes, new threshold 15 (max threshold 15)
[2020-10-24T06:21:23.677+0000][7][gc,age       ] GC(279) Age table with threshold 15 (max threshold 15)
[2020-10-24T06:21:23.677+0000][7][gc,age       ] GC(279) - age   1:    3548240 bytes,    3548240 total
[2020-10-24T06:21:23.678+0000][7][gc,age       ] GC(279) - age   2:     104544 bytes,    3652784 total
[2020-10-24T06:21:23.678+0000][7][gc,age       ] GC(279) - age   3:     811128 bytes,    4463912 total
[2020-10-24T06:21:23.678+0000][7][gc,age       ] GC(279) - age   4:       9192 bytes,    4473104 total
[2020-10-24T06:21:23.678+0000][7][gc,phases    ] GC(279)   Pre Evacuate Collection Set: 0.6ms
[2020-10-24T06:21:23.679+0000][7][gc,phases    ] GC(279)   Merge Heap Roots: 0.1ms
[2020-10-24T06:21:23.679+0000][7][gc,phases    ] GC(279)   Evacuate Collection Set: 1.9ms
[2020-10-24T06:21:23.679+0000][7][gc,phases    ] GC(279)   Post Evacuate Collection Set: 0.8ms
[2020-10-24T06:21:23.679+0000][7][gc,phases    ] GC(279)   Other: 2.7ms
[2020-10-24T06:21:23.680+0000][7][gc,heap      ] GC(279) Eden regions: 55->0(50)
[2020-10-24T06:21:23.680+0000][7][gc,heap      ] GC(279) Survivor regions: 2->5(8)
[2020-10-24T06:21:23.680+0000][7][gc,heap      ] GC(279) Old regions: 112->112
[2020-10-24T06:21:23.680+0000][7][gc,heap      ] GC(279) Archive regions: 2->2
[2020-10-24T06:21:23.680+0000][7][gc,heap      ] GC(279) Humongous regions: 15->15
[2020-10-24T06:21:23.680+0000][7][gc,metaspace ] GC(279) Metaspace: 109647K(118308K)->109647K(118308K) NonClass: 95729K(100824K)->95729K(100824K) Class: 13918K(17484K)->13918K(17484K)
[2020-10-24T06:21:23.681+0000][7][gc           ] GC(279) Pause Young (Concurrent Start) (G1 Evacuation Pause) 183M->132M(256M) 8.284ms
[2020-10-24T06:21:23.681+0000][7][gc,cpu       ] GC(279) User=0.02s Sys=0.00s Real=0.01s
[2020-10-24T06:21:23.681+0000][7][gc           ] GC(280) Concurrent Cycle
[2020-10-24T06:21:23.681+0000][7][gc,marking   ] GC(280) Concurrent Clear Claimed Marks
[2020-10-24T06:21:23.681+0000][7][safepoint    ] Safepoint "G1CollectForAllocation", Time since last: 832293300 ns, Reaching safepoint: 256700 ns, At safepoint: 8703700 ns, Total: 8960400 ns
[2020-10-24T06:21:23.682+0000][7][gc,marking   ] GC(280) Concurrent Clear Claimed Marks 0.880ms
[2020-10-24T06:21:23.682+0000][7][gc,marking   ] GC(280) Concurrent Scan Root Regions
[2020-10-24T06:21:23.683+0000][7][gc,marking   ] GC(280) Concurrent Scan Root Regions 1.155ms
[2020-10-24T06:21:23.684+0000][7][gc,marking   ] GC(280) Concurrent Mark (2241.050s)
[2020-10-24T06:21:23.684+0000][7][gc,marking   ] GC(280) Concurrent Mark From Roots
[2020-10-24T06:21:23.684+0000][7][gc,task      ] GC(280) Using 3 workers of 3 for marking
[2020-10-24T06:21:23.739+0000][7][gc,marking   ] GC(280) Concurrent Mark From Roots 55.408ms
[2020-10-24T06:21:23.740+0000][7][gc,marking   ] GC(280) Concurrent Preclean
[2020-10-24T06:21:23.740+0000][7][gc,marking   ] GC(280) Concurrent Preclean 0.676ms
[2020-10-24T06:21:23.741+0000][7][gc,marking   ] GC(280) Concurrent Mark (2241.050s, 2241.107s) 56.955ms
[2020-10-24T06:21:23.741+0000][7][gc,start     ] GC(280) Pause Remark
[2020-10-24T06:21:23.748+0000][7][gc           ] GC(280) Pause Remark 171M->171M(256M) 6.505ms
[2020-10-24T06:21:23.748+0000][7][gc,cpu       ] GC(280) User=0.03s Sys=0.00s Real=0.01s
[2020-10-24T06:21:23.748+0000][7][safepoint    ] Safepoint "G1Concurrent", Time since last: 59941700 ns, Reaching safepoint: 243100 ns, At safepoint: 7247500 ns, Total: 7490600 ns
[2020-10-24T06:21:23.749+0000][7][gc,marking   ] GC(280) Concurrent Rebuild Remembered Sets
[2020-10-24T06:21:23.783+0000][7][gc,marking   ] GC(280) Concurrent Rebuild Remembered Sets 34.424ms
[2020-10-24T06:21:23.784+0000][7][gc,start     ] GC(280) Pause Cleanup
[2020-10-24T06:21:23.784+0000][7][gc           ] GC(280) Pause Cleanup 172M->172M(256M) 0.534ms
[2020-10-24T06:21:23.785+0000][7][gc,cpu       ] GC(280) User=0.00s Sys=0.00s Real=0.00s
[2020-10-24T06:21:23.785+0000][7][safepoint    ] Safepoint "G1Concurrent", Time since last: 35222800 ns, Reaching safepoint: 182800 ns, At safepoint: 1175500 ns, Total: 1358300 ns
[2020-10-24T06:21:23.785+0000][7][gc,marking   ] GC(280) Concurrent Cleanup for Next Mark
[2020-10-24T06:21:23.786+0000][7][gc,marking   ] GC(280) Concurrent Cleanup for Next Mark 0.600ms
[2020-10-24T06:21:23.786+0000][7][gc           ] GC(280) Concurrent Cycle 105.241ms
[2020-10-24T06:21:25.711+0000][7][safepoint    ] Safepoint "Cleanup", Time since last: 1926096300 ns, Reaching safepoint: 234300 ns, At safepoint: 24400 ns, Total: 258700 ns
[2020-10-24T06:21:26.036+0000][7][safepoint    ] Safepoint "BulkRevokeBias", Time since last: 323898900 ns, Reaching safepoint: 266300 ns, At safepoint: 762900 ns, Total: 1029200 ns
[2020-10-24T06:21:27.037+0000][7][safepoint    ] Safepoint "Cleanup", Time since last: 1000603000 ns, Reaching safepoint: 214500 ns, At safepoint: 10600 ns, Total: 225100 ns
[2020-10-24T06:21:28.038+0000][7][safepoint    ] Safepoint "Cleanup", Time since last: 1000533900 ns, Reaching safepoint: 309800 ns, At safepoint: 9400 ns, Total: 319200 ns
[2020-10-24T06:21:29.039+0000][7][safepoint    ] Safepoint "Cleanup", Time since last: 1000546400 ns, Reaching safepoint: 227000 ns, At safepoint: 9900 ns, Total: 236900 ns
[2020-10-24T06:21:30.040+0000][7][safepoint    ] Safepoint "Cleanup", Time since last: 1000569900 ns, Reaching safepoint: 247200 ns, At safepoint: 12000 ns, Total: 259200 ns
[2020-10-24T06:21:31.041+0000][7][safepoint    ] Safepoint "Cleanup", Time since last: 1000630800 ns, Reaching safepoint: 837200 ns, At safepoint: 62000 ns, Total: 899200 ns
[2020-10-24T06:21:32.039+0000][7][gc,start     ] GC(281) Pause Young (Normal) (G1 Evacuation Pause)
[2020-10-24T06:21:32.040+0000][7][gc,task      ] GC(281) Using 6 workers of 10 for evacuation
[2020-10-24T06:21:32.041+0000][7][gc,age       ] GC(281) Desired survivor size 3670016 bytes, new threshold 3 (max threshold 15)
[2020-10-24T06:21:32.048+0000][7][gc,age       ] GC(281) Age table with threshold 3 (max threshold 15)
[2020-10-24T06:21:32.048+0000][7][gc,age       ] GC(281) - age   1:     203768 bytes,     203768 total
[2020-10-24T06:21:32.049+0000][7][gc,age       ] GC(281) - age   2:     318064 bytes,     521832 total
[2020-10-24T06:21:32.049+0000][7][gc,age       ] GC(281) - age   3:      95968 bytes,     617800 total
[2020-10-24T06:21:32.049+0000][7][gc,phases    ] GC(281)   Pre Evacuate Collection Set: 0.6ms
[2020-10-24T06:21:32.049+0000][7][gc,phases    ] GC(281)   Merge Heap Roots: 0.7ms
[2020-10-24T06:21:32.050+0000][7][gc,phases    ] GC(281)   Evacuate Collection Set: 4.1ms
[2020-10-24T06:21:32.050+0000][7][gc,phases    ] GC(281)   Post Evacuate Collection Set: 0.9ms
[2020-10-24T06:21:32.050+0000][7][gc,phases    ] GC(281)   Other: 4.4ms
[2020-10-24T06:21:32.050+0000][7][gc,heap      ] GC(281) Eden regions: 50->0(54)
[2020-10-24T06:21:32.051+0000][7][gc,heap      ] GC(281) Survivor regions: 5->1(7)
[2020-10-24T06:21:32.051+0000][7][gc,heap      ] GC(281) Old regions: 112->113
[2020-10-24T06:21:32.051+0000][7][gc,heap      ] GC(281) Archive regions: 2->2
[2020-10-24T06:21:32.051+0000][7][gc,heap      ] GC(281) Humongous regions: 15->15
[2020-10-24T06:21:32.051+0000][7][gc,metaspace ] GC(281) Metaspace: 109663K(118308K)->109663K(118308K) NonClass: 95745K(100824K)->95745K(100824K) Class: 13918K(17484K)->13918K(17484K)
[2020-10-24T06:21:32.052+0000][7][gc           ] GC(281) Pause Young (Normal) (G1 Evacuation Pause) 182M->129M(256M) 13.048ms
[2020-10-24T06:21:32.052+0000][7][gc,cpu       ] GC(281) User=0.01s Sys=0.02s Real=0.01s
[2020-10-24T06:21:32.052+0000][7][safepoint    ] Safepoint "G1CollectForAllocation", Time since last: 996630800 ns, Reaching safepoint: 655800 ns, At safepoint: 13553900 ns, Total: 14209700 ns
[2020-10-24T06:21:33.879+0000][7][safepoint    ] Safepoint "Cleanup", Time since last: 1826794000 ns, Reaching safepoint: 225100 ns, At safepoint: 12000 ns, Total: 237100 ns
[2020-10-24T06:21:34.880+0000][7][safepoint    ] Safepoint "Cleanup", Time since last: 1001074700 ns, Reaching safepoint: 277600 ns, At safepoint: 10700 ns, Total: 288300 ns
[2020-10-24T06:21:35.882+0000][7][safepoint    ] Safepoint "Cleanup", Time since last: 1000609100 ns, Reaching safepoint: 918300 ns, At safepoint: 50700 ns, Total: 969000 ns
[2020-10-24T06:21:36.884+0000][7][safepoint    ] Safepoint "Cleanup", Time since last: 1001311300 ns, Reaching safepoint: 260700 ns, At safepoint: 19900 ns, Total: 280600 ns
[2020-10-24T06:21:37.885+0000][7][safepoint    ] Safepoint "Cleanup", Time since last: 1000586100 ns, Reaching safepoint: 853900 ns, At safepoint: 50500 ns, Total: 904400 ns
[2020-10-24T06:21:38.887+0000][7][safepoint    ] Safepoint "Cleanup", Time since last: 1001340300 ns, Reaching safepoint: 838600 ns, At safepoint: 235000 ns, Total: 1073600 ns
[2020-10-24T06:21:39.889+0000][7][safepoint    ] Safepoint "Cleanup", Time since last: 1001104900 ns, Reaching safepoint: 791400 ns, At safepoint: 50000 ns, Total: 841400 ns
[2020-10-24T06:21:40.891+0000][7][safepoint    ] Safepoint "Cleanup", Time since last: 1001157800 ns, Reaching safepoint: 273900 ns, At safepoint: 10000 ns, Total: 283900 ns
[2020-10-24T06:21:41.892+0000][7][safepoint    ] Safepoint "Cleanup", Time since last: 1000534900 ns, Reaching safepoint: 206200 ns, At safepoint: 11200 ns, Total: 217400 ns
[2020-10-24T06:21:42.892+0000][7][safepoint    ] Safepoint "Cleanup", Time since last: 1000467800 ns, Reaching safepoint: 220300 ns, At safepoint: 24800 ns, Total: 245100 ns
[2020-10-24T06:21:43.893+0000][7][safepoint    ] Safepoint "Cleanup", Time since last: 1000593700 ns, Reaching safepoint: 261300 ns, At safepoint: 9600 ns, Total: 270900 ns
[2020-10-24T06:21:44.895+0000][7][safepoint    ] Safepoint "Cleanup", Time since last: 1000712400 ns, Reaching safepoint: 772100 ns, At safepoint: 49300 ns, Total: 821400 ns
[2020-10-24T06:21:45.897+0000][7][safepoint    ] Safepoint "Cleanup", Time since last: 1001281500 ns, Reaching safepoint: 796900 ns, At safepoint: 97100 ns, Total: 894000 ns
[2020-10-24T06:21:46.343+0000][7][gc,start     ] GC(282) Pause Young (Concurrent Start) (G1 Evacuation Pause)
[2020-10-24T06:21:46.343+0000][7][gc,task      ] GC(282) Using 6 workers of 10 for evacuation
[2020-10-24T06:21:46.344+0000][7][gc,age       ] GC(282) Desired survivor size 3670016 bytes, new threshold 15 (max threshold 15)
[2020-10-24T06:21:46.347+0000][7][gc,age       ] GC(282) Age table with threshold 15 (max threshold 15)
[2020-10-24T06:21:46.348+0000][7][gc,age       ] GC(282) - age   1:     284696 bytes,     284696 total
[2020-10-24T06:21:46.348+0000][7][gc,age       ] GC(282) - age   2:     191264 bytes,     475960 total
[2020-10-24T06:21:46.348+0000][7][gc,age       ] GC(282) - age   3:     306392 bytes,     782352 total
[2020-10-24T06:21:46.348+0000][7][gc,age       ] GC(282) - age   4:      95504 bytes,     877856 total
[2020-10-24T06:21:46.349+0000][7][gc,phases    ] GC(282)   Pre Evacuate Collection Set: 0.6ms
[2020-10-24T06:21:46.349+0000][7][gc,phases    ] GC(282)   Merge Heap Roots: 0.2ms
[2020-10-24T06:21:46.349+0000][7][gc,phases    ] GC(282)   Evacuate Collection Set: 1.5ms
[2020-10-24T06:21:46.349+0000][7][gc,phases    ] GC(282)   Post Evacuate Collection Set: 0.8ms
[2020-10-24T06:21:46.350+0000][7][gc,phases    ] GC(282)   Other: 2.6ms
[2020-10-24T06:21:46.350+0000][7][gc,heap      ] GC(282) Eden regions: 54->0(56)
[2020-10-24T06:21:46.350+0000][7][gc,heap      ] GC(282) Survivor regions: 1->1(7)
[2020-10-24T06:21:46.350+0000][7][gc,heap      ] GC(282) Old regions: 113->113
[2020-10-24T06:21:46.351+0000][7][gc,heap      ] GC(282) Archive regions: 2->2
[2020-10-24T06:21:46.351+0000][7][gc,heap      ] GC(282) Humongous regions: 15->15
[2020-10-24T06:21:46.351+0000][7][gc,metaspace ] GC(282) Metaspace: 109681K(118308K)->109681K(118308K) NonClass: 95763K(100824K)->95763K(100824K) Class: 13918K(17484K)->13918K(17484K)
[2020-10-24T06:21:46.351+0000][7][gc           ] GC(282) Pause Young (Concurrent Start) (G1 Evacuation Pause) 183M->129M(256M) 7.923ms
[2020-10-24T06:21:46.351+0000][7][gc,cpu       ] GC(282) User=0.01s Sys=0.00s Real=0.01s
[2020-10-24T06:21:46.351+0000][7][gc           ] GC(283) Concurrent Cycle
[2020-10-24T06:21:46.351+0000][7][safepoint    ] Safepoint "G1CollectForAllocation", Time since last: 445816800 ns, Reaching safepoint: 269900 ns, At safepoint: 8410800 ns, Total: 8680700 ns
[2020-10-24T06:21:46.352+0000][7][gc,marking   ] GC(283) Concurrent Clear Claimed Marks
[2020-10-24T06:21:46.353+0000][7][gc,marking   ] GC(283) Concurrent Clear Claimed Marks 0.942ms
[2020-10-24T06:21:46.353+0000][7][gc,marking   ] GC(283) Concurrent Scan Root Regions
[2020-10-24T06:21:46.354+0000][7][gc,marking   ] GC(283) Concurrent Scan Root Regions 1.454ms
[2020-10-24T06:21:46.355+0000][7][gc,marking   ] GC(283) Concurrent Mark (2263.721s)
[2020-10-24T06:21:46.355+0000][7][gc,marking   ] GC(283) Concurrent Mark From Roots
[2020-10-24T06:21:46.355+0000][7][gc,task      ] GC(283) Using 3 workers of 3 for marking
[2020-10-24T06:21:46.407+0000][7][gc,marking   ] GC(283) Concurrent Mark From Roots 51.809ms
[2020-10-24T06:21:46.407+0000][7][gc,marking   ] GC(283) Concurrent Preclean
[2020-10-24T06:21:46.408+0000][7][gc,marking   ] GC(283) Concurrent Preclean 0.685ms
[2020-10-24T06:21:46.408+0000][7][gc,marking   ] GC(283) Concurrent Mark (2263.721s, 2263.774s) 53.348ms
[2020-10-24T06:21:46.408+0000][7][gc,start     ] GC(283) Pause Remark
[2020-10-24T06:21:46.415+0000][7][gc           ] GC(283) Pause Remark 131M->131M(256M) 6.913ms
[2020-10-24T06:21:46.416+0000][7][gc,cpu       ] GC(283) User=0.03s Sys=0.00s Real=0.00s
[2020-10-24T06:21:46.416+0000][7][safepoint    ] Safepoint "G1Concurrent", Time since last: 56804800 ns, Reaching safepoint: 249700 ns, At safepoint: 7584400 ns, Total: 7834100 ns
[2020-10-24T06:21:46.416+0000][7][gc,marking   ] GC(283) Concurrent Rebuild Remembered Sets
[2020-10-24T06:21:46.451+0000][7][gc,marking   ] GC(283) Concurrent Rebuild Remembered Sets 34.154ms
[2020-10-24T06:21:46.451+0000][7][gc,start     ] GC(283) Pause Cleanup
[2020-10-24T06:21:46.452+0000][7][gc           ] GC(283) Pause Cleanup 131M->131M(256M) 0.552ms
[2020-10-24T06:21:46.452+0000][7][gc,cpu       ] GC(283) User=0.00s Sys=0.00s Real=0.00s
[2020-10-24T06:21:46.452+0000][7][safepoint    ] Safepoint "G1Concurrent", Time since last: 34948100 ns, Reaching safepoint: 268000 ns, At safepoint: 1164000 ns, Total: 1432000 ns
[2020-10-24T06:21:46.453+0000][7][gc,marking   ] GC(283) Concurrent Cleanup for Next Mark
[2020-10-24T06:21:46.453+0000][7][gc,marking   ] GC(283) Concurrent Cleanup for Next Mark 0.623ms
[2020-10-24T06:21:46.454+0000][7][gc           ] GC(283) Concurrent Cycle 102.323ms
[2020-10-24T06:21:47.453+0000][7][safepoint    ] Safepoint "Cleanup", Time since last: 1000475400 ns, Reaching safepoint: 237000 ns, At safepoint: 24100 ns, Total: 261100 ns
[2020-10-24T06:21:48.455+0000][7][safepoint    ] Safepoint "Cleanup", Time since last: 1000642700 ns, Reaching safepoint: 861900 ns, At safepoint: 49100 ns, Total: 911000 ns
[2020-10-24T06:21:49.456+0000][7][safepoint    ] Safepoint "Cleanup", Time since last: 1001160300 ns, Reaching safepoint: 271800 ns, At safepoint: 10400 ns, Total: 282200 ns
[2020-10-24T06:21:50.458+0000][7][safepoint    ] Safepoint "Cleanup", Time since last: 1000633400 ns, Reaching safepoint: 842700 ns, At safepoint: 49000 ns, Total: 891700 ns
[2020-10-24T06:21:51.460+0000][7][safepoint    ] Safepoint "Cleanup", Time since last: 1001285200 ns, Reaching safepoint: 863900 ns, At safepoint: 49300 ns, Total: 913200 ns
[2020-10-24T06:21:52.990+0000][7][safepoint    ] Safepoint "Cleanup", Time since last: 1529697600 ns, Reaching safepoint: 271300 ns, At safepoint: 9700 ns, Total: 281000 ns
[2020-10-24T06:21:53.991+0000][7][safepoint    ] Safepoint "Cleanup", Time since last: 1000495900 ns, Reaching safepoint: 237900 ns, At safepoint: 9400 ns, Total: 247300 ns
[2020-10-24T06:21:54.991+0000][7][safepoint    ] Safepoint "Cleanup", Time since last: 1000590500 ns, Reaching safepoint: 238600 ns, At safepoint: 13300 ns, Total: 251900 ns
[2020-10-24T06:21:55.992+0000][7][safepoint    ] Safepoint "Cleanup", Time since last: 1000586000 ns, Reaching safepoint: 270500 ns, At safepoint: 9600 ns, Total: 280100 ns
[2020-10-24T06:21:56.994+0000][7][safepoint    ] Safepoint "Cleanup", Time since last: 1000644200 ns, Reaching safepoint: 767700 ns, At safepoint: 51700 ns, Total: 819400 ns
[2020-10-24T06:21:57.995+0000][7][safepoint    ] Safepoint "Cleanup", Time since last: 1001161400 ns, Reaching safepoint: 211900 ns, At safepoint: 10000 ns, Total: 221900 ns
[2020-10-24T06:21:58.996+0000][7][safepoint    ] Safepoint "Cleanup", Time since last: 1000512500 ns, Reaching safepoint: 275600 ns, At safepoint: 9600 ns, Total: 285200 ns
[2020-10-24T06:21:59.997+0000][7][safepoint    ] Safepoint "Cleanup", Time since last: 1000567300 ns, Reaching safepoint: 252200 ns, At safepoint: 9800 ns, Total: 262000 ns
[2020-10-24T06:22:00.998+0000][7][safepoint    ] Safepoint "Cleanup", Time since last: 1000510300 ns, Reaching safepoint: 248300 ns, At safepoint: 10100 ns, Total: 258400 ns
[2020-10-24T06:22:01.999+0000][7][safepoint    ] Safepoint "Cleanup", Time since last: 1000557700 ns, Reaching safepoint: 558000 ns, At safepoint: 72800 ns, Total: 630800 ns
[2020-10-24T06:22:03.000+0000][7][safepoint    ] Safepoint "Cleanup", Time since last: 1000882200 ns, Reaching safepoint: 276200 ns, At safepoint: 10900 ns, Total: 287100 ns
[2020-10-24T06:22:04.001+0000][7][safepoint    ] Safepoint "Cleanup", Time since last: 1000552300 ns, Reaching safepoint: 389600 ns, At safepoint: 21200 ns, Total: 410800 ns
[2020-10-24T06:22:05.002+0000][7][safepoint    ] Safepoint "Cleanup", Time since last: 1000649500 ns, Reaching safepoint: 778300 ns, At safepoint: 45800 ns, Total: 824100 ns
[2020-10-24T06:22:06.004+0000][7][safepoint    ] Safepoint "Cleanup", Time since last: 1001089400 ns, Reaching safepoint: 288100 ns, At safepoint: 15800 ns, Total: 303900 ns
[2020-10-24T06:22:07.005+0000][7][safepoint    ] Safepoint "Cleanup", Time since last: 1000595900 ns, Reaching safepoint: 264400 ns, At safepoint: 9300 ns, Total: 273700 ns
[2020-10-24T06:22:08.005+0000][7][safepoint    ] Safepoint "Cleanup", Time since last: 1000539300 ns, Reaching safepoint: 272900 ns, At safepoint: 10200 ns, Total: 283100 ns
[2020-10-24T06:22:09.006+0000][7][safepoint    ] Safepoint "Cleanup", Time since last: 1000548000 ns, Reaching safepoint: 309800 ns, At safepoint: 16400 ns, Total: 326200 ns
[2020-10-24T06:22:10.008+0000][7][safepoint    ] Safepoint "Cleanup", Time since last: 1000673100 ns, Reaching safepoint: 790500 ns, At safepoint: 51600 ns, Total: 842100 ns
[2020-10-24T06:22:11.010+0000][7][safepoint    ] Safepoint "Cleanup", Time since last: 1001220700 ns, Reaching safepoint: 809000 ns, At safepoint: 48500 ns, Total: 857500 ns
[2020-10-24T06:22:12.175+0000][7][safepoint    ] Safepoint "Cleanup", Time since last: 1164912900 ns, Reaching safepoint: 228400 ns, At safepoint: 10000 ns, Total: 238400 ns
[2020-10-24T06:22:13.176+0000][7][safepoint    ] Safepoint "Cleanup", Time since last: 1000538800 ns, Reaching safepoint: 770700 ns, At safepoint: 50500 ns, Total: 821200 ns
[2020-10-24T06:22:14.178+0000][7][safepoint    ] Safepoint "Cleanup", Time since last: 1001146800 ns, Reaching safepoint: 281500 ns, At safepoint: 24300 ns, Total: 305800 ns
[2020-10-24T06:22:15.179+0000][7][safepoint    ] Safepoint "Cleanup", Time since last: 1000522100 ns, Reaching safepoint: 271600 ns, At safepoint: 12900 ns, Total: 284500 ns
[2020-10-24T06:22:16.180+0000][7][safepoint    ] Safepoint "Cleanup", Time since last: 1000590200 ns, Reaching safepoint: 325000 ns, At safepoint: 19100 ns, Total: 344100 ns
[2020-10-24T06:22:17.181+0000][7][safepoint    ] Safepoint "Cleanup", Time since last: 1000689200 ns, Reaching safepoint: 269200 ns, At safepoint: 14800 ns, Total: 284000 ns
[2020-10-24T06:22:18.181+0000][7][safepoint    ] Safepoint "Cleanup", Time since last: 1000502200 ns, Reaching safepoint: 293900 ns, At safepoint: 9600 ns, Total: 303500 ns
[2020-10-24T06:22:19.183+0000][7][safepoint    ] Safepoint "Cleanup", Time since last: 1000681500 ns, Reaching safepoint: 760900 ns, At safepoint: 49200 ns, Total: 810100 ns
[2020-10-24T06:22:20.184+0000][7][safepoint    ] Safepoint "Cleanup", Time since last: 1001194100 ns, Reaching safepoint: 215800 ns, At safepoint: 23300 ns, Total: 239100 ns
[2020-10-24T06:22:21.186+0000][7][safepoint    ] Safepoint "Cleanup", Time since last: 1000589400 ns, Reaching safepoint: 570000 ns, At safepoint: 37200 ns, Total: 607200 ns
[2020-10-24T06:22:22.187+0000][7][safepoint    ] Safepoint "Cleanup", Time since last: 1001085200 ns, Reaching safepoint: 670900 ns, At safepoint: 39400 ns, Total: 710300 ns
[2020-10-24T06:22:22.384+0000][7][safepoint    ] Safepoint "BulkRevokeBias", Time since last: 193414400 ns, Reaching safepoint: 280300 ns, At safepoint: 2717600 ns, Total: 2997900 ns
[2020-10-24T06:22:22.753+0000][7][gc,start     ] GC(284) Pause Young (Normal) (G1 Evacuation Pause)
[2020-10-24T06:22:22.754+0000][7][gc,task      ] GC(284) Using 6 workers of 10 for evacuation
[2020-10-24T06:22:22.755+0000][7][gc,age       ] GC(284) Desired survivor size 4194304 bytes, new threshold 15 (max threshold 15)
[2020-10-24T06:22:22.762+0000][7][gc,age       ] GC(284) Age table with threshold 15 (max threshold 15)
[2020-10-24T06:22:22.762+0000][7][gc,age       ] GC(284) - age   1:    4578376 bytes,    4578376 total
[2020-10-24T06:22:22.763+0000][7][gc,age       ] GC(284) - age   2:     202744 bytes,    4781120 total
[2020-10-24T06:22:22.763+0000][7][gc,age       ] GC(284) - age   3:     180416 bytes,    4961536 total
[2020-10-24T06:22:22.764+0000][7][gc,age       ] GC(284) - age   4:     261856 bytes,    5223392 total
[2020-10-24T06:22:22.764+0000][7][gc,age       ] GC(284) - age   5:      66536 bytes,    5289928 total
[2020-10-24T06:22:22.764+0000][7][gc,phases    ] GC(284)   Pre Evacuate Collection Set: 0.4ms
[2020-10-24T06:22:22.765+0000][7][gc,phases    ] GC(284)   Merge Heap Roots: 0.4ms
[2020-10-24T06:22:22.765+0000][7][gc,phases    ] GC(284)   Evacuate Collection Set: 3.6ms
[2020-10-24T06:22:22.765+0000][7][gc,phases    ] GC(284)   Post Evacuate Collection Set: 1.7ms
[2020-10-24T06:22:22.766+0000][7][gc,phases    ] GC(284)   Other: 5.2ms
[2020-10-24T06:22:22.766+0000][7][gc,heap      ] GC(284) Eden regions: 56->0(47)
[2020-10-24T06:22:22.766+0000][7][gc,heap      ] GC(284) Survivor regions: 1->6(8)
[2020-10-24T06:22:22.767+0000][7][gc,heap      ] GC(284) Old regions: 113->113
[2020-10-24T06:22:22.767+0000][7][gc,heap      ] GC(284) Archive regions: 2->2
[2020-10-24T06:22:22.767+0000][7][gc,heap      ] GC(284) Humongous regions: 15->15
[2020-10-24T06:22:22.767+0000][7][gc,metaspace ] GC(284) Metaspace: 109698K(118564K)->109698K(118564K) NonClass: 95780K(101080K)->95780K(101080K) Class: 13918K(17484K)->13918K(17484K)
[2020-10-24T06:22:22.767+0000][7][gc           ] GC(284) Pause Young (Normal) (G1 Evacuation Pause) 185M->133M(256M) 14.002ms
[2020-10-24T06:22:22.768+0000][7][gc,cpu       ] GC(284) User=0.03s Sys=0.00s Real=0.02s
[2020-10-24T06:22:22.768+0000][7][safepoint    ] Safepoint "G1CollectForAllocation", Time since last: 368859000 ns, Reaching safepoint: 645600 ns, At safepoint: 14588000 ns, Total: 15233600 ns
[2020-10-24T06:22:22.789+0000][7][safepoint    ] Safepoint "BulkRevokeBias", Time since last: 19952200 ns, Reaching safepoint: 236700 ns, At safepoint: 712100 ns, Total: 948800 ns
[2020-10-24T06:22:23.790+0000][7][safepoint    ] Safepoint "BulkRevokeBias", Time since last: 1000021000 ns, Reaching safepoint: 252400 ns, At safepoint: 797800 ns, Total: 1050200 ns
[2020-10-24T06:22:23.795+0000][7][gc,start     ] GC(285) Pause Young (Concurrent Start) (G1 Evacuation Pause)
[2020-10-24T06:22:23.795+0000][7][gc,task      ] GC(285) Using 6 workers of 10 for evacuation
[2020-10-24T06:22:23.795+0000][7][gc,age       ] GC(285) Desired survivor size 3670016 bytes, new threshold 1 (max threshold 15)
[2020-10-24T06:22:23.799+0000][7][gc,age       ] GC(285) Age table with threshold 1 (max threshold 15)
[2020-10-24T06:22:23.799+0000][7][gc,age       ] GC(285) - age   1:     362184 bytes,     362184 total
[2020-10-24T06:22:23.800+0000][7][gc,phases    ] GC(285)   Pre Evacuate Collection Set: 0.6ms
[2020-10-24T06:22:23.800+0000][7][gc,phases    ] GC(285)   Merge Heap Roots: 0.1ms
[2020-10-24T06:22:23.800+0000][7][gc,phases    ] GC(285)   Evacuate Collection Set: 1.7ms
[2020-10-24T06:22:23.801+0000][7][gc,phases    ] GC(285)   Post Evacuate Collection Set: 1.0ms
[2020-10-24T06:22:23.801+0000][7][gc,phases    ] GC(285)   Other: 1.8ms
[2020-10-24T06:22:23.801+0000][7][gc,heap      ] GC(285) Eden regions: 47->0(52)
[2020-10-24T06:22:23.801+0000][7][gc,heap      ] GC(285) Survivor regions: 6->1(7)
[2020-10-24T06:22:23.801+0000][7][gc,heap      ] GC(285) Old regions: 113->115
[2020-10-24T06:22:23.801+0000][7][gc,heap      ] GC(285) Archive regions: 2->2
[2020-10-24T06:22:23.802+0000][7][gc,heap      ] GC(285) Humongous regions: 15->15
[2020-10-24T06:22:23.802+0000][7][gc,metaspace ] GC(285) Metaspace: 109698K(118564K)->109698K(118564K) NonClass: 95780K(101080K)->95780K(101080K) Class: 13918K(17484K)->13918K(17484K)
[2020-10-24T06:22:23.802+0000][7][gc           ] GC(285) Pause Young (Concurrent Start) (G1 Evacuation Pause) 180M->130M(256M) 7.257ms
[2020-10-24T06:22:23.802+0000][7][gc,cpu       ] GC(285) User=0.01s Sys=0.00s Real=0.01s
[2020-10-24T06:22:23.802+0000][7][safepoint    ] Safepoint "G1CollectForAllocation", Time since last: 4550300 ns, Reaching safepoint: 236400 ns, At safepoint: 7647000 ns, Total: 7883400 ns
[2020-10-24T06:22:23.802+0000][7][gc           ] GC(286) Concurrent Cycle
[2020-10-24T06:22:23.803+0000][7][gc,marking   ] GC(286) Concurrent Clear Claimed Marks
[2020-10-24T06:22:23.803+0000][7][gc,marking   ] GC(286) Concurrent Clear Claimed Marks 0.568ms
[2020-10-24T06:22:23.803+0000][7][gc,marking   ] GC(286) Concurrent Scan Root Regions
[2020-10-24T06:22:23.804+0000][7][gc,marking   ] GC(286) Concurrent Scan Root Regions 1.014ms
[2020-10-24T06:22:23.805+0000][7][gc,marking   ] GC(286) Concurrent Mark (2301.171s)
[2020-10-24T06:22:23.805+0000][7][gc,marking   ] GC(286) Concurrent Mark From Roots
[2020-10-24T06:22:23.805+0000][7][gc,task      ] GC(286) Using 3 workers of 3 for marking
[2020-10-24T06:22:23.852+0000][7][gc,marking   ] GC(286) Concurrent Mark From Roots 47.365ms
[2020-10-24T06:22:23.852+0000][7][gc,marking   ] GC(286) Concurrent Preclean
[2020-10-24T06:22:23.853+0000][7][gc,marking   ] GC(286) Concurrent Preclean 0.684ms
[2020-10-24T06:22:23.853+0000][7][gc,marking   ] GC(286) Concurrent Mark (2301.171s, 2301.220s) 48.925ms
[2020-10-24T06:22:23.854+0000][7][gc,start     ] GC(286) Pause Remark
[2020-10-24T06:22:23.861+0000][7][gc           ] GC(286) Pause Remark 130M->130M(256M) 7.278ms
[2020-10-24T06:22:23.862+0000][7][gc,cpu       ] GC(286) User=0.03s Sys=0.00s Real=0.01s
[2020-10-24T06:22:23.862+0000][7][safepoint    ] Safepoint "G1Concurrent", Time since last: 51610100 ns, Reaching safepoint: 241800 ns, At safepoint: 8007400 ns, Total: 8249200 ns
[2020-10-24T06:22:23.862+0000][7][gc,marking   ] GC(286) Concurrent Rebuild Remembered Sets
[2020-10-24T06:22:23.901+0000][7][gc,marking   ] GC(286) Concurrent Rebuild Remembered Sets 38.827ms
[2020-10-24T06:22:23.902+0000][7][gc,start     ] GC(286) Pause Cleanup
[2020-10-24T06:22:23.903+0000][7][gc           ] GC(286) Pause Cleanup 130M->130M(256M) 0.572ms
[2020-10-24T06:22:23.903+0000][7][gc,cpu       ] GC(286) User=0.00s Sys=0.00s Real=0.00s
[2020-10-24T06:22:23.903+0000][7][safepoint    ] Safepoint "G1Concurrent", Time since last: 39626500 ns, Reaching safepoint: 209500 ns, At safepoint: 1237200 ns, Total: 1446700 ns
[2020-10-24T06:22:23.904+0000][7][gc,marking   ] GC(286) Concurrent Cleanup for Next Mark
[2020-10-24T06:22:23.904+0000][7][gc,marking   ] GC(286) Concurrent Cleanup for Next Mark 0.683ms
[2020-10-24T06:22:23.904+0000][7][gc           ] GC(286) Concurrent Cycle 102.253ms
[2020-10-24T06:22:24.904+0000][7][safepoint    ] Safepoint "Cleanup", Time since last: 1000588800 ns, Reaching safepoint: 653500 ns, At safepoint: 39500 ns, Total: 693000 ns
[2020-10-24T06:22:25.906+0000][7][safepoint    ] Safepoint "Cleanup", Time since last: 1001099000 ns, Reaching safepoint: 909000 ns, At safepoint: 48800 ns, Total: 957800 ns
[2020-10-24T06:22:26.908+0000][7][safepoint    ] Safepoint "Cleanup", Time since last: 1001353500 ns, Reaching safepoint: 230800 ns, At safepoint: 10000 ns, Total: 240800 ns
[2020-10-24T06:22:27.909+0000][7][safepoint    ] Safepoint "Cleanup", Time since last: 1000482500 ns, Reaching safepoint: 253600 ns, At safepoint: 11000 ns, Total: 264600 ns
[2020-10-24T06:22:28.910+0000][7][safepoint    ] Safepoint "Cleanup", Time since last: 1000504500 ns, Reaching safepoint: 218900 ns, At safepoint: 24700 ns, Total: 243600 ns
[2020-10-24T06:22:29.910+0000][7][safepoint    ] Safepoint "Cleanup", Time since last: 1000485900 ns, Reaching safepoint: 247000 ns, At safepoint: 10000 ns, Total: 257000 ns
[2020-10-24T06:22:30.911+0000][7][safepoint    ] Safepoint "Cleanup", Time since last: 1000368600 ns, Reaching safepoint: 341000 ns, At safepoint: 25500 ns, Total: 366500 ns
[2020-10-24T06:22:31.912+0000][7][safepoint    ] Safepoint "Cleanup", Time since last: 1000672400 ns, Reaching safepoint: 283700 ns, At safepoint: 16900 ns, Total: 300600 ns
[2020-10-24T06:22:32.949+0000][7][safepoint    ] Safepoint "Cleanup", Time since last: 1037064300 ns, Reaching safepoint: 211500 ns, At safepoint: 23800 ns, Total: 235300 ns
[2020-10-24T06:22:33.951+0000][7][safepoint    ] Safepoint "Cleanup", Time since last: 1000648000 ns, Reaching safepoint: 698300 ns, At safepoint: 44500 ns, Total: 742800 ns
[2020-10-24T06:22:34.952+0000][7][safepoint    ] Safepoint "Cleanup", Time since last: 1001133500 ns, Reaching safepoint: 232800 ns, At safepoint: 13200 ns, Total: 246000 ns
[2020-10-24T06:22:35.958+0000][7][safepoint    ] Safepoint "Cleanup", Time since last: 1005253200 ns, Reaching safepoint: 278000 ns, At safepoint: 9500 ns, Total: 287500 ns
[2020-10-24T06:22:36.958+0000][7][safepoint    ] Safepoint "Cleanup", Time since last: 1000513300 ns, Reaching safepoint: 263900 ns, At safepoint: 9800 ns, Total: 273700 ns
[2020-10-24T06:22:37.959+0000][7][safepoint    ] Safepoint "Cleanup", Time since last: 1000580900 ns, Reaching safepoint: 398000 ns, At safepoint: 24800 ns, Total: 422800 ns
[2020-10-24T06:22:38.960+0000][7][safepoint    ] Safepoint "Cleanup", Time since last: 1000720200 ns, Reaching safepoint: 251700 ns, At safepoint: 38500 ns, Total: 290200 ns
[2020-10-24T06:22:39.968+0000][7][safepoint    ] Safepoint "Cleanup", Time since last: 1007816300 ns, Reaching safepoint: 217800 ns, At safepoint: 9900 ns, Total: 227700 ns
[2020-10-24T06:22:40.969+0000][7][safepoint    ] Safepoint "Cleanup", Time since last: 1000536900 ns, Reaching safepoint: 357200 ns, At safepoint: 19800 ns, Total: 377000 ns
[2020-10-24T06:22:42.959+0000][7][safepoint    ] Safepoint "Cleanup", Time since last: 1989634600 ns, Reaching safepoint: 272700 ns, At safepoint: 15100 ns, Total: 287800 ns
[2020-10-24T06:22:43.960+0000][7][safepoint    ] Safepoint "Cleanup", Time since last: 1000525500 ns, Reaching safepoint: 263600 ns, At safepoint: 9400 ns, Total: 273000 ns
[2020-10-24T06:22:44.961+0000][7][safepoint    ] Safepoint "Cleanup", Time since last: 1000474200 ns, Reaching safepoint: 176200 ns, At safepoint: 9800 ns, Total: 186000 ns
[2020-10-24T06:22:45.961+0000][7][safepoint    ] Safepoint "Cleanup", Time since last: 1000383900 ns, Reaching safepoint: 247600 ns, At safepoint: 9600 ns, Total: 257200 ns
[2020-10-24T06:22:46.367+0000][7][gc,start     ] GC(287) Pause Young (Normal) (G1 Evacuation Pause)
[2020-10-24T06:22:46.367+0000][7][gc,task      ] GC(287) Using 6 workers of 10 for evacuation
[2020-10-24T06:22:46.368+0000][7][gc,age       ] GC(287) Desired survivor size 3670016 bytes, new threshold 15 (max threshold 15)
[2020-10-24T06:22:46.370+0000][7][gc,age       ] GC(287) Age table with threshold 15 (max threshold 15)
[2020-10-24T06:22:46.371+0000][7][gc,age       ] GC(287) - age   1:     741576 bytes,     741576 total
[2020-10-24T06:22:46.371+0000][7][gc,age       ] GC(287) - age   2:      92504 bytes,     834080 total
[2020-10-24T06:22:46.371+0000][7][gc,phases    ] GC(287)   Pre Evacuate Collection Set: 0.1ms
[2020-10-24T06:22:46.372+0000][7][gc,phases    ] GC(287)   Merge Heap Roots: 0.1ms
[2020-10-24T06:22:46.372+0000][7][gc,phases    ] GC(287)   Evacuate Collection Set: 1.3ms
[2020-10-24T06:22:46.372+0000][7][gc,phases    ] GC(287)   Post Evacuate Collection Set: 0.9ms
[2020-10-24T06:22:46.372+0000][7][gc,phases    ] GC(287)   Other: 1.9ms
[2020-10-24T06:22:46.372+0000][7][gc,heap      ] GC(287) Eden regions: 52->0(53)
[2020-10-24T06:22:46.373+0000][7][gc,heap      ] GC(287) Survivor regions: 1->1(7)
[2020-10-24T06:22:46.373+0000][7][gc,heap      ] GC(287) Old regions: 115->115
[2020-10-24T06:22:46.373+0000][7][gc,heap      ] GC(287) Archive regions: 2->2
[2020-10-24T06:22:46.373+0000][7][gc,heap      ] GC(287) Humongous regions: 15->15
[2020-10-24T06:22:46.373+0000][7][gc,metaspace ] GC(287) Metaspace: 109706K(118564K)->109706K(118564K) NonClass: 95788K(101080K)->95788K(101080K) Class: 13918K(17484K)->13918K(17484K)
[2020-10-24T06:22:46.373+0000][7][gc           ] GC(287) Pause Young (Normal) (G1 Evacuation Pause) 182M->130M(256M) 6.127ms
[2020-10-24T06:22:46.373+0000][7][gc,cpu       ] GC(287) User=0.01s Sys=0.00s Real=0.01s
[2020-10-24T06:22:46.373+0000][7][safepoint    ] Safepoint "G1CollectForAllocation", Time since last: 405255200 ns, Reaching safepoint: 235100 ns, At safepoint: 6421900 ns, Total: 6657000 ns
[2020-10-24T06:22:47.374+0000][7][safepoint    ] Safepoint "Cleanup", Time since last: 1000361500 ns, Reaching safepoint: 363700 ns, At safepoint: 20900 ns, Total: 384600 ns
[2020-10-24T06:22:48.375+0000][7][safepoint    ] Safepoint "Cleanup", Time since last: 1000645800 ns, Reaching safepoint: 222100 ns, At safepoint: 10700 ns, Total: 232800 ns
[2020-10-24T06:22:49.376+0000][7][safepoint    ] Safepoint "Cleanup", Time since last: 1000564000 ns, Reaching safepoint: 883000 ns, At safepoint: 95000 ns, Total: 978000 ns
[2020-10-24T06:22:50.378+0000][7][safepoint    ] Safepoint "Cleanup", Time since last: 1001298800 ns, Reaching safepoint: 229100 ns, At safepoint: 9600 ns, Total: 238700 ns
[2020-10-24T06:22:51.379+0000][7][safepoint    ] Safepoint "Cleanup", Time since last: 1000673500 ns, Reaching safepoint: 639600 ns, At safepoint: 43400 ns, Total: 683000 ns
[2020-10-24T06:22:52.382+0000][7][safepoint    ] Safepoint "Cleanup", Time since last: 1001437200 ns, Reaching safepoint: 849200 ns, At safepoint: 99900 ns, Total: 949100 ns
[2020-10-24T06:22:53.384+0000][7][safepoint    ] Safepoint "Cleanup", Time since last: 1001361700 ns, Reaching safepoint: 756600 ns, At safepoint: 172400 ns, Total: 929000 ns
[2020-10-24T06:22:54.386+0000][7][safepoint    ] Safepoint "Cleanup", Time since last: 1001307500 ns, Reaching safepoint: 689000 ns, At safepoint: 42200 ns, Total: 731200 ns
[2020-10-24T06:22:55.388+0000][7][safepoint    ] Safepoint "Cleanup", Time since last: 1001316200 ns, Reaching safepoint: 524200 ns, At safepoint: 32000 ns, Total: 556200 ns
[2020-10-24T06:22:56.389+0000][7][safepoint    ] Safepoint "Cleanup", Time since last: 1000679000 ns, Reaching safepoint: 215800 ns, At safepoint: 9800 ns, Total: 225600 ns
[2020-10-24T06:22:57.390+0000][7][safepoint    ] Safepoint "Cleanup", Time since last: 1000555300 ns, Reaching safepoint: 498200 ns, At safepoint: 30100 ns, Total: 528300 ns
[2020-10-24T06:22:58.391+0000][7][safepoint    ] Safepoint "Cleanup", Time since last: 1000852200 ns, Reaching safepoint: 540500 ns, At safepoint: 31000 ns, Total: 571500 ns
[2020-10-24T06:22:59.393+0000][7][safepoint    ] Safepoint "Cleanup", Time since last: 1000940700 ns, Reaching safepoint: 809000 ns, At safepoint: 49000 ns, Total: 858000 ns
[2020-10-24T06:23:00.395+0000][7][safepoint    ] Safepoint "Cleanup", Time since last: 1001344900 ns, Reaching safepoint: 542700 ns, At safepoint: 30600 ns, Total: 573300 ns
[2020-10-24T06:23:01.397+0000][7][safepoint    ] Safepoint "Cleanup", Time since last: 1000995800 ns, Reaching safepoint: 505500 ns, At safepoint: 30200 ns, Total: 535700 ns
[2020-10-24T06:23:02.399+0000][7][safepoint    ] Safepoint "Cleanup", Time since last: 1001102900 ns, Reaching safepoint: 877300 ns, At safepoint: 49000 ns, Total: 926300 ns
[2020-10-24T06:23:03.400+0000][7][safepoint    ] Safepoint "Cleanup", Time since last: 1001117800 ns, Reaching safepoint: 210700 ns, At safepoint: 23900 ns, Total: 234600 ns
[2020-10-24T06:23:04.761+0000][7][safepoint    ] Safepoint "Cleanup", Time since last: 1359781900 ns, Reaching safepoint: 825800 ns, At safepoint: 49600 ns, Total: 875400 ns
[2020-10-24T06:23:05.762+0000][7][safepoint    ] Safepoint "Cleanup", Time since last: 1001246100 ns, Reaching safepoint: 272700 ns, At safepoint: 9600 ns, Total: 282300 ns
[2020-10-24T06:23:06.764+0000][7][safepoint    ] Safepoint "Cleanup", Time since last: 1000598200 ns, Reaching safepoint: 822700 ns, At safepoint: 49900 ns, Total: 872600 ns
[2020-10-24T06:23:07.765+0000][7][safepoint    ] Safepoint "Cleanup", Time since last: 1001260800 ns, Reaching safepoint: 207800 ns, At safepoint: 10700 ns, Total: 218500 ns
[2020-10-24T06:23:08.767+0000][7][safepoint    ] Safepoint "Cleanup", Time since last: 1000675700 ns, Reaching safepoint: 847900 ns, At safepoint: 52200 ns, Total: 900100 ns
[2020-10-24T06:23:09.768+0000][7][safepoint    ] Safepoint "Cleanup", Time since last: 1001234900 ns, Reaching safepoint: 240500 ns, At safepoint: 10200 ns, Total: 250700 ns
[2020-10-24T06:23:10.770+0000][7][safepoint    ] Safepoint "Cleanup", Time since last: 1000731800 ns, Reaching safepoint: 804100 ns, At safepoint: 49300 ns, Total: 853400 ns
[2020-10-24T06:23:11.771+0000][7][safepoint    ] Safepoint "Cleanup", Time since last: 1001109400 ns, Reaching safepoint: 213500 ns, At safepoint: 23300 ns, Total: 236800 ns
[2020-10-24T06:23:12.772+0000][7][safepoint    ] Safepoint "Cleanup", Time since last: 1000503500 ns, Reaching safepoint: 245400 ns, At safepoint: 23100 ns, Total: 268500 ns
[2020-10-24T06:23:13.773+0000][7][safepoint    ] Safepoint "Cleanup", Time since last: 1000601800 ns, Reaching safepoint: 301100 ns, At safepoint: 10400 ns, Total: 311500 ns
[2020-10-24T06:23:14.774+0000][7][safepoint    ] Safepoint "Cleanup", Time since last: 1000554400 ns, Reaching safepoint: 628600 ns, At safepoint: 36200 ns, Total: 664800 ns
[2020-10-24T06:23:15.776+0000][7][safepoint    ] Safepoint "Cleanup", Time since last: 1000973800 ns, Reaching safepoint: 516500 ns, At safepoint: 30900 ns, Total: 547400 ns
[2020-10-24T06:23:16.777+0000][7][safepoint    ] Safepoint "Cleanup", Time since last: 1000957500 ns, Reaching safepoint: 855400 ns, At safepoint: 50000 ns, Total: 905400 ns
[2020-10-24T06:23:17.780+0000][7][safepoint    ] Safepoint "Cleanup", Time since last: 1001266200 ns, Reaching safepoint: 865900 ns, At safepoint: 49000 ns, Total: 914900 ns
[2020-10-24T06:23:18.782+0000][7][safepoint    ] Safepoint "Cleanup", Time since last: 1001244800 ns, Reaching safepoint: 846900 ns, At safepoint: 49400 ns, Total: 896300 ns
[2020-10-24T06:23:19.784+0000][7][safepoint    ] Safepoint "Cleanup", Time since last: 1001282900 ns, Reaching safepoint: 830000 ns, At safepoint: 49300 ns, Total: 879300 ns
[2020-10-24T06:23:20.786+0000][7][safepoint    ] Safepoint "Cleanup", Time since last: 1001308800 ns, Reaching safepoint: 808700 ns, At safepoint: 102300 ns, Total: 911000 ns
[2020-10-24T06:23:21.788+0000][7][safepoint    ] Safepoint "Cleanup", Time since last: 1001134400 ns, Reaching safepoint: 281000 ns, At safepoint: 24300 ns, Total: 305300 ns
[2020-10-24T06:23:22.415+0000][7][gc,start     ] GC(288) Pause Young (Concurrent Start) (G1 Evacuation Pause)
[2020-10-24T06:23:22.415+0000][7][gc,task      ] GC(288) Using 6 workers of 10 for evacuation
[2020-10-24T06:23:22.416+0000][7][gc,age       ] GC(288) Desired survivor size 3670016 bytes, new threshold 15 (max threshold 15)
[2020-10-24T06:23:22.421+0000][7][gc,age       ] GC(288) Age table with threshold 15 (max threshold 15)
[2020-10-24T06:23:22.421+0000][7][gc,age       ] GC(288) - age   1:    5798952 bytes,    5798952 total
[2020-10-24T06:23:22.421+0000][7][gc,age       ] GC(288) - age   2:     660520 bytes,    6459472 total
[2020-10-24T06:23:22.421+0000][7][gc,age       ] GC(288) - age   3:      92112 bytes,    6551584 total
[2020-10-24T06:23:22.422+0000][7][gc,phases    ] GC(288)   Pre Evacuate Collection Set: 0.8ms
[2020-10-24T06:23:22.422+0000][7][gc,phases    ] GC(288)   Merge Heap Roots: 0.1ms
[2020-10-24T06:23:22.422+0000][7][gc,phases    ] GC(288)   Evacuate Collection Set: 2.7ms
[2020-10-24T06:23:22.422+0000][7][gc,phases    ] GC(288)   Post Evacuate Collection Set: 1.0ms
[2020-10-24T06:23:22.423+0000][7][gc,phases    ] GC(288)   Other: 2.3ms
[2020-10-24T06:23:22.423+0000][7][gc,heap      ] GC(288) Eden regions: 53->0(43)
[2020-10-24T06:23:22.423+0000][7][gc,heap      ] GC(288) Survivor regions: 1->7(7)
[2020-10-24T06:23:22.424+0000][7][gc,heap      ] GC(288) Old regions: 115->115
[2020-10-24T06:23:22.424+0000][7][gc,heap      ] GC(288) Archive regions: 2->2
[2020-10-24T06:23:22.424+0000][7][gc,heap      ] GC(288) Humongous regions: 15->15
[2020-10-24T06:23:22.424+0000][7][gc,metaspace ] GC(288) Metaspace: 109713K(118564K)->109713K(118564K) NonClass: 95795K(101080K)->95795K(101080K) Class: 13918K(17484K)->13918K(17484K)
[2020-10-24T06:23:22.425+0000][7][gc           ] GC(288) Pause Young (Concurrent Start) (G1 Evacuation Pause) 183M->136M(256M) 9.778ms
[2020-10-24T06:23:22.425+0000][7][gc,cpu       ] GC(288) User=0.01s Sys=0.00s Real=0.01s
[2020-10-24T06:23:22.425+0000][7][gc           ] GC(289) Concurrent Cycle
[2020-10-24T06:23:22.425+0000][7][safepoint    ] Safepoint "G1CollectForAllocation", Time since last: 626946000 ns, Reaching safepoint: 280400 ns, At safepoint: 10322400 ns, Total: 10602800 ns
[2020-10-24T06:23:22.425+0000][7][gc,marking   ] GC(289) Concurrent Clear Claimed Marks
[2020-10-24T06:23:22.426+0000][7][gc,marking   ] GC(289) Concurrent Clear Claimed Marks 1.213ms
[2020-10-24T06:23:22.427+0000][7][gc,marking   ] GC(289) Concurrent Scan Root Regions
[2020-10-24T06:23:22.428+0000][7][gc,marking   ] GC(289) Concurrent Scan Root Regions 1.083ms
[2020-10-24T06:23:22.428+0000][7][gc,marking   ] GC(289) Concurrent Mark (2359.794s)
[2020-10-24T06:23:22.428+0000][7][gc,marking   ] GC(289) Concurrent Mark From Roots
[2020-10-24T06:23:22.429+0000][7][gc,task      ] GC(289) Using 3 workers of 3 for marking
[2020-10-24T06:23:22.486+0000][7][gc,marking   ] GC(289) Concurrent Mark From Roots 57.794ms
[2020-10-24T06:23:22.486+0000][7][gc,marking   ] GC(289) Concurrent Preclean
[2020-10-24T06:23:22.487+0000][7][gc,marking   ] GC(289) Concurrent Preclean 0.672ms
[2020-10-24T06:23:22.487+0000][7][gc,marking   ] GC(289) Concurrent Mark (2359.794s, 2359.854s) 59.273ms
[2020-10-24T06:23:22.488+0000][7][gc,start     ] GC(289) Pause Remark
[2020-10-24T06:23:22.496+0000][7][gc           ] GC(289) Pause Remark 138M->138M(256M) 7.999ms
[2020-10-24T06:23:22.496+0000][7][gc,cpu       ] GC(289) User=0.03s Sys=0.00s Real=0.00s
[2020-10-24T06:23:22.496+0000][7][safepoint    ] Safepoint "G1Concurrent", Time since last: 62495500 ns, Reaching safepoint: 194000 ns, At safepoint: 8661200 ns, Total: 8855200 ns
[2020-10-24T06:23:22.497+0000][7][gc,marking   ] GC(289) Concurrent Rebuild Remembered Sets
[2020-10-24T06:23:22.536+0000][7][gc,marking   ] GC(289) Concurrent Rebuild Remembered Sets 38.809ms
[2020-10-24T06:23:22.536+0000][7][gc,start     ] GC(289) Pause Cleanup
[2020-10-24T06:23:22.537+0000][7][gc           ] GC(289) Pause Cleanup 138M->138M(256M) 0.759ms
[2020-10-24T06:23:22.537+0000][7][gc,cpu       ] GC(289) User=0.00s Sys=0.00s Real=0.00s
[2020-10-24T06:23:22.538+0000][7][safepoint    ] Safepoint "G1Concurrent", Time since last: 39588300 ns, Reaching safepoint: 225400 ns, At safepoint: 1217700 ns, Total: 1443100 ns
[2020-10-24T06:23:22.538+0000][7][gc,marking   ] GC(289) Concurrent Cleanup for Next Mark
[2020-10-24T06:23:22.538+0000][7][gc,marking   ] GC(289) Concurrent Cleanup for Next Mark 0.637ms
[2020-10-24T06:23:22.539+0000][7][gc           ] GC(289) Concurrent Cycle 113.726ms
[2020-10-24T06:23:22.847+0000][7][gc,start     ] GC(290) Pause Young (Normal) (G1 Evacuation Pause)
[2020-10-24T06:23:22.847+0000][7][gc,task      ] GC(290) Using 6 workers of 10 for evacuation
[2020-10-24T06:23:22.847+0000][7][gc,age       ] GC(290) Desired survivor size 3670016 bytes, new threshold 1 (max threshold 15)
[2020-10-24T06:23:22.851+0000][7][gc,age       ] GC(290) Age table with threshold 1 (max threshold 15)
[2020-10-24T06:23:22.851+0000][7][gc,age       ] GC(290) - age   1:     430440 bytes,     430440 total
[2020-10-24T06:23:22.851+0000][7][gc,phases    ] GC(290)   Pre Evacuate Collection Set: 0.1ms
[2020-10-24T06:23:22.852+0000][7][gc,phases    ] GC(290)   Merge Heap Roots: 0.1ms
[2020-10-24T06:23:22.852+0000][7][gc,phases    ] GC(290)   Evacuate Collection Set: 1.7ms
[2020-10-24T06:23:22.852+0000][7][gc,phases    ] GC(290)   Post Evacuate Collection Set: 1.1ms
[2020-10-24T06:23:22.852+0000][7][gc,phases    ] GC(290)   Other: 1.8ms
[2020-10-24T06:23:22.853+0000][7][gc,heap      ] GC(290) Eden regions: 43->0(47)
[2020-10-24T06:23:22.853+0000][7][gc,heap      ] GC(290) Survivor regions: 7->1(7)
[2020-10-24T06:23:22.853+0000][7][gc,heap      ] GC(290) Old regions: 115->117
[2020-10-24T06:23:22.853+0000][7][gc,heap      ] GC(290) Archive regions: 2->2
[2020-10-24T06:23:22.854+0000][7][gc,heap      ] GC(290) Humongous regions: 15->15
[2020-10-24T06:23:22.854+0000][7][gc,metaspace ] GC(290) Metaspace: 109713K(118564K)->109713K(118564K) NonClass: 95795K(101080K)->95795K(101080K) Class: 13918K(17484K)->13918K(17484K)
[2020-10-24T06:23:22.854+0000][7][gc           ] GC(290) Pause Young (Normal) (G1 Evacuation Pause) 179M->132M(256M) 7.410ms
[2020-10-24T06:23:22.854+0000][7][gc,cpu       ] GC(290) User=0.01s Sys=0.00s Real=0.01s
[2020-10-24T06:23:22.854+0000][7][safepoint    ] Safepoint "G1CollectForAllocation", Time since last: 308694200 ns, Reaching safepoint: 295400 ns, At safepoint: 7753700 ns, Total: 8049100 ns
[2020-10-24T06:23:24.062+0000][7][safepoint    ] Safepoint "Cleanup", Time since last: 1207614900 ns, Reaching safepoint: 206100 ns, At safepoint: 25200 ns, Total: 231300 ns
[2020-10-24T06:23:25.063+0000][7][safepoint    ] Safepoint "Cleanup", Time since last: 1000406700 ns, Reaching safepoint: 284100 ns, At safepoint: 10400 ns, Total: 294500 ns
[2020-10-24T06:23:26.064+0000][7][safepoint    ] Safepoint "Cleanup", Time since last: 1000485700 ns, Reaching safepoint: 212700 ns, At safepoint: 23100 ns, Total: 235800 ns
[2020-10-24T06:23:27.064+0000][7][safepoint    ] Safepoint "Cleanup", Time since last: 1000457000 ns, Reaching safepoint: 285200 ns, At safepoint: 9400 ns, Total: 294600 ns
[2020-10-24T06:23:28.066+0000][7][safepoint    ] Safepoint "Cleanup", Time since last: 1000615300 ns, Reaching safepoint: 821200 ns, At safepoint: 48400 ns, Total: 869600 ns
[2020-10-24T06:23:29.067+0000][7][safepoint    ] Safepoint "Cleanup", Time since last: 1001319200 ns, Reaching safepoint: 245000 ns, At safepoint: 9600 ns, Total: 254600 ns
[2020-10-24T06:23:30.069+0000][7][safepoint    ] Safepoint "Cleanup", Time since last: 1000692000 ns, Reaching safepoint: 831100 ns, At safepoint: 48700 ns, Total: 879800 ns
[2020-10-24T06:23:31.070+0000][7][safepoint    ] Safepoint "Cleanup", Time since last: 1001149000 ns, Reaching safepoint: 232200 ns, At safepoint: 11100 ns, Total: 243300 ns
[2020-10-24T06:23:32.071+0000][7][safepoint    ] Safepoint "Cleanup", Time since last: 1000374200 ns, Reaching safepoint: 263700 ns, At safepoint: 9200 ns, Total: 272900 ns
[2020-10-24T06:23:33.072+0000][7][safepoint    ] Safepoint "Cleanup", Time since last: 1000462000 ns, Reaching safepoint: 226100 ns, At safepoint: 23100 ns, Total: 249200 ns
[2020-10-24T06:23:34.072+0000][7][safepoint    ] Safepoint "Cleanup", Time since last: 1000484200 ns, Reaching safepoint: 226400 ns, At safepoint: 23600 ns, Total: 250000 ns
[2020-10-24T06:23:35.073+0000][7][safepoint    ] Safepoint "Cleanup", Time since last: 1000503800 ns, Reaching safepoint: 327400 ns, At safepoint: 18500 ns, Total: 345900 ns
[2020-10-24T06:23:36.074+0000][7][safepoint    ] Safepoint "Cleanup", Time since last: 1000631700 ns, Reaching safepoint: 237000 ns, At safepoint: 9700 ns, Total: 246700 ns
[2020-10-24T06:23:37.075+0000][7][safepoint    ] Safepoint "Cleanup", Time since last: 1000623500 ns, Reaching safepoint: 225400 ns, At safepoint: 10700 ns, Total: 236100 ns
[2020-10-24T06:23:38.102+0000][7][safepoint    ] Safepoint "Cleanup", Time since last: 1026171400 ns, Reaching safepoint: 636500 ns, At safepoint: 37000 ns, Total: 673500 ns
[2020-10-24T06:23:40.020+0000][7][safepoint    ] Safepoint "Cleanup", Time since last: 1917609800 ns, Reaching safepoint: 254100 ns, At safepoint: 9700 ns, Total: 263800 ns
[2020-10-24T06:23:41.020+0000][7][safepoint    ] Safepoint "Cleanup", Time since last: 1000481800 ns, Reaching safepoint: 249400 ns, At safepoint: 10800 ns, Total: 260200 ns
[2020-10-24T06:23:42.021+0000][7][safepoint    ] Safepoint "Cleanup", Time since last: 1000615500 ns, Reaching safepoint: 261600 ns, At safepoint: 9700 ns, Total: 271300 ns
[2020-10-24T06:23:43.023+0000][7][safepoint    ] Safepoint "Cleanup", Time since last: 1000700600 ns, Reaching safepoint: 1023500 ns, At safepoint: 195900 ns, Total: 1219400 ns
[2020-10-24T06:23:43.464+0000][7][gc,start     ] GC(291) Pause Young (Concurrent Start) (G1 Evacuation Pause)
[2020-10-24T06:23:43.464+0000][7][gc,task      ] GC(291) Using 6 workers of 10 for evacuation
[2020-10-24T06:23:43.464+0000][7][gc,age       ] GC(291) Desired survivor size 3145728 bytes, new threshold 15 (max threshold 15)
[2020-10-24T06:23:43.468+0000][7][gc,age       ] GC(291) Age table with threshold 15 (max threshold 15)
[2020-10-24T06:23:43.468+0000][7][gc,age       ] GC(291) - age   1:     883296 bytes,     883296 total
[2020-10-24T06:23:43.469+0000][7][gc,age       ] GC(291) - age   2:     140752 bytes,    1024048 total
[2020-10-24T06:23:43.469+0000][7][gc,phases    ] GC(291)   Pre Evacuate Collection Set: 0.7ms
[2020-10-24T06:23:43.469+0000][7][gc,phases    ] GC(291)   Merge Heap Roots: 0.1ms
[2020-10-24T06:23:43.470+0000][7][gc,phases    ] GC(291)   Evacuate Collection Set: 1.7ms
[2020-10-24T06:23:43.470+0000][7][gc,phases    ] GC(291)   Post Evacuate Collection Set: 0.8ms
[2020-10-24T06:23:43.470+0000][7][gc,phases    ] GC(291)   Other: 2.0ms
[2020-10-24T06:23:43.470+0000][7][gc,heap      ] GC(291) Eden regions: 47->0(48)
[2020-10-24T06:23:43.471+0000][7][gc,heap      ] GC(291) Survivor regions: 1->2(6)
[2020-10-24T06:23:43.471+0000][7][gc,heap      ] GC(291) Old regions: 117->117
[2020-10-24T06:23:43.471+0000][7][gc,heap      ] GC(291) Archive regions: 2->2
[2020-10-24T06:23:43.471+0000][7][gc,heap      ] GC(291) Humongous regions: 15->15
[2020-10-24T06:23:43.472+0000][7][gc,metaspace ] GC(291) Metaspace: 109720K(118564K)->109720K(118564K) NonClass: 95801K(101080K)->95801K(101080K) Class: 13918K(17484K)->13918K(17484K)
[2020-10-24T06:23:43.472+0000][7][gc           ] GC(291) Pause Young (Concurrent Start) (G1 Evacuation Pause) 179M->132M(256M) 8.135ms
[2020-10-24T06:23:43.472+0000][7][gc,cpu       ] GC(291) User=0.00s Sys=0.01s Real=0.01s
[2020-10-24T06:23:43.472+0000][7][gc           ] GC(292) Concurrent Cycle
[2020-10-24T06:23:43.472+0000][7][gc,marking   ] GC(292) Concurrent Clear Claimed Marks
[2020-10-24T06:23:43.472+0000][7][safepoint    ] Safepoint "G1CollectForAllocation", Time since last: 440106400 ns, Reaching safepoint: 273500 ns, At safepoint: 8614200 ns, Total: 8887700 ns
[2020-10-24T06:23:43.473+0000][7][gc,marking   ] GC(292) Concurrent Clear Claimed Marks 0.635ms
[2020-10-24T06:23:43.473+0000][7][gc,marking   ] GC(292) Concurrent Scan Root Regions
[2020-10-24T06:23:43.474+0000][7][gc,marking   ] GC(292) Concurrent Scan Root Regions 0.917ms
[2020-10-24T06:23:43.474+0000][7][gc,marking   ] GC(292) Concurrent Mark (2380.841s)
[2020-10-24T06:23:43.475+0000][7][gc,marking   ] GC(292) Concurrent Mark From Roots
[2020-10-24T06:23:43.475+0000][7][gc,task      ] GC(292) Using 3 workers of 3 for marking
[2020-10-24T06:23:43.526+0000][7][gc,marking   ] GC(292) Concurrent Mark From Roots 51.491ms
[2020-10-24T06:23:43.526+0000][7][gc,marking   ] GC(292) Concurrent Preclean
[2020-10-24T06:23:43.527+0000][7][gc,marking   ] GC(292) Concurrent Preclean 0.683ms
[2020-10-24T06:23:43.527+0000][7][gc,marking   ] GC(292) Concurrent Mark (2380.841s, 2380.894s) 52.982ms
[2020-10-24T06:23:43.528+0000][7][gc,start     ] GC(292) Pause Remark
[2020-10-24T06:23:43.535+0000][7][gc           ] GC(292) Pause Remark 133M->133M(256M) 7.115ms
[2020-10-24T06:23:43.535+0000][7][gc,cpu       ] GC(292) User=0.03s Sys=0.01s Real=0.00s
[2020-10-24T06:23:43.536+0000][7][safepoint    ] Safepoint "G1Concurrent", Time since last: 55445200 ns, Reaching safepoint: 208400 ns, At safepoint: 7874300 ns, Total: 8082700 ns
[2020-10-24T06:23:43.536+0000][7][gc,marking   ] GC(292) Concurrent Rebuild Remembered Sets
[2020-10-24T06:23:43.570+0000][7][gc,marking   ] GC(292) Concurrent Rebuild Remembered Sets 34.280ms
[2020-10-24T06:23:43.571+0000][7][gc,start     ] GC(292) Pause Cleanup
[2020-10-24T06:23:43.571+0000][7][gc           ] GC(292) Pause Cleanup 133M->133M(256M) 0.463ms
[2020-10-24T06:23:43.572+0000][7][gc,cpu       ] GC(292) User=0.01s Sys=0.00s Real=0.00s
[2020-10-24T06:23:43.572+0000][7][safepoint    ] Safepoint "G1Concurrent", Time since last: 35053200 ns, Reaching safepoint: 184900 ns, At safepoint: 984500 ns, Total: 1169400 ns
[2020-10-24T06:23:43.572+0000][7][gc,marking   ] GC(292) Concurrent Cleanup for Next Mark
[2020-10-24T06:23:43.573+0000][7][gc,marking   ] GC(292) Concurrent Cleanup for Next Mark 0.591ms
[2020-10-24T06:23:43.573+0000][7][gc           ] GC(292) Concurrent Cycle 100.877ms
[2020-10-24T06:23:44.765+0000][7][safepoint    ] Safepoint "Cleanup", Time since last: 1192910100 ns, Reaching safepoint: 273900 ns, At safepoint: 14700 ns, Total: 288600 ns
[2020-10-24T06:23:45.766+0000][7][safepoint    ] Safepoint "Cleanup", Time since last: 1000577500 ns, Reaching safepoint: 363600 ns, At safepoint: 9500 ns, Total: 373100 ns
[2020-10-24T06:23:46.769+0000][7][safepoint    ] Safepoint "Cleanup", Time since last: 1001823600 ns, Reaching safepoint: 1047700 ns, At safepoint: 49800 ns, Total: 1097500 ns
[2020-10-24T06:23:47.771+0000][7][safepoint    ] Safepoint "Cleanup", Time since last: 1001369900 ns, Reaching safepoint: 816700 ns, At safepoint: 116200 ns, Total: 932900 ns
[2020-10-24T06:23:48.773+0000][7][safepoint    ] Safepoint "Cleanup", Time since last: 1001211500 ns, Reaching safepoint: 324700 ns, At safepoint: 18100 ns, Total: 342800 ns
[2020-10-24T06:23:49.774+0000][7][safepoint    ] Safepoint "Cleanup", Time since last: 1000696700 ns, Reaching safepoint: 329800 ns, At safepoint: 10000 ns, Total: 339800 ns
[2020-10-24T06:23:50.775+0000][7][safepoint    ] Safepoint "Cleanup", Time since last: 1000482000 ns, Reaching safepoint: 279400 ns, At safepoint: 14800 ns, Total: 294200 ns
[2020-10-24T06:23:51.776+0000][7][safepoint    ] Safepoint "Cleanup", Time since last: 1000550300 ns, Reaching safepoint: 306600 ns, At safepoint: 9600 ns, Total: 316200 ns
[2020-10-24T06:23:52.776+0000][7][safepoint    ] Safepoint "Cleanup", Time since last: 1000526200 ns, Reaching safepoint: 263600 ns, At safepoint: 13500 ns, Total: 277100 ns
[2020-10-24T06:23:53.777+0000][7][safepoint    ] Safepoint "Cleanup", Time since last: 1000515100 ns, Reaching safepoint: 231200 ns, At safepoint: 9800 ns, Total: 241000 ns
[2020-10-24T06:23:54.778+0000][7][safepoint    ] Safepoint "Cleanup", Time since last: 1000455500 ns, Reaching safepoint: 250500 ns, At safepoint: 10700 ns, Total: 261200 ns
[2020-10-24T06:23:55.779+0000][7][safepoint    ] Safepoint "Cleanup", Time since last: 1000525800 ns, Reaching safepoint: 229500 ns, At safepoint: 12200 ns, Total: 241700 ns
[2020-10-24T06:23:56.780+0000][7][safepoint    ] Safepoint "Cleanup", Time since last: 1000612700 ns, Reaching safepoint: 864500 ns, At safepoint: 50300 ns, Total: 914800 ns
[2020-10-24T06:23:57.782+0000][7][safepoint    ] Safepoint "Cleanup", Time since last: 1001138100 ns, Reaching safepoint: 234200 ns, At safepoint: 25200 ns, Total: 259400 ns
[2020-10-24T06:23:58.782+0000][7][safepoint    ] Safepoint "Cleanup", Time since last: 1000576500 ns, Reaching safepoint: 269700 ns, At safepoint: 9400 ns, Total: 279100 ns
[2020-10-24T06:23:59.783+0000][7][safepoint    ] Safepoint "Cleanup", Time since last: 1000471300 ns, Reaching safepoint: 246900 ns, At safepoint: 10500 ns, Total: 257400 ns
[2020-10-24T06:24:00.784+0000][7][safepoint    ] Safepoint "Cleanup", Time since last: 1000467600 ns, Reaching safepoint: 211500 ns, At safepoint: 23000 ns, Total: 234500 ns
[2020-10-24T06:24:01.785+0000][7][safepoint    ] Safepoint "Cleanup", Time since last: 1000460900 ns, Reaching safepoint: 266300 ns, At safepoint: 23300 ns, Total: 289600 ns
[2020-10-24T06:24:02.786+0000][7][safepoint    ] Safepoint "Cleanup", Time since last: 1000582800 ns, Reaching safepoint: 765800 ns, At safepoint: 51300 ns, Total: 817100 ns
[2020-10-24T06:24:03.787+0000][7][safepoint    ] Safepoint "Cleanup", Time since last: 1001111500 ns, Reaching safepoint: 260000 ns, At safepoint: 25100 ns, Total: 285100 ns
[2020-10-24T06:24:04.788+0000][7][safepoint    ] Safepoint "Cleanup", Time since last: 1000557500 ns, Reaching safepoint: 479900 ns, At safepoint: 31900 ns, Total: 511800 ns
[2020-10-24T06:24:05.790+0000][7][safepoint    ] Safepoint "Cleanup", Time since last: 1001000200 ns, Reaching safepoint: 795700 ns, At safepoint: 96900 ns, Total: 892600 ns
[2020-10-24T06:24:06.792+0000][7][safepoint    ] Safepoint "Cleanup", Time since last: 1001137000 ns, Reaching safepoint: 272000 ns, At safepoint: 9600 ns, Total: 281600 ns
[2020-10-24T06:24:07.793+0000][7][safepoint    ] Safepoint "Cleanup", Time since last: 1000519500 ns, Reaching safepoint: 235100 ns, At safepoint: 11000 ns, Total: 246100 ns
[2020-10-24T06:24:08.793+0000][7][safepoint    ] Safepoint "Cleanup", Time since last: 1000669000 ns, Reaching safepoint: 271600 ns, At safepoint: 9700 ns, Total: 281300 ns
[2020-10-24T06:24:09.794+0000][7][safepoint    ] Safepoint "Cleanup", Time since last: 1000446600 ns, Reaching safepoint: 232500 ns, At safepoint: 9400 ns, Total: 241900 ns
[2020-10-24T06:24:10.796+0000][7][safepoint    ] Safepoint "Cleanup", Time since last: 1000708900 ns, Reaching safepoint: 701200 ns, At safepoint: 44600 ns, Total: 745800 ns
[2020-10-24T06:24:11.798+0000][7][safepoint    ] Safepoint "Cleanup", Time since last: 1001269900 ns, Reaching safepoint: 1006800 ns, At safepoint: 42000 ns, Total: 1048800 ns
[2020-10-24T06:24:12.799+0000][7][safepoint    ] Safepoint "Cleanup", Time since last: 1000993800 ns, Reaching safepoint: 318900 ns, At safepoint: 20000 ns, Total: 338900 ns
[2020-10-24T06:24:13.800+0000][7][safepoint    ] Safepoint "Cleanup", Time since last: 1000745900 ns, Reaching safepoint: 241100 ns, At safepoint: 13100 ns, Total: 254200 ns
[2020-10-24T06:24:14.802+0000][7][safepoint    ] Safepoint "Cleanup", Time since last: 1000617000 ns, Reaching safepoint: 807400 ns, At safepoint: 99600 ns, Total: 907000 ns
[2020-10-24T06:24:15.804+0000][7][safepoint    ] Safepoint "Cleanup", Time since last: 1001380600 ns, Reaching safepoint: 404000 ns, At safepoint: 20000 ns, Total: 424000 ns
[2020-10-24T06:24:16.805+0000][7][safepoint    ] Safepoint "Cleanup", Time since last: 1000714200 ns, Reaching safepoint: 264600 ns, At safepoint: 10000 ns, Total: 274600 ns
[2020-10-24T06:24:17.065+0000][7][gc,start     ] GC(293) Pause Young (Normal) (G1 Evacuation Pause)
[2020-10-24T06:24:17.066+0000][7][gc,task      ] GC(293) Using 6 workers of 10 for evacuation
[2020-10-24T06:24:17.066+0000][7][gc,age       ] GC(293) Desired survivor size 3670016 bytes, new threshold 15 (max threshold 15)
[2020-10-24T06:24:17.071+0000][7][gc,age       ] GC(293) Age table with threshold 15 (max threshold 15)
[2020-10-24T06:24:17.071+0000][7][gc,age       ] GC(293) - age   1:     439216 bytes,     439216 total
[2020-10-24T06:24:17.072+0000][7][gc,age       ] GC(293) - age   2:     826328 bytes,    1265544 total
[2020-10-24T06:24:17.072+0000][7][gc,age       ] GC(293) - age   3:      66896 bytes,    1332440 total
[2020-10-24T06:24:17.073+0000][7][gc,phases    ] GC(293)   Pre Evacuate Collection Set: 0.2ms
[2020-10-24T06:24:17.073+0000][7][gc,phases    ] GC(293)   Merge Heap Roots: 0.2ms
[2020-10-24T06:24:17.074+0000][7][gc,phases    ] GC(293)   Evacuate Collection Set: 2.1ms
[2020-10-24T06:24:17.074+0000][7][gc,phases    ] GC(293)   Post Evacuate Collection Set: 1.5ms
[2020-10-24T06:24:17.075+0000][7][gc,phases    ] GC(293)   Other: 3.6ms
[2020-10-24T06:24:17.075+0000][7][gc,heap      ] GC(293) Eden regions: 48->0(49)
[2020-10-24T06:24:17.075+0000][7][gc,heap      ] GC(293) Survivor regions: 2->2(7)
[2020-10-24T06:24:17.076+0000][7][gc,heap      ] GC(293) Old regions: 117->117
[2020-10-24T06:24:17.076+0000][7][gc,heap      ] GC(293) Archive regions: 2->2
[2020-10-24T06:24:17.076+0000][7][gc,heap      ] GC(293) Humongous regions: 15->15
[2020-10-24T06:24:17.076+0000][7][gc,metaspace ] GC(293) Metaspace: 109722K(118564K)->109722K(118564K) NonClass: 95804K(101080K)->95804K(101080K) Class: 13918K(17484K)->13918K(17484K)
[2020-10-24T06:24:17.077+0000][7][gc           ] GC(293) Pause Young (Normal) (G1 Evacuation Pause) 180M->133M(256M) 11.402ms
[2020-10-24T06:24:17.077+0000][7][gc,cpu       ] GC(293) User=0.01s Sys=0.00s Real=0.01s
[2020-10-24T06:24:17.077+0000][7][safepoint    ] Safepoint "G1CollectForAllocation", Time since last: 260191900 ns, Reaching safepoint: 381000 ns, At safepoint: 11750000 ns, Total: 12131000 ns
[2020-10-24T06:24:18.078+0000][7][safepoint    ] Safepoint "Cleanup", Time since last: 1000337100 ns, Reaching safepoint: 886000 ns, At safepoint: 49300 ns, Total: 935300 ns
[2020-10-24T06:24:19.080+0000][7][safepoint    ] Safepoint "Cleanup", Time since last: 1001213800 ns, Reaching safepoint: 208200 ns, At safepoint: 23400 ns, Total: 231600 ns
[2020-10-24T06:24:21.066+0000][7][safepoint    ] Safepoint "Cleanup", Time since last: 1985923500 ns, Reaching safepoint: 678600 ns, At safepoint: 39700 ns, Total: 718300 ns
[2020-10-24T06:24:22.068+0000][7][safepoint    ] Safepoint "Cleanup", Time since last: 1001215800 ns, Reaching safepoint: 825300 ns, At safepoint: 49400 ns, Total: 874700 ns
[2020-10-24T06:24:22.432+0000][7][safepoint    ] Safepoint "BulkRevokeBias", Time since last: 361368500 ns, Reaching safepoint: 226700 ns, At safepoint: 2291800 ns, Total: 2518500 ns
[2020-10-24T06:24:22.458+0000][7][safepoint    ] Safepoint "BulkRevokeBias", Time since last: 23473600 ns, Reaching safepoint: 381100 ns, At safepoint: 1429400 ns, Total: 1810500 ns
[2020-10-24T06:24:22.899+0000][7][gc,start     ] GC(294) Pause Young (Concurrent Start) (G1 Evacuation Pause)
[2020-10-24T06:24:22.900+0000][7][gc,task      ] GC(294) Using 6 workers of 10 for evacuation
[2020-10-24T06:24:22.900+0000][7][gc,age       ] GC(294) Desired survivor size 3670016 bytes, new threshold 15 (max threshold 15)
[2020-10-24T06:24:22.904+0000][7][gc,age       ] GC(294) Age table with threshold 15 (max threshold 15)
[2020-10-24T06:24:22.904+0000][7][gc,age       ] GC(294) - age   1:    2026840 bytes,    2026840 total
[2020-10-24T06:24:22.905+0000][7][gc,age       ] GC(294) - age   2:     212472 bytes,    2239312 total
[2020-10-24T06:24:22.905+0000][7][gc,age       ] GC(294) - age   3:     823664 bytes,    3062976 total
[2020-10-24T06:24:22.905+0000][7][gc,age       ] GC(294) - age   4:      60712 bytes,    3123688 total
[2020-10-24T06:24:22.905+0000][7][gc,phases    ] GC(294)   Pre Evacuate Collection Set: 0.6ms
[2020-10-24T06:24:22.906+0000][7][gc,phases    ] GC(294)   Merge Heap Roots: 0.1ms
[2020-10-24T06:24:22.906+0000][7][gc,phases    ] GC(294)   Evacuate Collection Set: 1.8ms
[2020-10-24T06:24:22.906+0000][7][gc,phases    ] GC(294)   Post Evacuate Collection Set: 0.9ms
[2020-10-24T06:24:22.906+0000][7][gc,phases    ] GC(294)   Other: 2.5ms
[2020-10-24T06:24:22.906+0000][7][gc,heap      ] GC(294) Eden regions: 49->0(47)
[2020-10-24T06:24:22.906+0000][7][gc,heap      ] GC(294) Survivor regions: 2->4(7)
[2020-10-24T06:24:22.907+0000][7][gc,heap      ] GC(294) Old regions: 117->117
[2020-10-24T06:24:22.907+0000][7][gc,heap      ] GC(294) Archive regions: 2->2
[2020-10-24T06:24:22.907+0000][7][gc,heap      ] GC(294) Humongous regions: 15->15
[2020-10-24T06:24:22.907+0000][7][gc,metaspace ] GC(294) Metaspace: 109727K(118564K)->109727K(118564K) NonClass: 95809K(101080K)->95809K(101080K) Class: 13918K(17484K)->13918K(17484K)
[2020-10-24T06:24:22.907+0000][7][gc           ] GC(294) Pause Young (Concurrent Start) (G1 Evacuation Pause) 182M->135M(256M) 7.841ms
[2020-10-24T06:24:22.907+0000][7][gc,cpu       ] GC(294) User=0.02s Sys=0.00s Real=0.01s
[2020-10-24T06:24:22.908+0000][7][gc           ] GC(295) Concurrent Cycle
[2020-10-24T06:24:22.908+0000][7][safepoint    ] Safepoint "G1CollectForAllocation", Time since last: 441552900 ns, Reaching safepoint: 270100 ns, At safepoint: 8315000 ns, Total: 8585100 ns
[2020-10-24T06:24:22.908+0000][7][gc,marking   ] GC(295) Concurrent Clear Claimed Marks
[2020-10-24T06:24:22.909+0000][7][gc,marking   ] GC(295) Concurrent Clear Claimed Marks 0.796ms
[2020-10-24T06:24:22.909+0000][7][gc,marking   ] GC(295) Concurrent Scan Root Regions
[2020-10-24T06:24:22.910+0000][7][gc,marking   ] GC(295) Concurrent Scan Root Regions 0.852ms
[2020-10-24T06:24:22.910+0000][7][gc,marking   ] GC(295) Concurrent Mark (2420.276s)
[2020-10-24T06:24:22.910+0000][7][gc,marking   ] GC(295) Concurrent Mark From Roots
[2020-10-24T06:24:22.910+0000][7][gc,task      ] GC(295) Using 3 workers of 3 for marking
[2020-10-24T06:24:22.965+0000][7][gc,marking   ] GC(295) Concurrent Mark From Roots 54.847ms
[2020-10-24T06:24:22.965+0000][7][gc,marking   ] GC(295) Concurrent Preclean
[2020-10-24T06:24:22.966+0000][7][gc,marking   ] GC(295) Concurrent Preclean 0.647ms
[2020-10-24T06:24:22.966+0000][7][gc,marking   ] GC(295) Concurrent Mark (2420.276s, 2420.333s) 56.372ms
[2020-10-24T06:24:22.967+0000][7][gc,start     ] GC(295) Pause Remark
[2020-10-24T06:24:22.974+0000][7][gc           ] GC(295) Pause Remark 163M->163M(256M) 6.780ms
[2020-10-24T06:24:22.974+0000][7][gc,cpu       ] GC(295) User=0.01s Sys=0.02s Real=0.01s
[2020-10-24T06:24:22.974+0000][7][safepoint    ] Safepoint "G1Concurrent", Time since last: 58967000 ns, Reaching safepoint: 227400 ns, At safepoint: 7469600 ns, Total: 7697000 ns
[2020-10-24T06:24:22.975+0000][7][gc,marking   ] GC(295) Concurrent Rebuild Remembered Sets
[2020-10-24T06:24:23.009+0000][7][gc,marking   ] GC(295) Concurrent Rebuild Remembered Sets 34.485ms
[2020-10-24T06:24:23.010+0000][7][gc,start     ] GC(295) Pause Cleanup
[2020-10-24T06:24:23.010+0000][7][gc           ] GC(295) Pause Cleanup 163M->163M(256M) 0.549ms
[2020-10-24T06:24:23.011+0000][7][gc,cpu       ] GC(295) User=0.01s Sys=0.00s Real=0.00s
[2020-10-24T06:24:23.011+0000][7][safepoint    ] Safepoint "G1Concurrent", Time since last: 35237900 ns, Reaching safepoint: 205100 ns, At safepoint: 1147400 ns, Total: 1352500 ns
[2020-10-24T06:24:23.011+0000][7][gc,marking   ] GC(295) Concurrent Cleanup for Next Mark
[2020-10-24T06:24:23.012+0000][7][gc,marking   ] GC(295) Concurrent Cleanup for Next Mark 0.526ms
[2020-10-24T06:24:23.012+0000][7][gc           ] GC(295) Concurrent Cycle 104.255ms
[2020-10-24T06:24:24.935+0000][7][safepoint    ] Safepoint "Cleanup", Time since last: 1922703400 ns, Reaching safepoint: 820500 ns, At safepoint: 54200 ns, Total: 874700 ns
[2020-10-24T06:24:25.936+0000][7][safepoint    ] Safepoint "Cleanup", Time since last: 1001144400 ns, Reaching safepoint: 276000 ns, At safepoint: 10200 ns, Total: 286200 ns
[2020-10-24T06:24:26.937+0000][7][safepoint    ] Safepoint "Cleanup", Time since last: 1000490200 ns, Reaching safepoint: 308800 ns, At safepoint: 9700 ns, Total: 318500 ns
[2020-10-24T06:24:27.938+0000][7][safepoint    ] Safepoint "Cleanup", Time since last: 1000607800 ns, Reaching safepoint: 375100 ns, At safepoint: 21200 ns, Total: 396300 ns
[2020-10-24T06:24:28.939+0000][7][safepoint    ] Safepoint "Cleanup", Time since last: 1000786600 ns, Reaching safepoint: 328000 ns, At safepoint: 18100 ns, Total: 346100 ns
[2020-10-24T06:24:29.940+0000][7][safepoint    ] Safepoint "Cleanup", Time since last: 1000697800 ns, Reaching safepoint: 334500 ns, At safepoint: 18300 ns, Total: 352800 ns
[2020-10-24T06:24:30.942+0000][7][safepoint    ] Safepoint "Cleanup", Time since last: 1000715800 ns, Reaching safepoint: 1032700 ns, At safepoint: 49400 ns, Total: 1082100 ns
[2020-10-24T06:24:31.943+0000][7][safepoint    ] Safepoint "Cleanup", Time since last: 1001276500 ns, Reaching safepoint: 314000 ns, At safepoint: 16000 ns, Total: 330000 ns
[2020-10-24T06:24:32.944+0000][7][safepoint    ] Safepoint "Cleanup", Time since last: 1000545800 ns, Reaching safepoint: 276300 ns, At safepoint: 9600 ns, Total: 285900 ns
[2020-10-24T06:24:33.945+0000][7][safepoint    ] Safepoint "Cleanup", Time since last: 1000534200 ns, Reaching safepoint: 220500 ns, At safepoint: 23300 ns, Total: 243800 ns
[2020-10-24T06:24:34.946+0000][7][safepoint    ] Safepoint "Cleanup", Time since last: 1000452400 ns, Reaching safepoint: 287300 ns, At safepoint: 18400 ns, Total: 305700 ns
[2020-10-24T06:24:35.947+0000][7][safepoint    ] Safepoint "Cleanup", Time since last: 1000528800 ns, Reaching safepoint: 277100 ns, At safepoint: 14800 ns, Total: 291900 ns
[2020-10-24T06:24:36.947+0000][7][safepoint    ] Safepoint "Cleanup", Time since last: 1000533400 ns, Reaching safepoint: 229900 ns, At safepoint: 19900 ns, Total: 249800 ns
[2020-10-24T06:24:37.948+0000][7][safepoint    ] Safepoint "Cleanup", Time since last: 1000503800 ns, Reaching safepoint: 253400 ns, At safepoint: 11700 ns, Total: 265100 ns
[2020-10-24T06:24:38.071+0000][7][gc,start     ] GC(296) Pause Young (Normal) (G1 Evacuation Pause)
[2020-10-24T06:24:38.072+0000][7][gc,task      ] GC(296) Using 6 workers of 10 for evacuation
[2020-10-24T06:24:38.073+0000][7][gc,age       ] GC(296) Desired survivor size 3670016 bytes, new threshold 15 (max threshold 15)
[2020-10-24T06:24:38.082+0000][7][gc,age       ] GC(296) Age table with threshold 15 (max threshold 15)
[2020-10-24T06:24:38.082+0000][7][gc,age       ] GC(296) - age   1:     412376 bytes,     412376 total
[2020-10-24T06:24:38.083+0000][7][gc,age       ] GC(296) - age   2:     246352 bytes,     658728 total
[2020-10-24T06:24:38.083+0000][7][gc,age       ] GC(296) - age   3:     186144 bytes,     844872 total
[2020-10-24T06:24:38.083+0000][7][gc,age       ] GC(296) - age   4:     616632 bytes,    1461504 total
[2020-10-24T06:24:38.084+0000][7][gc,age       ] GC(296) - age   5:      58592 bytes,    1520096 total
[2020-10-24T06:24:38.084+0000][7][gc,phases    ] GC(296)   Pre Evacuate Collection Set: 0.5ms
[2020-10-24T06:24:38.084+0000][7][gc,phases    ] GC(296)   Merge Heap Roots: 0.7ms
[2020-10-24T06:24:38.084+0000][7][gc,phases    ] GC(296)   Evacuate Collection Set: 5.5ms
[2020-10-24T06:24:38.085+0000][7][gc,phases    ] GC(296)   Post Evacuate Collection Set: 1.0ms
[2020-10-24T06:24:38.085+0000][7][gc,phases    ] GC(296)   Other: 5.1ms
[2020-10-24T06:24:38.085+0000][7][gc,heap      ] GC(296) Eden regions: 47->0(50)
[2020-10-24T06:24:38.085+0000][7][gc,heap      ] GC(296) Survivor regions: 4->2(7)
[2020-10-24T06:24:38.085+0000][7][gc,heap      ] GC(296) Old regions: 117->117
[2020-10-24T06:24:38.085+0000][7][gc,heap      ] GC(296) Archive regions: 2->2
[2020-10-24T06:24:38.086+0000][7][gc,heap      ] GC(296) Humongous regions: 15->15
[2020-10-24T06:24:38.086+0000][7][gc,metaspace ] GC(296) Metaspace: 109729K(118564K)->109729K(118564K) NonClass: 95811K(101080K)->95811K(101080K) Class: 13918K(17484K)->13918K(17484K)
[2020-10-24T06:24:38.086+0000][7][gc           ] GC(296) Pause Young (Normal) (G1 Evacuation Pause) 182M->133M(256M) 14.893ms
[2020-10-24T06:24:38.086+0000][7][gc,cpu       ] GC(296) User=0.04s Sys=0.00s Real=0.01s
[2020-10-24T06:24:38.086+0000][7][safepoint    ] Safepoint "G1CollectForAllocation", Time since last: 122108900 ns, Reaching safepoint: 753000 ns, At safepoint: 15457700 ns, Total: 16210700 ns
[2020-10-24T06:24:39.883+0000][7][safepoint    ] Safepoint "Cleanup", Time since last: 1796463500 ns, Reaching safepoint: 242600 ns, At safepoint: 13100 ns, Total: 255700 ns
[2020-10-24T06:24:40.884+0000][7][safepoint    ] Safepoint "Cleanup", Time since last: 1000516700 ns, Reaching safepoint: 266600 ns, At safepoint: 9600 ns, Total: 276200 ns
[2020-10-24T06:24:41.073+0000][7][gc,start     ] GC(297) Pause Young (Concurrent Start) (G1 Evacuation Pause)
[2020-10-24T06:24:41.074+0000][7][gc,task      ] GC(297) Using 6 workers of 10 for evacuation
[2020-10-24T06:24:41.075+0000][7][gc,age       ] GC(297) Desired survivor size 3670016 bytes, new threshold 15 (max threshold 15)
[2020-10-24T06:24:41.086+0000][7][gc,age       ] GC(297) Age table with threshold 15 (max threshold 15)
[2020-10-24T06:24:41.086+0000][7][gc,age       ] GC(297) - age   1:    4956600 bytes,    4956600 total
[2020-10-24T06:24:41.086+0000][7][gc,age       ] GC(297) - age   2:     259240 bytes,    5215840 total
[2020-10-24T06:24:41.086+0000][7][gc,age       ] GC(297) - age   3:     245760 bytes,    5461600 total
[2020-10-24T06:24:41.087+0000][7][gc,age       ] GC(297) - age   4:     178128 bytes,    5639728 total
[2020-10-24T06:24:41.087+0000][7][gc,age       ] GC(297) - age   5:     616632 bytes,    6256360 total
[2020-10-24T06:24:41.087+0000][7][gc,age       ] GC(297) - age   6:      58592 bytes,    6314952 total
[2020-10-24T06:24:41.088+0000][7][gc,phases    ] GC(297)   Pre Evacuate Collection Set: 1.9ms
[2020-10-24T06:24:41.088+0000][7][gc,phases    ] GC(297)   Merge Heap Roots: 0.5ms
[2020-10-24T06:24:41.088+0000][7][gc,phases    ] GC(297)   Evacuate Collection Set: 5.3ms
[2020-10-24T06:24:41.088+0000][7][gc,phases    ] GC(297)   Post Evacuate Collection Set: 1.2ms
[2020-10-24T06:24:41.089+0000][7][gc,phases    ] GC(297)   Other: 5.4ms
[2020-10-24T06:24:41.089+0000][7][gc,heap      ] GC(297) Eden regions: 50->0(42)
[2020-10-24T06:24:41.089+0000][7][gc,heap      ] GC(297) Survivor regions: 2->7(7)
[2020-10-24T06:24:41.089+0000][7][gc,heap      ] GC(297) Old regions: 117->117
[2020-10-24T06:24:41.089+0000][7][gc,heap      ] GC(297) Archive regions: 2->2
[2020-10-24T06:24:41.089+0000][7][gc,heap      ] GC(297) Humongous regions: 15->15
[2020-10-24T06:24:41.090+0000][7][gc,metaspace ] GC(297) Metaspace: 109732K(118564K)->109732K(118564K) NonClass: 95814K(101080K)->95814K(101080K) Class: 13918K(17484K)->13918K(17484K)
[2020-10-24T06:24:41.090+0000][7][gc           ] GC(297) Pause Young (Concurrent Start) (G1 Evacuation Pause) 183M->138M(256M) 16.366ms
[2020-10-24T06:24:41.090+0000][7][gc,cpu       ] GC(297) User=0.04s Sys=0.00s Real=0.02s
[2020-10-24T06:24:41.090+0000][7][gc           ] GC(298) Concurrent Cycle
[2020-10-24T06:24:41.090+0000][7][safepoint    ] Safepoint "G1CollectForAllocation", Time since last: 188504900 ns, Reaching safepoint: 820000 ns, At safepoint: 16821200 ns, Total: 17641200 ns
[2020-10-24T06:24:41.090+0000][7][gc,marking   ] GC(298) Concurrent Clear Claimed Marks
[2020-10-24T06:24:41.091+0000][7][gc,marking   ] GC(298) Concurrent Clear Claimed Marks 0.822ms
[2020-10-24T06:24:41.091+0000][7][gc,marking   ] GC(298) Concurrent Scan Root Regions
[2020-10-24T06:24:41.092+0000][7][gc,marking   ] GC(298) Concurrent Scan Root Regions 0.971ms
[2020-10-24T06:24:41.092+0000][7][gc,marking   ] GC(298) Concurrent Mark (2438.459s)
[2020-10-24T06:24:41.093+0000][7][gc,marking   ] GC(298) Concurrent Mark From Roots
[2020-10-24T06:24:41.093+0000][7][gc,task      ] GC(298) Using 3 workers of 3 for marking
[2020-10-24T06:24:41.143+0000][7][gc,marking   ] GC(298) Concurrent Mark From Roots 50.192ms
[2020-10-24T06:24:41.143+0000][7][gc,marking   ] GC(298) Concurrent Preclean
[2020-10-24T06:24:41.144+0000][7][gc,marking   ] GC(298) Concurrent Preclean 0.672ms
[2020-10-24T06:24:41.144+0000][7][gc,marking   ] GC(298) Concurrent Mark (2438.459s, 2438.511s) 51.759ms
[2020-10-24T06:24:41.145+0000][7][gc,start     ] GC(298) Pause Remark
[2020-10-24T06:24:41.152+0000][7][gc           ] GC(298) Pause Remark 150M->150M(256M) 7.158ms
[2020-10-24T06:24:41.152+0000][7][gc,cpu       ] GC(298) User=0.04s Sys=0.00s Real=0.01s
[2020-10-24T06:24:41.153+0000][7][safepoint    ] Safepoint "G1Concurrent", Time since last: 54522300 ns, Reaching safepoint: 245200 ns, At safepoint: 7864900 ns, Total: 8110100 ns
[2020-10-24T06:24:41.153+0000][7][gc,marking   ] GC(298) Concurrent Rebuild Remembered Sets
[2020-10-24T06:24:41.186+0000][7][gc,marking   ] GC(298) Concurrent Rebuild Remembered Sets 33.439ms
[2020-10-24T06:24:41.187+0000][7][gc,start     ] GC(298) Pause Cleanup
[2020-10-24T06:24:41.188+0000][7][gc           ] GC(298) Pause Cleanup 150M->150M(256M) 0.492ms
[2020-10-24T06:24:41.188+0000][7][gc,cpu       ] GC(298) User=0.00s Sys=0.00s Real=0.01s
[2020-10-24T06:24:41.188+0000][7][safepoint    ] Safepoint "G1Concurrent", Time since last: 34242300 ns, Reaching safepoint: 185600 ns, At safepoint: 1162200 ns, Total: 1347800 ns
[2020-10-24T06:24:41.189+0000][7][gc,marking   ] GC(298) Concurrent Cleanup for Next Mark
[2020-10-24T06:24:41.189+0000][7][gc,marking   ] GC(298) Concurrent Cleanup for Next Mark 0.605ms
[2020-10-24T06:24:41.190+0000][7][gc           ] GC(298) Concurrent Cycle 99.492ms
[2020-10-24T06:24:43.113+0000][7][safepoint    ] Safepoint "Cleanup", Time since last: 1924249300 ns, Reaching safepoint: 264000 ns, At safepoint: 9600 ns, Total: 273600 ns
[2020-10-24T06:24:44.114+0000][7][safepoint    ] Safepoint "Cleanup", Time since last: 1000508200 ns, Reaching safepoint: 230500 ns, At safepoint: 9800 ns, Total: 240300 ns
[2020-10-24T06:24:45.115+0000][7][safepoint    ] Safepoint "Cleanup", Time since last: 1000583500 ns, Reaching safepoint: 833800 ns, At safepoint: 50000 ns, Total: 883800 ns
[2020-10-24T06:24:46.117+0000][7][safepoint    ] Safepoint "Cleanup", Time since last: 1001166700 ns, Reaching safepoint: 867200 ns, At safepoint: 50800 ns, Total: 918000 ns
[2020-10-24T06:24:47.119+0000][7][safepoint    ] Safepoint "Cleanup", Time since last: 1001245200 ns, Reaching safepoint: 276500 ns, At safepoint: 9400 ns, Total: 285900 ns
[2020-10-24T06:24:48.120+0000][7][safepoint    ] Safepoint "Cleanup", Time since last: 1000652500 ns, Reaching safepoint: 804400 ns, At safepoint: 49800 ns, Total: 854200 ns
[2020-10-24T06:24:49.123+0000][7][safepoint    ] Safepoint "Cleanup", Time since last: 1001502800 ns, Reaching safepoint: 850700 ns, At safepoint: 50500 ns, Total: 901200 ns
[2020-10-24T06:24:50.112+0000][7][gc,start     ] GC(299) Pause Young (Normal) (G1 Evacuation Pause)
[2020-10-24T06:24:50.113+0000][7][gc,task      ] GC(299) Using 6 workers of 10 for evacuation
[2020-10-24T06:24:50.114+0000][7][gc,age       ] GC(299) Desired survivor size 3670016 bytes, new threshold 1 (max threshold 15)
[2020-10-24T06:24:50.122+0000][7][gc,age       ] GC(299) Age table with threshold 1 (max threshold 15)
[2020-10-24T06:24:50.123+0000][7][gc,age       ] GC(299) - age   1:     573440 bytes,     573440 total
[2020-10-24T06:24:50.123+0000][7][gc,phases    ] GC(299)   Pre Evacuate Collection Set: 0.5ms
[2020-10-24T06:24:50.123+0000][7][gc,phases    ] GC(299)   Merge Heap Roots: 0.5ms
[2020-10-24T06:24:50.124+0000][7][gc,phases    ] GC(299)   Evacuate Collection Set: 5.5ms
[2020-10-24T06:24:50.124+0000][7][gc,phases    ] GC(299)   Post Evacuate Collection Set: 0.9ms
[2020-10-24T06:24:50.124+0000][7][gc,phases    ] GC(299)   Other: 3.6ms
[2020-10-24T06:24:50.124+0000][7][gc,heap      ] GC(299) Eden regions: 42->0(44)
[2020-10-24T06:24:50.124+0000][7][gc,heap      ] GC(299) Survivor regions: 7->1(7)
[2020-10-24T06:24:50.124+0000][7][gc,heap      ] GC(299) Old regions: 117->122
[2020-10-24T06:24:50.125+0000][7][gc,heap      ] GC(299) Archive regions: 2->2
[2020-10-24T06:24:50.125+0000][7][gc,heap      ] GC(299) Humongous regions: 15->15
[2020-10-24T06:24:50.125+0000][7][gc,metaspace ] GC(299) Metaspace: 109738K(118564K)->109738K(118564K) NonClass: 95820K(101080K)->95820K(101080K) Class: 13918K(17484K)->13918K(17484K)
[2020-10-24T06:24:50.125+0000][7][gc           ] GC(299) Pause Young (Normal) (G1 Evacuation Pause) 180M->138M(256M) 13.130ms
[2020-10-24T06:24:50.125+0000][7][gc,cpu       ] GC(299) User=0.04s Sys=0.00s Real=0.01s
[2020-10-24T06:24:50.125+0000][7][safepoint    ] Safepoint "G1CollectForAllocation", Time since last: 988397200 ns, Reaching safepoint: 838400 ns, At safepoint: 13529600 ns, Total: 14368000 ns
[2020-10-24T06:24:51.126+0000][7][safepoint    ] Safepoint "Cleanup", Time since last: 1000378100 ns, Reaching safepoint: 271800 ns, At safepoint: 10300 ns, Total: 282100 ns
[2020-10-24T06:24:52.127+0000][7][safepoint    ] Safepoint "Cleanup", Time since last: 1000425800 ns, Reaching safepoint: 227000 ns, At safepoint: 24600 ns, Total: 251600 ns
[2020-10-24T06:24:53.128+0000][7][safepoint    ] Safepoint "Cleanup", Time since last: 1000640100 ns, Reaching safepoint: 873500 ns, At safepoint: 193000 ns, Total: 1066500 ns
[2020-10-24T06:24:54.131+0000][7][safepoint    ] Safepoint "Cleanup", Time since last: 1001222300 ns, Reaching safepoint: 998700 ns, At safepoint: 248700 ns, Total: 1247400 ns
[2020-10-24T06:24:55.133+0000][7][safepoint    ] Safepoint "Cleanup", Time since last: 1001188300 ns, Reaching safepoint: 872500 ns, At safepoint: 132100 ns, Total: 1004600 ns
[2020-10-24T06:24:56.135+0000][7][safepoint    ] Safepoint "Cleanup", Time since last: 1001140700 ns, Reaching safepoint: 397900 ns, At safepoint: 25600 ns, Total: 423500 ns
[2020-10-24T06:24:57.136+0000][7][safepoint    ] Safepoint "Cleanup", Time since last: 1000773500 ns, Reaching safepoint: 717800 ns, At safepoint: 42900 ns, Total: 760700 ns
[2020-10-24T06:24:58.138+0000][7][safepoint    ] Safepoint "Cleanup", Time since last: 1001319600 ns, Reaching safepoint: 826700 ns, At safepoint: 50600 ns, Total: 877300 ns
[2020-10-24T06:24:59.140+0000][7][safepoint    ] Safepoint "Cleanup", Time since last: 1001156500 ns, Reaching safepoint: 277100 ns, At safepoint: 25800 ns, Total: 302900 ns
[2020-10-24T06:25:00.141+0000][7][safepoint    ] Safepoint "Cleanup", Time since last: 1000551300 ns, Reaching safepoint: 364500 ns, At safepoint: 55700 ns, Total: 420200 ns
[2020-10-24T06:25:01.142+0000][7][safepoint    ] Safepoint "Cleanup", Time since last: 1000708600 ns, Reaching safepoint: 797200 ns, At safepoint: 49700 ns, Total: 846900 ns
[2020-10-24T06:25:02.145+0000][7][safepoint    ] Safepoint "Cleanup", Time since last: 1001445500 ns, Reaching safepoint: 996400 ns, At safepoint: 316700 ns, Total: 1313100 ns
[2020-10-24T06:25:03.147+0000][7][safepoint    ] Safepoint "Cleanup", Time since last: 1001311300 ns, Reaching safepoint: 732400 ns, At safepoint: 366100 ns, Total: 1098500 ns
[2020-10-24T06:25:04.150+0000][7][safepoint    ] Safepoint "Cleanup", Time since last: 1001223100 ns, Reaching safepoint: 968500 ns, At safepoint: 322000 ns, Total: 1290500 ns
[2020-10-24T06:25:06.077+0000][7][safepoint    ] Safepoint "Cleanup", Time since last: 1926484800 ns, Reaching safepoint: 217600 ns, At safepoint: 12300 ns, Total: 229900 ns
[2020-10-24T06:25:07.077+0000][7][safepoint    ] Safepoint "Cleanup", Time since last: 1000540100 ns, Reaching safepoint: 230500 ns, At safepoint: 9900 ns, Total: 240400 ns
[2020-10-24T06:25:08.078+0000][7][safepoint    ] Safepoint "Cleanup", Time since last: 1000482800 ns, Reaching safepoint: 260000 ns, At safepoint: 9800 ns, Total: 269800 ns
[2020-10-24T06:25:09.079+0000][7][safepoint    ] Safepoint "Cleanup", Time since last: 1000518100 ns, Reaching safepoint: 230700 ns, At safepoint: 11100 ns, Total: 241800 ns
[2020-10-24T06:25:10.080+0000][7][safepoint    ] Safepoint "Cleanup", Time since last: 1000614200 ns, Reaching safepoint: 253500 ns, At safepoint: 9700 ns, Total: 263200 ns
[2020-10-24T06:25:11.081+0000][7][safepoint    ] Safepoint "Cleanup", Time since last: 1000582400 ns, Reaching safepoint: 299300 ns, At safepoint: 9600 ns, Total: 308900 ns
[2020-10-24T06:25:12.082+0000][7][safepoint    ] Safepoint "Cleanup", Time since last: 1000458700 ns, Reaching safepoint: 324900 ns, At safepoint: 10600 ns, Total: 335500 ns
[2020-10-24T06:25:13.082+0000][7][safepoint    ] Safepoint "Cleanup", Time since last: 1000428100 ns, Reaching safepoint: 210000 ns, At safepoint: 9600 ns, Total: 219600 ns
[2020-10-24T06:25:14.084+0000][7][safepoint    ] Safepoint "Cleanup", Time since last: 1000503500 ns, Reaching safepoint: 819200 ns, At safepoint: 138200 ns, Total: 957400 ns
[2020-10-24T06:25:15.085+0000][7][safepoint    ] Safepoint "Cleanup", Time since last: 1001125200 ns, Reaching safepoint: 275000 ns, At safepoint: 9400 ns, Total: 284400 ns
[2020-10-24T06:25:16.087+0000][7][safepoint    ] Safepoint "Cleanup", Time since last: 1000584100 ns, Reaching safepoint: 852400 ns, At safepoint: 48500 ns, Total: 900900 ns
[2020-10-24T06:25:17.088+0000][7][safepoint    ] Safepoint "Cleanup", Time since last: 1001128400 ns, Reaching safepoint: 283200 ns, At safepoint: 9500 ns, Total: 292700 ns
[2020-10-24T06:25:18.090+0000][7][safepoint    ] Safepoint "Cleanup", Time since last: 1000680700 ns, Reaching safepoint: 872800 ns, At safepoint: 49200 ns, Total: 922000 ns
[2020-10-24T06:25:19.092+0000][7][safepoint    ] Safepoint "Cleanup", Time since last: 1001238900 ns, Reaching safepoint: 862000 ns, At safepoint: 48900 ns, Total: 910900 ns
[2020-10-24T06:25:20.093+0000][7][safepoint    ] Safepoint "Cleanup", Time since last: 1001206200 ns, Reaching safepoint: 252700 ns, At safepoint: 12100 ns, Total: 264800 ns
[2020-10-24T06:25:21.095+0000][7][safepoint    ] Safepoint "Cleanup", Time since last: 1000576400 ns, Reaching safepoint: 833200 ns, At safepoint: 50000 ns, Total: 883200 ns
[2020-10-24T06:25:22.096+0000][7][safepoint    ] Safepoint "Cleanup", Time since last: 1001256000 ns, Reaching safepoint: 366600 ns, At safepoint: 22100 ns, Total: 388700 ns
[2020-10-24T06:25:22.502+0000][7][gc,start     ] GC(300) Pause Young (Concurrent Start) (G1 Evacuation Pause)
[2020-10-24T06:25:22.502+0000][7][gc,task      ] GC(300) Using 6 workers of 10 for evacuation
[2020-10-24T06:25:22.502+0000][7][gc,age       ] GC(300) Desired survivor size 3145728 bytes, new threshold 15 (max threshold 15)
[2020-10-24T06:25:22.506+0000][7][gc,age       ] GC(300) Age table with threshold 15 (max threshold 15)
[2020-10-24T06:25:22.507+0000][7][gc,age       ] GC(300) - age   1:    1445896 bytes,    1445896 total
[2020-10-24T06:25:22.507+0000][7][gc,age       ] GC(300) - age   2:     520416 bytes,    1966312 total
[2020-10-24T06:25:22.507+0000][7][gc,phases    ] GC(300)   Pre Evacuate Collection Set: 0.7ms
[2020-10-24T06:25:22.507+0000][7][gc,phases    ] GC(300)   Merge Heap Roots: 0.1ms
[2020-10-24T06:25:22.508+0000][7][gc,phases    ] GC(300)   Evacuate Collection Set: 1.7ms
[2020-10-24T06:25:22.508+0000][7][gc,phases    ] GC(300)   Post Evacuate Collection Set: 1.1ms
[2020-10-24T06:25:22.508+0000][7][gc,phases    ] GC(300)   Other: 2.1ms
[2020-10-24T06:25:22.509+0000][7][gc,heap      ] GC(300) Eden regions: 44->0(44)
[2020-10-24T06:25:22.509+0000][7][gc,heap      ] GC(300) Survivor regions: 1->2(6)
[2020-10-24T06:25:22.509+0000][7][gc,heap      ] GC(300) Old regions: 122->122
[2020-10-24T06:25:22.509+0000][7][gc,heap      ] GC(300) Archive regions: 2->2
[2020-10-24T06:25:22.510+0000][7][gc,heap      ] GC(300) Humongous regions: 15->15
[2020-10-24T06:25:22.510+0000][7][gc,metaspace ] GC(300) Metaspace: 109739K(118564K)->109739K(118564K) NonClass: 95821K(101080K)->95821K(101080K) Class: 13918K(17484K)->13918K(17484K)
[2020-10-24T06:25:22.510+0000][7][gc           ] GC(300) Pause Young (Concurrent Start) (G1 Evacuation Pause) 182M->139M(256M) 8.352ms
[2020-10-24T06:25:22.510+0000][7][gc,cpu       ] GC(300) User=0.01s Sys=0.00s Real=0.01s
[2020-10-24T06:25:22.510+0000][7][gc           ] GC(301) Concurrent Cycle
[2020-10-24T06:25:22.510+0000][7][safepoint    ] Safepoint "G1CollectForAllocation", Time since last: 404895700 ns, Reaching safepoint: 258800 ns, At safepoint: 8702400 ns, Total: 8961200 ns
[2020-10-24T06:25:22.510+0000][7][gc,marking   ] GC(301) Concurrent Clear Claimed Marks
[2020-10-24T06:25:22.512+0000][7][gc,marking   ] GC(301) Concurrent Clear Claimed Marks 1.628ms
[2020-10-24T06:25:22.512+0000][7][gc,marking   ] GC(301) Concurrent Scan Root Regions
[2020-10-24T06:25:22.513+0000][7][gc,marking   ] GC(301) Concurrent Scan Root Regions 1.113ms
[2020-10-24T06:25:22.514+0000][7][gc,marking   ] GC(301) Concurrent Mark (2479.880s)
[2020-10-24T06:25:22.514+0000][7][gc,marking   ] GC(301) Concurrent Mark From Roots
[2020-10-24T06:25:22.514+0000][7][gc,task      ] GC(301) Using 3 workers of 3 for marking
[2020-10-24T06:25:22.567+0000][7][gc,marking   ] GC(301) Concurrent Mark From Roots 53.577ms
[2020-10-24T06:25:22.568+0000][7][gc,marking   ] GC(301) Concurrent Preclean
[2020-10-24T06:25:22.568+0000][7][gc,marking   ] GC(301) Concurrent Preclean 0.689ms
[2020-10-24T06:25:22.569+0000][7][gc,marking   ] GC(301) Concurrent Mark (2479.880s, 2479.935s) 55.084ms
[2020-10-24T06:25:22.569+0000][7][gc,start     ] GC(301) Pause Remark
[2020-10-24T06:25:22.576+0000][7][gc           ] GC(301) Pause Remark 146M->146M(256M) 6.694ms
[2020-10-24T06:25:22.576+0000][7][gc,cpu       ] GC(301) User=0.03s Sys=0.00s Real=0.00s
[2020-10-24T06:25:22.577+0000][7][safepoint    ] Safepoint "G1Concurrent", Time since last: 58775800 ns, Reaching safepoint: 188200 ns, At safepoint: 7438200 ns, Total: 7626400 ns
[2020-10-24T06:25:22.577+0000][7][gc,marking   ] GC(301) Concurrent Rebuild Remembered Sets
[2020-10-24T06:25:22.611+0000][7][gc,marking   ] GC(301) Concurrent Rebuild Remembered Sets 34.307ms
[2020-10-24T06:25:22.612+0000][7][gc,start     ] GC(301) Pause Cleanup
[2020-10-24T06:25:22.612+0000][7][gc           ] GC(301) Pause Cleanup 146M->146M(256M) 0.532ms
[2020-10-24T06:25:22.613+0000][7][gc,cpu       ] GC(301) User=0.00s Sys=0.00s Real=0.00s
[2020-10-24T06:25:22.613+0000][7][safepoint    ] Safepoint "G1Concurrent", Time since last: 35119300 ns, Reaching safepoint: 214700 ns, At safepoint: 1177000 ns, Total: 1391700 ns
[2020-10-24T06:25:22.613+0000][7][gc,marking   ] GC(301) Concurrent Cleanup for Next Mark
[2020-10-24T06:25:22.614+0000][7][gc,marking   ] GC(301) Concurrent Cleanup for Next Mark 0.695ms
[2020-10-24T06:25:22.614+0000][7][gc           ] GC(301) Concurrent Cycle 104.200ms
[2020-10-24T06:25:22.984+0000][7][gc,start     ] GC(302) Pause Young (Normal) (G1 Evacuation Pause)
[2020-10-24T06:25:22.984+0000][7][gc,task      ] GC(302) Using 6 workers of 10 for evacuation
[2020-10-24T06:25:22.984+0000][7][gc,age       ] GC(302) Desired survivor size 3145728 bytes, new threshold 15 (max threshold 15)
[2020-10-24T06:25:22.987+0000][7][gc,age       ] GC(302) Age table with threshold 15 (max threshold 15)
[2020-10-24T06:25:22.987+0000][7][gc,age       ] GC(302) - age   1:     681984 bytes,     681984 total
[2020-10-24T06:25:22.988+0000][7][gc,age       ] GC(302) - age   2:    1006376 bytes,    1688360 total
[2020-10-24T06:25:22.988+0000][7][gc,age       ] GC(302) - age   3:     519448 bytes,    2207808 total
[2020-10-24T06:25:22.988+0000][7][gc,phases    ] GC(302)   Pre Evacuate Collection Set: 0.1ms
[2020-10-24T06:25:22.989+0000][7][gc,phases    ] GC(302)   Merge Heap Roots: 0.1ms
[2020-10-24T06:25:22.989+0000][7][gc,phases    ] GC(302)   Evacuate Collection Set: 1.3ms
[2020-10-24T06:25:22.989+0000][7][gc,phases    ] GC(302)   Post Evacuate Collection Set: 0.8ms
[2020-10-24T06:25:22.989+0000][7][gc,phases    ] GC(302)   Other: 2.1ms
[2020-10-24T06:25:22.990+0000][7][gc,heap      ] GC(302) Eden regions: 44->0(44)
[2020-10-24T06:25:22.990+0000][7][gc,heap      ] GC(302) Survivor regions: 2->3(6)
[2020-10-24T06:25:22.990+0000][7][gc,heap      ] GC(302) Old regions: 122->122
[2020-10-24T06:25:22.990+0000][7][gc,heap      ] GC(302) Archive regions: 2->2
[2020-10-24T06:25:22.990+0000][7][gc,heap      ] GC(302) Humongous regions: 15->15
[2020-10-24T06:25:22.991+0000][7][gc,metaspace ] GC(302) Metaspace: 109742K(118564K)->109742K(118564K) NonClass: 95824K(101080K)->95824K(101080K) Class: 13918K(17484K)->13918K(17484K)
[2020-10-24T06:25:22.991+0000][7][gc           ] GC(302) Pause Young (Normal) (G1 Evacuation Pause) 183M->139M(256M) 6.960ms
[2020-10-24T06:25:22.991+0000][7][gc,cpu       ] GC(302) User=0.01s Sys=0.00s Real=0.01s
[2020-10-24T06:25:22.991+0000][7][safepoint    ] Safepoint "G1CollectForAllocation", Time since last: 370403900 ns, Reaching safepoint: 258800 ns, At safepoint: 7255100 ns, Total: 7513900 ns
[2020-10-24T06:25:23.077+0000][7][safepoint    ] Safepoint "BulkRevokeBias", Time since last: 84478900 ns, Reaching safepoint: 267100 ns, At safepoint: 829100 ns, Total: 1096200 ns
[2020-10-24T06:25:24.009+0000][7][safepoint    ] Safepoint "BulkRevokeBias", Time since last: 928632900 ns, Reaching safepoint: 920700 ns, At safepoint: 2895300 ns, Total: 3816000 ns
[2020-10-24T06:25:25.011+0000][7][safepoint    ] Safepoint "Cleanup", Time since last: 1001366400 ns, Reaching safepoint: 604500 ns, At safepoint: 36500 ns, Total: 641000 ns
[2020-10-24T06:25:26.013+0000][7][safepoint    ] Safepoint "Cleanup", Time since last: 1000986500 ns, Reaching safepoint: 660500 ns, At safepoint: 50000 ns, Total: 710500 ns
[2020-10-24T06:25:27.014+0000][7][safepoint    ] Safepoint "Cleanup", Time since last: 1001206500 ns, Reaching safepoint: 280500 ns, At safepoint: 9500 ns, Total: 290000 ns
[2020-10-24T06:25:28.016+0000][7][safepoint    ] Safepoint "Cleanup", Time since last: 1000566900 ns, Reaching safepoint: 816500 ns, At safepoint: 49400 ns, Total: 865900 ns
[2020-10-24T06:25:29.018+0000][7][safepoint    ] Safepoint "Cleanup", Time since last: 1001432000 ns, Reaching safepoint: 808400 ns, At safepoint: 49500 ns, Total: 857900 ns
[2020-10-24T06:25:30.019+0000][7][safepoint    ] Safepoint "Cleanup", Time since last: 1001165300 ns, Reaching safepoint: 321700 ns, At safepoint: 10500 ns, Total: 332200 ns
[2020-10-24T06:25:31.020+0000][7][safepoint    ] Safepoint "Cleanup", Time since last: 1000502500 ns, Reaching safepoint: 271700 ns, At safepoint: 15900 ns, Total: 287600 ns
[2020-10-24T06:25:32.022+0000][7][safepoint    ] Safepoint "Cleanup", Time since last: 1000705400 ns, Reaching safepoint: 842600 ns, At safepoint: 49700 ns, Total: 892300 ns
[2020-10-24T06:25:33.023+0000][7][safepoint    ] Safepoint "Cleanup", Time since last: 1001164100 ns, Reaching safepoint: 274700 ns, At safepoint: 12800 ns, Total: 287500 ns
[2020-10-24T06:25:34.025+0000][7][safepoint    ] Safepoint "Cleanup", Time since last: 1000629600 ns, Reaching safepoint: 635400 ns, At safepoint: 39000 ns, Total: 674400 ns
[2020-10-24T06:25:35.026+0000][7][safepoint    ] Safepoint "Cleanup", Time since last: 1001216500 ns, Reaching safepoint: 249600 ns, At safepoint: 11400 ns, Total: 261000 ns
[2020-10-24T06:25:36.027+0000][7][safepoint    ] Safepoint "Cleanup", Time since last: 1000593600 ns, Reaching safepoint: 546700 ns, At safepoint: 30500 ns, Total: 577200 ns
[2020-10-24T06:25:37.029+0000][7][safepoint    ] Safepoint "Cleanup", Time since last: 1000990100 ns, Reaching safepoint: 748900 ns, At safepoint: 117200 ns, Total: 866100 ns
[2020-10-24T06:25:38.031+0000][7][safepoint    ] Safepoint "Cleanup", Time since last: 1001260500 ns, Reaching safepoint: 270600 ns, At safepoint: 9900 ns, Total: 280500 ns
[2020-10-24T06:25:39.031+0000][7][safepoint    ] Safepoint "Cleanup", Time since last: 1000588100 ns, Reaching safepoint: 229400 ns, At safepoint: 10800 ns, Total: 240200 ns
[2020-10-24T06:25:40.033+0000][7][safepoint    ] Safepoint "Cleanup", Time since last: 1000664700 ns, Reaching safepoint: 649000 ns, At safepoint: 40400 ns, Total: 689400 ns
[2020-10-24T06:25:41.035+0000][7][safepoint    ] Safepoint "Cleanup", Time since last: 1001226200 ns, Reaching safepoint: 818400 ns, At safepoint: 50400 ns, Total: 868800 ns
[2020-10-24T06:25:41.088+0000][7][gc,start     ] GC(303) Pause Young (Concurrent Start) (G1 Evacuation Pause)
[2020-10-24T06:25:41.088+0000][7][gc,task      ] GC(303) Using 6 workers of 10 for evacuation
[2020-10-24T06:25:41.088+0000][7][gc,age       ] GC(303) Desired survivor size 3145728 bytes, new threshold 15 (max threshold 15)
[2020-10-24T06:25:41.092+0000][7][gc,age       ] GC(303) Age table with threshold 15 (max threshold 15)
[2020-10-24T06:25:41.092+0000][7][gc,age       ] GC(303) - age   1:     354136 bytes,     354136 total
[2020-10-24T06:25:41.093+0000][7][gc,age       ] GC(303) - age   2:      32008 bytes,     386144 total
[2020-10-24T06:25:41.093+0000][7][gc,age       ] GC(303) - age   3:     603800 bytes,     989944 total
[2020-10-24T06:25:41.093+0000][7][gc,age       ] GC(303) - age   4:     519016 bytes,    1508960 total
[2020-10-24T06:25:41.093+0000][7][gc,phases    ] GC(303)   Pre Evacuate Collection Set: 0.6ms
[2020-10-24T06:25:41.094+0000][7][gc,phases    ] GC(303)   Merge Heap Roots: 0.2ms
[2020-10-24T06:25:41.094+0000][7][gc,phases    ] GC(303)   Evacuate Collection Set: 1.6ms
[2020-10-24T06:25:41.094+0000][7][gc,phases    ] GC(303)   Post Evacuate Collection Set: 1.0ms
[2020-10-24T06:25:41.094+0000][7][gc,phases    ] GC(303)   Other: 2.5ms
[2020-10-24T06:25:41.094+0000][7][gc,heap      ] GC(303) Eden regions: 44->0(46)
[2020-10-24T06:25:41.095+0000][7][gc,heap      ] GC(303) Survivor regions: 3->2(6)
[2020-10-24T06:25:41.095+0000][7][gc,heap      ] GC(303) Old regions: 122->122
[2020-10-24T06:25:41.095+0000][7][gc,heap      ] GC(303) Archive regions: 2->2
[2020-10-24T06:25:41.095+0000][7][gc,heap      ] GC(303) Humongous regions: 15->15
[2020-10-24T06:25:41.095+0000][7][gc,metaspace ] GC(303) Metaspace: 109747K(118564K)->109747K(118564K) NonClass: 95829K(101080K)->95829K(101080K) Class: 13918K(17484K)->13918K(17484K)
[2020-10-24T06:25:41.095+0000][7][gc           ] GC(303) Pause Young (Concurrent Start) (G1 Evacuation Pause) 183M->139M(256M) 7.867ms
[2020-10-24T06:25:41.096+0000][7][gc,cpu       ] GC(303) User=0.01s Sys=0.00s Real=0.00s
[2020-10-24T06:25:41.096+0000][7][gc           ] GC(304) Concurrent Cycle
[2020-10-24T06:25:41.096+0000][7][safepoint    ] Safepoint "G1CollectForAllocation", Time since last: 52324400 ns, Reaching safepoint: 261400 ns, At safepoint: 8279800 ns, Total: 8541200 ns
[2020-10-24T06:25:41.096+0000][7][gc,marking   ] GC(304) Concurrent Clear Claimed Marks
[2020-10-24T06:25:41.097+0000][7][gc,marking   ] GC(304) Concurrent Clear Claimed Marks 0.713ms
[2020-10-24T06:25:41.097+0000][7][gc,marking   ] GC(304) Concurrent Scan Root Regions
[2020-10-24T06:25:41.098+0000][7][gc,marking   ] GC(304) Concurrent Scan Root Regions 1.244ms
[2020-10-24T06:25:41.098+0000][7][gc,marking   ] GC(304) Concurrent Mark (2498.465s)
[2020-10-24T06:25:41.098+0000][7][gc,marking   ] GC(304) Concurrent Mark From Roots
[2020-10-24T06:25:41.099+0000][7][gc,task      ] GC(304) Using 3 workers of 3 for marking
[2020-10-24T06:25:41.150+0000][7][gc,marking   ] GC(304) Concurrent Mark From Roots 52.038ms
[2020-10-24T06:25:41.151+0000][7][gc,marking   ] GC(304) Concurrent Preclean
[2020-10-24T06:25:41.152+0000][7][gc,marking   ] GC(304) Concurrent Preclean 0.742ms
[2020-10-24T06:25:41.152+0000][7][gc,marking   ] GC(304) Concurrent Mark (2498.465s, 2498.518s) 53.600ms
[2020-10-24T06:25:41.152+0000][7][gc,start     ] GC(304) Pause Remark
[2020-10-24T06:25:41.159+0000][7][gc           ] GC(304) Pause Remark 139M->139M(256M) 6.999ms
[2020-10-24T06:25:41.160+0000][7][gc,cpu       ] GC(304) User=0.04s Sys=0.00s Real=0.01s
[2020-10-24T06:25:41.160+0000][7][safepoint    ] Safepoint "G1Concurrent", Time since last: 56451200 ns, Reaching safepoint: 245900 ns, At safepoint: 7680500 ns, Total: 7926400 ns
[2020-10-24T06:25:41.161+0000][7][gc,marking   ] GC(304) Concurrent Rebuild Remembered Sets
[2020-10-24T06:25:41.198+0000][7][gc,marking   ] GC(304) Concurrent Rebuild Remembered Sets 37.501ms
[2020-10-24T06:25:41.199+0000][7][gc,start     ] GC(304) Pause Cleanup
[2020-10-24T06:25:41.199+0000][7][gc           ] GC(304) Pause Cleanup 139M->139M(256M) 0.565ms
[2020-10-24T06:25:41.200+0000][7][gc,cpu       ] GC(304) User=0.00s Sys=0.00s Real=0.00s
[2020-10-24T06:25:41.200+0000][7][safepoint    ] Safepoint "G1Concurrent", Time since last: 38414900 ns, Reaching safepoint: 240900 ns, At safepoint: 1145600 ns, Total: 1386500 ns
[2020-10-24T06:25:41.200+0000][7][gc,marking   ] GC(304) Concurrent Cleanup for Next Mark
[2020-10-24T06:25:41.201+0000][7][gc,marking   ] GC(304) Concurrent Cleanup for Next Mark 0.641ms
[2020-10-24T06:25:41.201+0000][7][gc           ] GC(304) Concurrent Cycle 105.536ms
[2020-10-24T06:25:42.201+0000][7][safepoint    ] Safepoint "Cleanup", Time since last: 1000534300 ns, Reaching safepoint: 808600 ns, At safepoint: 49100 ns, Total: 857700 ns
[2020-10-24T06:25:43.446+0000][7][safepoint    ] Safepoint "Cleanup", Time since last: 1244046500 ns, Reaching safepoint: 852100 ns, At safepoint: 50100 ns, Total: 902200 ns
[2020-10-24T06:25:44.090+0000][7][safepoint    ] Safepoint "BulkRevokeBias", Time since last: 641144800 ns, Reaching safepoint: 250600 ns, At safepoint: 1914900 ns, Total: 2165500 ns
[2020-10-24T06:25:45.203+0000][7][safepoint    ] Safepoint "Cleanup", Time since last: 1112321700 ns, Reaching safepoint: 903100 ns, At safepoint: 250900 ns, Total: 1154000 ns
[2020-10-24T06:25:46.205+0000][7][safepoint    ] Safepoint "Cleanup", Time since last: 1001186800 ns, Reaching safepoint: 793100 ns, At safepoint: 252100 ns, Total: 1045200 ns
[2020-10-24T06:25:47.207+0000][7][safepoint    ] Safepoint "Cleanup", Time since last: 1001151000 ns, Reaching safepoint: 267500 ns, At safepoint: 10300 ns, Total: 277800 ns
[2020-10-24T06:25:48.208+0000][7][safepoint    ] Safepoint "Cleanup", Time since last: 1000629100 ns, Reaching safepoint: 784100 ns, At safepoint: 49100 ns, Total: 833200 ns
[2020-10-24T06:25:49.210+0000][7][safepoint    ] Safepoint "Cleanup", Time since last: 1001342600 ns, Reaching safepoint: 500000 ns, At safepoint: 30000 ns, Total: 530000 ns
[2020-10-24T06:25:50.212+0000][7][safepoint    ] Safepoint "Cleanup", Time since last: 1000958900 ns, Reaching safepoint: 955200 ns, At safepoint: 191300 ns, Total: 1146500 ns
[2020-10-24T06:25:51.215+0000][7][safepoint    ] Safepoint "Cleanup", Time since last: 1001269500 ns, Reaching safepoint: 866900 ns, At safepoint: 237800 ns, Total: 1104700 ns
[2020-10-24T06:25:51.512+0000][7][gc,start     ] GC(305) Pause Young (Normal) (G1 Evacuation Pause)
[2020-10-24T06:25:51.513+0000][7][gc,task      ] GC(305) Using 6 workers of 10 for evacuation
[2020-10-24T06:25:51.514+0000][7][gc,age       ] GC(305) Desired survivor size 3145728 bytes, new threshold 15 (max threshold 15)
[2020-10-24T06:25:51.520+0000][7][gc,age       ] GC(305) Age table with threshold 15 (max threshold 15)
[2020-10-24T06:25:51.521+0000][7][gc,age       ] GC(305) - age   1:     596424 bytes,     596424 total
[2020-10-24T06:25:51.521+0000][7][gc,age       ] GC(305) - age   2:     111000 bytes,     707424 total
[2020-10-24T06:25:51.521+0000][7][gc,age       ] GC(305) - age   3:      18600 bytes,     726024 total
[2020-10-24T06:25:51.522+0000][7][gc,age       ] GC(305) - age   4:     583528 bytes,    1309552 total
[2020-10-24T06:25:51.522+0000][7][gc,age       ] GC(305) - age   5:     383344 bytes,    1692896 total
[2020-10-24T06:25:51.522+0000][7][gc,phases    ] GC(305)   Pre Evacuate Collection Set: 0.6ms
[2020-10-24T06:25:51.522+0000][7][gc,phases    ] GC(305)   Merge Heap Roots: 0.5ms
[2020-10-24T06:25:51.522+0000][7][gc,phases    ] GC(305)   Evacuate Collection Set: 4.0ms
[2020-10-24T06:25:51.523+0000][7][gc,phases    ] GC(305)   Post Evacuate Collection Set: 0.8ms
[2020-10-24T06:25:51.523+0000][7][gc,phases    ] GC(305)   Other: 4.6ms
[2020-10-24T06:25:51.523+0000][7][gc,heap      ] GC(305) Eden regions: 46->0(46)
[2020-10-24T06:25:51.523+0000][7][gc,heap      ] GC(305) Survivor regions: 2->2(6)
[2020-10-24T06:25:51.523+0000][7][gc,heap      ] GC(305) Old regions: 122->122
[2020-10-24T06:25:51.524+0000][7][gc,heap      ] GC(305) Archive regions: 2->2
[2020-10-24T06:25:51.524+0000][7][gc,heap      ] GC(305) Humongous regions: 15->15
[2020-10-24T06:25:51.524+0000][7][gc,metaspace ] GC(305) Metaspace: 109762K(118564K)->109762K(118564K) NonClass: 95843K(101080K)->95843K(101080K) Class: 13918K(17484K)->13918K(17484K)
[2020-10-24T06:25:51.524+0000][7][gc           ] GC(305) Pause Young (Normal) (G1 Evacuation Pause) 185M->139M(256M) 12.561ms
[2020-10-24T06:25:51.524+0000][7][gc,cpu       ] GC(305) User=0.03s Sys=0.00s Real=0.01s
[2020-10-24T06:25:51.525+0000][7][safepoint    ] Safepoint "G1CollectForAllocation", Time since last: 296247900 ns, Reaching safepoint: 700400 ns, At safepoint: 13041800 ns, Total: 13742200 ns
[2020-10-24T06:25:52.526+0000][7][safepoint    ] Safepoint "Cleanup", Time since last: 1000426800 ns, Reaching safepoint: 749900 ns, At safepoint: 99000 ns, Total: 848900 ns
[2020-10-24T06:25:53.528+0000][7][safepoint    ] Safepoint "Cleanup", Time since last: 1001234000 ns, Reaching safepoint: 672100 ns, At safepoint: 40000 ns, Total: 712100 ns
[2020-10-24T06:25:54.530+0000][7][safepoint    ] Safepoint "Cleanup", Time since last: 1001207600 ns, Reaching safepoint: 892500 ns, At safepoint: 49900 ns, Total: 942400 ns
[2020-10-24T06:25:55.532+0000][7][safepoint    ] Safepoint "Cleanup", Time since last: 1001278800 ns, Reaching safepoint: 862900 ns, At safepoint: 49800 ns, Total: 912700 ns
[2020-10-24T06:25:56.534+0000][7][safepoint    ] Safepoint "Cleanup", Time since last: 1001297300 ns, Reaching safepoint: 784500 ns, At safepoint: 49100 ns, Total: 833600 ns
[2020-10-24T06:25:57.536+0000][7][safepoint    ] Safepoint "Cleanup", Time since last: 1001149000 ns, Reaching safepoint: 305700 ns, At safepoint: 10200 ns, Total: 315900 ns
[2020-10-24T06:25:58.537+0000][7][safepoint    ] Safepoint "Cleanup", Time since last: 1000688400 ns, Reaching safepoint: 756500 ns, At safepoint: 48600 ns, Total: 805100 ns
[2020-10-24T06:25:59.539+0000][7][safepoint    ] Safepoint "Cleanup", Time since last: 1001320600 ns, Reaching safepoint: 881700 ns, At safepoint: 50400 ns, Total: 932100 ns
[2020-10-24T06:26:00.542+0000][7][safepoint    ] Safepoint "Cleanup", Time since last: 1001248700 ns, Reaching safepoint: 822500 ns, At safepoint: 49800 ns, Total: 872300 ns
[2020-10-24T06:26:01.543+0000][7][safepoint    ] Safepoint "Cleanup", Time since last: 1001195700 ns, Reaching safepoint: 299300 ns, At safepoint: 15900 ns, Total: 315200 ns
[2020-10-24T06:26:02.545+0000][7][safepoint    ] Safepoint "Cleanup", Time since last: 1000735600 ns, Reaching safepoint: 803900 ns, At safepoint: 51200 ns, Total: 855100 ns
[2020-10-24T06:26:03.546+0000][7][safepoint    ] Safepoint "Cleanup", Time since last: 1001287600 ns, Reaching safepoint: 241300 ns, At safepoint: 13600 ns, Total: 254900 ns
[2020-10-24T06:26:04.548+0000][7][safepoint    ] Safepoint "Cleanup", Time since last: 1000644100 ns, Reaching safepoint: 798000 ns, At safepoint: 50400 ns, Total: 848400 ns
[2020-10-24T06:26:05.549+0000][7][safepoint    ] Safepoint "Cleanup", Time since last: 1001207200 ns, Reaching safepoint: 273700 ns, At safepoint: 9500 ns, Total: 283200 ns
[2020-10-24T06:26:06.551+0000][7][safepoint    ] Safepoint "Cleanup", Time since last: 1000584300 ns, Reaching safepoint: 707900 ns, At safepoint: 37200 ns, Total: 745100 ns
[2020-10-24T06:26:07.553+0000][7][safepoint    ] Safepoint "Cleanup", Time since last: 1001262800 ns, Reaching safepoint: 968200 ns, At safepoint: 51400 ns, Total: 1019600 ns
[2020-10-24T06:26:08.555+0000][7][safepoint    ] Safepoint "Cleanup", Time since last: 1001280100 ns, Reaching safepoint: 843600 ns, At safepoint: 51800 ns, Total: 895400 ns
[2020-10-24T06:26:09.557+0000][7][safepoint    ] Safepoint "Cleanup", Time since last: 1001171600 ns, Reaching safepoint: 797800 ns, At safepoint: 51900 ns, Total: 849700 ns
[2020-10-24T06:26:10.559+0000][7][safepoint    ] Safepoint "Cleanup", Time since last: 1001271300 ns, Reaching safepoint: 802800 ns, At safepoint: 50000 ns, Total: 852800 ns
[2020-10-24T06:26:11.561+0000][7][safepoint    ] Safepoint "Cleanup", Time since last: 1001267400 ns, Reaching safepoint: 839900 ns, At safepoint: 49900 ns, Total: 889800 ns
[2020-10-24T06:26:12.563+0000][7][safepoint    ] Safepoint "Cleanup", Time since last: 1001246400 ns, Reaching safepoint: 777100 ns, At safepoint: 49600 ns, Total: 826700 ns
[2020-10-24T06:26:13.565+0000][7][safepoint    ] Safepoint "Cleanup", Time since last: 1001223200 ns, Reaching safepoint: 284500 ns, At safepoint: 9600 ns, Total: 294100 ns
[2020-10-24T06:26:14.566+0000][7][safepoint    ] Safepoint "Cleanup", Time since last: 1000606500 ns, Reaching safepoint: 875300 ns, At safepoint: 50300 ns, Total: 925600 ns
[2020-10-24T06:26:15.569+0000][7][safepoint    ] Safepoint "Cleanup", Time since last: 1001224600 ns, Reaching safepoint: 854600 ns, At safepoint: 49600 ns, Total: 904200 ns
[2020-10-24T06:26:16.571+0000][7][safepoint    ] Safepoint "Cleanup", Time since last: 1001267300 ns, Reaching safepoint: 812200 ns, At safepoint: 50800 ns, Total: 863000 ns
[2020-10-24T06:26:17.573+0000][7][safepoint    ] Safepoint "Cleanup", Time since last: 1001323800 ns, Reaching safepoint: 829500 ns, At safepoint: 49800 ns, Total: 879300 ns
[2020-10-24T06:26:18.575+0000][7][safepoint    ] Safepoint "Cleanup", Time since last: 1001178500 ns, Reaching safepoint: 851200 ns, At safepoint: 50200 ns, Total: 901400 ns
[2020-10-24T06:26:19.577+0000][7][safepoint    ] Safepoint "Cleanup", Time since last: 1001206200 ns, Reaching safepoint: 856900 ns, At safepoint: 53700 ns, Total: 910600 ns
[2020-10-24T06:26:20.578+0000][7][safepoint    ] Safepoint "Cleanup", Time since last: 1001132500 ns, Reaching safepoint: 265100 ns, At safepoint: 9800 ns, Total: 274900 ns
[2020-10-24T06:26:21.579+0000][7][safepoint    ] Safepoint "Cleanup", Time since last: 1000410500 ns, Reaching safepoint: 256500 ns, At safepoint: 10200 ns, Total: 266700 ns
[2020-10-24T06:26:22.530+0000][7][gc,start     ] GC(306) Pause Young (Concurrent Start) (G1 Evacuation Pause)
[2020-10-24T06:26:22.530+0000][7][gc,task      ] GC(306) Using 6 workers of 10 for evacuation
[2020-10-24T06:26:22.530+0000][7][gc,age       ] GC(306) Desired survivor size 3145728 bytes, new threshold 15 (max threshold 15)
[2020-10-24T06:26:22.534+0000][7][gc,age       ] GC(306) Age table with threshold 15 (max threshold 15)
[2020-10-24T06:26:22.534+0000][7][gc,age       ] GC(306) - age   1:    2265160 bytes,    2265160 total
[2020-10-24T06:26:22.534+0000][7][gc,age       ] GC(306) - age   2:     555144 bytes,    2820304 total
[2020-10-24T06:26:22.535+0000][7][gc,age       ] GC(306) - age   3:      94144 bytes,    2914448 total
[2020-10-24T06:26:22.535+0000][7][gc,age       ] GC(306) - age   4:      16784 bytes,    2931232 total
[2020-10-24T06:26:22.535+0000][7][gc,age       ] GC(306) - age   5:     553784 bytes,    3485016 total
[2020-10-24T06:26:22.535+0000][7][gc,age       ] GC(306) - age   6:     383280 bytes,    3868296 total
[2020-10-24T06:26:22.536+0000][7][gc,phases    ] GC(306)   Pre Evacuate Collection Set: 0.6ms
[2020-10-24T06:26:22.536+0000][7][gc,phases    ] GC(306)   Merge Heap Roots: 0.2ms
[2020-10-24T06:26:22.536+0000][7][gc,phases    ] GC(306)   Evacuate Collection Set: 1.8ms
[2020-10-24T06:26:22.536+0000][7][gc,phases    ] GC(306)   Post Evacuate Collection Set: 0.7ms
[2020-10-24T06:26:22.537+0000][7][gc,phases    ] GC(306)   Other: 2.8ms
[2020-10-24T06:26:22.537+0000][7][gc,heap      ] GC(306) Eden regions: 46->0(43)
[2020-10-24T06:26:22.537+0000][7][gc,heap      ] GC(306) Survivor regions: 2->4(6)
[2020-10-24T06:26:22.537+0000][7][gc,heap      ] GC(306) Old regions: 122->122
[2020-10-24T06:26:22.538+0000][7][gc,heap      ] GC(306) Archive regions: 2->2
[2020-10-24T06:26:22.538+0000][7][gc,heap      ] GC(306) Humongous regions: 15->15
[2020-10-24T06:26:22.538+0000][7][gc,metaspace ] GC(306) Metaspace: 109770K(118564K)->109770K(118564K) NonClass: 95852K(101080K)->95852K(101080K) Class: 13918K(17484K)->13918K(17484K)
[2020-10-24T06:26:22.538+0000][7][gc           ] GC(306) Pause Young (Concurrent Start) (G1 Evacuation Pause) 185M->141M(256M) 8.436ms
[2020-10-24T06:26:22.538+0000][7][gc,cpu       ] GC(306) User=0.01s Sys=0.00s Real=0.01s
[2020-10-24T06:26:22.538+0000][7][gc           ] GC(307) Concurrent Cycle
[2020-10-24T06:26:22.538+0000][7][safepoint    ] Safepoint "G1CollectForAllocation", Time since last: 950221100 ns, Reaching safepoint: 194600 ns, At safepoint: 8823100 ns, Total: 9017700 ns
[2020-10-24T06:26:22.539+0000][7][gc,marking   ] GC(307) Concurrent Clear Claimed Marks
[2020-10-24T06:26:22.540+0000][7][gc,marking   ] GC(307) Concurrent Clear Claimed Marks 1.142ms
[2020-10-24T06:26:22.540+0000][7][gc,marking   ] GC(307) Concurrent Scan Root Regions
[2020-10-24T06:26:22.541+0000][7][gc,marking   ] GC(307) Concurrent Scan Root Regions 0.959ms
[2020-10-24T06:26:22.541+0000][7][gc,marking   ] GC(307) Concurrent Mark (2539.908s)
[2020-10-24T06:26:22.541+0000][7][gc,marking   ] GC(307) Concurrent Mark From Roots
[2020-10-24T06:26:22.542+0000][7][gc,task      ] GC(307) Using 3 workers of 3 for marking
[2020-10-24T06:26:22.594+0000][7][gc,marking   ] GC(307) Concurrent Mark From Roots 52.963ms
[2020-10-24T06:26:22.595+0000][7][gc,marking   ] GC(307) Concurrent Preclean
[2020-10-24T06:26:22.595+0000][7][gc,marking   ] GC(307) Concurrent Preclean 0.662ms
[2020-10-24T06:26:22.596+0000][7][gc,marking   ] GC(307) Concurrent Mark (2539.908s, 2539.962s) 54.448ms
[2020-10-24T06:26:22.596+0000][7][gc,start     ] GC(307) Pause Remark
[2020-10-24T06:26:22.603+0000][7][gc           ] GC(307) Pause Remark 146M->146M(256M) 6.990ms
[2020-10-24T06:26:22.603+0000][7][gc,cpu       ] GC(307) User=0.02s Sys=0.01s Real=0.01s
[2020-10-24T06:26:22.604+0000][7][safepoint    ] Safepoint "G1Concurrent", Time since last: 57496600 ns, Reaching safepoint: 211000 ns, At safepoint: 7660000 ns, Total: 7871000 ns
[2020-10-24T06:26:22.604+0000][7][gc,marking   ] GC(307) Concurrent Rebuild Remembered Sets
[2020-10-24T06:26:22.637+0000][7][gc,marking   ] GC(307) Concurrent Rebuild Remembered Sets 33.010ms
[2020-10-24T06:26:22.638+0000][7][gc,start     ] GC(307) Pause Cleanup
[2020-10-24T06:26:22.638+0000][7][gc           ] GC(307) Pause Cleanup 147M->147M(256M) 0.577ms
[2020-10-24T06:26:22.639+0000][7][gc,cpu       ] GC(307) User=0.00s Sys=0.00s Real=0.00s
[2020-10-24T06:26:22.639+0000][7][safepoint    ] Safepoint "G1Concurrent", Time since last: 33789600 ns, Reaching safepoint: 171500 ns, At safepoint: 1135900 ns, Total: 1307400 ns
[2020-10-24T06:26:22.639+0000][7][gc,marking   ] GC(307) Concurrent Cleanup for Next Mark
[2020-10-24T06:26:22.640+0000][7][gc,marking   ] GC(307) Concurrent Cleanup for Next Mark 0.610ms
[2020-10-24T06:26:22.640+0000][7][gc           ] GC(307) Concurrent Cycle 101.692ms
[2020-10-24T06:26:23.082+0000][7][gc,start     ] GC(308) Pause Young (Normal) (G1 Evacuation Pause)
[2020-10-24T06:26:23.082+0000][7][gc,task      ] GC(308) Using 6 workers of 10 for evacuation
[2020-10-24T06:26:23.082+0000][7][gc,age       ] GC(308) Desired survivor size 3145728 bytes, new threshold 5 (max threshold 15)
[2020-10-24T06:26:23.086+0000][7][gc,age       ] GC(308) Age table with threshold 5 (max threshold 15)
[2020-10-24T06:26:23.086+0000][7][gc,age       ] GC(308) - age   1:     517520 bytes,     517520 total
[2020-10-24T06:26:23.086+0000][7][gc,age       ] GC(308) - age   2:     972896 bytes,    1490416 total
[2020-10-24T06:26:23.087+0000][7][gc,age       ] GC(308) - age   3:     554304 bytes,    2044720 total
[2020-10-24T06:26:23.087+0000][7][gc,age       ] GC(308) - age   4:      92544 bytes,    2137264 total
[2020-10-24T06:26:23.087+0000][7][gc,age       ] GC(308) - age   5:      12624 bytes,    2149888 total
[2020-10-24T06:26:23.087+0000][7][gc,phases    ] GC(308)   Pre Evacuate Collection Set: 0.1ms
[2020-10-24T06:26:23.088+0000][7][gc,phases    ] GC(308)   Merge Heap Roots: 0.1ms
[2020-10-24T06:26:23.088+0000][7][gc,phases    ] GC(308)   Evacuate Collection Set: 1.8ms
[2020-10-24T06:26:23.088+0000][7][gc,phases    ] GC(308)   Post Evacuate Collection Set: 0.9ms
[2020-10-24T06:26:23.088+0000][7][gc,phases    ] GC(308)   Other: 3.0ms
[2020-10-24T06:26:23.089+0000][7][gc,heap      ] GC(308) Eden regions: 43->0(44)
[2020-10-24T06:26:23.089+0000][7][gc,heap      ] GC(308) Survivor regions: 4->3(6)
[2020-10-24T06:26:23.089+0000][7][gc,heap      ] GC(308) Old regions: 122->123
[2020-10-24T06:26:23.089+0000][7][gc,heap      ] GC(308) Archive regions: 2->2
[2020-10-24T06:26:23.090+0000][7][gc,heap      ] GC(308) Humongous regions: 15->15
[2020-10-24T06:26:23.090+0000][7][gc,metaspace ] GC(308) Metaspace: 109770K(118564K)->109770K(118564K) NonClass: 95852K(101080K)->95852K(101080K) Class: 13918K(17484K)->13918K(17484K)
[2020-10-24T06:26:23.090+0000][7][gc           ] GC(308) Pause Young (Normal) (G1 Evacuation Pause) 184M->140M(256M) 8.564ms
[2020-10-24T06:26:23.090+0000][7][gc,cpu       ] GC(308) User=0.03s Sys=0.00s Real=0.01s
[2020-10-24T06:26:23.091+0000][7][safepoint    ] Safepoint "G1CollectForAllocation", Time since last: 442370400 ns, Reaching safepoint: 269800 ns, At safepoint: 9036100 ns, Total: 9305900 ns
[2020-10-24T06:26:24.093+0000][7][safepoint    ] Safepoint "Cleanup", Time since last: 1001642500 ns, Reaching safepoint: 827000 ns, At safepoint: 51200 ns, Total: 878200 ns
[2020-10-24T06:26:25.095+0000][7][safepoint    ] Safepoint "Cleanup", Time since last: 1001302300 ns, Reaching safepoint: 821500 ns, At safepoint: 49500 ns, Total: 871000 ns
[2020-10-24T06:26:26.097+0000][7][safepoint    ] Safepoint "Cleanup", Time since last: 1001280300 ns, Reaching safepoint: 218400 ns, At safepoint: 33000 ns, Total: 251400 ns
[2020-10-24T06:26:27.098+0000][7][safepoint    ] Safepoint "Cleanup", Time since last: 1000585400 ns, Reaching safepoint: 232000 ns, At safepoint: 10300 ns, Total: 242300 ns
[2020-10-24T06:26:28.098+0000][7][safepoint    ] Safepoint "Cleanup", Time since last: 1000543700 ns, Reaching safepoint: 260200 ns, At safepoint: 9400 ns, Total: 269600 ns
[2020-10-24T06:26:29.099+0000][7][safepoint    ] Safepoint "Cleanup", Time since last: 1000548500 ns, Reaching safepoint: 223200 ns, At safepoint: 23800 ns, Total: 247000 ns
[2020-10-24T06:26:30.101+0000][7][safepoint    ] Safepoint "Cleanup", Time since last: 1000658800 ns, Reaching safepoint: 1139600 ns, At safepoint: 53800 ns, Total: 1193400 ns
[2020-10-24T06:26:31.102+0000][7][safepoint    ] Safepoint "Cleanup", Time since last: 1001135100 ns, Reaching safepoint: 276600 ns, At safepoint: 9900 ns, Total: 286500 ns
[2020-10-24T06:26:32.104+0000][7][safepoint    ] Safepoint "Cleanup", Time since last: 1000619600 ns, Reaching safepoint: 892300 ns, At safepoint: 126400 ns, Total: 1018700 ns
[2020-10-24T06:26:33.106+0000][7][safepoint    ] Safepoint "Cleanup", Time since last: 1001264700 ns, Reaching safepoint: 266400 ns, At safepoint: 9700 ns, Total: 276100 ns
[2020-10-24T06:26:34.106+0000][7][safepoint    ] Safepoint "Cleanup", Time since last: 1000527000 ns, Reaching safepoint: 260700 ns, At safepoint: 13600 ns, Total: 274300 ns
[2020-10-24T06:26:35.107+0000][7][safepoint    ] Safepoint "Cleanup", Time since last: 1000517900 ns, Reaching safepoint: 266700 ns, At safepoint: 9400 ns, Total: 276100 ns
[2020-10-24T06:26:36.108+0000][7][safepoint    ] Safepoint "Cleanup", Time since last: 1000476300 ns, Reaching safepoint: 262500 ns, At safepoint: 9500 ns, Total: 272000 ns
[2020-10-24T06:26:37.109+0000][7][safepoint    ] Safepoint "Cleanup", Time since last: 1000561900 ns, Reaching safepoint: 875000 ns, At safepoint: 54900 ns, Total: 929900 ns
[2020-10-24T06:26:38.111+0000][7][safepoint    ] Safepoint "Cleanup", Time since last: 1001137200 ns, Reaching safepoint: 260400 ns, At safepoint: 9700 ns, Total: 270100 ns
[2020-10-24T06:26:39.112+0000][7][safepoint    ] Safepoint "Cleanup", Time since last: 1000526400 ns, Reaching safepoint: 262100 ns, At safepoint: 9800 ns, Total: 271900 ns
[2020-10-24T06:26:40.113+0000][7][safepoint    ] Safepoint "Cleanup", Time since last: 1000558000 ns, Reaching safepoint: 816900 ns, At safepoint: 49600 ns, Total: 866500 ns
[2020-10-24T06:26:41.115+0000][7][safepoint    ] Safepoint "Cleanup", Time since last: 1001106500 ns, Reaching safepoint: 267600 ns, At safepoint: 9700 ns, Total: 277300 ns
[2020-10-24T06:26:42.115+0000][7][safepoint    ] Safepoint "Cleanup", Time since last: 1000507200 ns, Reaching safepoint: 217800 ns, At safepoint: 10900 ns, Total: 228700 ns
[2020-10-24T06:26:43.117+0000][7][safepoint    ] Safepoint "Cleanup", Time since last: 1000625800 ns, Reaching safepoint: 844000 ns, At safepoint: 92100 ns, Total: 936100 ns
[2020-10-24T06:26:44.118+0000][7][safepoint    ] Safepoint "Cleanup", Time since last: 1001132600 ns, Reaching safepoint: 254100 ns, At safepoint: 13400 ns, Total: 267500 ns
[2020-10-24T06:26:45.119+0000][7][safepoint    ] Safepoint "Cleanup", Time since last: 1000646400 ns, Reaching safepoint: 225300 ns, At safepoint: 9400 ns, Total: 234700 ns
[2020-10-24T06:26:46.120+0000][7][safepoint    ] Safepoint "Cleanup", Time since last: 1000536900 ns, Reaching safepoint: 294900 ns, At safepoint: 9400 ns, Total: 304300 ns
[2020-10-24T06:26:46.444+0000][7][gc,start     ] GC(309) Pause Young (Concurrent Start) (G1 Evacuation Pause)
[2020-10-24T06:26:46.444+0000][7][gc,task      ] GC(309) Using 6 workers of 10 for evacuation
[2020-10-24T06:26:46.445+0000][7][gc,age       ] GC(309) Desired survivor size 3145728 bytes, new threshold 15 (max threshold 15)
[2020-10-24T06:26:46.448+0000][7][gc,age       ] GC(309) Age table with threshold 15 (max threshold 15)
[2020-10-24T06:26:46.449+0000][7][gc,age       ] GC(309) - age   1:     424968 bytes,     424968 total
[2020-10-24T06:26:46.449+0000][7][gc,age       ] GC(309) - age   2:      23568 bytes,     448536 total
[2020-10-24T06:26:46.449+0000][7][gc,age       ] GC(309) - age   3:     681256 bytes,    1129792 total
[2020-10-24T06:26:46.450+0000][7][gc,age       ] GC(309) - age   4:     546048 bytes,    1675840 total
[2020-10-24T06:26:46.450+0000][7][gc,age       ] GC(309) - age   5:      62352 bytes,    1738192 total
[2020-10-24T06:26:46.450+0000][7][gc,age       ] GC(309) - age   6:      12600 bytes,    1750792 total
[2020-10-24T06:26:46.450+0000][7][gc,phases    ] GC(309)   Pre Evacuate Collection Set: 0.6ms
[2020-10-24T06:26:46.451+0000][7][gc,phases    ] GC(309)   Merge Heap Roots: 0.1ms
[2020-10-24T06:26:46.451+0000][7][gc,phases    ] GC(309)   Evacuate Collection Set: 1.8ms
[2020-10-24T06:26:46.451+0000][7][gc,phases    ] GC(309)   Post Evacuate Collection Set: 0.8ms
[2020-10-24T06:26:46.451+0000][7][gc,phases    ] GC(309)   Other: 3.1ms
[2020-10-24T06:26:46.451+0000][7][gc,heap      ] GC(309) Eden regions: 44->0(46)
[2020-10-24T06:26:46.451+0000][7][gc,heap      ] GC(309) Survivor regions: 3->2(6)
[2020-10-24T06:26:46.452+0000][7][gc,heap      ] GC(309) Old regions: 123->123
[2020-10-24T06:26:46.452+0000][7][gc,heap      ] GC(309) Archive regions: 2->2
[2020-10-24T06:26:46.452+0000][7][gc,heap      ] GC(309) Humongous regions: 15->15
[2020-10-24T06:26:46.452+0000][7][gc,metaspace ] GC(309) Metaspace: 109773K(118564K)->109773K(118564K) NonClass: 95855K(101080K)->95855K(101080K) Class: 13918K(17484K)->13918K(17484K)
[2020-10-24T06:26:46.452+0000][7][gc           ] GC(309) Pause Young (Concurrent Start) (G1 Evacuation Pause) 184M->140M(256M) 8.206ms
[2020-10-24T06:26:46.452+0000][7][gc,cpu       ] GC(309) User=0.01s Sys=0.01s Real=0.01s
[2020-10-24T06:26:46.452+0000][7][safepoint    ] Safepoint "G1CollectForAllocation", Time since last: 323687300 ns, Reaching safepoint: 261600 ns, At safepoint: 8626000 ns, Total: 8887600 ns
[2020-10-24T06:26:46.452+0000][7][gc           ] GC(310) Concurrent Cycle
[2020-10-24T06:26:46.453+0000][7][gc,marking   ] GC(310) Concurrent Clear Claimed Marks
[2020-10-24T06:26:46.454+0000][7][gc,marking   ] GC(310) Concurrent Clear Claimed Marks 0.895ms
[2020-10-24T06:26:46.454+0000][7][gc,marking   ] GC(310) Concurrent Scan Root Regions
[2020-10-24T06:26:46.455+0000][7][gc,marking   ] GC(310) Concurrent Scan Root Regions 1.371ms
[2020-10-24T06:26:46.456+0000][7][gc,marking   ] GC(310) Concurrent Mark (2563.822s)
[2020-10-24T06:26:46.456+0000][7][gc,marking   ] GC(310) Concurrent Mark From Roots
[2020-10-24T06:26:46.456+0000][7][gc,task      ] GC(310) Using 3 workers of 3 for marking
[2020-10-24T06:26:46.510+0000][7][gc,marking   ] GC(310) Concurrent Mark From Roots 53.856ms
[2020-10-24T06:26:46.510+0000][7][gc,marking   ] GC(310) Concurrent Preclean
[2020-10-24T06:26:46.511+0000][7][gc,marking   ] GC(310) Concurrent Preclean 0.740ms
[2020-10-24T06:26:46.511+0000][7][gc,marking   ] GC(310) Concurrent Mark (2563.822s, 2563.878s) 55.499ms
[2020-10-24T06:26:46.512+0000][7][gc,start     ] GC(310) Pause Remark
[2020-10-24T06:26:46.519+0000][7][gc           ] GC(310) Pause Remark 141M->141M(256M) 7.015ms
[2020-10-24T06:26:46.519+0000][7][gc,cpu       ] GC(310) User=0.04s Sys=0.00s Real=0.01s
[2020-10-24T06:26:46.519+0000][7][safepoint    ] Safepoint "G1Concurrent", Time since last: 59049000 ns, Reaching safepoint: 217800 ns, At safepoint: 7711800 ns, Total: 7929600 ns
[2020-10-24T06:26:46.520+0000][7][gc,marking   ] GC(310) Concurrent Rebuild Remembered Sets
[2020-10-24T06:26:46.558+0000][7][gc,marking   ] GC(310) Concurrent Rebuild Remembered Sets 38.013ms
[2020-10-24T06:26:46.559+0000][7][gc,start     ] GC(310) Pause Cleanup
[2020-10-24T06:26:46.559+0000][7][gc           ] GC(310) Pause Cleanup 141M->141M(256M) 0.504ms
[2020-10-24T06:26:46.559+0000][7][gc,cpu       ] GC(310) User=0.00s Sys=0.00s Real=0.00s
[2020-10-24T06:26:46.560+0000][7][safepoint    ] Safepoint "G1Concurrent", Time since last: 38803100 ns, Reaching safepoint: 220900 ns, At safepoint: 1077800 ns, Total: 1298700 ns
[2020-10-24T06:26:46.560+0000][7][gc,marking   ] GC(310) Concurrent Cleanup for Next Mark
[2020-10-24T06:26:46.560+0000][7][gc,marking   ] GC(310) Concurrent Cleanup for Next Mark 0.565ms
[2020-10-24T06:26:46.561+0000][7][gc           ] GC(310) Concurrent Cycle 108.083ms
[2020-10-24T06:26:47.103+0000][7][safepoint    ] Safepoint "BulkRevokeBias", Time since last: 540662200 ns, Reaching safepoint: 223500 ns, At safepoint: 2211000 ns, Total: 2434500 ns
[2020-10-24T06:26:48.317+0000][7][safepoint    ] Safepoint "Cleanup", Time since last: 1214114700 ns, Reaching safepoint: 292200 ns, At safepoint: 14300 ns, Total: 306500 ns
[2020-10-24T06:26:49.318+0000][7][safepoint    ] Safepoint "Cleanup", Time since last: 1000644300 ns, Reaching safepoint: 642400 ns, At safepoint: 53600 ns, Total: 696000 ns
[2020-10-24T06:26:50.320+0000][7][safepoint    ] Safepoint "Cleanup", Time since last: 1001141100 ns, Reaching safepoint: 326100 ns, At safepoint: 10000 ns, Total: 336100 ns
[2020-10-24T06:26:51.321+0000][7][safepoint    ] Safepoint "Cleanup", Time since last: 1000525700 ns, Reaching safepoint: 265300 ns, At safepoint: 10000 ns, Total: 275300 ns
[2020-10-24T06:26:52.322+0000][7][safepoint    ] Safepoint "Cleanup", Time since last: 1000630800 ns, Reaching safepoint: 445700 ns, At safepoint: 24500 ns, Total: 470200 ns
[2020-10-24T06:26:53.090+0000][7][gc,start     ] GC(311) Pause Young (Normal) (G1 Evacuation Pause)
[2020-10-24T06:26:53.091+0000][7][gc,task      ] GC(311) Using 6 workers of 10 for evacuation
[2020-10-24T06:26:53.091+0000][7][gc,age       ] GC(311) Desired survivor size 3145728 bytes, new threshold 15 (max threshold 15)
[2020-10-24T06:26:53.094+0000][7][gc,age       ] GC(311) Age table with threshold 15 (max threshold 15)
[2020-10-24T06:26:53.094+0000][7][gc,age       ] GC(311) - age   1:     567512 bytes,     567512 total
[2020-10-24T06:26:53.094+0000][7][gc,age       ] GC(311) - age   2:     358968 bytes,     926480 total
[2020-10-24T06:26:53.095+0000][7][gc,age       ] GC(311) - age   3:      21728 bytes,     948208 total
[2020-10-24T06:26:53.095+0000][7][gc,age       ] GC(311) - age   4:     662552 bytes,    1610760 total
[2020-10-24T06:26:53.095+0000][7][gc,age       ] GC(311) - age   5:      78800 bytes,    1689560 total
[2020-10-24T06:26:53.095+0000][7][gc,age       ] GC(311) - age   6:      62352 bytes,    1751912 total
[2020-10-24T06:26:53.095+0000][7][gc,age       ] GC(311) - age   7:      12600 bytes,    1764512 total
[2020-10-24T06:26:53.096+0000][7][gc,phases    ] GC(311)   Pre Evacuate Collection Set: 0.1ms
[2020-10-24T06:26:53.096+0000][7][gc,phases    ] GC(311)   Merge Heap Roots: 0.2ms
[2020-10-24T06:26:53.096+0000][7][gc,phases    ] GC(311)   Evacuate Collection Set: 1.4ms
[2020-10-24T06:26:53.096+0000][7][gc,phases    ] GC(311)   Post Evacuate Collection Set: 0.7ms
[2020-10-24T06:26:53.096+0000][7][gc,phases    ] GC(311)   Other: 2.9ms
[2020-10-24T06:26:53.096+0000][7][gc,heap      ] GC(311) Eden regions: 46->0(46)
[2020-10-24T06:26:53.096+0000][7][gc,heap      ] GC(311) Survivor regions: 2->2(6)
[2020-10-24T06:26:53.097+0000][7][gc,heap      ] GC(311) Old regions: 123->123
[2020-10-24T06:26:53.097+0000][7][gc,heap      ] GC(311) Archive regions: 2->2
[2020-10-24T06:26:53.097+0000][7][gc,heap      ] GC(311) Humongous regions: 15->15
[2020-10-24T06:26:53.097+0000][7][gc,metaspace ] GC(311) Metaspace: 109784K(118564K)->109784K(118564K) NonClass: 95865K(101080K)->95865K(101080K) Class: 13918K(17484K)->13918K(17484K)
[2020-10-24T06:26:53.097+0000][7][gc           ] GC(311) Pause Young (Normal) (G1 Evacuation Pause) 186M->140M(256M) 6.926ms
[2020-10-24T06:26:53.097+0000][7][gc,cpu       ] GC(311) User=0.01s Sys=0.00s Real=0.01s
[2020-10-24T06:26:53.098+0000][7][safepoint    ] Safepoint "G1CollectForAllocation", Time since last: 768229500 ns, Reaching safepoint: 190300 ns, At safepoint: 7363500 ns, Total: 7553800 ns
[2020-10-24T06:26:54.098+0000][7][safepoint    ] Safepoint "Cleanup", Time since last: 1000254700 ns, Reaching safepoint: 263500 ns, At safepoint: 9200 ns, Total: 272700 ns
[2020-10-24T06:26:55.099+0000][7][safepoint    ] Safepoint "Cleanup", Time since last: 1000605300 ns, Reaching safepoint: 246400 ns, At safepoint: 11700 ns, Total: 258100 ns
[2020-10-24T06:26:56.100+0000][7][safepoint    ] Safepoint "Cleanup", Time since last: 1000600800 ns, Reaching safepoint: 228700 ns, At safepoint: 9100 ns, Total: 237800 ns
[2020-10-24T06:26:57.101+0000][7][safepoint    ] Safepoint "Cleanup", Time since last: 1000511600 ns, Reaching safepoint: 341700 ns, At safepoint: 9900 ns, Total: 351600 ns
[2020-10-24T06:26:58.101+0000][7][safepoint    ] Safepoint "Cleanup", Time since last: 1000502600 ns, Reaching safepoint: 232200 ns, At safepoint: 18700 ns, Total: 250900 ns
[2020-10-24T06:26:59.102+0000][7][safepoint    ] Safepoint "Cleanup", Time since last: 1000501900 ns, Reaching safepoint: 223800 ns, At safepoint: 23700 ns, Total: 247500 ns
[2020-10-24T06:27:00.103+0000][7][safepoint    ] Safepoint "Cleanup", Time since last: 1000492400 ns, Reaching safepoint: 225700 ns, At safepoint: 22700 ns, Total: 248400 ns
[2020-10-24T06:27:01.104+0000][7][safepoint    ] Safepoint "Cleanup", Time since last: 1000578200 ns, Reaching safepoint: 228800 ns, At safepoint: 9300 ns, Total: 238100 ns
[2020-10-24T06:27:02.105+0000][7][safepoint    ] Safepoint "Cleanup", Time since last: 1000583400 ns, Reaching safepoint: 844400 ns, At safepoint: 48000 ns, Total: 892400 ns
[2020-10-24T06:27:03.108+0000][7][safepoint    ] Safepoint "Cleanup", Time since last: 1001282500 ns, Reaching safepoint: 1015500 ns, At safepoint: 51300 ns, Total: 1066800 ns
[2020-10-24T06:27:04.109+0000][7][safepoint    ] Safepoint "Cleanup", Time since last: 1001113900 ns, Reaching safepoint: 291700 ns, At safepoint: 24900 ns, Total: 316600 ns
[2020-10-24T06:27:05.110+0000][7][safepoint    ] Safepoint "Cleanup", Time since last: 1000420800 ns, Reaching safepoint: 266200 ns, At safepoint: 19100 ns, Total: 285300 ns
[2020-10-24T06:27:06.111+0000][7][safepoint    ] Safepoint "Cleanup", Time since last: 1000619300 ns, Reaching safepoint: 719300 ns, At safepoint: 39600 ns, Total: 758900 ns
[2020-10-24T06:27:07.113+0000][7][safepoint    ] Safepoint "Cleanup", Time since last: 1001268800 ns, Reaching safepoint: 979100 ns, At safepoint: 49900 ns, Total: 1029000 ns
[2020-10-24T06:27:08.116+0000][7][safepoint    ] Safepoint "Cleanup", Time since last: 1001248200 ns, Reaching safepoint: 859500 ns, At safepoint: 128100 ns, Total: 987600 ns
[2020-10-24T06:27:09.117+0000][7][safepoint    ] Safepoint "Cleanup", Time since last: 1001167300 ns, Reaching safepoint: 237000 ns, At safepoint: 11400 ns, Total: 248400 ns
[2020-10-24T06:27:10.118+0000][7][safepoint    ] Safepoint "Cleanup", Time since last: 1000556400 ns, Reaching safepoint: 795900 ns, At safepoint: 54400 ns, Total: 850300 ns
[2020-10-24T06:27:11.120+0000][7][safepoint    ] Safepoint "Cleanup", Time since last: 1001252300 ns, Reaching safepoint: 212800 ns, At safepoint: 39500 ns, Total: 252300 ns
[2020-10-24T06:27:12.121+0000][7][safepoint    ] Safepoint "Cleanup", Time since last: 1000495900 ns, Reaching safepoint: 207000 ns, At safepoint: 23600 ns, Total: 230600 ns
[2020-10-24T06:27:13.122+0000][7][safepoint    ] Safepoint "Cleanup", Time since last: 1000609500 ns, Reaching safepoint: 811700 ns, At safepoint: 47700 ns, Total: 859400 ns
[2020-10-24T06:27:14.124+0000][7][safepoint    ] Safepoint "Cleanup", Time since last: 1001323600 ns, Reaching safepoint: 614400 ns, At safepoint: 40300 ns, Total: 654700 ns
[2020-10-24T06:27:15.126+0000][7][safepoint    ] Safepoint "Cleanup", Time since last: 1001324700 ns, Reaching safepoint: 804900 ns, At safepoint: 48500 ns, Total: 853400 ns
[2020-10-24T06:27:16.129+0000][7][safepoint    ] Safepoint "Cleanup", Time since last: 1001322300 ns, Reaching safepoint: 823700 ns, At safepoint: 48300 ns, Total: 872000 ns
[2020-10-24T06:27:17.131+0000][7][safepoint    ] Safepoint "Cleanup", Time since last: 1001286200 ns, Reaching safepoint: 884400 ns, At safepoint: 49600 ns, Total: 934000 ns
[2020-10-24T06:27:18.132+0000][7][safepoint    ] Safepoint "Cleanup", Time since last: 1001261500 ns, Reaching safepoint: 220500 ns, At safepoint: 11200 ns, Total: 231700 ns
[2020-10-24T06:27:19.133+0000][7][safepoint    ] Safepoint "Cleanup", Time since last: 1000602800 ns, Reaching safepoint: 276700 ns, At safepoint: 9500 ns, Total: 286200 ns
[2020-10-24T06:27:20.134+0000][7][safepoint    ] Safepoint "Cleanup", Time since last: 1000500600 ns, Reaching safepoint: 271500 ns, At safepoint: 23500 ns, Total: 295000 ns
[2020-10-24T06:27:21.135+0000][7][safepoint    ] Safepoint "Cleanup", Time since last: 1000530900 ns, Reaching safepoint: 334400 ns, At safepoint: 12400 ns, Total: 346800 ns
[2020-10-24T06:27:22.136+0000][7][safepoint    ] Safepoint "Cleanup", Time since last: 1000719000 ns, Reaching safepoint: 810700 ns, At safepoint: 98000 ns, Total: 908700 ns
[2020-10-24T06:27:22.529+0000][7][safepoint    ] Safepoint "BulkRevokeBias", Time since last: 388723800 ns, Reaching safepoint: 251600 ns, At safepoint: 3552400 ns, Total: 3804000 ns
[2020-10-24T06:27:23.125+0000][7][gc,start     ] GC(312) Pause Young (Concurrent Start) (G1 Evacuation Pause)
[2020-10-24T06:27:23.126+0000][7][gc,task      ] GC(312) Using 6 workers of 10 for evacuation
[2020-10-24T06:27:23.127+0000][7][gc,age       ] GC(312) Desired survivor size 3145728 bytes, new threshold 15 (max threshold 15)
[2020-10-24T06:27:23.137+0000][7][gc,age       ] GC(312) Age table with threshold 15 (max threshold 15)
[2020-10-24T06:27:23.138+0000][7][gc,age       ] GC(312) - age   1:    4692464 bytes,    4692464 total
[2020-10-24T06:27:23.138+0000][7][gc,age       ] GC(312) - age   2:     443464 bytes,    5135928 total
[2020-10-24T06:27:23.138+0000][7][gc,age       ] GC(312) - age   3:     330544 bytes,    5466472 total
[2020-10-24T06:27:23.138+0000][7][gc,age       ] GC(312) - age   4:      15616 bytes,    5482088 total
[2020-10-24T06:27:23.139+0000][7][gc,age       ] GC(312) - age   5:     643048 bytes,    6125136 total
[2020-10-24T06:27:23.139+0000][7][gc,age       ] GC(312) - age   6:      68720 bytes,    6193856 total
[2020-10-24T06:27:23.139+0000][7][gc,age       ] GC(312) - age   7:      54280 bytes,    6248136 total
[2020-10-24T06:27:23.139+0000][7][gc,age       ] GC(312) - age   8:      12480 bytes,    6260616 total
[2020-10-24T06:27:23.139+0000][7][gc,phases    ] GC(312)   Pre Evacuate Collection Set: 1.7ms
[2020-10-24T06:27:23.140+0000][7][gc,phases    ] GC(312)   Merge Heap Roots: 0.5ms
[2020-10-24T06:27:23.140+0000][7][gc,phases    ] GC(312)   Evacuate Collection Set: 5.6ms
[2020-10-24T06:27:23.140+0000][7][gc,phases    ] GC(312)   Post Evacuate Collection Set: 0.9ms
[2020-10-24T06:27:23.140+0000][7][gc,phases    ] GC(312)   Other: 5.9ms
[2020-10-24T06:27:23.140+0000][7][gc,heap      ] GC(312) Eden regions: 46->0(37)
[2020-10-24T06:27:23.140+0000][7][gc,heap      ] GC(312) Survivor regions: 2->6(6)
[2020-10-24T06:27:23.141+0000][7][gc,heap      ] GC(312) Old regions: 123->124
[2020-10-24T06:27:23.141+0000][7][gc,heap      ] GC(312) Archive regions: 2->2
[2020-10-24T06:27:23.141+0000][7][gc,heap      ] GC(312) Humongous regions: 15->15
[2020-10-24T06:27:23.141+0000][7][gc,metaspace ] GC(312) Metaspace: 109820K(118564K)->109820K(118564K) NonClass: 95902K(101080K)->95902K(101080K) Class: 13918K(17484K)->13918K(17484K)
[2020-10-24T06:27:23.141+0000][7][gc           ] GC(312) Pause Young (Concurrent Start) (G1 Evacuation Pause) 186M->145M(256M) 16.122ms
[2020-10-24T06:27:23.141+0000][7][gc,cpu       ] GC(312) User=0.04s Sys=0.00s Real=0.02s
[2020-10-24T06:27:23.141+0000][7][gc           ] GC(313) Concurrent Cycle
[2020-10-24T06:27:23.141+0000][7][gc,marking   ] GC(313) Concurrent Clear Claimed Marks
[2020-10-24T06:27:23.141+0000][7][safepoint    ] Safepoint "G1CollectForAllocation", Time since last: 595025300 ns, Reaching safepoint: 840800 ns, At safepoint: 16539100 ns, Total: 17379900 ns
[2020-10-24T06:27:23.142+0000][7][gc,marking   ] GC(313) Concurrent Clear Claimed Marks 0.657ms
[2020-10-24T06:27:23.142+0000][7][gc,marking   ] GC(313) Concurrent Scan Root Regions
[2020-10-24T06:27:23.143+0000][7][gc,marking   ] GC(313) Concurrent Scan Root Regions 0.806ms
[2020-10-24T06:27:23.143+0000][7][gc,marking   ] GC(313) Concurrent Mark (2600.510s)
[2020-10-24T06:27:23.143+0000][7][gc,marking   ] GC(313) Concurrent Mark From Roots
[2020-10-24T06:27:23.143+0000][7][gc,task      ] GC(313) Using 3 workers of 3 for marking
[2020-10-24T06:27:23.161+0000][7][gc,start     ] GC(314) Pause Young (Normal) (G1 Evacuation Pause)
[2020-10-24T06:27:23.162+0000][7][gc,task      ] GC(314) Using 6 workers of 10 for evacuation
[2020-10-24T06:27:23.162+0000][7][gc,age       ] GC(314) Desired survivor size 3145728 bytes, new threshold 1 (max threshold 15)
[2020-10-24T06:27:23.165+0000][7][gc,age       ] GC(314) Age table with threshold 1 (max threshold 15)
[2020-10-24T06:27:23.165+0000][7][gc,age       ] GC(314) - age   1:     110528 bytes,     110528 total
[2020-10-24T06:27:23.165+0000][7][gc,phases    ] GC(314)   Pre Evacuate Collection Set: 0.1ms
[2020-10-24T06:27:23.166+0000][7][gc,phases    ] GC(314)   Merge Heap Roots: 0.1ms
[2020-10-24T06:27:23.166+0000][7][gc,phases    ] GC(314)   Evacuate Collection Set: 1.4ms
[2020-10-24T06:27:23.166+0000][7][gc,phases    ] GC(314)   Post Evacuate Collection Set: 0.9ms
[2020-10-24T06:27:23.166+0000][7][gc,phases    ] GC(314)   Other: 1.6ms
[2020-10-24T06:27:23.167+0000][7][gc,heap      ] GC(314) Eden regions: 37->0(41)
[2020-10-24T06:27:23.167+0000][7][gc,heap      ] GC(314) Survivor regions: 6->1(6)
[2020-10-24T06:27:23.167+0000][7][gc,heap      ] GC(314) Old regions: 124->127
[2020-10-24T06:27:23.167+0000][7][gc,heap      ] GC(314) Archive regions: 2->2
[2020-10-24T06:27:23.167+0000][7][gc,heap      ] GC(314) Humongous regions: 15->15
[2020-10-24T06:27:23.168+0000][7][gc,metaspace ] GC(314) Metaspace: 109820K(118564K)->109820K(118564K) NonClass: 95902K(101080K)->95902K(101080K) Class: 13918K(17484K)->13918K(17484K)
[2020-10-24T06:27:23.168+0000][7][gc           ] GC(314) Pause Young (Normal) (G1 Evacuation Pause) 182M->142M(256M) 6.484ms
[2020-10-24T06:27:23.168+0000][7][gc,cpu       ] GC(314) User=0.01s Sys=0.00s Real=0.01s
[2020-10-24T06:27:23.168+0000][7][safepoint    ] Safepoint "G1CollectForAllocation", Time since last: 19622800 ns, Reaching safepoint: 323200 ns, At safepoint: 6933700 ns, Total: 7256900 ns
[2020-10-24T06:27:23.199+0000][7][gc,marking   ] GC(313) Concurrent Mark From Roots 55.676ms
[2020-10-24T06:27:23.199+0000][7][gc,marking   ] GC(313) Concurrent Preclean
[2020-10-24T06:27:23.200+0000][7][gc,marking   ] GC(313) Concurrent Preclean 0.685ms
[2020-10-24T06:27:23.200+0000][7][gc,marking   ] GC(313) Concurrent Mark (2600.510s, 2600.567s) 57.053ms
[2020-10-24T06:27:23.201+0000][7][gc,start     ] GC(313) Pause Remark
[2020-10-24T06:27:23.208+0000][7][gc           ] GC(313) Pause Remark 165M->165M(256M) 6.975ms
[2020-10-24T06:27:23.208+0000][7][gc,cpu       ] GC(313) User=0.02s Sys=0.01s Real=0.01s
[2020-10-24T06:27:23.208+0000][7][safepoint    ] Safepoint "G1Concurrent", Time since last: 32343600 ns, Reaching safepoint: 220900 ns, At safepoint: 7637600 ns, Total: 7858500 ns
[2020-10-24T06:27:23.209+0000][7][gc,marking   ] GC(313) Concurrent Rebuild Remembered Sets
[2020-10-24T06:27:23.245+0000][7][gc,marking   ] GC(313) Concurrent Rebuild Remembered Sets 36.360ms
[2020-10-24T06:27:23.246+0000][7][gc,start     ] GC(313) Pause Cleanup
[2020-10-24T06:27:23.246+0000][7][gc           ] GC(313) Pause Cleanup 165M->165M(256M) 0.572ms
[2020-10-24T06:27:23.247+0000][7][gc,cpu       ] GC(313) User=0.00s Sys=0.00s Real=0.00s
[2020-10-24T06:27:23.247+0000][7][safepoint    ] Safepoint "G1Concurrent", Time since last: 37134800 ns, Reaching safepoint: 201500 ns, At safepoint: 1220900 ns, Total: 1422400 ns
[2020-10-24T06:27:23.247+0000][7][gc,marking   ] GC(313) Concurrent Cleanup for Next Mark
[2020-10-24T06:27:23.248+0000][7][gc,marking   ] GC(313) Concurrent Cleanup for Next Mark 0.593ms
[2020-10-24T06:27:23.248+0000][7][gc           ] GC(313) Concurrent Cycle 106.914ms
[2020-10-24T06:27:25.191+0000][7][safepoint    ] Safepoint "Cleanup", Time since last: 1943323700 ns, Reaching safepoint: 748600 ns, At safepoint: 46300 ns, Total: 794900 ns
[2020-10-24T06:27:27.094+0000][7][safepoint    ] Safepoint "Cleanup", Time since last: 1902939100 ns, Reaching safepoint: 227000 ns, At safepoint: 9400 ns, Total: 236400 ns
[2020-10-24T06:27:28.095+0000][7][safepoint    ] Safepoint "Cleanup", Time since last: 1000488800 ns, Reaching safepoint: 338400 ns, At safepoint: 20800 ns, Total: 359200 ns
[2020-10-24T06:27:29.096+0000][7][safepoint    ] Safepoint "Cleanup", Time since last: 1000617900 ns, Reaching safepoint: 426600 ns, At safepoint: 42000 ns, Total: 468600 ns
[2020-10-24T06:27:30.097+0000][7][safepoint    ] Safepoint "Cleanup", Time since last: 1000626800 ns, Reaching safepoint: 264500 ns, At safepoint: 9400 ns, Total: 273900 ns
[2020-10-24T06:27:31.099+0000][7][safepoint    ] Safepoint "Cleanup", Time since last: 1000607000 ns, Reaching safepoint: 796400 ns, At safepoint: 45800 ns, Total: 842200 ns
[2020-10-24T06:27:32.101+0000][7][safepoint    ] Safepoint "Cleanup", Time since last: 1001315900 ns, Reaching safepoint: 901800 ns, At safepoint: 157500 ns, Total: 1059300 ns
[2020-10-24T06:27:33.103+0000][7][safepoint    ] Safepoint "Cleanup", Time since last: 1001349500 ns, Reaching safepoint: 937500 ns, At safepoint: 49500 ns, Total: 987000 ns
[2020-10-24T06:27:34.105+0000][7][safepoint    ] Safepoint "Cleanup", Time since last: 1001213400 ns, Reaching safepoint: 366500 ns, At safepoint: 19900 ns, Total: 386400 ns
[2020-10-24T06:27:35.106+0000][7][safepoint    ] Safepoint "Cleanup", Time since last: 1000669600 ns, Reaching safepoint: 270000 ns, At safepoint: 9600 ns, Total: 279600 ns
[2020-10-24T06:27:36.107+0000][7][safepoint    ] Safepoint "Cleanup", Time since last: 1000547600 ns, Reaching safepoint: 316000 ns, At safepoint: 9000 ns, Total: 325000 ns
[2020-10-24T06:27:37.108+0000][7][safepoint    ] Safepoint "Cleanup", Time since last: 1000522700 ns, Reaching safepoint: 595800 ns, At safepoint: 38800 ns, Total: 634600 ns
[2020-10-24T06:27:38.109+0000][7][safepoint    ] Safepoint "Cleanup", Time since last: 1000924000 ns, Reaching safepoint: 273500 ns, At safepoint: 10000 ns, Total: 283500 ns
[2020-10-24T06:27:39.110+0000][7][safepoint    ] Safepoint "Cleanup", Time since last: 1000535600 ns, Reaching safepoint: 278900 ns, At safepoint: 14000 ns, Total: 292900 ns
[2020-10-24T06:27:40.111+0000][7][safepoint    ] Safepoint "Cleanup", Time since last: 1000536500 ns, Reaching safepoint: 243500 ns, At safepoint: 12400 ns, Total: 255900 ns
[2020-10-24T06:27:41.112+0000][7][safepoint    ] Safepoint "Cleanup", Time since last: 1000621900 ns, Reaching safepoint: 808000 ns, At safepoint: 46500 ns, Total: 854500 ns
[2020-10-24T06:27:42.114+0000][7][safepoint    ] Safepoint "Cleanup", Time since last: 1001258700 ns, Reaching safepoint: 202900 ns, At safepoint: 9500 ns, Total: 212400 ns
[2020-10-24T06:27:43.114+0000][7][safepoint    ] Safepoint "Cleanup", Time since last: 1000548700 ns, Reaching safepoint: 230800 ns, At safepoint: 9500 ns, Total: 240300 ns
[2020-10-24T06:27:43.473+0000][7][gc,start     ] GC(315) Pause Young (Normal) (G1 Evacuation Pause)
[2020-10-24T06:27:43.473+0000][7][gc,task      ] GC(315) Using 6 workers of 10 for evacuation
[2020-10-24T06:27:43.474+0000][7][gc,age       ] GC(315) Desired survivor size 3145728 bytes, new threshold 15 (max threshold 15)
[2020-10-24T06:27:43.477+0000][7][gc,age       ] GC(315) Age table with threshold 15 (max threshold 15)
[2020-10-24T06:27:43.477+0000][7][gc,age       ] GC(315) - age   1:     274440 bytes,     274440 total
[2020-10-24T06:27:43.477+0000][7][gc,age       ] GC(315) - age   2:      27032 bytes,     301472 total
[2020-10-24T06:27:43.477+0000][7][gc,phases    ] GC(315)   Pre Evacuate Collection Set: 0.2ms
[2020-10-24T06:27:43.478+0000][7][gc,phases    ] GC(315)   Merge Heap Roots: 0.2ms
[2020-10-24T06:27:43.478+0000][7][gc,phases    ] GC(315)   Evacuate Collection Set: 1.3ms
[2020-10-24T06:27:43.478+0000][7][gc,phases    ] GC(315)   Post Evacuate Collection Set: 0.9ms
[2020-10-24T06:27:43.478+0000][7][gc,phases    ] GC(315)   Other: 1.8ms
[2020-10-24T06:27:43.479+0000][7][gc,heap      ] GC(315) Eden regions: 41->0(42)
[2020-10-24T06:27:43.479+0000][7][gc,heap      ] GC(315) Survivor regions: 1->1(6)
[2020-10-24T06:27:43.479+0000][7][gc,heap      ] GC(315) Old regions: 127->127
[2020-10-24T06:27:43.480+0000][7][gc,heap      ] GC(315) Archive regions: 2->2
[2020-10-24T06:27:43.480+0000][7][gc,heap      ] GC(315) Humongous regions: 15->15
[2020-10-24T06:27:43.480+0000][7][gc,metaspace ] GC(315) Metaspace: 109820K(118564K)->109820K(118564K) NonClass: 95902K(101080K)->95902K(101080K) Class: 13918K(17484K)->13918K(17484K)
[2020-10-24T06:27:43.480+0000][7][gc           ] GC(315) Pause Young (Normal) (G1 Evacuation Pause) 183M->142M(256M) 7.487ms
[2020-10-24T06:27:43.481+0000][7][gc,cpu       ] GC(315) User=0.01s Sys=0.00s Real=0.01s
[2020-10-24T06:27:43.481+0000][7][safepoint    ] Safepoint "G1CollectForAllocation", Time since last: 358283600 ns, Reaching safepoint: 222200 ns, At safepoint: 8119900 ns, Total: 8342100 ns
[2020-10-24T06:27:44.483+0000][7][safepoint    ] Safepoint "Cleanup", Time since last: 1000553300 ns, Reaching safepoint: 886800 ns, At safepoint: 47300 ns, Total: 934100 ns
[2020-10-24T06:27:45.484+0000][7][safepoint    ] Safepoint "Cleanup", Time since last: 1001067700 ns, Reaching safepoint: 325700 ns, At safepoint: 9900 ns, Total: 335600 ns
[2020-10-24T06:27:46.485+0000][7][safepoint    ] Safepoint "Cleanup", Time since last: 1000559200 ns, Reaching safepoint: 272900 ns, At safepoint: 11400 ns, Total: 284300 ns
[2020-10-24T06:27:47.486+0000][7][safepoint    ] Safepoint "Cleanup", Time since last: 1000747500 ns, Reaching safepoint: 858900 ns, At safepoint: 46100 ns, Total: 905000 ns
[2020-10-24T06:27:48.488+0000][7][safepoint    ] Safepoint "Cleanup", Time since last: 1001264700 ns, Reaching safepoint: 678600 ns, At safepoint: 41400 ns, Total: 720000 ns
[2020-10-24T06:27:49.490+0000][7][safepoint    ] Safepoint "Cleanup", Time since last: 1001283700 ns, Reaching safepoint: 424800 ns, At safepoint: 21600 ns, Total: 446400 ns
[2020-10-24T06:27:51.380+0000][7][safepoint    ] Safepoint "Cleanup", Time since last: 1889022400 ns, Reaching safepoint: 788200 ns, At safepoint: 45200 ns, Total: 833400 ns
[2020-10-24T06:27:52.381+0000][7][safepoint    ] Safepoint "Cleanup", Time since last: 1001157600 ns, Reaching safepoint: 220900 ns, At safepoint: 9000 ns, Total: 229900 ns
[2020-10-24T06:27:53.383+0000][7][safepoint    ] Safepoint "Cleanup", Time since last: 1000612300 ns, Reaching safepoint: 486100 ns, At safepoint: 28200 ns, Total: 514300 ns
[2020-10-24T06:27:54.385+0000][7][safepoint    ] Safepoint "Cleanup", Time since last: 1001142300 ns, Reaching safepoint: 828900 ns, At safepoint: 93900 ns, Total: 922800 ns
[2020-10-24T06:27:55.387+0000][7][safepoint    ] Safepoint "Cleanup", Time since last: 1001313100 ns, Reaching safepoint: 773600 ns, At safepoint: 42600 ns, Total: 816200 ns
[2020-10-24T06:27:56.388+0000][7][safepoint    ] Safepoint "Cleanup", Time since last: 1001214800 ns, Reaching safepoint: 363000 ns, At safepoint: 22500 ns, Total: 385500 ns
[2020-10-24T06:27:57.389+0000][7][safepoint    ] Safepoint "Cleanup", Time since last: 1000648500 ns, Reaching safepoint: 330200 ns, At safepoint: 16600 ns, Total: 346800 ns
[2020-10-24T06:27:57.659+0000][7][gc,start     ] GC(316) Pause Young (Concurrent Start) (G1 Evacuation Pause)
[2020-10-24T06:27:57.660+0000][7][gc,task      ] GC(316) Using 6 workers of 10 for evacuation
[2020-10-24T06:27:57.660+0000][7][gc,age       ] GC(316) Desired survivor size 3145728 bytes, new threshold 15 (max threshold 15)
[2020-10-24T06:27:57.664+0000][7][gc,age       ] GC(316) Age table with threshold 15 (max threshold 15)
[2020-10-24T06:27:57.664+0000][7][gc,age       ] GC(316) - age   1:     476088 bytes,     476088 total
[2020-10-24T06:27:57.664+0000][7][gc,age       ] GC(316) - age   2:     227576 bytes,     703664 total
[2020-10-24T06:27:57.665+0000][7][gc,age       ] GC(316) - age   3:      27032 bytes,     730696 total
[2020-10-24T06:27:57.665+0000][7][gc,phases    ] GC(316)   Pre Evacuate Collection Set: 0.7ms
[2020-10-24T06:27:57.665+0000][7][gc,phases    ] GC(316)   Merge Heap Roots: 0.2ms
[2020-10-24T06:27:57.665+0000][7][gc,phases    ] GC(316)   Evacuate Collection Set: 1.7ms
[2020-10-24T06:27:57.666+0000][7][gc,phases    ] GC(316)   Post Evacuate Collection Set: 0.8ms
[2020-10-24T06:27:57.666+0000][7][gc,phases    ] GC(316)   Other: 2.3ms
[2020-10-24T06:27:57.666+0000][7][gc,heap      ] GC(316) Eden regions: 42->0(42)
[2020-10-24T06:27:57.666+0000][7][gc,heap      ] GC(316) Survivor regions: 1->1(6)
[2020-10-24T06:27:57.666+0000][7][gc,heap      ] GC(316) Old regions: 127->127
[2020-10-24T06:27:57.666+0000][7][gc,heap      ] GC(316) Archive regions: 2->2
[2020-10-24T06:27:57.667+0000][7][gc,heap      ] GC(316) Humongous regions: 15->15
[2020-10-24T06:27:57.667+0000][7][gc,metaspace ] GC(316) Metaspace: 109825K(118564K)->109825K(118564K) NonClass: 95907K(101080K)->95907K(101080K) Class: 13918K(17484K)->13918K(17484K)
[2020-10-24T06:27:57.667+0000][7][gc           ] GC(316) Pause Young (Concurrent Start) (G1 Evacuation Pause) 184M->142M(256M) 7.709ms
[2020-10-24T06:27:57.667+0000][7][gc,cpu       ] GC(316) User=0.01s Sys=0.00s Real=0.00s
[2020-10-24T06:27:57.667+0000][7][safepoint    ] Safepoint "G1CollectForAllocation", Time since last: 269672200 ns, Reaching safepoint: 263600 ns, At safepoint: 8001400 ns, Total: 8265000 ns
[2020-10-24T06:27:57.667+0000][7][gc           ] GC(317) Concurrent Cycle
[2020-10-24T06:27:57.668+0000][7][gc,marking   ] GC(317) Concurrent Clear Claimed Marks
[2020-10-24T06:27:57.668+0000][7][gc,marking   ] GC(317) Concurrent Clear Claimed Marks 0.521ms
[2020-10-24T06:27:57.668+0000][7][gc,marking   ] GC(317) Concurrent Scan Root Regions
[2020-10-24T06:27:57.669+0000][7][gc,marking   ] GC(317) Concurrent Scan Root Regions 1.140ms
[2020-10-24T06:27:57.670+0000][7][gc,marking   ] GC(317) Concurrent Mark (2635.036s)
[2020-10-24T06:27:57.670+0000][7][gc,marking   ] GC(317) Concurrent Mark From Roots
[2020-10-24T06:27:57.670+0000][7][gc,task      ] GC(317) Using 3 workers of 3 for marking
[2020-10-24T06:27:57.725+0000][7][gc,marking   ] GC(317) Concurrent Mark From Roots 54.854ms
[2020-10-24T06:27:57.725+0000][7][gc,marking   ] GC(317) Concurrent Preclean
[2020-10-24T06:27:57.726+0000][7][gc,marking   ] GC(317) Concurrent Preclean 0.671ms
[2020-10-24T06:27:57.726+0000][7][gc,marking   ] GC(317) Concurrent Mark (2635.036s, 2635.092s) 56.342ms
[2020-10-24T06:27:57.727+0000][7][gc,start     ] GC(317) Pause Remark
[2020-10-24T06:27:57.733+0000][7][gc           ] GC(317) Pause Remark 143M->143M(256M) 6.326ms
[2020-10-24T06:27:57.733+0000][7][gc,cpu       ] GC(317) User=0.03s Sys=0.01s Real=0.01s
[2020-10-24T06:27:57.734+0000][7][safepoint    ] Safepoint "G1Concurrent", Time since last: 59040800 ns, Reaching safepoint: 260800 ns, At safepoint: 7029900 ns, Total: 7290700 ns
[2020-10-24T06:27:57.734+0000][7][gc,marking   ] GC(317) Concurrent Rebuild Remembered Sets
[2020-10-24T06:27:57.766+0000][7][gc,marking   ] GC(317) Concurrent Rebuild Remembered Sets 31.573ms
[2020-10-24T06:27:57.766+0000][7][gc,start     ] GC(317) Pause Cleanup
[2020-10-24T06:27:57.767+0000][7][gc           ] GC(317) Pause Cleanup 143M->143M(256M) 0.789ms
[2020-10-24T06:27:57.767+0000][7][gc,cpu       ] GC(317) User=0.00s Sys=0.00s Real=0.00s
[2020-10-24T06:27:57.768+0000][7][safepoint    ] Safepoint "G1Concurrent", Time since last: 32374500 ns, Reaching safepoint: 232600 ns, At safepoint: 1424100 ns, Total: 1656700 ns
[2020-10-24T06:27:57.768+0000][7][gc,marking   ] GC(317) Concurrent Cleanup for Next Mark
[2020-10-24T06:27:57.769+0000][7][gc,marking   ] GC(317) Concurrent Cleanup for Next Mark 0.633ms
[2020-10-24T06:27:57.769+0000][7][gc           ] GC(317) Concurrent Cycle 101.576ms
[2020-10-24T06:27:58.769+0000][7][safepoint    ] Safepoint "Cleanup", Time since last: 1000556600 ns, Reaching safepoint: 831000 ns, At safepoint: 44900 ns, Total: 875900 ns
[2020-10-24T06:27:59.771+0000][7][safepoint    ] Safepoint "Cleanup", Time since last: 1001293000 ns, Reaching safepoint: 734600 ns, At safepoint: 45700 ns, Total: 780300 ns
[2020-10-24T06:28:00.773+0000][7][safepoint    ] Safepoint "Cleanup", Time since last: 1001461400 ns, Reaching safepoint: 248500 ns, At safepoint: 9400 ns, Total: 257900 ns
[2020-10-24T06:28:01.774+0000][7][safepoint    ] Safepoint "Cleanup", Time since last: 1000507300 ns, Reaching safepoint: 228300 ns, At safepoint: 11100 ns, Total: 239400 ns
[2020-10-24T06:28:02.775+0000][7][safepoint    ] Safepoint "Cleanup", Time since last: 1000635400 ns, Reaching safepoint: 786100 ns, At safepoint: 50400 ns, Total: 836500 ns
[2020-10-24T06:28:03.776+0000][7][safepoint    ] Safepoint "Cleanup", Time since last: 1001095100 ns, Reaching safepoint: 241200 ns, At safepoint: 9700 ns, Total: 250900 ns
[2020-10-24T06:28:04.778+0000][7][safepoint    ] Safepoint "Cleanup", Time since last: 1000646200 ns, Reaching safepoint: 884600 ns, At safepoint: 45700 ns, Total: 930300 ns
[2020-10-24T06:28:05.779+0000][7][safepoint    ] Safepoint "Cleanup", Time since last: 1001113000 ns, Reaching safepoint: 268700 ns, At safepoint: 9800 ns, Total: 278500 ns
[2020-10-24T06:28:06.781+0000][7][safepoint    ] Safepoint "Cleanup", Time since last: 1000631100 ns, Reaching safepoint: 817300 ns, At safepoint: 45500 ns, Total: 862800 ns
[2020-10-24T06:28:07.782+0000][7][safepoint    ] Safepoint "Cleanup", Time since last: 1001196900 ns, Reaching safepoint: 242200 ns, At safepoint: 12300 ns, Total: 254500 ns
[2020-10-24T06:28:08.784+0000][7][safepoint    ] Safepoint "Cleanup", Time since last: 1000606500 ns, Reaching safepoint: 793300 ns, At safepoint: 46100 ns, Total: 839400 ns
[2020-10-24T06:28:09.785+0000][7][safepoint    ] Safepoint "Cleanup", Time since last: 1001251400 ns, Reaching safepoint: 234100 ns, At safepoint: 17800 ns, Total: 251900 ns
[2020-10-24T06:28:10.786+0000][7][safepoint    ] Safepoint "Cleanup", Time since last: 1000625000 ns, Reaching safepoint: 409500 ns, At safepoint: 22900 ns, Total: 432400 ns
[2020-10-24T06:28:11.787+0000][7][safepoint    ] Safepoint "Cleanup", Time since last: 1000731200 ns, Reaching safepoint: 286600 ns, At safepoint: 9600 ns, Total: 296200 ns
[2020-10-24T06:28:12.788+0000][7][safepoint    ] Safepoint "Cleanup", Time since last: 1000520600 ns, Reaching safepoint: 296800 ns, At safepoint: 15200 ns, Total: 312000 ns
[2020-10-24T06:28:13.789+0000][7][safepoint    ] Safepoint "Cleanup", Time since last: 1000585300 ns, Reaching safepoint: 267300 ns, At safepoint: 10000 ns, Total: 277300 ns
[2020-10-24T06:28:14.790+0000][7][safepoint    ] Safepoint "Cleanup", Time since last: 1000587600 ns, Reaching safepoint: 214800 ns, At safepoint: 10300 ns, Total: 225100 ns
[2020-10-24T06:28:15.791+0000][7][safepoint    ] Safepoint "Cleanup", Time since last: 1000686500 ns, Reaching safepoint: 833500 ns, At safepoint: 45100 ns, Total: 878600 ns
[2020-10-24T06:28:16.793+0000][7][safepoint    ] Safepoint "Cleanup", Time since last: 1001192600 ns, Reaching safepoint: 494400 ns, At safepoint: 24500 ns, Total: 518900 ns
[2020-10-24T06:28:17.794+0000][7][safepoint    ] Safepoint "Cleanup", Time since last: 1000828100 ns, Reaching safepoint: 303300 ns, At safepoint: 17000 ns, Total: 320300 ns
[2020-10-24T06:28:18.795+0000][7][safepoint    ] Safepoint "Cleanup", Time since last: 1000643900 ns, Reaching safepoint: 230500 ns, At safepoint: 9100 ns, Total: 239600 ns
[2020-10-24T06:28:19.796+0000][7][safepoint    ] Safepoint "Cleanup", Time since last: 1000474400 ns, Reaching safepoint: 228400 ns, At safepoint: 9400 ns, Total: 237800 ns
[2020-10-24T06:28:20.797+0000][7][safepoint    ] Safepoint "Cleanup", Time since last: 1000486900 ns, Reaching safepoint: 260200 ns, At safepoint: 9200 ns, Total: 269400 ns
[2020-10-24T06:28:21.797+0000][7][safepoint    ] Safepoint "Cleanup", Time since last: 1000484300 ns, Reaching safepoint: 319700 ns, At safepoint: 8600 ns, Total: 328300 ns
[2020-10-24T06:28:22.856+0000][7][gc,start     ] GC(318) Pause Young (Prepare Mixed) (G1 Evacuation Pause)
[2020-10-24T06:28:22.857+0000][7][gc,task      ] GC(318) Using 6 workers of 10 for evacuation
[2020-10-24T06:28:22.857+0000][7][gc,age       ] GC(318) Desired survivor size 3145728 bytes, new threshold 15 (max threshold 15)
[2020-10-24T06:28:22.860+0000][7][gc,age       ] GC(318) Age table with threshold 15 (max threshold 15)
[2020-10-24T06:28:22.861+0000][7][gc,age       ] GC(318) - age   1:    5579712 bytes,    5579712 total
[2020-10-24T06:28:22.861+0000][7][gc,age       ] GC(318) - age   2:     428392 bytes,    6008104 total
[2020-10-24T06:28:22.861+0000][7][gc,age       ] GC(318) - age   3:     203432 bytes,    6211536 total
[2020-10-24T06:28:22.862+0000][7][gc,age       ] GC(318) - age   4:      21272 bytes,    6232808 total
[2020-10-24T06:28:22.862+0000][7][gc,phases    ] GC(318)   Pre Evacuate Collection Set: 0.1ms
[2020-10-24T06:28:22.862+0000][7][gc,phases    ] GC(318)   Merge Heap Roots: 0.2ms
[2020-10-24T06:28:22.862+0000][7][gc,phases    ] GC(318)   Evacuate Collection Set: 2.0ms
[2020-10-24T06:28:22.862+0000][7][gc,phases    ] GC(318)   Post Evacuate Collection Set: 1.0ms
[2020-10-24T06:28:22.863+0000][7][gc,phases    ] GC(318)   Other: 2.4ms
[2020-10-24T06:28:22.863+0000][7][gc,heap      ] GC(318) Eden regions: 42->0(6)
[2020-10-24T06:28:22.863+0000][7][gc,heap      ] GC(318) Survivor regions: 1->6(6)
[2020-10-24T06:28:22.863+0000][7][gc,heap      ] GC(318) Old regions: 127->127
[2020-10-24T06:28:22.863+0000][7][gc,heap      ] GC(318) Archive regions: 2->2
[2020-10-24T06:28:22.864+0000][7][gc,heap      ] GC(318) Humongous regions: 15->15
[2020-10-24T06:28:22.864+0000][7][gc,metaspace ] GC(318) Metaspace: 109864K(118564K)->109864K(118564K) NonClass: 95946K(101080K)->95946K(101080K) Class: 13918K(17484K)->13918K(17484K)
[2020-10-24T06:28:22.864+0000][7][gc           ] GC(318) Pause Young (Prepare Mixed) (G1 Evacuation Pause) 184M->148M(256M) 7.712ms
[2020-10-24T06:28:22.864+0000][7][gc,cpu       ] GC(318) User=0.02s Sys=0.00s Real=0.01s
[2020-10-24T06:28:22.864+0000][7][safepoint    ] Safepoint "G1CollectForAllocation", Time since last: 1058498600 ns, Reaching safepoint: 214500 ns, At safepoint: 8116600 ns, Total: 8331100 ns
[2020-10-24T06:28:23.216+0000][7][gc,start     ] GC(319) Pause Young (Mixed) (G1 Evacuation Pause)
[2020-10-24T06:28:23.216+0000][7][gc,task      ] GC(319) Using 6 workers of 10 for evacuation
[2020-10-24T06:28:23.217+0000][7][gc,age       ] GC(319) Desired survivor size 1048576 bytes, new threshold 1 (max threshold 15)
[2020-10-24T06:28:23.225+0000][7][gc,age       ] GC(319) Age table with threshold 1 (max threshold 15)
[2020-10-24T06:28:23.225+0000][7][gc,age       ] GC(319) - age   1:     227896 bytes,     227896 total
[2020-10-24T06:28:23.226+0000][7][gc,phases    ] GC(319)   Pre Evacuate Collection Set: 0.1ms
[2020-10-24T06:28:23.226+0000][7][gc,phases    ] GC(319)   Merge Heap Roots: 0.3ms
[2020-10-24T06:28:23.226+0000][7][gc,phases    ] GC(319)   Evacuate Collection Set: 6.2ms
[2020-10-24T06:28:23.226+0000][7][gc,phases    ] GC(319)   Post Evacuate Collection Set: 1.0ms
[2020-10-24T06:28:23.227+0000][7][gc,phases    ] GC(319)   Other: 1.9ms
[2020-10-24T06:28:23.227+0000][7][gc,heap      ] GC(319) Eden regions: 6->0(47)
[2020-10-24T06:28:23.227+0000][7][gc,heap      ] GC(319) Survivor regions: 6->1(2)
[2020-10-24T06:28:23.227+0000][7][gc,heap      ] GC(319) Old regions: 127->119
[2020-10-24T06:28:23.227+0000][7][gc,heap      ] GC(319) Archive regions: 2->2
[2020-10-24T06:28:23.228+0000][7][gc,heap      ] GC(319) Humongous regions: 15->15
[2020-10-24T06:28:23.228+0000][7][gc,metaspace ] GC(319) Metaspace: 109864K(118564K)->109864K(118564K) NonClass: 95946K(101080K)->95946K(101080K) Class: 13918K(17484K)->13918K(17484K)
[2020-10-24T06:28:23.228+0000][7][gc           ] GC(319) Pause Young (Mixed) (G1 Evacuation Pause) 153M->134M(256M) 11.808ms
[2020-10-24T06:28:23.228+0000][7][gc,cpu       ] GC(319) User=0.04s Sys=0.01s Real=0.02s
[2020-10-24T06:28:23.228+0000][7][safepoint    ] Safepoint "G1CollectForAllocation", Time since last: 351506100 ns, Reaching safepoint: 276800 ns, At safepoint: 12236700 ns, Total: 12513500 ns
[2020-10-24T06:28:23.265+0000][7][gc,start     ] GC(320) Pause Young (Concurrent Start) (G1 Evacuation Pause)
[2020-10-24T06:28:23.265+0000][7][gc,task      ] GC(320) Using 6 workers of 10 for evacuation
[2020-10-24T06:28:23.266+0000][7][gc,age       ] GC(320) Desired survivor size 3145728 bytes, new threshold 15 (max threshold 15)
[2020-10-24T06:28:23.270+0000][7][gc,age       ] GC(320) Age table with threshold 15 (max threshold 15)
[2020-10-24T06:28:23.271+0000][7][gc,age       ] GC(320) - age   1:    1013592 bytes,    1013592 total
[2020-10-24T06:28:23.271+0000][7][gc,age       ] GC(320) - age   2:      16264 bytes,    1029856 total
[2020-10-24T06:28:23.271+0000][7][gc,phases    ] GC(320)   Pre Evacuate Collection Set: 0.6ms
[2020-10-24T06:28:23.271+0000][7][gc,phases    ] GC(320)   Merge Heap Roots: 0.2ms
[2020-10-24T06:28:23.272+0000][7][gc,phases    ] GC(320)   Evacuate Collection Set: 2.3ms
[2020-10-24T06:28:23.272+0000][7][gc,phases    ] GC(320)   Post Evacuate Collection Set: 0.9ms
[2020-10-24T06:28:23.272+0000][7][gc,phases    ] GC(320)   Other: 1.9ms
[2020-10-24T06:28:23.272+0000][7][gc,heap      ] GC(320) Eden regions: 47->0(48)
[2020-10-24T06:28:23.273+0000][7][gc,heap      ] GC(320) Survivor regions: 1->1(6)
[2020-10-24T06:28:23.273+0000][7][gc,heap      ] GC(320) Old regions: 119->119
[2020-10-24T06:28:23.273+0000][7][gc,heap      ] GC(320) Archive regions: 2->2
[2020-10-24T06:28:23.274+0000][7][gc,heap      ] GC(320) Humongous regions: 15->15
[2020-10-24T06:28:23.274+0000][7][gc,metaspace ] GC(320) Metaspace: 109864K(118564K)->109864K(118564K) NonClass: 95946K(101080K)->95946K(101080K) Class: 13918K(17484K)->13918K(17484K)
[2020-10-24T06:28:23.274+0000][7][gc           ] GC(320) Pause Young (Concurrent Start) (G1 Evacuation Pause) 181M->135M(256M) 8.920ms
[2020-10-24T06:28:23.274+0000][7][gc,cpu       ] GC(320) User=0.01s Sys=0.00s Real=0.01s
[2020-10-24T06:28:23.274+0000][7][gc           ] GC(321) Concurrent Cycle
[2020-10-24T06:28:23.275+0000][7][safepoint    ] Safepoint "G1CollectForAllocation", Time since last: 36520900 ns, Reaching safepoint: 278600 ns, At safepoint: 9437400 ns, Total: 9716000 ns
[2020-10-24T06:28:23.275+0000][7][gc,marking   ] GC(321) Concurrent Clear Claimed Marks
[2020-10-24T06:28:23.276+0000][7][gc,marking   ] GC(321) Concurrent Clear Claimed Marks 0.918ms
[2020-10-24T06:28:23.276+0000][7][gc,marking   ] GC(321) Concurrent Scan Root Regions
[2020-10-24T06:28:23.277+0000][7][gc,marking   ] GC(321) Concurrent Scan Root Regions 1.117ms
[2020-10-24T06:28:23.277+0000][7][gc,marking   ] GC(321) Concurrent Mark (2660.643s)
[2020-10-24T06:28:23.277+0000][7][gc,marking   ] GC(321) Concurrent Mark From Roots
[2020-10-24T06:28:23.277+0000][7][gc,task      ] GC(321) Using 3 workers of 3 for marking
[2020-10-24T06:28:23.333+0000][7][gc,marking   ] GC(321) Concurrent Mark From Roots 55.748ms
[2020-10-24T06:28:23.333+0000][7][gc,marking   ] GC(321) Concurrent Preclean
[2020-10-24T06:28:23.334+0000][7][gc,marking   ] GC(321) Concurrent Preclean 0.766ms
[2020-10-24T06:28:23.334+0000][7][gc,marking   ] GC(321) Concurrent Mark (2660.643s, 2660.701s) 57.357ms
[2020-10-24T06:28:23.335+0000][7][gc,start     ] GC(321) Pause Remark
[2020-10-24T06:28:23.345+0000][7][gc           ] GC(321) Pause Remark 142M->142M(256M) 9.469ms
[2020-10-24T06:28:23.345+0000][7][gc,cpu       ] GC(321) User=0.04s Sys=0.01s Real=0.01s
[2020-10-24T06:28:23.345+0000][7][safepoint    ] Safepoint "G1Concurrent", Time since last: 60226800 ns, Reaching safepoint: 272800 ns, At safepoint: 10269800 ns, Total: 10542600 ns
[2020-10-24T06:28:23.346+0000][7][gc,marking   ] GC(321) Concurrent Rebuild Remembered Sets
[2020-10-24T06:28:23.387+0000][7][gc,marking   ] GC(321) Concurrent Rebuild Remembered Sets 41.441ms
[2020-10-24T06:28:23.387+0000][7][gc,start     ] GC(321) Pause Cleanup
[2020-10-24T06:28:23.388+0000][7][gc           ] GC(321) Pause Cleanup 142M->142M(256M) 0.368ms
[2020-10-24T06:28:23.388+0000][7][gc,cpu       ] GC(321) User=0.00s Sys=0.00s Real=0.00s
[2020-10-24T06:28:23.388+0000][7][safepoint    ] Safepoint "G1Concurrent", Time since last: 41990900 ns, Reaching safepoint: 179900 ns, At safepoint: 827300 ns, Total: 1007200 ns
[2020-10-24T06:28:23.389+0000][7][gc,marking   ] GC(321) Concurrent Cleanup for Next Mark
[2020-10-24T06:28:23.389+0000][7][gc,marking   ] GC(321) Concurrent Cleanup for Next Mark 0.481ms
[2020-10-24T06:28:23.389+0000][7][gc           ] GC(321) Concurrent Cycle 114.689ms
[2020-10-24T06:28:24.259+0000][7][safepoint    ] Safepoint "BulkRevokeBias", Time since last: 868754800 ns, Reaching safepoint: 234000 ns, At safepoint: 1446000 ns, Total: 1680000 ns
[2020-10-24T06:28:25.260+0000][7][safepoint    ] Safepoint "Cleanup", Time since last: 1000658100 ns, Reaching safepoint: 258800 ns, At safepoint: 9300 ns, Total: 268100 ns
[2020-10-24T06:28:26.260+0000][7][safepoint    ] Safepoint "Cleanup", Time since last: 1000580100 ns, Reaching safepoint: 222400 ns, At safepoint: 9400 ns, Total: 231800 ns
[2020-10-24T06:28:27.261+0000][7][safepoint    ] Safepoint "Cleanup", Time since last: 1000504900 ns, Reaching safepoint: 260500 ns, At safepoint: 13400 ns, Total: 273900 ns
[2020-10-24T06:28:28.263+0000][7][safepoint    ] Safepoint "Cleanup", Time since last: 1000653200 ns, Reaching safepoint: 641900 ns, At safepoint: 36200 ns, Total: 678100 ns
[2020-10-24T06:28:29.264+0000][7][safepoint    ] Safepoint "Cleanup", Time since last: 1001135600 ns, Reaching safepoint: 224300 ns, At safepoint: 38000 ns, Total: 262300 ns
[2020-10-24T06:28:30.265+0000][7][safepoint    ] Safepoint "Cleanup", Time since last: 1000555400 ns, Reaching safepoint: 234100 ns, At safepoint: 9400 ns, Total: 243500 ns
[2020-10-24T06:28:31.266+0000][7][safepoint    ] Safepoint "Cleanup", Time since last: 1000691400 ns, Reaching safepoint: 843800 ns, At safepoint: 45500 ns, Total: 889300 ns
[2020-10-24T06:28:32.268+0000][7][safepoint    ] Safepoint "Cleanup", Time since last: 1001180300 ns, Reaching safepoint: 264900 ns, At safepoint: 9100 ns, Total: 274000 ns
[2020-10-24T06:28:33.269+0000][7][safepoint    ] Safepoint "Cleanup", Time since last: 1000554300 ns, Reaching safepoint: 242000 ns, At safepoint: 10700 ns, Total: 252700 ns
[2020-10-24T06:28:34.270+0000][7][safepoint    ] Safepoint "Cleanup", Time since last: 1000622900 ns, Reaching safepoint: 818200 ns, At safepoint: 45300 ns, Total: 863500 ns
[2020-10-24T06:28:35.272+0000][7][safepoint    ] Safepoint "Cleanup", Time since last: 1001332400 ns, Reaching safepoint: 896900 ns, At safepoint: 45600 ns, Total: 942500 ns
[2020-10-24T06:28:36.275+0000][7][safepoint    ] Safepoint "Cleanup", Time since last: 1001349100 ns, Reaching safepoint: 957600 ns, At safepoint: 45700 ns, Total: 1003300 ns
[2020-10-24T06:28:37.277+0000][7][safepoint    ] Safepoint "Cleanup", Time since last: 1001337500 ns, Reaching safepoint: 802000 ns, At safepoint: 45900 ns, Total: 847900 ns
[2020-10-24T06:28:38.278+0000][7][safepoint    ] Safepoint "Cleanup", Time since last: 1001287200 ns, Reaching safepoint: 239300 ns, At safepoint: 8800 ns, Total: 248100 ns
[2020-10-24T06:28:39.280+0000][7][safepoint    ] Safepoint "Cleanup", Time since last: 1000573800 ns, Reaching safepoint: 739700 ns, At safepoint: 46000 ns, Total: 785700 ns
[2020-10-24T06:28:40.282+0000][7][safepoint    ] Safepoint "Cleanup", Time since last: 1001212500 ns, Reaching safepoint: 834200 ns, At safepoint: 45100 ns, Total: 879300 ns
[2020-10-24T06:28:41.284+0000][7][safepoint    ] Safepoint "Cleanup", Time since last: 1001292500 ns, Reaching safepoint: 672400 ns, At safepoint: 33500 ns, Total: 705900 ns
[2020-10-24T06:28:42.285+0000][7][safepoint    ] Safepoint "Cleanup", Time since last: 1000929500 ns, Reaching safepoint: 266100 ns, At safepoint: 8800 ns, Total: 274900 ns
[2020-10-24T06:28:43.286+0000][7][safepoint    ] Safepoint "Cleanup", Time since last: 1000556200 ns, Reaching safepoint: 710600 ns, At safepoint: 37300 ns, Total: 747900 ns
[2020-10-24T06:28:44.288+0000][7][safepoint    ] Safepoint "Cleanup", Time since last: 1000926300 ns, Reaching safepoint: 259800 ns, At safepoint: 25900 ns, Total: 285700 ns
[2020-10-24T06:28:45.289+0000][7][safepoint    ] Safepoint "Cleanup", Time since last: 1000521100 ns, Reaching safepoint: 954900 ns, At safepoint: 113500 ns, Total: 1068400 ns
[2020-10-24T06:28:46.290+0000][7][safepoint    ] Safepoint "Cleanup", Time since last: 1001018600 ns, Reaching safepoint: 221200 ns, At safepoint: 9200 ns, Total: 230400 ns
[2020-10-24T06:28:47.291+0000][7][safepoint    ] Safepoint "Cleanup", Time since last: 1000539500 ns, Reaching safepoint: 247900 ns, At safepoint: 11300 ns, Total: 259200 ns
[2020-10-24T06:28:48.293+0000][7][safepoint    ] Safepoint "Cleanup", Time since last: 1000685900 ns, Reaching safepoint: 844900 ns, At safepoint: 45500 ns, Total: 890400 ns
[2020-10-24T06:28:49.295+0000][7][safepoint    ] Safepoint "Cleanup", Time since last: 1001307300 ns, Reaching safepoint: 630900 ns, At safepoint: 41500 ns, Total: 672400 ns
[2020-10-24T06:28:50.296+0000][7][safepoint    ] Safepoint "Cleanup", Time since last: 1001042900 ns, Reaching safepoint: 357400 ns, At safepoint: 19500 ns, Total: 376900 ns
[2020-10-24T06:28:51.298+0000][7][safepoint    ] Safepoint "Cleanup", Time since last: 1000860400 ns, Reaching safepoint: 489700 ns, At safepoint: 24000 ns, Total: 513700 ns
[2020-10-24T06:28:52.299+0000][7][safepoint    ] Safepoint "Cleanup", Time since last: 1000768900 ns, Reaching safepoint: 286800 ns, At safepoint: 14300 ns, Total: 301100 ns
[2020-10-24T06:28:53.122+0000][7][gc,start     ] GC(322) Pause Young (Normal) (G1 Evacuation Pause)
[2020-10-24T06:28:53.122+0000][7][gc,task      ] GC(322) Using 6 workers of 10 for evacuation
[2020-10-24T06:28:53.122+0000][7][gc,age       ] GC(322) Desired survivor size 3670016 bytes, new threshold 15 (max threshold 15)
[2020-10-24T06:28:53.125+0000][7][gc,age       ] GC(322) Age table with threshold 15 (max threshold 15)
[2020-10-24T06:28:53.125+0000][7][gc,age       ] GC(322) - age   1:     637392 bytes,     637392 total
[2020-10-24T06:28:53.126+0000][7][gc,age       ] GC(322) - age   2:      60800 bytes,     698192 total
[2020-10-24T06:28:53.126+0000][7][gc,age       ] GC(322) - age   3:       6104 bytes,     704296 total
[2020-10-24T06:28:53.126+0000][7][gc,phases    ] GC(322)   Pre Evacuate Collection Set: 0.1ms
[2020-10-24T06:28:53.127+0000][7][gc,phases    ] GC(322)   Merge Heap Roots: 0.1ms
[2020-10-24T06:28:53.127+0000][7][gc,phases    ] GC(322)   Evacuate Collection Set: 1.3ms
[2020-10-24T06:28:53.127+0000][7][gc,phases    ] GC(322)   Post Evacuate Collection Set: 0.9ms
[2020-10-24T06:28:53.128+0000][7][gc,phases    ] GC(322)   Other: 2.3ms
[2020-10-24T06:28:53.128+0000][7][gc,heap      ] GC(322) Eden regions: 48->0(49)
[2020-10-24T06:28:53.128+0000][7][gc,heap      ] GC(322) Survivor regions: 1->1(7)
[2020-10-24T06:28:53.128+0000][7][gc,heap      ] GC(322) Old regions: 119->119
[2020-10-24T06:28:53.129+0000][7][gc,heap      ] GC(322) Archive regions: 2->2
[2020-10-24T06:28:53.129+0000][7][gc,heap      ] GC(322) Humongous regions: 15->15
[2020-10-24T06:28:53.129+0000][7][gc,metaspace ] GC(322) Metaspace: 109867K(118564K)->109867K(118564K) NonClass: 95949K(101080K)->95949K(101080K) Class: 13918K(17484K)->13918K(17484K)
[2020-10-24T06:28:53.129+0000][7][gc           ] GC(322) Pause Young (Normal) (G1 Evacuation Pause) 183M->134M(256M) 7.623ms
[2020-10-24T06:28:53.130+0000][7][gc,cpu       ] GC(322) User=0.01s Sys=0.00s Real=0.01s
[2020-10-24T06:28:53.130+0000][7][safepoint    ] Safepoint "G1CollectForAllocation", Time since last: 822732900 ns, Reaching safepoint: 265100 ns, At safepoint: 8050200 ns, Total: 8315300 ns
[2020-10-24T06:28:54.447+0000][7][safepoint    ] Safepoint "Cleanup", Time since last: 1316474500 ns, Reaching safepoint: 501700 ns, At safepoint: 27800 ns, Total: 529500 ns
[2020-10-24T06:28:55.448+0000][7][safepoint    ] Safepoint "Cleanup", Time since last: 1000865600 ns, Reaching safepoint: 219800 ns, At safepoint: 23700 ns, Total: 243500 ns
[2020-10-24T06:28:56.449+0000][7][safepoint    ] Safepoint "Cleanup", Time since last: 1000626200 ns, Reaching safepoint: 839300 ns, At safepoint: 46800 ns, Total: 886100 ns
[2020-10-24T06:28:57.451+0000][7][safepoint    ] Safepoint "Cleanup", Time since last: 1001086300 ns, Reaching safepoint: 337100 ns, At safepoint: 19700 ns, Total: 356800 ns
[2020-10-24T06:28:58.452+0000][7][safepoint    ] Safepoint "Cleanup", Time since last: 1000718700 ns, Reaching safepoint: 390200 ns, At safepoint: 23800 ns, Total: 414000 ns
[2020-10-24T06:28:59.453+0000][7][safepoint    ] Safepoint "Cleanup", Time since last: 1000774600 ns, Reaching safepoint: 206400 ns, At safepoint: 10300 ns, Total: 216700 ns
[2020-10-24T06:29:00.454+0000][7][safepoint    ] Safepoint "Cleanup", Time since last: 1000586600 ns, Reaching safepoint: 268100 ns, At safepoint: 8500 ns, Total: 276600 ns
[2020-10-24T06:29:01.455+0000][7][safepoint    ] Safepoint "Cleanup", Time since last: 1000481300 ns, Reaching safepoint: 258300 ns, At safepoint: 12800 ns, Total: 271100 ns
[2020-10-24T06:29:02.456+0000][7][safepoint    ] Safepoint "Cleanup", Time since last: 1000708100 ns, Reaching safepoint: 803700 ns, At safepoint: 45000 ns, Total: 848700 ns
[2020-10-24T06:29:03.458+0000][7][safepoint    ] Safepoint "Cleanup", Time since last: 1001169900 ns, Reaching safepoint: 253200 ns, At safepoint: 8600 ns, Total: 261800 ns
[2020-10-24T06:29:04.459+0000][7][safepoint    ] Safepoint "Cleanup", Time since last: 1000599100 ns, Reaching safepoint: 751500 ns, At safepoint: 49600 ns, Total: 801100 ns
[2020-10-24T06:29:05.461+0000][7][safepoint    ] Safepoint "Cleanup", Time since last: 1001341400 ns, Reaching safepoint: 282200 ns, At safepoint: 8500 ns, Total: 290700 ns
[2020-10-24T06:29:06.461+0000][7][safepoint    ] Safepoint "Cleanup", Time since last: 1000433600 ns, Reaching safepoint: 213100 ns, At safepoint: 9000 ns, Total: 222100 ns
[2020-10-24T06:29:07.463+0000][7][safepoint    ] Safepoint "Cleanup", Time since last: 1000548000 ns, Reaching safepoint: 815200 ns, At safepoint: 45800 ns, Total: 861000 ns
[2020-10-24T06:29:08.465+0000][7][safepoint    ] Safepoint "Cleanup", Time since last: 1001393100 ns, Reaching safepoint: 1255300 ns, At safepoint: 48100 ns, Total: 1303400 ns
[2020-10-24T06:29:09.467+0000][7][safepoint    ] Safepoint "Cleanup", Time since last: 1001274200 ns, Reaching safepoint: 720900 ns, At safepoint: 81700 ns, Total: 802600 ns
[2020-10-24T06:29:10.469+0000][7][safepoint    ] Safepoint "Cleanup", Time since last: 1001448200 ns, Reaching safepoint: 183700 ns, At safepoint: 9800 ns, Total: 193500 ns
[2020-10-24T06:29:11.470+0000][7][safepoint    ] Safepoint "Cleanup", Time since last: 1000441000 ns, Reaching safepoint: 228900 ns, At safepoint: 10200 ns, Total: 239100 ns
[2020-10-24T06:29:12.471+0000][7][safepoint    ] Safepoint "Cleanup", Time since last: 1000588200 ns, Reaching safepoint: 622000 ns, At safepoint: 38300 ns, Total: 660300 ns
[2020-10-24T06:29:13.473+0000][7][safepoint    ] Safepoint "Cleanup", Time since last: 1001311900 ns, Reaching safepoint: 830300 ns, At safepoint: 46700 ns, Total: 877000 ns
[2020-10-24T06:29:14.475+0000][7][safepoint    ] Safepoint "Cleanup", Time since last: 1001125200 ns, Reaching safepoint: 266600 ns, At safepoint: 9600 ns, Total: 276200 ns
[2020-10-24T06:29:15.475+0000][7][safepoint    ] Safepoint "Cleanup", Time since last: 1000563600 ns, Reaching safepoint: 302900 ns, At safepoint: 15100 ns, Total: 318000 ns
[2020-10-24T06:29:16.476+0000][7][safepoint    ] Safepoint "Cleanup", Time since last: 1000548000 ns, Reaching safepoint: 221200 ns, At safepoint: 24000 ns, Total: 245200 ns
[2020-10-24T06:29:17.109+0000][7][gc,start     ] GC(323) Pause Young (Concurrent Start) (G1 Evacuation Pause)
[2020-10-24T06:29:17.109+0000][7][gc,task      ] GC(323) Using 6 workers of 10 for evacuation
[2020-10-24T06:29:17.110+0000][7][gc,age       ] GC(323) Desired survivor size 3670016 bytes, new threshold 15 (max threshold 15)
[2020-10-24T06:29:17.113+0000][7][gc,age       ] GC(323) Age table with threshold 15 (max threshold 15)
[2020-10-24T06:29:17.114+0000][7][gc,age       ] GC(323) - age   1:     731152 bytes,     731152 total
[2020-10-24T06:29:17.114+0000][7][gc,age       ] GC(323) - age   2:     121816 bytes,     852968 total
[2020-10-24T06:29:17.114+0000][7][gc,age       ] GC(323) - age   3:      60800 bytes,     913768 total
[2020-10-24T06:29:17.114+0000][7][gc,age       ] GC(323) - age   4:       6104 bytes,     919872 total
[2020-10-24T06:29:17.115+0000][7][gc,phases    ] GC(323)   Pre Evacuate Collection Set: 0.7ms
[2020-10-24T06:29:17.115+0000][7][gc,phases    ] GC(323)   Merge Heap Roots: 0.2ms
[2020-10-24T06:29:17.115+0000][7][gc,phases    ] GC(323)   Evacuate Collection Set: 1.5ms
[2020-10-24T06:29:17.115+0000][7][gc,phases    ] GC(323)   Post Evacuate Collection Set: 0.9ms
[2020-10-24T06:29:17.116+0000][7][gc,phases    ] GC(323)   Other: 2.5ms
[2020-10-24T06:29:17.116+0000][7][gc,heap      ] GC(323) Eden regions: 49->0(50)
[2020-10-24T06:29:17.116+0000][7][gc,heap      ] GC(323) Survivor regions: 1->1(7)
[2020-10-24T06:29:17.116+0000][7][gc,heap      ] GC(323) Old regions: 119->119
[2020-10-24T06:29:17.116+0000][7][gc,heap      ] GC(323) Archive regions: 2->2
[2020-10-24T06:29:17.116+0000][7][gc,heap      ] GC(323) Humongous regions: 15->15
[2020-10-24T06:29:17.117+0000][7][gc,metaspace ] GC(323) Metaspace: 109870K(118564K)->109870K(118564K) NonClass: 95952K(101080K)->95952K(101080K) Class: 13918K(17484K)->13918K(17484K)
[2020-10-24T06:29:17.117+0000][7][gc           ] GC(323) Pause Young (Concurrent Start) (G1 Evacuation Pause) 183M->134M(256M) 7.762ms
[2020-10-24T06:29:17.117+0000][7][gc,cpu       ] GC(323) User=0.01s Sys=0.00s Real=0.00s
[2020-10-24T06:29:17.117+0000][7][safepoint    ] Safepoint "G1CollectForAllocation", Time since last: 632504600 ns, Reaching safepoint: 212400 ns, At safepoint: 8256100 ns, Total: 8468500 ns
[2020-10-24T06:29:17.117+0000][7][gc           ] GC(324) Concurrent Cycle
[2020-10-24T06:29:17.118+0000][7][gc,marking   ] GC(324) Concurrent Clear Claimed Marks
[2020-10-24T06:29:17.118+0000][7][gc,marking   ] GC(324) Concurrent Clear Claimed Marks 0.650ms
[2020-10-24T06:29:17.118+0000][7][gc,marking   ] GC(324) Concurrent Scan Root Regions
[2020-10-24T06:29:17.120+0000][7][gc,marking   ] GC(324) Concurrent Scan Root Regions 1.286ms
[2020-10-24T06:29:17.120+0000][7][gc,marking   ] GC(324) Concurrent Mark (2714.486s)
[2020-10-24T06:29:17.120+0000][7][gc,marking   ] GC(324) Concurrent Mark From Roots
[2020-10-24T06:29:17.120+0000][7][gc,task      ] GC(324) Using 3 workers of 3 for marking
[2020-10-24T06:29:17.173+0000][7][gc,marking   ] GC(324) Concurrent Mark From Roots 52.543ms
[2020-10-24T06:29:17.173+0000][7][gc,marking   ] GC(324) Concurrent Preclean
[2020-10-24T06:29:17.174+0000][7][gc,marking   ] GC(324) Concurrent Preclean 0.671ms
[2020-10-24T06:29:17.174+0000][7][gc,marking   ] GC(324) Concurrent Mark (2714.486s, 2714.540s) 54.045ms
[2020-10-24T06:29:17.175+0000][7][gc,start     ] GC(324) Pause Remark
[2020-10-24T06:29:17.182+0000][7][gc           ] GC(324) Pause Remark 135M->135M(256M) 7.088ms
[2020-10-24T06:29:17.182+0000][7][gc,cpu       ] GC(324) User=0.03s Sys=0.00s Real=0.01s
[2020-10-24T06:29:17.182+0000][7][safepoint    ] Safepoint "G1Concurrent", Time since last: 57154100 ns, Reaching safepoint: 259100 ns, At safepoint: 7875800 ns, Total: 8134900 ns
[2020-10-24T06:29:17.183+0000][7][gc,marking   ] GC(324) Concurrent Rebuild Remembered Sets
[2020-10-24T06:29:17.219+0000][7][gc,marking   ] GC(324) Concurrent Rebuild Remembered Sets 35.705ms
[2020-10-24T06:29:17.219+0000][7][gc,start     ] GC(324) Pause Cleanup
[2020-10-24T06:29:17.220+0000][7][gc           ] GC(324) Pause Cleanup 135M->135M(256M) 0.542ms
[2020-10-24T06:29:17.220+0000][7][gc,cpu       ] GC(324) User=0.00s Sys=0.00s Real=0.00s
[2020-10-24T06:29:17.220+0000][7][safepoint    ] Safepoint "G1Concurrent", Time since last: 36521000 ns, Reaching safepoint: 254000 ns, At safepoint: 1181700 ns, Total: 1435700 ns
[2020-10-24T06:29:17.221+0000][7][gc,marking   ] GC(324) Concurrent Cleanup for Next Mark
[2020-10-24T06:29:17.221+0000][7][gc,marking   ] GC(324) Concurrent Cleanup for Next Mark 0.658ms
[2020-10-24T06:29:17.222+0000][7][gc           ] GC(324) Concurrent Cycle 104.522ms
[2020-10-24T06:29:18.221+0000][7][safepoint    ] Safepoint "Cleanup", Time since last: 1000526900 ns, Reaching safepoint: 287100 ns, At safepoint: 8700 ns, Total: 295800 ns
[2020-10-24T06:29:19.223+0000][7][safepoint    ] Safepoint "Cleanup", Time since last: 1000667200 ns, Reaching safepoint: 807100 ns, At safepoint: 46000 ns, Total: 853100 ns
[2020-10-24T06:29:20.224+0000][7][safepoint    ] Safepoint "Cleanup", Time since last: 1001241000 ns, Reaching safepoint: 329100 ns, At safepoint: 16600 ns, Total: 345700 ns
[2020-10-24T06:29:21.225+0000][7][safepoint    ] Safepoint "Cleanup", Time since last: 1000695000 ns, Reaching safepoint: 201000 ns, At safepoint: 10600 ns, Total: 211600 ns
[2020-10-24T06:29:22.226+0000][7][safepoint    ] Safepoint "Cleanup", Time since last: 1000507300 ns, Reaching safepoint: 268100 ns, At safepoint: 9500 ns, Total: 277600 ns
[2020-10-24T06:29:22.597+0000][7][safepoint    ] Safepoint "BulkRevokeBias", Time since last: 365481500 ns, Reaching safepoint: 509700 ns, At safepoint: 5023200 ns, Total: 5532900 ns
[2020-10-24T06:29:23.305+0000][7][gc,start     ] GC(325) Pause Young (Normal) (G1 Evacuation Pause)
[2020-10-24T06:29:23.305+0000][7][gc,task      ] GC(325) Using 6 workers of 10 for evacuation
[2020-10-24T06:29:23.305+0000][7][gc,age       ] GC(325) Desired survivor size 3670016 bytes, new threshold 15 (max threshold 15)
[2020-10-24T06:29:23.308+0000][7][gc,age       ] GC(325) Age table with threshold 15 (max threshold 15)
[2020-10-24T06:29:23.309+0000][7][gc,age       ] GC(325) - age   1:    2121568 bytes,    2121568 total
[2020-10-24T06:29:23.309+0000][7][gc,age       ] GC(325) - age   2:     517536 bytes,    2639104 total
[2020-10-24T06:29:23.309+0000][7][gc,age       ] GC(325) - age   3:     108992 bytes,    2748096 total
[2020-10-24T06:29:23.310+0000][7][gc,age       ] GC(325) - age   4:      52016 bytes,    2800112 total
[2020-10-24T06:29:23.310+0000][7][gc,age       ] GC(325) - age   5:       6104 bytes,    2806216 total
[2020-10-24T06:29:23.310+0000][7][gc,phases    ] GC(325)   Pre Evacuate Collection Set: 0.1ms
[2020-10-24T06:29:23.310+0000][7][gc,phases    ] GC(325)   Merge Heap Roots: 0.1ms
[2020-10-24T06:29:23.311+0000][7][gc,phases    ] GC(325)   Evacuate Collection Set: 1.6ms
[2020-10-24T06:29:23.311+0000][7][gc,phases    ] GC(325)   Post Evacuate Collection Set: 0.8ms
[2020-10-24T06:29:23.311+0000][7][gc,phases    ] GC(325)   Other: 2.8ms
[2020-10-24T06:29:23.311+0000][7][gc,heap      ] GC(325) Eden regions: 50->0(47)
[2020-10-24T06:29:23.311+0000][7][gc,heap      ] GC(325) Survivor regions: 1->3(7)
[2020-10-24T06:29:23.311+0000][7][gc,heap      ] GC(325) Old regions: 119->119
[2020-10-24T06:29:23.312+0000][7][gc,heap      ] GC(325) Archive regions: 2->2
[2020-10-24T06:29:23.312+0000][7][gc,heap      ] GC(325) Humongous regions: 15->15
[2020-10-24T06:29:23.312+0000][7][gc,metaspace ] GC(325) Metaspace: 109878K(118564K)->109878K(118564K) NonClass: 95959K(101080K)->95959K(101080K) Class: 13918K(17484K)->13918K(17484K)
[2020-10-24T06:29:23.312+0000][7][gc           ] GC(325) Pause Young (Normal) (G1 Evacuation Pause) 184M->136M(256M) 7.458ms
[2020-10-24T06:29:23.312+0000][7][gc,cpu       ] GC(325) User=0.00s Sys=0.01s Real=0.01s
[2020-10-24T06:29:23.313+0000][7][safepoint    ] Safepoint "G1CollectForAllocation", Time since last: 707364400 ns, Reaching safepoint: 239900 ns, At safepoint: 7847900 ns, Total: 8087800 ns
[2020-10-24T06:29:24.314+0000][7][safepoint    ] Safepoint "Cleanup", Time since last: 1000446200 ns, Reaching safepoint: 643500 ns, At safepoint: 48100 ns, Total: 691600 ns
[2020-10-24T06:29:25.315+0000][7][safepoint    ] Safepoint "Cleanup", Time since last: 1001221600 ns, Reaching safepoint: 299000 ns, At safepoint: 9100 ns, Total: 308100 ns
[2020-10-24T06:29:26.118+0000][7][safepoint    ] Safepoint "BulkRevokeBias", Time since last: 798489300 ns, Reaching safepoint: 781200 ns, At safepoint: 3162200 ns, Total: 3943400 ns
[2020-10-24T06:29:27.120+0000][7][safepoint    ] Safepoint "Cleanup", Time since last: 1001333500 ns, Reaching safepoint: 832500 ns, At safepoint: 46500 ns, Total: 879000 ns
[2020-10-24T06:29:28.122+0000][7][safepoint    ] Safepoint "Cleanup", Time since last: 1001342800 ns, Reaching safepoint: 827300 ns, At safepoint: 45600 ns, Total: 872900 ns
[2020-10-24T06:29:29.124+0000][7][safepoint    ] Safepoint "Cleanup", Time since last: 1001303700 ns, Reaching safepoint: 718900 ns, At safepoint: 32100 ns, Total: 751000 ns
[2020-10-24T06:29:30.125+0000][7][safepoint    ] Safepoint "Cleanup", Time since last: 1000573100 ns, Reaching safepoint: 672900 ns, At safepoint: 39000 ns, Total: 711900 ns
[2020-10-24T06:29:31.127+0000][7][safepoint    ] Safepoint "Cleanup", Time since last: 1001248200 ns, Reaching safepoint: 719800 ns, At safepoint: 36900 ns, Total: 756700 ns
[2020-10-24T06:29:32.129+0000][7][safepoint    ] Safepoint "Cleanup", Time since last: 1001155700 ns, Reaching safepoint: 283300 ns, At safepoint: 9000 ns, Total: 292300 ns
[2020-10-24T06:29:33.130+0000][7][safepoint    ] Safepoint "Cleanup", Time since last: 1000598100 ns, Reaching safepoint: 829300 ns, At safepoint: 45300 ns, Total: 874600 ns
[2020-10-24T06:29:34.133+0000][7][safepoint    ] Safepoint "Cleanup", Time since last: 1001357900 ns, Reaching safepoint: 825400 ns, At safepoint: 45100 ns, Total: 870500 ns
[2020-10-24T06:29:35.135+0000][7][safepoint    ] Safepoint "Cleanup", Time since last: 1001436900 ns, Reaching safepoint: 819700 ns, At safepoint: 50400 ns, Total: 870100 ns
[2020-10-24T06:29:36.136+0000][7][safepoint    ] Safepoint "Cleanup", Time since last: 1001232300 ns, Reaching safepoint: 288300 ns, At safepoint: 8800 ns, Total: 297100 ns
[2020-10-24T06:29:37.138+0000][7][safepoint    ] Safepoint "Cleanup", Time since last: 1000607800 ns, Reaching safepoint: 878600 ns, At safepoint: 45600 ns, Total: 924200 ns
[2020-10-24T06:29:38.140+0000][7][safepoint    ] Safepoint "Cleanup", Time since last: 1001329000 ns, Reaching safepoint: 429800 ns, At safepoint: 22700 ns, Total: 452500 ns
[2020-10-24T06:29:39.141+0000][7][safepoint    ] Safepoint "Cleanup", Time since last: 1000778000 ns, Reaching safepoint: 370000 ns, At safepoint: 18800 ns, Total: 388800 ns
[2020-10-24T06:29:40.142+0000][7][safepoint    ] Safepoint "Cleanup", Time since last: 1000687000 ns, Reaching safepoint: 267700 ns, At safepoint: 9200 ns, Total: 276900 ns
[2020-10-24T06:29:41.143+0000][7][safepoint    ] Safepoint "Cleanup", Time since last: 1000523600 ns, Reaching safepoint: 230900 ns, At safepoint: 10100 ns, Total: 241000 ns
[2020-10-24T06:29:41.271+0000][7][gc,start     ] GC(326) Pause Young (Concurrent Start) (G1 Evacuation Pause)
[2020-10-24T06:29:41.272+0000][7][gc,task      ] GC(326) Using 6 workers of 10 for evacuation
[2020-10-24T06:29:41.272+0000][7][gc,age       ] GC(326) Desired survivor size 3670016 bytes, new threshold 15 (max threshold 15)
[2020-10-24T06:29:41.276+0000][7][gc,age       ] GC(326) Age table with threshold 15 (max threshold 15)
[2020-10-24T06:29:41.276+0000][7][gc,age       ] GC(326) - age   1:     644528 bytes,     644528 total
[2020-10-24T06:29:41.276+0000][7][gc,age       ] GC(326) - age   2:     650072 bytes,    1294600 total
[2020-10-24T06:29:41.277+0000][7][gc,age       ] GC(326) - age   3:     491256 bytes,    1785856 total
[2020-10-24T06:29:41.277+0000][7][gc,age       ] GC(326) - age   4:      70840 bytes,    1856696 total
[2020-10-24T06:29:41.277+0000][7][gc,age       ] GC(326) - age   5:      51992 bytes,    1908688 total
[2020-10-24T06:29:41.277+0000][7][gc,age       ] GC(326) - age   6:       6080 bytes,    1914768 total
[2020-10-24T06:29:41.278+0000][7][gc,phases    ] GC(326)   Pre Evacuate Collection Set: 0.6ms
[2020-10-24T06:29:41.278+0000][7][gc,phases    ] GC(326)   Merge Heap Roots: 0.1ms
[2020-10-24T06:29:41.278+0000][7][gc,phases    ] GC(326)   Evacuate Collection Set: 1.7ms
[2020-10-24T06:29:41.278+0000][7][gc,phases    ] GC(326)   Post Evacuate Collection Set: 0.9ms
[2020-10-24T06:29:41.279+0000][7][gc,phases    ] GC(326)   Other: 3.0ms
[2020-10-24T06:29:41.279+0000][7][gc,heap      ] GC(326) Eden regions: 47->0(49)
[2020-10-24T06:29:41.279+0000][7][gc,heap      ] GC(326) Survivor regions: 3->2(7)
[2020-10-24T06:29:41.279+0000][7][gc,heap      ] GC(326) Old regions: 119->119
[2020-10-24T06:29:41.279+0000][7][gc,heap      ] GC(326) Archive regions: 2->2
[2020-10-24T06:29:41.279+0000][7][gc,heap      ] GC(326) Humongous regions: 15->15
[2020-10-24T06:29:41.280+0000][7][gc,metaspace ] GC(326) Metaspace: 109878K(118564K)->109878K(118564K) NonClass: 95959K(101080K)->95959K(101080K) Class: 13918K(17484K)->13918K(17484K)
[2020-10-24T06:29:41.280+0000][7][gc           ] GC(326) Pause Young (Concurrent Start) (G1 Evacuation Pause) 183M->135M(256M) 8.627ms
[2020-10-24T06:29:41.280+0000][7][gc,cpu       ] GC(326) User=0.01s Sys=0.00s Real=0.01s
[2020-10-24T06:29:41.280+0000][7][gc           ] GC(327) Concurrent Cycle
[2020-10-24T06:29:41.280+0000][7][safepoint    ] Safepoint "G1CollectForAllocation", Time since last: 128337800 ns, Reaching safepoint: 212900 ns, At safepoint: 9170500 ns, Total: 9383400 ns
[2020-10-24T06:29:41.281+0000][7][gc,marking   ] GC(327) Concurrent Clear Claimed Marks
[2020-10-24T06:29:41.282+0000][7][gc,marking   ] GC(327) Concurrent Clear Claimed Marks 1.070ms
[2020-10-24T06:29:41.282+0000][7][gc,marking   ] GC(327) Concurrent Scan Root Regions
[2020-10-24T06:29:41.283+0000][7][gc,marking   ] GC(327) Concurrent Scan Root Regions 1.290ms
[2020-10-24T06:29:41.283+0000][7][gc,marking   ] GC(327) Concurrent Mark (2738.650s)
[2020-10-24T06:29:41.284+0000][7][gc,marking   ] GC(327) Concurrent Mark From Roots
[2020-10-24T06:29:41.284+0000][7][gc,task      ] GC(327) Using 3 workers of 3 for marking
[2020-10-24T06:29:41.342+0000][7][gc,marking   ] GC(327) Concurrent Mark From Roots 58.126ms
[2020-10-24T06:29:41.342+0000][7][gc,marking   ] GC(327) Concurrent Preclean
[2020-10-24T06:29:41.343+0000][7][gc,marking   ] GC(327) Concurrent Preclean 0.610ms
[2020-10-24T06:29:41.343+0000][7][gc,marking   ] GC(327) Concurrent Mark (2738.650s, 2738.709s) 59.579ms
[2020-10-24T06:29:41.343+0000][7][gc,start     ] GC(327) Pause Remark
[2020-10-24T06:29:41.351+0000][7][gc           ] GC(327) Pause Remark 151M->151M(256M) 7.494ms
[2020-10-24T06:29:41.351+0000][7][gc,cpu       ] GC(327) User=0.03s Sys=0.00s Real=0.01s
[2020-10-24T06:29:41.352+0000][7][safepoint    ] Safepoint "G1Concurrent", Time since last: 62945400 ns, Reaching safepoint: 197500 ns, At safepoint: 8101600 ns, Total: 8299100 ns
[2020-10-24T06:29:41.352+0000][7][gc,marking   ] GC(327) Concurrent Rebuild Remembered Sets
[2020-10-24T06:29:41.393+0000][7][gc,marking   ] GC(327) Concurrent Rebuild Remembered Sets 41.365ms
[2020-10-24T06:29:41.394+0000][7][gc,start     ] GC(327) Pause Cleanup
[2020-10-24T06:29:41.394+0000][7][gc           ] GC(327) Pause Cleanup 162M->162M(256M) 0.584ms
[2020-10-24T06:29:41.395+0000][7][gc,cpu       ] GC(327) User=0.00s Sys=0.00s Real=0.00s
[2020-10-24T06:29:41.395+0000][7][safepoint    ] Safepoint "G1Concurrent", Time since last: 42076000 ns, Reaching safepoint: 220600 ns, At safepoint: 1190800 ns, Total: 1411400 ns
[2020-10-24T06:29:41.395+0000][7][gc,marking   ] GC(327) Concurrent Cleanup for Next Mark
[2020-10-24T06:29:41.396+0000][7][gc,marking   ] GC(327) Concurrent Cleanup for Next Mark 0.660ms
[2020-10-24T06:29:41.396+0000][7][gc           ] GC(327) Concurrent Cycle 115.926ms
[2020-10-24T06:29:41.460+0000][7][gc,start     ] GC(328) Pause Young (Normal) (G1 Evacuation Pause)
[2020-10-24T06:29:41.460+0000][7][gc,task      ] GC(328) Using 6 workers of 10 for evacuation
[2020-10-24T06:29:41.460+0000][7][gc,age       ] GC(328) Desired survivor size 3670016 bytes, new threshold 15 (max threshold 15)
[2020-10-24T06:29:41.463+0000][7][gc,age       ] GC(328) Age table with threshold 15 (max threshold 15)
[2020-10-24T06:29:41.463+0000][7][gc,age       ] GC(328) - age   1:     458568 bytes,     458568 total
[2020-10-24T06:29:41.464+0000][7][gc,age       ] GC(328) - age   2:     411176 bytes,     869744 total
[2020-10-24T06:29:41.464+0000][7][gc,age       ] GC(328) - age   3:     642296 bytes,    1512040 total
[2020-10-24T06:29:41.464+0000][7][gc,age       ] GC(328) - age   4:     491256 bytes,    2003296 total
[2020-10-24T06:29:41.464+0000][7][gc,age       ] GC(328) - age   5:      70680 bytes,    2073976 total
[2020-10-24T06:29:41.464+0000][7][gc,age       ] GC(328) - age   6:      51992 bytes,    2125968 total
[2020-10-24T06:29:41.465+0000][7][gc,age       ] GC(328) - age   7:       6080 bytes,    2132048 total
[2020-10-24T06:29:41.465+0000][7][gc,phases    ] GC(328)   Pre Evacuate Collection Set: 0.1ms
[2020-10-24T06:29:41.465+0000][7][gc,phases    ] GC(328)   Merge Heap Roots: 0.1ms
[2020-10-24T06:29:41.465+0000][7][gc,phases    ] GC(328)   Evacuate Collection Set: 1.5ms
[2020-10-24T06:29:41.465+0000][7][gc,phases    ] GC(328)   Post Evacuate Collection Set: 0.7ms
[2020-10-24T06:29:41.466+0000][7][gc,phases    ] GC(328)   Other: 2.5ms
[2020-10-24T06:29:41.466+0000][7][gc,heap      ] GC(328) Eden regions: 49->0(48)
[2020-10-24T06:29:41.466+0000][7][gc,heap      ] GC(328) Survivor regions: 2->3(7)
[2020-10-24T06:29:41.466+0000][7][gc,heap      ] GC(328) Old regions: 119->119
[2020-10-24T06:29:41.466+0000][7][gc,heap      ] GC(328) Archive regions: 2->2
[2020-10-24T06:29:41.466+0000][7][gc,heap      ] GC(328) Humongous regions: 15->15
[2020-10-24T06:29:41.467+0000][7][gc,metaspace ] GC(328) Metaspace: 109882K(118564K)->109882K(118564K) NonClass: 95963K(101080K)->95963K(101080K) Class: 13918K(17484K)->13918K(17484K)
[2020-10-24T06:29:41.467+0000][7][gc           ] GC(328) Pause Young (Normal) (G1 Evacuation Pause) 184M->136M(256M) 6.826ms
[2020-10-24T06:29:41.467+0000][7][gc,cpu       ] GC(328) User=0.01s Sys=0.00s Real=0.00s
[2020-10-24T06:29:41.467+0000][7][safepoint    ] Safepoint "G1CollectForAllocation", Time since last: 64595200 ns, Reaching safepoint: 234200 ns, At safepoint: 7199300 ns, Total: 7433500 ns
[2020-10-24T06:29:42.501+0000][7][safepoint    ] Safepoint "Cleanup", Time since last: 1033593300 ns, Reaching safepoint: 272000 ns, At safepoint: 23900 ns, Total: 295900 ns
[2020-10-24T06:29:43.502+0000][7][safepoint    ] Safepoint "Cleanup", Time since last: 1000405100 ns, Reaching safepoint: 274400 ns, At safepoint: 8800 ns, Total: 283200 ns
[2020-10-24T06:29:45.117+0000][7][safepoint    ] Safepoint "Cleanup", Time since last: 1614899500 ns, Reaching safepoint: 724500 ns, At safepoint: 28400 ns, Total: 752900 ns
[2020-10-24T06:29:46.119+0000][7][safepoint    ] Safepoint "Cleanup", Time since last: 1001034800 ns, Reaching safepoint: 488900 ns, At safepoint: 24400 ns, Total: 513300 ns
[2020-10-24T06:29:47.120+0000][7][safepoint    ] Safepoint "Cleanup", Time since last: 1000879200 ns, Reaching safepoint: 258300 ns, At safepoint: 9300 ns, Total: 267600 ns
[2020-10-24T06:29:48.122+0000][7][safepoint    ] Safepoint "Cleanup", Time since last: 1000687300 ns, Reaching safepoint: 826800 ns, At safepoint: 45600 ns, Total: 872400 ns
[2020-10-24T06:29:49.124+0000][7][safepoint    ] Safepoint "Cleanup", Time since last: 1001678100 ns, Reaching safepoint: 905200 ns, At safepoint: 45400 ns, Total: 950600 ns
[2020-10-24T06:29:50.126+0000][7][safepoint    ] Safepoint "Cleanup", Time since last: 1001190700 ns, Reaching safepoint: 260700 ns, At safepoint: 8600 ns, Total: 269300 ns
[2020-10-24T06:29:51.127+0000][7][safepoint    ] Safepoint "Cleanup", Time since last: 1000633400 ns, Reaching safepoint: 791700 ns, At safepoint: 47400 ns, Total: 839100 ns
[2020-10-24T06:29:52.129+0000][7][safepoint    ] Safepoint "Cleanup", Time since last: 1001296000 ns, Reaching safepoint: 608200 ns, At safepoint: 33000 ns, Total: 641200 ns
[2020-10-24T06:29:53.130+0000][7][safepoint    ] Safepoint "Cleanup", Time since last: 1001017700 ns, Reaching safepoint: 253300 ns, At safepoint: 8700 ns, Total: 262000 ns
[2020-10-24T06:29:54.131+0000][7][safepoint    ] Safepoint "Cleanup", Time since last: 1000543200 ns, Reaching safepoint: 301400 ns, At safepoint: 14700 ns, Total: 316100 ns
[2020-10-24T06:29:55.132+0000][7][safepoint    ] Safepoint "Cleanup", Time since last: 1000603200 ns, Reaching safepoint: 263000 ns, At safepoint: 9000 ns, Total: 272000 ns
[2020-10-24T06:29:56.142+0000][7][safepoint    ] Safepoint "Cleanup", Time since last: 1009390100 ns, Reaching safepoint: 282700 ns, At safepoint: 10300 ns, Total: 293000 ns
[2020-10-24T06:29:56.152+0000][7][safepoint    ] Safepoint "BulkRevokeBias", Time since last: 7976100 ns, Reaching safepoint: 267900 ns, At safepoint: 2280600 ns, Total: 2548500 ns
[2020-10-24T06:29:57.528+0000][7][safepoint    ] Safepoint "Cleanup", Time since last: 1375164100 ns, Reaching safepoint: 903600 ns, At safepoint: 45800 ns, Total: 949400 ns
[2020-10-24T06:29:58.530+0000][7][safepoint    ] Safepoint "Cleanup", Time since last: 1001183400 ns, Reaching safepoint: 251100 ns, At safepoint: 9700 ns, Total: 260800 ns
[2020-10-24T06:29:58.954+0000][7][gc,start     ] GC(329) Pause Young (Concurrent Start) (G1 Evacuation Pause)
[2020-10-24T06:29:58.955+0000][7][gc,task      ] GC(329) Using 6 workers of 10 for evacuation
[2020-10-24T06:29:58.955+0000][7][gc,age       ] GC(329) Desired survivor size 3670016 bytes, new threshold 15 (max threshold 15)
[2020-10-24T06:29:58.960+0000][7][gc,age       ] GC(329) Age table with threshold 15 (max threshold 15)
[2020-10-24T06:29:58.961+0000][7][gc,age       ] GC(329) - age   1:     733216 bytes,     733216 total
[2020-10-24T06:29:58.961+0000][7][gc,age       ] GC(329) - age   2:      74648 bytes,     807864 total
[2020-10-24T06:29:58.962+0000][7][gc,age       ] GC(329) - age   3:     388472 bytes,    1196336 total
[2020-10-24T06:29:58.962+0000][7][gc,age       ] GC(329) - age   4:     621600 bytes,    1817936 total
[2020-10-24T06:29:58.963+0000][7][gc,age       ] GC(329) - age   5:     346744 bytes,    2164680 total
[2020-10-24T06:29:58.963+0000][7][gc,age       ] GC(329) - age   6:      68752 bytes,    2233432 total
[2020-10-24T06:29:58.963+0000][7][gc,age       ] GC(329) - age   7:      51992 bytes,    2285424 total
[2020-10-24T06:29:58.964+0000][7][gc,age       ] GC(329) - age   8:       6080 bytes,    2291504 total
[2020-10-24T06:29:58.964+0000][7][gc,phases    ] GC(329)   Pre Evacuate Collection Set: 0.9ms
[2020-10-24T06:29:58.964+0000][7][gc,phases    ] GC(329)   Merge Heap Roots: 0.2ms
[2020-10-24T06:29:58.965+0000][7][gc,phases    ] GC(329)   Evacuate Collection Set: 2.6ms
[2020-10-24T06:29:58.965+0000][7][gc,phases    ] GC(329)   Post Evacuate Collection Set: 1.3ms
[2020-10-24T06:29:58.965+0000][7][gc,phases    ] GC(329)   Other: 5.2ms
[2020-10-24T06:29:58.965+0000][7][gc,heap      ] GC(329) Eden regions: 48->0(49)
[2020-10-24T06:29:58.965+0000][7][gc,heap      ] GC(329) Survivor regions: 3->3(7)
[2020-10-24T06:29:58.965+0000][7][gc,heap      ] GC(329) Old regions: 119->119
[2020-10-24T06:29:58.966+0000][7][gc,heap      ] GC(329) Archive regions: 2->2
[2020-10-24T06:29:58.966+0000][7][gc,heap      ] GC(329) Humongous regions: 15->15
[2020-10-24T06:29:58.966+0000][7][gc,metaspace ] GC(329) Metaspace: 109886K(118564K)->109886K(118564K) NonClass: 95967K(101080K)->95967K(101080K) Class: 13918K(17484K)->13918K(17484K)
[2020-10-24T06:29:58.966+0000][7][gc           ] GC(329) Pause Young (Concurrent Start) (G1 Evacuation Pause) 184M->136M(256M) 11.855ms
[2020-10-24T06:29:58.966+0000][7][gc,cpu       ] GC(329) User=0.02s Sys=0.00s Real=0.01s
[2020-10-24T06:29:58.966+0000][7][gc           ] GC(330) Concurrent Cycle
[2020-10-24T06:29:58.966+0000][7][safepoint    ] Safepoint "G1CollectForAllocation", Time since last: 423802800 ns, Reaching safepoint: 321300 ns, At safepoint: 12167800 ns, Total: 12489100 ns
[2020-10-24T06:29:58.966+0000][7][gc,marking   ] GC(330) Concurrent Clear Claimed Marks
[2020-10-24T06:29:58.967+0000][7][gc,marking   ] GC(330) Concurrent Clear Claimed Marks 0.814ms
[2020-10-24T06:29:58.967+0000][7][gc,marking   ] GC(330) Concurrent Scan Root Regions
[2020-10-24T06:29:58.968+0000][7][gc,marking   ] GC(330) Concurrent Scan Root Regions 1.074ms
[2020-10-24T06:29:58.968+0000][7][gc,marking   ] GC(330) Concurrent Mark (2756.335s)
[2020-10-24T06:29:58.969+0000][7][gc,marking   ] GC(330) Concurrent Mark From Roots
[2020-10-24T06:29:58.969+0000][7][gc,task      ] GC(330) Using 3 workers of 3 for marking
[2020-10-24T06:29:59.016+0000][7][gc,marking   ] GC(330) Concurrent Mark From Roots 47.729ms
[2020-10-24T06:29:59.017+0000][7][gc,marking   ] GC(330) Concurrent Preclean
[2020-10-24T06:29:59.018+0000][7][gc,marking   ] GC(330) Concurrent Preclean 0.726ms
[2020-10-24T06:29:59.018+0000][7][gc,marking   ] GC(330) Concurrent Mark (2756.335s, 2756.384s) 49.374ms
[2020-10-24T06:29:59.019+0000][7][gc,start     ] GC(330) Pause Remark
[2020-10-24T06:29:59.025+0000][7][gc           ] GC(330) Pause Remark 136M->136M(256M) 6.938ms
[2020-10-24T06:29:59.026+0000][7][gc,cpu       ] GC(330) User=0.03s Sys=0.01s Real=0.00s
[2020-10-24T06:29:59.026+0000][7][safepoint    ] Safepoint "G1Concurrent", Time since last: 52119800 ns, Reaching safepoint: 264800 ns, At safepoint: 7739000 ns, Total: 8003800 ns
[2020-10-24T06:29:59.027+0000][7][gc,marking   ] GC(330) Concurrent Rebuild Remembered Sets
[2020-10-24T06:29:59.058+0000][7][gc,marking   ] GC(330) Concurrent Rebuild Remembered Sets 31.777ms
[2020-10-24T06:29:59.059+0000][7][gc,start     ] GC(330) Pause Cleanup
[2020-10-24T06:29:59.060+0000][7][gc           ] GC(330) Pause Cleanup 136M->136M(256M) 0.546ms
[2020-10-24T06:29:59.060+0000][7][gc,cpu       ] GC(330) User=0.00s Sys=0.00s Real=0.00s
[2020-10-24T06:29:59.060+0000][7][safepoint    ] Safepoint "G1Concurrent", Time since last: 32611900 ns, Reaching safepoint: 218200 ns, At safepoint: 1178000 ns, Total: 1396200 ns
[2020-10-24T06:29:59.061+0000][7][gc,marking   ] GC(330) Concurrent Cleanup for Next Mark
[2020-10-24T06:29:59.061+0000][7][gc,marking   ] GC(330) Concurrent Cleanup for Next Mark 0.642ms
[2020-10-24T06:29:59.062+0000][7][gc           ] GC(330) Concurrent Cycle 95.432ms
[2020-10-24T06:30:00.061+0000][7][safepoint    ] Safepoint "Cleanup", Time since last: 1000546600 ns, Reaching safepoint: 234300 ns, At safepoint: 8800 ns, Total: 243100 ns
[2020-10-24T06:30:01.062+0000][7][safepoint    ] Safepoint "Cleanup", Time since last: 1000510400 ns, Reaching safepoint: 252500 ns, At safepoint: 11000 ns, Total: 263500 ns
[2020-10-24T06:30:02.063+0000][7][safepoint    ] Safepoint "Cleanup", Time since last: 1000653600 ns, Reaching safepoint: 246200 ns, At safepoint: 12000 ns, Total: 258200 ns
[2020-10-24T06:30:03.064+0000][7][safepoint    ] Safepoint "Cleanup", Time since last: 1000605400 ns, Reaching safepoint: 220000 ns, At safepoint: 24200 ns, Total: 244200 ns
[2020-10-24T06:30:04.065+0000][7][safepoint    ] Safepoint "Cleanup", Time since last: 1000606800 ns, Reaching safepoint: 474100 ns, At safepoint: 24600 ns, Total: 498700 ns
[2020-10-24T06:30:05.066+0000][7][safepoint    ] Safepoint "Cleanup", Time since last: 1000894800 ns, Reaching safepoint: 786500 ns, At safepoint: 46300 ns, Total: 832800 ns
[2020-10-24T06:30:06.069+0000][7][safepoint    ] Safepoint "Cleanup", Time since last: 1001374700 ns, Reaching safepoint: 875900 ns, At safepoint: 46100 ns, Total: 922000 ns
[2020-10-24T06:30:07.081+0000][7][safepoint    ] Safepoint "Cleanup", Time since last: 1011578700 ns, Reaching safepoint: 480800 ns, At safepoint: 28700 ns, Total: 509500 ns
[2020-10-24T06:30:08.082+0000][7][safepoint    ] Safepoint "Cleanup", Time since last: 1000834100 ns, Reaching safepoint: 273300 ns, At safepoint: 9500 ns, Total: 282800 ns
[2020-10-24T06:30:09.083+0000][7][safepoint    ] Safepoint "Cleanup", Time since last: 1000586200 ns, Reaching safepoint: 229900 ns, At safepoint: 11500 ns, Total: 241400 ns
[2020-10-24T06:30:10.084+0000][7][safepoint    ] Safepoint "Cleanup", Time since last: 1000555400 ns, Reaching safepoint: 264300 ns, At safepoint: 9400 ns, Total: 273700 ns
[2020-10-24T06:30:11.084+0000][7][safepoint    ] Safepoint "Cleanup", Time since last: 1000514100 ns, Reaching safepoint: 389600 ns, At safepoint: 19500 ns, Total: 409100 ns
[2020-10-24T06:30:12.086+0000][7][safepoint    ] Safepoint "Cleanup", Time since last: 1000836700 ns, Reaching safepoint: 788200 ns, At safepoint: 46500 ns, Total: 834700 ns
[2020-10-24T06:30:13.088+0000][7][safepoint    ] Safepoint "Cleanup", Time since last: 1001373500 ns, Reaching safepoint: 272300 ns, At safepoint: 9000 ns, Total: 281300 ns
[2020-10-24T06:30:14.089+0000][7][safepoint    ] Safepoint "Cleanup", Time since last: 1000623600 ns, Reaching safepoint: 245600 ns, At safepoint: 12300 ns, Total: 257900 ns
[2020-10-24T06:30:15.090+0000][7][safepoint    ] Safepoint "Cleanup", Time since last: 1000600300 ns, Reaching safepoint: 260400 ns, At safepoint: 9200 ns, Total: 269600 ns
[2020-10-24T06:30:16.090+0000][7][safepoint    ] Safepoint "Cleanup", Time since last: 1000542900 ns, Reaching safepoint: 232800 ns, At safepoint: 11600 ns, Total: 244400 ns
[2020-10-24T06:30:17.091+0000][7][safepoint    ] Safepoint "Cleanup", Time since last: 1000491900 ns, Reaching safepoint: 279400 ns, At safepoint: 15800 ns, Total: 295200 ns
[2020-10-24T06:30:18.092+0000][7][safepoint    ] Safepoint "Cleanup", Time since last: 1000542800 ns, Reaching safepoint: 252000 ns, At safepoint: 11100 ns, Total: 263100 ns
[2020-10-24T06:30:19.093+0000][7][safepoint    ] Safepoint "Cleanup", Time since last: 1000464600 ns, Reaching safepoint: 265800 ns, At safepoint: 9700 ns, Total: 275500 ns
[2020-10-24T06:30:20.094+0000][7][safepoint    ] Safepoint "Cleanup", Time since last: 1000473600 ns, Reaching safepoint: 366200 ns, At safepoint: 19200 ns, Total: 385400 ns
[2020-10-24T06:30:21.095+0000][7][safepoint    ] Safepoint "Cleanup", Time since last: 1000724700 ns, Reaching safepoint: 605100 ns, At safepoint: 37600 ns, Total: 642700 ns
[2020-10-24T06:30:22.096+0000][7][safepoint    ] Safepoint "Cleanup", Time since last: 1001096800 ns, Reaching safepoint: 307400 ns, At safepoint: 14000 ns, Total: 321400 ns
[2020-10-24T06:30:23.113+0000][7][gc,start     ] GC(331) Pause Young (Normal) (G1 Evacuation Pause)
[2020-10-24T06:30:23.113+0000][7][gc,task      ] GC(331) Using 6 workers of 10 for evacuation
[2020-10-24T06:30:23.114+0000][7][gc,age       ] GC(331) Desired survivor size 3670016 bytes, new threshold 15 (max threshold 15)
[2020-10-24T06:30:23.118+0000][7][gc,age       ] GC(331) Age table with threshold 15 (max threshold 15)
[2020-10-24T06:30:23.118+0000][7][gc,age       ] GC(331) - age   1:    5074384 bytes,    5074384 total
[2020-10-24T06:30:23.118+0000][7][gc,age       ] GC(331) - age   2:     675680 bytes,    5750064 total
[2020-10-24T06:30:23.119+0000][7][gc,age       ] GC(331) - age   3:      73000 bytes,    5823064 total
[2020-10-24T06:30:23.119+0000][7][gc,age       ] GC(331) - age   4:     361280 bytes,    6184344 total
[2020-10-24T06:30:23.119+0000][7][gc,age       ] GC(331) - age   5:     603808 bytes,    6788152 total
[2020-10-24T06:30:23.119+0000][7][gc,age       ] GC(331) - age   6:     338168 bytes,    7126320 total
[2020-10-24T06:30:23.120+0000][7][gc,age       ] GC(331) - age   7:      60624 bytes,    7186944 total
[2020-10-24T06:30:23.120+0000][7][gc,age       ] GC(331) - age   8:      51992 bytes,    7238936 total
[2020-10-24T06:30:23.120+0000][7][gc,age       ] GC(331) - age   9:       6080 bytes,    7245016 total
[2020-10-24T06:30:23.120+0000][7][gc,phases    ] GC(331)   Pre Evacuate Collection Set: 0.1ms
[2020-10-24T06:30:23.121+0000][7][gc,phases    ] GC(331)   Merge Heap Roots: 0.2ms
[2020-10-24T06:30:23.121+0000][7][gc,phases    ] GC(331)   Evacuate Collection Set: 2.5ms
[2020-10-24T06:30:23.121+0000][7][gc,phases    ] GC(331)   Post Evacuate Collection Set: 1.0ms
[2020-10-24T06:30:23.121+0000][7][gc,phases    ] GC(331)   Other: 3.7ms
[2020-10-24T06:30:23.121+0000][7][gc,heap      ] GC(331) Eden regions: 49->0(41)
[2020-10-24T06:30:23.122+0000][7][gc,heap      ] GC(331) Survivor regions: 3->7(7)
[2020-10-24T06:30:23.122+0000][7][gc,heap      ] GC(331) Old regions: 119->119
[2020-10-24T06:30:23.122+0000][7][gc,heap      ] GC(331) Archive regions: 2->2
[2020-10-24T06:30:23.122+0000][7][gc,heap      ] GC(331) Humongous regions: 15->15
[2020-10-24T06:30:23.122+0000][7][gc,metaspace ] GC(331) Metaspace: 109894K(118564K)->109894K(118564K) NonClass: 95975K(101080K)->95975K(101080K) Class: 13918K(17484K)->13918K(17484K)
[2020-10-24T06:30:23.123+0000][7][gc           ] GC(331) Pause Young (Normal) (G1 Evacuation Pause) 185M->141M(256M) 9.844ms
[2020-10-24T06:30:23.123+0000][7][gc,cpu       ] GC(331) User=0.02s Sys=0.00s Real=0.01s
[2020-10-24T06:30:23.123+0000][7][safepoint    ] Safepoint "G1CollectForAllocation", Time since last: 1016231400 ns, Reaching safepoint: 256200 ns, At safepoint: 10334500 ns, Total: 10590700 ns
[2020-10-24T06:30:23.374+0000][7][gc,start     ] GC(332) Pause Young (Concurrent Start) (G1 Evacuation Pause)
[2020-10-24T06:30:23.374+0000][7][gc,task      ] GC(332) Using 6 workers of 10 for evacuation
[2020-10-24T06:30:23.374+0000][7][gc,age       ] GC(332) Desired survivor size 3145728 bytes, new threshold 1 (max threshold 15)
[2020-10-24T06:30:23.378+0000][7][gc,age       ] GC(332) Age table with threshold 1 (max threshold 15)
[2020-10-24T06:30:23.379+0000][7][gc,age       ] GC(332) - age   1:      56552 bytes,      56552 total
[2020-10-24T06:30:23.379+0000][7][gc,phases    ] GC(332)   Pre Evacuate Collection Set: 0.7ms
[2020-10-24T06:30:23.379+0000][7][gc,phases    ] GC(332)   Merge Heap Roots: 0.1ms
[2020-10-24T06:30:23.380+0000][7][gc,phases    ] GC(332)   Evacuate Collection Set: 2.1ms
[2020-10-24T06:30:23.380+0000][7][gc,phases    ] GC(332)   Post Evacuate Collection Set: 0.9ms
[2020-10-24T06:30:23.380+0000][7][gc,phases    ] GC(332)   Other: 1.8ms
[2020-10-24T06:30:23.380+0000][7][gc,heap      ] GC(332) Eden regions: 41->0(44)
[2020-10-24T06:30:23.381+0000][7][gc,heap      ] GC(332) Survivor regions: 7->1(6)
[2020-10-24T06:30:23.381+0000][7][gc,heap      ] GC(332) Old regions: 119->123
[2020-10-24T06:30:23.381+0000][7][gc,heap      ] GC(332) Archive regions: 2->2
[2020-10-24T06:30:23.382+0000][7][gc,heap      ] GC(332) Humongous regions: 15->15
[2020-10-24T06:30:23.382+0000][7][gc,metaspace ] GC(332) Metaspace: 109894K(118564K)->109894K(118564K) NonClass: 95975K(101080K)->95975K(101080K) Class: 13918K(17484K)->13918K(17484K)
[2020-10-24T06:30:23.382+0000][7][gc           ] GC(332) Pause Young (Concurrent Start) (G1 Evacuation Pause) 182M->138M(256M) 8.440ms
[2020-10-24T06:30:23.382+0000][7][gc,cpu       ] GC(332) User=0.00s Sys=0.01s Real=0.01s
[2020-10-24T06:30:23.382+0000][7][gc           ] GC(333) Concurrent Cycle
[2020-10-24T06:30:23.382+0000][7][safepoint    ] Safepoint "G1CollectForAllocation", Time since last: 250103400 ns, Reaching safepoint: 271500 ns, At safepoint: 8873500 ns, Total: 9145000 ns
[2020-10-24T06:30:23.383+0000][7][gc,marking   ] GC(333) Concurrent Clear Claimed Marks
[2020-10-24T06:30:23.383+0000][7][gc,marking   ] GC(333) Concurrent Clear Claimed Marks 0.782ms
[2020-10-24T06:30:23.383+0000][7][gc,marking   ] GC(333) Concurrent Scan Root Regions
[2020-10-24T06:30:23.384+0000][7][gc,marking   ] GC(333) Concurrent Scan Root Regions 1.056ms
[2020-10-24T06:30:23.385+0000][7][gc,marking   ] GC(333) Concurrent Mark (2780.751s)
[2020-10-24T06:30:23.385+0000][7][gc,marking   ] GC(333) Concurrent Mark From Roots
[2020-10-24T06:30:23.385+0000][7][gc,task      ] GC(333) Using 3 workers of 3 for marking
[2020-10-24T06:30:23.439+0000][7][gc,marking   ] GC(333) Concurrent Mark From Roots 54.261ms
[2020-10-24T06:30:23.439+0000][7][gc,marking   ] GC(333) Concurrent Preclean
[2020-10-24T06:30:23.440+0000][7][gc,marking   ] GC(333) Concurrent Preclean 0.712ms
[2020-10-24T06:30:23.440+0000][7][gc,marking   ] GC(333) Concurrent Mark (2780.751s, 2780.807s) 55.775ms
[2020-10-24T06:30:23.441+0000][7][gc,start     ] GC(333) Pause Remark
[2020-10-24T06:30:23.448+0000][7][gc           ] GC(333) Pause Remark 158M->158M(256M) 7.141ms
[2020-10-24T06:30:23.449+0000][7][gc,cpu       ] GC(333) User=0.04s Sys=0.00s Real=0.01s
[2020-10-24T06:30:23.449+0000][7][safepoint    ] Safepoint "G1Concurrent", Time since last: 58339200 ns, Reaching safepoint: 257700 ns, At safepoint: 7832100 ns, Total: 8089800 ns
[2020-10-24T06:30:23.449+0000][7][gc,marking   ] GC(333) Concurrent Rebuild Remembered Sets
[2020-10-24T06:30:23.486+0000][7][gc,marking   ] GC(333) Concurrent Rebuild Remembered Sets 36.578ms
[2020-10-24T06:30:23.486+0000][7][gc,start     ] GC(333) Pause Cleanup
[2020-10-24T06:30:23.487+0000][7][gc           ] GC(333) Pause Cleanup 158M->158M(256M) 0.528ms
[2020-10-24T06:30:23.487+0000][7][gc,cpu       ] GC(333) User=0.00s Sys=0.00s Real=0.00s
[2020-10-24T06:30:23.488+0000][7][safepoint    ] Safepoint "G1Concurrent", Time since last: 37430600 ns, Reaching safepoint: 183000 ns, At safepoint: 1115100 ns, Total: 1298100 ns
[2020-10-24T06:30:23.488+0000][7][gc,marking   ] GC(333) Concurrent Cleanup for Next Mark
[2020-10-24T06:30:23.488+0000][7][gc,marking   ] GC(333) Concurrent Cleanup for Next Mark 0.542ms
[2020-10-24T06:30:23.489+0000][7][gc           ] GC(333) Concurrent Cycle 106.285ms
[2020-10-24T06:30:25.399+0000][7][safepoint    ] Safepoint "Cleanup", Time since last: 1910440200 ns, Reaching safepoint: 842400 ns, At safepoint: 50300 ns, Total: 892700 ns
[2020-10-24T06:30:26.401+0000][7][safepoint    ] Safepoint "Cleanup", Time since last: 1001237200 ns, Reaching safepoint: 685800 ns, At safepoint: 36700 ns, Total: 722500 ns
[2020-10-24T06:30:27.402+0000][7][safepoint    ] Safepoint "Cleanup", Time since last: 1000996600 ns, Reaching safepoint: 279100 ns, At safepoint: 23900 ns, Total: 303000 ns
[2020-10-24T06:30:28.403+0000][7][safepoint    ] Safepoint "Cleanup", Time since last: 1000528100 ns, Reaching safepoint: 234100 ns, At safepoint: 9300 ns, Total: 243400 ns
[2020-10-24T06:30:29.404+0000][7][safepoint    ] Safepoint "Cleanup", Time since last: 1000572900 ns, Reaching safepoint: 294300 ns, At safepoint: 16400 ns, Total: 310700 ns
[2020-10-24T06:30:30.405+0000][7][safepoint    ] Safepoint "Cleanup", Time since last: 1000711400 ns, Reaching safepoint: 870900 ns, At safepoint: 45200 ns, Total: 916100 ns
[2020-10-24T06:30:31.408+0000][7][safepoint    ] Safepoint "Cleanup", Time since last: 1001275300 ns, Reaching safepoint: 944100 ns, At safepoint: 46300 ns, Total: 990400 ns
[2020-10-24T06:30:32.409+0000][7][safepoint    ] Safepoint "Cleanup", Time since last: 1001201900 ns, Reaching safepoint: 335400 ns, At safepoint: 16700 ns, Total: 352100 ns
[2020-10-24T06:30:33.411+0000][7][safepoint    ] Safepoint "Cleanup", Time since last: 1000667600 ns, Reaching safepoint: 690700 ns, At safepoint: 36700 ns, Total: 727400 ns
[2020-10-24T06:30:34.412+0000][7][safepoint    ] Safepoint "Cleanup", Time since last: 1001117200 ns, Reaching safepoint: 378700 ns, At safepoint: 15200 ns, Total: 393900 ns
[2020-10-24T06:30:35.413+0000][7][safepoint    ] Safepoint "Cleanup", Time since last: 1000639100 ns, Reaching safepoint: 364100 ns, At safepoint: 20000 ns, Total: 384100 ns
[2020-10-24T06:30:36.414+0000][7][safepoint    ] Safepoint "Cleanup", Time since last: 1000687700 ns, Reaching safepoint: 266200 ns, At safepoint: 9100 ns, Total: 275300 ns
[2020-10-24T06:30:37.415+0000][7][safepoint    ] Safepoint "Cleanup", Time since last: 1000578800 ns, Reaching safepoint: 439100 ns, At safepoint: 24400 ns, Total: 463500 ns
[2020-10-24T06:30:38.417+0000][7][safepoint    ] Safepoint "Cleanup", Time since last: 1000921200 ns, Reaching safepoint: 1021100 ns, At safepoint: 46400 ns, Total: 1067500 ns
[2020-10-24T06:30:39.420+0000][7][safepoint    ] Safepoint "Cleanup", Time since last: 1001473700 ns, Reaching safepoint: 789400 ns, At safepoint: 45200 ns, Total: 834600 ns
[2020-10-24T06:30:40.421+0000][7][safepoint    ] Safepoint "Cleanup", Time since last: 1001118100 ns, Reaching safepoint: 242200 ns, At safepoint: 8700 ns, Total: 250900 ns
[2020-10-24T06:30:41.422+0000][7][safepoint    ] Safepoint "Cleanup", Time since last: 1000521600 ns, Reaching safepoint: 318100 ns, At safepoint: 15900 ns, Total: 334000 ns
[2020-10-24T06:30:42.423+0000][7][safepoint    ] Safepoint "Cleanup", Time since last: 1000553900 ns, Reaching safepoint: 248900 ns, At safepoint: 9200 ns, Total: 258100 ns
[2020-10-24T06:30:43.423+0000][7][safepoint    ] Safepoint "Cleanup", Time since last: 1000547300 ns, Reaching safepoint: 206400 ns, At safepoint: 10100 ns, Total: 216500 ns
[2020-10-24T06:30:43.963+0000][7][gc,start     ] GC(334) Pause Young (Normal) (G1 Evacuation Pause)
[2020-10-24T06:30:43.964+0000][7][gc,task      ] GC(334) Using 6 workers of 10 for evacuation
[2020-10-24T06:30:43.965+0000][7][gc,age       ] GC(334) Desired survivor size 3145728 bytes, new threshold 15 (max threshold 15)
[2020-10-24T06:30:43.975+0000][7][gc,age       ] GC(334) Age table with threshold 15 (max threshold 15)
[2020-10-24T06:30:43.976+0000][7][gc,age       ] GC(334) - age   1:     300992 bytes,     300992 total
[2020-10-24T06:30:43.977+0000][7][gc,age       ] GC(334) - age   2:      47744 bytes,     348736 total
[2020-10-24T06:30:43.978+0000][7][gc,phases    ] GC(334)   Pre Evacuate Collection Set: 0.5ms
[2020-10-24T06:30:43.979+0000][7][gc,phases    ] GC(334)   Merge Heap Roots: 0.6ms
[2020-10-24T06:30:43.980+0000][7][gc,phases    ] GC(334)   Evacuate Collection Set: 4.4ms
[2020-10-24T06:30:43.981+0000][7][gc,phases    ] GC(334)   Post Evacuate Collection Set: 3.4ms
[2020-10-24T06:30:43.982+0000][7][gc,phases    ] GC(334)   Other: 6.1ms
[2020-10-24T06:30:43.983+0000][7][gc,heap      ] GC(334) Eden regions: 44->0(45)
[2020-10-24T06:30:43.984+0000][7][gc,heap      ] GC(334) Survivor regions: 1->1(6)
[2020-10-24T06:30:43.985+0000][7][gc,heap      ] GC(334) Old regions: 123->123
[2020-10-24T06:30:43.986+0000][7][gc,heap      ] GC(334) Archive regions: 2->2
[2020-10-24T06:30:43.987+0000][7][gc,heap      ] GC(334) Humongous regions: 15->15
[2020-10-24T06:30:43.988+0000][7][gc,metaspace ] GC(334) Metaspace: 109894K(118564K)->109894K(118564K) NonClass: 95975K(101080K)->95975K(101080K) Class: 13918K(17484K)->13918K(17484K)
[2020-10-24T06:30:43.989+0000][7][gc           ] GC(334) Pause Young (Normal) (G1 Evacuation Pause) 182M->138M(256M) 25.624ms
[2020-10-24T06:30:43.990+0000][7][gc,cpu       ] GC(334) User=0.02s Sys=0.01s Real=0.03s
[2020-10-24T06:30:43.991+0000][7][safepoint    ] Safepoint "G1CollectForAllocation", Time since last: 539133100 ns, Reaching safepoint: 819100 ns, At safepoint: 27732900 ns, Total: 28552000 ns
[2020-10-24T06:30:45.118+0000][7][safepoint    ] Safepoint "Cleanup", Time since last: 1126821200 ns, Reaching safepoint: 548900 ns, At safepoint: 34700 ns, Total: 583600 ns
[2020-10-24T06:30:46.120+0000][7][safepoint    ] Safepoint "Cleanup", Time since last: 1001023500 ns, Reaching safepoint: 863700 ns, At safepoint: 46300 ns, Total: 910000 ns
[2020-10-24T06:30:47.122+0000][7][safepoint    ] Safepoint "Cleanup", Time since last: 1001256300 ns, Reaching safepoint: 679100 ns, At safepoint: 36600 ns, Total: 715700 ns
[2020-10-24T06:30:48.124+0000][7][safepoint    ] Safepoint "Cleanup", Time since last: 1001234400 ns, Reaching safepoint: 671000 ns, At safepoint: 37700 ns, Total: 708700 ns
[2020-10-24T06:30:49.126+0000][7][safepoint    ] Safepoint "Cleanup", Time since last: 1000989500 ns, Reaching safepoint: 325000 ns, At safepoint: 8900 ns, Total: 333900 ns
[2020-10-24T06:30:50.126+0000][7][safepoint    ] Safepoint "Cleanup", Time since last: 1000455500 ns, Reaching safepoint: 319300 ns, At safepoint: 9800 ns, Total: 329100 ns
[2020-10-24T06:30:51.127+0000][7][safepoint    ] Safepoint "Cleanup", Time since last: 1000572800 ns, Reaching safepoint: 231300 ns, At safepoint: 9900 ns, Total: 241200 ns
[2020-10-24T06:30:52.128+0000][7][safepoint    ] Safepoint "Cleanup", Time since last: 1000555600 ns, Reaching safepoint: 327800 ns, At safepoint: 16900 ns, Total: 344700 ns
[2020-10-24T06:30:53.129+0000][7][safepoint    ] Safepoint "Cleanup", Time since last: 1000665600 ns, Reaching safepoint: 622200 ns, At safepoint: 39900 ns, Total: 662100 ns
[2020-10-24T06:30:54.131+0000][7][safepoint    ] Safepoint "Cleanup", Time since last: 1001156000 ns, Reaching safepoint: 216300 ns, At safepoint: 11400 ns, Total: 227700 ns
[2020-10-24T06:30:55.132+0000][7][safepoint    ] Safepoint "Cleanup", Time since last: 1000582900 ns, Reaching safepoint: 262600 ns, At safepoint: 12300 ns, Total: 274900 ns
[2020-10-24T06:30:56.133+0000][7][safepoint    ] Safepoint "Cleanup", Time since last: 1000577100 ns, Reaching safepoint: 332300 ns, At safepoint: 17200 ns, Total: 349500 ns
[2020-10-24T06:30:57.134+0000][7][safepoint    ] Safepoint "Cleanup", Time since last: 1000733100 ns, Reaching safepoint: 237600 ns, At safepoint: 8800 ns, Total: 246400 ns
[2020-10-24T06:30:58.134+0000][7][safepoint    ] Safepoint "Cleanup", Time since last: 1000556400 ns, Reaching safepoint: 218000 ns, At safepoint: 22900 ns, Total: 240900 ns
[2020-10-24T06:30:59.132+0000][7][safepoint    ] Safepoint "BulkRevokeBias", Time since last: 996006000 ns, Reaching safepoint: 269200 ns, At safepoint: 1399500 ns, Total: 1668700 ns
[2020-10-24T06:30:59.149+0000][7][safepoint    ] Safepoint "BulkRevokeBias", Time since last: 15770000 ns, Reaching safepoint: 255200 ns, At safepoint: 781100 ns, Total: 1036300 ns
[2020-10-24T06:30:59.586+0000][7][gc,start     ] GC(335) Pause Young (Concurrent Start) (G1 Evacuation Pause)
[2020-10-24T06:30:59.586+0000][7][gc,task      ] GC(335) Using 6 workers of 10 for evacuation
[2020-10-24T06:30:59.586+0000][7][gc,age       ] GC(335) Desired survivor size 3145728 bytes, new threshold 15 (max threshold 15)
[2020-10-24T06:30:59.590+0000][7][gc,age       ] GC(335) Age table with threshold 15 (max threshold 15)
[2020-10-24T06:30:59.590+0000][7][gc,age       ] GC(335) - age   1:     512656 bytes,     512656 total
[2020-10-24T06:30:59.590+0000][7][gc,age       ] GC(335) - age   2:     272704 bytes,     785360 total
[2020-10-24T06:30:59.591+0000][7][gc,age       ] GC(335) - age   3:      47744 bytes,     833104 total
[2020-10-24T06:30:59.591+0000][7][gc,phases    ] GC(335)   Pre Evacuate Collection Set: 0.6ms
[2020-10-24T06:30:59.591+0000][7][gc,phases    ] GC(335)   Merge Heap Roots: 0.1ms
[2020-10-24T06:30:59.592+0000][7][gc,phases    ] GC(335)   Evacuate Collection Set: 1.7ms
[2020-10-24T06:30:59.592+0000][7][gc,phases    ] GC(335)   Post Evacuate Collection Set: 0.7ms
[2020-10-24T06:30:59.592+0000][7][gc,phases    ] GC(335)   Other: 2.3ms
[2020-10-24T06:30:59.592+0000][7][gc,heap      ] GC(335) Eden regions: 45->0(46)
[2020-10-24T06:30:59.593+0000][7][gc,heap      ] GC(335) Survivor regions: 1->1(6)
[2020-10-24T06:30:59.593+0000][7][gc,heap      ] GC(335) Old regions: 123->123
[2020-10-24T06:30:59.593+0000][7][gc,heap      ] GC(335) Archive regions: 2->2
[2020-10-24T06:30:59.593+0000][7][gc,heap      ] GC(335) Humongous regions: 15->15
[2020-10-24T06:30:59.593+0000][7][gc,metaspace ] GC(335) Metaspace: 109911K(118564K)->109911K(118564K) NonClass: 95992K(101080K)->95992K(101080K) Class: 13918K(17484K)->13918K(17484K)
[2020-10-24T06:30:59.594+0000][7][gc           ] GC(335) Pause Young (Concurrent Start) (G1 Evacuation Pause) 183M->138M(256M) 7.927ms
[2020-10-24T06:30:59.594+0000][7][gc,cpu       ] GC(335) User=0.00s Sys=0.01s Real=0.01s
[2020-10-24T06:30:59.594+0000][7][safepoint    ] Safepoint "G1CollectForAllocation", Time since last: 436474900 ns, Reaching safepoint: 256300 ns, At safepoint: 8541400 ns, Total: 8797700 ns
[2020-10-24T06:30:59.594+0000][7][gc           ] GC(336) Concurrent Cycle
[2020-10-24T06:30:59.594+0000][7][gc,marking   ] GC(336) Concurrent Clear Claimed Marks
[2020-10-24T06:30:59.595+0000][7][gc,marking   ] GC(336) Concurrent Clear Claimed Marks 0.915ms
[2020-10-24T06:30:59.596+0000][7][gc,marking   ] GC(336) Concurrent Scan Root Regions
[2020-10-24T06:30:59.597+0000][7][gc,marking   ] GC(336) Concurrent Scan Root Regions 1.224ms
[2020-10-24T06:30:59.597+0000][7][gc,marking   ] GC(336) Concurrent Mark (2816.963s)
[2020-10-24T06:30:59.597+0000][7][gc,marking   ] GC(336) Concurrent Mark From Roots
[2020-10-24T06:30:59.597+0000][7][gc,task      ] GC(336) Using 3 workers of 3 for marking
[2020-10-24T06:30:59.654+0000][7][gc,marking   ] GC(336) Concurrent Mark From Roots 57.054ms
[2020-10-24T06:30:59.655+0000][7][gc,marking   ] GC(336) Concurrent Preclean
[2020-10-24T06:30:59.655+0000][7][gc,marking   ] GC(336) Concurrent Preclean 0.708ms
[2020-10-24T06:30:59.656+0000][7][gc,marking   ] GC(336) Concurrent Mark (2816.963s, 2817.022s) 58.674ms
[2020-10-24T06:30:59.656+0000][7][gc,start     ] GC(336) Pause Remark
[2020-10-24T06:30:59.664+0000][7][gc           ] GC(336) Pause Remark 150M->150M(256M) 7.905ms
[2020-10-24T06:30:59.665+0000][7][gc,cpu       ] GC(336) User=0.02s Sys=0.01s Real=0.01s
[2020-10-24T06:30:59.665+0000][7][safepoint    ] Safepoint "G1Concurrent", Time since last: 61997800 ns, Reaching safepoint: 259500 ns, At safepoint: 8630100 ns, Total: 8889600 ns
[2020-10-24T06:30:59.665+0000][7][gc,marking   ] GC(336) Concurrent Rebuild Remembered Sets
[2020-10-24T06:30:59.699+0000][7][gc,marking   ] GC(336) Concurrent Rebuild Remembered Sets 33.398ms
[2020-10-24T06:30:59.699+0000][7][gc,start     ] GC(336) Pause Cleanup
[2020-10-24T06:30:59.700+0000][7][gc           ] GC(336) Pause Cleanup 150M->150M(256M) 0.359ms
[2020-10-24T06:30:59.700+0000][7][gc,cpu       ] GC(336) User=0.00s Sys=0.00s Real=0.00s
[2020-10-24T06:30:59.700+0000][7][safepoint    ] Safepoint "G1Concurrent", Time since last: 34101200 ns, Reaching safepoint: 182600 ns, At safepoint: 751600 ns, Total: 934200 ns
[2020-10-24T06:30:59.700+0000][7][gc,marking   ] GC(336) Concurrent Cleanup for Next Mark
[2020-10-24T06:30:59.701+0000][7][gc,marking   ] GC(336) Concurrent Cleanup for Next Mark 0.541ms
[2020-10-24T06:30:59.701+0000][7][gc           ] GC(336) Concurrent Cycle 106.893ms
[2020-10-24T06:31:01.599+0000][7][safepoint    ] Safepoint "Cleanup", Time since last: 1898900500 ns, Reaching safepoint: 210600 ns, At safepoint: 23500 ns, Total: 234100 ns
[2020-10-24T06:31:02.600+0000][7][safepoint    ] Safepoint "Cleanup", Time since last: 1000406800 ns, Reaching safepoint: 272100 ns, At safepoint: 8900 ns, Total: 281000 ns
[2020-10-24T06:31:03.601+0000][7][safepoint    ] Safepoint "Cleanup", Time since last: 1000533300 ns, Reaching safepoint: 621500 ns, At safepoint: 38800 ns, Total: 660300 ns
[2020-10-24T06:31:04.602+0000][7][safepoint    ] Safepoint "Cleanup", Time since last: 1001166600 ns, Reaching safepoint: 229500 ns, At safepoint: 9100 ns, Total: 238600 ns
[2020-10-24T06:31:05.603+0000][7][safepoint    ] Safepoint "Cleanup", Time since last: 1000556500 ns, Reaching safepoint: 271200 ns, At safepoint: 13400 ns, Total: 284600 ns
[2020-10-24T06:31:06.605+0000][7][safepoint    ] Safepoint "Cleanup", Time since last: 1000700700 ns, Reaching safepoint: 736800 ns, At safepoint: 111200 ns, Total: 848000 ns
[2020-10-24T06:31:07.607+0000][7][safepoint    ] Safepoint "Cleanup", Time since last: 1001343400 ns, Reaching safepoint: 811700 ns, At safepoint: 46700 ns, Total: 858400 ns
[2020-10-24T06:31:08.609+0000][7][safepoint    ] Safepoint "Cleanup", Time since last: 1001386400 ns, Reaching safepoint: 189000 ns, At safepoint: 9900 ns, Total: 198900 ns
[2020-10-24T06:31:09.609+0000][7][safepoint    ] Safepoint "Cleanup", Time since last: 1000488000 ns, Reaching safepoint: 235200 ns, At safepoint: 8900 ns, Total: 244100 ns
[2020-10-24T06:31:10.610+0000][7][safepoint    ] Safepoint "Cleanup", Time since last: 1000585900 ns, Reaching safepoint: 222300 ns, At safepoint: 10600 ns, Total: 232900 ns
[2020-10-24T06:31:11.611+0000][7][safepoint    ] Safepoint "Cleanup", Time since last: 1000538600 ns, Reaching safepoint: 675300 ns, At safepoint: 38200 ns, Total: 713500 ns
[2020-10-24T06:31:12.613+0000][7][safepoint    ] Safepoint "Cleanup", Time since last: 1001212100 ns, Reaching safepoint: 358900 ns, At safepoint: 35800 ns, Total: 394700 ns
[2020-10-24T06:31:13.614+0000][7][safepoint    ] Safepoint "Cleanup", Time since last: 1000789700 ns, Reaching safepoint: 403900 ns, At safepoint: 23300 ns, Total: 427200 ns
[2020-10-24T06:31:14.615+0000][7][safepoint    ] Safepoint "Cleanup", Time since last: 1000651100 ns, Reaching safepoint: 268600 ns, At safepoint: 9300 ns, Total: 277900 ns
[2020-10-24T06:31:15.617+0000][7][safepoint    ] Safepoint "Cleanup", Time since last: 1000583700 ns, Reaching safepoint: 814500 ns, At safepoint: 46800 ns, Total: 861300 ns
[2020-10-24T06:31:16.618+0000][7][safepoint    ] Safepoint "Cleanup", Time since last: 1001079600 ns, Reaching safepoint: 235800 ns, At safepoint: 9200 ns, Total: 245000 ns
[2020-10-24T06:31:17.619+0000][7][safepoint    ] Safepoint "Cleanup", Time since last: 1000491300 ns, Reaching safepoint: 494200 ns, At safepoint: 25700 ns, Total: 519900 ns
[2020-10-24T06:31:18.621+0000][7][safepoint    ] Safepoint "Cleanup", Time since last: 1000879200 ns, Reaching safepoint: 654100 ns, At safepoint: 49900 ns, Total: 704000 ns
[2020-10-24T06:31:19.622+0000][7][safepoint    ] Safepoint "Cleanup", Time since last: 1001289600 ns, Reaching safepoint: 635800 ns, At safepoint: 36900 ns, Total: 672700 ns
[2020-10-24T06:31:20.624+0000][7][safepoint    ] Safepoint "Cleanup", Time since last: 1001021400 ns, Reaching safepoint: 840600 ns, At safepoint: 49000 ns, Total: 889600 ns
[2020-10-24T06:31:21.626+0000][7][safepoint    ] Safepoint "Cleanup", Time since last: 1001219500 ns, Reaching safepoint: 817700 ns, At safepoint: 47600 ns, Total: 865300 ns
[2020-10-24T06:31:22.629+0000][7][safepoint    ] Safepoint "Cleanup", Time since last: 1001234700 ns, Reaching safepoint: 775100 ns, At safepoint: 47100 ns, Total: 822200 ns
[2020-10-24T06:31:22.681+0000][7][gc,start     ] GC(337) Pause Young (Prepare Mixed) (G1 Evacuation Pause)
[2020-10-24T06:31:22.682+0000][7][gc,task      ] GC(337) Using 6 workers of 10 for evacuation
[2020-10-24T06:31:22.682+0000][7][gc,age       ] GC(337) Desired survivor size 3145728 bytes, new threshold 15 (max threshold 15)
[2020-10-24T06:31:22.685+0000][7][gc,age       ] GC(337) Age table with threshold 15 (max threshold 15)
[2020-10-24T06:31:22.686+0000][7][gc,age       ] GC(337) - age   1:    3713504 bytes,    3713504 total
[2020-10-24T06:31:22.686+0000][7][gc,age       ] GC(337) - age   2:      69752 bytes,    3783256 total
[2020-10-24T06:31:22.686+0000][7][gc,age       ] GC(337) - age   3:     232384 bytes,    4015640 total
[2020-10-24T06:31:22.686+0000][7][gc,age       ] GC(337) - age   4:      41992 bytes,    4057632 total
[2020-10-24T06:31:22.687+0000][7][gc,phases    ] GC(337)   Pre Evacuate Collection Set: 0.1ms
[2020-10-24T06:31:22.687+0000][7][gc,phases    ] GC(337)   Merge Heap Roots: 0.1ms
[2020-10-24T06:31:22.687+0000][7][gc,phases    ] GC(337)   Evacuate Collection Set: 1.9ms
[2020-10-24T06:31:22.687+0000][7][gc,phases    ] GC(337)   Post Evacuate Collection Set: 0.8ms
[2020-10-24T06:31:22.688+0000][7][gc,phases    ] GC(337)   Other: 2.4ms
[2020-10-24T06:31:22.688+0000][7][gc,heap      ] GC(337) Eden regions: 46->0(8)
[2020-10-24T06:31:22.688+0000][7][gc,heap      ] GC(337) Survivor regions: 1->4(6)
[2020-10-24T06:31:22.688+0000][7][gc,heap      ] GC(337) Old regions: 123->123
[2020-10-24T06:31:22.688+0000][7][gc,heap      ] GC(337) Archive regions: 2->2
[2020-10-24T06:31:22.688+0000][7][gc,heap      ] GC(337) Humongous regions: 15->15
[2020-10-24T06:31:22.689+0000][7][gc,metaspace ] GC(337) Metaspace: 109915K(118564K)->109915K(118564K) NonClass: 95997K(101080K)->95997K(101080K) Class: 13918K(17484K)->13918K(17484K)
[2020-10-24T06:31:22.689+0000][7][gc           ] GC(337) Pause Young (Prepare Mixed) (G1 Evacuation Pause) 184M->141M(256M) 7.358ms
[2020-10-24T06:31:22.689+0000][7][gc,cpu       ] GC(337) User=0.01s Sys=0.00s Real=0.01s
[2020-10-24T06:31:22.689+0000][7][safepoint    ] Safepoint "G1CollectForAllocation", Time since last: 52491400 ns, Reaching safepoint: 258200 ns, At safepoint: 7719700 ns, Total: 7977900 ns
[2020-10-24T06:31:23.425+0000][7][gc,start     ] GC(338) Pause Young (Mixed) (G1 Evacuation Pause)
[2020-10-24T06:31:23.425+0000][7][gc,task      ] GC(338) Using 6 workers of 10 for evacuation
[2020-10-24T06:31:23.425+0000][7][gc,age       ] GC(338) Desired survivor size 1048576 bytes, new threshold 1 (max threshold 15)
[2020-10-24T06:31:23.434+0000][7][gc,age       ] GC(338) Age table with threshold 1 (max threshold 15)
[2020-10-24T06:31:23.435+0000][7][gc,age       ] GC(338) - age   1:    1952560 bytes,    1952560 total
[2020-10-24T06:31:23.435+0000][7][gc,phases    ] GC(338)   Pre Evacuate Collection Set: 0.1ms
[2020-10-24T06:31:23.435+0000][7][gc,phases    ] GC(338)   Merge Heap Roots: 0.3ms
[2020-10-24T06:31:23.436+0000][7][gc,phases    ] GC(338)   Evacuate Collection Set: 7.0ms
[2020-10-24T06:31:23.436+0000][7][gc,phases    ] GC(338)   Post Evacuate Collection Set: 1.0ms
[2020-10-24T06:31:23.436+0000][7][gc,phases    ] GC(338)   Other: 1.7ms
[2020-10-24T06:31:23.436+0000][7][gc,heap      ] GC(338) Eden regions: 8->0(53)
[2020-10-24T06:31:23.437+0000][7][gc,heap      ] GC(338) Survivor regions: 4->2(2)
[2020-10-24T06:31:23.437+0000][7][gc,heap      ] GC(338) Old regions: 123->112
[2020-10-24T06:31:23.437+0000][7][gc,heap      ] GC(338) Archive regions: 2->2
[2020-10-24T06:31:23.437+0000][7][gc,heap      ] GC(338) Humongous regions: 15->15
[2020-10-24T06:31:23.438+0000][7][gc,metaspace ] GC(338) Metaspace: 109918K(118564K)->109918K(118564K) NonClass: 96000K(101080K)->96000K(101080K) Class: 13918K(17484K)->13918K(17484K)
[2020-10-24T06:31:23.438+0000][7][gc           ] GC(338) Pause Young (Mixed) (G1 Evacuation Pause) 149M->129M(256M) 13.149ms
[2020-10-24T06:31:23.438+0000][7][gc,cpu       ] GC(338) User=0.05s Sys=0.00s Real=0.02s
[2020-10-24T06:31:23.439+0000][7][safepoint    ] Safepoint "G1CollectForAllocation", Time since last: 735554200 ns, Reaching safepoint: 230900 ns, At safepoint: 13838900 ns, Total: 14069800 ns
[2020-10-24T06:31:23.467+0000][7][safepoint    ] Safepoint "BulkRevokeBias", Time since last: 26897700 ns, Reaching safepoint: 207800 ns, At safepoint: 1499300 ns, Total: 1707100 ns
[2020-10-24T06:31:23.477+0000][7][gc,start     ] GC(339) Pause Young (Concurrent Start) (G1 Evacuation Pause)
[2020-10-24T06:31:23.478+0000][7][gc,task      ] GC(339) Using 6 workers of 10 for evacuation
[2020-10-24T06:31:23.478+0000][7][gc,age       ] GC(339) Desired survivor size 3670016 bytes, new threshold 15 (max threshold 15)
[2020-10-24T06:31:23.483+0000][7][gc,age       ] GC(339) Age table with threshold 15 (max threshold 15)
[2020-10-24T06:31:23.483+0000][7][gc,age       ] GC(339) - age   1:     705128 bytes,     705128 total
[2020-10-24T06:31:23.483+0000][7][gc,age       ] GC(339) - age   2:     577144 bytes,    1282272 total
[2020-10-24T06:31:23.484+0000][7][gc,phases    ] GC(339)   Pre Evacuate Collection Set: 0.6ms
[2020-10-24T06:31:23.484+0000][7][gc,phases    ] GC(339)   Merge Heap Roots: 0.2ms
[2020-10-24T06:31:23.484+0000][7][gc,phases    ] GC(339)   Evacuate Collection Set: 2.4ms
[2020-10-24T06:31:23.484+0000][7][gc,phases    ] GC(339)   Post Evacuate Collection Set: 0.9ms
[2020-10-24T06:31:23.484+0000][7][gc,phases    ] GC(339)   Other: 2.0ms
[2020-10-24T06:31:23.485+0000][7][gc,heap      ] GC(339) Eden regions: 53->0(54)
[2020-10-24T06:31:23.485+0000][7][gc,heap      ] GC(339) Survivor regions: 2->2(7)
[2020-10-24T06:31:23.485+0000][7][gc,heap      ] GC(339) Old regions: 112->112
[2020-10-24T06:31:23.485+0000][7][gc,heap      ] GC(339) Archive regions: 2->2
[2020-10-24T06:31:23.485+0000][7][gc,heap      ] GC(339) Humongous regions: 15->15
[2020-10-24T06:31:23.485+0000][7][gc,metaspace ] GC(339) Metaspace: 109918K(118564K)->109918K(118564K) NonClass: 96000K(101080K)->96000K(101080K) Class: 13918K(17484K)->13918K(17484K)
[2020-10-24T06:31:23.486+0000][7][gc           ] GC(339) Pause Young (Concurrent Start) (G1 Evacuation Pause) 182M->128M(256M) 8.269ms
[2020-10-24T06:31:23.486+0000][7][gc,cpu       ] GC(339) User=0.02s Sys=0.01s Real=0.00s
[2020-10-24T06:31:23.486+0000][7][gc           ] GC(340) Concurrent Cycle
[2020-10-24T06:31:23.486+0000][7][safepoint    ] Safepoint "G1CollectForAllocation", Time since last: 9870100 ns, Reaching safepoint: 227400 ns, At safepoint: 8807600 ns, Total: 9035000 ns
[2020-10-24T06:31:23.486+0000][7][gc,marking   ] GC(340) Concurrent Clear Claimed Marks
[2020-10-24T06:31:23.487+0000][7][gc,marking   ] GC(340) Concurrent Clear Claimed Marks 0.878ms
[2020-10-24T06:31:23.487+0000][7][gc,marking   ] GC(340) Concurrent Scan Root Regions
[2020-10-24T06:31:23.488+0000][7][gc,marking   ] GC(340) Concurrent Scan Root Regions 0.898ms
[2020-10-24T06:31:23.488+0000][7][gc,marking   ] GC(340) Concurrent Mark (2840.855s)
[2020-10-24T06:31:23.489+0000][7][gc,marking   ] GC(340) Concurrent Mark From Roots
[2020-10-24T06:31:23.489+0000][7][gc,task      ] GC(340) Using 3 workers of 3 for marking
[2020-10-24T06:31:23.537+0000][7][gc,marking   ] GC(340) Concurrent Mark From Roots 48.811ms
[2020-10-24T06:31:23.538+0000][7][gc,marking   ] GC(340) Concurrent Preclean
[2020-10-24T06:31:23.539+0000][7][gc,marking   ] GC(340) Concurrent Preclean 0.755ms
[2020-10-24T06:31:23.539+0000][7][gc,marking   ] GC(340) Concurrent Mark (2840.855s, 2840.905s) 50.396ms
[2020-10-24T06:31:23.539+0000][7][gc,start     ] GC(340) Pause Remark
[2020-10-24T06:31:23.546+0000][7][gc           ] GC(340) Pause Remark 131M->131M(256M) 6.609ms
[2020-10-24T06:31:23.546+0000][7][gc,cpu       ] GC(340) User=0.02s Sys=0.00s Real=0.00s
[2020-10-24T06:31:23.547+0000][7][safepoint    ] Safepoint "G1Concurrent", Time since last: 53066600 ns, Reaching safepoint: 207800 ns, At safepoint: 7356000 ns, Total: 7563800 ns
[2020-10-24T06:31:23.547+0000][7][gc,marking   ] GC(340) Concurrent Rebuild Remembered Sets
[2020-10-24T06:31:23.580+0000][7][gc,marking   ] GC(340) Concurrent Rebuild Remembered Sets 32.892ms
[2020-10-24T06:31:23.581+0000][7][gc,start     ] GC(340) Pause Cleanup
[2020-10-24T06:31:23.581+0000][7][gc           ] GC(340) Pause Cleanup 131M->131M(256M) 0.537ms
[2020-10-24T06:31:23.582+0000][7][gc,cpu       ] GC(340) User=0.00s Sys=0.00s Real=0.00s
[2020-10-24T06:31:23.582+0000][7][safepoint    ] Safepoint "G1Concurrent", Time since last: 33735100 ns, Reaching safepoint: 213800 ns, At safepoint: 1191200 ns, Total: 1405000 ns
[2020-10-24T06:31:23.582+0000][7][gc,marking   ] GC(340) Concurrent Cleanup for Next Mark
[2020-10-24T06:31:23.583+0000][7][gc,marking   ] GC(340) Concurrent Cleanup for Next Mark 0.637ms
[2020-10-24T06:31:23.583+0000][7][gc           ] GC(340) Concurrent Cycle 97.126ms
[2020-10-24T06:31:25.473+0000][7][safepoint    ] Safepoint "Cleanup", Time since last: 1890264900 ns, Reaching safepoint: 419100 ns, At safepoint: 47100 ns, Total: 466200 ns
[2020-10-24T06:31:27.128+0000][7][safepoint    ] Safepoint "Cleanup", Time since last: 1654214800 ns, Reaching safepoint: 913600 ns, At safepoint: 46300 ns, Total: 959900 ns
[2020-10-24T06:31:28.129+0000][7][safepoint    ] Safepoint "Cleanup", Time since last: 1001214800 ns, Reaching safepoint: 294800 ns, At safepoint: 13700 ns, Total: 308500 ns
[2020-10-24T06:31:29.130+0000][7][safepoint    ] Safepoint "Cleanup", Time since last: 1000515200 ns, Reaching safepoint: 223200 ns, At safepoint: 12200 ns, Total: 235400 ns
[2020-10-24T06:31:30.131+0000][7][safepoint    ] Safepoint "Cleanup", Time since last: 1000720700 ns, Reaching safepoint: 214900 ns, At safepoint: 10400 ns, Total: 225300 ns
[2020-10-24T06:31:31.132+0000][7][safepoint    ] Safepoint "Cleanup", Time since last: 1000620700 ns, Reaching safepoint: 617700 ns, At safepoint: 32700 ns, Total: 650400 ns
[2020-10-24T06:31:32.133+0000][7][safepoint    ] Safepoint "Cleanup", Time since last: 1000935300 ns, Reaching safepoint: 207200 ns, At safepoint: 22500 ns, Total: 229700 ns
[2020-10-24T06:31:33.134+0000][7][safepoint    ] Safepoint "Cleanup", Time since last: 1000480900 ns, Reaching safepoint: 272200 ns, At safepoint: 22500 ns, Total: 294700 ns
[2020-10-24T06:31:34.135+0000][7][safepoint    ] Safepoint "Cleanup", Time since last: 1000562400 ns, Reaching safepoint: 622800 ns, At safepoint: 34300 ns, Total: 657100 ns
[2020-10-24T06:31:35.137+0000][7][safepoint    ] Safepoint "Cleanup", Time since last: 1000995200 ns, Reaching safepoint: 798200 ns, At safepoint: 45500 ns, Total: 843700 ns
[2020-10-24T06:31:36.139+0000][7][safepoint    ] Safepoint "Cleanup", Time since last: 1001379700 ns, Reaching safepoint: 219300 ns, At safepoint: 8900 ns, Total: 228200 ns
[2020-10-24T06:31:37.140+0000][7][safepoint    ] Safepoint "Cleanup", Time since last: 1000495400 ns, Reaching safepoint: 276600 ns, At safepoint: 9900 ns, Total: 286500 ns
[2020-10-24T06:31:38.140+0000][7][safepoint    ] Safepoint "Cleanup", Time since last: 1000508300 ns, Reaching safepoint: 235000 ns, At safepoint: 24400 ns, Total: 259400 ns
[2020-10-24T06:31:39.142+0000][7][safepoint    ] Safepoint "Cleanup", Time since last: 1000655300 ns, Reaching safepoint: 887800 ns, At safepoint: 45000 ns, Total: 932800 ns
[2020-10-24T06:31:40.144+0000][7][safepoint    ] Safepoint "Cleanup", Time since last: 1001294100 ns, Reaching safepoint: 348800 ns, At safepoint: 16900 ns, Total: 365700 ns
[2020-10-24T06:31:42.129+0000][7][safepoint    ] Safepoint "Cleanup", Time since last: 1984662200 ns, Reaching safepoint: 228100 ns, At safepoint: 8800 ns, Total: 236900 ns
[2020-10-24T06:31:43.130+0000][7][safepoint    ] Safepoint "Cleanup", Time since last: 1000603400 ns, Reaching safepoint: 277300 ns, At safepoint: 15300 ns, Total: 292600 ns
[2020-10-24T06:31:44.130+0000][7][safepoint    ] Safepoint "Cleanup", Time since last: 1000638400 ns, Reaching safepoint: 238200 ns, At safepoint: 8800 ns, Total: 247000 ns
[2020-10-24T06:31:45.131+0000][7][safepoint    ] Safepoint "Cleanup", Time since last: 1000572600 ns, Reaching safepoint: 213700 ns, At safepoint: 22900 ns, Total: 236600 ns
[2020-10-24T06:31:46.132+0000][7][safepoint    ] Safepoint "Cleanup", Time since last: 1000546000 ns, Reaching safepoint: 262100 ns, At safepoint: 11900 ns, Total: 274000 ns
[2020-10-24T06:31:47.134+0000][7][safepoint    ] Safepoint "Cleanup", Time since last: 1000617600 ns, Reaching safepoint: 822300 ns, At safepoint: 49900 ns, Total: 872200 ns
[2020-10-24T06:31:48.136+0000][7][safepoint    ] Safepoint "Cleanup", Time since last: 1001535800 ns, Reaching safepoint: 811900 ns, At safepoint: 48600 ns, Total: 860500 ns
[2020-10-24T06:31:49.138+0000][7][safepoint    ] Safepoint "Cleanup", Time since last: 1001275400 ns, Reaching safepoint: 656800 ns, At safepoint: 35500 ns, Total: 692300 ns
[2020-10-24T06:31:50.140+0000][7][safepoint    ] Safepoint "Cleanup", Time since last: 1001262800 ns, Reaching safepoint: 585100 ns, At safepoint: 39200 ns, Total: 624300 ns
[2020-10-24T06:31:51.141+0000][7][safepoint    ] Safepoint "Cleanup", Time since last: 1001226600 ns, Reaching safepoint: 278200 ns, At safepoint: 38500 ns, Total: 316700 ns
[2020-10-24T06:31:52.142+0000][7][safepoint    ] Safepoint "Cleanup", Time since last: 1000524600 ns, Reaching safepoint: 270900 ns, At safepoint: 8500 ns, Total: 279400 ns
[2020-10-24T06:31:53.143+0000][7][safepoint    ] Safepoint "Cleanup", Time since last: 1000484200 ns, Reaching safepoint: 307600 ns, At safepoint: 9200 ns, Total: 316800 ns
[2020-10-24T06:31:54.144+0000][7][safepoint    ] Safepoint "Cleanup", Time since last: 1000530500 ns, Reaching safepoint: 249800 ns, At safepoint: 10500 ns, Total: 260300 ns
[2020-10-24T06:31:55.144+0000][7][safepoint    ] Safepoint "Cleanup", Time since last: 1000514400 ns, Reaching safepoint: 264600 ns, At safepoint: 8700 ns, Total: 273300 ns
[2020-10-24T06:31:56.146+0000][7][safepoint    ] Safepoint "Cleanup", Time since last: 1000583600 ns, Reaching safepoint: 775300 ns, At safepoint: 47000 ns, Total: 822300 ns
[2020-10-24T06:31:57.148+0000][7][safepoint    ] Safepoint "Cleanup", Time since last: 1001340400 ns, Reaching safepoint: 762600 ns, At safepoint: 45100 ns, Total: 807700 ns
[2020-10-24T06:31:58.150+0000][7][safepoint    ] Safepoint "Cleanup", Time since last: 1001545000 ns, Reaching safepoint: 842900 ns, At safepoint: 44400 ns, Total: 887300 ns
[2020-10-24T06:31:59.152+0000][7][safepoint    ] Safepoint "Cleanup", Time since last: 1001246600 ns, Reaching safepoint: 308500 ns, At safepoint: 9200 ns, Total: 317700 ns
[2020-10-24T06:32:00.153+0000][7][safepoint    ] Safepoint "Cleanup", Time since last: 1000511600 ns, Reaching safepoint: 246700 ns, At safepoint: 9300 ns, Total: 256000 ns
[2020-10-24T06:32:01.110+0000][7][gc,start     ] GC(341) Pause Young (Normal) (G1 Evacuation Pause)
[2020-10-24T06:32:01.111+0000][7][gc,task      ] GC(341) Using 6 workers of 10 for evacuation
[2020-10-24T06:32:01.111+0000][7][gc,age       ] GC(341) Desired survivor size 3670016 bytes, new threshold 15 (max threshold 15)
[2020-10-24T06:32:01.115+0000][7][gc,age       ] GC(341) Age table with threshold 15 (max threshold 15)
[2020-10-24T06:32:01.115+0000][7][gc,age       ] GC(341) - age   1:    6357112 bytes,    6357112 total
[2020-10-24T06:32:01.115+0000][7][gc,age       ] GC(341) - age   2:      61440 bytes,    6418552 total
[2020-10-24T06:32:01.116+0000][7][gc,age       ] GC(341) - age   3:     523584 bytes,    6942136 total
[2020-10-24T06:32:01.116+0000][7][gc,phases    ] GC(341)   Pre Evacuate Collection Set: 0.1ms
[2020-10-24T06:32:01.116+0000][7][gc,phases    ] GC(341)   Merge Heap Roots: 0.2ms
[2020-10-24T06:32:01.116+0000][7][gc,phases    ] GC(341)   Evacuate Collection Set: 2.1ms
[2020-10-24T06:32:01.117+0000][7][gc,phases    ] GC(341)   Post Evacuate Collection Set: 0.9ms
[2020-10-24T06:32:01.117+0000][7][gc,phases    ] GC(341)   Other: 2.3ms
[2020-10-24T06:32:01.117+0000][7][gc,heap      ] GC(341) Eden regions: 54->0(43)
[2020-10-24T06:32:01.117+0000][7][gc,heap      ] GC(341) Survivor regions: 2->7(7)
[2020-10-24T06:32:01.117+0000][7][gc,heap      ] GC(341) Old regions: 112->113
[2020-10-24T06:32:01.117+0000][7][gc,heap      ] GC(341) Archive regions: 2->2
[2020-10-24T06:32:01.117+0000][7][gc,heap      ] GC(341) Humongous regions: 15->15
[2020-10-24T06:32:01.118+0000][7][gc,metaspace ] GC(341) Metaspace: 109922K(118564K)->109922K(118564K) NonClass: 96003K(101080K)->96003K(101080K) Class: 13918K(17484K)->13918K(17484K)
[2020-10-24T06:32:01.118+0000][7][gc           ] GC(341) Pause Young (Normal) (G1 Evacuation Pause) 182M->135M(256M) 7.289ms
[2020-10-24T06:32:01.118+0000][7][gc,cpu       ] GC(341) User=0.01s Sys=0.01s Real=0.01s
[2020-10-24T06:32:01.118+0000][7][safepoint    ] Safepoint "G1CollectForAllocation", Time since last: 957337000 ns, Reaching safepoint: 259600 ns, At safepoint: 7566900 ns, Total: 7826500 ns
[2020-10-24T06:32:02.119+0000][7][safepoint    ] Safepoint "Cleanup", Time since last: 1000349000 ns, Reaching safepoint: 857100 ns, At safepoint: 44800 ns, Total: 901900 ns
[2020-10-24T06:32:02.144+0000][7][gc,start     ] GC(342) Pause Young (Concurrent Start) (G1 Evacuation Pause)
[2020-10-24T06:32:02.144+0000][7][gc,task      ] GC(342) Using 6 workers of 10 for evacuation
[2020-10-24T06:32:02.144+0000][7][gc,age       ] GC(342) Desired survivor size 3670016 bytes, new threshold 1 (max threshold 15)
[2020-10-24T06:32:02.149+0000][7][gc,age       ] GC(342) Age table with threshold 1 (max threshold 15)
[2020-10-24T06:32:02.149+0000][7][gc,age       ] GC(342) - age   1:    1273768 bytes,    1273768 total
[2020-10-24T06:32:02.149+0000][7][gc,phases    ] GC(342)   Pre Evacuate Collection Set: 0.6ms
[2020-10-24T06:32:02.150+0000][7][gc,phases    ] GC(342)   Merge Heap Roots: 0.1ms
[2020-10-24T06:32:02.150+0000][7][gc,phases    ] GC(342)   Evacuate Collection Set: 2.1ms
[2020-10-24T06:32:02.150+0000][7][gc,phases    ] GC(342)   Post Evacuate Collection Set: 0.9ms
[2020-10-24T06:32:02.150+0000][7][gc,phases    ] GC(342)   Other: 1.7ms
[2020-10-24T06:32:02.150+0000][7][gc,heap      ] GC(342) Eden regions: 43->0(46)
[2020-10-24T06:32:02.151+0000][7][gc,heap      ] GC(342) Survivor regions: 7->2(7)
[2020-10-24T06:32:02.151+0000][7][gc,heap      ] GC(342) Old regions: 113->117
[2020-10-24T06:32:02.151+0000][7][gc,heap      ] GC(342) Archive regions: 2->2
[2020-10-24T06:32:02.151+0000][7][gc,heap      ] GC(342) Humongous regions: 15->15
[2020-10-24T06:32:02.151+0000][7][gc,metaspace ] GC(342) Metaspace: 109923K(118564K)->109923K(118564K) NonClass: 96004K(101080K)->96004K(101080K) Class: 13918K(17484K)->13918K(17484K)
[2020-10-24T06:32:02.152+0000][7][gc           ] GC(342) Pause Young (Concurrent Start) (G1 Evacuation Pause) 178M->134M(256M) 7.877ms
[2020-10-24T06:32:02.152+0000][7][gc,cpu       ] GC(342) User=0.02s Sys=0.00s Real=0.01s
[2020-10-24T06:32:02.152+0000][7][safepoint    ] Safepoint "G1CollectForAllocation", Time since last: 24134100 ns, Reaching safepoint: 342300 ns, At safepoint: 8335200 ns, Total: 8677500 ns
[2020-10-24T06:32:02.152+0000][7][gc           ] GC(343) Concurrent Cycle
[2020-10-24T06:32:02.152+0000][7][gc,marking   ] GC(343) Concurrent Clear Claimed Marks
[2020-10-24T06:32:02.153+0000][7][gc,marking   ] GC(343) Concurrent Clear Claimed Marks 0.649ms
[2020-10-24T06:32:02.153+0000][7][gc,marking   ] GC(343) Concurrent Scan Root Regions
[2020-10-24T06:32:02.154+0000][7][gc,marking   ] GC(343) Concurrent Scan Root Regions 1.090ms
[2020-10-24T06:32:02.155+0000][7][gc,marking   ] GC(343) Concurrent Mark (2879.521s)
[2020-10-24T06:32:02.155+0000][7][gc,marking   ] GC(343) Concurrent Mark From Roots
[2020-10-24T06:32:02.155+0000][7][gc,task      ] GC(343) Using 3 workers of 3 for marking
[2020-10-24T06:32:02.205+0000][7][gc,marking   ] GC(343) Concurrent Mark From Roots 50.739ms
[2020-10-24T06:32:02.206+0000][7][gc,marking   ] GC(343) Concurrent Preclean
[2020-10-24T06:32:02.207+0000][7][gc,marking   ] GC(343) Concurrent Preclean 0.737ms
[2020-10-24T06:32:02.207+0000][7][gc,marking   ] GC(343) Concurrent Mark (2879.521s, 2879.573s) 52.335ms
[2020-10-24T06:32:02.207+0000][7][gc,start     ] GC(343) Pause Remark
[2020-10-24T06:32:02.214+0000][7][gc           ] GC(343) Pause Remark 143M->143M(256M) 6.629ms
[2020-10-24T06:32:02.214+0000][7][gc,cpu       ] GC(343) User=0.03s Sys=0.01s Real=0.00s
[2020-10-24T06:32:02.215+0000][7][safepoint    ] Safepoint "G1Concurrent", Time since last: 55195900 ns, Reaching safepoint: 187400 ns, At safepoint: 7316000 ns, Total: 7503400 ns
[2020-10-24T06:32:02.215+0000][7][gc,marking   ] GC(343) Concurrent Rebuild Remembered Sets
[2020-10-24T06:32:02.251+0000][7][gc,marking   ] GC(343) Concurrent Rebuild Remembered Sets 36.389ms
[2020-10-24T06:32:02.252+0000][7][gc,start     ] GC(343) Pause Cleanup
[2020-10-24T06:32:02.253+0000][7][gc           ] GC(343) Pause Cleanup 143M->143M(256M) 0.622ms
[2020-10-24T06:32:02.253+0000][7][gc,cpu       ] GC(343) User=0.00s Sys=0.00s Real=0.00s
[2020-10-24T06:32:02.253+0000][7][safepoint    ] Safepoint "G1Concurrent", Time since last: 37183800 ns, Reaching safepoint: 178700 ns, At safepoint: 1274500 ns, Total: 1453200 ns
[2020-10-24T06:32:02.254+0000][7][gc,marking   ] GC(343) Concurrent Cleanup for Next Mark
[2020-10-24T06:32:02.254+0000][7][gc,marking   ] GC(343) Concurrent Cleanup for Next Mark 0.628ms
[2020-10-24T06:32:02.255+0000][7][gc           ] GC(343) Concurrent Cycle 102.607ms
[2020-10-24T06:32:03.659+0000][7][safepoint    ] Safepoint "Cleanup", Time since last: 1405528000 ns, Reaching safepoint: 266200 ns, At safepoint: 23200 ns, Total: 289400 ns
[2020-10-24T06:32:04.661+0000][7][safepoint    ] Safepoint "Cleanup", Time since last: 1000620300 ns, Reaching safepoint: 793800 ns, At safepoint: 49900 ns, Total: 843700 ns
[2020-10-24T06:32:05.663+0000][7][safepoint    ] Safepoint "Cleanup", Time since last: 1001215400 ns, Reaching safepoint: 818200 ns, At safepoint: 87100 ns, Total: 905300 ns
[2020-10-24T06:32:06.664+0000][7][safepoint    ] Safepoint "Cleanup", Time since last: 1001065700 ns, Reaching safepoint: 250200 ns, At safepoint: 9100 ns, Total: 259300 ns
[2020-10-24T06:32:07.665+0000][7][safepoint    ] Safepoint "Cleanup", Time since last: 1000583100 ns, Reaching safepoint: 189100 ns, At safepoint: 9300 ns, Total: 198400 ns
[2020-10-24T06:32:08.666+0000][7][safepoint    ] Safepoint "Cleanup", Time since last: 1000568700 ns, Reaching safepoint: 266300 ns, At safepoint: 9100 ns, Total: 275400 ns
[2020-10-24T06:32:09.667+0000][7][safepoint    ] Safepoint "Cleanup", Time since last: 1000596900 ns, Reaching safepoint: 229900 ns, At safepoint: 8500 ns, Total: 238400 ns
[2020-10-24T06:32:10.668+0000][7][safepoint    ] Safepoint "Cleanup", Time since last: 1000614700 ns, Reaching safepoint: 423400 ns, At safepoint: 23700 ns, Total: 447100 ns
[2020-10-24T06:32:11.669+0000][7][safepoint    ] Safepoint "Cleanup", Time since last: 1000823900 ns, Reaching safepoint: 259500 ns, At safepoint: 8900 ns, Total: 268400 ns
[2020-10-24T06:32:12.669+0000][7][safepoint    ] Safepoint "Cleanup", Time since last: 1000492300 ns, Reaching safepoint: 245000 ns, At safepoint: 8700 ns, Total: 253700 ns
[2020-10-24T06:32:13.670+0000][7][safepoint    ] Safepoint "Cleanup", Time since last: 1000511500 ns, Reaching safepoint: 242800 ns, At safepoint: 8600 ns, Total: 251400 ns
[2020-10-24T06:32:14.671+0000][7][safepoint    ] Safepoint "Cleanup", Time since last: 1000464000 ns, Reaching safepoint: 287400 ns, At safepoint: 11100 ns, Total: 298500 ns
[2020-10-24T06:32:15.673+0000][7][safepoint    ] Safepoint "Cleanup", Time since last: 1000685100 ns, Reaching safepoint: 1057400 ns, At safepoint: 124600 ns, Total: 1182000 ns
[2020-10-24T06:32:16.674+0000][7][safepoint    ] Safepoint "Cleanup", Time since last: 1001023300 ns, Reaching safepoint: 260100 ns, At safepoint: 24600 ns, Total: 284700 ns
[2020-10-24T06:32:17.675+0000][7][safepoint    ] Safepoint "Cleanup", Time since last: 1000495100 ns, Reaching safepoint: 217100 ns, At safepoint: 53000 ns, Total: 270100 ns
[2020-10-24T06:32:18.676+0000][7][safepoint    ] Safepoint "Cleanup", Time since last: 1000573700 ns, Reaching safepoint: 276000 ns, At safepoint: 67400 ns, Total: 343400 ns
[2020-10-24T06:32:19.677+0000][7][safepoint    ] Safepoint "Cleanup", Time since last: 1000475000 ns, Reaching safepoint: 288700 ns, At safepoint: 24200 ns, Total: 312900 ns
[2020-10-24T06:32:20.678+0000][7][safepoint    ] Safepoint "Cleanup", Time since last: 1000586900 ns, Reaching safepoint: 930100 ns, At safepoint: 126700 ns, Total: 1056800 ns
[2020-10-24T06:32:21.680+0000][7][safepoint    ] Safepoint "Cleanup", Time since last: 1001244700 ns, Reaching safepoint: 746000 ns, At safepoint: 45300 ns, Total: 791300 ns
[2020-10-24T06:32:22.682+0000][7][safepoint    ] Safepoint "Cleanup", Time since last: 1001302600 ns, Reaching safepoint: 815000 ns, At safepoint: 45800 ns, Total: 860800 ns
[2020-10-24T06:32:22.714+0000][7][gc,start     ] GC(344) Pause Young (Normal) (G1 Evacuation Pause)
[2020-10-24T06:32:22.715+0000][7][gc,task      ] GC(344) Using 6 workers of 10 for evacuation
[2020-10-24T06:32:22.715+0000][7][gc,age       ] GC(344) Desired survivor size 3145728 bytes, new threshold 15 (max threshold 15)
[2020-10-24T06:32:22.718+0000][7][gc,age       ] GC(344) Age table with threshold 15 (max threshold 15)
[2020-10-24T06:32:22.719+0000][7][gc,age       ] GC(344) - age   1:    1667592 bytes,    1667592 total
[2020-10-24T06:32:22.719+0000][7][gc,age       ] GC(344) - age   2:     503272 bytes,    2170864 total
[2020-10-24T06:32:22.719+0000][7][gc,phases    ] GC(344)   Pre Evacuate Collection Set: 0.1ms
[2020-10-24T06:32:22.719+0000][7][gc,phases    ] GC(344)   Merge Heap Roots: 0.1ms
[2020-10-24T06:32:22.720+0000][7][gc,phases    ] GC(344)   Evacuate Collection Set: 1.6ms
[2020-10-24T06:32:22.720+0000][7][gc,phases    ] GC(344)   Post Evacuate Collection Set: 0.9ms
[2020-10-24T06:32:22.720+0000][7][gc,phases    ] GC(344)   Other: 2.0ms
[2020-10-24T06:32:22.720+0000][7][gc,heap      ] GC(344) Eden regions: 46->0(46)
[2020-10-24T06:32:22.721+0000][7][gc,heap      ] GC(344) Survivor regions: 2->3(6)
[2020-10-24T06:32:22.721+0000][7][gc,heap      ] GC(344) Old regions: 117->117
[2020-10-24T06:32:22.721+0000][7][gc,heap      ] GC(344) Archive regions: 2->2
[2020-10-24T06:32:22.721+0000][7][gc,heap      ] GC(344) Humongous regions: 15->15
[2020-10-24T06:32:22.722+0000][7][gc,metaspace ] GC(344) Metaspace: 109926K(118564K)->109926K(118564K) NonClass: 96007K(101080K)->96007K(101080K) Class: 13918K(17484K)->13918K(17484K)
[2020-10-24T06:32:22.722+0000][7][gc           ] GC(344) Pause Young (Normal) (G1 Evacuation Pause) 180M->135M(256M) 7.210ms
[2020-10-24T06:32:22.722+0000][7][gc,cpu       ] GC(344) User=0.01s Sys=0.01s Real=0.01s
[2020-10-24T06:32:22.722+0000][7][safepoint    ] Safepoint "G1CollectForAllocation", Time since last: 31723700 ns, Reaching safepoint: 231400 ns, At safepoint: 7593300 ns, Total: 7824700 ns
[2020-10-24T06:32:23.523+0000][7][gc,start     ] GC(345) Pause Young (Concurrent Start) (G1 Evacuation Pause)
[2020-10-24T06:32:23.523+0000][7][gc,task      ] GC(345) Using 6 workers of 10 for evacuation
[2020-10-24T06:32:23.523+0000][7][gc,age       ] GC(345) Desired survivor size 3670016 bytes, new threshold 15 (max threshold 15)
[2020-10-24T06:32:23.527+0000][7][gc,age       ] GC(345) Age table with threshold 15 (max threshold 15)
[2020-10-24T06:32:23.527+0000][7][gc,age       ] GC(345) - age   1:     985376 bytes,     985376 total
[2020-10-24T06:32:23.528+0000][7][gc,age       ] GC(345) - age   2:    1358760 bytes,    2344136 total
[2020-10-24T06:32:23.528+0000][7][gc,age       ] GC(345) - age   3:     502328 bytes,    2846464 total
[2020-10-24T06:32:23.528+0000][7][gc,phases    ] GC(345)   Pre Evacuate Collection Set: 0.6ms
[2020-10-24T06:32:23.529+0000][7][gc,phases    ] GC(345)   Merge Heap Roots: 0.1ms
[2020-10-24T06:32:23.529+0000][7][gc,phases    ] GC(345)   Evacuate Collection Set: 1.6ms
[2020-10-24T06:32:23.529+0000][7][gc,phases    ] GC(345)   Post Evacuate Collection Set: 0.8ms
[2020-10-24T06:32:23.529+0000][7][gc,phases    ] GC(345)   Other: 2.5ms
[2020-10-24T06:32:23.530+0000][7][gc,heap      ] GC(345) Eden regions: 46->0(47)
[2020-10-24T06:32:23.530+0000][7][gc,heap      ] GC(345) Survivor regions: 3->3(7)
[2020-10-24T06:32:23.530+0000][7][gc,heap      ] GC(345) Old regions: 117->117
[2020-10-24T06:32:23.530+0000][7][gc,heap      ] GC(345) Archive regions: 2->2
[2020-10-24T06:32:23.530+0000][7][gc,heap      ] GC(345) Humongous regions: 15->15
[2020-10-24T06:32:23.530+0000][7][gc,metaspace ] GC(345) Metaspace: 109931K(118564K)->109931K(118564K) NonClass: 96012K(101080K)->96012K(101080K) Class: 13918K(17484K)->13918K(17484K)
[2020-10-24T06:32:23.531+0000][7][gc           ] GC(345) Pause Young (Concurrent Start) (G1 Evacuation Pause) 180M->135M(256M) 7.909ms
[2020-10-24T06:32:23.531+0000][7][gc,cpu       ] GC(345) User=0.02s Sys=0.00s Real=0.01s
[2020-10-24T06:32:23.531+0000][7][safepoint    ] Safepoint "G1CollectForAllocation", Time since last: 800284300 ns, Reaching safepoint: 277300 ns, At safepoint: 8282400 ns, Total: 8559700 ns
[2020-10-24T06:32:23.531+0000][7][gc           ] GC(346) Concurrent Cycle
[2020-10-24T06:32:23.531+0000][7][gc,marking   ] GC(346) Concurrent Clear Claimed Marks
[2020-10-24T06:32:23.532+0000][7][gc,marking   ] GC(346) Concurrent Clear Claimed Marks 0.683ms
[2020-10-24T06:32:23.532+0000][7][gc,marking   ] GC(346) Concurrent Scan Root Regions
[2020-10-24T06:32:23.533+0000][7][gc,marking   ] GC(346) Concurrent Scan Root Regions 0.854ms
[2020-10-24T06:32:23.533+0000][7][gc,marking   ] GC(346) Concurrent Mark (2900.900s)
[2020-10-24T06:32:23.533+0000][7][gc,marking   ] GC(346) Concurrent Mark From Roots
[2020-10-24T06:32:23.534+0000][7][gc,task      ] GC(346) Using 3 workers of 3 for marking
[2020-10-24T06:32:23.587+0000][7][gc,marking   ] GC(346) Concurrent Mark From Roots 53.755ms
[2020-10-24T06:32:23.588+0000][7][gc,marking   ] GC(346) Concurrent Preclean
[2020-10-24T06:32:23.588+0000][7][gc,marking   ] GC(346) Concurrent Preclean 0.737ms
[2020-10-24T06:32:23.589+0000][7][gc,marking   ] GC(346) Concurrent Mark (2900.900s, 2900.955s) 55.368ms
[2020-10-24T06:32:23.589+0000][7][gc,start     ] GC(346) Pause Remark
[2020-10-24T06:32:23.596+0000][7][gc           ] GC(346) Pause Remark 146M->146M(256M) 6.966ms
[2020-10-24T06:32:23.597+0000][7][gc,cpu       ] GC(346) User=0.02s Sys=0.01s Real=0.00s
[2020-10-24T06:32:23.597+0000][7][safepoint    ] Safepoint "G1Concurrent", Time since last: 58130900 ns, Reaching safepoint: 258600 ns, At safepoint: 7766300 ns, Total: 8024900 ns
[2020-10-24T06:32:23.597+0000][7][gc,marking   ] GC(346) Concurrent Rebuild Remembered Sets
[2020-10-24T06:32:23.632+0000][7][gc,marking   ] GC(346) Concurrent Rebuild Remembered Sets 34.985ms
[2020-10-24T06:32:23.633+0000][7][gc,start     ] GC(346) Pause Cleanup
[2020-10-24T06:32:23.634+0000][7][gc           ] GC(346) Pause Cleanup 146M->146M(256M) 0.518ms
[2020-10-24T06:32:23.634+0000][7][gc,cpu       ] GC(346) User=0.00s Sys=0.00s Real=0.00s
[2020-10-24T06:32:23.634+0000][7][safepoint    ] Safepoint "G1Concurrent", Time since last: 35793200 ns, Reaching safepoint: 220200 ns, At safepoint: 1143300 ns, Total: 1363500 ns
[2020-10-24T06:32:23.635+0000][7][gc,marking   ] GC(346) Concurrent Cleanup for Next Mark
[2020-10-24T06:32:23.635+0000][7][gc,marking   ] GC(346) Concurrent Cleanup for Next Mark 0.680ms
[2020-10-24T06:32:23.635+0000][7][gc           ] GC(346) Concurrent Cycle 104.617ms
[2020-10-24T06:32:24.635+0000][7][safepoint    ] Safepoint "Cleanup", Time since last: 1000524800 ns, Reaching safepoint: 466000 ns, At safepoint: 27000 ns, Total: 493000 ns
[2020-10-24T06:32:25.637+0000][7][safepoint    ] Safepoint "Cleanup", Time since last: 1000965000 ns, Reaching safepoint: 826600 ns, At safepoint: 44500 ns, Total: 871100 ns
[2020-10-24T06:32:27.133+0000][7][safepoint    ] Safepoint "Cleanup", Time since last: 1495763400 ns, Reaching safepoint: 209300 ns, At safepoint: 9600 ns, Total: 218900 ns
[2020-10-24T06:32:28.134+0000][7][safepoint    ] Safepoint "Cleanup", Time since last: 1000645100 ns, Reaching safepoint: 268600 ns, At safepoint: 10000 ns, Total: 278600 ns
[2020-10-24T06:32:29.135+0000][7][safepoint    ] Safepoint "Cleanup", Time since last: 1000548200 ns, Reaching safepoint: 233900 ns, At safepoint: 12800 ns, Total: 246700 ns
[2020-10-24T06:32:30.135+0000][7][safepoint    ] Safepoint "Cleanup", Time since last: 1000504900 ns, Reaching safepoint: 227100 ns, At safepoint: 9400 ns, Total: 236500 ns
[2020-10-24T06:32:31.136+0000][7][safepoint    ] Safepoint "Cleanup", Time since last: 1000482500 ns, Reaching safepoint: 276100 ns, At safepoint: 24900 ns, Total: 301000 ns
[2020-10-24T06:32:32.137+0000][7][safepoint    ] Safepoint "Cleanup", Time since last: 1000646100 ns, Reaching safepoint: 333400 ns, At safepoint: 19900 ns, Total: 353300 ns
[2020-10-24T06:32:33.138+0000][7][safepoint    ] Safepoint "Cleanup", Time since last: 1000650000 ns, Reaching safepoint: 240800 ns, At safepoint: 13000 ns, Total: 253800 ns
[2020-10-24T06:32:34.139+0000][7][safepoint    ] Safepoint "Cleanup", Time since last: 1000463100 ns, Reaching safepoint: 253800 ns, At safepoint: 9000 ns, Total: 262800 ns
[2020-10-24T06:32:35.140+0000][7][safepoint    ] Safepoint "Cleanup", Time since last: 1000509900 ns, Reaching safepoint: 223500 ns, At safepoint: 10300 ns, Total: 233800 ns
[2020-10-24T06:32:36.140+0000][7][safepoint    ] Safepoint "Cleanup", Time since last: 1000529900 ns, Reaching safepoint: 265600 ns, At safepoint: 11600 ns, Total: 277200 ns
[2020-10-24T06:32:37.141+0000][7][safepoint    ] Safepoint "Cleanup", Time since last: 1000482400 ns, Reaching safepoint: 218100 ns, At safepoint: 23500 ns, Total: 241600 ns
[2020-10-24T06:32:38.142+0000][7][safepoint    ] Safepoint "Cleanup", Time since last: 1000548800 ns, Reaching safepoint: 268600 ns, At safepoint: 10100 ns, Total: 278700 ns
[2020-10-24T06:32:39.143+0000][7][safepoint    ] Safepoint "Cleanup", Time since last: 1000636500 ns, Reaching safepoint: 787200 ns, At safepoint: 44700 ns, Total: 831900 ns
[2020-10-24T06:32:40.145+0000][7][safepoint    ] Safepoint "Cleanup", Time since last: 1001339700 ns, Reaching safepoint: 368700 ns, At safepoint: 19000 ns, Total: 387700 ns
[2020-10-24T06:32:41.147+0000][7][safepoint    ] Safepoint "Cleanup", Time since last: 1000827000 ns, Reaching safepoint: 995600 ns, At safepoint: 44900 ns, Total: 1040500 ns
[2020-10-24T06:32:42.149+0000][7][safepoint    ] Safepoint "Cleanup", Time since last: 1001189000 ns, Reaching safepoint: 296000 ns, At safepoint: 9100 ns, Total: 305100 ns
[2020-10-24T06:32:43.150+0000][7][safepoint    ] Safepoint "Cleanup", Time since last: 1000666100 ns, Reaching safepoint: 857200 ns, At safepoint: 44700 ns, Total: 901900 ns
[2020-10-24T06:32:44.152+0000][7][safepoint    ] Safepoint "Cleanup", Time since last: 1001244100 ns, Reaching safepoint: 850400 ns, At safepoint: 45000 ns, Total: 895400 ns
[2020-10-24T06:32:45.154+0000][7][safepoint    ] Safepoint "Cleanup", Time since last: 1001397600 ns, Reaching safepoint: 739100 ns, At safepoint: 44800 ns, Total: 783900 ns
[2020-10-24T06:32:46.156+0000][7][safepoint    ] Safepoint "Cleanup", Time since last: 1001264800 ns, Reaching safepoint: 219200 ns, At safepoint: 23000 ns, Total: 242200 ns
[2020-10-24T06:32:47.157+0000][7][safepoint    ] Safepoint "Cleanup", Time since last: 1000632100 ns, Reaching safepoint: 786300 ns, At safepoint: 45300 ns, Total: 831600 ns
[2020-10-24T06:32:48.160+0000][7][safepoint    ] Safepoint "Cleanup", Time since last: 1001403500 ns, Reaching safepoint: 975900 ns, At safepoint: 58400 ns, Total: 1034300 ns
[2020-10-24T06:32:49.163+0000][7][safepoint    ] Safepoint "Cleanup", Time since last: 1002259300 ns, Reaching safepoint: 448200 ns, At safepoint: 22800 ns, Total: 471000 ns
[2020-10-24T06:32:50.164+0000][7][safepoint    ] Safepoint "Cleanup", Time since last: 1000727100 ns, Reaching safepoint: 268200 ns, At safepoint: 33600 ns, Total: 301800 ns
[2020-10-24T06:32:51.164+0000][7][safepoint    ] Safepoint "Cleanup", Time since last: 1000623700 ns, Reaching safepoint: 261600 ns, At safepoint: 8900 ns, Total: 270500 ns
[2020-10-24T06:32:52.166+0000][7][safepoint    ] Safepoint "Cleanup", Time since last: 1000667700 ns, Reaching safepoint: 837000 ns, At safepoint: 44500 ns, Total: 881500 ns
[2020-10-24T06:32:53.167+0000][7][safepoint    ] Safepoint "Cleanup", Time since last: 1001135800 ns, Reaching safepoint: 239100 ns, At safepoint: 9200 ns, Total: 248300 ns
[2020-10-24T06:32:54.168+0000][7][safepoint    ] Safepoint "Cleanup", Time since last: 1000526500 ns, Reaching safepoint: 270400 ns, At safepoint: 9000 ns, Total: 279400 ns
[2020-10-24T06:32:54.964+0000][7][gc,start     ] GC(347) Pause Young (Normal) (G1 Evacuation Pause)
[2020-10-24T06:32:54.965+0000][7][gc,task      ] GC(347) Using 6 workers of 10 for evacuation
[2020-10-24T06:32:54.965+0000][7][gc,age       ] GC(347) Desired survivor size 3670016 bytes, new threshold 15 (max threshold 15)
[2020-10-24T06:32:54.968+0000][7][gc,age       ] GC(347) Age table with threshold 15 (max threshold 15)
[2020-10-24T06:32:54.968+0000][7][gc,age       ] GC(347) - age   1:     442880 bytes,     442880 total
[2020-10-24T06:32:54.968+0000][7][gc,age       ] GC(347) - age   2:     111504 bytes,     554384 total
[2020-10-24T06:32:54.969+0000][7][gc,age       ] GC(347) - age   3:     997440 bytes,    1551824 total
[2020-10-24T06:32:54.969+0000][7][gc,age       ] GC(347) - age   4:     501608 bytes,    2053432 total
[2020-10-24T06:32:54.969+0000][7][gc,phases    ] GC(347)   Pre Evacuate Collection Set: 0.1ms
[2020-10-24T06:32:54.969+0000][7][gc,phases    ] GC(347)   Merge Heap Roots: 0.1ms
[2020-10-24T06:32:54.970+0000][7][gc,phases    ] GC(347)   Evacuate Collection Set: 1.2ms
[2020-10-24T06:32:54.970+0000][7][gc,phases    ] GC(347)   Post Evacuate Collection Set: 0.8ms
[2020-10-24T06:32:54.970+0000][7][gc,phases    ] GC(347)   Other: 2.5ms
[2020-10-24T06:32:54.970+0000][7][gc,heap      ] GC(347) Eden regions: 47->0(48)
[2020-10-24T06:32:54.970+0000][7][gc,heap      ] GC(347) Survivor regions: 3->3(7)
[2020-10-24T06:32:54.970+0000][7][gc,heap      ] GC(347) Old regions: 117->117
[2020-10-24T06:32:54.970+0000][7][gc,heap      ] GC(347) Archive regions: 2->2
[2020-10-24T06:32:54.970+0000][7][gc,heap      ] GC(347) Humongous regions: 15->15
[2020-10-24T06:32:54.970+0000][7][gc,metaspace ] GC(347) Metaspace: 109931K(118564K)->109931K(118564K) NonClass: 96012K(101080K)->96012K(101080K) Class: 13918K(17484K)->13918K(17484K)
[2020-10-24T06:32:54.971+0000][7][gc           ] GC(347) Pause Young (Normal) (G1 Evacuation Pause) 182M->134M(256M) 6.262ms
[2020-10-24T06:32:54.971+0000][7][gc,cpu       ] GC(347) User=0.00s Sys=0.01s Real=0.01s
[2020-10-24T06:32:54.971+0000][7][safepoint    ] Safepoint "G1CollectForAllocation", Time since last: 795700000 ns, Reaching safepoint: 297700 ns, At safepoint: 6544300 ns, Total: 6842000 ns
[2020-10-24T06:32:55.972+0000][7][safepoint    ] Safepoint "Cleanup", Time since last: 1000432300 ns, Reaching safepoint: 844000 ns, At safepoint: 44500 ns, Total: 888500 ns
[2020-10-24T06:32:56.974+0000][7][safepoint    ] Safepoint "Cleanup", Time since last: 1001297000 ns, Reaching safepoint: 890700 ns, At safepoint: 44700 ns, Total: 935400 ns
[2020-10-24T06:32:57.977+0000][7][safepoint    ] Safepoint "Cleanup", Time since last: 1001354900 ns, Reaching safepoint: 777700 ns, At safepoint: 97400 ns, Total: 875100 ns
[2020-10-24T06:32:58.979+0000][7][safepoint    ] Safepoint "Cleanup", Time since last: 1001257400 ns, Reaching safepoint: 874700 ns, At safepoint: 46000 ns, Total: 920700 ns
[2020-10-24T06:32:59.980+0000][7][safepoint    ] Safepoint "Cleanup", Time since last: 1001103300 ns, Reaching safepoint: 269800 ns, At safepoint: 9400 ns, Total: 279200 ns
[2020-10-24T06:33:00.982+0000][7][safepoint    ] Safepoint "Cleanup", Time since last: 1000630900 ns, Reaching safepoint: 835400 ns, At safepoint: 45100 ns, Total: 880500 ns
[2020-10-24T06:33:01.983+0000][7][safepoint    ] Safepoint "Cleanup", Time since last: 1001240900 ns, Reaching safepoint: 398900 ns, At safepoint: 22400 ns, Total: 421300 ns
[2020-10-24T06:33:02.985+0000][7][safepoint    ] Safepoint "Cleanup", Time since last: 1000917500 ns, Reaching safepoint: 812200 ns, At safepoint: 45000 ns, Total: 857200 ns
[2020-10-24T06:33:03.987+0000][7][safepoint    ] Safepoint "Cleanup", Time since last: 1001159100 ns, Reaching safepoint: 264200 ns, At safepoint: 23300 ns, Total: 287500 ns
[2020-10-24T06:33:04.987+0000][7][safepoint    ] Safepoint "Cleanup", Time since last: 1000606000 ns, Reaching safepoint: 236700 ns, At safepoint: 10500 ns, Total: 247200 ns
[2020-10-24T06:33:06.751+0000][7][safepoint    ] Safepoint "Cleanup", Time since last: 1763389000 ns, Reaching safepoint: 257000 ns, At safepoint: 9300 ns, Total: 266300 ns
[2020-10-24T06:33:07.752+0000][7][safepoint    ] Safepoint "Cleanup", Time since last: 1000528500 ns, Reaching safepoint: 844200 ns, At safepoint: 45300 ns, Total: 889500 ns
[2020-10-24T06:33:08.754+0000][7][safepoint    ] Safepoint "Cleanup", Time since last: 1001121600 ns, Reaching safepoint: 516200 ns, At safepoint: 145900 ns, Total: 662100 ns
[2020-10-24T06:33:09.755+0000][7][safepoint    ] Safepoint "Cleanup", Time since last: 1000979900 ns, Reaching safepoint: 218100 ns, At safepoint: 8700 ns, Total: 226800 ns
[2020-10-24T06:33:10.756+0000][7][safepoint    ] Safepoint "Cleanup", Time since last: 1000534700 ns, Reaching safepoint: 299300 ns, At safepoint: 18300 ns, Total: 317600 ns
[2020-10-24T06:33:11.757+0000][7][safepoint    ] Safepoint "Cleanup", Time since last: 1000611600 ns, Reaching safepoint: 379500 ns, At safepoint: 20000 ns, Total: 399500 ns
[2020-10-24T06:33:12.759+0000][7][safepoint    ] Safepoint "Cleanup", Time since last: 1000751300 ns, Reaching safepoint: 613100 ns, At safepoint: 37400 ns, Total: 650500 ns
[2020-10-24T06:33:13.760+0000][7][safepoint    ] Safepoint "Cleanup", Time since last: 1001170300 ns, Reaching safepoint: 246100 ns, At safepoint: 9000 ns, Total: 255100 ns
[2020-10-24T06:33:14.761+0000][7][safepoint    ] Safepoint "Cleanup", Time since last: 1000543400 ns, Reaching safepoint: 296200 ns, At safepoint: 9600 ns, Total: 305800 ns
[2020-10-24T06:33:15.762+0000][7][safepoint    ] Safepoint "Cleanup", Time since last: 1000650100 ns, Reaching safepoint: 270100 ns, At safepoint: 8500 ns, Total: 278600 ns
[2020-10-24T06:33:16.763+0000][7][safepoint    ] Safepoint "Cleanup", Time since last: 1000516500 ns, Reaching safepoint: 209700 ns, At safepoint: 11600 ns, Total: 221300 ns
[2020-10-24T06:33:17.143+0000][7][gc,start     ] GC(348) Pause Young (Concurrent Start) (G1 Evacuation Pause)
[2020-10-24T06:33:17.144+0000][7][gc,task      ] GC(348) Using 6 workers of 10 for evacuation
[2020-10-24T06:33:17.144+0000][7][gc,age       ] GC(348) Desired survivor size 3670016 bytes, new threshold 15 (max threshold 15)
[2020-10-24T06:33:17.148+0000][7][gc,age       ] GC(348) Age table with threshold 15 (max threshold 15)
[2020-10-24T06:33:17.148+0000][7][gc,age       ] GC(348) - age   1:     590440 bytes,     590440 total
[2020-10-24T06:33:17.148+0000][7][gc,age       ] GC(348) - age   2:     392808 bytes,     983248 total
[2020-10-24T06:33:17.149+0000][7][gc,age       ] GC(348) - age   3:     110224 bytes,    1093472 total
[2020-10-24T06:33:17.149+0000][7][gc,age       ] GC(348) - age   4:     919384 bytes,    2012856 total
[2020-10-24T06:33:17.149+0000][7][gc,age       ] GC(348) - age   5:     493544 bytes,    2506400 total
[2020-10-24T06:33:17.150+0000][7][gc,phases    ] GC(348)   Pre Evacuate Collection Set: 0.6ms
[2020-10-24T06:33:17.150+0000][7][gc,phases    ] GC(348)   Merge Heap Roots: 0.1ms
[2020-10-24T06:33:17.150+0000][7][gc,phases    ] GC(348)   Evacuate Collection Set: 1.9ms
[2020-10-24T06:33:17.150+0000][7][gc,phases    ] GC(348)   Post Evacuate Collection Set: 0.9ms
[2020-10-24T06:33:17.150+0000][7][gc,phases    ] GC(348)   Other: 2.8ms
[2020-10-24T06:33:17.151+0000][7][gc,heap      ] GC(348) Eden regions: 48->0(49)
[2020-10-24T06:33:17.151+0000][7][gc,heap      ] GC(348) Survivor regions: 3->3(7)
[2020-10-24T06:33:17.151+0000][7][gc,heap      ] GC(348) Old regions: 117->117
[2020-10-24T06:33:17.151+0000][7][gc,heap      ] GC(348) Archive regions: 2->2
[2020-10-24T06:33:17.152+0000][7][gc,heap      ] GC(348) Humongous regions: 15->15
[2020-10-24T06:33:17.152+0000][7][gc,metaspace ] GC(348) Metaspace: 109937K(118564K)->109937K(118564K) NonClass: 96019K(101080K)->96019K(101080K) Class: 13918K(17484K)->13918K(17484K)
[2020-10-24T06:33:17.152+0000][7][gc           ] GC(348) Pause Young (Concurrent Start) (G1 Evacuation Pause) 182M->135M(256M) 8.858ms
[2020-10-24T06:33:17.152+0000][7][gc,cpu       ] GC(348) User=0.01s Sys=0.00s Real=0.01s
[2020-10-24T06:33:17.153+0000][7][safepoint    ] Safepoint "G1CollectForAllocation", Time since last: 380218900 ns, Reaching safepoint: 268400 ns, At safepoint: 9452900 ns, Total: 9721300 ns
[2020-10-24T06:33:17.153+0000][7][gc           ] GC(349) Concurrent Cycle
[2020-10-24T06:33:17.153+0000][7][gc,marking   ] GC(349) Concurrent Clear Claimed Marks
[2020-10-24T06:33:17.154+0000][7][gc,marking   ] GC(349) Concurrent Clear Claimed Marks 0.717ms
[2020-10-24T06:33:17.154+0000][7][gc,marking   ] GC(349) Concurrent Scan Root Regions
[2020-10-24T06:33:17.155+0000][7][gc,marking   ] GC(349) Concurrent Scan Root Regions 1.226ms
[2020-10-24T06:33:17.156+0000][7][gc,marking   ] GC(349) Concurrent Mark (2954.522s)
[2020-10-24T06:33:17.156+0000][7][gc,marking   ] GC(349) Concurrent Mark From Roots
[2020-10-24T06:33:17.156+0000][7][gc,task      ] GC(349) Using 3 workers of 3 for marking
[2020-10-24T06:33:17.211+0000][7][gc,marking   ] GC(349) Concurrent Mark From Roots 54.725ms
[2020-10-24T06:33:17.211+0000][7][gc,marking   ] GC(349) Concurrent Preclean
[2020-10-24T06:33:17.212+0000][7][gc,marking   ] GC(349) Concurrent Preclean 0.771ms
[2020-10-24T06:33:17.212+0000][7][gc,marking   ] GC(349) Concurrent Mark (2954.522s, 2954.579s) 56.493ms
[2020-10-24T06:33:17.213+0000][7][gc,start     ] GC(349) Pause Remark
[2020-10-24T06:33:17.220+0000][7][gc           ] GC(349) Pause Remark 136M->136M(256M) 6.760ms
[2020-10-24T06:33:17.220+0000][7][gc,cpu       ] GC(349) User=0.03s Sys=0.00s Real=0.01s
[2020-10-24T06:33:17.220+0000][7][safepoint    ] Safepoint "G1Concurrent", Time since last: 59964100 ns, Reaching safepoint: 205600 ns, At safepoint: 7527300 ns, Total: 7732900 ns
[2020-10-24T06:33:17.221+0000][7][gc,marking   ] GC(349) Concurrent Rebuild Remembered Sets
[2020-10-24T06:33:17.253+0000][7][gc,marking   ] GC(349) Concurrent Rebuild Remembered Sets 32.468ms
[2020-10-24T06:33:17.254+0000][7][gc,start     ] GC(349) Pause Cleanup
[2020-10-24T06:33:17.254+0000][7][gc           ] GC(349) Pause Cleanup 136M->136M(256M) 0.477ms
[2020-10-24T06:33:17.255+0000][7][gc,cpu       ] GC(349) User=0.00s Sys=0.00s Real=0.00s
[2020-10-24T06:33:17.255+0000][7][safepoint    ] Safepoint "G1Concurrent", Time since last: 33349500 ns, Reaching safepoint: 213000 ns, At safepoint: 996400 ns, Total: 1209400 ns
[2020-10-24T06:33:17.255+0000][7][gc,marking   ] GC(349) Concurrent Cleanup for Next Mark
[2020-10-24T06:33:17.256+0000][7][gc,marking   ] GC(349) Concurrent Cleanup for Next Mark 0.600ms
[2020-10-24T06:33:17.256+0000][7][gc           ] GC(349) Concurrent Cycle 103.413ms
[2020-10-24T06:33:18.256+0000][7][safepoint    ] Safepoint "Cleanup", Time since last: 1000393100 ns, Reaching safepoint: 284200 ns, At safepoint: 8600 ns, Total: 292800 ns
[2020-10-24T06:33:19.256+0000][7][safepoint    ] Safepoint "Cleanup", Time since last: 1000524400 ns, Reaching safepoint: 251600 ns, At safepoint: 8400 ns, Total: 260000 ns
[2020-10-24T06:33:20.258+0000][7][safepoint    ] Safepoint "Cleanup", Time since last: 1000539300 ns, Reaching safepoint: 955900 ns, At safepoint: 44800 ns, Total: 1000700 ns
[2020-10-24T06:33:21.259+0000][7][safepoint    ] Safepoint "Cleanup", Time since last: 1001093600 ns, Reaching safepoint: 209100 ns, At safepoint: 8800 ns, Total: 217900 ns
[2020-10-24T06:33:22.260+0000][7][safepoint    ] Safepoint "Cleanup", Time since last: 1000478600 ns, Reaching safepoint: 805800 ns, At safepoint: 49900 ns, Total: 855700 ns
[2020-10-24T06:33:23.580+0000][7][gc,start     ] GC(350) Pause Young (Normal) (G1 Evacuation Pause)
[2020-10-24T06:33:23.580+0000][7][gc,task      ] GC(350) Using 6 workers of 10 for evacuation
[2020-10-24T06:33:23.581+0000][7][gc,age       ] GC(350) Desired survivor size 3670016 bytes, new threshold 15 (max threshold 15)
[2020-10-24T06:33:23.584+0000][7][gc,age       ] GC(350) Age table with threshold 15 (max threshold 15)
[2020-10-24T06:33:23.585+0000][7][gc,age       ] GC(350) - age   1:    2726440 bytes,    2726440 total
[2020-10-24T06:33:23.585+0000][7][gc,age       ] GC(350) - age   2:     455176 bytes,    3181616 total
[2020-10-24T06:33:23.585+0000][7][gc,age       ] GC(350) - age   3:     381384 bytes,    3563000 total
[2020-10-24T06:33:23.586+0000][7][gc,age       ] GC(350) - age   4:     102888 bytes,    3665888 total
[2020-10-24T06:33:23.586+0000][7][gc,age       ] GC(350) - age   5:     907448 bytes,    4573336 total
[2020-10-24T06:33:23.586+0000][7][gc,age       ] GC(350) - age   6:     493544 bytes,    5066880 total
[2020-10-24T06:33:23.586+0000][7][gc,phases    ] GC(350)   Pre Evacuate Collection Set: 0.2ms
[2020-10-24T06:33:23.587+0000][7][gc,phases    ] GC(350)   Merge Heap Roots: 0.1ms
[2020-10-24T06:33:23.587+0000][7][gc,phases    ] GC(350)   Evacuate Collection Set: 1.9ms
[2020-10-24T06:33:23.587+0000][7][gc,phases    ] GC(350)   Post Evacuate Collection Set: 1.1ms
[2020-10-24T06:33:23.587+0000][7][gc,phases    ] GC(350)   Other: 3.1ms
[2020-10-24T06:33:23.587+0000][7][gc,heap      ] GC(350) Eden regions: 49->0(45)
[2020-10-24T06:33:23.588+0000][7][gc,heap      ] GC(350) Survivor regions: 3->6(7)
[2020-10-24T06:33:23.588+0000][7][gc,heap      ] GC(350) Old regions: 117->117
[2020-10-24T06:33:23.588+0000][7][gc,heap      ] GC(350) Archive regions: 2->2
[2020-10-24T06:33:23.588+0000][7][gc,heap      ] GC(350) Humongous regions: 15->15
[2020-10-24T06:33:23.589+0000][7][gc,metaspace ] GC(350) Metaspace: 109941K(118564K)->109941K(118564K) NonClass: 96022K(101080K)->96022K(101080K) Class: 13918K(17484K)->13918K(17484K)
[2020-10-24T06:33:23.589+0000][7][gc           ] GC(350) Pause Young (Normal) (G1 Evacuation Pause) 184M->137M(256M) 8.739ms
[2020-10-24T06:33:23.589+0000][7][gc,cpu       ] GC(350) User=0.02s Sys=0.00s Real=0.01s
[2020-10-24T06:33:23.589+0000][7][safepoint    ] Safepoint "G1CollectForAllocation", Time since last: 1319138900 ns, Reaching safepoint: 295200 ns, At safepoint: 9265500 ns, Total: 9560700 ns
[2020-10-24T06:33:23.611+0000][7][safepoint    ] Safepoint "BulkRevokeBias", Time since last: 19925400 ns, Reaching safepoint: 281200 ns, At safepoint: 1417900 ns, Total: 1699100 ns
[2020-10-24T06:33:24.611+0000][7][safepoint    ] Safepoint "BulkRevokeBias", Time since last: 999407900 ns, Reaching safepoint: 285500 ns, At safepoint: 991000 ns, Total: 1276500 ns
[2020-10-24T06:33:25.613+0000][7][safepoint    ] Safepoint "Cleanup", Time since last: 1000830400 ns, Reaching safepoint: 766600 ns, At safepoint: 45300 ns, Total: 811900 ns
[2020-10-24T06:33:26.153+0000][7][safepoint    ] Safepoint "BulkRevokeBias", Time since last: 538838500 ns, Reaching safepoint: 221800 ns, At safepoint: 660900 ns, Total: 882700 ns
[2020-10-24T06:33:27.154+0000][7][safepoint    ] Safepoint "Cleanup", Time since last: 1000569400 ns, Reaching safepoint: 606100 ns, At safepoint: 30200 ns, Total: 636300 ns
[2020-10-24T06:33:28.156+0000][7][safepoint    ] Safepoint "Cleanup", Time since last: 1000982100 ns, Reaching safepoint: 746300 ns, At safepoint: 39400 ns, Total: 785700 ns
[2020-10-24T06:33:29.158+0000][7][safepoint    ] Safepoint "Cleanup", Time since last: 1001225500 ns, Reaching safepoint: 1267000 ns, At safepoint: 125000 ns, Total: 1392000 ns
[2020-10-24T06:33:30.161+0000][7][safepoint    ] Safepoint "Cleanup", Time since last: 1001442200 ns, Reaching safepoint: 775700 ns, At safepoint: 46000 ns, Total: 821700 ns
[2020-10-24T06:33:31.162+0000][7][safepoint    ] Safepoint "Cleanup", Time since last: 1001349600 ns, Reaching safepoint: 353300 ns, At safepoint: 18900 ns, Total: 372200 ns
[2020-10-24T06:33:32.163+0000][7][safepoint    ] Safepoint "Cleanup", Time since last: 1000705900 ns, Reaching safepoint: 234100 ns, At safepoint: 8800 ns, Total: 242900 ns
[2020-10-24T06:33:33.165+0000][7][safepoint    ] Safepoint "Cleanup", Time since last: 1000557000 ns, Reaching safepoint: 819700 ns, At safepoint: 45700 ns, Total: 865400 ns
[2020-10-24T06:33:33.991+0000][7][gc,start     ] GC(351) Pause Young (Concurrent Start) (G1 Evacuation Pause)
[2020-10-24T06:33:33.991+0000][7][gc,task      ] GC(351) Using 6 workers of 10 for evacuation
[2020-10-24T06:33:33.992+0000][7][gc,age       ] GC(351) Desired survivor size 3670016 bytes, new threshold 5 (max threshold 15)
[2020-10-24T06:33:33.995+0000][7][gc,age       ] GC(351) Age table with threshold 5 (max threshold 15)
[2020-10-24T06:33:33.996+0000][7][gc,age       ] GC(351) - age   1:     193696 bytes,     193696 total
[2020-10-24T06:33:33.996+0000][7][gc,age       ] GC(351) - age   2:     272352 bytes,     466048 total
[2020-10-24T06:33:33.996+0000][7][gc,age       ] GC(351) - age   3:     453680 bytes,     919728 total
[2020-10-24T06:33:33.997+0000][7][gc,age       ] GC(351) - age   4:     159520 bytes,    1079248 total
[2020-10-24T06:33:33.997+0000][7][gc,age       ] GC(351) - age   5:      96232 bytes,    1175480 total
[2020-10-24T06:33:33.997+0000][7][gc,phases    ] GC(351)   Pre Evacuate Collection Set: 0.6ms
[2020-10-24T06:33:33.997+0000][7][gc,phases    ] GC(351)   Merge Heap Roots: 0.1ms
[2020-10-24T06:33:33.997+0000][7][gc,phases    ] GC(351)   Evacuate Collection Set: 1.7ms
[2020-10-24T06:33:33.998+0000][7][gc,phases    ] GC(351)   Post Evacuate Collection Set: 0.9ms
[2020-10-24T06:33:33.998+0000][7][gc,phases    ] GC(351)   Other: 3.1ms
[2020-10-24T06:33:33.998+0000][7][gc,heap      ] GC(351) Eden regions: 45->0(48)
[2020-10-24T06:33:33.998+0000][7][gc,heap      ] GC(351) Survivor regions: 6->2(7)
[2020-10-24T06:33:33.999+0000][7][gc,heap      ] GC(351) Old regions: 117->119
[2020-10-24T06:33:33.999+0000][7][gc,heap      ] GC(351) Archive regions: 2->2
[2020-10-24T06:33:33.999+0000][7][gc,heap      ] GC(351) Humongous regions: 15->15
[2020-10-24T06:33:33.999+0000][7][gc,metaspace ] GC(351) Metaspace: 109945K(118564K)->109945K(118564K) NonClass: 96027K(101080K)->96027K(101080K) Class: 13918K(17484K)->13918K(17484K)
[2020-10-24T06:33:33.999+0000][7][gc           ] GC(351) Pause Young (Concurrent Start) (G1 Evacuation Pause) 182M->135M(256M) 8.483ms
[2020-10-24T06:33:33.999+0000][7][gc,cpu       ] GC(351) User=0.02s Sys=0.00s Real=0.01s
[2020-10-24T06:33:34.000+0000][7][gc           ] GC(352) Concurrent Cycle
[2020-10-24T06:33:34.000+0000][7][gc,marking   ] GC(352) Concurrent Clear Claimed Marks
[2020-10-24T06:33:34.000+0000][7][safepoint    ] Safepoint "G1CollectForAllocation", Time since last: 825646900 ns, Reaching safepoint: 223200 ns, At safepoint: 9027800 ns, Total: 9251000 ns
[2020-10-24T06:33:34.001+0000][7][gc,marking   ] GC(352) Concurrent Clear Claimed Marks 0.725ms
[2020-10-24T06:33:34.001+0000][7][gc,marking   ] GC(352) Concurrent Scan Root Regions
[2020-10-24T06:33:34.002+0000][7][gc,marking   ] GC(352) Concurrent Scan Root Regions 1.081ms
[2020-10-24T06:33:34.002+0000][7][gc,marking   ] GC(352) Concurrent Mark (2971.368s)
[2020-10-24T06:33:34.002+0000][7][gc,marking   ] GC(352) Concurrent Mark From Roots
[2020-10-24T06:33:34.002+0000][7][gc,task      ] GC(352) Using 3 workers of 3 for marking
[2020-10-24T06:33:34.049+0000][7][gc,marking   ] GC(352) Concurrent Mark From Roots 47.247ms
[2020-10-24T06:33:34.050+0000][7][gc,marking   ] GC(352) Concurrent Preclean
[2020-10-24T06:33:34.051+0000][7][gc,marking   ] GC(352) Concurrent Preclean 0.758ms
[2020-10-24T06:33:34.051+0000][7][gc,marking   ] GC(352) Concurrent Mark (2971.368s, 2971.417s) 48.797ms
[2020-10-24T06:33:34.051+0000][7][gc,start     ] GC(352) Pause Remark
[2020-10-24T06:33:34.059+0000][7][gc           ] GC(352) Pause Remark 135M->135M(256M) 7.370ms
[2020-10-24T06:33:34.059+0000][7][gc,cpu       ] GC(352) User=0.04s Sys=0.00s Real=0.01s
[2020-10-24T06:33:34.060+0000][7][safepoint    ] Safepoint "G1Concurrent", Time since last: 51483900 ns, Reaching safepoint: 235100 ns, At safepoint: 8133000 ns, Total: 8368100 ns
[2020-10-24T06:33:34.060+0000][7][gc,marking   ] GC(352) Concurrent Rebuild Remembered Sets
[2020-10-24T06:33:34.095+0000][7][gc,marking   ] GC(352) Concurrent Rebuild Remembered Sets 34.617ms
[2020-10-24T06:33:34.095+0000][7][gc,start     ] GC(352) Pause Cleanup
[2020-10-24T06:33:34.096+0000][7][gc           ] GC(352) Pause Cleanup 135M->135M(256M) 0.512ms
[2020-10-24T06:33:34.096+0000][7][gc,cpu       ] GC(352) User=0.00s Sys=0.00s Real=0.00s
[2020-10-24T06:33:34.096+0000][7][safepoint    ] Safepoint "G1Concurrent", Time since last: 35460000 ns, Reaching safepoint: 191900 ns, At safepoint: 1145200 ns, Total: 1337100 ns
[2020-10-24T06:33:34.097+0000][7][gc,marking   ] GC(352) Concurrent Cleanup for Next Mark
[2020-10-24T06:33:34.097+0000][7][gc,marking   ] GC(352) Concurrent Cleanup for Next Mark 0.583ms
[2020-10-24T06:33:34.098+0000][7][gc           ] GC(352) Concurrent Cycle 97.860ms
[2020-10-24T06:33:35.097+0000][7][safepoint    ] Safepoint "Cleanup", Time since last: 1000438700 ns, Reaching safepoint: 218300 ns, At safepoint: 22900 ns, Total: 241200 ns
[2020-10-24T06:33:36.152+0000][7][safepoint    ] Safepoint "Cleanup", Time since last: 1054943800 ns, Reaching safepoint: 272600 ns, At safepoint: 9100 ns, Total: 281700 ns
[2020-10-24T06:33:37.154+0000][7][safepoint    ] Safepoint "Cleanup", Time since last: 1000566000 ns, Reaching safepoint: 927900 ns, At safepoint: 47800 ns, Total: 975700 ns
[2020-10-24T06:33:38.155+0000][7][safepoint    ] Safepoint "Cleanup", Time since last: 1001171500 ns, Reaching safepoint: 248400 ns, At safepoint: 9000 ns, Total: 257400 ns
[2020-10-24T06:33:39.156+0000][7][safepoint    ] Safepoint "Cleanup", Time since last: 1000611300 ns, Reaching safepoint: 229800 ns, At safepoint: 9000 ns, Total: 238800 ns
[2020-10-24T06:33:40.158+0000][7][safepoint    ] Safepoint "Cleanup", Time since last: 1000603500 ns, Reaching safepoint: 867200 ns, At safepoint: 46100 ns, Total: 913300 ns
[2020-10-24T06:33:41.159+0000][7][safepoint    ] Safepoint "Cleanup", Time since last: 1001155200 ns, Reaching safepoint: 568500 ns, At safepoint: 127800 ns, Total: 696300 ns
[2020-10-24T06:33:42.161+0000][7][safepoint    ] Safepoint "Cleanup", Time since last: 1000913400 ns, Reaching safepoint: 509400 ns, At safepoint: 27500 ns, Total: 536900 ns
[2020-10-24T06:33:43.163+0000][7][safepoint    ] Safepoint "Cleanup", Time since last: 1000944700 ns, Reaching safepoint: 832300 ns, At safepoint: 46800 ns, Total: 879100 ns
[2020-10-24T06:33:44.165+0000][7][safepoint    ] Safepoint "Cleanup", Time since last: 1001367500 ns, Reaching safepoint: 669400 ns, At safepoint: 51900 ns, Total: 721300 ns
[2020-10-24T06:33:45.179+0000][7][safepoint    ] Safepoint "Cleanup", Time since last: 1013024000 ns, Reaching safepoint: 841700 ns, At safepoint: 46700 ns, Total: 888400 ns
[2020-10-24T06:33:46.181+0000][7][safepoint    ] Safepoint "Cleanup", Time since last: 1001393300 ns, Reaching safepoint: 645700 ns, At safepoint: 38700 ns, Total: 684400 ns
[2020-10-24T06:33:47.182+0000][7][safepoint    ] Safepoint "Cleanup", Time since last: 1001134300 ns, Reaching safepoint: 283700 ns, At safepoint: 9000 ns, Total: 292700 ns
[2020-10-24T06:33:48.183+0000][7][safepoint    ] Safepoint "Cleanup", Time since last: 1000508900 ns, Reaching safepoint: 271600 ns, At safepoint: 8700 ns, Total: 280300 ns
[2020-10-24T06:33:49.184+0000][7][safepoint    ] Safepoint "Cleanup", Time since last: 1000490900 ns, Reaching safepoint: 299300 ns, At safepoint: 8700 ns, Total: 308000 ns
[2020-10-24T06:33:50.185+0000][7][safepoint    ] Safepoint "Cleanup", Time since last: 1000657200 ns, Reaching safepoint: 770700 ns, At safepoint: 46900 ns, Total: 817600 ns
[2020-10-24T06:33:51.187+0000][7][safepoint    ] Safepoint "Cleanup", Time since last: 1001210800 ns, Reaching safepoint: 269400 ns, At safepoint: 9700 ns, Total: 279100 ns
[2020-10-24T06:33:52.188+0000][7][safepoint    ] Safepoint "Cleanup", Time since last: 1000646700 ns, Reaching safepoint: 790800 ns, At safepoint: 45300 ns, Total: 836100 ns
[2020-10-24T06:33:53.190+0000][7][safepoint    ] Safepoint "Cleanup", Time since last: 1001300400 ns, Reaching safepoint: 249000 ns, At safepoint: 10500 ns, Total: 259500 ns
[2020-10-24T06:33:54.191+0000][7][safepoint    ] Safepoint "Cleanup", Time since last: 1000584200 ns, Reaching safepoint: 609100 ns, At safepoint: 38200 ns, Total: 647300 ns
[2020-10-24T06:33:55.192+0000][7][safepoint    ] Safepoint "Cleanup", Time since last: 1001098800 ns, Reaching safepoint: 221300 ns, At safepoint: 8800 ns, Total: 230100 ns
[2020-10-24T06:33:56.193+0000][7][safepoint    ] Safepoint "Cleanup", Time since last: 1000474200 ns, Reaching safepoint: 328800 ns, At safepoint: 14000 ns, Total: 342800 ns
[2020-10-24T06:33:57.195+0000][7][safepoint    ] Safepoint "Cleanup", Time since last: 1000671400 ns, Reaching safepoint: 783700 ns, At safepoint: 44800 ns, Total: 828500 ns
[2020-10-24T06:33:58.197+0000][7][safepoint    ] Safepoint "Cleanup", Time since last: 1001392400 ns, Reaching safepoint: 821900 ns, At safepoint: 38100 ns, Total: 860000 ns
[2020-10-24T06:33:59.199+0000][7][safepoint    ] Safepoint "Cleanup", Time since last: 1001138800 ns, Reaching safepoint: 842700 ns, At safepoint: 49200 ns, Total: 891900 ns
[2020-10-24T06:34:00.200+0000][7][safepoint    ] Safepoint "Cleanup", Time since last: 1001134500 ns, Reaching safepoint: 325100 ns, At safepoint: 10700 ns, Total: 335800 ns
[2020-10-24T06:34:01.202+0000][7][safepoint    ] Safepoint "Cleanup", Time since last: 1000619100 ns, Reaching safepoint: 502200 ns, At safepoint: 28700 ns, Total: 530900 ns
[2020-10-24T06:34:02.203+0000][7][safepoint    ] Safepoint "Cleanup", Time since last: 1000897700 ns, Reaching safepoint: 261600 ns, At safepoint: 8600 ns, Total: 270200 ns
[2020-10-24T06:34:03.204+0000][7][safepoint    ] Safepoint "Cleanup", Time since last: 1000495200 ns, Reaching safepoint: 241000 ns, At safepoint: 8900 ns, Total: 249900 ns
[2020-10-24T06:34:04.204+0000][7][safepoint    ] Safepoint "Cleanup", Time since last: 1000591600 ns, Reaching safepoint: 276600 ns, At safepoint: 8600 ns, Total: 285200 ns
[2020-10-24T06:34:05.206+0000][7][safepoint    ] Safepoint "Cleanup", Time since last: 1000566300 ns, Reaching safepoint: 629700 ns, At safepoint: 34500 ns, Total: 664200 ns
[2020-10-24T06:34:06.207+0000][7][safepoint    ] Safepoint "Cleanup", Time since last: 1001013300 ns, Reaching safepoint: 272800 ns, At safepoint: 9200 ns, Total: 282000 ns
[2020-10-24T06:34:07.208+0000][7][safepoint    ] Safepoint "Cleanup", Time since last: 1000608400 ns, Reaching safepoint: 884300 ns, At safepoint: 45500 ns, Total: 929800 ns
[2020-10-24T06:34:08.189+0000][7][gc,start     ] GC(353) Pause Young (Normal) (G1 Evacuation Pause)
[2020-10-24T06:34:08.190+0000][7][gc,task      ] GC(353) Using 6 workers of 10 for evacuation
[2020-10-24T06:34:08.190+0000][7][gc,age       ] GC(353) Desired survivor size 3670016 bytes, new threshold 15 (max threshold 15)
[2020-10-24T06:34:08.193+0000][7][gc,age       ] GC(353) Age table with threshold 15 (max threshold 15)
[2020-10-24T06:34:08.193+0000][7][gc,age       ] GC(353) - age   1:     683248 bytes,     683248 total
[2020-10-24T06:34:08.193+0000][7][gc,age       ] GC(353) - age   2:     165600 bytes,     848848 total
[2020-10-24T06:34:08.193+0000][7][gc,age       ] GC(353) - age   3:     244032 bytes,    1092880 total
[2020-10-24T06:34:08.194+0000][7][gc,age       ] GC(353) - age   4:     420048 bytes,    1512928 total
[2020-10-24T06:34:08.194+0000][7][gc,age       ] GC(353) - age   5:     157504 bytes,    1670432 total
[2020-10-24T06:34:08.194+0000][7][gc,age       ] GC(353) - age   6:      96232 bytes,    1766664 total
[2020-10-24T06:34:08.194+0000][7][gc,phases    ] GC(353)   Pre Evacuate Collection Set: 0.1ms
[2020-10-24T06:34:08.194+0000][7][gc,phases    ] GC(353)   Merge Heap Roots: 0.1ms
[2020-10-24T06:34:08.195+0000][7][gc,phases    ] GC(353)   Evacuate Collection Set: 1.4ms
[2020-10-24T06:34:08.195+0000][7][gc,phases    ] GC(353)   Post Evacuate Collection Set: 0.7ms
[2020-10-24T06:34:08.195+0000][7][gc,phases    ] GC(353)   Other: 2.5ms
[2020-10-24T06:34:08.195+0000][7][gc,heap      ] GC(353) Eden regions: 48->0(49)
[2020-10-24T06:34:08.195+0000][7][gc,heap      ] GC(353) Survivor regions: 2->2(7)
[2020-10-24T06:34:08.195+0000][7][gc,heap      ] GC(353) Old regions: 119->119
[2020-10-24T06:34:08.196+0000][7][gc,heap      ] GC(353) Archive regions: 2->2
[2020-10-24T06:34:08.196+0000][7][gc,heap      ] GC(353) Humongous regions: 15->15
[2020-10-24T06:34:08.196+0000][7][gc,metaspace ] GC(353) Metaspace: 109946K(118564K)->109946K(118564K) NonClass: 96028K(101080K)->96028K(101080K) Class: 13918K(17484K)->13918K(17484K)
[2020-10-24T06:34:08.196+0000][7][gc           ] GC(353) Pause Young (Normal) (G1 Evacuation Pause) 183M->136M(256M) 6.721ms
[2020-10-24T06:34:08.196+0000][7][gc,cpu       ] GC(353) User=0.01s Sys=0.00s Real=0.00s
[2020-10-24T06:34:08.196+0000][7][safepoint    ] Safepoint "G1CollectForAllocation", Time since last: 980564900 ns, Reaching safepoint: 234900 ns, At safepoint: 7052300 ns, Total: 7287200 ns
[2020-10-24T06:34:09.827+0000][7][safepoint    ] Safepoint "Cleanup", Time since last: 1630388300 ns, Reaching safepoint: 261300 ns, At safepoint: 8400 ns, Total: 269700 ns
[2020-10-24T06:34:10.828+0000][7][safepoint    ] Safepoint "Cleanup", Time since last: 1000714100 ns, Reaching safepoint: 666600 ns, At safepoint: 97300 ns, Total: 763900 ns
[2020-10-24T06:34:11.830+0000][7][safepoint    ] Safepoint "Cleanup", Time since last: 1001030800 ns, Reaching safepoint: 747200 ns, At safepoint: 48000 ns, Total: 795200 ns
[2020-10-24T06:34:12.832+0000][7][safepoint    ] Safepoint "Cleanup", Time since last: 1001302500 ns, Reaching safepoint: 263700 ns, At safepoint: 13400 ns, Total: 277100 ns
[2020-10-24T06:34:13.833+0000][7][safepoint    ] Safepoint "Cleanup", Time since last: 1000611400 ns, Reaching safepoint: 763500 ns, At safepoint: 45500 ns, Total: 809000 ns
[2020-10-24T06:34:14.835+0000][7][safepoint    ] Safepoint "Cleanup", Time since last: 1001286400 ns, Reaching safepoint: 265900 ns, At safepoint: 9000 ns, Total: 274900 ns
[2020-10-24T06:34:15.836+0000][7][safepoint    ] Safepoint "Cleanup", Time since last: 1000462000 ns, Reaching safepoint: 297600 ns, At safepoint: 10200 ns, Total: 307800 ns
[2020-10-24T06:34:16.836+0000][7][safepoint    ] Safepoint "Cleanup", Time since last: 1000418700 ns, Reaching safepoint: 253300 ns, At safepoint: 9100 ns, Total: 262400 ns
[2020-10-24T06:34:17.838+0000][7][safepoint    ] Safepoint "Cleanup", Time since last: 1000612700 ns, Reaching safepoint: 666800 ns, At safepoint: 36900 ns, Total: 703700 ns
[2020-10-24T06:34:18.840+0000][7][safepoint    ] Safepoint "Cleanup", Time since last: 1001258600 ns, Reaching safepoint: 611900 ns, At safepoint: 37600 ns, Total: 649500 ns
[2020-10-24T06:34:19.841+0000][7][safepoint    ] Safepoint "Cleanup", Time since last: 1001192000 ns, Reaching safepoint: 340100 ns, At safepoint: 18000 ns, Total: 358100 ns
[2020-10-24T06:34:20.843+0000][7][safepoint    ] Safepoint "Cleanup", Time since last: 1000791900 ns, Reaching safepoint: 827400 ns, At safepoint: 44500 ns, Total: 871900 ns
[2020-10-24T06:34:21.844+0000][7][safepoint    ] Safepoint "Cleanup", Time since last: 1001249600 ns, Reaching safepoint: 440600 ns, At safepoint: 23400 ns, Total: 464000 ns
[2020-10-24T06:34:22.772+0000][7][gc,start     ] GC(354) Pause Young (Concurrent Start) (G1 Evacuation Pause)
[2020-10-24T06:34:22.772+0000][7][gc,task      ] GC(354) Using 6 workers of 10 for evacuation
[2020-10-24T06:34:22.773+0000][7][gc,age       ] GC(354) Desired survivor size 3670016 bytes, new threshold 15 (max threshold 15)
[2020-10-24T06:34:22.777+0000][7][gc,age       ] GC(354) Age table with threshold 15 (max threshold 15)
[2020-10-24T06:34:22.777+0000][7][gc,age       ] GC(354) - age   1:    6163616 bytes,    6163616 total
[2020-10-24T06:34:22.777+0000][7][gc,age       ] GC(354) - age   2:      94824 bytes,    6258440 total
[2020-10-24T06:34:22.778+0000][7][gc,age       ] GC(354) - age   3:     164968 bytes,    6423408 total
[2020-10-24T06:34:22.778+0000][7][gc,age       ] GC(354) - age   4:     230840 bytes,    6654248 total
[2020-10-24T06:34:22.778+0000][7][gc,age       ] GC(354) - age   5:     314888 bytes,    6969136 total
[2020-10-24T06:34:22.779+0000][7][gc,age       ] GC(354) - age   6:     141360 bytes,    7110496 total
[2020-10-24T06:34:22.779+0000][7][gc,age       ] GC(354) - age   7:      96232 bytes,    7206728 total
[2020-10-24T06:34:22.779+0000][7][gc,phases    ] GC(354)   Pre Evacuate Collection Set: 0.6ms
[2020-10-24T06:34:22.779+0000][7][gc,phases    ] GC(354)   Merge Heap Roots: 0.2ms
[2020-10-24T06:34:22.779+0000][7][gc,phases    ] GC(354)   Evacuate Collection Set: 2.3ms
[2020-10-24T06:34:22.779+0000][7][gc,phases    ] GC(354)   Post Evacuate Collection Set: 0.9ms
[2020-10-24T06:34:22.780+0000][7][gc,phases    ] GC(354)   Other: 3.2ms
[2020-10-24T06:34:22.780+0000][7][gc,heap      ] GC(354) Eden regions: 49->0(40)
[2020-10-24T06:34:22.780+0000][7][gc,heap      ] GC(354) Survivor regions: 2->7(7)
[2020-10-24T06:34:22.780+0000][7][gc,heap      ] GC(354) Old regions: 119->119
[2020-10-24T06:34:22.780+0000][7][gc,heap      ] GC(354) Archive regions: 2->2
[2020-10-24T06:34:22.780+0000][7][gc,heap      ] GC(354) Humongous regions: 15->15
[2020-10-24T06:34:22.781+0000][7][gc,metaspace ] GC(354) Metaspace: 109952K(118564K)->109952K(118564K) NonClass: 96033K(101080K)->96033K(101080K) Class: 13918K(17484K)->13918K(17484K)
[2020-10-24T06:34:22.781+0000][7][gc           ] GC(354) Pause Young (Concurrent Start) (G1 Evacuation Pause) 185M->141M(256M) 8.892ms
[2020-10-24T06:34:22.781+0000][7][gc,cpu       ] GC(354) User=0.02s Sys=0.01s Real=0.01s
[2020-10-24T06:34:22.781+0000][7][gc           ] GC(355) Concurrent Cycle
[2020-10-24T06:34:22.781+0000][7][safepoint    ] Safepoint "G1CollectForAllocation", Time since last: 927133700 ns, Reaching safepoint: 235900 ns, At safepoint: 9334800 ns, Total: 9570700 ns
[2020-10-24T06:34:22.781+0000][7][gc,marking   ] GC(355) Concurrent Clear Claimed Marks
[2020-10-24T06:34:22.782+0000][7][gc,marking   ] GC(355) Concurrent Clear Claimed Marks 1.018ms
[2020-10-24T06:34:22.783+0000][7][gc,marking   ] GC(355) Concurrent Scan Root Regions
[2020-10-24T06:34:22.783+0000][7][gc,marking   ] GC(355) Concurrent Scan Root Regions 0.984ms
[2020-10-24T06:34:22.784+0000][7][gc,marking   ] GC(355) Concurrent Mark (3020.150s)
[2020-10-24T06:34:22.784+0000][7][gc,marking   ] GC(355) Concurrent Mark From Roots
[2020-10-24T06:34:22.784+0000][7][gc,task      ] GC(355) Using 3 workers of 3 for marking
[2020-10-24T06:34:22.837+0000][7][gc,marking   ] GC(355) Concurrent Mark From Roots 52.950ms
[2020-10-24T06:34:22.837+0000][7][gc,marking   ] GC(355) Concurrent Preclean
[2020-10-24T06:34:22.838+0000][7][gc,marking   ] GC(355) Concurrent Preclean 0.708ms
[2020-10-24T06:34:22.838+0000][7][gc,marking   ] GC(355) Concurrent Mark (3020.150s, 3020.205s) 54.517ms
[2020-10-24T06:34:22.839+0000][7][gc,start     ] GC(355) Pause Remark
[2020-10-24T06:34:22.846+0000][7][gc           ] GC(355) Pause Remark 143M->143M(256M) 6.913ms
[2020-10-24T06:34:22.846+0000][7][gc,cpu       ] GC(355) User=0.03s Sys=0.00s Real=0.00s
[2020-10-24T06:34:22.847+0000][7][safepoint    ] Safepoint "G1Concurrent", Time since last: 57410100 ns, Reaching safepoint: 320700 ns, At safepoint: 7678900 ns, Total: 7999600 ns
[2020-10-24T06:34:22.847+0000][7][gc,marking   ] GC(355) Concurrent Rebuild Remembered Sets
[2020-10-24T06:34:22.880+0000][7][gc,marking   ] GC(355) Concurrent Rebuild Remembered Sets 32.778ms
[2020-10-24T06:34:22.880+0000][7][gc,start     ] GC(355) Pause Cleanup
[2020-10-24T06:34:22.881+0000][7][gc           ] GC(355) Pause Cleanup 143M->143M(256M) 0.516ms
[2020-10-24T06:34:22.881+0000][7][gc,cpu       ] GC(355) User=0.00s Sys=0.00s Real=0.00s
[2020-10-24T06:34:22.881+0000][7][safepoint    ] Safepoint "G1Concurrent", Time since last: 33456900 ns, Reaching safepoint: 177400 ns, At safepoint: 1112200 ns, Total: 1289600 ns
[2020-10-24T06:34:22.882+0000][7][gc,marking   ] GC(355) Concurrent Cleanup for Next Mark
[2020-10-24T06:34:22.882+0000][7][gc,marking   ] GC(355) Concurrent Cleanup for Next Mark 0.541ms
[2020-10-24T06:34:22.882+0000][7][gc           ] GC(355) Concurrent Cycle 101.236ms
[2020-10-24T06:34:23.681+0000][7][gc,start     ] GC(356) Pause Young (Normal) (G1 Evacuation Pause)
[2020-10-24T06:34:23.681+0000][7][gc,task      ] GC(356) Using 6 workers of 10 for evacuation
[2020-10-24T06:34:23.682+0000][7][gc,age       ] GC(356) Desired survivor size 3145728 bytes, new threshold 1 (max threshold 15)
[2020-10-24T06:34:23.685+0000][7][gc,age       ] GC(356) Age table with threshold 1 (max threshold 15)
[2020-10-24T06:34:23.685+0000][7][gc,age       ] GC(356) - age   1:     240408 bytes,     240408 total
[2020-10-24T06:34:23.685+0000][7][gc,phases    ] GC(356)   Pre Evacuate Collection Set: 0.1ms
[2020-10-24T06:34:23.685+0000][7][gc,phases    ] GC(356)   Merge Heap Roots: 0.1ms
[2020-10-24T06:34:23.686+0000][7][gc,phases    ] GC(356)   Evacuate Collection Set: 1.7ms
[2020-10-24T06:34:23.686+0000][7][gc,phases    ] GC(356)   Post Evacuate Collection Set: 0.8ms
[2020-10-24T06:34:23.686+0000][7][gc,phases    ] GC(356)   Other: 1.7ms
[2020-10-24T06:34:23.686+0000][7][gc,heap      ] GC(356) Eden regions: 40->0(44)
[2020-10-24T06:34:23.686+0000][7][gc,heap      ] GC(356) Survivor regions: 7->1(6)
[2020-10-24T06:34:23.687+0000][7][gc,heap      ] GC(356) Old regions: 119->122
[2020-10-24T06:34:23.687+0000][7][gc,heap      ] GC(356) Archive regions: 2->2
[2020-10-24T06:34:23.687+0000][7][gc,heap      ] GC(356) Humongous regions: 15->15
[2020-10-24T06:34:23.687+0000][7][gc,metaspace ] GC(356) Metaspace: 109952K(118564K)->109952K(118564K) NonClass: 96033K(101080K)->96033K(101080K) Class: 13918K(17484K)->13918K(17484K)
[2020-10-24T06:34:23.687+0000][7][gc           ] GC(356) Pause Young (Normal) (G1 Evacuation Pause) 181M->137M(256M) 6.149ms
[2020-10-24T06:34:23.687+0000][7][gc,cpu       ] GC(356) User=0.02s Sys=0.00s Real=0.00s
[2020-10-24T06:34:23.687+0000][7][safepoint    ] Safepoint "G1CollectForAllocation", Time since last: 799318000 ns, Reaching safepoint: 218600 ns, At safepoint: 6429500 ns, Total: 6648100 ns
[2020-10-24T06:34:24.700+0000][7][safepoint    ] Safepoint "Cleanup", Time since last: 1012278900 ns, Reaching safepoint: 739500 ns, At safepoint: 146000 ns, Total: 885500 ns
[2020-10-24T06:34:25.707+0000][7][safepoint    ] Safepoint "Cleanup", Time since last: 1006112300 ns, Reaching safepoint: 218600 ns, At safepoint: 11000 ns, Total: 229600 ns
[2020-10-24T06:34:27.166+0000][7][safepoint    ] Safepoint "Cleanup", Time since last: 1458753900 ns, Reaching safepoint: 807500 ns, At safepoint: 44300 ns, Total: 851800 ns
[2020-10-24T06:34:28.168+0000][7][safepoint    ] Safepoint "Cleanup", Time since last: 1001174600 ns, Reaching safepoint: 529900 ns, At safepoint: 28100 ns, Total: 558000 ns
[2020-10-24T06:34:29.170+0000][7][safepoint    ] Safepoint "Cleanup", Time since last: 1001114800 ns, Reaching safepoint: 1014300 ns, At safepoint: 123600 ns, Total: 1137900 ns
[2020-10-24T06:34:30.172+0000][7][safepoint    ] Safepoint "Cleanup", Time since last: 1001171400 ns, Reaching safepoint: 302700 ns, At safepoint: 16400 ns, Total: 319100 ns
[2020-10-24T06:34:31.173+0000][7][safepoint    ] Safepoint "Cleanup", Time since last: 1000660700 ns, Reaching safepoint: 659300 ns, At safepoint: 37200 ns, Total: 696500 ns
[2020-10-24T06:34:32.175+0000][7][safepoint    ] Safepoint "Cleanup", Time since last: 1001333700 ns, Reaching safepoint: 671000 ns, At safepoint: 35700 ns, Total: 706700 ns
[2020-10-24T06:34:33.177+0000][7][safepoint    ] Safepoint "Cleanup", Time since last: 1001132700 ns, Reaching safepoint: 375300 ns, At safepoint: 27500 ns, Total: 402800 ns
[2020-10-24T06:34:34.178+0000][7][safepoint    ] Safepoint "Cleanup", Time since last: 1000697300 ns, Reaching safepoint: 252700 ns, At safepoint: 9200 ns, Total: 261900 ns
[2020-10-24T06:34:35.179+0000][7][safepoint    ] Safepoint "Cleanup", Time since last: 1000677400 ns, Reaching safepoint: 790600 ns, At safepoint: 46600 ns, Total: 837200 ns
[2020-10-24T06:34:36.181+0000][7][safepoint    ] Safepoint "Cleanup", Time since last: 1001181300 ns, Reaching safepoint: 265800 ns, At safepoint: 9300 ns, Total: 275100 ns
[2020-10-24T06:34:37.182+0000][7][safepoint    ] Safepoint "Cleanup", Time since last: 1000655200 ns, Reaching safepoint: 787600 ns, At safepoint: 44400 ns, Total: 832000 ns
[2020-10-24T06:34:38.184+0000][7][safepoint    ] Safepoint "Cleanup", Time since last: 1001276900 ns, Reaching safepoint: 517000 ns, At safepoint: 27800 ns, Total: 544800 ns
[2020-10-24T06:34:39.186+0000][7][safepoint    ] Safepoint "Cleanup", Time since last: 1000895200 ns, Reaching safepoint: 773900 ns, At safepoint: 45900 ns, Total: 819800 ns
[2020-10-24T06:34:40.187+0000][7][safepoint    ] Safepoint "Cleanup", Time since last: 1001302500 ns, Reaching safepoint: 210100 ns, At safepoint: 10100 ns, Total: 220200 ns
[2020-10-24T06:34:40.852+0000][7][gc,start     ] GC(357) Pause Young (Concurrent Start) (G1 Evacuation Pause)
[2020-10-24T06:34:40.853+0000][7][gc,task      ] GC(357) Using 6 workers of 10 for evacuation
[2020-10-24T06:34:40.854+0000][7][gc,age       ] GC(357) Desired survivor size 3145728 bytes, new threshold 15 (max threshold 15)
[2020-10-24T06:34:40.866+0000][7][gc,age       ] GC(357) Age table with threshold 15 (max threshold 15)
[2020-10-24T06:34:40.867+0000][7][gc,age       ] GC(357) - age   1:     178752 bytes,     178752 total
[2020-10-24T06:34:40.868+0000][7][gc,age       ] GC(357) - age   2:      97384 bytes,     276136 total
[2020-10-24T06:34:40.869+0000][7][gc,phases    ] GC(357)   Pre Evacuate Collection Set: 1.5ms
[2020-10-24T06:34:40.870+0000][7][gc,phases    ] GC(357)   Merge Heap Roots: 0.5ms
[2020-10-24T06:34:40.871+0000][7][gc,phases    ] GC(357)   Evacuate Collection Set: 5.2ms
[2020-10-24T06:34:40.872+0000][7][gc,phases    ] GC(357)   Post Evacuate Collection Set: 3.7ms
[2020-10-24T06:34:40.873+0000][7][gc,phases    ] GC(357)   Other: 6.0ms
[2020-10-24T06:34:40.874+0000][7][gc,heap      ] GC(357) Eden regions: 44->0(45)
[2020-10-24T06:34:40.875+0000][7][gc,heap      ] GC(357) Survivor regions: 1->1(6)
[2020-10-24T06:34:40.876+0000][7][gc,heap      ] GC(357) Old regions: 122->122
[2020-10-24T06:34:40.890+0000][7][gc,heap      ] GC(357) Archive regions: 2->2
[2020-10-24T06:34:40.891+0000][7][gc,heap      ] GC(357) Humongous regions: 15->15
[2020-10-24T06:34:40.891+0000][7][gc,metaspace ] GC(357) Metaspace: 109960K(118564K)->109960K(118564K) NonClass: 96042K(101080K)->96042K(101080K) Class: 13918K(17484K)->13918K(17484K)
[2020-10-24T06:34:40.892+0000][7][gc           ] GC(357) Pause Young (Concurrent Start) (G1 Evacuation Pause) 181M->137M(256M) 40.252ms
[2020-10-24T06:34:40.893+0000][7][gc,cpu       ] GC(357) User=0.03s Sys=0.01s Real=0.04s
[2020-10-24T06:34:40.894+0000][7][gc           ] GC(358) Concurrent Cycle
[2020-10-24T06:34:40.894+0000][7][gc,marking   ] GC(358) Concurrent Clear Claimed Marks
[2020-10-24T06:34:40.894+0000][7][safepoint    ] Safepoint "G1CollectForAllocation", Time since last: 663657700 ns, Reaching safepoint: 836800 ns, At safepoint: 41899300 ns, Total: 42736100 ns
[2020-10-24T06:34:40.896+0000][7][gc,marking   ] GC(358) Concurrent Clear Claimed Marks 1.270ms
[2020-10-24T06:34:40.896+0000][7][gc,marking   ] GC(358) Concurrent Scan Root Regions
[2020-10-24T06:34:40.898+0000][7][gc,marking   ] GC(358) Concurrent Scan Root Regions 2.194ms
[2020-10-24T06:34:40.899+0000][7][gc,marking   ] GC(358) Concurrent Mark (3038.265s)
[2020-10-24T06:34:40.899+0000][7][gc,marking   ] GC(358) Concurrent Mark From Roots
[2020-10-24T06:34:40.899+0000][7][gc,task      ] GC(358) Using 3 workers of 3 for marking
[2020-10-24T06:34:40.950+0000][7][gc,marking   ] GC(358) Concurrent Mark From Roots 50.553ms
[2020-10-24T06:34:40.950+0000][7][gc,marking   ] GC(358) Concurrent Preclean
[2020-10-24T06:34:40.951+0000][7][gc,marking   ] GC(358) Concurrent Preclean 0.737ms
[2020-10-24T06:34:40.951+0000][7][gc,marking   ] GC(358) Concurrent Mark (3038.265s, 3038.318s) 52.466ms
[2020-10-24T06:34:40.952+0000][7][gc,start     ] GC(358) Pause Remark
[2020-10-24T06:34:40.959+0000][7][gc           ] GC(358) Pause Remark 138M->138M(256M) 7.122ms
[2020-10-24T06:34:40.959+0000][7][gc,cpu       ] GC(358) User=0.04s Sys=0.00s Real=0.01s
[2020-10-24T06:34:40.960+0000][7][safepoint    ] Safepoint "G1Concurrent", Time since last: 57793500 ns, Reaching safepoint: 227900 ns, At safepoint: 7860100 ns, Total: 8088000 ns
[2020-10-24T06:34:40.960+0000][7][gc,marking   ] GC(358) Concurrent Rebuild Remembered Sets
[2020-10-24T06:34:40.993+0000][7][gc,marking   ] GC(358) Concurrent Rebuild Remembered Sets 33.156ms
[2020-10-24T06:34:40.994+0000][7][gc,start     ] GC(358) Pause Cleanup
[2020-10-24T06:34:40.994+0000][7][gc           ] GC(358) Pause Cleanup 138M->138M(256M) 0.489ms
[2020-10-24T06:34:40.994+0000][7][gc,cpu       ] GC(358) User=0.00s Sys=0.00s Real=0.00s
[2020-10-24T06:34:40.995+0000][7][safepoint    ] Safepoint "G1Concurrent", Time since last: 33907900 ns, Reaching safepoint: 218400 ns, At safepoint: 1075800 ns, Total: 1294200 ns
[2020-10-24T06:34:40.995+0000][7][gc,marking   ] GC(358) Concurrent Cleanup for Next Mark
[2020-10-24T06:34:40.996+0000][7][gc,marking   ] GC(358) Concurrent Cleanup for Next Mark 0.629ms
[2020-10-24T06:34:40.996+0000][7][gc           ] GC(358) Concurrent Cycle 102.311ms
[2020-10-24T06:34:41.996+0000][7][safepoint    ] Safepoint "Cleanup", Time since last: 1000566500 ns, Reaching safepoint: 768000 ns, At safepoint: 44300 ns, Total: 812300 ns
[2020-10-24T06:34:42.998+0000][7][safepoint    ] Safepoint "Cleanup", Time since last: 1001313600 ns, Reaching safepoint: 715000 ns, At safepoint: 101800 ns, Total: 816800 ns
[2020-10-24T06:34:44.001+0000][7][safepoint    ] Safepoint "Cleanup", Time since last: 1001484400 ns, Reaching safepoint: 777500 ns, At safepoint: 95200 ns, Total: 872700 ns
[2020-10-24T06:34:45.003+0000][7][safepoint    ] Safepoint "Cleanup", Time since last: 1001340900 ns, Reaching safepoint: 744000 ns, At safepoint: 43700 ns, Total: 787700 ns
[2020-10-24T06:34:46.005+0000][7][safepoint    ] Safepoint "Cleanup", Time since last: 1001345000 ns, Reaching safepoint: 813600 ns, At safepoint: 45400 ns, Total: 859000 ns
[2020-10-24T06:34:47.006+0000][7][safepoint    ] Safepoint "Cleanup", Time since last: 1001195300 ns, Reaching safepoint: 264300 ns, At safepoint: 9200 ns, Total: 273500 ns
[2020-10-24T06:34:48.007+0000][7][safepoint    ] Safepoint "Cleanup", Time since last: 1000560100 ns, Reaching safepoint: 359700 ns, At safepoint: 16400 ns, Total: 376100 ns
[2020-10-24T06:34:49.008+0000][7][safepoint    ] Safepoint "Cleanup", Time since last: 1000639900 ns, Reaching safepoint: 315400 ns, At safepoint: 23800 ns, Total: 339200 ns
[2020-10-24T06:34:50.009+0000][7][safepoint    ] Safepoint "Cleanup", Time since last: 1000479500 ns, Reaching safepoint: 593600 ns, At safepoint: 34000 ns, Total: 627600 ns
[2020-10-24T06:34:51.011+0000][7][safepoint    ] Safepoint "Cleanup", Time since last: 1001015400 ns, Reaching safepoint: 870200 ns, At safepoint: 44600 ns, Total: 914800 ns
[2020-10-24T06:34:52.013+0000][7][safepoint    ] Safepoint "Cleanup", Time since last: 1001245400 ns, Reaching safepoint: 254700 ns, At safepoint: 8900 ns, Total: 263600 ns
[2020-10-24T06:34:53.014+0000][7][safepoint    ] Safepoint "Cleanup", Time since last: 1000487100 ns, Reaching safepoint: 224800 ns, At safepoint: 11600 ns, Total: 236400 ns
[2020-10-24T06:34:54.014+0000][7][safepoint    ] Safepoint "Cleanup", Time since last: 1000593400 ns, Reaching safepoint: 245300 ns, At safepoint: 13100 ns, Total: 258400 ns
[2020-10-24T06:34:55.015+0000][7][safepoint    ] Safepoint "Cleanup", Time since last: 1000614100 ns, Reaching safepoint: 325100 ns, At safepoint: 17200 ns, Total: 342300 ns
[2020-10-24T06:34:56.017+0000][7][safepoint    ] Safepoint "Cleanup", Time since last: 1000734800 ns, Reaching safepoint: 597100 ns, At safepoint: 35700 ns, Total: 632800 ns
[2020-10-24T06:34:57.018+0000][7][safepoint    ] Safepoint "Cleanup", Time since last: 1000949800 ns, Reaching safepoint: 223200 ns, At safepoint: 22900 ns, Total: 246100 ns
[2020-10-24T06:34:58.019+0000][7][safepoint    ] Safepoint "Cleanup", Time since last: 1000575600 ns, Reaching safepoint: 773300 ns, At safepoint: 92200 ns, Total: 865500 ns
[2020-10-24T06:34:59.021+0000][7][safepoint    ] Safepoint "Cleanup", Time since last: 1001217700 ns, Reaching safepoint: 366100 ns, At safepoint: 8700 ns, Total: 374800 ns
[2020-10-24T06:35:00.022+0000][7][safepoint    ] Safepoint "Cleanup", Time since last: 1000668400 ns, Reaching safepoint: 647700 ns, At safepoint: 38800 ns, Total: 686500 ns
[2020-10-24T06:35:01.024+0000][7][safepoint    ] Safepoint "Cleanup", Time since last: 1001234400 ns, Reaching safepoint: 264200 ns, At safepoint: 8900 ns, Total: 273100 ns
[2020-10-24T06:35:02.025+0000][7][safepoint    ] Safepoint "Cleanup", Time since last: 1000510400 ns, Reaching safepoint: 263600 ns, At safepoint: 9500 ns, Total: 273100 ns
[2020-10-24T06:35:03.026+0000][7][safepoint    ] Safepoint "Cleanup", Time since last: 1000546700 ns, Reaching safepoint: 1046200 ns, At safepoint: 11200 ns, Total: 1057400 ns
[2020-10-24T06:35:04.029+0000][7][safepoint    ] Safepoint "Cleanup", Time since last: 1002511700 ns, Reaching safepoint: 250400 ns, At safepoint: 11000 ns, Total: 261400 ns
[2020-10-24T06:35:05.032+0000][7][safepoint    ] Safepoint "Cleanup", Time since last: 1002783100 ns, Reaching safepoint: 273900 ns, At safepoint: 10100 ns, Total: 284000 ns
[2020-10-24T06:35:06.034+0000][7][safepoint    ] Safepoint "Cleanup", Time since last: 1000826200 ns, Reaching safepoint: 776100 ns, At safepoint: 44200 ns, Total: 820300 ns
[2020-10-24T06:35:07.050+0000][7][safepoint    ] Safepoint "Cleanup", Time since last: 1015530400 ns, Reaching safepoint: 241100 ns, At safepoint: 10800 ns, Total: 251900 ns
[2020-10-24T06:35:08.807+0000][7][safepoint    ] Safepoint "Cleanup", Time since last: 1757087600 ns, Reaching safepoint: 257700 ns, At safepoint: 9000 ns, Total: 266700 ns
[2020-10-24T06:35:09.808+0000][7][safepoint    ] Safepoint "Cleanup", Time since last: 1000600300 ns, Reaching safepoint: 254100 ns, At safepoint: 11500 ns, Total: 265600 ns
[2020-10-24T06:35:10.809+0000][7][safepoint    ] Safepoint "Cleanup", Time since last: 1000627700 ns, Reaching safepoint: 231100 ns, At safepoint: 9300 ns, Total: 240400 ns
[2020-10-24T06:35:11.205+0000][7][gc,start     ] GC(359) Pause Young (Normal) (G1 Evacuation Pause)
[2020-10-24T06:35:11.206+0000][7][gc,task      ] GC(359) Using 6 workers of 10 for evacuation
[2020-10-24T06:35:11.206+0000][7][gc,age       ] GC(359) Desired survivor size 3145728 bytes, new threshold 15 (max threshold 15)
[2020-10-24T06:35:11.209+0000][7][gc,age       ] GC(359) Age table with threshold 15 (max threshold 15)
[2020-10-24T06:35:11.209+0000][7][gc,age       ] GC(359) - age   1:    1365656 bytes,    1365656 total
[2020-10-24T06:35:11.209+0000][7][gc,age       ] GC(359) - age   2:     120496 bytes,    1486152 total
[2020-10-24T06:35:11.210+0000][7][gc,age       ] GC(359) - age   3:      81656 bytes,    1567808 total
[2020-10-24T06:35:11.210+0000][7][gc,phases    ] GC(359)   Pre Evacuate Collection Set: 0.1ms
[2020-10-24T06:35:11.210+0000][7][gc,phases    ] GC(359)   Merge Heap Roots: 0.1ms
[2020-10-24T06:35:11.211+0000][7][gc,phases    ] GC(359)   Evacuate Collection Set: 1.3ms
[2020-10-24T06:35:11.211+0000][7][gc,phases    ] GC(359)   Post Evacuate Collection Set: 0.9ms
[2020-10-24T06:35:11.211+0000][7][gc,phases    ] GC(359)   Other: 2.2ms
[2020-10-24T06:35:11.211+0000][7][gc,heap      ] GC(359) Eden regions: 45->0(44)
[2020-10-24T06:35:11.211+0000][7][gc,heap      ] GC(359) Survivor regions: 1->2(6)
[2020-10-24T06:35:11.212+0000][7][gc,heap      ] GC(359) Old regions: 122->122
[2020-10-24T06:35:11.212+0000][7][gc,heap      ] GC(359) Archive regions: 2->2
[2020-10-24T06:35:11.212+0000][7][gc,heap      ] GC(359) Humongous regions: 15->15
[2020-10-24T06:35:11.212+0000][7][gc,metaspace ] GC(359) Metaspace: 109974K(118564K)->109974K(118564K) NonClass: 96055K(101080K)->96055K(101080K) Class: 13918K(17484K)->13918K(17484K)
[2020-10-24T06:35:11.212+0000][7][gc           ] GC(359) Pause Young (Normal) (G1 Evacuation Pause) 182M->138M(256M) 6.799ms
[2020-10-24T06:35:11.212+0000][7][gc,cpu       ] GC(359) User=0.01s Sys=0.00s Real=0.01s
[2020-10-24T06:35:11.213+0000][7][safepoint    ] Safepoint "G1CollectForAllocation", Time since last: 396568500 ns, Reaching safepoint: 207300 ns, At safepoint: 7164500 ns, Total: 7371800 ns
[2020-10-24T06:35:12.948+0000][7][safepoint    ] Safepoint "Cleanup", Time since last: 1734833100 ns, Reaching safepoint: 900200 ns, At safepoint: 53200 ns, Total: 953400 ns
[2020-10-24T06:35:13.955+0000][7][safepoint    ] Safepoint "Cleanup", Time since last: 1006858300 ns, Reaching safepoint: 209400 ns, At safepoint: 9000 ns, Total: 218400 ns
[2020-10-24T06:35:14.956+0000][7][safepoint    ] Safepoint "Cleanup", Time since last: 1000571500 ns, Reaching safepoint: 357300 ns, At safepoint: 12800 ns, Total: 370100 ns
[2020-10-24T06:35:15.957+0000][7][safepoint    ] Safepoint "Cleanup", Time since last: 1000579600 ns, Reaching safepoint: 470400 ns, At safepoint: 9500 ns, Total: 479900 ns
[2020-10-24T06:35:16.958+0000][7][safepoint    ] Safepoint "Cleanup", Time since last: 1000585300 ns, Reaching safepoint: 280000 ns, At safepoint: 9000 ns, Total: 289000 ns
[2020-10-24T06:35:17.959+0000][7][safepoint    ] Safepoint "Cleanup", Time since last: 1000578600 ns, Reaching safepoint: 329200 ns, At safepoint: 17100 ns, Total: 346300 ns
[2020-10-24T06:35:18.960+0000][7][safepoint    ] Safepoint "Cleanup", Time since last: 1000714100 ns, Reaching safepoint: 224300 ns, At safepoint: 8700 ns, Total: 233000 ns
[2020-10-24T06:35:19.961+0000][7][safepoint    ] Safepoint "Cleanup", Time since last: 1000512700 ns, Reaching safepoint: 229800 ns, At safepoint: 23900 ns, Total: 253700 ns
[2020-10-24T06:35:20.962+0000][7][safepoint    ] Safepoint "Cleanup", Time since last: 1000631000 ns, Reaching safepoint: 227200 ns, At safepoint: 8900 ns, Total: 236100 ns
[2020-10-24T06:35:21.962+0000][7][safepoint    ] Safepoint "Cleanup", Time since last: 1000435000 ns, Reaching safepoint: 253000 ns, At safepoint: 8900 ns, Total: 261900 ns
[2020-10-24T06:35:22.807+0000][7][safepoint    ] Safepoint "BulkRevokeBias", Time since last: 842770400 ns, Reaching safepoint: 464300 ns, At safepoint: 1173400 ns, Total: 1637700 ns
[2020-10-24T06:35:22.810+0000][7][gc,start     ] GC(360) Pause Young (Concurrent Start) (G1 Evacuation Pause)
[2020-10-24T06:35:22.810+0000][7][gc,task      ] GC(360) Using 6 workers of 10 for evacuation
[2020-10-24T06:35:22.811+0000][7][gc,age       ] GC(360) Desired survivor size 3145728 bytes, new threshold 15 (max threshold 15)
[2020-10-24T06:35:22.814+0000][7][gc,age       ] GC(360) Age table with threshold 15 (max threshold 15)
[2020-10-24T06:35:22.814+0000][7][gc,age       ] GC(360) - age   1:    1722016 bytes,    1722016 total
[2020-10-24T06:35:22.815+0000][7][gc,age       ] GC(360) - age   2:     114160 bytes,    1836176 total
[2020-10-24T06:35:22.815+0000][7][gc,age       ] GC(360) - age   3:     119168 bytes,    1955344 total
[2020-10-24T06:35:22.815+0000][7][gc,age       ] GC(360) - age   4:      79224 bytes,    2034568 total
[2020-10-24T06:35:22.816+0000][7][gc,phases    ] GC(360)   Pre Evacuate Collection Set: 0.6ms
[2020-10-24T06:35:22.816+0000][7][gc,phases    ] GC(360)   Merge Heap Roots: 0.2ms
[2020-10-24T06:35:22.816+0000][7][gc,phases    ] GC(360)   Evacuate Collection Set: 1.6ms
[2020-10-24T06:35:22.816+0000][7][gc,phases    ] GC(360)   Post Evacuate Collection Set: 0.8ms
[2020-10-24T06:35:22.817+0000][7][gc,phases    ] GC(360)   Other: 2.5ms
[2020-10-24T06:35:22.817+0000][7][gc,heap      ] GC(360) Eden regions: 44->0(45)
[2020-10-24T06:35:22.817+0000][7][gc,heap      ] GC(360) Survivor regions: 2->2(6)
[2020-10-24T06:35:22.817+0000][7][gc,heap      ] GC(360) Old regions: 122->122
[2020-10-24T06:35:22.817+0000][7][gc,heap      ] GC(360) Archive regions: 2->2
[2020-10-24T06:35:22.818+0000][7][gc,heap      ] GC(360) Humongous regions: 15->15
[2020-10-24T06:35:22.818+0000][7][gc,metaspace ] GC(360) Metaspace: 109976K(118564K)->109976K(118564K) NonClass: 96057K(101080K)->96057K(101080K) Class: 13918K(17484K)->13918K(17484K)
[2020-10-24T06:35:22.818+0000][7][gc           ] GC(360) Pause Young (Concurrent Start) (G1 Evacuation Pause) 182M->138M(256M) 8.525ms
[2020-10-24T06:35:22.819+0000][7][gc,cpu       ] GC(360) User=0.01s Sys=0.01s Real=0.01s
[2020-10-24T06:35:22.819+0000][7][gc           ] GC(361) Concurrent Cycle
[2020-10-24T06:35:22.819+0000][7][safepoint    ] Safepoint "G1CollectForAllocation", Time since last: 2739400 ns, Reaching safepoint: 217700 ns, At safepoint: 9081000 ns, Total: 9298700 ns
[2020-10-24T06:35:22.819+0000][7][gc,marking   ] GC(361) Concurrent Clear Claimed Marks
[2020-10-24T06:35:22.820+0000][7][gc,marking   ] GC(361) Concurrent Clear Claimed Marks 1.065ms
[2020-10-24T06:35:22.820+0000][7][gc,marking   ] GC(361) Concurrent Scan Root Regions
[2020-10-24T06:35:22.822+0000][7][gc,marking   ] GC(361) Concurrent Scan Root Regions 1.190ms
[2020-10-24T06:35:22.822+0000][7][gc,marking   ] GC(361) Concurrent Mark (3080.188s)
[2020-10-24T06:35:22.822+0000][7][gc,marking   ] GC(361) Concurrent Mark From Roots
[2020-10-24T06:35:22.822+0000][7][gc,task      ] GC(361) Using 3 workers of 3 for marking
[2020-10-24T06:35:22.877+0000][7][gc,marking   ] GC(361) Concurrent Mark From Roots 54.732ms
[2020-10-24T06:35:22.877+0000][7][gc,marking   ] GC(361) Concurrent Preclean
[2020-10-24T06:35:22.878+0000][7][gc,marking   ] GC(361) Concurrent Preclean 0.668ms
[2020-10-24T06:35:22.878+0000][7][gc,marking   ] GC(361) Concurrent Mark (3080.188s, 3080.245s) 56.252ms
[2020-10-24T06:35:22.879+0000][7][gc,start     ] GC(361) Pause Remark
[2020-10-24T06:35:22.885+0000][7][gc           ] GC(361) Pause Remark 145M->145M(256M) 6.434ms
[2020-10-24T06:35:22.886+0000][7][gc,cpu       ] GC(361) User=0.02s Sys=0.00s Real=0.00s
[2020-10-24T06:35:22.886+0000][7][safepoint    ] Safepoint "G1Concurrent", Time since last: 59599000 ns, Reaching safepoint: 188300 ns, At safepoint: 7175800 ns, Total: 7364100 ns
[2020-10-24T06:35:22.886+0000][7][gc,marking   ] GC(361) Concurrent Rebuild Remembered Sets
[2020-10-24T06:35:22.919+0000][7][gc,marking   ] GC(361) Concurrent Rebuild Remembered Sets 33.067ms
[2020-10-24T06:35:22.920+0000][7][gc,start     ] GC(361) Pause Cleanup
[2020-10-24T06:35:22.920+0000][7][gc           ] GC(361) Pause Cleanup 146M->146M(256M) 0.478ms
[2020-10-24T06:35:22.921+0000][7][gc,cpu       ] GC(361) User=0.00s Sys=0.00s Real=0.00s
[2020-10-24T06:35:22.921+0000][7][safepoint    ] Safepoint "G1Concurrent", Time since last: 33853000 ns, Reaching safepoint: 176300 ns, At safepoint: 1105400 ns, Total: 1281700 ns
[2020-10-24T06:35:22.921+0000][7][gc,marking   ] GC(361) Concurrent Cleanup for Next Mark
[2020-10-24T06:35:22.922+0000][7][gc,marking   ] GC(361) Concurrent Cleanup for Next Mark 0.633ms
[2020-10-24T06:35:22.922+0000][7][gc           ] GC(361) Concurrent Cycle 103.394ms
[2020-10-24T06:35:23.762+0000][7][gc,start     ] GC(362) Pause Young (Normal) (G1 Evacuation Pause)
[2020-10-24T06:35:23.762+0000][7][gc,task      ] GC(362) Using 6 workers of 10 for evacuation
[2020-10-24T06:35:23.763+0000][7][gc,age       ] GC(362) Desired survivor size 3145728 bytes, new threshold 15 (max threshold 15)
[2020-10-24T06:35:23.766+0000][7][gc,age       ] GC(362) Age table with threshold 15 (max threshold 15)
[2020-10-24T06:35:23.766+0000][7][gc,age       ] GC(362) - age   1:     555504 bytes,     555504 total
[2020-10-24T06:35:23.767+0000][7][gc,age       ] GC(362) - age   2:    1322536 bytes,    1878040 total
[2020-10-24T06:35:23.767+0000][7][gc,age       ] GC(362) - age   3:     104040 bytes,    1982080 total
[2020-10-24T06:35:23.767+0000][7][gc,age       ] GC(362) - age   4:     117280 bytes,    2099360 total
[2020-10-24T06:35:23.767+0000][7][gc,age       ] GC(362) - age   5:      74752 bytes,    2174112 total
[2020-10-24T06:35:23.768+0000][7][gc,phases    ] GC(362)   Pre Evacuate Collection Set: 0.1ms
[2020-10-24T06:35:23.768+0000][7][gc,phases    ] GC(362)   Merge Heap Roots: 0.1ms
[2020-10-24T06:35:23.768+0000][7][gc,phases    ] GC(362)   Evacuate Collection Set: 1.7ms
[2020-10-24T06:35:23.768+0000][7][gc,phases    ] GC(362)   Post Evacuate Collection Set: 0.9ms
[2020-10-24T06:35:23.768+0000][7][gc,phases    ] GC(362)   Other: 2.7ms
[2020-10-24T06:35:23.768+0000][7][gc,heap      ] GC(362) Eden regions: 45->0(44)
[2020-10-24T06:35:23.769+0000][7][gc,heap      ] GC(362) Survivor regions: 2->3(6)
[2020-10-24T06:35:23.769+0000][7][gc,heap      ] GC(362) Old regions: 122->122
[2020-10-24T06:35:23.769+0000][7][gc,heap      ] GC(362) Archive regions: 2->2
[2020-10-24T06:35:23.769+0000][7][gc,heap      ] GC(362) Humongous regions: 15->15
[2020-10-24T06:35:23.769+0000][7][gc,metaspace ] GC(362) Metaspace: 109976K(118564K)->109976K(118564K) NonClass: 96057K(101080K)->96057K(101080K) Class: 13918K(17484K)->13918K(17484K)
[2020-10-24T06:35:23.769+0000][7][gc           ] GC(362) Pause Young (Normal) (G1 Evacuation Pause) 183M->139M(256M) 7.240ms
[2020-10-24T06:35:23.769+0000][7][gc,cpu       ] GC(362) User=0.01s Sys=0.00s Real=0.01s
[2020-10-24T06:35:23.770+0000][7][safepoint    ] Safepoint "G1CollectForAllocation", Time since last: 840698500 ns, Reaching safepoint: 243200 ns, At safepoint: 7628200 ns, Total: 7871400 ns
[2020-10-24T06:35:24.771+0000][7][safepoint    ] Safepoint "Cleanup", Time since last: 1000407300 ns, Reaching safepoint: 738100 ns, At safepoint: 47000 ns, Total: 785100 ns
[2020-10-24T06:35:25.773+0000][7][safepoint    ] Safepoint "Cleanup", Time since last: 1001593700 ns, Reaching safepoint: 518100 ns, At safepoint: 27700 ns, Total: 545800 ns
[2020-10-24T06:35:27.181+0000][7][safepoint    ] Safepoint "Cleanup", Time since last: 1407751900 ns, Reaching safepoint: 252700 ns, At safepoint: 8300 ns, Total: 261000 ns
[2020-10-24T06:35:28.182+0000][7][safepoint    ] Safepoint "Cleanup", Time since last: 1000604900 ns, Reaching safepoint: 270100 ns, At safepoint: 8800 ns, Total: 278900 ns
[2020-10-24T06:35:29.183+0000][7][safepoint    ] Safepoint "Cleanup", Time since last: 1000582600 ns, Reaching safepoint: 437100 ns, At safepoint: 53300 ns, Total: 490400 ns
[2020-10-24T06:35:30.184+0000][7][safepoint    ] Safepoint "Cleanup", Time since last: 1001197100 ns, Reaching safepoint: 263600 ns, At safepoint: 10500 ns, Total: 274100 ns
[2020-10-24T06:35:31.188+0000][7][safepoint    ] Safepoint "Cleanup", Time since last: 1002495600 ns, Reaching safepoint: 838200 ns, At safepoint: 49700 ns, Total: 887900 ns
[2020-10-24T06:35:32.202+0000][7][safepoint    ] Safepoint "Cleanup", Time since last: 1013973400 ns, Reaching safepoint: 256100 ns, At safepoint: 10100 ns, Total: 266200 ns
[2020-10-24T06:35:33.203+0000][7][safepoint    ] Safepoint "Cleanup", Time since last: 1000624400 ns, Reaching safepoint: 584500 ns, At safepoint: 42900 ns, Total: 627400 ns
[2020-10-24T06:35:34.205+0000][7][safepoint    ] Safepoint "Cleanup", Time since last: 1001175600 ns, Reaching safepoint: 275100 ns, At safepoint: 9100 ns, Total: 284200 ns
[2020-10-24T06:35:35.205+0000][7][safepoint    ] Safepoint "Cleanup", Time since last: 1000466800 ns, Reaching safepoint: 259300 ns, At safepoint: 8800 ns, Total: 268100 ns
[2020-10-24T06:35:36.225+0000][7][safepoint    ] Safepoint "Cleanup", Time since last: 1018797700 ns, Reaching safepoint: 308900 ns, At safepoint: 15200 ns, Total: 324100 ns
[2020-10-24T06:35:37.226+0000][7][safepoint    ] Safepoint "Cleanup", Time since last: 1000659700 ns, Reaching safepoint: 369000 ns, At safepoint: 19000 ns, Total: 388000 ns
[2020-10-24T06:35:38.227+0000][7][safepoint    ] Safepoint "Cleanup", Time since last: 1000666700 ns, Reaching safepoint: 218200 ns, At safepoint: 22700 ns, Total: 240900 ns
[2020-10-24T06:35:39.228+0000][7][safepoint    ] Safepoint "Cleanup", Time since last: 1000641800 ns, Reaching safepoint: 870700 ns, At safepoint: 45400 ns, Total: 916100 ns
[2020-10-24T06:35:40.230+0000][7][safepoint    ] Safepoint "Cleanup", Time since last: 1001357100 ns, Reaching safepoint: 812600 ns, At safepoint: 44500 ns, Total: 857100 ns
[2020-10-24T06:35:41.232+0000][7][safepoint    ] Safepoint "Cleanup", Time since last: 1001236800 ns, Reaching safepoint: 276000 ns, At safepoint: 13800 ns, Total: 289800 ns
[2020-10-24T06:35:42.233+0000][7][safepoint    ] Safepoint "Cleanup", Time since last: 1000697400 ns, Reaching safepoint: 824200 ns, At safepoint: 44400 ns, Total: 868600 ns
[2020-10-24T06:35:43.236+0000][7][safepoint    ] Safepoint "Cleanup", Time since last: 1001429100 ns, Reaching safepoint: 812200 ns, At safepoint: 92500 ns, Total: 904700 ns
[2020-10-24T06:35:44.237+0000][7][safepoint    ] Safepoint "Cleanup", Time since last: 1001288000 ns, Reaching safepoint: 278000 ns, At safepoint: 13600 ns, Total: 291600 ns
[2020-10-24T06:35:45.238+0000][7][safepoint    ] Safepoint "Cleanup", Time since last: 1000652800 ns, Reaching safepoint: 278800 ns, At safepoint: 14600 ns, Total: 293400 ns
[2020-10-24T06:35:46.239+0000][7][safepoint    ] Safepoint "Cleanup", Time since last: 1000618000 ns, Reaching safepoint: 228100 ns, At safepoint: 8700 ns, Total: 236800 ns
[2020-10-24T06:35:46.658+0000][7][gc,start     ] GC(363) Pause Young (Concurrent Start) (G1 Evacuation Pause)
[2020-10-24T06:35:46.659+0000][7][gc,task      ] GC(363) Using 6 workers of 10 for evacuation
[2020-10-24T06:35:46.660+0000][7][gc,age       ] GC(363) Desired survivor size 3145728 bytes, new threshold 15 (max threshold 15)
[2020-10-24T06:35:46.672+0000][7][gc,age       ] GC(363) Age table with threshold 15 (max threshold 15)
[2020-10-24T06:35:46.673+0000][7][gc,age       ] GC(363) - age   1:     394192 bytes,     394192 total
[2020-10-24T06:35:46.674+0000][7][gc,age       ] GC(363) - age   2:      20560 bytes,     414752 total
[2020-10-24T06:35:46.675+0000][7][gc,age       ] GC(363) - age   3:    1088760 bytes,    1503512 total
[2020-10-24T06:35:46.676+0000][7][gc,age       ] GC(363) - age   4:      95032 bytes,    1598544 total
[2020-10-24T06:35:46.677+0000][7][gc,age       ] GC(363) - age   5:      95168 bytes,    1693712 total
[2020-10-24T06:35:46.678+0000][7][gc,age       ] GC(363) - age   6:      74728 bytes,    1768440 total
[2020-10-24T06:35:46.679+0000][7][gc,phases    ] GC(363)   Pre Evacuate Collection Set: 1.6ms
[2020-10-24T06:35:46.680+0000][7][gc,phases    ] GC(363)   Merge Heap Roots: 0.6ms
[2020-10-24T06:35:46.681+0000][7][gc,phases    ] GC(363)   Evacuate Collection Set: 5.2ms
[2020-10-24T06:35:46.682+0000][7][gc,phases    ] GC(363)   Post Evacuate Collection Set: 3.2ms
[2020-10-24T06:35:46.683+0000][7][gc,phases    ] GC(363)   Other: 10.0ms
[2020-10-24T06:35:46.684+0000][7][gc,heap      ] GC(363) Eden regions: 44->0(46)
[2020-10-24T06:35:46.684+0000][7][gc,heap      ] GC(363) Survivor regions: 3->2(6)
[2020-10-24T06:35:46.685+0000][7][gc,heap      ] GC(363) Old regions: 122->122
[2020-10-24T06:35:46.686+0000][7][gc,heap      ] GC(363) Archive regions: 2->2
[2020-10-24T06:35:46.687+0000][7][gc,heap      ] GC(363) Humongous regions: 15->15
[2020-10-24T06:35:46.688+0000][7][gc,metaspace ] GC(363) Metaspace: 109976K(118564K)->109976K(118564K) NonClass: 96057K(101080K)->96057K(101080K) Class: 13918K(17484K)->13918K(17484K)
[2020-10-24T06:35:46.689+0000][7][gc           ] GC(363) Pause Young (Concurrent Start) (G1 Evacuation Pause) 183M->138M(256M) 31.096ms
[2020-10-24T06:35:46.690+0000][7][gc,cpu       ] GC(363) User=0.04s Sys=0.00s Real=0.03s
[2020-10-24T06:35:46.692+0000][7][gc           ] GC(364) Concurrent Cycle
[2020-10-24T06:35:46.692+0000][7][gc,marking   ] GC(364) Concurrent Clear Claimed Marks
[2020-10-24T06:35:46.692+0000][7][safepoint    ] Safepoint "G1CollectForAllocation", Time since last: 418257100 ns, Reaching safepoint: 812500 ns, At safepoint: 33388500 ns, Total: 34201000 ns
[2020-10-24T06:35:46.695+0000][7][gc,marking   ] GC(364) Concurrent Clear Claimed Marks 2.097ms
[2020-10-24T06:35:46.695+0000][7][gc,marking   ] GC(364) Concurrent Scan Root Regions
[2020-10-24T06:35:46.700+0000][7][gc,marking   ] GC(364) Concurrent Scan Root Regions 4.267ms
[2020-10-24T06:35:46.701+0000][7][gc,marking   ] GC(364) Concurrent Mark (3104.067s)
[2020-10-24T06:35:46.702+0000][7][gc,marking   ] GC(364) Concurrent Mark From Roots
[2020-10-24T06:35:46.702+0000][7][gc,task      ] GC(364) Using 3 workers of 3 for marking
[2020-10-24T06:35:46.779+0000][7][gc,marking   ] GC(364) Concurrent Mark From Roots 76.999ms
[2020-10-24T06:35:46.779+0000][7][gc,marking   ] GC(364) Concurrent Preclean
[2020-10-24T06:35:46.780+0000][7][gc,marking   ] GC(364) Concurrent Preclean 0.700ms
[2020-10-24T06:35:46.780+0000][7][gc,marking   ] GC(364) Concurrent Mark (3104.067s, 3104.146s) 79.260ms
[2020-10-24T06:35:46.780+0000][7][gc,start     ] GC(364) Pause Remark
[2020-10-24T06:35:46.787+0000][7][gc           ] GC(364) Pause Remark 139M->139M(256M) 6.462ms
[2020-10-24T06:35:46.787+0000][7][gc,cpu       ] GC(364) User=0.03s Sys=0.00s Real=0.00s
[2020-10-24T06:35:46.788+0000][7][safepoint    ] Safepoint "G1Concurrent", Time since last: 88615200 ns, Reaching safepoint: 268000 ns, At safepoint: 7179400 ns, Total: 7447400 ns
[2020-10-24T06:35:46.788+0000][7][gc,marking   ] GC(364) Concurrent Rebuild Remembered Sets
[2020-10-24T06:35:46.820+0000][7][gc,marking   ] GC(364) Concurrent Rebuild Remembered Sets 31.643ms
[2020-10-24T06:35:46.820+0000][7][gc,start     ] GC(364) Pause Cleanup
[2020-10-24T06:35:46.821+0000][7][gc           ] GC(364) Pause Cleanup 140M->140M(256M) 0.557ms
[2020-10-24T06:35:46.821+0000][7][gc,cpu       ] GC(364) User=0.00s Sys=0.00s Real=0.00s
[2020-10-24T06:35:46.821+0000][7][safepoint    ] Safepoint "G1Concurrent", Time since last: 32391000 ns, Reaching safepoint: 253100 ns, At safepoint: 1188100 ns, Total: 1441200 ns
[2020-10-24T06:35:46.822+0000][7][gc,marking   ] GC(364) Concurrent Cleanup for Next Mark
[2020-10-24T06:35:46.822+0000][7][gc,marking   ] GC(364) Concurrent Cleanup for Next Mark 0.608ms
[2020-10-24T06:35:46.823+0000][7][gc           ] GC(364) Concurrent Cycle 131.147ms
[2020-10-24T06:35:47.823+0000][7][safepoint    ] Safepoint "Cleanup", Time since last: 1000621600 ns, Reaching safepoint: 712200 ns, At safepoint: 37400 ns, Total: 749600 ns
[2020-10-24T06:35:48.825+0000][7][safepoint    ] Safepoint "Cleanup", Time since last: 1001305800 ns, Reaching safepoint: 844300 ns, At safepoint: 45900 ns, Total: 890200 ns
[2020-10-24T06:35:49.827+0000][7][safepoint    ] Safepoint "Cleanup", Time since last: 1001306300 ns, Reaching safepoint: 203500 ns, At safepoint: 10300 ns, Total: 213800 ns
[2020-10-24T06:35:50.827+0000][7][safepoint    ] Safepoint "Cleanup", Time since last: 1000489500 ns, Reaching safepoint: 282600 ns, At safepoint: 9300 ns, Total: 291900 ns
[2020-10-24T06:35:51.828+0000][7][safepoint    ] Safepoint "Cleanup", Time since last: 1000499200 ns, Reaching safepoint: 254800 ns, At safepoint: 14200 ns, Total: 269000 ns
[2020-10-24T06:35:52.830+0000][7][safepoint    ] Safepoint "Cleanup", Time since last: 1000694700 ns, Reaching safepoint: 771700 ns, At safepoint: 45400 ns, Total: 817100 ns
[2020-10-24T06:35:53.832+0000][7][safepoint    ] Safepoint "Cleanup", Time since last: 1001348000 ns, Reaching safepoint: 823800 ns, At safepoint: 47400 ns, Total: 871200 ns
[2020-10-24T06:35:54.834+0000][7][safepoint    ] Safepoint "Cleanup", Time since last: 1001294900 ns, Reaching safepoint: 794000 ns, At safepoint: 46000 ns, Total: 840000 ns
[2020-10-24T06:35:55.836+0000][7][safepoint    ] Safepoint "Cleanup", Time since last: 1001329800 ns, Reaching safepoint: 839800 ns, At safepoint: 46200 ns, Total: 886000 ns
[2020-10-24T06:35:56.838+0000][7][safepoint    ] Safepoint "Cleanup", Time since last: 1001121700 ns, Reaching safepoint: 274900 ns, At safepoint: 8700 ns, Total: 283600 ns
[2020-10-24T06:35:57.838+0000][7][safepoint    ] Safepoint "Cleanup", Time since last: 1000552600 ns, Reaching safepoint: 257700 ns, At safepoint: 9000 ns, Total: 266700 ns
[2020-10-24T06:35:58.839+0000][7][safepoint    ] Safepoint "Cleanup", Time since last: 1000380600 ns, Reaching safepoint: 261100 ns, At safepoint: 9000 ns, Total: 270100 ns
[2020-10-24T06:35:59.840+0000][7][safepoint    ] Safepoint "Cleanup", Time since last: 1000543100 ns, Reaching safepoint: 499700 ns, At safepoint: 27700 ns, Total: 527400 ns
[2020-10-24T06:36:00.842+0000][7][safepoint    ] Safepoint "Cleanup", Time since last: 1001037500 ns, Reaching safepoint: 826900 ns, At safepoint: 45100 ns, Total: 872000 ns
[2020-10-24T06:36:01.844+0000][7][safepoint    ] Safepoint "Cleanup", Time since last: 1001311500 ns, Reaching safepoint: 804600 ns, At safepoint: 45300 ns, Total: 849900 ns
[2020-10-24T06:36:02.846+0000][7][safepoint    ] Safepoint "Cleanup", Time since last: 1001330000 ns, Reaching safepoint: 761300 ns, At safepoint: 47700 ns, Total: 809000 ns
[2020-10-24T06:36:03.848+0000][7][safepoint    ] Safepoint "Cleanup", Time since last: 1001169600 ns, Reaching safepoint: 284300 ns, At safepoint: 8400 ns, Total: 292700 ns
[2020-10-24T06:36:04.849+0000][7][safepoint    ] Safepoint "Cleanup", Time since last: 1000555900 ns, Reaching safepoint: 758200 ns, At safepoint: 47400 ns, Total: 805600 ns
[2020-10-24T06:36:05.851+0000][7][safepoint    ] Safepoint "Cleanup", Time since last: 1001157600 ns, Reaching safepoint: 302400 ns, At safepoint: 16800 ns, Total: 319200 ns
[2020-10-24T06:36:06.852+0000][7][safepoint    ] Safepoint "Cleanup", Time since last: 1000634100 ns, Reaching safepoint: 249700 ns, At safepoint: 8600 ns, Total: 258300 ns
[2020-10-24T06:36:07.853+0000][7][safepoint    ] Safepoint "Cleanup", Time since last: 1000661200 ns, Reaching safepoint: 754700 ns, At safepoint: 94200 ns, Total: 848900 ns
[2020-10-24T06:36:08.855+0000][7][safepoint    ] Safepoint "Cleanup", Time since last: 1001256500 ns, Reaching safepoint: 842400 ns, At safepoint: 43600 ns, Total: 886000 ns
[2020-10-24T06:36:09.857+0000][7][safepoint    ] Safepoint "Cleanup", Time since last: 1001295600 ns, Reaching safepoint: 750500 ns, At safepoint: 43700 ns, Total: 794200 ns
[2020-10-24T06:36:10.859+0000][7][safepoint    ] Safepoint "Cleanup", Time since last: 1001350100 ns, Reaching safepoint: 792100 ns, At safepoint: 44500 ns, Total: 836600 ns
[2020-10-24T06:36:11.862+0000][7][safepoint    ] Safepoint "Cleanup", Time since last: 1001250800 ns, Reaching safepoint: 780000 ns, At safepoint: 45000 ns, Total: 825000 ns
[2020-10-24T06:36:12.863+0000][7][safepoint    ] Safepoint "Cleanup", Time since last: 1001244700 ns, Reaching safepoint: 337600 ns, At safepoint: 9200 ns, Total: 346800 ns
[2020-10-24T06:36:13.864+0000][7][safepoint    ] Safepoint "Cleanup", Time since last: 1000523100 ns, Reaching safepoint: 223900 ns, At safepoint: 9700 ns, Total: 233600 ns
[2020-10-24T06:36:14.202+0000][7][safepoint    ] Safepoint "BulkRevokeBias", Time since last: 336783600 ns, Reaching safepoint: 264700 ns, At safepoint: 699300 ns, Total: 964000 ns
[2020-10-24T06:36:14.205+0000][7][gc,start     ] GC(365) Pause Young (Normal) (G1 Evacuation Pause)
[2020-10-24T06:36:14.206+0000][7][gc,task      ] GC(365) Using 6 workers of 10 for evacuation
[2020-10-24T06:36:14.206+0000][7][gc,age       ] GC(365) Desired survivor size 3145728 bytes, new threshold 15 (max threshold 15)
[2020-10-24T06:36:14.209+0000][7][gc,age       ] GC(365) Age table with threshold 15 (max threshold 15)
[2020-10-24T06:36:14.209+0000][7][gc,age       ] GC(365) - age   1:     637952 bytes,     637952 total
[2020-10-24T06:36:14.210+0000][7][gc,age       ] GC(365) - age   2:     331808 bytes,     969760 total
[2020-10-24T06:36:14.210+0000][7][gc,age       ] GC(365) - age   3:      19688 bytes,     989448 total
[2020-10-24T06:36:14.210+0000][7][gc,age       ] GC(365) - age   4:    1076040 bytes,    2065488 total
[2020-10-24T06:36:14.210+0000][7][gc,age       ] GC(365) - age   5:      61712 bytes,    2127200 total
[2020-10-24T06:36:14.211+0000][7][gc,age       ] GC(365) - age   6:      95032 bytes,    2222232 total
[2020-10-24T06:36:14.211+0000][7][gc,age       ] GC(365) - age   7:      74728 bytes,    2296960 total
[2020-10-24T06:36:14.211+0000][7][gc,phases    ] GC(365)   Pre Evacuate Collection Set: 0.1ms
[2020-10-24T06:36:14.211+0000][7][gc,phases    ] GC(365)   Merge Heap Roots: 0.1ms
[2020-10-24T06:36:14.212+0000][7][gc,phases    ] GC(365)   Evacuate Collection Set: 1.6ms
[2020-10-24T06:36:14.212+0000][7][gc,phases    ] GC(365)   Post Evacuate Collection Set: 0.8ms
[2020-10-24T06:36:14.212+0000][7][gc,phases    ] GC(365)   Other: 3.1ms
[2020-10-24T06:36:14.212+0000][7][gc,heap      ] GC(365) Eden regions: 46->0(46)
[2020-10-24T06:36:14.212+0000][7][gc,heap      ] GC(365) Survivor regions: 2->3(6)
[2020-10-24T06:36:14.212+0000][7][gc,heap      ] GC(365) Old regions: 122->122
[2020-10-24T06:36:14.213+0000][7][gc,heap      ] GC(365) Archive regions: 2->2
[2020-10-24T06:36:14.213+0000][7][gc,heap      ] GC(365) Humongous regions: 15->15
[2020-10-24T06:36:14.213+0000][7][gc,metaspace ] GC(365) Metaspace: 109979K(118564K)->109979K(118564K) NonClass: 96061K(101080K)->96061K(101080K) Class: 13918K(17484K)->13918K(17484K)
[2020-10-24T06:36:14.213+0000][7][gc           ] GC(365) Pause Young (Normal) (G1 Evacuation Pause) 184M->139M(256M) 7.820ms
[2020-10-24T06:36:14.213+0000][7][gc,cpu       ] GC(365) User=0.02s Sys=0.00s Real=0.01s
[2020-10-24T06:36:14.214+0000][7][safepoint    ] Safepoint "G1CollectForAllocation", Time since last: 3538500 ns, Reaching safepoint: 219500 ns, At safepoint: 8231100 ns, Total: 8450600 ns
[2020-10-24T06:36:14.224+0000][7][safepoint    ] Safepoint "BulkRevokeBias", Time since last: 9070400 ns, Reaching safepoint: 268500 ns, At safepoint: 678000 ns, Total: 946500 ns
[2020-10-24T06:36:16.012+0000][7][safepoint    ] Safepoint "Cleanup", Time since last: 1787998000 ns, Reaching safepoint: 227300 ns, At safepoint: 10900 ns, Total: 238200 ns
[2020-10-24T06:36:17.013+0000][7][safepoint    ] Safepoint "Cleanup", Time since last: 1000528900 ns, Reaching safepoint: 295400 ns, At safepoint: 17100 ns, Total: 312500 ns
[2020-10-24T06:36:18.014+0000][7][safepoint    ] Safepoint "Cleanup", Time since last: 1000610000 ns, Reaching safepoint: 209900 ns, At safepoint: 11000 ns, Total: 220900 ns
[2020-10-24T06:36:19.015+0000][7][safepoint    ] Safepoint "Cleanup", Time since last: 1000459200 ns, Reaching safepoint: 799700 ns, At safepoint: 44600 ns, Total: 844300 ns
[2020-10-24T06:36:20.017+0000][7][safepoint    ] Safepoint "Cleanup", Time since last: 1001154600 ns, Reaching safepoint: 742000 ns, At safepoint: 178300 ns, Total: 920300 ns
[2020-10-24T06:36:21.018+0000][7][safepoint    ] Safepoint "Cleanup", Time since last: 1001237000 ns, Reaching safepoint: 194600 ns, At safepoint: 9400 ns, Total: 204000 ns
[2020-10-24T06:36:22.020+0000][7][safepoint    ] Safepoint "Cleanup", Time since last: 1000614700 ns, Reaching safepoint: 564800 ns, At safepoint: 38700 ns, Total: 603500 ns
[2020-10-24T06:36:22.863+0000][7][gc,start     ] GC(366) Pause Young (Concurrent Start) (G1 Evacuation Pause)
[2020-10-24T06:36:22.863+0000][7][gc,task      ] GC(366) Using 6 workers of 10 for evacuation
[2020-10-24T06:36:22.863+0000][7][gc,age       ] GC(366) Desired survivor size 3670016 bytes, new threshold 15 (max threshold 15)
[2020-10-24T06:36:22.867+0000][7][gc,age       ] GC(366) Age table with threshold 15 (max threshold 15)
[2020-10-24T06:36:22.868+0000][7][gc,age       ] GC(366) - age   1:    3948968 bytes,    3948968 total
[2020-10-24T06:36:22.868+0000][7][gc,age       ] GC(366) - age   2:      75904 bytes,    4024872 total
[2020-10-24T06:36:22.868+0000][7][gc,age       ] GC(366) - age   3:     322736 bytes,    4347608 total
[2020-10-24T06:36:22.869+0000][7][gc,age       ] GC(366) - age   4:      17120 bytes,    4364728 total
[2020-10-24T06:36:22.869+0000][7][gc,age       ] GC(366) - age   5:     603024 bytes,    4967752 total
[2020-10-24T06:36:22.869+0000][7][gc,age       ] GC(366) - age   6:      61400 bytes,    5029152 total
[2020-10-24T06:36:22.870+0000][7][gc,age       ] GC(366) - age   7:      94976 bytes,    5124128 total
[2020-10-24T06:36:22.870+0000][7][gc,age       ] GC(366) - age   8:      74728 bytes,    5198856 total
[2020-10-24T06:36:22.870+0000][7][gc,phases    ] GC(366)   Pre Evacuate Collection Set: 0.6ms
[2020-10-24T06:36:22.870+0000][7][gc,phases    ] GC(366)   Merge Heap Roots: 0.2ms
[2020-10-24T06:36:22.870+0000][7][gc,phases    ] GC(366)   Evacuate Collection Set: 2.2ms
[2020-10-24T06:36:22.871+0000][7][gc,phases    ] GC(366)   Post Evacuate Collection Set: 1.0ms
[2020-10-24T06:36:22.871+0000][7][gc,phases    ] GC(366)   Other: 3.7ms
[2020-10-24T06:36:22.871+0000][7][gc,heap      ] GC(366) Eden regions: 46->0(40)
[2020-10-24T06:36:22.871+0000][7][gc,heap      ] GC(366) Survivor regions: 3->6(7)
[2020-10-24T06:36:22.872+0000][7][gc,heap      ] GC(366) Old regions: 122->122
[2020-10-24T06:36:22.872+0000][7][gc,heap      ] GC(366) Archive regions: 2->2
[2020-10-24T06:36:22.872+0000][7][gc,heap      ] GC(366) Humongous regions: 15->15
[2020-10-24T06:36:22.872+0000][7][gc,metaspace ] GC(366) Metaspace: 109990K(118564K)->109990K(118564K) NonClass: 96071K(101080K)->96071K(101080K) Class: 13918K(17484K)->13918K(17484K)
[2020-10-24T06:36:22.872+0000][7][gc           ] GC(366) Pause Young (Concurrent Start) (G1 Evacuation Pause) 185M->142M(256M) 9.786ms
[2020-10-24T06:36:22.872+0000][7][gc,cpu       ] GC(366) User=0.00s Sys=0.02s Real=0.01s
[2020-10-24T06:36:22.873+0000][7][gc           ] GC(367) Concurrent Cycle
[2020-10-24T06:36:22.873+0000][7][gc,marking   ] GC(367) Concurrent Clear Claimed Marks
[2020-10-24T06:36:22.873+0000][7][safepoint    ] Safepoint "G1CollectForAllocation", Time since last: 842642700 ns, Reaching safepoint: 264300 ns, At safepoint: 10265900 ns, Total: 10530200 ns
[2020-10-24T06:36:22.874+0000][7][gc,marking   ] GC(367) Concurrent Clear Claimed Marks 0.958ms
[2020-10-24T06:36:22.874+0000][7][gc,marking   ] GC(367) Concurrent Scan Root Regions
[2020-10-24T06:36:22.875+0000][7][gc,marking   ] GC(367) Concurrent Scan Root Regions 1.296ms
[2020-10-24T06:36:22.876+0000][7][gc,marking   ] GC(367) Concurrent Mark (3140.242s)
[2020-10-24T06:36:22.876+0000][7][gc,marking   ] GC(367) Concurrent Mark From Roots
[2020-10-24T06:36:22.876+0000][7][gc,task      ] GC(367) Using 3 workers of 3 for marking
[2020-10-24T06:36:22.931+0000][7][gc,marking   ] GC(367) Concurrent Mark From Roots 55.417ms
[2020-10-24T06:36:22.932+0000][7][gc,marking   ] GC(367) Concurrent Preclean
[2020-10-24T06:36:22.933+0000][7][gc,marking   ] GC(367) Concurrent Preclean 0.766ms
[2020-10-24T06:36:22.933+0000][7][gc,marking   ] GC(367) Concurrent Mark (3140.242s, 3140.299s) 57.071ms
[2020-10-24T06:36:22.933+0000][7][gc,start     ] GC(367) Pause Remark
[2020-10-24T06:36:22.941+0000][7][gc           ] GC(367) Pause Remark 145M->145M(256M) 8.071ms
[2020-10-24T06:36:22.942+0000][7][gc,cpu       ] GC(367) User=0.05s Sys=0.00s Real=0.01s
[2020-10-24T06:36:22.942+0000][7][safepoint    ] Safepoint "G1Concurrent", Time since last: 60376000 ns, Reaching safepoint: 226700 ns, At safepoint: 8797300 ns, Total: 9024000 ns
[2020-10-24T06:36:22.943+0000][7][gc,marking   ] GC(367) Concurrent Rebuild Remembered Sets
[2020-10-24T06:36:22.982+0000][7][gc,marking   ] GC(367) Concurrent Rebuild Remembered Sets 39.056ms
[2020-10-24T06:36:22.982+0000][7][gc,start     ] GC(367) Pause Cleanup
[2020-10-24T06:36:22.983+0000][7][gc           ] GC(367) Pause Cleanup 146M->146M(256M) 0.514ms
[2020-10-24T06:36:22.983+0000][7][gc,cpu       ] GC(367) User=0.01s Sys=0.00s Real=0.00s
[2020-10-24T06:36:22.983+0000][7][safepoint    ] Safepoint "G1Concurrent", Time since last: 39842400 ns, Reaching safepoint: 241500 ns, At safepoint: 1109900 ns, Total: 1351400 ns
[2020-10-24T06:36:22.984+0000][7][gc,marking   ] GC(367) Concurrent Cleanup for Next Mark
[2020-10-24T06:36:22.984+0000][7][gc,marking   ] GC(367) Concurrent Cleanup for Next Mark 0.591ms
[2020-10-24T06:36:22.984+0000][7][gc           ] GC(367) Concurrent Cycle 111.731ms
[2020-10-24T06:36:23.824+0000][7][gc,start     ] GC(368) Pause Young (Normal) (G1 Evacuation Pause)
[2020-10-24T06:36:23.825+0000][7][gc,task      ] GC(368) Using 6 workers of 10 for evacuation
[2020-10-24T06:36:23.825+0000][7][gc,age       ] GC(368) Desired survivor size 3145728 bytes, new threshold 1 (max threshold 15)
[2020-10-24T06:36:23.828+0000][7][gc,age       ] GC(368) Age table with threshold 1 (max threshold 15)
[2020-10-24T06:36:23.828+0000][7][gc,age       ] GC(368) - age   1:     780360 bytes,     780360 total
[2020-10-24T06:36:23.829+0000][7][gc,phases    ] GC(368)   Pre Evacuate Collection Set: 0.2ms
[2020-10-24T06:36:23.829+0000][7][gc,phases    ] GC(368)   Merge Heap Roots: 0.2ms
[2020-10-24T06:36:23.829+0000][7][gc,phases    ] GC(368)   Evacuate Collection Set: 1.5ms
[2020-10-24T06:36:23.830+0000][7][gc,phases    ] GC(368)   Post Evacuate Collection Set: 1.0ms
[2020-10-24T06:36:23.830+0000][7][gc,phases    ] GC(368)   Other: 1.9ms
[2020-10-24T06:36:23.830+0000][7][gc,heap      ] GC(368) Eden regions: 40->0(44)
[2020-10-24T06:36:23.830+0000][7][gc,heap      ] GC(368) Survivor regions: 6->1(6)
[2020-10-24T06:36:23.830+0000][7][gc,heap      ] GC(368) Old regions: 121->124
[2020-10-24T06:36:23.831+0000][7][gc,heap      ] GC(368) Archive regions: 2->2
[2020-10-24T06:36:23.831+0000][7][gc,heap      ] GC(368) Humongous regions: 15->15
[2020-10-24T06:36:23.831+0000][7][gc,metaspace ] GC(368) Metaspace: 109990K(118564K)->109990K(118564K) NonClass: 96071K(101080K)->96071K(101080K) Class: 13918K(17484K)->13918K(17484K)
[2020-10-24T06:36:23.831+0000][7][gc           ] GC(368) Pause Young (Normal) (G1 Evacuation Pause) 181M->140M(256M) 6.979ms
[2020-10-24T06:36:23.831+0000][7][gc,cpu       ] GC(368) User=0.01s Sys=0.01s Real=0.01s
[2020-10-24T06:36:23.831+0000][7][safepoint    ] Safepoint "G1CollectForAllocation", Time since last: 840530200 ns, Reaching safepoint: 227600 ns, At safepoint: 7396900 ns, Total: 7624500 ns
[2020-10-24T06:36:23.845+0000][7][safepoint    ] Safepoint "BulkRevokeBias", Time since last: 12725700 ns, Reaching safepoint: 241200 ns, At safepoint: 773900 ns, Total: 1015100 ns
[2020-10-24T06:36:24.850+0000][7][safepoint    ] Safepoint "Cleanup", Time since last: 1004515300 ns, Reaching safepoint: 363800 ns, At safepoint: 20900 ns, Total: 384700 ns
[2020-10-24T06:36:25.851+0000][7][safepoint    ] Safepoint "Cleanup", Time since last: 1000764800 ns, Reaching safepoint: 244300 ns, At safepoint: 11800 ns, Total: 256100 ns
[2020-10-24T06:36:26.196+0000][7][safepoint    ] Safepoint "BulkRevokeBias", Time since last: 344029900 ns, Reaching safepoint: 216600 ns, At safepoint: 686200 ns, Total: 902800 ns
[2020-10-24T06:36:27.197+0000][7][safepoint    ] Safepoint "Cleanup", Time since last: 1000527100 ns, Reaching safepoint: 215000 ns, At safepoint: 22400 ns, Total: 237400 ns
[2020-10-24T06:36:28.198+0000][7][safepoint    ] Safepoint "Cleanup", Time since last: 1000552900 ns, Reaching safepoint: 198700 ns, At safepoint: 10300 ns, Total: 209000 ns
[2020-10-24T06:36:29.198+0000][7][safepoint    ] Safepoint "Cleanup", Time since last: 1000485300 ns, Reaching safepoint: 293500 ns, At safepoint: 9000 ns, Total: 302500 ns
[2020-10-24T06:36:30.199+0000][7][safepoint    ] Safepoint "Cleanup", Time since last: 1000525500 ns, Reaching safepoint: 237200 ns, At safepoint: 9600 ns, Total: 246800 ns
[2020-10-24T06:36:31.200+0000][7][safepoint    ] Safepoint "Cleanup", Time since last: 1000590000 ns, Reaching safepoint: 579300 ns, At safepoint: 33900 ns, Total: 613200 ns
[2020-10-24T06:36:32.201+0000][7][safepoint    ] Safepoint "Cleanup", Time since last: 1000812100 ns, Reaching safepoint: 259300 ns, At safepoint: 8900 ns, Total: 268200 ns
[2020-10-24T06:36:33.202+0000][7][safepoint    ] Safepoint "Cleanup", Time since last: 1000504500 ns, Reaching safepoint: 209600 ns, At safepoint: 9400 ns, Total: 219000 ns
[2020-10-24T06:36:34.204+0000][7][safepoint    ] Safepoint "Cleanup", Time since last: 1000810800 ns, Reaching safepoint: 776300 ns, At safepoint: 47800 ns, Total: 824100 ns
[2020-10-24T06:36:35.206+0000][7][safepoint    ] Safepoint "Cleanup", Time since last: 1001249700 ns, Reaching safepoint: 637400 ns, At safepoint: 51800 ns, Total: 689200 ns
[2020-10-24T06:36:36.208+0000][7][safepoint    ] Safepoint "Cleanup", Time since last: 1001293200 ns, Reaching safepoint: 535100 ns, At safepoint: 29200 ns, Total: 564300 ns
[2020-10-24T06:36:37.209+0000][7][safepoint    ] Safepoint "Cleanup", Time since last: 1000994900 ns, Reaching safepoint: 335100 ns, At safepoint: 17100 ns, Total: 352200 ns
[2020-10-24T06:36:38.210+0000][7][safepoint    ] Safepoint "Cleanup", Time since last: 1000645500 ns, Reaching safepoint: 414400 ns, At safepoint: 23500 ns, Total: 437900 ns
[2020-10-24T06:36:39.211+0000][7][safepoint    ] Safepoint "Cleanup", Time since last: 1000797500 ns, Reaching safepoint: 420300 ns, At safepoint: 19700 ns, Total: 440000 ns
[2020-10-24T06:36:40.212+0000][7][safepoint    ] Safepoint "Cleanup", Time since last: 1000710100 ns, Reaching safepoint: 245600 ns, At safepoint: 11100 ns, Total: 256700 ns
[2020-10-24T06:36:41.213+0000][7][safepoint    ] Safepoint "Cleanup", Time since last: 1000523000 ns, Reaching safepoint: 262100 ns, At safepoint: 9100 ns, Total: 271200 ns
[2020-10-24T06:36:42.214+0000][7][safepoint    ] Safepoint "Cleanup", Time since last: 1000557600 ns, Reaching safepoint: 401400 ns, At safepoint: 20500 ns, Total: 421900 ns
[2020-10-24T06:36:43.215+0000][7][safepoint    ] Safepoint "Cleanup", Time since last: 1000682300 ns, Reaching safepoint: 213900 ns, At safepoint: 23600 ns, Total: 237500 ns
[2020-10-24T06:36:43.510+0000][7][gc,start     ] GC(369) Pause Young (Concurrent Start) (G1 Evacuation Pause)
[2020-10-24T06:36:43.510+0000][7][gc,task      ] GC(369) Using 6 workers of 10 for evacuation
[2020-10-24T06:36:43.511+0000][7][gc,age       ] GC(369) Desired survivor size 3145728 bytes, new threshold 15 (max threshold 15)
[2020-10-24T06:36:43.514+0000][7][gc,age       ] GC(369) Age table with threshold 15 (max threshold 15)
[2020-10-24T06:36:43.515+0000][7][gc,age       ] GC(369) - age   1:     279352 bytes,     279352 total
[2020-10-24T06:36:43.515+0000][7][gc,age       ] GC(369) - age   2:     252024 bytes,     531376 total
[2020-10-24T06:36:43.515+0000][7][gc,phases    ] GC(369)   Pre Evacuate Collection Set: 0.6ms
[2020-10-24T06:36:43.516+0000][7][gc,phases    ] GC(369)   Merge Heap Roots: 0.2ms
[2020-10-24T06:36:43.516+0000][7][gc,phases    ] GC(369)   Evacuate Collection Set: 1.5ms
[2020-10-24T06:36:43.516+0000][7][gc,phases    ] GC(369)   Post Evacuate Collection Set: 1.0ms
[2020-10-24T06:36:43.516+0000][7][gc,phases    ] GC(369)   Other: 2.0ms
[2020-10-24T06:36:43.517+0000][7][gc,heap      ] GC(369) Eden regions: 44->0(45)
[2020-10-24T06:36:43.517+0000][7][gc,heap      ] GC(369) Survivor regions: 1->1(6)
[2020-10-24T06:36:43.517+0000][7][gc,heap      ] GC(369) Old regions: 124->124
[2020-10-24T06:36:43.517+0000][7][gc,heap      ] GC(369) Archive regions: 2->2
[2020-10-24T06:36:43.518+0000][7][gc,heap      ] GC(369) Humongous regions: 15->15
[2020-10-24T06:36:43.518+0000][7][gc,metaspace ] GC(369) Metaspace: 109991K(118564K)->109991K(118564K) NonClass: 96073K(101080K)->96073K(101080K) Class: 13918K(17484K)->13918K(17484K)
[2020-10-24T06:36:43.518+0000][7][gc           ] GC(369) Pause Young (Concurrent Start) (G1 Evacuation Pause) 184M->139M(256M) 7.891ms
[2020-10-24T06:36:43.518+0000][7][gc,cpu       ] GC(369) User=0.01s Sys=0.00s Real=0.01s
[2020-10-24T06:36:43.519+0000][7][safepoint    ] Safepoint "G1CollectForAllocation", Time since last: 294874700 ns, Reaching safepoint: 265000 ns, At safepoint: 8432600 ns, Total: 8697600 ns
[2020-10-24T06:36:43.519+0000][7][gc           ] GC(370) Concurrent Cycle
[2020-10-24T06:36:43.519+0000][7][gc,marking   ] GC(370) Concurrent Clear Claimed Marks
[2020-10-24T06:36:43.520+0000][7][gc,marking   ] GC(370) Concurrent Clear Claimed Marks 0.626ms
[2020-10-24T06:36:43.520+0000][7][gc,marking   ] GC(370) Concurrent Scan Root Regions
[2020-10-24T06:36:43.521+0000][7][gc,marking   ] GC(370) Concurrent Scan Root Regions 1.266ms
[2020-10-24T06:36:43.521+0000][7][gc,marking   ] GC(370) Concurrent Mark (3160.888s)
[2020-10-24T06:36:43.522+0000][7][gc,marking   ] GC(370) Concurrent Mark From Roots
[2020-10-24T06:36:43.522+0000][7][gc,task      ] GC(370) Using 3 workers of 3 for marking
[2020-10-24T06:36:43.576+0000][7][gc,marking   ] GC(370) Concurrent Mark From Roots 54.242ms
[2020-10-24T06:36:43.576+0000][7][gc,marking   ] GC(370) Concurrent Preclean
[2020-10-24T06:36:43.577+0000][7][gc,marking   ] GC(370) Concurrent Preclean 0.807ms
[2020-10-24T06:36:43.577+0000][7][gc,marking   ] GC(370) Concurrent Mark (3160.888s, 3160.944s) 55.870ms
[2020-10-24T06:36:43.578+0000][7][gc,start     ] GC(370) Pause Remark
[2020-10-24T06:36:43.585+0000][7][gc           ] GC(370) Pause Remark 141M->141M(256M) 6.927ms
[2020-10-24T06:36:43.585+0000][7][gc,cpu       ] GC(370) User=0.03s Sys=0.00s Real=0.00s
[2020-10-24T06:36:43.586+0000][7][safepoint    ] Safepoint "G1Concurrent", Time since last: 59100200 ns, Reaching safepoint: 253800 ns, At safepoint: 7667300 ns, Total: 7921100 ns
[2020-10-24T06:36:43.586+0000][7][gc,marking   ] GC(370) Concurrent Rebuild Remembered Sets
[2020-10-24T06:36:43.618+0000][7][gc,marking   ] GC(370) Concurrent Rebuild Remembered Sets 32.441ms
[2020-10-24T06:36:43.619+0000][7][gc,start     ] GC(370) Pause Cleanup
[2020-10-24T06:36:43.620+0000][7][gc           ] GC(370) Pause Cleanup 141M->141M(256M) 0.575ms
[2020-10-24T06:36:43.620+0000][7][gc,cpu       ] GC(370) User=0.00s Sys=0.00s Real=0.00s
[2020-10-24T06:36:43.620+0000][7][safepoint    ] Safepoint "G1Concurrent", Time since last: 33264600 ns, Reaching safepoint: 252700 ns, At safepoint: 1233000 ns, Total: 1485700 ns
[2020-10-24T06:36:43.621+0000][7][gc,marking   ] GC(370) Concurrent Cleanup for Next Mark
[2020-10-24T06:36:43.621+0000][7][gc,marking   ] GC(370) Concurrent Cleanup for Next Mark 0.569ms
[2020-10-24T06:36:43.621+0000][7][gc           ] GC(370) Concurrent Cycle 102.881ms
[2020-10-24T06:36:45.482+0000][7][safepoint    ] Safepoint "Cleanup", Time since last: 1861843300 ns, Reaching safepoint: 240500 ns, At safepoint: 11500 ns, Total: 252000 ns
[2020-10-24T06:36:46.483+0000][7][safepoint    ] Safepoint "Cleanup", Time since last: 1000562400 ns, Reaching safepoint: 219100 ns, At safepoint: 9600 ns, Total: 228700 ns
[2020-10-24T06:36:47.484+0000][7][safepoint    ] Safepoint "Cleanup", Time since last: 1000518800 ns, Reaching safepoint: 246500 ns, At safepoint: 9300 ns, Total: 255800 ns
[2020-10-24T06:36:48.485+0000][7][safepoint    ] Safepoint "Cleanup", Time since last: 1000639700 ns, Reaching safepoint: 787000 ns, At safepoint: 48500 ns, Total: 835500 ns
[2020-10-24T06:36:49.487+0000][7][safepoint    ] Safepoint "Cleanup", Time since last: 1001162700 ns, Reaching safepoint: 231900 ns, At safepoint: 12000 ns, Total: 243900 ns
[2020-10-24T06:36:50.491+0000][7][safepoint    ] Safepoint "Cleanup", Time since last: 1003824900 ns, Reaching safepoint: 238600 ns, At safepoint: 9300 ns, Total: 247900 ns
[2020-10-24T06:36:51.492+0000][7][safepoint    ] Safepoint "Cleanup", Time since last: 1000498700 ns, Reaching safepoint: 263300 ns, At safepoint: 9100 ns, Total: 272400 ns
[2020-10-24T06:36:52.493+0000][7][safepoint    ] Safepoint "Cleanup", Time since last: 1000628400 ns, Reaching safepoint: 811700 ns, At safepoint: 48000 ns, Total: 859700 ns
[2020-10-24T06:36:53.495+0000][7][safepoint    ] Safepoint "Cleanup", Time since last: 1001374300 ns, Reaching safepoint: 297100 ns, At safepoint: 9000 ns, Total: 306100 ns
[2020-10-24T06:36:54.496+0000][7][safepoint    ] Safepoint "Cleanup", Time since last: 1000478200 ns, Reaching safepoint: 267700 ns, At safepoint: 8800 ns, Total: 276500 ns
[2020-10-24T06:36:55.497+0000][7][safepoint    ] Safepoint "Cleanup", Time since last: 1000643500 ns, Reaching safepoint: 654700 ns, At safepoint: 51500 ns, Total: 706200 ns
[2020-10-24T06:36:56.499+0000][7][safepoint    ] Safepoint "Cleanup", Time since last: 1001310200 ns, Reaching safepoint: 585100 ns, At safepoint: 33400 ns, Total: 618500 ns
[2020-10-24T06:36:57.501+0000][7][safepoint    ] Safepoint "Cleanup", Time since last: 1000993000 ns, Reaching safepoint: 814600 ns, At safepoint: 45200 ns, Total: 859800 ns
[2020-10-24T06:36:58.502+0000][7][safepoint    ] Safepoint "Cleanup", Time since last: 1001175900 ns, Reaching safepoint: 209400 ns, At safepoint: 9400 ns, Total: 218800 ns
[2020-10-24T06:36:59.503+0000][7][safepoint    ] Safepoint "Cleanup", Time since last: 1000504900 ns, Reaching safepoint: 282700 ns, At safepoint: 13400 ns, Total: 296100 ns
[2020-10-24T06:37:00.504+0000][7][safepoint    ] Safepoint "Cleanup", Time since last: 1000735900 ns, Reaching safepoint: 788000 ns, At safepoint: 44900 ns, Total: 832900 ns
[2020-10-24T06:37:01.298+0000][7][gc,start     ] GC(371) Pause Young (Normal) (G1 Evacuation Pause)
[2020-10-24T06:37:01.299+0000][7][gc,task      ] GC(371) Using 6 workers of 10 for evacuation
[2020-10-24T06:37:01.299+0000][7][gc,age       ] GC(371) Desired survivor size 3145728 bytes, new threshold 15 (max threshold 15)
[2020-10-24T06:37:01.302+0000][7][gc,age       ] GC(371) Age table with threshold 15 (max threshold 15)
[2020-10-24T06:37:01.302+0000][7][gc,age       ] GC(371) - age   1:     269040 bytes,     269040 total
[2020-10-24T06:37:01.303+0000][7][gc,age       ] GC(371) - age   2:     220880 bytes,     489920 total
[2020-10-24T06:37:01.303+0000][7][gc,age       ] GC(371) - age   3:     244736 bytes,     734656 total
[2020-10-24T06:37:01.303+0000][7][gc,phases    ] GC(371)   Pre Evacuate Collection Set: 0.1ms
[2020-10-24T06:37:01.303+0000][7][gc,phases    ] GC(371)   Merge Heap Roots: 0.1ms
[2020-10-24T06:37:01.303+0000][7][gc,phases    ] GC(371)   Evacuate Collection Set: 1.4ms
[2020-10-24T06:37:01.303+0000][7][gc,phases    ] GC(371)   Post Evacuate Collection Set: 0.9ms
[2020-10-24T06:37:01.304+0000][7][gc,phases    ] GC(371)   Other: 2.1ms
[2020-10-24T06:37:01.304+0000][7][gc,heap      ] GC(371) Eden regions: 45->0(46)
[2020-10-24T06:37:01.304+0000][7][gc,heap      ] GC(371) Survivor regions: 1->1(6)
[2020-10-24T06:37:01.304+0000][7][gc,heap      ] GC(371) Old regions: 124->124
[2020-10-24T06:37:01.304+0000][7][gc,heap      ] GC(371) Archive regions: 2->2
[2020-10-24T06:37:01.304+0000][7][gc,heap      ] GC(371) Humongous regions: 15->15
[2020-10-24T06:37:01.304+0000][7][gc,metaspace ] GC(371) Metaspace: 109994K(118564K)->109994K(118564K) NonClass: 96075K(101080K)->96075K(101080K) Class: 13918K(17484K)->13918K(17484K)
[2020-10-24T06:37:01.304+0000][7][gc           ] GC(371) Pause Young (Normal) (G1 Evacuation Pause) 184M->139M(256M) 6.173ms
[2020-10-24T06:37:01.305+0000][7][gc,cpu       ] GC(371) User=0.01s Sys=0.00s Real=0.00s
[2020-10-24T06:37:01.305+0000][7][safepoint    ] Safepoint "G1CollectForAllocation", Time since last: 793529600 ns, Reaching safepoint: 270200 ns, At safepoint: 6468400 ns, Total: 6738600 ns
[2020-10-24T06:37:03.049+0000][7][safepoint    ] Safepoint "Cleanup", Time since last: 1743662900 ns, Reaching safepoint: 292300 ns, At safepoint: 8800 ns, Total: 301100 ns
[2020-10-24T06:37:04.050+0000][7][safepoint    ] Safepoint "Cleanup", Time since last: 1000628400 ns, Reaching safepoint: 214400 ns, At safepoint: 9600 ns, Total: 224000 ns
[2020-10-24T06:37:05.050+0000][7][safepoint    ] Safepoint "Cleanup", Time since last: 1000539000 ns, Reaching safepoint: 217300 ns, At safepoint: 10400 ns, Total: 227700 ns
[2020-10-24T06:37:06.052+0000][7][safepoint    ] Safepoint "Cleanup", Time since last: 1000640200 ns, Reaching safepoint: 976000 ns, At safepoint: 126700 ns, Total: 1102700 ns
[2020-10-24T06:37:07.053+0000][7][safepoint    ] Safepoint "Cleanup", Time since last: 1001019300 ns, Reaching safepoint: 228400 ns, At safepoint: 10100 ns, Total: 238500 ns
[2020-10-24T06:37:08.055+0000][7][safepoint    ] Safepoint "Cleanup", Time since last: 1000628200 ns, Reaching safepoint: 766100 ns, At safepoint: 49200 ns, Total: 815300 ns
[2020-10-24T06:37:08.208+0000][7][gc,start     ] GC(372) Pause Young (Concurrent Start) (G1 Evacuation Pause)
[2020-10-24T06:37:08.209+0000][7][gc,task      ] GC(372) Using 6 workers of 10 for evacuation
[2020-10-24T06:37:08.210+0000][7][gc,age       ] GC(372) Desired survivor size 3145728 bytes, new threshold 15 (max threshold 15)
[2020-10-24T06:37:08.222+0000][7][gc,age       ] GC(372) Age table with threshold 15 (max threshold 15)
[2020-10-24T06:37:08.222+0000][7][gc,age       ] GC(372) - age   1:     345128 bytes,     345128 total
[2020-10-24T06:37:08.223+0000][7][gc,age       ] GC(372) - age   2:     130464 bytes,     475592 total
[2020-10-24T06:37:08.224+0000][7][gc,age       ] GC(372) - age   3:     220016 bytes,     695608 total
[2020-10-24T06:37:08.225+0000][7][gc,age       ] GC(372) - age   4:     244736 bytes,     940344 total
[2020-10-24T06:37:08.226+0000][7][gc,phases    ] GC(372)   Pre Evacuate Collection Set: 1.5ms
[2020-10-24T06:37:08.227+0000][7][gc,phases    ] GC(372)   Merge Heap Roots: 0.5ms
[2020-10-24T06:37:08.228+0000][7][gc,phases    ] GC(372)   Evacuate Collection Set: 4.9ms
[2020-10-24T06:37:08.229+0000][7][gc,phases    ] GC(372)   Post Evacuate Collection Set: 3.3ms
[2020-10-24T06:37:08.229+0000][7][gc,phases    ] GC(372)   Other: 7.8ms
[2020-10-24T06:37:08.230+0000][7][gc,heap      ] GC(372) Eden regions: 46->0(46)
[2020-10-24T06:37:08.231+0000][7][gc,heap      ] GC(372) Survivor regions: 1->1(6)
[2020-10-24T06:37:08.232+0000][7][gc,heap      ] GC(372) Old regions: 124->124
[2020-10-24T06:37:08.232+0000][7][gc,heap      ] GC(372) Archive regions: 2->2
[2020-10-24T06:37:08.233+0000][7][gc,heap      ] GC(372) Humongous regions: 15->15
[2020-10-24T06:37:08.234+0000][7][gc,metaspace ] GC(372) Metaspace: 110007K(118564K)->110007K(118564K) NonClass: 96089K(101080K)->96089K(101080K) Class: 13918K(17484K)->13918K(17484K)
[2020-10-24T06:37:08.235+0000][7][gc           ] GC(372) Pause Young (Concurrent Start) (G1 Evacuation Pause) 185M->140M(256M) 26.211ms
[2020-10-24T06:37:08.235+0000][7][gc,cpu       ] GC(372) User=0.04s Sys=0.00s Real=0.02s
[2020-10-24T06:37:08.236+0000][7][safepoint    ] Safepoint "G1CollectForAllocation", Time since last: 152595700 ns, Reaching safepoint: 816600 ns, At safepoint: 27814400 ns, Total: 28631000 ns
[2020-10-24T06:37:08.236+0000][7][gc           ] GC(373) Concurrent Cycle
[2020-10-24T06:37:08.237+0000][7][gc,marking   ] GC(373) Concurrent Clear Claimed Marks
[2020-10-24T06:37:08.239+0000][7][gc,marking   ] GC(373) Concurrent Clear Claimed Marks 1.408ms
[2020-10-24T06:37:08.239+0000][7][gc,marking   ] GC(373) Concurrent Scan Root Regions
[2020-10-24T06:37:08.242+0000][7][gc,marking   ] GC(373) Concurrent Scan Root Regions 2.968ms
[2020-10-24T06:37:08.243+0000][7][gc,marking   ] GC(373) Concurrent Mark (3185.609s)
[2020-10-24T06:37:08.243+0000][7][gc,marking   ] GC(373) Concurrent Mark From Roots
[2020-10-24T06:37:08.244+0000][7][gc,task      ] GC(373) Using 3 workers of 3 for marking
[2020-10-24T06:37:08.303+0000][7][gc,marking   ] GC(373) Concurrent Mark From Roots 60.038ms
[2020-10-24T06:37:08.304+0000][7][gc,marking   ] GC(373) Concurrent Preclean
[2020-10-24T06:37:08.304+0000][7][gc,marking   ] GC(373) Concurrent Preclean 0.706ms
[2020-10-24T06:37:08.305+0000][7][gc,marking   ] GC(373) Concurrent Mark (3185.609s, 3185.671s) 61.946ms
[2020-10-24T06:37:08.305+0000][7][gc,start     ] GC(373) Pause Remark
[2020-10-24T06:37:08.312+0000][7][gc           ] GC(373) Pause Remark 141M->140M(256M) 6.785ms
[2020-10-24T06:37:08.312+0000][7][gc,cpu       ] GC(373) User=0.03s Sys=0.01s Real=0.01s
[2020-10-24T06:37:08.313+0000][7][safepoint    ] Safepoint "G1Concurrent", Time since last: 69081500 ns, Reaching safepoint: 201600 ns, At safepoint: 7478200 ns, Total: 7679800 ns
[2020-10-24T06:37:08.313+0000][7][gc,marking   ] GC(373) Concurrent Rebuild Remembered Sets
[2020-10-24T06:37:08.345+0000][7][gc,marking   ] GC(373) Concurrent Rebuild Remembered Sets 31.568ms
[2020-10-24T06:37:08.345+0000][7][gc,start     ] GC(373) Pause Cleanup
[2020-10-24T06:37:08.346+0000][7][gc           ] GC(373) Pause Cleanup 140M->140M(256M) 0.533ms
[2020-10-24T06:37:08.346+0000][7][gc,cpu       ] GC(373) User=0.00s Sys=0.00s Real=0.00s
[2020-10-24T06:37:08.346+0000][7][safepoint    ] Safepoint "G1Concurrent", Time since last: 32371700 ns, Reaching safepoint: 201800 ns, At safepoint: 1146000 ns, Total: 1347800 ns
[2020-10-24T06:37:08.347+0000][7][gc,marking   ] GC(373) Concurrent Cleanup for Next Mark
[2020-10-24T06:37:08.348+0000][7][gc,marking   ] GC(373) Concurrent Cleanup for Next Mark 0.689ms
[2020-10-24T06:37:08.348+0000][7][gc           ] GC(373) Concurrent Cycle 111.782ms
[2020-10-24T06:37:09.348+0000][7][safepoint    ] Safepoint "Cleanup", Time since last: 1000607200 ns, Reaching safepoint: 708000 ns, At safepoint: 37100 ns, Total: 745100 ns
[2020-10-24T06:37:10.349+0000][7][safepoint    ] Safepoint "Cleanup", Time since last: 1001073800 ns, Reaching safepoint: 242300 ns, At safepoint: 11900 ns, Total: 254200 ns
[2020-10-24T06:37:11.350+0000][7][safepoint    ] Safepoint "Cleanup", Time since last: 1000549700 ns, Reaching safepoint: 261000 ns, At safepoint: 29300 ns, Total: 290300 ns
[2020-10-24T06:37:12.351+0000][7][safepoint    ] Safepoint "Cleanup", Time since last: 1000584800 ns, Reaching safepoint: 497200 ns, At safepoint: 28200 ns, Total: 525400 ns
[2020-10-24T06:37:13.352+0000][7][safepoint    ] Safepoint "Cleanup", Time since last: 1000776700 ns, Reaching safepoint: 209400 ns, At safepoint: 23200 ns, Total: 232600 ns
[2020-10-24T06:37:14.353+0000][7][safepoint    ] Safepoint "Cleanup", Time since last: 1000610300 ns, Reaching safepoint: 339500 ns, At safepoint: 19800 ns, Total: 359300 ns
[2020-10-24T06:37:16.074+0000][7][safepoint    ] Safepoint "Cleanup", Time since last: 1720937400 ns, Reaching safepoint: 251200 ns, At safepoint: 8700 ns, Total: 259900 ns
[2020-10-24T06:37:17.075+0000][7][safepoint    ] Safepoint "Cleanup", Time since last: 1000406300 ns, Reaching safepoint: 260300 ns, At safepoint: 9700 ns, Total: 270000 ns
[2020-10-24T06:37:18.237+0000][7][safepoint    ] Safepoint "Cleanup", Time since last: 1161019500 ns, Reaching safepoint: 871900 ns, At safepoint: 46100 ns, Total: 918000 ns
[2020-10-24T06:37:19.238+0000][7][safepoint    ] Safepoint "Cleanup", Time since last: 1001139800 ns, Reaching safepoint: 263100 ns, At safepoint: 12200 ns, Total: 275300 ns
[2020-10-24T06:37:20.239+0000][7][safepoint    ] Safepoint "Cleanup", Time since last: 1000511700 ns, Reaching safepoint: 220700 ns, At safepoint: 23200 ns, Total: 243900 ns
[2020-10-24T06:37:21.241+0000][7][safepoint    ] Safepoint "Cleanup", Time since last: 1000624000 ns, Reaching safepoint: 840800 ns, At safepoint: 185200 ns, Total: 1026000 ns
[2020-10-24T06:37:22.242+0000][7][safepoint    ] Safepoint "Cleanup", Time since last: 1001265000 ns, Reaching safepoint: 283500 ns, At safepoint: 8600 ns, Total: 292100 ns
[2020-10-24T06:37:22.366+0000][7][gc,start     ] GC(374) Pause Young (Prepare Mixed) (G1 Evacuation Pause)
[2020-10-24T06:37:22.367+0000][7][gc,task      ] GC(374) Using 6 workers of 10 for evacuation
[2020-10-24T06:37:22.367+0000][7][gc,age       ] GC(374) Desired survivor size 3145728 bytes, new threshold 15 (max threshold 15)
[2020-10-24T06:37:22.370+0000][7][gc,age       ] GC(374) Age table with threshold 15 (max threshold 15)
[2020-10-24T06:37:22.371+0000][7][gc,age       ] GC(374) - age   1:    3485480 bytes,    3485480 total
[2020-10-24T06:37:22.371+0000][7][gc,age       ] GC(374) - age   2:     245864 bytes,    3731344 total
[2020-10-24T06:37:22.371+0000][7][gc,age       ] GC(374) - age   3:      81048 bytes,    3812392 total
[2020-10-24T06:37:22.372+0000][7][gc,age       ] GC(374) - age   4:     208224 bytes,    4020616 total
[2020-10-24T06:37:22.372+0000][7][gc,age       ] GC(374) - age   5:     233128 bytes,    4253744 total
[2020-10-24T06:37:22.372+0000][7][gc,phases    ] GC(374)   Pre Evacuate Collection Set: 0.1ms
[2020-10-24T06:37:22.372+0000][7][gc,phases    ] GC(374)   Merge Heap Roots: 0.1ms
[2020-10-24T06:37:22.373+0000][7][gc,phases    ] GC(374)   Evacuate Collection Set: 1.8ms
[2020-10-24T06:37:22.373+0000][7][gc,phases    ] GC(374)   Post Evacuate Collection Set: 0.8ms
[2020-10-24T06:37:22.373+0000][7][gc,phases    ] GC(374)   Other: 2.9ms
[2020-10-24T06:37:22.373+0000][7][gc,heap      ] GC(374) Eden regions: 46->0(7)
[2020-10-24T06:37:22.373+0000][7][gc,heap      ] GC(374) Survivor regions: 1->5(6)
[2020-10-24T06:37:22.373+0000][7][gc,heap      ] GC(374) Old regions: 123->123
[2020-10-24T06:37:22.374+0000][7][gc,heap      ] GC(374) Archive regions: 2->2
[2020-10-24T06:37:22.374+0000][7][gc,heap      ] GC(374) Humongous regions: 15->15
[2020-10-24T06:37:22.374+0000][7][gc,metaspace ] GC(374) Metaspace: 110025K(118564K)->110025K(118564K) NonClass: 96106K(101080K)->96106K(101080K) Class: 13919K(17484K)->13919K(17484K)
[2020-10-24T06:37:22.374+0000][7][gc           ] GC(374) Pause Young (Prepare Mixed) (G1 Evacuation Pause) 185M->142M(256M) 7.817ms
[2020-10-24T06:37:22.374+0000][7][gc,cpu       ] GC(374) User=0.01s Sys=0.00s Real=0.01s
[2020-10-24T06:37:22.375+0000][7][safepoint    ] Safepoint "G1CollectForAllocation", Time since last: 123830900 ns, Reaching safepoint: 226300 ns, At safepoint: 8195200 ns, Total: 8421500 ns
[2020-10-24T06:37:22.882+0000][7][gc,start     ] GC(375) Pause Young (Mixed) (G1 Evacuation Pause)
[2020-10-24T06:37:22.882+0000][7][gc,task      ] GC(375) Using 6 workers of 10 for evacuation
[2020-10-24T06:37:22.883+0000][7][gc,age       ] GC(375) Desired survivor size 1048576 bytes, new threshold 1 (max threshold 15)
[2020-10-24T06:37:22.892+0000][7][gc,age       ] GC(375) Age table with threshold 1 (max threshold 15)
[2020-10-24T06:37:22.892+0000][7][gc,age       ] GC(375) - age   1:    1802920 bytes,    1802920 total
[2020-10-24T06:37:22.893+0000][7][gc,phases    ] GC(375)   Pre Evacuate Collection Set: 0.1ms
[2020-10-24T06:37:22.893+0000][7][gc,phases    ] GC(375)   Merge Heap Roots: 0.3ms
[2020-10-24T06:37:22.893+0000][7][gc,phases    ] GC(375)   Evacuate Collection Set: 7.4ms
[2020-10-24T06:37:22.893+0000][7][gc,phases    ] GC(375)   Post Evacuate Collection Set: 1.0ms
[2020-10-24T06:37:22.894+0000][7][gc,phases    ] GC(375)   Other: 1.7ms
[2020-10-24T06:37:22.894+0000][7][gc,heap      ] GC(375) Eden regions: 7->0(53)
[2020-10-24T06:37:22.894+0000][7][gc,heap      ] GC(375) Survivor regions: 5->2(2)
[2020-10-24T06:37:22.894+0000][7][gc,heap      ] GC(375) Old regions: 123->112
[2020-10-24T06:37:22.894+0000][7][gc,heap      ] GC(375) Archive regions: 2->2
[2020-10-24T06:37:22.895+0000][7][gc,heap      ] GC(375) Humongous regions: 15->15
[2020-10-24T06:37:22.895+0000][7][gc,metaspace ] GC(375) Metaspace: 110025K(118564K)->110025K(118564K) NonClass: 96106K(101080K)->96106K(101080K) Class: 13919K(17484K)->13919K(17484K)
[2020-10-24T06:37:22.895+0000][7][gc           ] GC(375) Pause Young (Mixed) (G1 Evacuation Pause) 149M->129M(256M) 12.814ms
[2020-10-24T06:37:22.895+0000][7][gc,cpu       ] GC(375) User=0.05s Sys=0.00s Real=0.01s
[2020-10-24T06:37:22.895+0000][7][safepoint    ] Safepoint "G1CollectForAllocation", Time since last: 507267300 ns, Reaching safepoint: 252100 ns, At safepoint: 13255000 ns, Total: 13507100 ns
[2020-10-24T06:37:22.932+0000][7][gc,start     ] GC(376) Pause Young (Normal) (G1 Evacuation Pause)
[2020-10-24T06:37:22.932+0000][7][gc,task      ] GC(376) Using 6 workers of 10 for evacuation
[2020-10-24T06:37:22.933+0000][7][gc,age       ] GC(376) Desired survivor size 3670016 bytes, new threshold 15 (max threshold 15)
[2020-10-24T06:37:22.937+0000][7][gc,age       ] GC(376) Age table with threshold 15 (max threshold 15)
[2020-10-24T06:37:22.937+0000][7][gc,age       ] GC(376) - age   1:     730072 bytes,     730072 total
[2020-10-24T06:37:22.937+0000][7][gc,age       ] GC(376) - age   2:     449848 bytes,    1179920 total
[2020-10-24T06:37:22.937+0000][7][gc,phases    ] GC(376)   Pre Evacuate Collection Set: 0.2ms
[2020-10-24T06:37:22.938+0000][7][gc,phases    ] GC(376)   Merge Heap Roots: 0.2ms
[2020-10-24T06:37:22.938+0000][7][gc,phases    ] GC(376)   Evacuate Collection Set: 2.3ms
[2020-10-24T06:37:22.938+0000][7][gc,phases    ] GC(376)   Post Evacuate Collection Set: 0.9ms
[2020-10-24T06:37:22.939+0000][7][gc,phases    ] GC(376)   Other: 2.0ms
[2020-10-24T06:37:22.939+0000][7][gc,heap      ] GC(376) Eden regions: 53->0(54)
[2020-10-24T06:37:22.939+0000][7][gc,heap      ] GC(376) Survivor regions: 2->2(7)
[2020-10-24T06:37:22.939+0000][7][gc,heap      ] GC(376) Old regions: 112->112
[2020-10-24T06:37:22.939+0000][7][gc,heap      ] GC(376) Archive regions: 2->2
[2020-10-24T06:37:22.940+0000][7][gc,heap      ] GC(376) Humongous regions: 15->15
[2020-10-24T06:37:22.940+0000][7][gc,metaspace ] GC(376) Metaspace: 110026K(118564K)->110026K(118564K) NonClass: 96107K(101080K)->96107K(101080K) Class: 13919K(17484K)->13919K(17484K)
[2020-10-24T06:37:22.940+0000][7][gc           ] GC(376) Pause Young (Normal) (G1 Evacuation Pause) 182M->128M(256M) 7.892ms
[2020-10-24T06:37:22.940+0000][7][gc,cpu       ] GC(376) User=0.02s Sys=0.01s Real=0.01s
[2020-10-24T06:37:22.940+0000][7][safepoint    ] Safepoint "G1CollectForAllocation", Time since last: 36466200 ns, Reaching safepoint: 206900 ns, At safepoint: 8345900 ns, Total: 8552800 ns
[2020-10-24T06:37:24.927+0000][7][safepoint    ] Safepoint "Cleanup", Time since last: 1986437100 ns, Reaching safepoint: 380200 ns, At safepoint: 18400 ns, Total: 398600 ns
[2020-10-24T06:37:25.928+0000][7][safepoint    ] Safepoint "Cleanup", Time since last: 1000625400 ns, Reaching safepoint: 270000 ns, At safepoint: 13300 ns, Total: 283300 ns
[2020-10-24T06:37:26.929+0000][7][safepoint    ] Safepoint "Cleanup", Time since last: 1000564900 ns, Reaching safepoint: 265500 ns, At safepoint: 8800 ns, Total: 274300 ns
[2020-10-24T06:37:27.930+0000][7][safepoint    ] Safepoint "Cleanup", Time since last: 1000524100 ns, Reaching safepoint: 276800 ns, At safepoint: 9400 ns, Total: 286200 ns
[2020-10-24T06:37:28.931+0000][7][safepoint    ] Safepoint "Cleanup", Time since last: 1000632500 ns, Reaching safepoint: 794200 ns, At safepoint: 45000 ns, Total: 839200 ns
[2020-10-24T06:37:29.933+0000][7][safepoint    ] Safepoint "Cleanup", Time since last: 1001339700 ns, Reaching safepoint: 647700 ns, At safepoint: 127500 ns, Total: 775200 ns
[2020-10-24T06:37:30.935+0000][7][safepoint    ] Safepoint "Cleanup", Time since last: 1001202600 ns, Reaching safepoint: 629200 ns, At safepoint: 37300 ns, Total: 666500 ns
[2020-10-24T06:37:31.937+0000][7][safepoint    ] Safepoint "Cleanup", Time since last: 1001109000 ns, Reaching safepoint: 846300 ns, At safepoint: 44700 ns, Total: 891000 ns
[2020-10-24T06:37:32.939+0000][7][safepoint    ] Safepoint "Cleanup", Time since last: 1001211700 ns, Reaching safepoint: 262700 ns, At safepoint: 8300 ns, Total: 271000 ns
[2020-10-24T06:37:33.939+0000][7][safepoint    ] Safepoint "Cleanup", Time since last: 1000517800 ns, Reaching safepoint: 262600 ns, At safepoint: 9600 ns, Total: 272200 ns
[2020-10-24T06:37:34.941+0000][7][safepoint    ] Safepoint "Cleanup", Time since last: 1000569200 ns, Reaching safepoint: 835800 ns, At safepoint: 43900 ns, Total: 879700 ns
[2020-10-24T06:37:35.942+0000][7][safepoint    ] Safepoint "Cleanup", Time since last: 1001207000 ns, Reaching safepoint: 221700 ns, At safepoint: 8900 ns, Total: 230600 ns
[2020-10-24T06:37:36.943+0000][7][safepoint    ] Safepoint "Cleanup", Time since last: 1000514400 ns, Reaching safepoint: 446500 ns, At safepoint: 27200 ns, Total: 473700 ns
[2020-10-24T06:37:37.945+0000][7][safepoint    ] Safepoint "Cleanup", Time since last: 1000896400 ns, Reaching safepoint: 275800 ns, At safepoint: 13100 ns, Total: 288900 ns
[2020-10-24T06:37:38.946+0000][7][safepoint    ] Safepoint "Cleanup", Time since last: 1000776400 ns, Reaching safepoint: 842000 ns, At safepoint: 44600 ns, Total: 886600 ns
[2020-10-24T06:37:39.948+0000][7][safepoint    ] Safepoint "Cleanup", Time since last: 1001202100 ns, Reaching safepoint: 273400 ns, At safepoint: 8600 ns, Total: 282000 ns
[2020-10-24T06:37:40.948+0000][7][safepoint    ] Safepoint "Cleanup", Time since last: 1000475700 ns, Reaching safepoint: 229000 ns, At safepoint: 18900 ns, Total: 247900 ns
[2020-10-24T06:37:41.949+0000][7][safepoint    ] Safepoint "Cleanup", Time since last: 1000443600 ns, Reaching safepoint: 272300 ns, At safepoint: 9000 ns, Total: 281300 ns
[2020-10-24T06:37:42.950+0000][7][safepoint    ] Safepoint "Cleanup", Time since last: 1000525700 ns, Reaching safepoint: 277800 ns, At safepoint: 8600 ns, Total: 286400 ns
[2020-10-24T06:37:43.951+0000][7][safepoint    ] Safepoint "Cleanup", Time since last: 1000556500 ns, Reaching safepoint: 255800 ns, At safepoint: 11600 ns, Total: 267400 ns
[2020-10-24T06:37:44.952+0000][7][safepoint    ] Safepoint "Cleanup", Time since last: 1000591600 ns, Reaching safepoint: 659600 ns, At safepoint: 35600 ns, Total: 695200 ns
[2020-10-24T06:37:45.953+0000][7][safepoint    ] Safepoint "Cleanup", Time since last: 1001089800 ns, Reaching safepoint: 214700 ns, At safepoint: 9400 ns, Total: 224100 ns
[2020-10-24T06:37:46.954+0000][7][safepoint    ] Safepoint "Cleanup", Time since last: 1000472700 ns, Reaching safepoint: 215000 ns, At safepoint: 9500 ns, Total: 224500 ns
[2020-10-24T06:37:47.955+0000][7][safepoint    ] Safepoint "Cleanup", Time since last: 1000565800 ns, Reaching safepoint: 265300 ns, At safepoint: 10500 ns, Total: 275800 ns
[2020-10-24T06:37:48.956+0000][7][safepoint    ] Safepoint "Cleanup", Time since last: 1000538700 ns, Reaching safepoint: 203600 ns, At safepoint: 22500 ns, Total: 226100 ns
[2020-10-24T06:37:49.956+0000][7][safepoint    ] Safepoint "Cleanup", Time since last: 1000428700 ns, Reaching safepoint: 209000 ns, At safepoint: 23900 ns, Total: 232900 ns
[2020-10-24T06:37:50.957+0000][7][safepoint    ] Safepoint "Cleanup", Time since last: 1000555000 ns, Reaching safepoint: 240000 ns, At safepoint: 14500 ns, Total: 254500 ns
[2020-10-24T06:37:51.958+0000][7][safepoint    ] Safepoint "Cleanup", Time since last: 1000344100 ns, Reaching safepoint: 269100 ns, At safepoint: 11100 ns, Total: 280200 ns
[2020-10-24T06:37:52.958+0000][7][safepoint    ] Safepoint "Cleanup", Time since last: 1000496600 ns, Reaching safepoint: 230800 ns, At safepoint: 10500 ns, Total: 241300 ns
[2020-10-24T06:37:53.959+0000][7][safepoint    ] Safepoint "Cleanup", Time since last: 1000536500 ns, Reaching safepoint: 297300 ns, At safepoint: 8600 ns, Total: 305900 ns
[2020-10-24T06:37:54.960+0000][7][safepoint    ] Safepoint "Cleanup", Time since last: 1000432100 ns, Reaching safepoint: 307800 ns, At safepoint: 10100 ns, Total: 317900 ns
[2020-10-24T06:37:55.962+0000][7][safepoint    ] Safepoint "Cleanup", Time since last: 1000601500 ns, Reaching safepoint: 832400 ns, At safepoint: 44500 ns, Total: 876900 ns
[2020-10-24T06:37:56.963+0000][7][safepoint    ] Safepoint "Cleanup", Time since last: 1001093600 ns, Reaching safepoint: 276900 ns, At safepoint: 23400 ns, Total: 300300 ns
[2020-10-24T06:37:57.964+0000][7][safepoint    ] Safepoint "Cleanup", Time since last: 1000481000 ns, Reaching safepoint: 229400 ns, At safepoint: 8500 ns, Total: 237900 ns
[2020-10-24T06:37:58.965+0000][7][safepoint    ] Safepoint "Cleanup", Time since last: 1000562700 ns, Reaching safepoint: 810100 ns, At safepoint: 44200 ns, Total: 854300 ns
[2020-10-24T06:37:59.967+0000][7][safepoint    ] Safepoint "Cleanup", Time since last: 1001276300 ns, Reaching safepoint: 852100 ns, At safepoint: 44000 ns, Total: 896100 ns
[2020-10-24T06:38:00.969+0000][7][safepoint    ] Safepoint "Cleanup", Time since last: 1001277900 ns, Reaching safepoint: 792700 ns, At safepoint: 45000 ns, Total: 837700 ns
[2020-10-24T06:38:01.972+0000][7][safepoint    ] Safepoint "Cleanup", Time since last: 1001274500 ns, Reaching safepoint: 844000 ns, At safepoint: 44000 ns, Total: 888000 ns
[2020-10-24T06:38:02.973+0000][7][safepoint    ] Safepoint "Cleanup", Time since last: 1001277200 ns, Reaching safepoint: 202000 ns, At safepoint: 9600 ns, Total: 211600 ns
[2020-10-24T06:38:03.975+0000][7][safepoint    ] Safepoint "Cleanup", Time since last: 1000637300 ns, Reaching safepoint: 847000 ns, At safepoint: 43800 ns, Total: 890800 ns
[2020-10-24T06:38:04.976+0000][7][safepoint    ] Safepoint "Cleanup", Time since last: 1001295200 ns, Reaching safepoint: 223300 ns, At safepoint: 11500 ns, Total: 234800 ns
[2020-10-24T06:38:05.225+0000][7][gc,start     ] GC(377) Pause Young (Normal) (G1 Evacuation Pause)
[2020-10-24T06:38:05.226+0000][7][gc,task      ] GC(377) Using 6 workers of 10 for evacuation
[2020-10-24T06:38:05.227+0000][7][gc,age       ] GC(377) Desired survivor size 3670016 bytes, new threshold 15 (max threshold 15)
[2020-10-24T06:38:05.236+0000][7][gc,age       ] GC(377) Age table with threshold 15 (max threshold 15)
[2020-10-24T06:38:05.237+0000][7][gc,age       ] GC(377) - age   1:     422624 bytes,     422624 total
[2020-10-24T06:38:05.238+0000][7][gc,age       ] GC(377) - age   2:     168424 bytes,     591048 total
[2020-10-24T06:38:05.239+0000][7][gc,age       ] GC(377) - age   3:     447416 bytes,    1038464 total
[2020-10-24T06:38:05.240+0000][7][gc,phases    ] GC(377)   Pre Evacuate Collection Set: 0.7ms
[2020-10-24T06:38:05.241+0000][7][gc,phases    ] GC(377)   Merge Heap Roots: 0.5ms
[2020-10-24T06:38:05.242+0000][7][gc,phases    ] GC(377)   Evacuate Collection Set: 3.9ms
[2020-10-24T06:38:05.243+0000][7][gc,phases    ] GC(377)   Post Evacuate Collection Set: 3.1ms
[2020-10-24T06:38:05.244+0000][7][gc,phases    ] GC(377)   Other: 7.3ms
[2020-10-24T06:38:05.245+0000][7][gc,heap      ] GC(377) Eden regions: 54->0(56)
[2020-10-24T06:38:05.246+0000][7][gc,heap      ] GC(377) Survivor regions: 2->2(7)
[2020-10-24T06:38:05.247+0000][7][gc,heap      ] GC(377) Old regions: 112->112
[2020-10-24T06:38:05.248+0000][7][gc,heap      ] GC(377) Archive regions: 2->2
[2020-10-24T06:38:05.249+0000][7][gc,heap      ] GC(377) Humongous regions: 15->15
[2020-10-24T06:38:05.249+0000][7][gc,metaspace ] GC(377) Metaspace: 110027K(118564K)->110027K(118564K) NonClass: 96108K(101080K)->96108K(101080K) Class: 13919K(17484K)->13919K(17484K)
[2020-10-24T06:38:05.250+0000][7][gc           ] GC(377) Pause Young (Normal) (G1 Evacuation Pause) 182M->128M(256M) 25.759ms
[2020-10-24T06:38:05.251+0000][7][gc,cpu       ] GC(377) User=0.03s Sys=0.01s Real=0.03s
[2020-10-24T06:38:05.252+0000][7][safepoint    ] Safepoint "G1CollectForAllocation", Time since last: 247527200 ns, Reaching safepoint: 851200 ns, At safepoint: 27769300 ns, Total: 28620500 ns
[2020-10-24T06:38:06.254+0000][7][safepoint    ] Safepoint "Cleanup", Time since last: 1001267600 ns, Reaching safepoint: 249000 ns, At safepoint: 8500 ns, Total: 257500 ns
[2020-10-24T06:38:07.255+0000][7][safepoint    ] Safepoint "Cleanup", Time since last: 1000516800 ns, Reaching safepoint: 225900 ns, At safepoint: 8900 ns, Total: 234800 ns
[2020-10-24T06:38:09.224+0000][7][safepoint    ] Safepoint "Cleanup", Time since last: 1969384700 ns, Reaching safepoint: 218800 ns, At safepoint: 9100 ns, Total: 227900 ns
[2020-10-24T06:38:10.225+0000][7][safepoint    ] Safepoint "Cleanup", Time since last: 1000656700 ns, Reaching safepoint: 269700 ns, At safepoint: 9100 ns, Total: 278800 ns
[2020-10-24T06:38:11.226+0000][7][safepoint    ] Safepoint "Cleanup", Time since last: 1000567400 ns, Reaching safepoint: 225700 ns, At safepoint: 8700 ns, Total: 234400 ns
[2020-10-24T06:38:12.227+0000][7][safepoint    ] Safepoint "Cleanup", Time since last: 1000579400 ns, Reaching safepoint: 633800 ns, At safepoint: 36200 ns, Total: 670000 ns
[2020-10-24T06:38:13.228+0000][7][safepoint    ] Safepoint "Cleanup", Time since last: 1001078000 ns, Reaching safepoint: 250200 ns, At safepoint: 8400 ns, Total: 258600 ns
[2020-10-24T06:38:14.229+0000][7][safepoint    ] Safepoint "Cleanup", Time since last: 1000523100 ns, Reaching safepoint: 276900 ns, At safepoint: 8900 ns, Total: 285800 ns
[2020-10-24T06:38:15.230+0000][7][safepoint    ] Safepoint "Cleanup", Time since last: 1000476700 ns, Reaching safepoint: 231200 ns, At safepoint: 8800 ns, Total: 240000 ns
[2020-10-24T06:38:16.231+0000][7][safepoint    ] Safepoint "Cleanup", Time since last: 1000433600 ns, Reaching safepoint: 259200 ns, At safepoint: 8700 ns, Total: 267900 ns
[2020-10-24T06:38:17.232+0000][7][safepoint    ] Safepoint "Cleanup", Time since last: 1000582300 ns, Reaching safepoint: 313700 ns, At safepoint: 8400 ns, Total: 322100 ns
[2020-10-24T06:38:18.233+0000][7][safepoint    ] Safepoint "Cleanup", Time since last: 1000656800 ns, Reaching safepoint: 788600 ns, At safepoint: 45500 ns, Total: 834100 ns
[2020-10-24T06:38:19.235+0000][7][safepoint    ] Safepoint "Cleanup", Time since last: 1001366300 ns, Reaching safepoint: 808100 ns, At safepoint: 44600 ns, Total: 852700 ns
[2020-10-24T06:38:20.267+0000][7][safepoint    ] Safepoint "Cleanup", Time since last: 1030588600 ns, Reaching safepoint: 760400 ns, At safepoint: 44000 ns, Total: 804400 ns
[2020-10-24T06:38:22.148+0000][7][safepoint    ] Safepoint "Cleanup", Time since last: 1880732300 ns, Reaching safepoint: 253600 ns, At safepoint: 8700 ns, Total: 262300 ns
[2020-10-24T06:38:22.389+0000][7][safepoint    ] Safepoint "BulkRevokeBias", Time since last: 235273800 ns, Reaching safepoint: 908300 ns, At safepoint: 5079300 ns, Total: 5987600 ns
[2020-10-24T06:38:22.958+0000][7][gc,start     ] GC(378) Pause Young (Concurrent Start) (G1 Evacuation Pause)
[2020-10-24T06:38:22.959+0000][7][gc,task      ] GC(378) Using 6 workers of 10 for evacuation
[2020-10-24T06:38:22.959+0000][7][gc,age       ] GC(378) Desired survivor size 4194304 bytes, new threshold 15 (max threshold 15)
[2020-10-24T06:38:22.963+0000][7][gc,age       ] GC(378) Age table with threshold 15 (max threshold 15)
[2020-10-24T06:38:22.963+0000][7][gc,age       ] GC(378) - age   1:    5681272 bytes,    5681272 total
[2020-10-24T06:38:22.964+0000][7][gc,age       ] GC(378) - age   2:     116432 bytes,    5797704 total
[2020-10-24T06:38:22.964+0000][7][gc,age       ] GC(378) - age   3:     168160 bytes,    5965864 total
[2020-10-24T06:38:22.964+0000][7][gc,age       ] GC(378) - age   4:     441072 bytes,    6406936 total
[2020-10-24T06:38:22.965+0000][7][gc,phases    ] GC(378)   Pre Evacuate Collection Set: 0.6ms
[2020-10-24T06:38:22.965+0000][7][gc,phases    ] GC(378)   Merge Heap Roots: 0.2ms
[2020-10-24T06:38:22.965+0000][7][gc,phases    ] GC(378)   Evacuate Collection Set: 2.1ms
[2020-10-24T06:38:22.965+0000][7][gc,phases    ] GC(378)   Post Evacuate Collection Set: 0.9ms
[2020-10-24T06:38:22.965+0000][7][gc,phases    ] GC(378)   Other: 2.6ms
[2020-10-24T06:38:22.966+0000][7][gc,heap      ] GC(378) Eden regions: 56->0(47)
[2020-10-24T06:38:22.966+0000][7][gc,heap      ] GC(378) Survivor regions: 2->7(8)
[2020-10-24T06:38:22.966+0000][7][gc,heap      ] GC(378) Old regions: 112->112
[2020-10-24T06:38:22.966+0000][7][gc,heap      ] GC(378) Archive regions: 2->2
[2020-10-24T06:38:22.966+0000][7][gc,heap      ] GC(378) Humongous regions: 15->15
[2020-10-24T06:38:22.967+0000][7][gc,metaspace ] GC(378) Metaspace: 110032K(118564K)->110032K(118564K) NonClass: 96113K(101080K)->96113K(101080K) Class: 13919K(17484K)->13919K(17484K)
[2020-10-24T06:38:22.967+0000][7][gc           ] GC(378) Pause Young (Concurrent Start) (G1 Evacuation Pause) 184M->133M(256M) 8.501ms
[2020-10-24T06:38:22.967+0000][7][gc,cpu       ] GC(378) User=0.01s Sys=0.00s Real=0.00s
[2020-10-24T06:38:22.967+0000][7][safepoint    ] Safepoint "G1CollectForAllocation", Time since last: 568975900 ns, Reaching safepoint: 276400 ns, At safepoint: 9015800 ns, Total: 9292200 ns
[2020-10-24T06:38:22.967+0000][7][gc           ] GC(379) Concurrent Cycle
[2020-10-24T06:38:22.968+0000][7][gc,marking   ] GC(379) Concurrent Clear Claimed Marks
[2020-10-24T06:38:22.968+0000][7][gc,marking   ] GC(379) Concurrent Clear Claimed Marks 0.602ms
[2020-10-24T06:38:22.968+0000][7][gc,marking   ] GC(379) Concurrent Scan Root Regions
[2020-10-24T06:38:22.969+0000][7][gc,marking   ] GC(379) Concurrent Scan Root Regions 0.927ms
[2020-10-24T06:38:22.970+0000][7][gc,marking   ] GC(379) Concurrent Mark (3260.336s)
[2020-10-24T06:38:22.970+0000][7][gc,marking   ] GC(379) Concurrent Mark From Roots
[2020-10-24T06:38:22.970+0000][7][gc,task      ] GC(379) Using 3 workers of 3 for marking
[2020-10-24T06:38:23.023+0000][7][gc,marking   ] GC(379) Concurrent Mark From Roots 53.401ms
[2020-10-24T06:38:23.023+0000][7][gc,marking   ] GC(379) Concurrent Preclean
[2020-10-24T06:38:23.024+0000][7][gc,marking   ] GC(379) Concurrent Preclean 0.674ms
[2020-10-24T06:38:23.024+0000][7][gc,marking   ] GC(379) Concurrent Mark (3260.336s, 3260.391s) 54.872ms
[2020-10-24T06:38:23.025+0000][7][gc,start     ] GC(379) Pause Remark
[2020-10-24T06:38:23.032+0000][7][gc           ] GC(379) Pause Remark 178M->178M(256M) 7.407ms
[2020-10-24T06:38:23.033+0000][7][gc,cpu       ] GC(379) User=0.03s Sys=0.01s Real=0.01s
[2020-10-24T06:38:23.033+0000][7][safepoint    ] Safepoint "G1Concurrent", Time since last: 57546700 ns, Reaching safepoint: 267500 ns, At safepoint: 8101400 ns, Total: 8368900 ns
[2020-10-24T06:38:23.033+0000][7][gc,marking   ] GC(379) Concurrent Rebuild Remembered Sets
[2020-10-24T06:38:23.069+0000][7][gc,marking   ] GC(379) Concurrent Rebuild Remembered Sets 35.697ms
[2020-10-24T06:38:23.070+0000][7][gc,start     ] GC(379) Pause Cleanup
[2020-10-24T06:38:23.070+0000][7][gc           ] GC(379) Pause Cleanup 178M->178M(256M) 0.536ms
[2020-10-24T06:38:23.071+0000][7][gc,cpu       ] GC(379) User=0.00s Sys=0.00s Real=0.00s
[2020-10-24T06:38:23.071+0000][7][safepoint    ] Safepoint "G1Concurrent", Time since last: 36484600 ns, Reaching safepoint: 248100 ns, At safepoint: 1112200 ns, Total: 1360300 ns
[2020-10-24T06:38:23.071+0000][7][gc,marking   ] GC(379) Concurrent Cleanup for Next Mark
[2020-10-24T06:38:23.072+0000][7][gc,marking   ] GC(379) Concurrent Cleanup for Next Mark 0.615ms
[2020-10-24T06:38:23.072+0000][7][gc           ] GC(379) Concurrent Cycle 105.011ms
[2020-10-24T06:38:23.849+0000][7][gc,start     ] GC(380) Pause Young (Normal) (G1 Evacuation Pause)
[2020-10-24T06:38:23.850+0000][7][gc,task      ] GC(380) Using 6 workers of 10 for evacuation
[2020-10-24T06:38:23.851+0000][7][gc,age       ] GC(380) Desired survivor size 3670016 bytes, new threshold 1 (max threshold 15)
[2020-10-24T06:38:23.860+0000][7][gc,age       ] GC(380) Age table with threshold 1 (max threshold 15)
[2020-10-24T06:38:23.860+0000][7][gc,age       ] GC(380) - age   1:     331784 bytes,     331784 total
[2020-10-24T06:38:23.861+0000][7][gc,phases    ] GC(380)   Pre Evacuate Collection Set: 0.7ms
[2020-10-24T06:38:23.861+0000][7][gc,phases    ] GC(380)   Merge Heap Roots: 0.5ms
[2020-10-24T06:38:23.861+0000][7][gc,phases    ] GC(380)   Evacuate Collection Set: 5.8ms
[2020-10-24T06:38:23.861+0000][7][gc,phases    ] GC(380)   Post Evacuate Collection Set: 1.0ms
[2020-10-24T06:38:23.862+0000][7][gc,phases    ] GC(380)   Other: 3.8ms
[2020-10-24T06:38:23.862+0000][7][gc,heap      ] GC(380) Eden regions: 47->0(53)
[2020-10-24T06:38:23.862+0000][7][gc,heap      ] GC(380) Survivor regions: 7->1(7)
[2020-10-24T06:38:23.863+0000][7][gc,heap      ] GC(380) Old regions: 112->114
[2020-10-24T06:38:23.863+0000][7][gc,heap      ] GC(380) Archive regions: 2->2
[2020-10-24T06:38:23.863+0000][7][gc,heap      ] GC(380) Humongous regions: 15->15
[2020-10-24T06:38:23.863+0000][7][gc,metaspace ] GC(380) Metaspace: 110032K(118564K)->110032K(118564K) NonClass: 96113K(101080K)->96113K(101080K) Class: 13919K(17484K)->13919K(17484K)
[2020-10-24T06:38:23.864+0000][7][gc           ] GC(380) Pause Young (Normal) (G1 Evacuation Pause) 180M->130M(256M) 14.617ms
[2020-10-24T06:38:23.864+0000][7][gc,cpu       ] GC(380) User=0.04s Sys=0.00s Real=0.01s
[2020-10-24T06:38:23.864+0000][7][safepoint    ] Safepoint "G1CollectForAllocation", Time since last: 777013100 ns, Reaching safepoint: 851400 ns, At safepoint: 15191700 ns, Total: 16043100 ns
[2020-10-24T06:38:24.865+0000][7][safepoint    ] Safepoint "Cleanup", Time since last: 1000456100 ns, Reaching safepoint: 725200 ns, At safepoint: 53300 ns, Total: 778500 ns
[2020-10-24T06:38:25.867+0000][7][safepoint    ] Safepoint "Cleanup", Time since last: 1001231900 ns, Reaching safepoint: 262300 ns, At safepoint: 25900 ns, Total: 288200 ns
[2020-10-24T06:38:26.868+0000][7][safepoint    ] Safepoint "Cleanup", Time since last: 1000561000 ns, Reaching safepoint: 261200 ns, At safepoint: 8700 ns, Total: 269900 ns
[2020-10-24T06:38:27.868+0000][7][safepoint    ] Safepoint "Cleanup", Time since last: 1000522400 ns, Reaching safepoint: 249300 ns, At safepoint: 22800 ns, Total: 272100 ns
[2020-10-24T06:38:28.870+0000][7][safepoint    ] Safepoint "Cleanup", Time since last: 1000606600 ns, Reaching safepoint: 802100 ns, At safepoint: 46700 ns, Total: 848800 ns
[2020-10-24T06:38:29.872+0000][7][safepoint    ] Safepoint "Cleanup", Time since last: 1001297400 ns, Reaching safepoint: 804800 ns, At safepoint: 44200 ns, Total: 849000 ns
[2020-10-24T06:38:30.874+0000][7][safepoint    ] Safepoint "Cleanup", Time since last: 1001330300 ns, Reaching safepoint: 663600 ns, At safepoint: 37200 ns, Total: 700800 ns
[2020-10-24T06:38:31.876+0000][7][safepoint    ] Safepoint "Cleanup", Time since last: 1001234300 ns, Reaching safepoint: 253200 ns, At safepoint: 11500 ns, Total: 264700 ns
[2020-10-24T06:38:32.876+0000][7][safepoint    ] Safepoint "Cleanup", Time since last: 1000530100 ns, Reaching safepoint: 273800 ns, At safepoint: 8800 ns, Total: 282600 ns
[2020-10-24T06:38:33.877+0000][7][safepoint    ] Safepoint "Cleanup", Time since last: 1000678700 ns, Reaching safepoint: 271500 ns, At safepoint: 16800 ns, Total: 288300 ns
[2020-10-24T06:38:34.878+0000][7][safepoint    ] Safepoint "Cleanup", Time since last: 1000544300 ns, Reaching safepoint: 259600 ns, At safepoint: 8800 ns, Total: 268400 ns
[2020-10-24T06:38:35.879+0000][7][safepoint    ] Safepoint "Cleanup", Time since last: 1000540100 ns, Reaching safepoint: 336800 ns, At safepoint: 9500 ns, Total: 346300 ns
[2020-10-24T06:38:36.881+0000][7][safepoint    ] Safepoint "Cleanup", Time since last: 1000689100 ns, Reaching safepoint: 807700 ns, At safepoint: 44700 ns, Total: 852400 ns
[2020-10-24T06:38:37.883+0000][7][safepoint    ] Safepoint "Cleanup", Time since last: 1001265900 ns, Reaching safepoint: 840000 ns, At safepoint: 45800 ns, Total: 885800 ns
[2020-10-24T06:38:38.885+0000][7][safepoint    ] Safepoint "Cleanup", Time since last: 1001289900 ns, Reaching safepoint: 483500 ns, At safepoint: 27400 ns, Total: 510900 ns
[2020-10-24T06:38:39.886+0000][7][safepoint    ] Safepoint "Cleanup", Time since last: 1000956600 ns, Reaching safepoint: 776600 ns, At safepoint: 45800 ns, Total: 822400 ns
[2020-10-24T06:38:40.888+0000][7][safepoint    ] Safepoint "Cleanup", Time since last: 1001196200 ns, Reaching safepoint: 215800 ns, At safepoint: 10700 ns, Total: 226500 ns
[2020-10-24T06:38:41.955+0000][7][safepoint    ] Safepoint "Cleanup", Time since last: 1066218100 ns, Reaching safepoint: 1054100 ns, At safepoint: 46000 ns, Total: 1100100 ns
[2020-10-24T06:38:42.957+0000][7][safepoint    ] Safepoint "Cleanup", Time since last: 1001180500 ns, Reaching safepoint: 277400 ns, At safepoint: 23600 ns, Total: 301000 ns
[2020-10-24T06:38:43.957+0000][7][safepoint    ] Safepoint "Cleanup", Time since last: 1000456000 ns, Reaching safepoint: 224700 ns, At safepoint: 9300 ns, Total: 234000 ns
[2020-10-24T06:38:45.623+0000][7][safepoint    ] Safepoint "Cleanup", Time since last: 1664874000 ns, Reaching safepoint: 461500 ns, At safepoint: 27900 ns, Total: 489400 ns
[2020-10-24T06:38:46.624+0000][7][safepoint    ] Safepoint "Cleanup", Time since last: 1000876600 ns, Reaching safepoint: 257600 ns, At safepoint: 8600 ns, Total: 266200 ns
[2020-10-24T06:38:47.625+0000][7][safepoint    ] Safepoint "Cleanup", Time since last: 1000613500 ns, Reaching safepoint: 770400 ns, At safepoint: 44800 ns, Total: 815200 ns
[2020-10-24T06:38:48.627+0000][7][safepoint    ] Safepoint "Cleanup", Time since last: 1001208000 ns, Reaching safepoint: 230600 ns, At safepoint: 8800 ns, Total: 239400 ns
[2020-10-24T06:38:49.627+0000][7][safepoint    ] Safepoint "Cleanup", Time since last: 1000536600 ns, Reaching safepoint: 333700 ns, At safepoint: 9000 ns, Total: 342700 ns
[2020-10-24T06:38:50.591+0000][7][gc,start     ] GC(381) Pause Young (Concurrent Start) (G1 Evacuation Pause)
[2020-10-24T06:38:50.592+0000][7][gc,task      ] GC(381) Using 6 workers of 10 for evacuation
[2020-10-24T06:38:50.592+0000][7][gc,age       ] GC(381) Desired survivor size 3670016 bytes, new threshold 15 (max threshold 15)
[2020-10-24T06:38:50.597+0000][7][gc,age       ] GC(381) Age table with threshold 15 (max threshold 15)
[2020-10-24T06:38:50.597+0000][7][gc,age       ] GC(381) - age   1:    6432104 bytes,    6432104 total
[2020-10-24T06:38:50.597+0000][7][gc,age       ] GC(381) - age   2:     315432 bytes,    6747536 total
[2020-10-24T06:38:50.597+0000][7][gc,phases    ] GC(381)   Pre Evacuate Collection Set: 0.7ms
[2020-10-24T06:38:50.598+0000][7][gc,phases    ] GC(381)   Merge Heap Roots: 0.1ms
[2020-10-24T06:38:50.598+0000][7][gc,phases    ] GC(381)   Evacuate Collection Set: 2.8ms
[2020-10-24T06:38:50.598+0000][7][gc,phases    ] GC(381)   Post Evacuate Collection Set: 0.8ms
[2020-10-24T06:38:50.598+0000][7][gc,phases    ] GC(381)   Other: 1.7ms
[2020-10-24T06:38:50.598+0000][7][gc,heap      ] GC(381) Eden regions: 53->0(39)
[2020-10-24T06:38:50.598+0000][7][gc,heap      ] GC(381) Survivor regions: 1->7(7)
[2020-10-24T06:38:50.599+0000][7][gc,heap      ] GC(381) Old regions: 114->116
[2020-10-24T06:38:50.599+0000][7][gc,heap      ] GC(381) Archive regions: 2->2
[2020-10-24T06:38:50.599+0000][7][gc,heap      ] GC(381) Humongous regions: 15->15
[2020-10-24T06:38:50.599+0000][7][gc,metaspace ] GC(381) Metaspace: 110032K(118564K)->110032K(118564K) NonClass: 96113K(101080K)->96113K(101080K) Class: 13919K(17484K)->13919K(17484K)
[2020-10-24T06:38:50.600+0000][7][gc           ] GC(381) Pause Young (Concurrent Start) (G1 Evacuation Pause) 183M->138M(256M) 8.242ms
[2020-10-24T06:38:50.600+0000][7][gc,cpu       ] GC(381) User=0.03s Sys=0.01s Real=0.01s
[2020-10-24T06:38:50.600+0000][7][gc           ] GC(382) Concurrent Cycle
[2020-10-24T06:38:50.600+0000][7][safepoint    ] Safepoint "G1CollectForAllocation", Time since last: 963697400 ns, Reaching safepoint: 218700 ns, At safepoint: 8892900 ns, Total: 9111600 ns
[2020-10-24T06:38:50.600+0000][7][gc,marking   ] GC(382) Concurrent Clear Claimed Marks
[2020-10-24T06:38:50.601+0000][7][gc,marking   ] GC(382) Concurrent Clear Claimed Marks 0.825ms
[2020-10-24T06:38:50.601+0000][7][gc,marking   ] GC(382) Concurrent Scan Root Regions
[2020-10-24T06:38:50.602+0000][7][gc,marking   ] GC(382) Concurrent Scan Root Regions 0.911ms
[2020-10-24T06:38:50.603+0000][7][gc,marking   ] GC(382) Concurrent Mark (3287.969s)
[2020-10-24T06:38:50.603+0000][7][gc,marking   ] GC(382) Concurrent Mark From Roots
[2020-10-24T06:38:50.603+0000][7][gc,task      ] GC(382) Using 3 workers of 3 for marking
[2020-10-24T06:38:50.666+0000][7][gc,marking   ] GC(382) Concurrent Mark From Roots 63.110ms
[2020-10-24T06:38:50.666+0000][7][gc,marking   ] GC(382) Concurrent Preclean
[2020-10-24T06:38:50.667+0000][7][gc,marking   ] GC(382) Concurrent Preclean 0.684ms
[2020-10-24T06:38:50.667+0000][7][gc,marking   ] GC(382) Concurrent Mark (3287.969s, 3288.034s) 64.456ms
[2020-10-24T06:38:50.668+0000][7][gc,start     ] GC(382) Pause Remark
[2020-10-24T06:38:50.674+0000][7][gc           ] GC(382) Pause Remark 157M->157M(256M) 6.492ms
[2020-10-24T06:38:50.674+0000][7][gc,cpu       ] GC(382) User=0.03s Sys=0.00s Real=0.00s
[2020-10-24T06:38:50.675+0000][7][safepoint    ] Safepoint "G1Concurrent", Time since last: 67167500 ns, Reaching safepoint: 191900 ns, At safepoint: 7075000 ns, Total: 7266900 ns
[2020-10-24T06:38:50.675+0000][7][gc,marking   ] GC(382) Concurrent Rebuild Remembered Sets
[2020-10-24T06:38:50.707+0000][7][gc,marking   ] GC(382) Concurrent Rebuild Remembered Sets 32.371ms
[2020-10-24T06:38:50.708+0000][7][gc,start     ] GC(382) Pause Cleanup
[2020-10-24T06:38:50.708+0000][7][gc           ] GC(382) Pause Cleanup 171M->171M(256M) 0.479ms
[2020-10-24T06:38:50.710+0000][7][gc,cpu       ] GC(382) User=0.00s Sys=0.00s Real=0.00s
[2020-10-24T06:38:50.710+0000][7][safepoint    ] Safepoint "G1Concurrent", Time since last: 32998900 ns, Reaching safepoint: 197600 ns, At safepoint: 2338900 ns, Total: 2536500 ns
[2020-10-24T06:38:50.711+0000][7][gc,marking   ] GC(382) Concurrent Cleanup for Next Mark
[2020-10-24T06:38:50.712+0000][7][gc,marking   ] GC(382) Concurrent Cleanup for Next Mark 0.716ms
[2020-10-24T06:38:50.712+0000][7][gc           ] GC(382) Concurrent Cycle 111.618ms
[2020-10-24T06:38:50.728+0000][7][gc,start     ] GC(383) Pause Young (Normal) (G1 Evacuation Pause)
[2020-10-24T06:38:50.728+0000][7][gc,task      ] GC(383) Using 6 workers of 10 for evacuation
[2020-10-24T06:38:50.728+0000][7][gc,age       ] GC(383) Desired survivor size 3145728 bytes, new threshold 1 (max threshold 15)
[2020-10-24T06:38:50.731+0000][7][gc,age       ] GC(383) Age table with threshold 1 (max threshold 15)
[2020-10-24T06:38:50.731+0000][7][gc,age       ] GC(383) - age   1:     612456 bytes,     612456 total
[2020-10-24T06:38:50.731+0000][7][gc,phases    ] GC(383)   Pre Evacuate Collection Set: 0.1ms
[2020-10-24T06:38:50.732+0000][7][gc,phases    ] GC(383)   Merge Heap Roots: 0.1ms
[2020-10-24T06:38:50.732+0000][7][gc,phases    ] GC(383)   Evacuate Collection Set: 1.6ms
[2020-10-24T06:38:50.732+0000][7][gc,phases    ] GC(383)   Post Evacuate Collection Set: 0.9ms
[2020-10-24T06:38:50.732+0000][7][gc,phases    ] GC(383)   Other: 1.1ms
[2020-10-24T06:38:50.732+0000][7][gc,heap      ] GC(383) Eden regions: 39->0(40)
[2020-10-24T06:38:50.732+0000][7][gc,heap      ] GC(383) Survivor regions: 7->1(6)
[2020-10-24T06:38:50.732+0000][7][gc,heap      ] GC(383) Old regions: 116->123
[2020-10-24T06:38:50.732+0000][7][gc,heap      ] GC(383) Archive regions: 2->2
[2020-10-24T06:38:50.733+0000][7][gc,heap      ] GC(383) Humongous regions: 15->15
[2020-10-24T06:38:50.733+0000][7][gc,metaspace ] GC(383) Metaspace: 110032K(118564K)->110032K(118564K) NonClass: 96113K(101080K)->96113K(101080K) Class: 13919K(17484K)->13919K(17484K)
[2020-10-24T06:38:50.733+0000][7][gc           ] GC(383) Pause Young (Normal) (G1 Evacuation Pause) 177M->138M(256M) 5.202ms
[2020-10-24T06:38:50.733+0000][7][gc,cpu       ] GC(383) User=0.01s Sys=0.00s Real=0.00s
[2020-10-24T06:38:50.733+0000][7][safepoint    ] Safepoint "G1CollectForAllocation", Time since last: 17177400 ns, Reaching safepoint: 171800 ns, At safepoint: 5591500 ns, Total: 5763300 ns
[2020-10-24T06:38:51.772+0000][7][safepoint    ] Safepoint "Cleanup", Time since last: 1038533700 ns, Reaching safepoint: 268500 ns, At safepoint: 9100 ns, Total: 277600 ns
[2020-10-24T06:38:52.773+0000][7][safepoint    ] Safepoint "Cleanup", Time since last: 1000590500 ns, Reaching safepoint: 264800 ns, At safepoint: 8700 ns, Total: 273500 ns
[2020-10-24T06:38:53.774+0000][7][safepoint    ] Safepoint "Cleanup", Time since last: 1000587600 ns, Reaching safepoint: 361000 ns, At safepoint: 18500 ns, Total: 379500 ns
[2020-10-24T06:38:54.776+0000][7][safepoint    ] Safepoint "Cleanup", Time since last: 1000866600 ns, Reaching safepoint: 868400 ns, At safepoint: 45500 ns, Total: 913900 ns
[2020-10-24T06:38:55.777+0000][7][safepoint    ] Safepoint "Cleanup", Time since last: 1001242600 ns, Reaching safepoint: 241400 ns, At safepoint: 9700 ns, Total: 251100 ns
[2020-10-24T06:38:56.778+0000][7][safepoint    ] Safepoint "Cleanup", Time since last: 1000493700 ns, Reaching safepoint: 320300 ns, At safepoint: 35000 ns, Total: 355300 ns
[2020-10-24T06:38:57.779+0000][7][safepoint    ] Safepoint "Cleanup", Time since last: 1000628400 ns, Reaching safepoint: 180900 ns, At safepoint: 9300 ns, Total: 190200 ns
[2020-10-24T06:38:58.780+0000][7][safepoint    ] Safepoint "Cleanup", Time since last: 1000525700 ns, Reaching safepoint: 797000 ns, At safepoint: 44500 ns, Total: 841500 ns
[2020-10-24T06:38:59.782+0000][7][safepoint    ] Safepoint "Cleanup", Time since last: 1001197600 ns, Reaching safepoint: 292200 ns, At safepoint: 13200 ns, Total: 305400 ns
[2020-10-24T06:39:00.783+0000][7][safepoint    ] Safepoint "Cleanup", Time since last: 1000659700 ns, Reaching safepoint: 302500 ns, At safepoint: 10700 ns, Total: 313200 ns
[2020-10-24T06:39:01.783+0000][7][safepoint    ] Safepoint "Cleanup", Time since last: 1000585700 ns, Reaching safepoint: 260500 ns, At safepoint: 14100 ns, Total: 274600 ns
[2020-10-24T06:39:02.784+0000][7][safepoint    ] Safepoint "Cleanup", Time since last: 1000613700 ns, Reaching safepoint: 217300 ns, At safepoint: 10800 ns, Total: 228100 ns
[2020-10-24T06:39:03.785+0000][7][safepoint    ] Safepoint "Cleanup", Time since last: 1000566600 ns, Reaching safepoint: 200600 ns, At safepoint: 9600 ns, Total: 210200 ns
[2020-10-24T06:39:04.786+0000][7][safepoint    ] Safepoint "Cleanup", Time since last: 1000513400 ns, Reaching safepoint: 215200 ns, At safepoint: 11800 ns, Total: 227000 ns
[2020-10-24T06:39:05.787+0000][7][safepoint    ] Safepoint "Cleanup", Time since last: 1000562100 ns, Reaching safepoint: 237700 ns, At safepoint: 10000 ns, Total: 247700 ns
[2020-10-24T06:39:06.787+0000][7][safepoint    ] Safepoint "Cleanup", Time since last: 1000542200 ns, Reaching safepoint: 249600 ns, At safepoint: 11300 ns, Total: 260900 ns
[2020-10-24T06:39:07.788+0000][7][safepoint    ] Safepoint "Cleanup", Time since last: 1000468600 ns, Reaching safepoint: 195100 ns, At safepoint: 22200 ns, Total: 217300 ns
[2020-10-24T06:39:08.789+0000][7][safepoint    ] Safepoint "Cleanup", Time since last: 1000519000 ns, Reaching safepoint: 263200 ns, At safepoint: 9100 ns, Total: 272300 ns
[2020-10-24T06:39:09.790+0000][7][safepoint    ] Safepoint "Cleanup", Time since last: 1000548700 ns, Reaching safepoint: 206200 ns, At safepoint: 24100 ns, Total: 230300 ns
[2020-10-24T06:39:10.791+0000][7][safepoint    ] Safepoint "Cleanup", Time since last: 1000565500 ns, Reaching safepoint: 793500 ns, At safepoint: 44700 ns, Total: 838200 ns
[2020-10-24T06:39:11.793+0000][7][safepoint    ] Safepoint "Cleanup", Time since last: 1001226200 ns, Reaching safepoint: 897600 ns, At safepoint: 47700 ns, Total: 945300 ns
[2020-10-24T06:39:12.795+0000][7][safepoint    ] Safepoint "Cleanup", Time since last: 1001206400 ns, Reaching safepoint: 265000 ns, At safepoint: 9100 ns, Total: 274100 ns
[2020-10-24T06:39:13.796+0000][7][safepoint    ] Safepoint "Cleanup", Time since last: 1000571600 ns, Reaching safepoint: 254900 ns, At safepoint: 11800 ns, Total: 266700 ns
[2020-10-24T06:39:14.797+0000][7][safepoint    ] Safepoint "Cleanup", Time since last: 1000674700 ns, Reaching safepoint: 817200 ns, At safepoint: 45700 ns, Total: 862900 ns
[2020-10-24T06:39:15.799+0000][7][safepoint    ] Safepoint "Cleanup", Time since last: 1001177300 ns, Reaching safepoint: 236300 ns, At safepoint: 10400 ns, Total: 246700 ns
[2020-10-24T06:39:16.799+0000][7][safepoint    ] Safepoint "Cleanup", Time since last: 1000488700 ns, Reaching safepoint: 247700 ns, At safepoint: 31300 ns, Total: 279000 ns
[2020-10-24T06:39:17.801+0000][7][safepoint    ] Safepoint "Cleanup", Time since last: 1000811200 ns, Reaching safepoint: 721100 ns, At safepoint: 97400 ns, Total: 818500 ns
[2020-10-24T06:39:18.802+0000][7][safepoint    ] Safepoint "Cleanup", Time since last: 1001242900 ns, Reaching safepoint: 248400 ns, At safepoint: 13600 ns, Total: 262000 ns
[2020-10-24T06:39:19.803+0000][7][safepoint    ] Safepoint "Cleanup", Time since last: 1000554200 ns, Reaching safepoint: 264400 ns, At safepoint: 9600 ns, Total: 274000 ns
[2020-10-24T06:39:20.238+0000][7][gc,start     ] GC(384) Pause Young (Concurrent Start) (G1 Evacuation Pause)
[2020-10-24T06:39:20.239+0000][7][gc,task      ] GC(384) Using 6 workers of 10 for evacuation
[2020-10-24T06:39:20.240+0000][7][gc,age       ] GC(384) Desired survivor size 3145728 bytes, new threshold 15 (max threshold 15)
[2020-10-24T06:39:20.251+0000][7][gc,age       ] GC(384) Age table with threshold 15 (max threshold 15)
[2020-10-24T06:39:20.252+0000][7][gc,age       ] GC(384) - age   1:     576008 bytes,     576008 total
[2020-10-24T06:39:20.253+0000][7][gc,age       ] GC(384) - age   2:     402832 bytes,     978840 total
[2020-10-24T06:39:20.254+0000][7][gc,phases    ] GC(384)   Pre Evacuate Collection Set: 1.6ms
[2020-10-24T06:39:20.255+0000][7][gc,phases    ] GC(384)   Merge Heap Roots: 0.5ms
[2020-10-24T06:39:20.256+0000][7][gc,phases    ] GC(384)   Evacuate Collection Set: 4.4ms
[2020-10-24T06:39:20.257+0000][7][gc,phases    ] GC(384)   Post Evacuate Collection Set: 3.4ms
[2020-10-24T06:39:20.258+0000][7][gc,phases    ] GC(384)   Other: 6.5ms
[2020-10-24T06:39:20.259+0000][7][gc,heap      ] GC(384) Eden regions: 40->0(42)
[2020-10-24T06:39:20.260+0000][7][gc,heap      ] GC(384) Survivor regions: 1->1(6)
[2020-10-24T06:39:20.261+0000][7][gc,heap      ] GC(384) Old regions: 123->123
[2020-10-24T06:39:20.262+0000][7][gc,heap      ] GC(384) Archive regions: 2->2
[2020-10-24T06:39:20.263+0000][7][gc,heap      ] GC(384) Humongous regions: 15->15
[2020-10-24T06:39:20.264+0000][7][gc,metaspace ] GC(384) Metaspace: 110032K(118564K)->110032K(118564K) NonClass: 96113K(101080K)->96113K(101080K) Class: 13919K(17484K)->13919K(17484K)
[2020-10-24T06:39:20.265+0000][7][gc           ] GC(384) Pause Young (Concurrent Start) (G1 Evacuation Pause) 178M->139M(256M) 26.836ms
[2020-10-24T06:39:20.266+0000][7][gc,cpu       ] GC(384) User=0.03s Sys=0.00s Real=0.02s
[2020-10-24T06:39:20.267+0000][7][safepoint    ] Safepoint "G1CollectForAllocation", Time since last: 433616300 ns, Reaching safepoint: 867600 ns, At safepoint: 29190500 ns, Total: 30058100 ns
[2020-10-24T06:39:20.267+0000][7][gc           ] GC(385) Concurrent Cycle
[2020-10-24T06:39:20.269+0000][7][gc,marking   ] GC(385) Concurrent Clear Claimed Marks
[2020-10-24T06:39:20.271+0000][7][gc,marking   ] GC(385) Concurrent Clear Claimed Marks 1.933ms
[2020-10-24T06:39:20.272+0000][7][gc,marking   ] GC(385) Concurrent Scan Root Regions
[2020-10-24T06:39:20.276+0000][7][gc,marking   ] GC(385) Concurrent Scan Root Regions 3.808ms
[2020-10-24T06:39:20.276+0000][7][gc,marking   ] GC(385) Concurrent Mark (3317.643s)
[2020-10-24T06:39:20.277+0000][7][gc,marking   ] GC(385) Concurrent Mark From Roots
[2020-10-24T06:39:20.278+0000][7][gc,task      ] GC(385) Using 3 workers of 3 for marking
[2020-10-24T06:39:20.341+0000][7][gc,marking   ] GC(385) Concurrent Mark From Roots 64.436ms
[2020-10-24T06:39:20.342+0000][7][gc,marking   ] GC(385) Concurrent Preclean
[2020-10-24T06:39:20.342+0000][7][gc,marking   ] GC(385) Concurrent Preclean 0.745ms
[2020-10-24T06:39:20.343+0000][7][gc,marking   ] GC(385) Concurrent Mark (3317.643s, 3317.709s) 66.493ms
[2020-10-24T06:39:20.343+0000][7][gc,start     ] GC(385) Pause Remark
[2020-10-24T06:39:20.350+0000][7][gc           ] GC(385) Pause Remark 140M->140M(256M) 6.680ms
[2020-10-24T06:39:20.350+0000][7][gc,cpu       ] GC(385) User=0.03s Sys=0.00s Real=0.01s
[2020-10-24T06:39:20.351+0000][7][safepoint    ] Safepoint "G1Concurrent", Time since last: 76169800 ns, Reaching safepoint: 272500 ns, At safepoint: 7429400 ns, Total: 7701900 ns
[2020-10-24T06:39:20.351+0000][7][gc,marking   ] GC(385) Concurrent Rebuild Remembered Sets
[2020-10-24T06:39:20.384+0000][7][gc,marking   ] GC(385) Concurrent Rebuild Remembered Sets 32.830ms
[2020-10-24T06:39:20.385+0000][7][gc,start     ] GC(385) Pause Cleanup
[2020-10-24T06:39:20.385+0000][7][gc           ] GC(385) Pause Cleanup 140M->140M(256M) 0.453ms
[2020-10-24T06:39:20.385+0000][7][gc,cpu       ] GC(385) User=0.00s Sys=0.00s Real=0.00s
[2020-10-24T06:39:20.386+0000][7][safepoint    ] Safepoint "G1Concurrent", Time since last: 33591700 ns, Reaching safepoint: 243800 ns, At safepoint: 1037700 ns, Total: 1281500 ns
[2020-10-24T06:39:20.386+0000][7][gc,marking   ] GC(385) Concurrent Cleanup for Next Mark
[2020-10-24T06:39:20.387+0000][7][gc,marking   ] GC(385) Concurrent Cleanup for Next Mark 0.574ms
[2020-10-24T06:39:20.387+0000][7][gc           ] GC(385) Concurrent Cycle 119.806ms
[2020-10-24T06:39:21.386+0000][7][safepoint    ] Safepoint "Cleanup", Time since last: 1000468600 ns, Reaching safepoint: 255800 ns, At safepoint: 9600 ns, Total: 265400 ns
[2020-10-24T06:39:22.387+0000][7][safepoint    ] Safepoint "Cleanup", Time since last: 1000421200 ns, Reaching safepoint: 236700 ns, At safepoint: 13600 ns, Total: 250300 ns
[2020-10-24T06:39:22.421+0000][7][safepoint    ] Safepoint "BulkRevokeBias", Time since last: 31828900 ns, Reaching safepoint: 218800 ns, At safepoint: 1931000 ns, Total: 2149800 ns
[2020-10-24T06:39:23.031+0000][7][gc,start     ] GC(386) Pause Young (Normal) (G1 Evacuation Pause)
[2020-10-24T06:39:23.032+0000][7][gc,task      ] GC(386) Using 6 workers of 10 for evacuation
[2020-10-24T06:39:23.032+0000][7][gc,age       ] GC(386) Desired survivor size 3145728 bytes, new threshold 15 (max threshold 15)
[2020-10-24T06:39:23.035+0000][7][gc,age       ] GC(386) Age table with threshold 15 (max threshold 15)
[2020-10-24T06:39:23.036+0000][7][gc,age       ] GC(386) - age   1:    2091616 bytes,    2091616 total
[2020-10-24T06:39:23.036+0000][7][gc,age       ] GC(386) - age   2:     365856 bytes,    2457472 total
[2020-10-24T06:39:23.036+0000][7][gc,age       ] GC(386) - age   3:     299432 bytes,    2756904 total
[2020-10-24T06:39:23.037+0000][7][gc,phases    ] GC(386)   Pre Evacuate Collection Set: 0.2ms
[2020-10-24T06:39:23.037+0000][7][gc,phases    ] GC(386)   Merge Heap Roots: 0.2ms
[2020-10-24T06:39:23.037+0000][7][gc,phases    ] GC(386)   Evacuate Collection Set: 1.6ms
[2020-10-24T06:39:23.037+0000][7][gc,phases    ] GC(386)   Post Evacuate Collection Set: 0.8ms
[2020-10-24T06:39:23.037+0000][7][gc,phases    ] GC(386)   Other: 2.3ms
[2020-10-24T06:39:23.037+0000][7][gc,heap      ] GC(386) Eden regions: 42->0(40)
[2020-10-24T06:39:23.038+0000][7][gc,heap      ] GC(386) Survivor regions: 1->3(6)
[2020-10-24T06:39:23.038+0000][7][gc,heap      ] GC(386) Old regions: 123->123
[2020-10-24T06:39:23.038+0000][7][gc,heap      ] GC(386) Archive regions: 2->2
[2020-10-24T06:39:23.038+0000][7][gc,heap      ] GC(386) Humongous regions: 15->15
[2020-10-24T06:39:23.038+0000][7][gc,metaspace ] GC(386) Metaspace: 110034K(118564K)->110034K(118564K) NonClass: 96115K(101080K)->96115K(101080K) Class: 13919K(17484K)->13919K(17484K)
[2020-10-24T06:39:23.038+0000][7][gc           ] GC(386) Pause Young (Normal) (G1 Evacuation Pause) 181M->140M(256M) 6.997ms
[2020-10-24T06:39:23.039+0000][7][gc,cpu       ] GC(386) User=0.02s Sys=0.01s Real=0.01s
[2020-10-24T06:39:23.039+0000][7][safepoint    ] Safepoint "G1CollectForAllocation", Time since last: 610090200 ns, Reaching safepoint: 246100 ns, At safepoint: 7450200 ns, Total: 7696300 ns
[2020-10-24T06:39:23.270+0000][7][gc,start     ] GC(387) Pause Young (Concurrent Start) (G1 Evacuation Pause)
[2020-10-24T06:39:23.270+0000][7][gc,task      ] GC(387) Using 6 workers of 10 for evacuation
[2020-10-24T06:39:23.271+0000][7][gc,age       ] GC(387) Desired survivor size 3145728 bytes, new threshold 15 (max threshold 15)
[2020-10-24T06:39:23.277+0000][7][gc,age       ] GC(387) Age table with threshold 15 (max threshold 15)
[2020-10-24T06:39:23.278+0000][7][gc,age       ] GC(387) - age   1:    1190960 bytes,    1190960 total
[2020-10-24T06:39:23.278+0000][7][gc,age       ] GC(387) - age   2:     362576 bytes,    1553536 total
[2020-10-24T06:39:23.279+0000][7][gc,age       ] GC(387) - age   3:     352208 bytes,    1905744 total
[2020-10-24T06:39:23.279+0000][7][gc,age       ] GC(387) - age   4:     299432 bytes,    2205176 total
[2020-10-24T06:39:23.279+0000][7][gc,phases    ] GC(387)   Pre Evacuate Collection Set: 1.2ms
[2020-10-24T06:39:23.280+0000][7][gc,phases    ] GC(387)   Merge Heap Roots: 0.3ms
[2020-10-24T06:39:23.280+0000][7][gc,phases    ] GC(387)   Evacuate Collection Set: 2.3ms
[2020-10-24T06:39:23.281+0000][7][gc,phases    ] GC(387)   Post Evacuate Collection Set: 1.7ms
[2020-10-24T06:39:23.281+0000][7][gc,phases    ] GC(387)   Other: 4.3ms
[2020-10-24T06:39:23.281+0000][7][gc,heap      ] GC(387) Eden regions: 40->0(41)
[2020-10-24T06:39:23.282+0000][7][gc,heap      ] GC(387) Survivor regions: 3->3(6)
[2020-10-24T06:39:23.282+0000][7][gc,heap      ] GC(387) Old regions: 123->123
[2020-10-24T06:39:23.282+0000][7][gc,heap      ] GC(387) Archive regions: 2->2
[2020-10-24T06:39:23.282+0000][7][gc,heap      ] GC(387) Humongous regions: 15->15
[2020-10-24T06:39:23.282+0000][7][gc,metaspace ] GC(387) Metaspace: 110034K(118564K)->110034K(118564K) NonClass: 96115K(101080K)->96115K(101080K) Class: 13919K(17484K)->13919K(17484K)
[2020-10-24T06:39:23.283+0000][7][gc           ] GC(387) Pause Young (Concurrent Start) (G1 Evacuation Pause) 180M->140M(256M) 12.830ms
[2020-10-24T06:39:23.283+0000][7][gc,cpu       ] GC(387) User=0.02s Sys=0.00s Real=0.01s
[2020-10-24T06:39:23.283+0000][7][safepoint    ] Safepoint "G1CollectForAllocation", Time since last: 230289200 ns, Reaching safepoint: 536400 ns, At safepoint: 13352700 ns, Total: 13889100 ns
[2020-10-24T06:39:23.283+0000][7][gc           ] GC(388) Concurrent Cycle
[2020-10-24T06:39:23.284+0000][7][gc,marking   ] GC(388) Concurrent Clear Claimed Marks
[2020-10-24T06:39:23.284+0000][7][gc,marking   ] GC(388) Concurrent Clear Claimed Marks 0.643ms
[2020-10-24T06:39:23.284+0000][7][gc,marking   ] GC(388) Concurrent Scan Root Regions
[2020-10-24T06:39:23.285+0000][7][gc,marking   ] GC(388) Concurrent Scan Root Regions 1.066ms
[2020-10-24T06:39:23.286+0000][7][gc,marking   ] GC(388) Concurrent Mark (3320.652s)
[2020-10-24T06:39:23.286+0000][7][gc,marking   ] GC(388) Concurrent Mark From Roots
[2020-10-24T06:39:23.286+0000][7][gc,task      ] GC(388) Using 3 workers of 3 for marking
[2020-10-24T06:39:23.340+0000][7][gc,marking   ] GC(388) Concurrent Mark From Roots 53.893ms
[2020-10-24T06:39:23.340+0000][7][gc,marking   ] GC(388) Concurrent Preclean
[2020-10-24T06:39:23.341+0000][7][gc,marking   ] GC(388) Concurrent Preclean 0.684ms
[2020-10-24T06:39:23.341+0000][7][gc,marking   ] GC(388) Concurrent Mark (3320.652s, 3320.707s) 55.425ms
[2020-10-24T06:39:23.342+0000][7][gc,start     ] GC(388) Pause Remark
[2020-10-24T06:39:23.348+0000][7][gc           ] GC(388) Pause Remark 147M->147M(256M) 6.831ms
[2020-10-24T06:39:23.349+0000][7][gc,cpu       ] GC(388) User=0.03s Sys=0.00s Real=0.01s
[2020-10-24T06:39:23.349+0000][7][safepoint    ] Safepoint "G1Concurrent", Time since last: 58259700 ns, Reaching safepoint: 209700 ns, At safepoint: 7530800 ns, Total: 7740500 ns
[2020-10-24T06:39:23.349+0000][7][gc,marking   ] GC(388) Concurrent Rebuild Remembered Sets
[2020-10-24T06:39:23.382+0000][7][gc,marking   ] GC(388) Concurrent Rebuild Remembered Sets 32.932ms
[2020-10-24T06:39:23.383+0000][7][gc,start     ] GC(388) Pause Cleanup
[2020-10-24T06:39:23.384+0000][7][gc           ] GC(388) Pause Cleanup 147M->147M(256M) 0.543ms
[2020-10-24T06:39:23.384+0000][7][gc,cpu       ] GC(388) User=0.00s Sys=0.00s Real=0.00s
[2020-10-24T06:39:23.384+0000][7][safepoint    ] Safepoint "G1Concurrent", Time since last: 33721300 ns, Reaching safepoint: 209000 ns, At safepoint: 1184400 ns, Total: 1393400 ns
[2020-10-24T06:39:23.385+0000][7][gc,marking   ] GC(388) Concurrent Cleanup for Next Mark
[2020-10-24T06:39:23.385+0000][7][gc,marking   ] GC(388) Concurrent Cleanup for Next Mark 0.615ms
[2020-10-24T06:39:23.385+0000][7][gc           ] GC(388) Concurrent Cycle 102.348ms
[2020-10-24T06:39:24.216+0000][7][safepoint    ] Safepoint "BulkRevokeBias", Time since last: 830388300 ns, Reaching safepoint: 239600 ns, At safepoint: 760700 ns, Total: 1000300 ns
[2020-10-24T06:39:25.216+0000][7][safepoint    ] Safepoint "Cleanup", Time since last: 1000593600 ns, Reaching safepoint: 208400 ns, At safepoint: 8600 ns, Total: 217000 ns
[2020-10-24T06:39:26.218+0000][7][safepoint    ] Safepoint "Cleanup", Time since last: 1000659100 ns, Reaching safepoint: 739100 ns, At safepoint: 221200 ns, Total: 960300 ns
[2020-10-24T06:39:27.220+0000][7][safepoint    ] Safepoint "Cleanup", Time since last: 1000920200 ns, Reaching safepoint: 953000 ns, At safepoint: 242300 ns, Total: 1195300 ns
[2020-10-24T06:39:28.222+0000][7][safepoint    ] Safepoint "Cleanup", Time since last: 1001163300 ns, Reaching safepoint: 245600 ns, At safepoint: 23100 ns, Total: 268700 ns
[2020-10-24T06:39:29.224+0000][7][safepoint    ] Safepoint "Cleanup", Time since last: 1000776800 ns, Reaching safepoint: 1006400 ns, At safepoint: 308100 ns, Total: 1314500 ns
[2020-10-24T06:39:30.225+0000][7][safepoint    ] Safepoint "Cleanup", Time since last: 1001205700 ns, Reaching safepoint: 254200 ns, At safepoint: 9000 ns, Total: 263200 ns
[2020-10-24T06:39:31.226+0000][7][safepoint    ] Safepoint "Cleanup", Time since last: 1000581100 ns, Reaching safepoint: 212900 ns, At safepoint: 9000 ns, Total: 221900 ns
[2020-10-24T06:39:32.227+0000][7][safepoint    ] Safepoint "Cleanup", Time since last: 1000430100 ns, Reaching safepoint: 250300 ns, At safepoint: 9200 ns, Total: 259500 ns
[2020-10-24T06:39:33.227+0000][7][safepoint    ] Safepoint "Cleanup", Time since last: 1000539500 ns, Reaching safepoint: 211900 ns, At safepoint: 10700 ns, Total: 222600 ns
[2020-10-24T06:39:34.228+0000][7][safepoint    ] Safepoint "Cleanup", Time since last: 1000519900 ns, Reaching safepoint: 354400 ns, At safepoint: 20100 ns, Total: 374500 ns
[2020-10-24T06:39:35.230+0000][7][safepoint    ] Safepoint "Cleanup", Time since last: 1000902400 ns, Reaching safepoint: 758800 ns, At safepoint: 116000 ns, Total: 874800 ns
[2020-10-24T06:39:36.232+0000][7][safepoint    ] Safepoint "Cleanup", Time since last: 1001270900 ns, Reaching safepoint: 207900 ns, At safepoint: 9000 ns, Total: 216900 ns
[2020-10-24T06:39:37.233+0000][7][safepoint    ] Safepoint "Cleanup", Time since last: 1000598600 ns, Reaching safepoint: 718600 ns, At safepoint: 41300 ns, Total: 759900 ns
[2020-10-24T06:39:38.235+0000][7][safepoint    ] Safepoint "Cleanup", Time since last: 1002082400 ns, Reaching safepoint: 220400 ns, At safepoint: 9900 ns, Total: 230300 ns
[2020-10-24T06:39:39.236+0000][7][safepoint    ] Safepoint "Cleanup", Time since last: 1000519800 ns, Reaching safepoint: 216100 ns, At safepoint: 9600 ns, Total: 225700 ns
[2020-10-24T06:39:40.237+0000][7][safepoint    ] Safepoint "Cleanup", Time since last: 1000475100 ns, Reaching safepoint: 272100 ns, At safepoint: 9300 ns, Total: 281400 ns
[2020-10-24T06:39:41.237+0000][7][safepoint    ] Safepoint "Cleanup", Time since last: 1000455200 ns, Reaching safepoint: 300300 ns, At safepoint: 38800 ns, Total: 339100 ns
[2020-10-24T06:39:42.241+0000][7][safepoint    ] Safepoint "Cleanup", Time since last: 1002498100 ns, Reaching safepoint: 872200 ns, At safepoint: 46100 ns, Total: 918300 ns
[2020-10-24T06:39:43.243+0000][7][safepoint    ] Safepoint "Cleanup", Time since last: 1001352000 ns, Reaching safepoint: 617600 ns, At safepoint: 37500 ns, Total: 655100 ns
[2020-10-24T06:39:43.529+0000][7][gc,start     ] GC(389) Pause Young (Normal) (G1 Evacuation Pause)
[2020-10-24T06:39:43.529+0000][7][gc,task      ] GC(389) Using 6 workers of 10 for evacuation
[2020-10-24T06:39:43.530+0000][7][gc,age       ] GC(389) Desired survivor size 3145728 bytes, new threshold 15 (max threshold 15)
[2020-10-24T06:39:43.532+0000][7][gc,age       ] GC(389) Age table with threshold 15 (max threshold 15)
[2020-10-24T06:39:43.533+0000][7][gc,age       ] GC(389) - age   1:     671960 bytes,     671960 total
[2020-10-24T06:39:43.533+0000][7][gc,age       ] GC(389) - age   2:     111488 bytes,     783448 total
[2020-10-24T06:39:43.533+0000][7][gc,age       ] GC(389) - age   3:     340080 bytes,    1123528 total
[2020-10-24T06:39:43.533+0000][7][gc,age       ] GC(389) - age   4:     319592 bytes,    1443120 total
[2020-10-24T06:39:43.534+0000][7][gc,age       ] GC(389) - age   5:     246728 bytes,    1689848 total
[2020-10-24T06:39:43.534+0000][7][gc,phases    ] GC(389)   Pre Evacuate Collection Set: 0.1ms
[2020-10-24T06:39:43.534+0000][7][gc,phases    ] GC(389)   Merge Heap Roots: 0.1ms
[2020-10-24T06:39:43.534+0000][7][gc,phases    ] GC(389)   Evacuate Collection Set: 1.4ms
[2020-10-24T06:39:43.534+0000][7][gc,phases    ] GC(389)   Post Evacuate Collection Set: 0.8ms
[2020-10-24T06:39:43.535+0000][7][gc,phases    ] GC(389)   Other: 2.4ms
[2020-10-24T06:39:43.535+0000][7][gc,heap      ] GC(389) Eden regions: 41->0(43)
[2020-10-24T06:39:43.535+0000][7][gc,heap      ] GC(389) Survivor regions: 3->2(6)
[2020-10-24T06:39:43.535+0000][7][gc,heap      ] GC(389) Old regions: 123->123
[2020-10-24T06:39:43.535+0000][7][gc,heap      ] GC(389) Archive regions: 2->2
[2020-10-24T06:39:43.535+0000][7][gc,heap      ] GC(389) Humongous regions: 15->15
[2020-10-24T06:39:43.535+0000][7][gc,metaspace ] GC(389) Metaspace: 110034K(118564K)->110034K(118564K) NonClass: 96115K(101080K)->96115K(101080K) Class: 13919K(17484K)->13919K(17484K)
[2020-10-24T06:39:43.536+0000][7][gc           ] GC(389) Pause Young (Normal) (G1 Evacuation Pause) 181M->139M(256M) 6.598ms
[2020-10-24T06:39:43.536+0000][7][gc,cpu       ] GC(389) User=0.01s Sys=0.00s Real=0.00s
[2020-10-24T06:39:43.536+0000][7][safepoint    ] Safepoint "G1CollectForAllocation", Time since last: 285823200 ns, Reaching safepoint: 236600 ns, At safepoint: 6964000 ns, Total: 7200600 ns
[2020-10-24T06:39:44.537+0000][7][safepoint    ] Safepoint "Cleanup", Time since last: 1000516200 ns, Reaching safepoint: 788000 ns, At safepoint: 46400 ns, Total: 834400 ns
[2020-10-24T06:39:45.539+0000][7][safepoint    ] Safepoint "Cleanup", Time since last: 1001398700 ns, Reaching safepoint: 283300 ns, At safepoint: 13800 ns, Total: 297100 ns
[2020-10-24T06:39:46.540+0000][7][safepoint    ] Safepoint "Cleanup", Time since last: 1000591000 ns, Reaching safepoint: 632400 ns, At safepoint: 33700 ns, Total: 666100 ns
[2020-10-24T06:39:47.541+0000][7][safepoint    ] Safepoint "Cleanup", Time since last: 1000938800 ns, Reaching safepoint: 217600 ns, At safepoint: 9300 ns, Total: 226900 ns
[2020-10-24T06:39:48.542+0000][7][safepoint    ] Safepoint "Cleanup", Time since last: 1000536500 ns, Reaching safepoint: 260700 ns, At safepoint: 9300 ns, Total: 270000 ns
[2020-10-24T06:39:49.543+0000][7][safepoint    ] Safepoint "Cleanup", Time since last: 1000473800 ns, Reaching safepoint: 268100 ns, At safepoint: 9500 ns, Total: 277600 ns
[2020-10-24T06:39:50.544+0000][7][safepoint    ] Safepoint "Cleanup", Time since last: 1000456400 ns, Reaching safepoint: 209000 ns, At safepoint: 40000 ns, Total: 249000 ns
[2020-10-24T06:39:51.544+0000][7][safepoint    ] Safepoint "Cleanup", Time since last: 1000453300 ns, Reaching safepoint: 257600 ns, At safepoint: 8600 ns, Total: 266200 ns
[2020-10-24T06:39:52.545+0000][7][safepoint    ] Safepoint "Cleanup", Time since last: 1000594200 ns, Reaching safepoint: 490900 ns, At safepoint: 27400 ns, Total: 518300 ns
[2020-10-24T06:39:53.546+0000][7][safepoint    ] Safepoint "Cleanup", Time since last: 1000770800 ns, Reaching safepoint: 221200 ns, At safepoint: 12000 ns, Total: 233200 ns
[2020-10-24T06:39:54.547+0000][7][safepoint    ] Safepoint "Cleanup", Time since last: 1000568500 ns, Reaching safepoint: 318800 ns, At safepoint: 17600 ns, Total: 336400 ns
[2020-10-24T06:39:55.548+0000][7][safepoint    ] Safepoint "Cleanup", Time since last: 1000655800 ns, Reaching safepoint: 350100 ns, At safepoint: 17900 ns, Total: 368000 ns
[2020-10-24T06:39:56.549+0000][7][safepoint    ] Safepoint "Cleanup", Time since last: 1000679000 ns, Reaching safepoint: 242500 ns, At safepoint: 12400 ns, Total: 254900 ns
[2020-10-24T06:39:57.550+0000][7][safepoint    ] Safepoint "Cleanup", Time since last: 1000545000 ns, Reaching safepoint: 232300 ns, At safepoint: 9000 ns, Total: 241300 ns
[2020-10-24T06:39:58.551+0000][7][safepoint    ] Safepoint "Cleanup", Time since last: 1000440500 ns, Reaching safepoint: 244600 ns, At safepoint: 8700 ns, Total: 253300 ns
[2020-10-24T06:39:59.552+0000][7][safepoint    ] Safepoint "Cleanup", Time since last: 1000530100 ns, Reaching safepoint: 262000 ns, At safepoint: 8400 ns, Total: 270400 ns
[2020-10-24T06:40:00.552+0000][7][safepoint    ] Safepoint "Cleanup", Time since last: 1000499600 ns, Reaching safepoint: 244200 ns, At safepoint: 9700 ns, Total: 253900 ns
[2020-10-24T06:40:01.554+0000][7][safepoint    ] Safepoint "Cleanup", Time since last: 1000629000 ns, Reaching safepoint: 822900 ns, At safepoint: 44300 ns, Total: 867200 ns
[2020-10-24T06:40:02.555+0000][7][safepoint    ] Safepoint "Cleanup", Time since last: 1001243000 ns, Reaching safepoint: 224000 ns, At safepoint: 8800 ns, Total: 232800 ns
[2020-10-24T06:40:03.556+0000][7][safepoint    ] Safepoint "Cleanup", Time since last: 1000485000 ns, Reaching safepoint: 228000 ns, At safepoint: 10500 ns, Total: 238500 ns
[2020-10-24T06:40:04.557+0000][7][safepoint    ] Safepoint "Cleanup", Time since last: 1000580000 ns, Reaching safepoint: 265900 ns, At safepoint: 9200 ns, Total: 275100 ns
[2020-10-24T06:40:05.558+0000][7][safepoint    ] Safepoint "Cleanup", Time since last: 1000506700 ns, Reaching safepoint: 226600 ns, At safepoint: 9400 ns, Total: 236000 ns
[2020-10-24T06:40:06.559+0000][7][safepoint    ] Safepoint "Cleanup", Time since last: 1000674700 ns, Reaching safepoint: 573000 ns, At safepoint: 35000 ns, Total: 608000 ns
[2020-10-24T06:40:07.560+0000][7][safepoint    ] Safepoint "Cleanup", Time since last: 1000866700 ns, Reaching safepoint: 204600 ns, At safepoint: 22700 ns, Total: 227300 ns
[2020-10-24T06:40:08.561+0000][7][safepoint    ] Safepoint "Cleanup", Time since last: 1000552300 ns, Reaching safepoint: 775100 ns, At safepoint: 48800 ns, Total: 823900 ns
[2020-10-24T06:40:09.564+0000][7][safepoint    ] Safepoint "Cleanup", Time since last: 1001285000 ns, Reaching safepoint: 858800 ns, At safepoint: 50300 ns, Total: 909100 ns
[2020-10-24T06:40:10.566+0000][7][safepoint    ] Safepoint "Cleanup", Time since last: 1001177300 ns, Reaching safepoint: 772500 ns, At safepoint: 44600 ns, Total: 817100 ns
[2020-10-24T06:40:11.251+0000][7][gc,start     ] GC(390) Pause Young (Concurrent Start) (G1 Evacuation Pause)
[2020-10-24T06:40:11.252+0000][7][gc,task      ] GC(390) Using 6 workers of 10 for evacuation
[2020-10-24T06:40:11.253+0000][7][gc,age       ] GC(390) Desired survivor size 3145728 bytes, new threshold 15 (max threshold 15)
[2020-10-24T06:40:11.262+0000][7][gc,age       ] GC(390) Age table with threshold 15 (max threshold 15)
[2020-10-24T06:40:11.263+0000][7][gc,age       ] GC(390) - age   1:     223048 bytes,     223048 total
[2020-10-24T06:40:11.263+0000][7][gc,age       ] GC(390) - age   2:     620904 bytes,     843952 total
[2020-10-24T06:40:11.263+0000][7][gc,age       ] GC(390) - age   3:     111208 bytes,     955160 total
[2020-10-24T06:40:11.263+0000][7][gc,age       ] GC(390) - age   4:     333080 bytes,    1288240 total
[2020-10-24T06:40:11.264+0000][7][gc,age       ] GC(390) - age   5:     292328 bytes,    1580568 total
[2020-10-24T06:40:11.264+0000][7][gc,age       ] GC(390) - age   6:     246728 bytes,    1827296 total
[2020-10-24T06:40:11.264+0000][7][gc,phases    ] GC(390)   Pre Evacuate Collection Set: 1.6ms
[2020-10-24T06:40:11.264+0000][7][gc,phases    ] GC(390)   Merge Heap Roots: 0.5ms
[2020-10-24T06:40:11.264+0000][7][gc,phases    ] GC(390)   Evacuate Collection Set: 5.4ms
[2020-10-24T06:40:11.265+0000][7][gc,phases    ] GC(390)   Post Evacuate Collection Set: 1.0ms
[2020-10-24T06:40:11.265+0000][7][gc,phases    ] GC(390)   Other: 5.0ms
[2020-10-24T06:40:11.265+0000][7][gc,heap      ] GC(390) Eden regions: 43->0(44)
[2020-10-24T06:40:11.265+0000][7][gc,heap      ] GC(390) Survivor regions: 2->2(6)
[2020-10-24T06:40:11.265+0000][7][gc,heap      ] GC(390) Old regions: 123->123
[2020-10-24T06:40:11.266+0000][7][gc,heap      ] GC(390) Archive regions: 2->2
[2020-10-24T06:40:11.266+0000][7][gc,heap      ] GC(390) Humongous regions: 15->15
[2020-10-24T06:40:11.266+0000][7][gc,metaspace ] GC(390) Metaspace: 110034K(118564K)->110034K(118564K) NonClass: 96115K(101080K)->96115K(101080K) Class: 13919K(17484K)->13919K(17484K)
[2020-10-24T06:40:11.266+0000][7][gc           ] GC(390) Pause Young (Concurrent Start) (G1 Evacuation Pause) 182M->139M(256M) 15.617ms
[2020-10-24T06:40:11.266+0000][7][gc,cpu       ] GC(390) User=0.03s Sys=0.00s Real=0.01s
[2020-10-24T06:40:11.267+0000][7][safepoint    ] Safepoint "G1CollectForAllocation", Time since last: 684072400 ns, Reaching safepoint: 805800 ns, At safepoint: 16201100 ns, Total: 17006900 ns
[2020-10-24T06:40:11.267+0000][7][gc           ] GC(391) Concurrent Cycle
[2020-10-24T06:40:11.267+0000][7][gc,marking   ] GC(391) Concurrent Clear Claimed Marks
[2020-10-24T06:40:11.268+0000][7][gc,marking   ] GC(391) Concurrent Clear Claimed Marks 0.887ms
[2020-10-24T06:40:11.268+0000][7][gc,marking   ] GC(391) Concurrent Scan Root Regions
[2020-10-24T06:40:11.269+0000][7][gc,marking   ] GC(391) Concurrent Scan Root Regions 1.092ms
[2020-10-24T06:40:11.269+0000][7][gc,marking   ] GC(391) Concurrent Mark (3368.636s)
[2020-10-24T06:40:11.270+0000][7][gc,marking   ] GC(391) Concurrent Mark From Roots
[2020-10-24T06:40:11.270+0000][7][gc,task      ] GC(391) Using 3 workers of 3 for marking
[2020-10-24T06:40:11.318+0000][7][gc,marking   ] GC(391) Concurrent Mark From Roots 48.177ms
[2020-10-24T06:40:11.318+0000][7][gc,marking   ] GC(391) Concurrent Preclean
[2020-10-24T06:40:11.319+0000][7][gc,marking   ] GC(391) Concurrent Preclean 0.721ms
[2020-10-24T06:40:11.319+0000][7][gc,marking   ] GC(391) Concurrent Mark (3368.636s, 3368.686s) 49.727ms
[2020-10-24T06:40:11.320+0000][7][gc,start     ] GC(391) Pause Remark
[2020-10-24T06:40:11.327+0000][7][gc           ] GC(391) Pause Remark 142M->140M(256M) 6.974ms
[2020-10-24T06:40:11.327+0000][7][gc,cpu       ] GC(391) User=0.03s Sys=0.00s Real=0.00s
[2020-10-24T06:40:11.328+0000][7][safepoint    ] Safepoint "G1Concurrent", Time since last: 52810800 ns, Reaching safepoint: 257400 ns, At safepoint: 7744900 ns, Total: 8002300 ns
[2020-10-24T06:40:11.328+0000][7][gc,marking   ] GC(391) Concurrent Rebuild Remembered Sets
[2020-10-24T06:40:11.360+0000][7][gc,marking   ] GC(391) Concurrent Rebuild Remembered Sets 32.120ms
[2020-10-24T06:40:11.361+0000][7][gc,start     ] GC(391) Pause Cleanup
[2020-10-24T06:40:11.361+0000][7][gc           ] GC(391) Pause Cleanup 140M->140M(256M) 0.558ms
[2020-10-24T06:40:11.362+0000][7][gc,cpu       ] GC(391) User=0.00s Sys=0.00s Real=0.00s
[2020-10-24T06:40:11.362+0000][7][safepoint    ] Safepoint "G1Concurrent", Time since last: 32942100 ns, Reaching safepoint: 255300 ns, At safepoint: 1195200 ns, Total: 1450500 ns
[2020-10-24T06:40:11.362+0000][7][gc,marking   ] GC(391) Concurrent Cleanup for Next Mark
[2020-10-24T06:40:11.363+0000][7][gc,marking   ] GC(391) Concurrent Cleanup for Next Mark 0.658ms
[2020-10-24T06:40:11.363+0000][7][gc           ] GC(391) Concurrent Cycle 96.452ms
[2020-10-24T06:40:12.363+0000][7][safepoint    ] Safepoint "Cleanup", Time since last: 1000459200 ns, Reaching safepoint: 335000 ns, At safepoint: 16200 ns, Total: 351200 ns
[2020-10-24T06:40:13.364+0000][7][safepoint    ] Safepoint "Cleanup", Time since last: 1000661300 ns, Reaching safepoint: 251600 ns, At safepoint: 11800 ns, Total: 263400 ns
[2020-10-24T06:40:14.365+0000][7][safepoint    ] Safepoint "Cleanup", Time since last: 1000669800 ns, Reaching safepoint: 811900 ns, At safepoint: 44000 ns, Total: 855900 ns
[2020-10-24T06:40:15.367+0000][7][safepoint    ] Safepoint "Cleanup", Time since last: 1001292700 ns, Reaching safepoint: 281400 ns, At safepoint: 13600 ns, Total: 295000 ns
[2020-10-24T06:40:16.368+0000][7][safepoint    ] Safepoint "Cleanup", Time since last: 1000652600 ns, Reaching safepoint: 220200 ns, At safepoint: 24400 ns, Total: 244600 ns
[2020-10-24T06:40:17.368+0000][7][safepoint    ] Safepoint "Cleanup", Time since last: 1000500000 ns, Reaching safepoint: 231200 ns, At safepoint: 10000 ns, Total: 241200 ns
[2020-10-24T06:40:18.369+0000][7][safepoint    ] Safepoint "Cleanup", Time since last: 1000493100 ns, Reaching safepoint: 234700 ns, At safepoint: 10200 ns, Total: 244900 ns
[2020-10-24T06:40:19.370+0000][7][safepoint    ] Safepoint "Cleanup", Time since last: 1000478700 ns, Reaching safepoint: 264200 ns, At safepoint: 8600 ns, Total: 272800 ns
[2020-10-24T06:40:20.371+0000][7][safepoint    ] Safepoint "Cleanup", Time since last: 1000563600 ns, Reaching safepoint: 505200 ns, At safepoint: 27100 ns, Total: 532300 ns
[2020-10-24T06:40:21.373+0000][7][safepoint    ] Safepoint "Cleanup", Time since last: 1000948700 ns, Reaching safepoint: 727200 ns, At safepoint: 47100 ns, Total: 774300 ns
[2020-10-24T06:40:22.374+0000][7][safepoint    ] Safepoint "Cleanup", Time since last: 1001059300 ns, Reaching safepoint: 256500 ns, At safepoint: 8500 ns, Total: 265000 ns
[2020-10-24T06:40:23.097+0000][7][gc,start     ] GC(392) Pause Young (Normal) (G1 Evacuation Pause)
[2020-10-24T06:40:23.098+0000][7][gc,task      ] GC(392) Using 6 workers of 10 for evacuation
[2020-10-24T06:40:23.098+0000][7][gc,age       ] GC(392) Desired survivor size 3145728 bytes, new threshold 15 (max threshold 15)
[2020-10-24T06:40:23.101+0000][7][gc,age       ] GC(392) Age table with threshold 15 (max threshold 15)
[2020-10-24T06:40:23.102+0000][7][gc,age       ] GC(392) - age   1:    4061784 bytes,    4061784 total
[2020-10-24T06:40:23.102+0000][7][gc,age       ] GC(392) - age   2:      68392 bytes,    4130176 total
[2020-10-24T06:40:23.102+0000][7][gc,age       ] GC(392) - age   3:     618720 bytes,    4748896 total
[2020-10-24T06:40:23.102+0000][7][gc,age       ] GC(392) - age   4:     107120 bytes,    4856016 total
[2020-10-24T06:40:23.103+0000][7][gc,age       ] GC(392) - age   5:     255752 bytes,    5111768 total
[2020-10-24T06:40:23.103+0000][7][gc,age       ] GC(392) - age   6:     291952 bytes,    5403720 total
[2020-10-24T06:40:23.103+0000][7][gc,age       ] GC(392) - age   7:     246728 bytes,    5650448 total
[2020-10-24T06:40:23.103+0000][7][gc,phases    ] GC(392)   Pre Evacuate Collection Set: 0.1ms
[2020-10-24T06:40:23.104+0000][7][gc,phases    ] GC(392)   Merge Heap Roots: 0.1ms
[2020-10-24T06:40:23.104+0000][7][gc,phases    ] GC(392)   Evacuate Collection Set: 1.9ms
[2020-10-24T06:40:23.104+0000][7][gc,phases    ] GC(392)   Post Evacuate Collection Set: 0.9ms
[2020-10-24T06:40:23.104+0000][7][gc,phases    ] GC(392)   Other: 2.9ms
[2020-10-24T06:40:23.104+0000][7][gc,heap      ] GC(392) Eden regions: 44->0(41)
[2020-10-24T06:40:23.104+0000][7][gc,heap      ] GC(392) Survivor regions: 2->6(6)
[2020-10-24T06:40:23.104+0000][7][gc,heap      ] GC(392) Old regions: 120->120
[2020-10-24T06:40:23.104+0000][7][gc,heap      ] GC(392) Archive regions: 2->2
[2020-10-24T06:40:23.104+0000][7][gc,heap      ] GC(392) Humongous regions: 15->15
[2020-10-24T06:40:23.105+0000][7][gc,metaspace ] GC(392) Metaspace: 110035K(118564K)->110035K(118564K) NonClass: 96116K(101080K)->96116K(101080K) Class: 13919K(17484K)->13919K(17484K)
[2020-10-24T06:40:23.105+0000][7][gc           ] GC(392) Pause Young (Normal) (G1 Evacuation Pause) 181M->141M(256M) 7.245ms
[2020-10-24T06:40:23.105+0000][7][gc,cpu       ] GC(392) User=0.01s Sys=0.00s Real=0.00s
[2020-10-24T06:40:23.105+0000][7][safepoint    ] Safepoint "G1CollectForAllocation", Time since last: 723100200 ns, Reaching safepoint: 262700 ns, At safepoint: 7558500 ns, Total: 7821200 ns
[2020-10-24T06:40:23.136+0000][7][gc,start     ] GC(393) Pause Young (Concurrent Start) (G1 Evacuation Pause)
[2020-10-24T06:40:23.137+0000][7][gc,task      ] GC(393) Using 6 workers of 10 for evacuation
[2020-10-24T06:40:23.137+0000][7][gc,age       ] GC(393) Desired survivor size 3145728 bytes, new threshold 1 (max threshold 15)
[2020-10-24T06:40:23.140+0000][7][gc,age       ] GC(393) Age table with threshold 1 (max threshold 15)
[2020-10-24T06:40:23.141+0000][7][gc,age       ] GC(393) - age   1:     658512 bytes,     658512 total
[2020-10-24T06:40:23.141+0000][7][gc,phases    ] GC(393)   Pre Evacuate Collection Set: 0.6ms
[2020-10-24T06:40:23.141+0000][7][gc,phases    ] GC(393)   Merge Heap Roots: 0.1ms
[2020-10-24T06:40:23.142+0000][7][gc,phases    ] GC(393)   Evacuate Collection Set: 1.6ms
[2020-10-24T06:40:23.142+0000][7][gc,phases    ] GC(393)   Post Evacuate Collection Set: 0.8ms
[2020-10-24T06:40:23.142+0000][7][gc,phases    ] GC(393)   Other: 1.6ms
[2020-10-24T06:40:23.142+0000][7][gc,heap      ] GC(393) Eden regions: 41->0(44)
[2020-10-24T06:40:23.142+0000][7][gc,heap      ] GC(393) Survivor regions: 6->1(6)
[2020-10-24T06:40:23.142+0000][7][gc,heap      ] GC(393) Old regions: 120->123
[2020-10-24T06:40:23.143+0000][7][gc,heap      ] GC(393) Archive regions: 2->2
[2020-10-24T06:40:23.143+0000][7][gc,heap      ] GC(393) Humongous regions: 15->15
[2020-10-24T06:40:23.143+0000][7][gc,metaspace ] GC(393) Metaspace: 110036K(118564K)->110036K(118564K) NonClass: 96117K(101080K)->96117K(101080K) Class: 13919K(17484K)->13919K(17484K)
[2020-10-24T06:40:23.143+0000][7][gc           ] GC(393) Pause Young (Concurrent Start) (G1 Evacuation Pause) 182M->139M(256M) 6.898ms
[2020-10-24T06:40:23.143+0000][7][gc,cpu       ] GC(393) User=0.01s Sys=0.00s Real=0.01s
[2020-10-24T06:40:23.144+0000][7][gc           ] GC(394) Concurrent Cycle
[2020-10-24T06:40:23.144+0000][7][gc,marking   ] GC(394) Concurrent Clear Claimed Marks
[2020-10-24T06:40:23.144+0000][7][safepoint    ] Safepoint "G1CollectForAllocation", Time since last: 31103800 ns, Reaching safepoint: 222500 ns, At safepoint: 7457400 ns, Total: 7679900 ns
[2020-10-24T06:40:23.145+0000][7][gc,marking   ] GC(394) Concurrent Clear Claimed Marks 0.693ms
[2020-10-24T06:40:23.145+0000][7][gc,marking   ] GC(394) Concurrent Scan Root Regions
[2020-10-24T06:40:23.146+0000][7][gc,marking   ] GC(394) Concurrent Scan Root Regions 1.029ms
[2020-10-24T06:40:23.146+0000][7][gc,marking   ] GC(394) Concurrent Mark (3380.512s)
[2020-10-24T06:40:23.146+0000][7][gc,marking   ] GC(394) Concurrent Mark From Roots
[2020-10-24T06:40:23.146+0000][7][gc,task      ] GC(394) Using 3 workers of 3 for marking
[2020-10-24T06:40:23.197+0000][7][gc,marking   ] GC(394) Concurrent Mark From Roots 50.717ms
[2020-10-24T06:40:23.197+0000][7][gc,marking   ] GC(394) Concurrent Preclean
[2020-10-24T06:40:23.198+0000][7][gc,marking   ] GC(394) Concurrent Preclean 0.696ms
[2020-10-24T06:40:23.198+0000][7][gc,marking   ] GC(394) Concurrent Mark (3380.512s, 3380.564s) 52.157ms
[2020-10-24T06:40:23.199+0000][7][gc,start     ] GC(394) Pause Remark
[2020-10-24T06:40:23.206+0000][7][gc           ] GC(394) Pause Remark 142M->142M(256M) 6.881ms
[2020-10-24T06:40:23.206+0000][7][gc,cpu       ] GC(394) User=0.03s Sys=0.00s Real=0.00s
[2020-10-24T06:40:23.206+0000][7][safepoint    ] Safepoint "G1Concurrent", Time since last: 54674800 ns, Reaching safepoint: 265100 ns, At safepoint: 7672100 ns, Total: 7937200 ns
[2020-10-24T06:40:23.207+0000][7][gc,marking   ] GC(394) Concurrent Rebuild Remembered Sets
[2020-10-24T06:40:23.245+0000][7][gc,marking   ] GC(394) Concurrent Rebuild Remembered Sets 38.109ms
[2020-10-24T06:40:23.245+0000][7][gc,start     ] GC(394) Pause Cleanup
[2020-10-24T06:40:23.246+0000][7][gc           ] GC(394) Pause Cleanup 142M->142M(256M) 0.475ms
[2020-10-24T06:40:23.246+0000][7][gc,cpu       ] GC(394) User=0.00s Sys=0.00s Real=0.00s
[2020-10-24T06:40:23.246+0000][7][safepoint    ] Safepoint "G1Concurrent", Time since last: 38844300 ns, Reaching safepoint: 195000 ns, At safepoint: 1042100 ns, Total: 1237100 ns
[2020-10-24T06:40:23.247+0000][7][gc,marking   ] GC(394) Concurrent Cleanup for Next Mark
[2020-10-24T06:40:23.248+0000][7][gc,marking   ] GC(394) Concurrent Cleanup for Next Mark 0.671ms
[2020-10-24T06:40:23.248+0000][7][gc           ] GC(394) Concurrent Cycle 104.036ms
[2020-10-24T06:40:23.250+0000][7][safepoint    ] Safepoint "BulkRevokeBias", Time since last: 2134700 ns, Reaching safepoint: 177400 ns, At safepoint: 913100 ns, Total: 1090500 ns
[2020-10-24T06:40:25.132+0000][7][safepoint    ] Safepoint "Cleanup", Time since last: 1882287400 ns, Reaching safepoint: 324300 ns, At safepoint: 9600 ns, Total: 333900 ns
[2020-10-24T06:40:26.134+0000][7][safepoint    ] Safepoint "Cleanup", Time since last: 1000698700 ns, Reaching safepoint: 666200 ns, At safepoint: 38400 ns, Total: 704600 ns
[2020-10-24T06:40:26.274+0000][7][safepoint    ] Safepoint "BulkRevokeBias", Time since last: 139221200 ns, Reaching safepoint: 250700 ns, At safepoint: 1275600 ns, Total: 1526300 ns
[2020-10-24T06:40:27.294+0000][7][safepoint    ] Safepoint "Cleanup", Time since last: 1019434700 ns, Reaching safepoint: 225700 ns, At safepoint: 48600 ns, Total: 274300 ns
[2020-10-24T06:40:28.295+0000][7][safepoint    ] Safepoint "Cleanup", Time since last: 1000637100 ns, Reaching safepoint: 264300 ns, At safepoint: 15100 ns, Total: 279400 ns
[2020-10-24T06:40:28.298+0000][7][gc,start     ] GC(395) Pause Young (Normal) (G1 Evacuation Pause)
[2020-10-24T06:40:28.299+0000][7][gc,task      ] GC(395) Using 6 workers of 10 for evacuation
[2020-10-24T06:40:28.299+0000][7][gc,age       ] GC(395) Desired survivor size 3145728 bytes, new threshold 15 (max threshold 15)
[2020-10-24T06:40:28.302+0000][7][gc,age       ] GC(395) Age table with threshold 15 (max threshold 15)
[2020-10-24T06:40:28.302+0000][7][gc,age       ] GC(395) - age   1:     539496 bytes,     539496 total
[2020-10-24T06:40:28.303+0000][7][gc,age       ] GC(395) - age   2:      14016 bytes,     553512 total
[2020-10-24T06:40:28.303+0000][7][gc,phases    ] GC(395)   Pre Evacuate Collection Set: 0.3ms
[2020-10-24T06:40:28.303+0000][7][gc,phases    ] GC(395)   Merge Heap Roots: 0.2ms
[2020-10-24T06:40:28.304+0000][7][gc,phases    ] GC(395)   Evacuate Collection Set: 1.3ms
[2020-10-24T06:40:28.304+0000][7][gc,phases    ] GC(395)   Post Evacuate Collection Set: 0.8ms
[2020-10-24T06:40:28.304+0000][7][gc,phases    ] GC(395)   Other: 2.3ms
[2020-10-24T06:40:28.304+0000][7][gc,heap      ] GC(395) Eden regions: 44->0(45)
[2020-10-24T06:40:28.304+0000][7][gc,heap      ] GC(395) Survivor regions: 1->1(6)
[2020-10-24T06:40:28.305+0000][7][gc,heap      ] GC(395) Old regions: 123->123
[2020-10-24T06:40:28.305+0000][7][gc,heap      ] GC(395) Archive regions: 2->2
[2020-10-24T06:40:28.305+0000][7][gc,heap      ] GC(395) Humongous regions: 15->15
[2020-10-24T06:40:28.305+0000][7][gc,metaspace ] GC(395) Metaspace: 110036K(118564K)->110036K(118564K) NonClass: 96117K(101080K)->96117K(101080K) Class: 13919K(17484K)->13919K(17484K)
[2020-10-24T06:40:28.305+0000][7][gc           ] GC(395) Pause Young (Normal) (G1 Evacuation Pause) 183M->138M(256M) 6.865ms
[2020-10-24T06:40:28.305+0000][7][gc,cpu       ] GC(395) User=0.01s Sys=0.00s Real=0.00s
[2020-10-24T06:40:28.305+0000][7][safepoint    ] Safepoint "G1CollectForAllocation", Time since last: 2836300 ns, Reaching safepoint: 239500 ns, At safepoint: 7197000 ns, Total: 7436500 ns
[2020-10-24T06:40:29.306+0000][7][safepoint    ] Safepoint "Cleanup", Time since last: 1000287000 ns, Reaching safepoint: 223400 ns, At safepoint: 9900 ns, Total: 233300 ns
[2020-10-24T06:40:30.307+0000][7][safepoint    ] Safepoint "Cleanup", Time since last: 1000590400 ns, Reaching safepoint: 223200 ns, At safepoint: 9300 ns, Total: 232500 ns
[2020-10-24T06:40:31.307+0000][7][safepoint    ] Safepoint "Cleanup", Time since last: 1000560100 ns, Reaching safepoint: 224200 ns, At safepoint: 9800 ns, Total: 234000 ns
[2020-10-24T06:40:32.309+0000][7][safepoint    ] Safepoint "Cleanup", Time since last: 1000574700 ns, Reaching safepoint: 496800 ns, At safepoint: 32000 ns, Total: 528800 ns
[2020-10-24T06:40:33.310+0000][7][safepoint    ] Safepoint "Cleanup", Time since last: 1001068500 ns, Reaching safepoint: 690400 ns, At safepoint: 128500 ns, Total: 818900 ns
[2020-10-24T06:40:34.312+0000][7][safepoint    ] Safepoint "Cleanup", Time since last: 1001125200 ns, Reaching safepoint: 271000 ns, At safepoint: 9100 ns, Total: 280100 ns
[2020-10-24T06:40:35.313+0000][7][safepoint    ] Safepoint "Cleanup", Time since last: 1000630400 ns, Reaching safepoint: 874700 ns, At safepoint: 44700 ns, Total: 919400 ns
[2020-10-24T06:40:36.316+0000][7][safepoint    ] Safepoint "Cleanup", Time since last: 1001436400 ns, Reaching safepoint: 795000 ns, At safepoint: 45900 ns, Total: 840900 ns
[2020-10-24T06:40:37.318+0000][7][safepoint    ] Safepoint "Cleanup", Time since last: 1001308600 ns, Reaching safepoint: 635600 ns, At safepoint: 37500 ns, Total: 673100 ns
[2020-10-24T06:40:38.319+0000][7][safepoint    ] Safepoint "Cleanup", Time since last: 1001282200 ns, Reaching safepoint: 442700 ns, At safepoint: 23600 ns, Total: 466300 ns
[2020-10-24T06:40:39.320+0000][7][safepoint    ] Safepoint "Cleanup", Time since last: 1000708500 ns, Reaching safepoint: 266200 ns, At safepoint: 9200 ns, Total: 275400 ns
[2020-10-24T06:40:40.321+0000][7][safepoint    ] Safepoint "Cleanup", Time since last: 1000501100 ns, Reaching safepoint: 255800 ns, At safepoint: 9300 ns, Total: 265100 ns
[2020-10-24T06:40:41.323+0000][7][safepoint    ] Safepoint "Cleanup", Time since last: 1000606300 ns, Reaching safepoint: 767300 ns, At safepoint: 46600 ns, Total: 813900 ns
[2020-10-24T06:40:42.324+0000][7][safepoint    ] Safepoint "Cleanup", Time since last: 1001124100 ns, Reaching safepoint: 248000 ns, At safepoint: 9600 ns, Total: 257600 ns
[2020-10-24T06:40:43.325+0000][7][safepoint    ] Safepoint "Cleanup", Time since last: 1000668500 ns, Reaching safepoint: 809300 ns, At safepoint: 47000 ns, Total: 856300 ns
[2020-10-24T06:40:44.327+0000][7][safepoint    ] Safepoint "Cleanup", Time since last: 1001546400 ns, Reaching safepoint: 222400 ns, At safepoint: 12400 ns, Total: 234800 ns
[2020-10-24T06:40:45.328+0000][7][safepoint    ] Safepoint "Cleanup", Time since last: 1000590300 ns, Reaching safepoint: 207700 ns, At safepoint: 9300 ns, Total: 217000 ns
[2020-10-24T06:40:46.329+0000][7][safepoint    ] Safepoint "Cleanup", Time since last: 1000480200 ns, Reaching safepoint: 215000 ns, At safepoint: 9300 ns, Total: 224300 ns
[2020-10-24T06:40:47.330+0000][7][safepoint    ] Safepoint "Cleanup", Time since last: 1000518100 ns, Reaching safepoint: 785100 ns, At safepoint: 45900 ns, Total: 831000 ns
[2020-10-24T06:40:48.332+0000][7][safepoint    ] Safepoint "Cleanup", Time since last: 1001237100 ns, Reaching safepoint: 277400 ns, At safepoint: 8900 ns, Total: 286300 ns
[2020-10-24T06:40:49.333+0000][7][safepoint    ] Safepoint "Cleanup", Time since last: 1000578600 ns, Reaching safepoint: 306700 ns, At safepoint: 14400 ns, Total: 321100 ns
[2020-10-24T06:40:50.333+0000][7][safepoint    ] Safepoint "Cleanup", Time since last: 1000687800 ns, Reaching safepoint: 226400 ns, At safepoint: 9700 ns, Total: 236100 ns
[2020-10-24T06:40:51.334+0000][7][safepoint    ] Safepoint "Cleanup", Time since last: 1000543300 ns, Reaching safepoint: 212500 ns, At safepoint: 23100 ns, Total: 235600 ns
[2020-10-24T06:40:52.336+0000][7][safepoint    ] Safepoint "Cleanup", Time since last: 1000553600 ns, Reaching safepoint: 673600 ns, At safepoint: 37200 ns, Total: 710800 ns
[2020-10-24T06:40:53.337+0000][7][safepoint    ] Safepoint "Cleanup", Time since last: 1001111200 ns, Reaching safepoint: 511700 ns, At safepoint: 27500 ns, Total: 539200 ns
[2020-10-24T06:40:54.339+0000][7][safepoint    ] Safepoint "Cleanup", Time since last: 1000904600 ns, Reaching safepoint: 787900 ns, At safepoint: 44900 ns, Total: 832800 ns
[2020-10-24T06:40:55.340+0000][7][safepoint    ] Safepoint "Cleanup", Time since last: 1001199000 ns, Reaching safepoint: 266800 ns, At safepoint: 13200 ns, Total: 280000 ns
[2020-10-24T06:40:56.341+0000][7][safepoint    ] Safepoint "Cleanup", Time since last: 1000566500 ns, Reaching safepoint: 307400 ns, At safepoint: 16600 ns, Total: 324000 ns
[2020-10-24T06:40:57.342+0000][7][safepoint    ] Safepoint "Cleanup", Time since last: 1000581000 ns, Reaching safepoint: 292500 ns, At safepoint: 16500 ns, Total: 309000 ns
[2020-10-24T06:40:58.343+0000][7][safepoint    ] Safepoint "Cleanup", Time since last: 1000598500 ns, Reaching safepoint: 265100 ns, At safepoint: 11800 ns, Total: 276900 ns
[2020-10-24T06:40:59.344+0000][7][safepoint    ] Safepoint "Cleanup", Time since last: 1000714600 ns, Reaching safepoint: 607000 ns, At safepoint: 39800 ns, Total: 646800 ns
[2020-10-24T06:41:00.346+0000][7][safepoint    ] Safepoint "Cleanup", Time since last: 1001210900 ns, Reaching safepoint: 196800 ns, At safepoint: 9800 ns, Total: 206600 ns
[2020-10-24T06:41:01.348+0000][7][safepoint    ] Safepoint "Cleanup", Time since last: 1000782100 ns, Reaching safepoint: 825700 ns, At safepoint: 94600 ns, Total: 920300 ns
[2020-10-24T06:41:02.350+0000][7][safepoint    ] Safepoint "Cleanup", Time since last: 1001303200 ns, Reaching safepoint: 740500 ns, At safepoint: 48400 ns, Total: 788900 ns
[2020-10-24T06:41:03.351+0000][7][safepoint    ] Safepoint "Cleanup", Time since last: 1001147500 ns, Reaching safepoint: 252700 ns, At safepoint: 8900 ns, Total: 261600 ns
[2020-10-24T06:41:04.352+0000][7][safepoint    ] Safepoint "Cleanup", Time since last: 1000586700 ns, Reaching safepoint: 807900 ns, At safepoint: 45000 ns, Total: 852900 ns
[2020-10-24T06:41:05.354+0000][7][safepoint    ] Safepoint "Cleanup", Time since last: 1001161400 ns, Reaching safepoint: 228900 ns, At safepoint: 10100 ns, Total: 239000 ns
[2020-10-24T06:41:06.355+0000][7][safepoint    ] Safepoint "Cleanup", Time since last: 1000503600 ns, Reaching safepoint: 259900 ns, At safepoint: 9500 ns, Total: 269400 ns
[2020-10-24T06:41:07.356+0000][7][safepoint    ] Safepoint "Cleanup", Time since last: 1000540000 ns, Reaching safepoint: 873100 ns, At safepoint: 46300 ns, Total: 919400 ns
[2020-10-24T06:41:08.325+0000][7][gc,start     ] GC(396) Pause Young (Concurrent Start) (G1 Evacuation Pause)
[2020-10-24T06:41:08.325+0000][7][gc,task      ] GC(396) Using 6 workers of 10 for evacuation
[2020-10-24T06:41:08.326+0000][7][gc,age       ] GC(396) Desired survivor size 3145728 bytes, new threshold 15 (max threshold 15)
[2020-10-24T06:41:08.329+0000][7][gc,age       ] GC(396) Age table with threshold 15 (max threshold 15)
[2020-10-24T06:41:08.330+0000][7][gc,age       ] GC(396) - age   1:     137848 bytes,     137848 total
[2020-10-24T06:41:08.330+0000][7][gc,age       ] GC(396) - age   2:     295496 bytes,     433344 total
[2020-10-24T06:41:08.330+0000][7][gc,age       ] GC(396) - age   3:      14016 bytes,     447360 total
[2020-10-24T06:41:08.331+0000][7][gc,phases    ] GC(396)   Pre Evacuate Collection Set: 0.6ms
[2020-10-24T06:41:08.331+0000][7][gc,phases    ] GC(396)   Merge Heap Roots: 0.1ms
[2020-10-24T06:41:08.331+0000][7][gc,phases    ] GC(396)   Evacuate Collection Set: 1.5ms
[2020-10-24T06:41:08.331+0000][7][gc,phases    ] GC(396)   Post Evacuate Collection Set: 0.9ms
[2020-10-24T06:41:08.331+0000][7][gc,phases    ] GC(396)   Other: 2.5ms
[2020-10-24T06:41:08.332+0000][7][gc,heap      ] GC(396) Eden regions: 45->0(46)
[2020-10-24T06:41:08.332+0000][7][gc,heap      ] GC(396) Survivor regions: 1->1(6)
[2020-10-24T06:41:08.332+0000][7][gc,heap      ] GC(396) Old regions: 123->123
[2020-10-24T06:41:08.332+0000][7][gc,heap      ] GC(396) Archive regions: 2->2
[2020-10-24T06:41:08.332+0000][7][gc,heap      ] GC(396) Humongous regions: 15->15
[2020-10-24T06:41:08.332+0000][7][gc,metaspace ] GC(396) Metaspace: 110036K(118564K)->110036K(118564K) NonClass: 96117K(101080K)->96117K(101080K) Class: 13919K(17484K)->13919K(17484K)
[2020-10-24T06:41:08.333+0000][7][gc           ] GC(396) Pause Young (Concurrent Start) (G1 Evacuation Pause) 183M->138M(256M) 7.565ms
[2020-10-24T06:41:08.333+0000][7][gc,cpu       ] GC(396) User=0.01s Sys=0.00s Real=0.01s
[2020-10-24T06:41:08.333+0000][7][gc           ] GC(397) Concurrent Cycle
[2020-10-24T06:41:08.333+0000][7][gc,marking   ] GC(397) Concurrent Clear Claimed Marks
[2020-10-24T06:41:08.333+0000][7][safepoint    ] Safepoint "G1CollectForAllocation", Time since last: 968654300 ns, Reaching safepoint: 263000 ns, At safepoint: 7968000 ns, Total: 8231000 ns
[2020-10-24T06:41:08.334+0000][7][gc,marking   ] GC(397) Concurrent Clear Claimed Marks 0.670ms
[2020-10-24T06:41:08.334+0000][7][gc,marking   ] GC(397) Concurrent Scan Root Regions
[2020-10-24T06:41:08.335+0000][7][gc,marking   ] GC(397) Concurrent Scan Root Regions 0.992ms
[2020-10-24T06:41:08.335+0000][7][gc,marking   ] GC(397) Concurrent Mark (3425.701s)
[2020-10-24T06:41:08.335+0000][7][gc,marking   ] GC(397) Concurrent Mark From Roots
[2020-10-24T06:41:08.335+0000][7][gc,task      ] GC(397) Using 3 workers of 3 for marking
[2020-10-24T06:41:08.383+0000][7][gc,marking   ] GC(397) Concurrent Mark From Roots 47.916ms
[2020-10-24T06:41:08.383+0000][7][gc,marking   ] GC(397) Concurrent Preclean
[2020-10-24T06:41:08.384+0000][7][gc,marking   ] GC(397) Concurrent Preclean 0.705ms
[2020-10-24T06:41:08.384+0000][7][gc,marking   ] GC(397) Concurrent Mark (3425.701s, 3425.751s) 49.377ms
[2020-10-24T06:41:08.385+0000][7][gc,start     ] GC(397) Pause Remark
[2020-10-24T06:41:08.392+0000][7][gc           ] GC(397) Pause Remark 139M->139M(256M) 6.862ms
[2020-10-24T06:41:08.392+0000][7][gc,cpu       ] GC(397) User=0.03s Sys=0.00s Real=0.01s
[2020-10-24T06:41:08.393+0000][7][safepoint    ] Safepoint "G1Concurrent", Time since last: 51822800 ns, Reaching safepoint: 193600 ns, At safepoint: 7698400 ns, Total: 7892000 ns
[2020-10-24T06:41:08.393+0000][7][gc,marking   ] GC(397) Concurrent Rebuild Remembered Sets
[2020-10-24T06:41:08.429+0000][7][gc,marking   ] GC(397) Concurrent Rebuild Remembered Sets 35.574ms
[2020-10-24T06:41:08.429+0000][7][gc,start     ] GC(397) Pause Cleanup
[2020-10-24T06:41:08.430+0000][7][gc           ] GC(397) Pause Cleanup 139M->139M(256M) 0.484ms
[2020-10-24T06:41:08.430+0000][7][gc,cpu       ] GC(397) User=0.00s Sys=0.00s Real=0.00s
[2020-10-24T06:41:08.430+0000][7][safepoint    ] Safepoint "G1Concurrent", Time since last: 36332700 ns, Reaching safepoint: 248900 ns, At safepoint: 1108000 ns, Total: 1356900 ns
[2020-10-24T06:41:08.431+0000][7][gc,marking   ] GC(397) Concurrent Cleanup for Next Mark
[2020-10-24T06:41:08.431+0000][7][gc,marking   ] GC(397) Concurrent Cleanup for Next Mark 0.605ms
[2020-10-24T06:41:08.432+0000][7][gc           ] GC(397) Concurrent Cycle 98.685ms
[2020-10-24T06:41:09.431+0000][7][safepoint    ] Safepoint "Cleanup", Time since last: 1000494400 ns, Reaching safepoint: 271100 ns, At safepoint: 14400 ns, Total: 285500 ns
[2020-10-24T06:41:10.433+0000][7][safepoint    ] Safepoint "Cleanup", Time since last: 1000687300 ns, Reaching safepoint: 851500 ns, At safepoint: 45100 ns, Total: 896600 ns
[2020-10-24T06:41:11.434+0000][7][safepoint    ] Safepoint "Cleanup", Time since last: 1001308500 ns, Reaching safepoint: 262900 ns, At safepoint: 8500 ns, Total: 271400 ns
[2020-10-24T06:41:12.777+0000][7][safepoint    ] Safepoint "Cleanup", Time since last: 1342024600 ns, Reaching safepoint: 869900 ns, At safepoint: 45900 ns, Total: 915800 ns
[2020-10-24T06:41:13.779+0000][7][safepoint    ] Safepoint "Cleanup", Time since last: 1001416800 ns, Reaching safepoint: 210600 ns, At safepoint: 10800 ns, Total: 221400 ns
[2020-10-24T06:41:14.780+0000][7][safepoint    ] Safepoint "Cleanup", Time since last: 1000676900 ns, Reaching safepoint: 768300 ns, At safepoint: 46100 ns, Total: 814400 ns
[2020-10-24T06:41:15.783+0000][7][safepoint    ] Safepoint "Cleanup", Time since last: 1001332600 ns, Reaching safepoint: 826900 ns, At safepoint: 44200 ns, Total: 871100 ns
[2020-10-24T06:41:16.784+0000][7][safepoint    ] Safepoint "Cleanup", Time since last: 1001283600 ns, Reaching safepoint: 297000 ns, At safepoint: 9000 ns, Total: 306000 ns
[2020-10-24T06:41:17.785+0000][7][safepoint    ] Safepoint "Cleanup", Time since last: 1000557800 ns, Reaching safepoint: 206000 ns, At safepoint: 10400 ns, Total: 216400 ns
[2020-10-24T06:41:18.786+0000][7][safepoint    ] Safepoint "Cleanup", Time since last: 1000560800 ns, Reaching safepoint: 678200 ns, At safepoint: 36000 ns, Total: 714200 ns
[2020-10-24T06:41:19.788+0000][7][safepoint    ] Safepoint "Cleanup", Time since last: 1001013500 ns, Reaching safepoint: 233200 ns, At safepoint: 11200 ns, Total: 244400 ns
[2020-10-24T06:41:20.789+0000][7][safepoint    ] Safepoint "Cleanup", Time since last: 1000617100 ns, Reaching safepoint: 802400 ns, At safepoint: 49200 ns, Total: 851600 ns
[2020-10-24T06:41:21.790+0000][7][safepoint    ] Safepoint "Cleanup", Time since last: 1001126200 ns, Reaching safepoint: 256100 ns, At safepoint: 9100 ns, Total: 265200 ns
[2020-10-24T06:41:22.492+0000][7][safepoint    ] Safepoint "BulkRevokeBias", Time since last: 699394500 ns, Reaching safepoint: 235800 ns, At safepoint: 1941500 ns, Total: 2177300 ns
[2020-10-24T06:41:23.185+0000][7][gc,start     ] GC(398) Pause Young (Normal) (G1 Evacuation Pause)
[2020-10-24T06:41:23.186+0000][7][gc,task      ] GC(398) Using 6 workers of 10 for evacuation
[2020-10-24T06:41:23.186+0000][7][gc,age       ] GC(398) Desired survivor size 3145728 bytes, new threshold 15 (max threshold 15)
[2020-10-24T06:41:23.189+0000][7][gc,age       ] GC(398) Age table with threshold 15 (max threshold 15)
[2020-10-24T06:41:23.189+0000][7][gc,age       ] GC(398) - age   1:    3934208 bytes,    3934208 total
[2020-10-24T06:41:23.190+0000][7][gc,age       ] GC(398) - age   2:      78072 bytes,    4012280 total
[2020-10-24T06:41:23.190+0000][7][gc,age       ] GC(398) - age   3:     281488 bytes,    4293768 total
[2020-10-24T06:41:23.190+0000][7][gc,age       ] GC(398) - age   4:       7384 bytes,    4301152 total
[2020-10-24T06:41:23.190+0000][7][gc,phases    ] GC(398)   Pre Evacuate Collection Set: 0.1ms
[2020-10-24T06:41:23.191+0000][7][gc,phases    ] GC(398)   Merge Heap Roots: 0.1ms
[2020-10-24T06:41:23.191+0000][7][gc,phases    ] GC(398)   Evacuate Collection Set: 1.6ms
[2020-10-24T06:41:23.191+0000][7][gc,phases    ] GC(398)   Post Evacuate Collection Set: 0.8ms
[2020-10-24T06:41:23.191+0000][7][gc,phases    ] GC(398)   Other: 2.5ms
[2020-10-24T06:41:23.191+0000][7][gc,heap      ] GC(398) Eden regions: 46->0(40)
[2020-10-24T06:41:23.191+0000][7][gc,heap      ] GC(398) Survivor regions: 1->5(6)
[2020-10-24T06:41:23.191+0000][7][gc,heap      ] GC(398) Old regions: 123->123
[2020-10-24T06:41:23.192+0000][7][gc,heap      ] GC(398) Archive regions: 2->2
[2020-10-24T06:41:23.192+0000][7][gc,heap      ] GC(398) Humongous regions: 15->15
[2020-10-24T06:41:23.192+0000][7][gc,metaspace ] GC(398) Metaspace: 110043K(118564K)->110043K(118564K) NonClass: 96124K(101080K)->96124K(101080K) Class: 13919K(17484K)->13919K(17484K)
[2020-10-24T06:41:23.192+0000][7][gc           ] GC(398) Pause Young (Normal) (G1 Evacuation Pause) 184M->142M(256M) 6.648ms
[2020-10-24T06:41:23.192+0000][7][gc,cpu       ] GC(398) User=0.01s Sys=0.00s Real=0.01s
[2020-10-24T06:41:23.192+0000][7][safepoint    ] Safepoint "G1CollectForAllocation", Time since last: 693122000 ns, Reaching safepoint: 217000 ns, At safepoint: 6999300 ns, Total: 7216300 ns
[2020-10-24T06:41:24.265+0000][7][safepoint    ] Safepoint "Cleanup", Time since last: 1072246400 ns, Reaching safepoint: 229900 ns, At safepoint: 8800 ns, Total: 238700 ns
[2020-10-24T06:41:25.265+0000][7][safepoint    ] Safepoint "Cleanup", Time since last: 1000499500 ns, Reaching safepoint: 224200 ns, At safepoint: 9200 ns, Total: 233400 ns
[2020-10-24T06:41:26.267+0000][7][safepoint    ] Safepoint "Cleanup", Time since last: 1000657600 ns, Reaching safepoint: 1049300 ns, At safepoint: 174300 ns, Total: 1223600 ns
[2020-10-24T06:41:27.269+0000][7][safepoint    ] Safepoint "Cleanup", Time since last: 1001028500 ns, Reaching safepoint: 230700 ns, At safepoint: 9300 ns, Total: 240000 ns
[2020-10-24T06:41:28.269+0000][7][safepoint    ] Safepoint "Cleanup", Time since last: 1000474000 ns, Reaching safepoint: 306500 ns, At safepoint: 10500 ns, Total: 317000 ns
[2020-10-24T06:41:29.271+0000][7][safepoint    ] Safepoint "Cleanup", Time since last: 1000613700 ns, Reaching safepoint: 967700 ns, At safepoint: 127700 ns, Total: 1095400 ns
[2020-10-24T06:41:29.300+0000][7][gc,start     ] GC(399) Pause Young (Concurrent Start) (G1 Evacuation Pause)
[2020-10-24T06:41:29.300+0000][7][gc,task      ] GC(399) Using 6 workers of 10 for evacuation
[2020-10-24T06:41:29.301+0000][7][gc,age       ] GC(399) Desired survivor size 3145728 bytes, new threshold 1 (max threshold 15)
[2020-10-24T06:41:29.304+0000][7][gc,age       ] GC(399) Age table with threshold 1 (max threshold 15)
[2020-10-24T06:41:29.305+0000][7][gc,age       ] GC(399) - age   1:     930312 bytes,     930312 total
[2020-10-24T06:41:29.305+0000][7][gc,phases    ] GC(399)   Pre Evacuate Collection Set: 0.6ms
[2020-10-24T06:41:29.305+0000][7][gc,phases    ] GC(399)   Merge Heap Roots: 0.2ms
[2020-10-24T06:41:29.306+0000][7][gc,phases    ] GC(399)   Evacuate Collection Set: 1.7ms
[2020-10-24T06:41:29.306+0000][7][gc,phases    ] GC(399)   Post Evacuate Collection Set: 0.9ms
[2020-10-24T06:41:29.306+0000][7][gc,phases    ] GC(399)   Other: 1.8ms
[2020-10-24T06:41:29.306+0000][7][gc,heap      ] GC(399) Eden regions: 40->0(43)
[2020-10-24T06:41:29.307+0000][7][gc,heap      ] GC(399) Survivor regions: 5->1(6)
[2020-10-24T06:41:29.307+0000][7][gc,heap      ] GC(399) Old regions: 123->124
[2020-10-24T06:41:29.307+0000][7][gc,heap      ] GC(399) Archive regions: 2->2
[2020-10-24T06:41:29.307+0000][7][gc,heap      ] GC(399) Humongous regions: 15->15
[2020-10-24T06:41:29.307+0000][7][gc,metaspace ] GC(399) Metaspace: 110044K(118564K)->110044K(118564K) NonClass: 96125K(101080K)->96125K(101080K) Class: 13919K(17484K)->13919K(17484K)
[2020-10-24T06:41:29.308+0000][7][gc           ] GC(399) Pause Young (Concurrent Start) (G1 Evacuation Pause) 182M->140M(256M) 7.614ms
[2020-10-24T06:41:29.308+0000][7][gc,cpu       ] GC(399) User=0.01s Sys=0.00s Real=0.01s
[2020-10-24T06:41:29.308+0000][7][gc           ] GC(400) Concurrent Cycle
[2020-10-24T06:41:29.308+0000][7][safepoint    ] Safepoint "G1CollectForAllocation", Time since last: 28456800 ns, Reaching safepoint: 257400 ns, At safepoint: 7962900 ns, Total: 8220300 ns
[2020-10-24T06:41:29.308+0000][7][gc,marking   ] GC(400) Concurrent Clear Claimed Marks
[2020-10-24T06:41:29.309+0000][7][gc,marking   ] GC(400) Concurrent Clear Claimed Marks 0.822ms
[2020-10-24T06:41:29.309+0000][7][gc,marking   ] GC(400) Concurrent Scan Root Regions
[2020-10-24T06:41:29.310+0000][7][gc,marking   ] GC(400) Concurrent Scan Root Regions 1.173ms
[2020-10-24T06:41:29.310+0000][7][gc,marking   ] GC(400) Concurrent Mark (3446.677s)
[2020-10-24T06:41:29.311+0000][7][gc,marking   ] GC(400) Concurrent Mark From Roots
[2020-10-24T06:41:29.311+0000][7][gc,task      ] GC(400) Using 3 workers of 3 for marking
[2020-10-24T06:41:29.365+0000][7][gc,marking   ] GC(400) Concurrent Mark From Roots 54.127ms
[2020-10-24T06:41:29.365+0000][7][gc,marking   ] GC(400) Concurrent Preclean
[2020-10-24T06:41:29.366+0000][7][gc,marking   ] GC(400) Concurrent Preclean 0.711ms
[2020-10-24T06:41:29.366+0000][7][gc,marking   ] GC(400) Concurrent Mark (3446.677s, 3446.732s) 55.771ms
[2020-10-24T06:41:29.367+0000][7][gc,start     ] GC(400) Pause Remark
[2020-10-24T06:41:29.374+0000][7][gc           ] GC(400) Pause Remark 154M->154M(256M) 7.521ms
[2020-10-24T06:41:29.375+0000][7][gc,cpu       ] GC(400) User=0.01s Sys=0.02s Real=0.01s
[2020-10-24T06:41:29.375+0000][7][safepoint    ] Safepoint "G1Concurrent", Time since last: 58703400 ns, Reaching safepoint: 262600 ns, At safepoint: 8271800 ns, Total: 8534400 ns
[2020-10-24T06:41:29.375+0000][7][gc,marking   ] GC(400) Concurrent Rebuild Remembered Sets
[2020-10-24T06:41:29.416+0000][7][gc,marking   ] GC(400) Concurrent Rebuild Remembered Sets 40.218ms
[2020-10-24T06:41:29.416+0000][7][gc,start     ] GC(400) Pause Cleanup
[2020-10-24T06:41:29.417+0000][7][gc           ] GC(400) Pause Cleanup 156M->156M(256M) 0.529ms
[2020-10-24T06:41:29.417+0000][7][gc,cpu       ] GC(400) User=0.00s Sys=0.00s Real=0.00s
[2020-10-24T06:41:29.417+0000][7][safepoint    ] Safepoint "G1Concurrent", Time since last: 40958900 ns, Reaching safepoint: 216200 ns, At safepoint: 1178200 ns, Total: 1394400 ns
[2020-10-24T06:41:29.418+0000][7][gc,marking   ] GC(400) Concurrent Cleanup for Next Mark
[2020-10-24T06:41:29.418+0000][7][gc,marking   ] GC(400) Concurrent Cleanup for Next Mark 0.583ms
[2020-10-24T06:41:29.419+0000][7][gc           ] GC(400) Concurrent Cycle 110.752ms
[2020-10-24T06:41:30.418+0000][7][safepoint    ] Safepoint "Cleanup", Time since last: 1000444500 ns, Reaching safepoint: 257400 ns, At safepoint: 8900 ns, Total: 266300 ns
[2020-10-24T06:41:31.419+0000][7][safepoint    ] Safepoint "Cleanup", Time since last: 1000554100 ns, Reaching safepoint: 361700 ns, At safepoint: 19700 ns, Total: 381400 ns
[2020-10-24T06:41:32.420+0000][7][safepoint    ] Safepoint "Cleanup", Time since last: 1000635700 ns, Reaching safepoint: 246700 ns, At safepoint: 12100 ns, Total: 258800 ns
[2020-10-24T06:41:33.421+0000][7][safepoint    ] Safepoint "Cleanup", Time since last: 1000665200 ns, Reaching safepoint: 819100 ns, At safepoint: 46200 ns, Total: 865300 ns
[2020-10-24T06:41:34.424+0000][7][safepoint    ] Safepoint "Cleanup", Time since last: 1001306600 ns, Reaching safepoint: 742300 ns, At safepoint: 32500 ns, Total: 774800 ns
[2020-10-24T06:41:35.425+0000][7][safepoint    ] Safepoint "Cleanup", Time since last: 1001055900 ns, Reaching safepoint: 636100 ns, At safepoint: 37600 ns, Total: 673700 ns
[2020-10-24T06:41:36.427+0000][7][safepoint    ] Safepoint "Cleanup", Time since last: 1001304800 ns, Reaching safepoint: 590500 ns, At safepoint: 35700 ns, Total: 626200 ns
[2020-10-24T06:41:37.428+0000][7][safepoint    ] Safepoint "Cleanup", Time since last: 1000975700 ns, Reaching safepoint: 283100 ns, At safepoint: 8600 ns, Total: 291700 ns
[2020-10-24T06:41:38.430+0000][7][safepoint    ] Safepoint "Cleanup", Time since last: 1000599600 ns, Reaching safepoint: 644700 ns, At safepoint: 35900 ns, Total: 680600 ns
[2020-10-24T06:41:39.431+0000][7][safepoint    ] Safepoint "Cleanup", Time since last: 1001016500 ns, Reaching safepoint: 240800 ns, At safepoint: 10100 ns, Total: 250900 ns
[2020-10-24T06:41:40.433+0000][7][safepoint    ] Safepoint "Cleanup", Time since last: 1000684400 ns, Reaching safepoint: 789300 ns, At safepoint: 93200 ns, Total: 882500 ns
[2020-10-24T06:41:41.435+0000][7][safepoint    ] Safepoint "Cleanup", Time since last: 1001286600 ns, Reaching safepoint: 802100 ns, At safepoint: 45500 ns, Total: 847600 ns
[2020-10-24T06:41:42.437+0000][7][safepoint    ] Safepoint "Cleanup", Time since last: 1001282900 ns, Reaching safepoint: 810400 ns, At safepoint: 47000 ns, Total: 857400 ns
[2020-10-24T06:41:43.438+0000][7][safepoint    ] Safepoint "Cleanup", Time since last: 1001194800 ns, Reaching safepoint: 231200 ns, At safepoint: 23500 ns, Total: 254700 ns
[2020-10-24T06:41:44.439+0000][7][safepoint    ] Safepoint "Cleanup", Time since last: 1000516100 ns, Reaching safepoint: 348400 ns, At safepoint: 20200 ns, Total: 368600 ns
[2020-10-24T06:41:45.440+0000][7][safepoint    ] Safepoint "Cleanup", Time since last: 1000685800 ns, Reaching safepoint: 264300 ns, At safepoint: 8600 ns, Total: 272900 ns
[2020-10-24T06:41:46.441+0000][7][safepoint    ] Safepoint "Cleanup", Time since last: 1000499200 ns, Reaching safepoint: 500400 ns, At safepoint: 29200 ns, Total: 529600 ns
[2020-10-24T06:41:47.443+0000][7][safepoint    ] Safepoint "Cleanup", Time since last: 1000863600 ns, Reaching safepoint: 828900 ns, At safepoint: 48200 ns, Total: 877100 ns
[2020-10-24T06:41:48.445+0000][7][safepoint    ] Safepoint "Cleanup", Time since last: 1001354200 ns, Reaching safepoint: 884000 ns, At safepoint: 60100 ns, Total: 944100 ns
[2020-10-24T06:41:48.941+0000][7][gc,start     ] GC(401) Pause Young (Normal) (G1 Evacuation Pause)
[2020-10-24T06:41:48.942+0000][7][gc,task      ] GC(401) Using 6 workers of 10 for evacuation
[2020-10-24T06:41:48.942+0000][7][gc,age       ] GC(401) Desired survivor size 3145728 bytes, new threshold 15 (max threshold 15)
[2020-10-24T06:41:48.947+0000][7][gc,age       ] GC(401) Age table with threshold 15 (max threshold 15)
[2020-10-24T06:41:48.947+0000][7][gc,age       ] GC(401) - age   1:     500640 bytes,     500640 total
[2020-10-24T06:41:48.947+0000][7][gc,age       ] GC(401) - age   2:     384936 bytes,     885576 total
[2020-10-24T06:41:48.948+0000][7][gc,phases    ] GC(401)   Pre Evacuate Collection Set: 0.2ms
[2020-10-24T06:41:48.948+0000][7][gc,phases    ] GC(401)   Merge Heap Roots: 0.2ms
[2020-10-24T06:41:48.949+0000][7][gc,phases    ] GC(401)   Evacuate Collection Set: 2.1ms
[2020-10-24T06:41:48.949+0000][7][gc,phases    ] GC(401)   Post Evacuate Collection Set: 1.4ms
[2020-10-24T06:41:48.949+0000][7][gc,phases    ] GC(401)   Other: 2.8ms
[2020-10-24T06:41:48.950+0000][7][gc,heap      ] GC(401) Eden regions: 43->0(44)
[2020-10-24T06:41:48.950+0000][7][gc,heap      ] GC(401) Survivor regions: 1->1(6)
[2020-10-24T06:41:48.950+0000][7][gc,heap      ] GC(401) Old regions: 124->124
[2020-10-24T06:41:48.950+0000][7][gc,heap      ] GC(401) Archive regions: 2->2
[2020-10-24T06:41:48.950+0000][7][gc,heap      ] GC(401) Humongous regions: 15->15
[2020-10-24T06:41:48.951+0000][7][gc,metaspace ] GC(401) Metaspace: 110045K(118564K)->110045K(118564K) NonClass: 96126K(101080K)->96126K(101080K) Class: 13919K(17484K)->13919K(17484K)
[2020-10-24T06:41:48.951+0000][7][gc           ] GC(401) Pause Young (Normal) (G1 Evacuation Pause) 183M->140M(256M) 9.463ms
[2020-10-24T06:41:48.951+0000][7][gc,cpu       ] GC(401) User=0.01s Sys=0.01s Real=0.01s
[2020-10-24T06:41:48.951+0000][7][safepoint    ] Safepoint "G1CollectForAllocation", Time since last: 495653700 ns, Reaching safepoint: 325200 ns, At safepoint: 9765200 ns, Total: 10090400 ns
[2020-10-24T06:41:49.951+0000][7][safepoint    ] Safepoint "Cleanup", Time since last: 1000214400 ns, Reaching safepoint: 246500 ns, At safepoint: 12700 ns, Total: 259200 ns
[2020-10-24T06:41:50.953+0000][7][safepoint    ] Safepoint "Cleanup", Time since last: 1000699200 ns, Reaching safepoint: 840400 ns, At safepoint: 45200 ns, Total: 885600 ns
[2020-10-24T06:41:51.955+0000][7][safepoint    ] Safepoint "Cleanup", Time since last: 1001192900 ns, Reaching safepoint: 260400 ns, At safepoint: 8400 ns, Total: 268800 ns
[2020-10-24T06:41:52.955+0000][7][safepoint    ] Safepoint "Cleanup", Time since last: 1000475100 ns, Reaching safepoint: 277000 ns, At safepoint: 9000 ns, Total: 286000 ns
[2020-10-24T06:41:53.956+0000][7][safepoint    ] Safepoint "Cleanup", Time since last: 1000499900 ns, Reaching safepoint: 263500 ns, At safepoint: 8700 ns, Total: 272200 ns
[2020-10-24T06:41:54.957+0000][7][safepoint    ] Safepoint "Cleanup", Time since last: 1000487800 ns, Reaching safepoint: 280800 ns, At safepoint: 9000 ns, Total: 289800 ns
[2020-10-24T06:41:55.958+0000][7][safepoint    ] Safepoint "Cleanup", Time since last: 1000598200 ns, Reaching safepoint: 790200 ns, At safepoint: 46800 ns, Total: 837000 ns
[2020-10-24T06:41:56.960+0000][7][safepoint    ] Safepoint "Cleanup", Time since last: 1001281800 ns, Reaching safepoint: 260500 ns, At safepoint: 8800 ns, Total: 269300 ns
[2020-10-24T06:41:57.961+0000][7][safepoint    ] Safepoint "Cleanup", Time since last: 1000536400 ns, Reaching safepoint: 246500 ns, At safepoint: 24400 ns, Total: 270900 ns
[2020-10-24T06:41:58.962+0000][7][safepoint    ] Safepoint "Cleanup", Time since last: 1000676700 ns, Reaching safepoint: 503800 ns, At safepoint: 28200 ns, Total: 532000 ns
[2020-10-24T06:41:59.964+0000][7][safepoint    ] Safepoint "Cleanup", Time since last: 1000899300 ns, Reaching safepoint: 818700 ns, At safepoint: 47600 ns, Total: 866300 ns
[2020-10-24T06:42:00.965+0000][7][safepoint    ] Safepoint "Cleanup", Time since last: 1001093400 ns, Reaching safepoint: 263200 ns, At safepoint: 9200 ns, Total: 272400 ns
[2020-10-24T06:42:01.966+0000][7][safepoint    ] Safepoint "Cleanup", Time since last: 1000589800 ns, Reaching safepoint: 790000 ns, At safepoint: 44700 ns, Total: 834700 ns
[2020-10-24T06:42:02.968+0000][7][safepoint    ] Safepoint "Cleanup", Time since last: 1001260800 ns, Reaching safepoint: 777500 ns, At safepoint: 45800 ns, Total: 823300 ns
[2020-10-24T06:42:03.970+0000][7][safepoint    ] Safepoint "Cleanup", Time since last: 1001465500 ns, Reaching safepoint: 262600 ns, At safepoint: 8700 ns, Total: 271300 ns
[2020-10-24T06:42:04.971+0000][7][safepoint    ] Safepoint "Cleanup", Time since last: 1000591000 ns, Reaching safepoint: 234600 ns, At safepoint: 10000 ns, Total: 244600 ns
[2020-10-24T06:42:05.972+0000][7][safepoint    ] Safepoint "Cleanup", Time since last: 1000489500 ns, Reaching safepoint: 256600 ns, At safepoint: 9300 ns, Total: 265900 ns
[2020-10-24T06:42:06.973+0000][7][safepoint    ] Safepoint "Cleanup", Time since last: 1000542400 ns, Reaching safepoint: 296100 ns, At safepoint: 15200 ns, Total: 311300 ns
[2020-10-24T06:42:07.974+0000][7][safepoint    ] Safepoint "Cleanup", Time since last: 1000646600 ns, Reaching safepoint: 413700 ns, At safepoint: 20300 ns, Total: 434000 ns
[2020-10-24T06:42:08.975+0000][7][safepoint    ] Safepoint "Cleanup", Time since last: 1000666900 ns, Reaching safepoint: 264900 ns, At safepoint: 9300 ns, Total: 274200 ns
[2020-10-24T06:42:09.976+0000][7][safepoint    ] Safepoint "Cleanup", Time since last: 1000576300 ns, Reaching safepoint: 280600 ns, At safepoint: 14500 ns, Total: 295100 ns
[2020-10-24T06:42:10.977+0000][7][safepoint    ] Safepoint "Cleanup", Time since last: 1000660200 ns, Reaching safepoint: 783200 ns, At safepoint: 45500 ns, Total: 828700 ns
[2020-10-24T06:42:11.287+0000][7][gc,start     ] GC(402) Pause Young (Concurrent Start) (G1 Evacuation Pause)
[2020-10-24T06:42:11.288+0000][7][gc,task      ] GC(402) Using 6 workers of 10 for evacuation
[2020-10-24T06:42:11.289+0000][7][gc,age       ] GC(402) Desired survivor size 3145728 bytes, new threshold 15 (max threshold 15)
[2020-10-24T06:42:11.298+0000][7][gc,age       ] GC(402) Age table with threshold 15 (max threshold 15)
[2020-10-24T06:42:11.299+0000][7][gc,age       ] GC(402) - age   1:     841392 bytes,     841392 total
[2020-10-24T06:42:11.299+0000][7][gc,age       ] GC(402) - age   2:     460184 bytes,    1301576 total
[2020-10-24T06:42:11.299+0000][7][gc,age       ] GC(402) - age   3:     360816 bytes,    1662392 total
[2020-10-24T06:42:11.300+0000][7][gc,phases    ] GC(402)   Pre Evacuate Collection Set: 1.6ms
[2020-10-24T06:42:11.300+0000][7][gc,phases    ] GC(402)   Merge Heap Roots: 0.5ms
[2020-10-24T06:42:11.300+0000][7][gc,phases    ] GC(402)   Evacuate Collection Set: 5.1ms
[2020-10-24T06:42:11.300+0000][7][gc,phases    ] GC(402)   Post Evacuate Collection Set: 1.2ms
[2020-10-24T06:42:11.301+0000][7][gc,phases    ] GC(402)   Other: 4.7ms
[2020-10-24T06:42:11.301+0000][7][gc,heap      ] GC(402) Eden regions: 44->0(44)
[2020-10-24T06:42:11.301+0000][7][gc,heap      ] GC(402) Survivor regions: 1->2(6)
[2020-10-24T06:42:11.301+0000][7][gc,heap      ] GC(402) Old regions: 124->124
[2020-10-24T06:42:11.301+0000][7][gc,heap      ] GC(402) Archive regions: 2->2
[2020-10-24T06:42:11.301+0000][7][gc,heap      ] GC(402) Humongous regions: 15->15
[2020-10-24T06:42:11.302+0000][7][gc,metaspace ] GC(402) Metaspace: 110046K(118564K)->110046K(118564K) NonClass: 96127K(101080K)->96127K(101080K) Class: 13919K(17484K)->13919K(17484K)
[2020-10-24T06:42:11.302+0000][7][gc           ] GC(402) Pause Young (Concurrent Start) (G1 Evacuation Pause) 184M->141M(256M) 15.221ms
[2020-10-24T06:42:11.302+0000][7][gc,cpu       ] GC(402) User=0.03s Sys=0.00s Real=0.02s
[2020-10-24T06:42:11.302+0000][7][safepoint    ] Safepoint "G1CollectForAllocation", Time since last: 308660400 ns, Reaching safepoint: 795900 ns, At safepoint: 15745400 ns, Total: 16541300 ns
[2020-10-24T06:42:11.302+0000][7][gc           ] GC(403) Concurrent Cycle
[2020-10-24T06:42:11.303+0000][7][gc,marking   ] GC(403) Concurrent Clear Claimed Marks
[2020-10-24T06:42:11.303+0000][7][gc,marking   ] GC(403) Concurrent Clear Claimed Marks 0.577ms
[2020-10-24T06:42:11.303+0000][7][gc,marking   ] GC(403) Concurrent Scan Root Regions
[2020-10-24T06:42:11.304+0000][7][gc,marking   ] GC(403) Concurrent Scan Root Regions 0.969ms
[2020-10-24T06:42:11.304+0000][7][gc,marking   ] GC(403) Concurrent Mark (3488.671s)
[2020-10-24T06:42:11.305+0000][7][gc,marking   ] GC(403) Concurrent Mark From Roots
[2020-10-24T06:42:11.305+0000][7][gc,task      ] GC(403) Using 3 workers of 3 for marking
[2020-10-24T06:42:11.359+0000][7][gc,marking   ] GC(403) Concurrent Mark From Roots 54.204ms
[2020-10-24T06:42:11.359+0000][7][gc,marking   ] GC(403) Concurrent Preclean
[2020-10-24T06:42:11.360+0000][7][gc,marking   ] GC(403) Concurrent Preclean 0.859ms
[2020-10-24T06:42:11.360+0000][7][gc,marking   ] GC(403) Concurrent Mark (3488.671s, 3488.727s) 55.875ms
[2020-10-24T06:42:11.361+0000][7][gc,start     ] GC(403) Pause Remark
[2020-10-24T06:42:11.368+0000][7][gc           ] GC(403) Pause Remark 142M->142M(256M) 6.947ms
[2020-10-24T06:42:11.368+0000][7][gc,cpu       ] GC(403) User=0.03s Sys=0.00s Real=0.01s
[2020-10-24T06:42:11.369+0000][7][safepoint    ] Safepoint "G1Concurrent", Time since last: 58437700 ns, Reaching safepoint: 226500 ns, At safepoint: 7629000 ns, Total: 7855500 ns
[2020-10-24T06:42:11.369+0000][7][gc,marking   ] GC(403) Concurrent Rebuild Remembered Sets
[2020-10-24T06:42:11.405+0000][7][gc,marking   ] GC(403) Concurrent Rebuild Remembered Sets 36.215ms
[2020-10-24T06:42:11.406+0000][7][gc,start     ] GC(403) Pause Cleanup
[2020-10-24T06:42:11.406+0000][7][gc           ] GC(403) Pause Cleanup 142M->142M(256M) 0.674ms
[2020-10-24T06:42:11.407+0000][7][gc,cpu       ] GC(403) User=0.00s Sys=0.00s Real=0.00s
[2020-10-24T06:42:11.407+0000][7][safepoint    ] Safepoint "G1Concurrent", Time since last: 36999900 ns, Reaching safepoint: 213400 ns, At safepoint: 1342300 ns, Total: 1555700 ns
[2020-10-24T06:42:11.407+0000][7][gc,marking   ] GC(403) Concurrent Cleanup for Next Mark
[2020-10-24T06:42:11.408+0000][7][gc,marking   ] GC(403) Concurrent Cleanup for Next Mark 0.833ms
[2020-10-24T06:42:11.409+0000][7][gc           ] GC(403) Concurrent Cycle 106.341ms
[2020-10-24T06:42:12.408+0000][7][safepoint    ] Safepoint "Cleanup", Time since last: 1000447800 ns, Reaching safepoint: 268800 ns, At safepoint: 36600 ns, Total: 305400 ns
[2020-10-24T06:42:13.410+0000][7][safepoint    ] Safepoint "Cleanup", Time since last: 1000694200 ns, Reaching safepoint: 1002800 ns, At safepoint: 126800 ns, Total: 1129600 ns
[2020-10-24T06:42:15.286+0000][7][safepoint    ] Safepoint "Cleanup", Time since last: 1876424900 ns, Reaching safepoint: 229400 ns, At safepoint: 10100 ns, Total: 239500 ns
[2020-10-24T06:42:16.287+0000][7][safepoint    ] Safepoint "Cleanup", Time since last: 1000487800 ns, Reaching safepoint: 283200 ns, At safepoint: 8900 ns, Total: 292100 ns
[2020-10-24T06:42:17.670+0000][7][safepoint    ] Safepoint "Cleanup", Time since last: 1382443400 ns, Reaching safepoint: 274500 ns, At safepoint: 13500 ns, Total: 288000 ns
[2020-10-24T06:42:18.671+0000][7][safepoint    ] Safepoint "Cleanup", Time since last: 1000548600 ns, Reaching safepoint: 229600 ns, At safepoint: 9600 ns, Total: 239200 ns
[2020-10-24T06:42:19.671+0000][7][safepoint    ] Safepoint "Cleanup", Time since last: 1000507000 ns, Reaching safepoint: 253900 ns, At safepoint: 9500 ns, Total: 263400 ns
[2020-10-24T06:42:20.672+0000][7][safepoint    ] Safepoint "Cleanup", Time since last: 1000544900 ns, Reaching safepoint: 336200 ns, At safepoint: 18000 ns, Total: 354200 ns
[2020-10-24T06:42:21.674+0000][7][safepoint    ] Safepoint "Cleanup", Time since last: 1000829500 ns, Reaching safepoint: 423500 ns, At safepoint: 23700 ns, Total: 447200 ns
[2020-10-24T06:42:22.514+0000][7][safepoint    ] Safepoint "BulkRevokeBias", Time since last: 836077600 ns, Reaching safepoint: 406600 ns, At safepoint: 3792900 ns, Total: 4199500 ns
[2020-10-24T06:42:23.239+0000][7][gc,start     ] GC(404) Pause Young (Prepare Mixed) (G1 Evacuation Pause)
[2020-10-24T06:42:23.240+0000][7][gc,task      ] GC(404) Using 6 workers of 10 for evacuation
[2020-10-24T06:42:23.240+0000][7][gc,age       ] GC(404) Desired survivor size 3145728 bytes, new threshold 15 (max threshold 15)
[2020-10-24T06:42:23.244+0000][7][gc,age       ] GC(404) Age table with threshold 15 (max threshold 15)
[2020-10-24T06:42:23.244+0000][7][gc,age       ] GC(404) - age   1:    3541200 bytes,    3541200 total
[2020-10-24T06:42:23.245+0000][7][gc,age       ] GC(404) - age   2:     599936 bytes,    4141136 total
[2020-10-24T06:42:23.245+0000][7][gc,age       ] GC(404) - age   3:     440712 bytes,    4581848 total
[2020-10-24T06:42:23.245+0000][7][gc,age       ] GC(404) - age   4:     358760 bytes,    4940608 total
[2020-10-24T06:42:23.245+0000][7][gc,phases    ] GC(404)   Pre Evacuate Collection Set: 0.1ms
[2020-10-24T06:42:23.246+0000][7][gc,phases    ] GC(404)   Merge Heap Roots: 0.2ms
[2020-10-24T06:42:23.246+0000][7][gc,phases    ] GC(404)   Evacuate Collection Set: 2.2ms
[2020-10-24T06:42:23.246+0000][7][gc,phases    ] GC(404)   Post Evacuate Collection Set: 1.0ms
[2020-10-24T06:42:23.246+0000][7][gc,phases    ] GC(404)   Other: 2.7ms
[2020-10-24T06:42:23.246+0000][7][gc,heap      ] GC(404) Eden regions: 44->0(7)
[2020-10-24T06:42:23.247+0000][7][gc,heap      ] GC(404) Survivor regions: 2->5(6)
[2020-10-24T06:42:23.247+0000][7][gc,heap      ] GC(404) Old regions: 124->124
[2020-10-24T06:42:23.247+0000][7][gc,heap      ] GC(404) Archive regions: 2->2
[2020-10-24T06:42:23.247+0000][7][gc,heap      ] GC(404) Humongous regions: 15->15
[2020-10-24T06:42:23.247+0000][7][gc,metaspace ] GC(404) Metaspace: 110053K(118820K)->110053K(118820K) NonClass: 96133K(101336K)->96133K(101336K) Class: 13919K(17484K)->13919K(17484K)
[2020-10-24T06:42:23.248+0000][7][gc           ] GC(404) Pause Young (Prepare Mixed) (G1 Evacuation Pause) 185M->144M(256M) 8.257ms
[2020-10-24T06:42:23.248+0000][7][gc,cpu       ] GC(404) User=0.01s Sys=0.00s Real=0.01s
[2020-10-24T06:42:23.248+0000][7][safepoint    ] Safepoint "G1CollectForAllocation", Time since last: 725153500 ns, Reaching safepoint: 251900 ns, At safepoint: 8666600 ns, Total: 8918500 ns
[2020-10-24T06:42:23.252+0000][7][gc,start     ] GC(405) Pause Young (Mixed) (G1 Evacuation Pause)
[2020-10-24T06:42:23.252+0000][7][gc,task      ] GC(405) Using 6 workers of 10 for evacuation
[2020-10-24T06:42:23.253+0000][7][gc,age       ] GC(405) Desired survivor size 1048576 bytes, new threshold 1 (max threshold 15)
[2020-10-24T06:42:23.263+0000][7][gc,age       ] GC(405) Age table with threshold 1 (max threshold 15)
[2020-10-24T06:42:23.263+0000][7][gc,age       ] GC(405) - age   1:     217032 bytes,     217032 total
[2020-10-24T06:42:23.264+0000][7][gc,phases    ] GC(405)   Pre Evacuate Collection Set: 0.1ms
[2020-10-24T06:42:23.264+0000][7][gc,phases    ] GC(405)   Merge Heap Roots: 0.3ms
[2020-10-24T06:42:23.264+0000][7][gc,phases    ] GC(405)   Evacuate Collection Set: 8.5ms
[2020-10-24T06:42:23.264+0000][7][gc,phases    ] GC(405)   Post Evacuate Collection Set: 1.0ms
[2020-10-24T06:42:23.265+0000][7][gc,phases    ] GC(405)   Other: 1.8ms
[2020-10-24T06:42:23.265+0000][7][gc,heap      ] GC(405) Eden regions: 7->0(51)
[2020-10-24T06:42:23.265+0000][7][gc,heap      ] GC(405) Survivor regions: 5->1(2)
[2020-10-24T06:42:23.265+0000][7][gc,heap      ] GC(405) Old regions: 124->116
[2020-10-24T06:42:23.266+0000][7][gc,heap      ] GC(405) Archive regions: 2->2
[2020-10-24T06:42:23.266+0000][7][gc,heap      ] GC(405) Humongous regions: 15->15
[2020-10-24T06:42:23.266+0000][7][gc,metaspace ] GC(405) Metaspace: 110053K(118820K)->110053K(118820K) NonClass: 96133K(101336K)->96133K(101336K) Class: 13919K(17484K)->13919K(17484K)
[2020-10-24T06:42:23.266+0000][7][gc           ] GC(405) Pause Young (Mixed) (G1 Evacuation Pause) 151M->131M(256M) 14.248ms
[2020-10-24T06:42:23.266+0000][7][gc,cpu       ] GC(405) User=0.05s Sys=0.00s Real=0.01s
[2020-10-24T06:42:23.267+0000][7][safepoint    ] Safepoint "G1CollectForAllocation", Time since last: 3777400 ns, Reaching safepoint: 198200 ns, At safepoint: 14740100 ns, Total: 14938300 ns
[2020-10-24T06:42:23.285+0000][7][safepoint    ] Safepoint "BulkRevokeBias", Time since last: 17463300 ns, Reaching safepoint: 215800 ns, At safepoint: 729200 ns, Total: 945000 ns
[2020-10-24T06:42:24.289+0000][7][safepoint    ] Safepoint "Cleanup", Time since last: 1003851900 ns, Reaching safepoint: 253200 ns, At safepoint: 8800 ns, Total: 262000 ns
[2020-10-24T06:42:25.291+0000][7][safepoint    ] Safepoint "Cleanup", Time since last: 1000733700 ns, Reaching safepoint: 678100 ns, At safepoint: 40400 ns, Total: 718500 ns
[2020-10-24T06:42:26.293+0000][7][safepoint    ] Safepoint "Cleanup", Time since last: 1001298400 ns, Reaching safepoint: 874100 ns, At safepoint: 125800 ns, Total: 999900 ns
[2020-10-24T06:42:27.295+0000][7][safepoint    ] Safepoint "Cleanup", Time since last: 1001197200 ns, Reaching safepoint: 437300 ns, At safepoint: 35600 ns, Total: 472900 ns
[2020-10-24T06:42:28.296+0000][7][safepoint    ] Safepoint "Cleanup", Time since last: 1000887700 ns, Reaching safepoint: 197300 ns, At safepoint: 24000 ns, Total: 221300 ns
[2020-10-24T06:42:29.297+0000][7][safepoint    ] Safepoint "Cleanup", Time since last: 1000673400 ns, Reaching safepoint: 766600 ns, At safepoint: 45400 ns, Total: 812000 ns
[2020-10-24T06:42:30.300+0000][7][safepoint    ] Safepoint "Cleanup", Time since last: 1001254200 ns, Reaching safepoint: 1074300 ns, At safepoint: 71100 ns, Total: 1145400 ns
[2020-10-24T06:42:31.301+0000][7][safepoint    ] Safepoint "Cleanup", Time since last: 1001240300 ns, Reaching safepoint: 226300 ns, At safepoint: 9400 ns, Total: 235700 ns
[2020-10-24T06:42:32.302+0000][7][safepoint    ] Safepoint "Cleanup", Time since last: 1000527200 ns, Reaching safepoint: 322800 ns, At safepoint: 47400 ns, Total: 370200 ns
[2020-10-24T06:42:32.311+0000][7][gc,start     ] GC(406) Pause Young (Concurrent Start) (G1 Evacuation Pause)
[2020-10-24T06:42:32.311+0000][7][gc,task      ] GC(406) Using 6 workers of 10 for evacuation
[2020-10-24T06:42:32.311+0000][7][gc,age       ] GC(406) Desired survivor size 3670016 bytes, new threshold 15 (max threshold 15)
[2020-10-24T06:42:32.316+0000][7][gc,age       ] GC(406) Age table with threshold 15 (max threshold 15)
[2020-10-24T06:42:32.316+0000][7][gc,age       ] GC(406) - age   1:    1415008 bytes,    1415008 total
[2020-10-24T06:42:32.316+0000][7][gc,age       ] GC(406) - age   2:       8856 bytes,    1423864 total
[2020-10-24T06:42:32.317+0000][7][gc,phases    ] GC(406)   Pre Evacuate Collection Set: 0.6ms
[2020-10-24T06:42:32.317+0000][7][gc,phases    ] GC(406)   Merge Heap Roots: 0.2ms
[2020-10-24T06:42:32.317+0000][7][gc,phases    ] GC(406)   Evacuate Collection Set: 2.3ms
[2020-10-24T06:42:32.317+0000][7][gc,phases    ] GC(406)   Post Evacuate Collection Set: 1.0ms
[2020-10-24T06:42:32.318+0000][7][gc,phases    ] GC(406)   Other: 2.1ms
[2020-10-24T06:42:32.318+0000][7][gc,heap      ] GC(406) Eden regions: 51->0(50)
[2020-10-24T06:42:32.318+0000][7][gc,heap      ] GC(406) Survivor regions: 1->2(7)
[2020-10-24T06:42:32.318+0000][7][gc,heap      ] GC(406) Old regions: 116->116
[2020-10-24T06:42:32.318+0000][7][gc,heap      ] GC(406) Archive regions: 2->2
[2020-10-24T06:42:32.319+0000][7][gc,heap      ] GC(406) Humongous regions: 15->15
[2020-10-24T06:42:32.319+0000][7][gc,metaspace ] GC(406) Metaspace: 110053K(118820K)->110053K(118820K) NonClass: 96133K(101336K)->96133K(101336K) Class: 13919K(17484K)->13919K(17484K)
[2020-10-24T06:42:32.319+0000][7][gc           ] GC(406) Pause Young (Concurrent Start) (G1 Evacuation Pause) 182M->132M(256M) 8.398ms
[2020-10-24T06:42:32.319+0000][7][gc,cpu       ] GC(406) User=0.02s Sys=0.00s Real=0.01s
[2020-10-24T06:42:32.319+0000][7][gc           ] GC(407) Concurrent Cycle
[2020-10-24T06:42:32.319+0000][7][safepoint    ] Safepoint "G1CollectForAllocation", Time since last: 8397600 ns, Reaching safepoint: 202900 ns, At safepoint: 8871800 ns, Total: 9074700 ns
[2020-10-24T06:42:32.320+0000][7][gc,marking   ] GC(407) Concurrent Clear Claimed Marks
[2020-10-24T06:42:32.320+0000][7][gc,marking   ] GC(407) Concurrent Clear Claimed Marks 0.901ms
[2020-10-24T06:42:32.321+0000][7][gc,marking   ] GC(407) Concurrent Scan Root Regions
[2020-10-24T06:42:32.322+0000][7][gc,marking   ] GC(407) Concurrent Scan Root Regions 0.948ms
[2020-10-24T06:42:32.322+0000][7][gc,marking   ] GC(407) Concurrent Mark (3509.688s)
[2020-10-24T06:42:32.322+0000][7][gc,marking   ] GC(407) Concurrent Mark From Roots
[2020-10-24T06:42:32.322+0000][7][gc,task      ] GC(407) Using 3 workers of 3 for marking
[2020-10-24T06:42:32.376+0000][7][gc,marking   ] GC(407) Concurrent Mark From Roots 53.876ms
[2020-10-24T06:42:32.376+0000][7][gc,marking   ] GC(407) Concurrent Preclean
[2020-10-24T06:42:32.377+0000][7][gc,marking   ] GC(407) Concurrent Preclean 0.719ms
[2020-10-24T06:42:32.377+0000][7][gc,marking   ] GC(407) Concurrent Mark (3509.688s, 3509.744s) 55.369ms
[2020-10-24T06:42:32.378+0000][7][gc,start     ] GC(407) Pause Remark
[2020-10-24T06:42:32.385+0000][7][gc           ] GC(407) Pause Remark 142M->142M(256M) 7.313ms
[2020-10-24T06:42:32.385+0000][7][gc,cpu       ] GC(407) User=0.03s Sys=0.00s Real=0.00s
[2020-10-24T06:42:32.386+0000][7][safepoint    ] Safepoint "G1Concurrent", Time since last: 58078700 ns, Reaching safepoint: 184100 ns, At safepoint: 8005300 ns, Total: 8189400 ns
[2020-10-24T06:42:32.386+0000][7][gc,marking   ] GC(407) Concurrent Rebuild Remembered Sets
[2020-10-24T06:42:32.420+0000][7][gc,marking   ] GC(407) Concurrent Rebuild Remembered Sets 34.344ms
[2020-10-24T06:42:32.421+0000][7][gc,start     ] GC(407) Pause Cleanup
[2020-10-24T06:42:32.421+0000][7][gc           ] GC(407) Pause Cleanup 142M->142M(256M) 0.462ms
[2020-10-24T06:42:32.422+0000][7][gc,cpu       ] GC(407) User=0.01s Sys=0.00s Real=0.00s
[2020-10-24T06:42:32.422+0000][7][safepoint    ] Safepoint "G1Concurrent", Time since last: 35117700 ns, Reaching safepoint: 187000 ns, At safepoint: 1087700 ns, Total: 1274700 ns
[2020-10-24T06:42:32.422+0000][7][gc,marking   ] GC(407) Concurrent Cleanup for Next Mark
[2020-10-24T06:42:32.423+0000][7][gc,marking   ] GC(407) Concurrent Cleanup for Next Mark 0.609ms
[2020-10-24T06:42:32.423+0000][7][gc           ] GC(407) Concurrent Cycle 103.928ms
[2020-10-24T06:42:33.442+0000][7][safepoint    ] Safepoint "Cleanup", Time since last: 1019369500 ns, Reaching safepoint: 241300 ns, At safepoint: 13400 ns, Total: 254700 ns
[2020-10-24T06:42:34.443+0000][7][safepoint    ] Safepoint "Cleanup", Time since last: 1000622500 ns, Reaching safepoint: 374300 ns, At safepoint: 20900 ns, Total: 395200 ns
[2020-10-24T06:42:35.444+0000][7][safepoint    ] Safepoint "Cleanup", Time since last: 1000777100 ns, Reaching safepoint: 199300 ns, At safepoint: 8800 ns, Total: 208100 ns
[2020-10-24T06:42:36.444+0000][7][safepoint    ] Safepoint "Cleanup", Time since last: 1000516800 ns, Reaching safepoint: 251700 ns, At safepoint: 14700 ns, Total: 266400 ns
[2020-10-24T06:42:37.446+0000][7][safepoint    ] Safepoint "Cleanup", Time since last: 1000719600 ns, Reaching safepoint: 683800 ns, At safepoint: 35900 ns, Total: 719700 ns
[2020-10-24T06:42:38.447+0000][7][safepoint    ] Safepoint "Cleanup", Time since last: 1001152800 ns, Reaching safepoint: 271300 ns, At safepoint: 9200 ns, Total: 280500 ns
[2020-10-24T06:42:39.449+0000][7][safepoint    ] Safepoint "Cleanup", Time since last: 1000616700 ns, Reaching safepoint: 777100 ns, At safepoint: 47900 ns, Total: 825000 ns
[2020-10-24T06:42:40.450+0000][7][safepoint    ] Safepoint "Cleanup", Time since last: 1001200600 ns, Reaching safepoint: 253200 ns, At safepoint: 8900 ns, Total: 262100 ns
[2020-10-24T06:42:41.452+0000][7][safepoint    ] Safepoint "Cleanup", Time since last: 1000801300 ns, Reaching safepoint: 1172400 ns, At safepoint: 48100 ns, Total: 1220500 ns
[2020-10-24T06:42:42.454+0000][7][safepoint    ] Safepoint "Cleanup", Time since last: 1001034300 ns, Reaching safepoint: 700000 ns, At safepoint: 37400 ns, Total: 737400 ns
[2020-10-24T06:42:43.456+0000][7][safepoint    ] Safepoint "Cleanup", Time since last: 1001236300 ns, Reaching safepoint: 829100 ns, At safepoint: 45500 ns, Total: 874600 ns
[2020-10-24T06:42:44.458+0000][7][safepoint    ] Safepoint "Cleanup", Time since last: 1001299500 ns, Reaching safepoint: 582000 ns, At safepoint: 36600 ns, Total: 618600 ns
[2020-10-24T06:42:45.460+0000][7][safepoint    ] Safepoint "Cleanup", Time since last: 1001218400 ns, Reaching safepoint: 236800 ns, At safepoint: 8700 ns, Total: 245500 ns
[2020-10-24T06:42:46.461+0000][7][safepoint    ] Safepoint "Cleanup", Time since last: 1000589400 ns, Reaching safepoint: 604000 ns, At safepoint: 288600 ns, Total: 892600 ns
[2020-10-24T06:42:47.675+0000][7][safepoint    ] Safepoint "Cleanup", Time since last: 1214132300 ns, Reaching safepoint: 249800 ns, At safepoint: 11500 ns, Total: 261300 ns
[2020-10-24T06:42:48.677+0000][7][safepoint    ] Safepoint "Cleanup", Time since last: 1000544900 ns, Reaching safepoint: 814100 ns, At safepoint: 45800 ns, Total: 859900 ns
[2020-10-24T06:42:49.678+0000][7][safepoint    ] Safepoint "Cleanup", Time since last: 1001134800 ns, Reaching safepoint: 256700 ns, At safepoint: 9400 ns, Total: 266100 ns
[2020-10-24T06:42:50.680+0000][7][safepoint    ] Safepoint "Cleanup", Time since last: 1000544700 ns, Reaching safepoint: 666700 ns, At safepoint: 121500 ns, Total: 788200 ns
[2020-10-24T06:42:51.681+0000][7][safepoint    ] Safepoint "Cleanup", Time since last: 1000772100 ns, Reaching safepoint: 276200 ns, At safepoint: 13300 ns, Total: 289500 ns
[2020-10-24T06:42:52.682+0000][7][safepoint    ] Safepoint "Cleanup", Time since last: 1000658900 ns, Reaching safepoint: 775800 ns, At safepoint: 44500 ns, Total: 820300 ns
[2020-10-24T06:42:53.299+0000][7][gc,start     ] GC(408) Pause Young (Normal) (G1 Evacuation Pause)
[2020-10-24T06:42:53.300+0000][7][gc,task      ] GC(408) Using 6 workers of 10 for evacuation
[2020-10-24T06:42:53.301+0000][7][gc,age       ] GC(408) Desired survivor size 3670016 bytes, new threshold 15 (max threshold 15)
[2020-10-24T06:42:53.312+0000][7][gc,age       ] GC(408) Age table with threshold 15 (max threshold 15)
[2020-10-24T06:42:53.313+0000][7][gc,age       ] GC(408) - age   1:     721544 bytes,     721544 total
[2020-10-24T06:42:53.315+0000][7][gc,age       ] GC(408) - age   2:     194144 bytes,     915688 total
[2020-10-24T06:42:53.315+0000][7][gc,age       ] GC(408) - age   3:       7608 bytes,     923296 total
[2020-10-24T06:42:53.317+0000][7][gc,phases    ] GC(408)   Pre Evacuate Collection Set: 0.7ms
[2020-10-24T06:42:53.318+0000][7][gc,phases    ] GC(408)   Merge Heap Roots: 0.9ms
[2020-10-24T06:42:53.319+0000][7][gc,phases    ] GC(408)   Evacuate Collection Set: 5.5ms
[2020-10-24T06:42:53.320+0000][7][gc,phases    ] GC(408)   Post Evacuate Collection Set: 3.2ms
[2020-10-24T06:42:53.321+0000][7][gc,phases    ] GC(408)   Other: 7.2ms
[2020-10-24T06:42:53.322+0000][7][gc,heap      ] GC(408) Eden regions: 50->0(52)
[2020-10-24T06:42:53.323+0000][7][gc,heap      ] GC(408) Survivor regions: 2->1(7)
[2020-10-24T06:42:53.323+0000][7][gc,heap      ] GC(408) Old regions: 116->116
[2020-10-24T06:42:53.324+0000][7][gc,heap      ] GC(408) Archive regions: 2->2
[2020-10-24T06:42:53.325+0000][7][gc,heap      ] GC(408) Humongous regions: 15->15
[2020-10-24T06:42:53.326+0000][7][gc,metaspace ] GC(408) Metaspace: 110053K(118820K)->110053K(118820K) NonClass: 96133K(101336K)->96133K(101336K) Class: 13919K(17484K)->13919K(17484K)
[2020-10-24T06:42:53.327+0000][7][gc           ] GC(408) Pause Young (Normal) (G1 Evacuation Pause) 182M->131M(256M) 28.246ms
[2020-10-24T06:42:53.328+0000][7][gc,cpu       ] GC(408) User=0.05s Sys=0.00s Real=0.03s
[2020-10-24T06:42:53.329+0000][7][safepoint    ] Safepoint "G1CollectForAllocation", Time since last: 616018600 ns, Reaching safepoint: 886600 ns, At safepoint: 30355600 ns, Total: 31242200 ns
[2020-10-24T06:42:54.331+0000][7][safepoint    ] Safepoint "Cleanup", Time since last: 1001232600 ns, Reaching safepoint: 295400 ns, At safepoint: 14500 ns, Total: 309900 ns
[2020-10-24T06:42:55.332+0000][7][safepoint    ] Safepoint "Cleanup", Time since last: 1000614800 ns, Reaching safepoint: 185900 ns, At safepoint: 9600 ns, Total: 195500 ns
[2020-10-24T06:42:56.333+0000][7][safepoint    ] Safepoint "Cleanup", Time since last: 1000546400 ns, Reaching safepoint: 318300 ns, At safepoint: 16900 ns, Total: 335200 ns
[2020-10-24T06:42:57.334+0000][7][safepoint    ] Safepoint "Cleanup", Time since last: 1000651500 ns, Reaching safepoint: 717700 ns, At safepoint: 172400 ns, Total: 890100 ns
[2020-10-24T06:42:58.336+0000][7][safepoint    ] Safepoint "Cleanup", Time since last: 1001176900 ns, Reaching safepoint: 260900 ns, At safepoint: 9200 ns, Total: 270100 ns
[2020-10-24T06:42:59.336+0000][7][safepoint    ] Safepoint "Cleanup", Time since last: 1000591900 ns, Reaching safepoint: 202200 ns, At safepoint: 9600 ns, Total: 211800 ns
[2020-10-24T06:43:00.338+0000][7][safepoint    ] Safepoint "Cleanup", Time since last: 1000497400 ns, Reaching safepoint: 1008000 ns, At safepoint: 36500 ns, Total: 1044500 ns
[2020-10-24T06:43:01.350+0000][7][safepoint    ] Safepoint "Cleanup", Time since last: 1010763600 ns, Reaching safepoint: 753900 ns, At safepoint: 52800 ns, Total: 806700 ns
[2020-10-24T06:43:02.351+0000][7][safepoint    ] Safepoint "Cleanup", Time since last: 1001249300 ns, Reaching safepoint: 281500 ns, At safepoint: 15000 ns, Total: 296500 ns
[2020-10-24T06:43:03.352+0000][7][safepoint    ] Safepoint "Cleanup", Time since last: 1000608000 ns, Reaching safepoint: 217100 ns, At safepoint: 22500 ns, Total: 239600 ns
[2020-10-24T06:43:04.353+0000][7][safepoint    ] Safepoint "Cleanup", Time since last: 1000460800 ns, Reaching safepoint: 262800 ns, At safepoint: 8600 ns, Total: 271400 ns
[2020-10-24T06:43:05.353+0000][7][safepoint    ] Safepoint "Cleanup", Time since last: 1000595200 ns, Reaching safepoint: 263800 ns, At safepoint: 8700 ns, Total: 272500 ns
[2020-10-24T06:43:06.354+0000][7][safepoint    ] Safepoint "Cleanup", Time since last: 1000657600 ns, Reaching safepoint: 246600 ns, At safepoint: 9100 ns, Total: 255700 ns
[2020-10-24T06:43:07.355+0000][7][safepoint    ] Safepoint "Cleanup", Time since last: 1000597200 ns, Reaching safepoint: 208100 ns, At safepoint: 22600 ns, Total: 230700 ns
[2020-10-24T06:43:08.356+0000][7][safepoint    ] Safepoint "Cleanup", Time since last: 1000523700 ns, Reaching safepoint: 395400 ns, At safepoint: 19600 ns, Total: 415000 ns
[2020-10-24T06:43:09.357+0000][7][safepoint    ] Safepoint "Cleanup", Time since last: 1000695200 ns, Reaching safepoint: 251400 ns, At safepoint: 9500 ns, Total: 260900 ns
[2020-10-24T06:43:10.358+0000][7][safepoint    ] Safepoint "Cleanup", Time since last: 1000400900 ns, Reaching safepoint: 224600 ns, At safepoint: 9300 ns, Total: 233900 ns
[2020-10-24T06:43:11.359+0000][7][safepoint    ] Safepoint "Cleanup", Time since last: 1000569100 ns, Reaching safepoint: 622700 ns, At safepoint: 36700 ns, Total: 659400 ns
[2020-10-24T06:43:12.360+0000][7][safepoint    ] Safepoint "Cleanup", Time since last: 1001129600 ns, Reaching safepoint: 236100 ns, At safepoint: 9500 ns, Total: 245600 ns
[2020-10-24T06:43:13.361+0000][7][safepoint    ] Safepoint "Cleanup", Time since last: 1000517800 ns, Reaching safepoint: 235900 ns, At safepoint: 10900 ns, Total: 246800 ns
[2020-10-24T06:43:14.879+0000][7][safepoint    ] Safepoint "Cleanup", Time since last: 1518118000 ns, Reaching safepoint: 226600 ns, At safepoint: 9500 ns, Total: 236100 ns
[2020-10-24T06:43:15.880+0000][7][safepoint    ] Safepoint "Cleanup", Time since last: 1000488100 ns, Reaching safepoint: 228900 ns, At safepoint: 9100 ns, Total: 238000 ns
[2020-10-24T06:43:16.881+0000][7][safepoint    ] Safepoint "Cleanup", Time since last: 1000527900 ns, Reaching safepoint: 234000 ns, At safepoint: 11000 ns, Total: 245000 ns
[2020-10-24T06:43:17.882+0000][7][safepoint    ] Safepoint "Cleanup", Time since last: 1000528200 ns, Reaching safepoint: 241900 ns, At safepoint: 9400 ns, Total: 251300 ns
[2020-10-24T06:43:18.883+0000][7][safepoint    ] Safepoint "Cleanup", Time since last: 1000526200 ns, Reaching safepoint: 262800 ns, At safepoint: 8400 ns, Total: 271200 ns
[2020-10-24T06:43:19.883+0000][7][safepoint    ] Safepoint "Cleanup", Time since last: 1000520500 ns, Reaching safepoint: 325800 ns, At safepoint: 25700 ns, Total: 351500 ns
[2020-10-24T06:43:20.885+0000][7][safepoint    ] Safepoint "Cleanup", Time since last: 1000604800 ns, Reaching safepoint: 719400 ns, At safepoint: 155800 ns, Total: 875200 ns
[2020-10-24T06:43:21.886+0000][7][safepoint    ] Safepoint "Cleanup", Time since last: 1001171400 ns, Reaching safepoint: 304400 ns, At safepoint: 15800 ns, Total: 320200 ns
[2020-10-24T06:43:23.341+0000][7][gc,start     ] GC(409) Pause Young (Concurrent Start) (G1 Evacuation Pause)
[2020-10-24T06:43:23.342+0000][7][gc,task      ] GC(409) Using 6 workers of 10 for evacuation
[2020-10-24T06:43:23.342+0000][7][gc,age       ] GC(409) Desired survivor size 3670016 bytes, new threshold 15 (max threshold 15)
[2020-10-24T06:43:23.346+0000][7][gc,age       ] GC(409) Age table with threshold 15 (max threshold 15)
[2020-10-24T06:43:23.347+0000][7][gc,age       ] GC(409) - age   1:    5459840 bytes,    5459840 total
[2020-10-24T06:43:23.347+0000][7][gc,age       ] GC(409) - age   2:     479832 bytes,    5939672 total
[2020-10-24T06:43:23.347+0000][7][gc,age       ] GC(409) - age   3:     193144 bytes,    6132816 total
[2020-10-24T06:43:23.347+0000][7][gc,age       ] GC(409) - age   4:       7608 bytes,    6140424 total
[2020-10-24T06:43:23.348+0000][7][gc,phases    ] GC(409)   Pre Evacuate Collection Set: 0.6ms
[2020-10-24T06:43:23.348+0000][7][gc,phases    ] GC(409)   Merge Heap Roots: 0.1ms
[2020-10-24T06:43:23.348+0000][7][gc,phases    ] GC(409)   Evacuate Collection Set: 1.9ms
[2020-10-24T06:43:23.348+0000][7][gc,phases    ] GC(409)   Post Evacuate Collection Set: 1.1ms
[2020-10-24T06:43:23.349+0000][7][gc,phases    ] GC(409)   Other: 2.5ms
[2020-10-24T06:43:23.349+0000][7][gc,heap      ] GC(409) Eden regions: 52->0(43)
[2020-10-24T06:43:23.349+0000][7][gc,heap      ] GC(409) Survivor regions: 1->6(7)
[2020-10-24T06:43:23.349+0000][7][gc,heap      ] GC(409) Old regions: 116->116
[2020-10-24T06:43:23.349+0000][7][gc,heap      ] GC(409) Archive regions: 2->2
[2020-10-24T06:43:23.349+0000][7][gc,heap      ] GC(409) Humongous regions: 15->15
[2020-10-24T06:43:23.350+0000][7][gc,metaspace ] GC(409) Metaspace: 110058K(118820K)->110058K(118820K) NonClass: 96139K(101336K)->96139K(101336K) Class: 13919K(17484K)->13919K(17484K)
[2020-10-24T06:43:23.350+0000][7][gc           ] GC(409) Pause Young (Concurrent Start) (G1 Evacuation Pause) 183M->137M(256M) 8.238ms
[2020-10-24T06:43:23.350+0000][7][gc,cpu       ] GC(409) User=0.01s Sys=0.01s Real=0.01s
[2020-10-24T06:43:23.350+0000][7][gc           ] GC(410) Concurrent Cycle
[2020-10-24T06:43:23.350+0000][7][safepoint    ] Safepoint "G1CollectForAllocation", Time since last: 1454774800 ns, Reaching safepoint: 263700 ns, At safepoint: 8537400 ns, Total: 8801100 ns
[2020-10-24T06:43:23.350+0000][7][gc,marking   ] GC(410) Concurrent Clear Claimed Marks
[2020-10-24T06:43:23.351+0000][7][gc,marking   ] GC(410) Concurrent Clear Claimed Marks 0.758ms
[2020-10-24T06:43:23.351+0000][7][gc,marking   ] GC(410) Concurrent Scan Root Regions
[2020-10-24T06:43:23.352+0000][7][gc,marking   ] GC(410) Concurrent Scan Root Regions 0.817ms
[2020-10-24T06:43:23.352+0000][7][gc,marking   ] GC(410) Concurrent Mark (3560.718s)
[2020-10-24T06:43:23.352+0000][7][gc,marking   ] GC(410) Concurrent Mark From Roots
[2020-10-24T06:43:23.352+0000][7][gc,task      ] GC(410) Using 3 workers of 3 for marking
[2020-10-24T06:43:23.382+0000][7][safepoint    ] Safepoint "BulkRevokeBias", Time since last: 30719800 ns, Reaching safepoint: 351400 ns, At safepoint: 1234800 ns, Total: 1586200 ns
[2020-10-24T06:43:23.393+0000][7][gc,start     ] GC(411) Pause Young (Normal) (G1 Evacuation Pause)
[2020-10-24T06:43:23.393+0000][7][gc,task      ] GC(411) Using 6 workers of 10 for evacuation
[2020-10-24T06:43:23.394+0000][7][gc,age       ] GC(411) Desired survivor size 3670016 bytes, new threshold 1 (max threshold 15)
[2020-10-24T06:43:23.397+0000][7][gc,age       ] GC(411) Age table with threshold 1 (max threshold 15)
[2020-10-24T06:43:23.397+0000][7][gc,age       ] GC(411) - age   1:     709136 bytes,     709136 total
[2020-10-24T06:43:23.397+0000][7][gc,phases    ] GC(411)   Pre Evacuate Collection Set: 0.1ms
[2020-10-24T06:43:23.397+0000][7][gc,phases    ] GC(411)   Merge Heap Roots: 0.1ms
[2020-10-24T06:43:23.398+0000][7][gc,phases    ] GC(411)   Evacuate Collection Set: 1.5ms
[2020-10-24T06:43:23.398+0000][7][gc,phases    ] GC(411)   Post Evacuate Collection Set: 0.8ms
[2020-10-24T06:43:23.398+0000][7][gc,phases    ] GC(411)   Other: 1.7ms
[2020-10-24T06:43:23.399+0000][7][gc,heap      ] GC(411) Eden regions: 43->0(49)
[2020-10-24T06:43:23.399+0000][7][gc,heap      ] GC(411) Survivor regions: 6->1(7)
[2020-10-24T06:43:23.399+0000][7][gc,heap      ] GC(411) Old regions: 116->117
[2020-10-24T06:43:23.399+0000][7][gc,heap      ] GC(411) Archive regions: 2->2
[2020-10-24T06:43:23.399+0000][7][gc,heap      ] GC(411) Humongous regions: 15->15
[2020-10-24T06:43:23.400+0000][7][gc,metaspace ] GC(411) Metaspace: 110058K(118820K)->110058K(118820K) NonClass: 96139K(101336K)->96139K(101336K) Class: 13919K(17484K)->13919K(17484K)
[2020-10-24T06:43:23.400+0000][7][gc           ] GC(411) Pause Young (Normal) (G1 Evacuation Pause) 179M->133M(256M) 6.994ms
[2020-10-24T06:43:23.400+0000][7][gc,cpu       ] GC(411) User=0.01s Sys=0.00s Real=0.01s
[2020-10-24T06:43:23.400+0000][7][safepoint    ] Safepoint "G1CollectForAllocation", Time since last: 10183700 ns, Reaching safepoint: 355600 ns, At safepoint: 7519600 ns, Total: 7875200 ns
[2020-10-24T06:43:23.413+0000][7][gc,marking   ] GC(410) Concurrent Mark From Roots 61.228ms
[2020-10-24T06:43:23.414+0000][7][gc,marking   ] GC(410) Concurrent Preclean
[2020-10-24T06:43:23.414+0000][7][gc,marking   ] GC(410) Concurrent Preclean 0.711ms
[2020-10-24T06:43:23.415+0000][7][gc,marking   ] GC(410) Concurrent Mark (3560.718s, 3560.781s) 62.773ms
[2020-10-24T06:43:23.415+0000][7][gc,start     ] GC(410) Pause Remark
[2020-10-24T06:43:23.422+0000][7][gc           ] GC(410) Pause Remark 143M->143M(256M) 6.639ms
[2020-10-24T06:43:23.422+0000][7][gc,cpu       ] GC(410) User=0.03s Sys=0.00s Real=0.01s
[2020-10-24T06:43:23.423+0000][7][safepoint    ] Safepoint "G1Concurrent", Time since last: 14831900 ns, Reaching safepoint: 258400 ns, At safepoint: 7344500 ns, Total: 7602900 ns
[2020-10-24T06:43:23.423+0000][7][gc,marking   ] GC(410) Concurrent Rebuild Remembered Sets
[2020-10-24T06:43:23.455+0000][7][gc,marking   ] GC(410) Concurrent Rebuild Remembered Sets 32.045ms
[2020-10-24T06:43:23.456+0000][7][gc,start     ] GC(410) Pause Cleanup
[2020-10-24T06:43:23.456+0000][7][gc           ] GC(410) Pause Cleanup 143M->143M(256M) 0.486ms
[2020-10-24T06:43:23.457+0000][7][gc,cpu       ] GC(410) User=0.00s Sys=0.00s Real=0.00s
[2020-10-24T06:43:23.457+0000][7][safepoint    ] Safepoint "G1Concurrent", Time since last: 32871800 ns, Reaching safepoint: 219000 ns, At safepoint: 1082500 ns, Total: 1301500 ns
[2020-10-24T06:43:23.457+0000][7][gc,marking   ] GC(410) Concurrent Cleanup for Next Mark
[2020-10-24T06:43:23.458+0000][7][gc,marking   ] GC(410) Concurrent Cleanup for Next Mark 0.524ms
[2020-10-24T06:43:23.458+0000][7][gc           ] GC(410) Concurrent Cycle 108.105ms
[2020-10-24T06:43:25.388+0000][7][safepoint    ] Safepoint "Cleanup", Time since last: 1929842100 ns, Reaching safepoint: 878300 ns, At safepoint: 43700 ns, Total: 922000 ns
[2020-10-24T06:43:27.302+0000][7][safepoint    ] Safepoint "Cleanup", Time since last: 1913441400 ns, Reaching safepoint: 560700 ns, At safepoint: 32500 ns, Total: 593200 ns
[2020-10-24T06:43:28.303+0000][7][safepoint    ] Safepoint "Cleanup", Time since last: 1001078200 ns, Reaching safepoint: 592800 ns, At safepoint: 45000 ns, Total: 637800 ns
[2020-10-24T06:43:29.304+0000][7][safepoint    ] Safepoint "Cleanup", Time since last: 1000534500 ns, Reaching safepoint: 282900 ns, At safepoint: 13300 ns, Total: 296200 ns
[2020-10-24T06:43:30.306+0000][7][safepoint    ] Safepoint "Cleanup", Time since last: 1000630400 ns, Reaching safepoint: 834200 ns, At safepoint: 44900 ns, Total: 879100 ns
[2020-10-24T06:43:31.308+0000][7][safepoint    ] Safepoint "Cleanup", Time since last: 1001263000 ns, Reaching safepoint: 816300 ns, At safepoint: 46500 ns, Total: 862800 ns
[2020-10-24T06:43:32.310+0000][7][safepoint    ] Safepoint "Cleanup", Time since last: 1001262100 ns, Reaching safepoint: 789600 ns, At safepoint: 44200 ns, Total: 833800 ns
[2020-10-24T06:43:33.312+0000][7][safepoint    ] Safepoint "Cleanup", Time since last: 1001266400 ns, Reaching safepoint: 231600 ns, At safepoint: 9700 ns, Total: 241300 ns
[2020-10-24T06:43:34.312+0000][7][safepoint    ] Safepoint "Cleanup", Time since last: 1000493500 ns, Reaching safepoint: 313600 ns, At safepoint: 9300 ns, Total: 322900 ns
[2020-10-24T06:43:35.334+0000][7][safepoint    ] Safepoint "Cleanup", Time since last: 1020641800 ns, Reaching safepoint: 525600 ns, At safepoint: 30200 ns, Total: 555800 ns
[2020-10-24T06:43:36.515+0000][7][safepoint    ] Safepoint "Cleanup", Time since last: 1180158100 ns, Reaching safepoint: 857300 ns, At safepoint: 201000 ns, Total: 1058300 ns
[2020-10-24T06:43:37.517+0000][7][safepoint    ] Safepoint "Cleanup", Time since last: 1001101000 ns, Reaching safepoint: 726500 ns, At safepoint: 191000 ns, Total: 917500 ns
[2020-10-24T06:43:38.518+0000][7][safepoint    ] Safepoint "Cleanup", Time since last: 1000840500 ns, Reaching safepoint: 452600 ns, At safepoint: 93900 ns, Total: 546500 ns
[2020-10-24T06:43:38.947+0000][7][gc,start     ] GC(412) Pause Young (Normal) (G1 Evacuation Pause)
[2020-10-24T06:43:38.948+0000][7][gc,task      ] GC(412) Using 6 workers of 10 for evacuation
[2020-10-24T06:43:38.948+0000][7][gc,age       ] GC(412) Desired survivor size 3670016 bytes, new threshold 15 (max threshold 15)
[2020-10-24T06:43:38.952+0000][7][gc,age       ] GC(412) Age table with threshold 15 (max threshold 15)
[2020-10-24T06:43:38.952+0000][7][gc,age       ] GC(412) - age   1:     692928 bytes,     692928 total
[2020-10-24T06:43:38.952+0000][7][gc,age       ] GC(412) - age   2:      16168 bytes,     709096 total
[2020-10-24T06:43:38.953+0000][7][gc,phases    ] GC(412)   Pre Evacuate Collection Set: 0.2ms
[2020-10-24T06:43:38.953+0000][7][gc,phases    ] GC(412)   Merge Heap Roots: 0.2ms
[2020-10-24T06:43:38.954+0000][7][gc,phases    ] GC(412)   Evacuate Collection Set: 1.6ms
[2020-10-24T06:43:38.954+0000][7][gc,phases    ] GC(412)   Post Evacuate Collection Set: 1.2ms
[2020-10-24T06:43:38.954+0000][7][gc,phases    ] GC(412)   Other: 2.5ms
[2020-10-24T06:43:38.955+0000][7][gc,heap      ] GC(412) Eden regions: 49->0(50)
[2020-10-24T06:43:38.955+0000][7][gc,heap      ] GC(412) Survivor regions: 1->1(7)
[2020-10-24T06:43:38.955+0000][7][gc,heap      ] GC(412) Old regions: 117->117
[2020-10-24T06:43:38.955+0000][7][gc,heap      ] GC(412) Archive regions: 2->2
[2020-10-24T06:43:38.956+0000][7][gc,heap      ] GC(412) Humongous regions: 15->15
[2020-10-24T06:43:38.956+0000][7][gc,metaspace ] GC(412) Metaspace: 110061K(118820K)->110061K(118820K) NonClass: 96142K(101336K)->96142K(101336K) Class: 13919K(17484K)->13919K(17484K)
[2020-10-24T06:43:38.956+0000][7][gc           ] GC(412) Pause Young (Normal) (G1 Evacuation Pause) 182M->133M(256M) 8.744ms
[2020-10-24T06:43:38.956+0000][7][gc,cpu       ] GC(412) User=0.01s Sys=0.00s Real=0.01s
[2020-10-24T06:43:38.956+0000][7][safepoint    ] Safepoint "G1CollectForAllocation", Time since last: 428635600 ns, Reaching safepoint: 283100 ns, At safepoint: 9078600 ns, Total: 9361700 ns
[2020-10-24T06:43:39.957+0000][7][safepoint    ] Safepoint "Cleanup", Time since last: 1000319500 ns, Reaching safepoint: 390800 ns, At safepoint: 19200 ns, Total: 410000 ns
[2020-10-24T06:43:40.958+0000][7][safepoint    ] Safepoint "Cleanup", Time since last: 1000746500 ns, Reaching safepoint: 217200 ns, At safepoint: 8800 ns, Total: 226000 ns
[2020-10-24T06:43:41.959+0000][7][safepoint    ] Safepoint "Cleanup", Time since last: 1000511100 ns, Reaching safepoint: 549200 ns, At safepoint: 84700 ns, Total: 633900 ns
[2020-10-24T06:43:42.961+0000][7][safepoint    ] Safepoint "Cleanup", Time since last: 1001080900 ns, Reaching safepoint: 797700 ns, At safepoint: 45400 ns, Total: 843100 ns
[2020-10-24T06:43:43.963+0000][7][safepoint    ] Safepoint "Cleanup", Time since last: 1001398300 ns, Reaching safepoint: 796900 ns, At safepoint: 46400 ns, Total: 843300 ns
[2020-10-24T06:43:44.975+0000][7][safepoint    ] Safepoint "Cleanup", Time since last: 1011510900 ns, Reaching safepoint: 223500 ns, At safepoint: 9900 ns, Total: 233400 ns
[2020-10-24T06:43:45.976+0000][7][safepoint    ] Safepoint "Cleanup", Time since last: 1000448700 ns, Reaching safepoint: 272500 ns, At safepoint: 11000 ns, Total: 283500 ns
[2020-10-24T06:43:46.978+0000][7][safepoint    ] Safepoint "Cleanup", Time since last: 1000791800 ns, Reaching safepoint: 1224100 ns, At safepoint: 52600 ns, Total: 1276700 ns
[2020-10-24T06:43:47.980+0000][7][safepoint    ] Safepoint "Cleanup", Time since last: 1001307200 ns, Reaching safepoint: 828700 ns, At safepoint: 45100 ns, Total: 873800 ns
[2020-10-24T06:43:48.982+0000][7][safepoint    ] Safepoint "Cleanup", Time since last: 1001345800 ns, Reaching safepoint: 625000 ns, At safepoint: 36800 ns, Total: 661800 ns
[2020-10-24T06:43:49.983+0000][7][safepoint    ] Safepoint "Cleanup", Time since last: 1001186200 ns, Reaching safepoint: 270800 ns, At safepoint: 9000 ns, Total: 279800 ns
[2020-10-24T06:43:50.984+0000][7][safepoint    ] Safepoint "Cleanup", Time since last: 1000494400 ns, Reaching safepoint: 278300 ns, At safepoint: 8900 ns, Total: 287200 ns
[2020-10-24T06:43:51.985+0000][7][safepoint    ] Safepoint "Cleanup", Time since last: 1000490100 ns, Reaching safepoint: 252600 ns, At safepoint: 8700 ns, Total: 261300 ns
[2020-10-24T06:43:52.986+0000][7][safepoint    ] Safepoint "Cleanup", Time since last: 1000514900 ns, Reaching safepoint: 204100 ns, At safepoint: 10300 ns, Total: 214400 ns
[2020-10-24T06:43:53.986+0000][7][safepoint    ] Safepoint "Cleanup", Time since last: 1000508100 ns, Reaching safepoint: 243200 ns, At safepoint: 10500 ns, Total: 253700 ns
[2020-10-24T06:43:54.988+0000][7][safepoint    ] Safepoint "Cleanup", Time since last: 1000661800 ns, Reaching safepoint: 856000 ns, At safepoint: 45200 ns, Total: 901200 ns
[2020-10-24T06:43:55.990+0000][7][safepoint    ] Safepoint "Cleanup", Time since last: 1001304500 ns, Reaching safepoint: 258200 ns, At safepoint: 13200 ns, Total: 271400 ns
[2020-10-24T06:43:56.991+0000][7][safepoint    ] Safepoint "Cleanup", Time since last: 1000729300 ns, Reaching safepoint: 812400 ns, At safepoint: 48200 ns, Total: 860600 ns
[2020-10-24T06:43:57.993+0000][7][safepoint    ] Safepoint "Cleanup", Time since last: 1001192800 ns, Reaching safepoint: 221100 ns, At safepoint: 24100 ns, Total: 245200 ns
[2020-10-24T06:43:58.994+0000][7][safepoint    ] Safepoint "Cleanup", Time since last: 1000788000 ns, Reaching safepoint: 685900 ns, At safepoint: 49600 ns, Total: 735500 ns
[2020-10-24T06:43:59.996+0000][7][safepoint    ] Safepoint "Cleanup", Time since last: 1001436200 ns, Reaching safepoint: 632100 ns, At safepoint: 47700 ns, Total: 679800 ns
[2020-10-24T06:44:00.998+0000][7][safepoint    ] Safepoint "Cleanup", Time since last: 1001247000 ns, Reaching safepoint: 226600 ns, At safepoint: 9300 ns, Total: 235900 ns
[2020-10-24T06:44:01.998+0000][7][safepoint    ] Safepoint "Cleanup", Time since last: 1000439600 ns, Reaching safepoint: 341800 ns, At safepoint: 16100 ns, Total: 357900 ns
[2020-10-24T06:44:02.999+0000][7][safepoint    ] Safepoint "Cleanup", Time since last: 1000644100 ns, Reaching safepoint: 262800 ns, At safepoint: 8200 ns, Total: 271000 ns
[2020-10-24T06:44:04.001+0000][7][safepoint    ] Safepoint "Cleanup", Time since last: 1000668500 ns, Reaching safepoint: 811800 ns, At safepoint: 44700 ns, Total: 856500 ns
[2020-10-24T06:44:05.002+0000][7][safepoint    ] Safepoint "Cleanup", Time since last: 1001251000 ns, Reaching safepoint: 261900 ns, At safepoint: 8700 ns, Total: 270600 ns
[2020-10-24T06:44:06.004+0000][7][safepoint    ] Safepoint "Cleanup", Time since last: 1000542900 ns, Reaching safepoint: 620200 ns, At safepoint: 47100 ns, Total: 667300 ns
[2020-10-24T06:44:07.005+0000][7][safepoint    ] Safepoint "Cleanup", Time since last: 1001210200 ns, Reaching safepoint: 266500 ns, At safepoint: 8900 ns, Total: 275400 ns
[2020-10-24T06:44:08.007+0000][7][safepoint    ] Safepoint "Cleanup", Time since last: 1000581500 ns, Reaching safepoint: 783400 ns, At safepoint: 45700 ns, Total: 829100 ns
[2020-10-24T06:44:09.008+0000][7][safepoint    ] Safepoint "Cleanup", Time since last: 1001286300 ns, Reaching safepoint: 271800 ns, At safepoint: 8500 ns, Total: 280300 ns
[2020-10-24T06:44:10.009+0000][7][safepoint    ] Safepoint "Cleanup", Time since last: 1000486000 ns, Reaching safepoint: 274200 ns, At safepoint: 8700 ns, Total: 282900 ns
[2020-10-24T06:44:11.010+0000][7][safepoint    ] Safepoint "Cleanup", Time since last: 1000600000 ns, Reaching safepoint: 806700 ns, At safepoint: 45200 ns, Total: 851900 ns
[2020-10-24T06:44:12.013+0000][7][safepoint    ] Safepoint "Cleanup", Time since last: 1001406300 ns, Reaching safepoint: 774400 ns, At safepoint: 44800 ns, Total: 819200 ns
[2020-10-24T06:44:13.015+0000][7][safepoint    ] Safepoint "Cleanup", Time since last: 1001280400 ns, Reaching safepoint: 855800 ns, At safepoint: 45500 ns, Total: 901300 ns
[2020-10-24T06:44:14.017+0000][7][safepoint    ] Safepoint "Cleanup", Time since last: 1001288000 ns, Reaching safepoint: 860200 ns, At safepoint: 45200 ns, Total: 905400 ns
[2020-10-24T06:44:15.019+0000][7][safepoint    ] Safepoint "Cleanup", Time since last: 1001190700 ns, Reaching safepoint: 717700 ns, At safepoint: 105100 ns, Total: 822800 ns
[2020-10-24T06:44:15.603+0000][7][gc,start     ] GC(413) Pause Young (Concurrent Start) (G1 Evacuation Pause)
[2020-10-24T06:44:15.603+0000][7][gc,task      ] GC(413) Using 6 workers of 10 for evacuation
[2020-10-24T06:44:15.603+0000][7][gc,age       ] GC(413) Desired survivor size 3670016 bytes, new threshold 15 (max threshold 15)
[2020-10-24T06:44:15.607+0000][7][gc,age       ] GC(413) Age table with threshold 15 (max threshold 15)
[2020-10-24T06:44:15.607+0000][7][gc,age       ] GC(413) - age   1:     162000 bytes,     162000 total
[2020-10-24T06:44:15.608+0000][7][gc,age       ] GC(413) - age   2:     575440 bytes,     737440 total
[2020-10-24T06:44:15.608+0000][7][gc,age       ] GC(413) - age   3:      16168 bytes,     753608 total
[2020-10-24T06:44:15.608+0000][7][gc,phases    ] GC(413)   Pre Evacuate Collection Set: 0.6ms
[2020-10-24T06:44:15.608+0000][7][gc,phases    ] GC(413)   Merge Heap Roots: 0.1ms
[2020-10-24T06:44:15.609+0000][7][gc,phases    ] GC(413)   Evacuate Collection Set: 1.7ms
[2020-10-24T06:44:15.609+0000][7][gc,phases    ] GC(413)   Post Evacuate Collection Set: 0.9ms
[2020-10-24T06:44:15.609+0000][7][gc,phases    ] GC(413)   Other: 2.3ms
[2020-10-24T06:44:15.609+0000][7][gc,heap      ] GC(413) Eden regions: 50->0(51)
[2020-10-24T06:44:15.610+0000][7][gc,heap      ] GC(413) Survivor regions: 1->1(7)
[2020-10-24T06:44:15.610+0000][7][gc,heap      ] GC(413) Old regions: 117->117
[2020-10-24T06:44:15.610+0000][7][gc,heap      ] GC(413) Archive regions: 2->2
[2020-10-24T06:44:15.610+0000][7][gc,heap      ] GC(413) Humongous regions: 15->15
[2020-10-24T06:44:15.610+0000][7][gc,metaspace ] GC(413) Metaspace: 110061K(118820K)->110061K(118820K) NonClass: 96142K(101336K)->96142K(101336K) Class: 13919K(17484K)->13919K(17484K)
[2020-10-24T06:44:15.611+0000][7][gc           ] GC(413) Pause Young (Concurrent Start) (G1 Evacuation Pause) 183M->133M(256M) 8.130ms
[2020-10-24T06:44:15.611+0000][7][gc,cpu       ] GC(413) User=0.01s Sys=0.00s Real=0.01s
[2020-10-24T06:44:15.611+0000][7][gc           ] GC(414) Concurrent Cycle
[2020-10-24T06:44:15.611+0000][7][gc,marking   ] GC(414) Concurrent Clear Claimed Marks
[2020-10-24T06:44:15.611+0000][7][safepoint    ] Safepoint "G1CollectForAllocation", Time since last: 583352100 ns, Reaching safepoint: 267500 ns, At safepoint: 8671600 ns, Total: 8939100 ns
[2020-10-24T06:44:15.612+0000][7][gc,marking   ] GC(414) Concurrent Clear Claimed Marks 0.722ms
[2020-10-24T06:44:15.612+0000][7][gc,marking   ] GC(414) Concurrent Scan Root Regions
[2020-10-24T06:44:15.614+0000][7][gc,marking   ] GC(414) Concurrent Scan Root Regions 1.419ms
[2020-10-24T06:44:15.614+0000][7][gc,marking   ] GC(414) Concurrent Mark (3612.980s)
[2020-10-24T06:44:15.614+0000][7][gc,marking   ] GC(414) Concurrent Mark From Roots
[2020-10-24T06:44:15.614+0000][7][gc,task      ] GC(414) Using 3 workers of 3 for marking
[2020-10-24T06:44:15.667+0000][7][gc,marking   ] GC(414) Concurrent Mark From Roots 52.341ms
[2020-10-24T06:44:15.667+0000][7][gc,marking   ] GC(414) Concurrent Preclean
[2020-10-24T06:44:15.668+0000][7][gc,marking   ] GC(414) Concurrent Preclean 0.728ms
[2020-10-24T06:44:15.668+0000][7][gc,marking   ] GC(414) Concurrent Mark (3612.980s, 3613.034s) 53.939ms
[2020-10-24T06:44:15.669+0000][7][gc,start     ] GC(414) Pause Remark
[2020-10-24T06:44:15.676+0000][7][gc           ] GC(414) Pause Remark 133M->133M(256M) 7.411ms
[2020-10-24T06:44:15.676+0000][7][gc,cpu       ] GC(414) User=0.03s Sys=0.00s Real=0.00s
[2020-10-24T06:44:15.677+0000][7][safepoint    ] Safepoint "G1Concurrent", Time since last: 57085800 ns, Reaching safepoint: 209000 ns, At safepoint: 8167400 ns, Total: 8376400 ns
[2020-10-24T06:44:15.677+0000][7][gc,marking   ] GC(414) Concurrent Rebuild Remembered Sets
[2020-10-24T06:44:15.713+0000][7][gc,marking   ] GC(414) Concurrent Rebuild Remembered Sets 35.596ms
[2020-10-24T06:44:15.713+0000][7][gc,start     ] GC(414) Pause Cleanup
[2020-10-24T06:44:15.714+0000][7][gc           ] GC(414) Pause Cleanup 133M->133M(256M) 0.577ms
[2020-10-24T06:44:15.714+0000][7][gc,cpu       ] GC(414) User=0.00s Sys=0.00s Real=0.00s
[2020-10-24T06:44:15.715+0000][7][safepoint    ] Safepoint "G1Concurrent", Time since last: 36406700 ns, Reaching safepoint: 254600 ns, At safepoint: 1214900 ns, Total: 1469500 ns
[2020-10-24T06:44:15.715+0000][7][gc,marking   ] GC(414) Concurrent Cleanup for Next Mark
[2020-10-24T06:44:15.716+0000][7][gc,marking   ] GC(414) Concurrent Cleanup for Next Mark 0.601ms
[2020-10-24T06:44:15.716+0000][7][gc           ] GC(414) Concurrent Cycle 104.551ms
[2020-10-24T06:44:17.318+0000][7][safepoint    ] Safepoint "Cleanup", Time since last: 1602115100 ns, Reaching safepoint: 913500 ns, At safepoint: 45300 ns, Total: 958800 ns
[2020-10-24T06:44:17.328+0000][7][safepoint    ] Safepoint "BulkRevokeBias", Time since last: 4484900 ns, Reaching safepoint: 740100 ns, At safepoint: 5185500 ns, Total: 5925600 ns
[2020-10-24T06:44:18.329+0000][7][safepoint    ] Safepoint "Cleanup", Time since last: 1000564100 ns, Reaching safepoint: 238000 ns, At safepoint: 10400 ns, Total: 248400 ns
[2020-10-24T06:44:19.330+0000][7][safepoint    ] Safepoint "Cleanup", Time since last: 1000605400 ns, Reaching safepoint: 343900 ns, At safepoint: 16900 ns, Total: 360800 ns
[2020-10-24T06:44:20.331+0000][7][safepoint    ] Safepoint "Cleanup", Time since last: 1000643600 ns, Reaching safepoint: 253200 ns, At safepoint: 9300 ns, Total: 262500 ns
[2020-10-24T06:44:21.332+0000][7][safepoint    ] Safepoint "Cleanup", Time since last: 1000560300 ns, Reaching safepoint: 320900 ns, At safepoint: 17700 ns, Total: 338600 ns
[2020-10-24T06:44:22.573+0000][7][safepoint    ] Safepoint "Cleanup", Time since last: 1240102300 ns, Reaching safepoint: 893800 ns, At safepoint: 46400 ns, Total: 940200 ns
[2020-10-24T06:44:22.594+0000][7][safepoint    ] Safepoint "BulkRevokeBias", Time since last: 20497600 ns, Reaching safepoint: 274800 ns, At safepoint: 966600 ns, Total: 1241400 ns
[2020-10-24T06:44:23.437+0000][7][gc,start     ] GC(415) Pause Young (Normal) (G1 Evacuation Pause)
[2020-10-24T06:44:23.437+0000][7][gc,task      ] GC(415) Using 6 workers of 10 for evacuation
[2020-10-24T06:44:23.437+0000][7][gc,age       ] GC(415) Desired survivor size 3670016 bytes, new threshold 15 (max threshold 15)
[2020-10-24T06:44:23.441+0000][7][gc,age       ] GC(415) Age table with threshold 15 (max threshold 15)
[2020-10-24T06:44:23.441+0000][7][gc,age       ] GC(415) - age   1:    2335760 bytes,    2335760 total
[2020-10-24T06:44:23.441+0000][7][gc,age       ] GC(415) - age   2:      89496 bytes,    2425256 total
[2020-10-24T06:44:23.442+0000][7][gc,age       ] GC(415) - age   3:     570176 bytes,    2995432 total
[2020-10-24T06:44:23.442+0000][7][gc,age       ] GC(415) - age   4:       6512 bytes,    3001944 total
[2020-10-24T06:44:23.442+0000][7][gc,phases    ] GC(415)   Pre Evacuate Collection Set: 0.1ms
[2020-10-24T06:44:23.443+0000][7][gc,phases    ] GC(415)   Merge Heap Roots: 0.1ms
[2020-10-24T06:44:23.443+0000][7][gc,phases    ] GC(415)   Evacuate Collection Set: 1.7ms
[2020-10-24T06:44:23.443+0000][7][gc,phases    ] GC(415)   Post Evacuate Collection Set: 1.0ms
[2020-10-24T06:44:23.443+0000][7][gc,phases    ] GC(415)   Other: 2.7ms
[2020-10-24T06:44:23.443+0000][7][gc,heap      ] GC(415) Eden regions: 51->0(48)
[2020-10-24T06:44:23.443+0000][7][gc,heap      ] GC(415) Survivor regions: 1->3(7)
[2020-10-24T06:44:23.444+0000][7][gc,heap      ] GC(415) Old regions: 117->117
[2020-10-24T06:44:23.444+0000][7][gc,heap      ] GC(415) Archive regions: 2->2
[2020-10-24T06:44:23.444+0000][7][gc,heap      ] GC(415) Humongous regions: 15->15
[2020-10-24T06:44:23.444+0000][7][gc,metaspace ] GC(415) Metaspace: 110071K(118820K)->110071K(118820K) NonClass: 96151K(101336K)->96151K(101336K) Class: 13920K(17484K)->13920K(17484K)
[2020-10-24T06:44:23.444+0000][7][gc           ] GC(415) Pause Young (Normal) (G1 Evacuation Pause) 184M->135M(256M) 7.354ms
[2020-10-24T06:44:23.444+0000][7][gc,cpu       ] GC(415) User=0.01s Sys=0.00s Real=0.01s
[2020-10-24T06:44:23.444+0000][7][safepoint    ] Safepoint "G1CollectForAllocation", Time since last: 841980600 ns, Reaching safepoint: 272100 ns, At safepoint: 7642200 ns, Total: 7914300 ns
[2020-10-24T06:44:24.445+0000][7][safepoint    ] Safepoint "Cleanup", Time since last: 1000411600 ns, Reaching safepoint: 617300 ns, At safepoint: 29500 ns, Total: 646800 ns
[2020-10-24T06:44:25.447+0000][7][safepoint    ] Safepoint "Cleanup", Time since last: 1000987500 ns, Reaching safepoint: 825400 ns, At safepoint: 45500 ns, Total: 870900 ns
[2020-10-24T06:44:26.449+0000][7][safepoint    ] Safepoint "Cleanup", Time since last: 1001330900 ns, Reaching safepoint: 828700 ns, At safepoint: 45900 ns, Total: 874600 ns
[2020-10-24T06:44:27.451+0000][7][safepoint    ] Safepoint "Cleanup", Time since last: 1001283000 ns, Reaching safepoint: 662600 ns, At safepoint: 38500 ns, Total: 701100 ns
[2020-10-24T06:44:28.453+0000][7][safepoint    ] Safepoint "Cleanup", Time since last: 1001091400 ns, Reaching safepoint: 250800 ns, At safepoint: 8900 ns, Total: 259700 ns
[2020-10-24T06:44:29.453+0000][7][safepoint    ] Safepoint "Cleanup", Time since last: 1000411400 ns, Reaching safepoint: 202100 ns, At safepoint: 9800 ns, Total: 211900 ns
[2020-10-24T06:44:30.152+0000][7][safepoint    ] Safepoint "BulkRevokeBias", Time since last: 696749200 ns, Reaching safepoint: 253300 ns, At safepoint: 1146700 ns, Total: 1400000 ns
[2020-10-24T06:44:30.282+0000][7][gc,start     ] GC(416) Pause Young (Concurrent Start) (G1 Evacuation Pause)
[2020-10-24T06:44:30.282+0000][7][gc,task      ] GC(416) Using 6 workers of 10 for evacuation
[2020-10-24T06:44:30.282+0000][7][gc,age       ] GC(416) Desired survivor size 3670016 bytes, new threshold 15 (max threshold 15)
[2020-10-24T06:44:30.287+0000][7][gc,age       ] GC(416) Age table with threshold 15 (max threshold 15)
[2020-10-24T06:44:30.288+0000][7][gc,age       ] GC(416) - age   1:    1340008 bytes,    1340008 total
[2020-10-24T06:44:30.288+0000][7][gc,age       ] GC(416) - age   2:     730184 bytes,    2070192 total
[2020-10-24T06:44:30.288+0000][7][gc,age       ] GC(416) - age   3:      87784 bytes,    2157976 total
[2020-10-24T06:44:30.289+0000][7][gc,age       ] GC(416) - age   4:     540112 bytes,    2698088 total
[2020-10-24T06:44:30.289+0000][7][gc,age       ] GC(416) - age   5:       6488 bytes,    2704576 total
[2020-10-24T06:44:30.289+0000][7][gc,phases    ] GC(416)   Pre Evacuate Collection Set: 0.7ms
[2020-10-24T06:44:30.289+0000][7][gc,phases    ] GC(416)   Merge Heap Roots: 0.2ms
[2020-10-24T06:44:30.289+0000][7][gc,phases    ] GC(416)   Evacuate Collection Set: 2.3ms
[2020-10-24T06:44:30.290+0000][7][gc,phases    ] GC(416)   Post Evacuate Collection Set: 1.0ms
[2020-10-24T06:44:30.290+0000][7][gc,phases    ] GC(416)   Other: 3.0ms
[2020-10-24T06:44:30.290+0000][7][gc,heap      ] GC(416) Eden regions: 48->0(49)
[2020-10-24T06:44:30.290+0000][7][gc,heap      ] GC(416) Survivor regions: 3->3(7)
[2020-10-24T06:44:30.290+0000][7][gc,heap      ] GC(416) Old regions: 117->117
[2020-10-24T06:44:30.290+0000][7][gc,heap      ] GC(416) Archive regions: 2->2
[2020-10-24T06:44:30.291+0000][7][gc,heap      ] GC(416) Humongous regions: 15->15
[2020-10-24T06:44:30.291+0000][7][gc,metaspace ] GC(416) Metaspace: 110072K(118820K)->110072K(118820K) NonClass: 96152K(101336K)->96152K(101336K) Class: 13920K(17484K)->13920K(17484K)
[2020-10-24T06:44:30.291+0000][7][gc           ] GC(416) Pause Young (Concurrent Start) (G1 Evacuation Pause) 183M->135M(256M) 9.231ms
[2020-10-24T06:44:30.291+0000][7][gc,cpu       ] GC(416) User=0.02s Sys=0.00s Real=0.01s
[2020-10-24T06:44:30.291+0000][7][gc           ] GC(417) Concurrent Cycle
[2020-10-24T06:44:30.291+0000][7][safepoint    ] Safepoint "G1CollectForAllocation", Time since last: 129795500 ns, Reaching safepoint: 233600 ns, At safepoint: 9651700 ns, Total: 9885300 ns
[2020-10-24T06:44:30.291+0000][7][gc,marking   ] GC(417) Concurrent Clear Claimed Marks
[2020-10-24T06:44:30.293+0000][7][gc,marking   ] GC(417) Concurrent Clear Claimed Marks 1.068ms
[2020-10-24T06:44:30.293+0000][7][gc,marking   ] GC(417) Concurrent Scan Root Regions
[2020-10-24T06:44:30.294+0000][7][gc,marking   ] GC(417) Concurrent Scan Root Regions 1.036ms
[2020-10-24T06:44:30.294+0000][7][gc,marking   ] GC(417) Concurrent Mark (3627.660s)
[2020-10-24T06:44:30.294+0000][7][gc,marking   ] GC(417) Concurrent Mark From Roots
[2020-10-24T06:44:30.294+0000][7][gc,task      ] GC(417) Using 3 workers of 3 for marking
[2020-10-24T06:44:30.349+0000][7][gc,marking   ] GC(417) Concurrent Mark From Roots 55.041ms
[2020-10-24T06:44:30.350+0000][7][gc,marking   ] GC(417) Concurrent Preclean
[2020-10-24T06:44:30.350+0000][7][gc,marking   ] GC(417) Concurrent Preclean 0.745ms
[2020-10-24T06:44:30.351+0000][7][gc,marking   ] GC(417) Concurrent Mark (3627.660s, 3627.717s) 56.638ms
[2020-10-24T06:44:30.351+0000][7][gc,start     ] GC(417) Pause Remark
[2020-10-24T06:44:30.358+0000][7][gc           ] GC(417) Pause Remark 135M->135M(256M) 6.767ms
[2020-10-24T06:44:30.358+0000][7][gc,cpu       ] GC(417) User=0.03s Sys=0.00s Real=0.01s
[2020-10-24T06:44:30.359+0000][7][safepoint    ] Safepoint "G1Concurrent", Time since last: 59704200 ns, Reaching safepoint: 251300 ns, At safepoint: 7445500 ns, Total: 7696800 ns
[2020-10-24T06:44:30.359+0000][7][gc,marking   ] GC(417) Concurrent Rebuild Remembered Sets
[2020-10-24T06:44:30.396+0000][7][gc,marking   ] GC(417) Concurrent Rebuild Remembered Sets 36.578ms
[2020-10-24T06:44:30.396+0000][7][gc,start     ] GC(417) Pause Cleanup
[2020-10-24T06:44:30.397+0000][7][gc           ] GC(417) Pause Cleanup 135M->135M(256M) 0.609ms
[2020-10-24T06:44:30.397+0000][7][gc,cpu       ] GC(417) User=0.00s Sys=0.00s Real=0.00s
[2020-10-24T06:44:30.397+0000][7][safepoint    ] Safepoint "G1Concurrent", Time since last: 37317600 ns, Reaching safepoint: 199000 ns, At safepoint: 1305600 ns, Total: 1504600 ns
[2020-10-24T06:44:30.398+0000][7][gc,marking   ] GC(417) Concurrent Cleanup for Next Mark
[2020-10-24T06:44:30.398+0000][7][gc,marking   ] GC(417) Concurrent Cleanup for Next Mark 0.708ms
[2020-10-24T06:44:30.399+0000][7][gc           ] GC(417) Concurrent Cycle 107.515ms
[2020-10-24T06:44:31.585+0000][7][safepoint    ] Safepoint "Cleanup", Time since last: 1187183500 ns, Reaching safepoint: 188800 ns, At safepoint: 25800 ns, Total: 214600 ns
[2020-10-24T06:44:32.586+0000][7][safepoint    ] Safepoint "Cleanup", Time since last: 1000672600 ns, Reaching safepoint: 766300 ns, At safepoint: 41800 ns, Total: 808100 ns
[2020-10-24T06:44:33.588+0000][7][safepoint    ] Safepoint "Cleanup", Time since last: 1001221800 ns, Reaching safepoint: 612400 ns, At safepoint: 40400 ns, Total: 652800 ns
[2020-10-24T06:44:34.590+0000][7][safepoint    ] Safepoint "Cleanup", Time since last: 1001058700 ns, Reaching safepoint: 394600 ns, At safepoint: 9100 ns, Total: 403700 ns
[2020-10-24T06:44:35.591+0000][7][safepoint    ] Safepoint "Cleanup", Time since last: 1000595300 ns, Reaching safepoint: 872500 ns, At safepoint: 45600 ns, Total: 918100 ns
[2020-10-24T06:44:36.593+0000][7][safepoint    ] Safepoint "Cleanup", Time since last: 1001164700 ns, Reaching safepoint: 263600 ns, At safepoint: 14400 ns, Total: 278000 ns
[2020-10-24T06:44:37.593+0000][7][safepoint    ] Safepoint "Cleanup", Time since last: 1000474400 ns, Reaching safepoint: 243500 ns, At safepoint: 9400 ns, Total: 252900 ns
[2020-10-24T06:44:39.553+0000][7][safepoint    ] Safepoint "Cleanup", Time since last: 1959845400 ns, Reaching safepoint: 269600 ns, At safepoint: 8900 ns, Total: 278500 ns
[2020-10-24T06:44:40.588+0000][7][safepoint    ] Safepoint "Cleanup", Time since last: 1033447600 ns, Reaching safepoint: 1028700 ns, At safepoint: 121700 ns, Total: 1150400 ns
[2020-10-24T06:44:40.635+0000][7][gc,start     ] GC(418) Pause Young (Normal) (G1 Evacuation Pause)
[2020-10-24T06:44:40.635+0000][7][gc,task      ] GC(418) Using 6 workers of 10 for evacuation
[2020-10-24T06:44:40.636+0000][7][gc,age       ] GC(418) Desired survivor size 3670016 bytes, new threshold 15 (max threshold 15)
[2020-10-24T06:44:40.639+0000][7][gc,age       ] GC(418) Age table with threshold 15 (max threshold 15)
[2020-10-24T06:44:40.639+0000][7][gc,age       ] GC(418) - age   1:    1199784 bytes,    1199784 total
[2020-10-24T06:44:40.639+0000][7][gc,age       ] GC(418) - age   2:     957056 bytes,    2156840 total
[2020-10-24T06:44:40.640+0000][7][gc,age       ] GC(418) - age   3:     710872 bytes,    2867712 total
[2020-10-24T06:44:40.640+0000][7][gc,age       ] GC(418) - age   4:      77224 bytes,    2944936 total
[2020-10-24T06:44:40.640+0000][7][gc,age       ] GC(418) - age   5:     405768 bytes,    3350704 total
[2020-10-24T06:44:40.640+0000][7][gc,age       ] GC(418) - age   6:       5840 bytes,    3356544 total
[2020-10-24T06:44:40.641+0000][7][gc,phases    ] GC(418)   Pre Evacuate Collection Set: 0.1ms
[2020-10-24T06:44:40.641+0000][7][gc,phases    ] GC(418)   Merge Heap Roots: 0.1ms
[2020-10-24T06:44:40.641+0000][7][gc,phases    ] GC(418)   Evacuate Collection Set: 1.7ms
[2020-10-24T06:44:40.641+0000][7][gc,phases    ] GC(418)   Post Evacuate Collection Set: 0.8ms
[2020-10-24T06:44:40.642+0000][7][gc,phases    ] GC(418)   Other: 3.2ms
[2020-10-24T06:44:40.642+0000][7][gc,heap      ] GC(418) Eden regions: 49->0(48)
[2020-10-24T06:44:40.642+0000][7][gc,heap      ] GC(418) Survivor regions: 3->4(7)
[2020-10-24T06:44:40.642+0000][7][gc,heap      ] GC(418) Old regions: 117->117
[2020-10-24T06:44:40.642+0000][7][gc,heap      ] GC(418) Archive regions: 2->2
[2020-10-24T06:44:40.642+0000][7][gc,heap      ] GC(418) Humongous regions: 15->15
[2020-10-24T06:44:40.643+0000][7][gc,metaspace ] GC(418) Metaspace: 110073K(118820K)->110073K(118820K) NonClass: 96153K(101336K)->96153K(101336K) Class: 13920K(17484K)->13920K(17484K)
[2020-10-24T06:44:40.643+0000][7][gc           ] GC(418) Pause Young (Normal) (G1 Evacuation Pause) 184M->136M(256M) 7.966ms
[2020-10-24T06:44:40.643+0000][7][gc,cpu       ] GC(418) User=0.01s Sys=0.00s Real=0.01s
[2020-10-24T06:44:40.643+0000][7][safepoint    ] Safepoint "G1CollectForAllocation", Time since last: 46495700 ns, Reaching safepoint: 222900 ns, At safepoint: 8353300 ns, Total: 8576200 ns
[2020-10-24T06:44:40.677+0000][7][safepoint    ] Safepoint "BulkRevokeBias", Time since last: 32063800 ns, Reaching safepoint: 322100 ns, At safepoint: 1141100 ns, Total: 1463200 ns
[2020-10-24T06:44:42.616+0000][7][safepoint    ] Safepoint "Cleanup", Time since last: 1938604000 ns, Reaching safepoint: 807200 ns, At safepoint: 44600 ns, Total: 851800 ns
[2020-10-24T06:44:43.618+0000][7][safepoint    ] Safepoint "Cleanup", Time since last: 1001300100 ns, Reaching safepoint: 317400 ns, At safepoint: 15400 ns, Total: 332800 ns
[2020-10-24T06:44:44.619+0000][7][safepoint    ] Safepoint "Cleanup", Time since last: 1000561800 ns, Reaching safepoint: 258800 ns, At safepoint: 8500 ns, Total: 267300 ns
[2020-10-24T06:44:45.619+0000][7][safepoint    ] Safepoint "Cleanup", Time since last: 1000483200 ns, Reaching safepoint: 213300 ns, At safepoint: 9900 ns, Total: 223200 ns
[2020-10-24T06:44:46.620+0000][7][safepoint    ] Safepoint "Cleanup", Time since last: 1000431600 ns, Reaching safepoint: 267300 ns, At safepoint: 8600 ns, Total: 275900 ns
[2020-10-24T06:44:46.710+0000][7][gc,start     ] GC(419) Pause Young (Concurrent Start) (G1 Evacuation Pause)
[2020-10-24T06:44:46.710+0000][7][gc,task      ] GC(419) Using 6 workers of 10 for evacuation
[2020-10-24T06:44:46.711+0000][7][gc,age       ] GC(419) Desired survivor size 3670016 bytes, new threshold 15 (max threshold 15)
[2020-10-24T06:44:46.714+0000][7][gc,age       ] GC(419) Age table with threshold 15 (max threshold 15)
[2020-10-24T06:44:46.715+0000][7][gc,age       ] GC(419) - age   1:     668944 bytes,     668944 total
[2020-10-24T06:44:46.715+0000][7][gc,age       ] GC(419) - age   2:     921936 bytes,    1590880 total
[2020-10-24T06:44:46.715+0000][7][gc,age       ] GC(419) - age   3:     948416 bytes,    2539296 total
[2020-10-24T06:44:46.716+0000][7][gc,age       ] GC(419) - age   4:     708304 bytes,    3247600 total
[2020-10-24T06:44:46.716+0000][7][gc,age       ] GC(419) - age   5:      76536 bytes,    3324136 total
[2020-10-24T06:44:46.716+0000][7][gc,age       ] GC(419) - age   6:     405768 bytes,    3729904 total
[2020-10-24T06:44:46.716+0000][7][gc,age       ] GC(419) - age   7:       5808 bytes,    3735712 total
[2020-10-24T06:44:46.716+0000][7][gc,phases    ] GC(419)   Pre Evacuate Collection Set: 0.7ms
[2020-10-24T06:44:46.717+0000][7][gc,phases    ] GC(419)   Merge Heap Roots: 0.1ms
[2020-10-24T06:44:46.717+0000][7][gc,phases    ] GC(419)   Evacuate Collection Set: 2.1ms
[2020-10-24T06:44:46.717+0000][7][gc,phases    ] GC(419)   Post Evacuate Collection Set: 0.7ms
[2020-10-24T06:44:46.717+0000][7][gc,phases    ] GC(419)   Other: 3.1ms
[2020-10-24T06:44:46.717+0000][7][gc,heap      ] GC(419) Eden regions: 48->0(49)
[2020-10-24T06:44:46.718+0000][7][gc,heap      ] GC(419) Survivor regions: 4->4(7)
[2020-10-24T06:44:46.718+0000][7][gc,heap      ] GC(419) Old regions: 117->117
[2020-10-24T06:44:46.718+0000][7][gc,heap      ] GC(419) Archive regions: 2->2
[2020-10-24T06:44:46.718+0000][7][gc,heap      ] GC(419) Humongous regions: 15->15
[2020-10-24T06:44:46.718+0000][7][gc,metaspace ] GC(419) Metaspace: 110077K(118820K)->110077K(118820K) NonClass: 96157K(101336K)->96157K(101336K) Class: 13920K(17484K)->13920K(17484K)
[2020-10-24T06:44:46.718+0000][7][gc           ] GC(419) Pause Young (Concurrent Start) (G1 Evacuation Pause) 184M->136M(256M) 8.588ms
[2020-10-24T06:44:46.718+0000][7][gc,cpu       ] GC(419) User=0.02s Sys=0.00s Real=0.01s
[2020-10-24T06:44:46.719+0000][7][safepoint    ] Safepoint "G1CollectForAllocation", Time since last: 89470400 ns, Reaching safepoint: 258100 ns, At safepoint: 8889100 ns, Total: 9147200 ns
[2020-10-24T06:44:46.719+0000][7][gc           ] GC(420) Concurrent Cycle
[2020-10-24T06:44:46.719+0000][7][gc,marking   ] GC(420) Concurrent Clear Claimed Marks
[2020-10-24T06:44:46.720+0000][7][gc,marking   ] GC(420) Concurrent Clear Claimed Marks 0.574ms
[2020-10-24T06:44:46.720+0000][7][gc,marking   ] GC(420) Concurrent Scan Root Regions
[2020-10-24T06:44:46.721+0000][7][gc,marking   ] GC(420) Concurrent Scan Root Regions 1.252ms
[2020-10-24T06:44:46.721+0000][7][gc,marking   ] GC(420) Concurrent Mark (3644.088s)
[2020-10-24T06:44:46.721+0000][7][gc,marking   ] GC(420) Concurrent Mark From Roots
[2020-10-24T06:44:46.721+0000][7][gc,task      ] GC(420) Using 3 workers of 3 for marking
[2020-10-24T06:44:46.775+0000][7][gc,marking   ] GC(420) Concurrent Mark From Roots 54.033ms
[2020-10-24T06:44:46.776+0000][7][gc,marking   ] GC(420) Concurrent Preclean
[2020-10-24T06:44:46.776+0000][7][gc,marking   ] GC(420) Concurrent Preclean 0.707ms
[2020-10-24T06:44:46.777+0000][7][gc,marking   ] GC(420) Concurrent Mark (3644.088s, 3644.143s) 55.555ms
[2020-10-24T06:44:46.777+0000][7][gc,start     ] GC(420) Pause Remark
[2020-10-24T06:44:46.784+0000][7][gc           ] GC(420) Pause Remark 141M->140M(256M) 6.748ms
[2020-10-24T06:44:46.784+0000][7][gc,cpu       ] GC(420) User=0.02s Sys=0.00s Real=0.01s
[2020-10-24T06:44:46.785+0000][7][safepoint    ] Safepoint "G1Concurrent", Time since last: 58390100 ns, Reaching safepoint: 219800 ns, At safepoint: 7452800 ns, Total: 7672600 ns
[2020-10-24T06:44:46.785+0000][7][gc,marking   ] GC(420) Concurrent Rebuild Remembered Sets
[2020-10-24T06:44:46.826+0000][7][gc,marking   ] GC(420) Concurrent Rebuild Remembered Sets 41.156ms
[2020-10-24T06:44:46.827+0000][7][gc,start     ] GC(420) Pause Cleanup
[2020-10-24T06:44:46.827+0000][7][gc           ] GC(420) Pause Cleanup 140M->140M(256M) 0.399ms
[2020-10-24T06:44:46.827+0000][7][gc,cpu       ] GC(420) User=0.00s Sys=0.00s Real=0.01s
[2020-10-24T06:44:46.828+0000][7][safepoint    ] Safepoint "G1Concurrent", Time since last: 41832800 ns, Reaching safepoint: 234700 ns, At safepoint: 779000 ns, Total: 1013700 ns
[2020-10-24T06:44:46.828+0000][7][gc,marking   ] GC(420) Concurrent Cleanup for Next Mark
[2020-10-24T06:44:46.828+0000][7][gc,marking   ] GC(420) Concurrent Cleanup for Next Mark 0.665ms
[2020-10-24T06:44:46.829+0000][7][gc           ] GC(420) Concurrent Cycle 109.929ms
[2020-10-24T06:44:47.828+0000][7][safepoint    ] Safepoint "Cleanup", Time since last: 1000295600 ns, Reaching safepoint: 195700 ns, At safepoint: 12200 ns, Total: 207900 ns
[2020-10-24T06:44:48.830+0000][7][safepoint    ] Safepoint "Cleanup", Time since last: 1000593300 ns, Reaching safepoint: 904400 ns, At safepoint: 47200 ns, Total: 951600 ns
[2020-10-24T06:44:49.832+0000][7][safepoint    ] Safepoint "Cleanup", Time since last: 1001294300 ns, Reaching safepoint: 815100 ns, At safepoint: 45300 ns, Total: 860400 ns
[2020-10-24T06:44:50.834+0000][7][safepoint    ] Safepoint "Cleanup", Time since last: 1001275700 ns, Reaching safepoint: 772600 ns, At safepoint: 44200 ns, Total: 816800 ns
[2020-10-24T06:44:51.835+0000][7][safepoint    ] Safepoint "Cleanup", Time since last: 1001214900 ns, Reaching safepoint: 241000 ns, At safepoint: 9400 ns, Total: 250400 ns
[2020-10-24T06:44:52.836+0000][7][safepoint    ] Safepoint "Cleanup", Time since last: 1000459000 ns, Reaching safepoint: 215800 ns, At safepoint: 10600 ns, Total: 226400 ns
[2020-10-24T06:44:53.837+0000][7][safepoint    ] Safepoint "Cleanup", Time since last: 1000578900 ns, Reaching safepoint: 227500 ns, At safepoint: 8800 ns, Total: 236300 ns
[2020-10-24T06:44:54.868+0000][7][safepoint    ] Safepoint "Cleanup", Time since last: 1031101400 ns, Reaching safepoint: 375900 ns, At safepoint: 14500 ns, Total: 390400 ns
[2020-10-24T06:44:55.869+0000][7][safepoint    ] Safepoint "Cleanup", Time since last: 1000625300 ns, Reaching safepoint: 355700 ns, At safepoint: 9900 ns, Total: 365600 ns
[2020-10-24T06:44:56.870+0000][7][safepoint    ] Safepoint "Cleanup", Time since last: 1000551700 ns, Reaching safepoint: 194000 ns, At safepoint: 9300 ns, Total: 203300 ns
[2020-10-24T06:44:57.871+0000][7][safepoint    ] Safepoint "Cleanup", Time since last: 1000707300 ns, Reaching safepoint: 294000 ns, At safepoint: 11800 ns, Total: 305800 ns
[2020-10-24T06:44:58.873+0000][7][safepoint    ] Safepoint "Cleanup", Time since last: 1000656100 ns, Reaching safepoint: 778500 ns, At safepoint: 90600 ns, Total: 869100 ns
[2020-10-24T06:44:59.874+0000][7][safepoint    ] Safepoint "Cleanup", Time since last: 1001010000 ns, Reaching safepoint: 275400 ns, At safepoint: 9500 ns, Total: 284900 ns
[2020-10-24T06:45:00.875+0000][7][safepoint    ] Safepoint "Cleanup", Time since last: 1000524300 ns, Reaching safepoint: 331200 ns, At safepoint: 16700 ns, Total: 347900 ns
[2020-10-24T06:45:02.000+0000][7][safepoint    ] Safepoint "Cleanup", Time since last: 1124741000 ns, Reaching safepoint: 272600 ns, At safepoint: 9200 ns, Total: 281800 ns
[2020-10-24T06:45:03.000+0000][7][safepoint    ] Safepoint "Cleanup", Time since last: 1000480700 ns, Reaching safepoint: 195900 ns, At safepoint: 7900 ns, Total: 203800 ns
[2020-10-24T06:45:04.002+0000][7][safepoint    ] Safepoint "Cleanup", Time since last: 1000638600 ns, Reaching safepoint: 797300 ns, At safepoint: 44300 ns, Total: 841600 ns
[2020-10-24T06:45:05.003+0000][7][safepoint    ] Safepoint "Cleanup", Time since last: 1001159000 ns, Reaching safepoint: 204300 ns, At safepoint: 9000 ns, Total: 213300 ns
[2020-10-24T06:45:06.004+0000][7][safepoint    ] Safepoint "Cleanup", Time since last: 1000554400 ns, Reaching safepoint: 345400 ns, At safepoint: 12800 ns, Total: 358200 ns
[2020-10-24T06:45:06.271+0000][7][gc,start     ] GC(421) Pause Young (Normal) (G1 Evacuation Pause)
[2020-10-24T06:45:06.271+0000][7][gc,task      ] GC(421) Using 6 workers of 10 for evacuation
[2020-10-24T06:45:06.272+0000][7][gc,age       ] GC(421) Desired survivor size 3670016 bytes, new threshold 6 (max threshold 15)
[2020-10-24T06:45:06.277+0000][7][gc,age       ] GC(421) Age table with threshold 6 (max threshold 15)
[2020-10-24T06:45:06.278+0000][7][gc,age       ] GC(421) - age   1:     220328 bytes,     220328 total
[2020-10-24T06:45:06.278+0000][7][gc,age       ] GC(421) - age   2:     627704 bytes,     848032 total
[2020-10-24T06:45:06.279+0000][7][gc,age       ] GC(421) - age   3:     882416 bytes,    1730448 total
[2020-10-24T06:45:06.279+0000][7][gc,age       ] GC(421) - age   4:     286736 bytes,    2017184 total
[2020-10-24T06:45:06.280+0000][7][gc,age       ] GC(421) - age   5:     683888 bytes,    2701072 total
[2020-10-24T06:45:06.280+0000][7][gc,age       ] GC(421) - age   6:      58408 bytes,    2759480 total
[2020-10-24T06:45:06.280+0000][7][gc,phases    ] GC(421)   Pre Evacuate Collection Set: 0.2ms
[2020-10-24T06:45:06.280+0000][7][gc,phases    ] GC(421)   Merge Heap Roots: 0.2ms
[2020-10-24T06:45:06.281+0000][7][gc,phases    ] GC(421)   Evacuate Collection Set: 3.2ms
[2020-10-24T06:45:06.281+0000][7][gc,phases    ] GC(421)   Post Evacuate Collection Set: 1.4ms
[2020-10-24T06:45:06.281+0000][7][gc,phases    ] GC(421)   Other: 4.5ms
[2020-10-24T06:45:06.281+0000][7][gc,heap      ] GC(421) Eden regions: 49->0(51)
[2020-10-24T06:45:06.281+0000][7][gc,heap      ] GC(421) Survivor regions: 4->3(7)
[2020-10-24T06:45:06.281+0000][7][gc,heap      ] GC(421) Old regions: 116->117
[2020-10-24T06:45:06.282+0000][7][gc,heap      ] GC(421) Archive regions: 2->2
[2020-10-24T06:45:06.282+0000][7][gc,heap      ] GC(421) Humongous regions: 15->15
[2020-10-24T06:45:06.282+0000][7][gc,metaspace ] GC(421) Metaspace: 110088K(118820K)->110088K(118820K) NonClass: 96168K(101336K)->96168K(101336K) Class: 13920K(17484K)->13920K(17484K)
[2020-10-24T06:45:06.282+0000][7][gc           ] GC(421) Pause Young (Normal) (G1 Evacuation Pause) 184M->135M(256M) 11.159ms
[2020-10-24T06:45:06.282+0000][7][gc,cpu       ] GC(421) User=0.02s Sys=0.01s Real=0.01s
[2020-10-24T06:45:06.282+0000][7][safepoint    ] Safepoint "G1CollectForAllocation", Time since last: 265936600 ns, Reaching safepoint: 547000 ns, At safepoint: 11501000 ns, Total: 12048000 ns
[2020-10-24T06:45:07.283+0000][7][safepoint    ] Safepoint "Cleanup", Time since last: 1000354300 ns, Reaching safepoint: 866600 ns, At safepoint: 45100 ns, Total: 911700 ns
[2020-10-24T06:45:08.285+0000][7][safepoint    ] Safepoint "Cleanup", Time since last: 1001477400 ns, Reaching safepoint: 436200 ns, At safepoint: 22500 ns, Total: 458700 ns
[2020-10-24T06:45:09.335+0000][7][safepoint    ] Safepoint "Cleanup", Time since last: 1049457100 ns, Reaching safepoint: 267800 ns, At safepoint: 9200 ns, Total: 277000 ns
[2020-10-24T06:45:10.619+0000][7][safepoint    ] Safepoint "Cleanup", Time since last: 1282866100 ns, Reaching safepoint: 843600 ns, At safepoint: 46100 ns, Total: 889700 ns
[2020-10-24T06:45:11.638+0000][7][safepoint    ] Safepoint "Cleanup", Time since last: 1019160600 ns, Reaching safepoint: 227100 ns, At safepoint: 8900 ns, Total: 236000 ns
[2020-10-24T06:45:12.639+0000][7][safepoint    ] Safepoint "Cleanup", Time since last: 1000575300 ns, Reaching safepoint: 391400 ns, At safepoint: 24000 ns, Total: 415400 ns
[2020-10-24T06:45:13.642+0000][7][safepoint    ] Safepoint "Cleanup", Time since last: 1002206900 ns, Reaching safepoint: 224600 ns, At safepoint: 9700 ns, Total: 234300 ns
[2020-10-24T06:45:14.646+0000][7][safepoint    ] Safepoint "Cleanup", Time since last: 1004416800 ns, Reaching safepoint: 268400 ns, At safepoint: 9300 ns, Total: 277700 ns
[2020-10-24T06:45:15.647+0000][7][safepoint    ] Safepoint "Cleanup", Time since last: 1000480800 ns, Reaching safepoint: 217000 ns, At safepoint: 10800 ns, Total: 227800 ns
[2020-10-24T06:45:16.648+0000][7][safepoint    ] Safepoint "Cleanup", Time since last: 1000497400 ns, Reaching safepoint: 299600 ns, At safepoint: 15300 ns, Total: 314900 ns
[2020-10-24T06:45:17.649+0000][7][safepoint    ] Safepoint "Cleanup", Time since last: 1000676000 ns, Reaching safepoint: 305600 ns, At safepoint: 41200 ns, Total: 346800 ns
[2020-10-24T06:45:18.650+0000][7][safepoint    ] Safepoint "Cleanup", Time since last: 1000715700 ns, Reaching safepoint: 717100 ns, At safepoint: 93300 ns, Total: 810400 ns
[2020-10-24T06:45:19.652+0000][7][safepoint    ] Safepoint "Cleanup", Time since last: 1001236300 ns, Reaching safepoint: 252900 ns, At safepoint: 9800 ns, Total: 262700 ns
[2020-10-24T06:45:20.653+0000][7][safepoint    ] Safepoint "Cleanup", Time since last: 1000425000 ns, Reaching safepoint: 204500 ns, At safepoint: 9600 ns, Total: 214100 ns
[2020-10-24T06:45:21.653+0000][7][safepoint    ] Safepoint "Cleanup", Time since last: 1000578300 ns, Reaching safepoint: 221700 ns, At safepoint: 9000 ns, Total: 230700 ns
[2020-10-24T06:45:23.481+0000][7][gc,start     ] GC(422) Pause Young (Concurrent Start) (G1 Evacuation Pause)
[2020-10-24T06:45:23.482+0000][7][gc,task      ] GC(422) Using 6 workers of 10 for evacuation
[2020-10-24T06:45:23.483+0000][7][gc,age       ] GC(422) Desired survivor size 3670016 bytes, new threshold 15 (max threshold 15)
[2020-10-24T06:45:23.494+0000][7][gc,age       ] GC(422) Age table with threshold 15 (max threshold 15)
[2020-10-24T06:45:23.494+0000][7][gc,age       ] GC(422) - age   1:    4732088 bytes,    4732088 total
[2020-10-24T06:45:23.495+0000][7][gc,age       ] GC(422) - age   2:     111376 bytes,    4843464 total
[2020-10-24T06:45:23.495+0000][7][gc,age       ] GC(422) - age   3:     513816 bytes,    5357280 total
[2020-10-24T06:45:23.495+0000][7][gc,age       ] GC(422) - age   4:     851600 bytes,    6208880 total
[2020-10-24T06:45:23.495+0000][7][gc,age       ] GC(422) - age   5:     286096 bytes,    6494976 total
[2020-10-24T06:45:23.495+0000][7][gc,age       ] GC(422) - age   6:     660984 bytes,    7155960 total
[2020-10-24T06:45:23.496+0000][7][gc,age       ] GC(422) - age   7:      41928 bytes,    7197888 total
[2020-10-24T06:45:23.496+0000][7][gc,phases    ] GC(422)   Pre Evacuate Collection Set: 1.9ms
[2020-10-24T06:45:23.496+0000][7][gc,phases    ] GC(422)   Merge Heap Roots: 0.7ms
[2020-10-24T06:45:23.496+0000][7][gc,phases    ] GC(422)   Evacuate Collection Set: 5.9ms
[2020-10-24T06:45:23.497+0000][7][gc,phases    ] GC(422)   Post Evacuate Collection Set: 0.9ms
[2020-10-24T06:45:23.497+0000][7][gc,phases    ] GC(422)   Other: 5.3ms
[2020-10-24T06:45:23.497+0000][7][gc,heap      ] GC(422) Eden regions: 51->0(42)
[2020-10-24T06:45:23.497+0000][7][gc,heap      ] GC(422) Survivor regions: 3->7(7)
[2020-10-24T06:45:23.497+0000][7][gc,heap      ] GC(422) Old regions: 117->118
[2020-10-24T06:45:23.497+0000][7][gc,heap      ] GC(422) Archive regions: 2->2
[2020-10-24T06:45:23.497+0000][7][gc,heap      ] GC(422) Humongous regions: 15->15
[2020-10-24T06:45:23.498+0000][7][gc,metaspace ] GC(422) Metaspace: 110096K(118820K)->110096K(118820K) NonClass: 96175K(101336K)->96175K(101336K) Class: 13921K(17484K)->13921K(17484K)
[2020-10-24T06:45:23.498+0000][7][gc           ] GC(422) Pause Young (Concurrent Start) (G1 Evacuation Pause) 186M->140M(256M) 16.374ms
[2020-10-24T06:45:23.498+0000][7][gc,cpu       ] GC(422) User=0.03s Sys=0.02s Real=0.02s
[2020-10-24T06:45:23.498+0000][7][safepoint    ] Safepoint "G1CollectForAllocation", Time since last: 1826880400 ns, Reaching safepoint: 880400 ns, At safepoint: 16831700 ns, Total: 17712100 ns
[2020-10-24T06:45:23.498+0000][7][gc           ] GC(423) Concurrent Cycle
[2020-10-24T06:45:23.498+0000][7][gc,marking   ] GC(423) Concurrent Clear Claimed Marks
[2020-10-24T06:45:23.499+0000][7][gc,marking   ] GC(423) Concurrent Clear Claimed Marks 0.825ms
[2020-10-24T06:45:23.499+0000][7][gc,marking   ] GC(423) Concurrent Scan Root Regions
[2020-10-24T06:45:23.501+0000][7][gc,marking   ] GC(423) Concurrent Scan Root Regions 1.265ms
[2020-10-24T06:45:23.501+0000][7][gc,marking   ] GC(423) Concurrent Mark (3680.867s)
[2020-10-24T06:45:23.501+0000][7][gc,marking   ] GC(423) Concurrent Mark From Roots
[2020-10-24T06:45:23.501+0000][7][gc,task      ] GC(423) Using 3 workers of 3 for marking
[2020-10-24T06:45:23.531+0000][7][gc,start     ] GC(424) Pause Young (Normal) (G1 Evacuation Pause)
[2020-10-24T06:45:23.531+0000][7][gc,task      ] GC(424) Using 6 workers of 10 for evacuation
[2020-10-24T06:45:23.532+0000][7][gc,age       ] GC(424) Desired survivor size 3670016 bytes, new threshold 1 (max threshold 15)
[2020-10-24T06:45:23.535+0000][7][gc,age       ] GC(424) Age table with threshold 1 (max threshold 15)
[2020-10-24T06:45:23.535+0000][7][gc,age       ] GC(424) - age   1:     554264 bytes,     554264 total
[2020-10-24T06:45:23.535+0000][7][gc,phases    ] GC(424)   Pre Evacuate Collection Set: 0.1ms
[2020-10-24T06:45:23.536+0000][7][gc,phases    ] GC(424)   Merge Heap Roots: 0.1ms
[2020-10-24T06:45:23.536+0000][7][gc,phases    ] GC(424)   Evacuate Collection Set: 1.8ms
[2020-10-24T06:45:23.536+0000][7][gc,phases    ] GC(424)   Post Evacuate Collection Set: 0.9ms
[2020-10-24T06:45:23.536+0000][7][gc,phases    ] GC(424)   Other: 1.5ms
[2020-10-24T06:45:23.536+0000][7][gc,heap      ] GC(424) Eden regions: 42->0(45)
[2020-10-24T06:45:23.536+0000][7][gc,heap      ] GC(424) Survivor regions: 7->2(7)
[2020-10-24T06:45:23.537+0000][7][gc,heap      ] GC(424) Old regions: 118->121
[2020-10-24T06:45:23.537+0000][7][gc,heap      ] GC(424) Archive regions: 2->2
[2020-10-24T06:45:23.537+0000][7][gc,heap      ] GC(424) Humongous regions: 15->15
[2020-10-24T06:45:23.537+0000][7][gc,metaspace ] GC(424) Metaspace: 110100K(118820K)->110100K(118820K) NonClass: 96179K(101336K)->96179K(101336K) Class: 13921K(17484K)->13921K(17484K)
[2020-10-24T06:45:23.537+0000][7][gc           ] GC(424) Pause Young (Normal) (G1 Evacuation Pause) 182M->137M(256M) 6.315ms
[2020-10-24T06:45:23.537+0000][7][gc,cpu       ] GC(424) User=0.01s Sys=0.01s Real=0.00s
[2020-10-24T06:45:23.537+0000][7][safepoint    ] Safepoint "G1CollectForAllocation", Time since last: 32431400 ns, Reaching safepoint: 346500 ns, At safepoint: 6687700 ns, Total: 7034200 ns
[2020-10-24T06:45:23.558+0000][7][gc,marking   ] GC(423) Concurrent Mark From Roots 57.433ms
[2020-10-24T06:45:23.559+0000][7][gc,marking   ] GC(423) Concurrent Preclean
[2020-10-24T06:45:23.560+0000][7][gc,marking   ] GC(423) Concurrent Preclean 0.721ms
[2020-10-24T06:45:23.560+0000][7][gc,marking   ] GC(423) Concurrent Mark (3680.867s, 3680.926s) 58.992ms
[2020-10-24T06:45:23.560+0000][7][gc,start     ] GC(423) Pause Remark
[2020-10-24T06:45:23.568+0000][7][gc           ] GC(423) Pause Remark 148M->148M(256M) 7.066ms
[2020-10-24T06:45:23.568+0000][7][gc,cpu       ] GC(423) User=0.04s Sys=0.00s Real=0.01s
[2020-10-24T06:45:23.568+0000][7][safepoint    ] Safepoint "G1Concurrent", Time since last: 22764500 ns, Reaching safepoint: 205800 ns, At safepoint: 7780300 ns, Total: 7986100 ns
[2020-10-24T06:45:23.569+0000][7][gc,marking   ] GC(423) Concurrent Rebuild Remembered Sets
[2020-10-24T06:45:23.607+0000][7][gc,marking   ] GC(423) Concurrent Rebuild Remembered Sets 38.880ms
[2020-10-24T06:45:23.608+0000][7][gc,start     ] GC(423) Pause Cleanup
[2020-10-24T06:45:23.609+0000][7][gc           ] GC(423) Pause Cleanup 148M->148M(256M) 0.578ms
[2020-10-24T06:45:23.609+0000][7][gc,cpu       ] GC(423) User=0.00s Sys=0.00s Real=0.00s
[2020-10-24T06:45:23.609+0000][7][safepoint    ] Safepoint "G1Concurrent", Time since last: 39667700 ns, Reaching safepoint: 202500 ns, At safepoint: 1201900 ns, Total: 1404400 ns
[2020-10-24T06:45:23.610+0000][7][gc,marking   ] GC(423) Concurrent Cleanup for Next Mark
[2020-10-24T06:45:23.610+0000][7][gc,marking   ] GC(423) Concurrent Cleanup for Next Mark 0.588ms
[2020-10-24T06:45:23.610+0000][7][gc           ] GC(423) Concurrent Cycle 112.413ms
[2020-10-24T06:45:24.529+0000][7][safepoint    ] Safepoint "BulkRevokeBias", Time since last: 918759900 ns, Reaching safepoint: 213400 ns, At safepoint: 1072700 ns, Total: 1286100 ns
[2020-10-24T06:45:25.530+0000][7][safepoint    ] Safepoint "Cleanup", Time since last: 1000477200 ns, Reaching safepoint: 223600 ns, At safepoint: 8800 ns, Total: 232400 ns
[2020-10-24T06:45:26.531+0000][7][safepoint    ] Safepoint "Cleanup", Time since last: 1000459200 ns, Reaching safepoint: 225400 ns, At safepoint: 9200 ns, Total: 234600 ns
[2020-10-24T06:45:27.531+0000][7][safepoint    ] Safepoint "Cleanup", Time since last: 1000373400 ns, Reaching safepoint: 182700 ns, At safepoint: 11700 ns, Total: 194400 ns
[2020-10-24T06:45:28.532+0000][7][safepoint    ] Safepoint "Cleanup", Time since last: 1000330600 ns, Reaching safepoint: 225500 ns, At safepoint: 13200 ns, Total: 238700 ns
[2020-10-24T06:45:29.533+0000][7][safepoint    ] Safepoint "Cleanup", Time since last: 1000391400 ns, Reaching safepoint: 390100 ns, At safepoint: 23200 ns, Total: 413300 ns
[2020-10-24T06:45:30.534+0000][7][safepoint    ] Safepoint "Cleanup", Time since last: 1000689900 ns, Reaching safepoint: 256000 ns, At safepoint: 23500 ns, Total: 279500 ns
[2020-10-24T06:45:31.534+0000][7][safepoint    ] Safepoint "Cleanup", Time since last: 1000481400 ns, Reaching safepoint: 202700 ns, At safepoint: 24300 ns, Total: 227000 ns
[2020-10-24T06:45:32.535+0000][7][safepoint    ] Safepoint "Cleanup", Time since last: 1000468400 ns, Reaching safepoint: 259700 ns, At safepoint: 8700 ns, Total: 268400 ns
[2020-10-24T06:45:33.536+0000][7][safepoint    ] Safepoint "Cleanup", Time since last: 1000488600 ns, Reaching safepoint: 239000 ns, At safepoint: 9100 ns, Total: 248100 ns
[2020-10-24T06:45:34.537+0000][7][safepoint    ] Safepoint "Cleanup", Time since last: 1000589600 ns, Reaching safepoint: 269200 ns, At safepoint: 9100 ns, Total: 278300 ns
[2020-10-24T06:45:35.538+0000][7][safepoint    ] Safepoint "Cleanup", Time since last: 1000515600 ns, Reaching safepoint: 255400 ns, At safepoint: 23800 ns, Total: 279200 ns
[2020-10-24T06:45:36.538+0000][7][safepoint    ] Safepoint "Cleanup", Time since last: 1000537000 ns, Reaching safepoint: 383000 ns, At safepoint: 12000 ns, Total: 395000 ns
[2020-10-24T06:45:37.539+0000][7][safepoint    ] Safepoint "Cleanup", Time since last: 1000797500 ns, Reaching safepoint: 194400 ns, At safepoint: 9100 ns, Total: 203500 ns
[2020-10-24T06:45:38.540+0000][7][safepoint    ] Safepoint "Cleanup", Time since last: 1000494500 ns, Reaching safepoint: 261900 ns, At safepoint: 9300 ns, Total: 271200 ns
[2020-10-24T06:45:39.421+0000][7][safepoint    ] Safepoint "BulkRevokeBias", Time since last: 879397300 ns, Reaching safepoint: 281600 ns, At safepoint: 773100 ns, Total: 1054700 ns
[2020-10-24T06:45:39.457+0000][7][safepoint    ] Safepoint "BulkRevokeBias", Time since last: 34296100 ns, Reaching safepoint: 336900 ns, At safepoint: 1288300 ns, Total: 1625200 ns
[2020-10-24T06:45:39.458+0000][7][safepoint    ] Safepoint "BulkRevokeBias", Time since last: 532900 ns, Reaching safepoint: 234000 ns, At safepoint: 646600 ns, Total: 880600 ns
[2020-10-24T06:45:41.251+0000][7][safepoint    ] Safepoint "Cleanup", Time since last: 1792041500 ns, Reaching safepoint: 833900 ns, At safepoint: 37400 ns, Total: 871300 ns
[2020-10-24T06:45:41.863+0000][7][safepoint    ] Safepoint "BulkRevokeBias", Time since last: 611348000 ns, Reaching safepoint: 212800 ns, At safepoint: 749800 ns, Total: 962600 ns
[2020-10-24T06:45:41.865+0000][7][gc,start     ] GC(425) Pause Young (Normal) (G1 Evacuation Pause)
[2020-10-24T06:45:41.865+0000][7][gc,task      ] GC(425) Using 6 workers of 10 for evacuation
[2020-10-24T06:45:41.866+0000][7][gc,age       ] GC(425) Desired survivor size 3145728 bytes, new threshold 15 (max threshold 15)
[2020-10-24T06:45:41.868+0000][7][gc,age       ] GC(425) Age table with threshold 15 (max threshold 15)
[2020-10-24T06:45:41.868+0000][7][gc,age       ] GC(425) - age   1:    1782648 bytes,    1782648 total
[2020-10-24T06:45:41.869+0000][7][gc,age       ] GC(425) - age   2:      18016 bytes,    1800664 total
[2020-10-24T06:45:41.869+0000][7][gc,phases    ] GC(425)   Pre Evacuate Collection Set: 0.1ms
[2020-10-24T06:45:41.869+0000][7][gc,phases    ] GC(425)   Merge Heap Roots: 0.1ms
[2020-10-24T06:45:41.870+0000][7][gc,phases    ] GC(425)   Evacuate Collection Set: 1.2ms
[2020-10-24T06:45:41.870+0000][7][gc,phases    ] GC(425)   Post Evacuate Collection Set: 0.7ms
[2020-10-24T06:45:41.870+0000][7][gc,phases    ] GC(425)   Other: 2.0ms
[2020-10-24T06:45:41.870+0000][7][gc,heap      ] GC(425) Eden regions: 45->0(45)
[2020-10-24T06:45:41.870+0000][7][gc,heap      ] GC(425) Survivor regions: 2->2(6)
[2020-10-24T06:45:41.870+0000][7][gc,heap      ] GC(425) Old regions: 121->121
[2020-10-24T06:45:41.871+0000][7][gc,heap      ] GC(425) Archive regions: 2->2
[2020-10-24T06:45:41.871+0000][7][gc,heap      ] GC(425) Humongous regions: 15->15
[2020-10-24T06:45:41.871+0000][7][gc,metaspace ] GC(425) Metaspace: 110138K(118820K)->110138K(118820K) NonClass: 96217K(101336K)->96217K(101336K) Class: 13921K(17484K)->13921K(17484K)
[2020-10-24T06:45:41.871+0000][7][gc           ] GC(425) Pause Young (Normal) (G1 Evacuation Pause) 182M->138M(256M) 6.222ms
[2020-10-24T06:45:41.871+0000][7][gc,cpu       ] GC(425) User=0.00s Sys=0.01s Real=0.01s
[2020-10-24T06:45:41.871+0000][7][safepoint    ] Safepoint "G1CollectForAllocation", Time since last: 1385000 ns, Reaching safepoint: 186900 ns, At safepoint: 6620700 ns, Total: 6807600 ns
[2020-10-24T06:45:41.880+0000][7][safepoint    ] Safepoint "BulkRevokeBias", Time since last: 7160300 ns, Reaching safepoint: 366300 ns, At safepoint: 755200 ns, Total: 1121500 ns
[2020-10-24T06:45:41.900+0000][7][safepoint    ] Safepoint "BulkRevokeBias", Time since last: 18899300 ns, Reaching safepoint: 253200 ns, At safepoint: 734000 ns, Total: 987200 ns
[2020-10-24T06:45:43.648+0000][7][safepoint    ] Safepoint "Cleanup", Time since last: 1748318900 ns, Reaching safepoint: 281500 ns, At safepoint: 9100 ns, Total: 290600 ns
[2020-10-24T06:45:44.673+0000][7][safepoint    ] Safepoint "Cleanup", Time since last: 1024410400 ns, Reaching safepoint: 424400 ns, At safepoint: 22700 ns, Total: 447100 ns
[2020-10-24T06:45:45.674+0000][7][safepoint    ] Safepoint "Cleanup", Time since last: 1000777000 ns, Reaching safepoint: 267100 ns, At safepoint: 9000 ns, Total: 276100 ns
[2020-10-24T06:45:46.675+0000][7][safepoint    ] Safepoint "Cleanup", Time since last: 1000522700 ns, Reaching safepoint: 220100 ns, At safepoint: 23900 ns, Total: 244000 ns
[2020-10-24T06:45:47.676+0000][7][safepoint    ] Safepoint "Cleanup", Time since last: 1000603100 ns, Reaching safepoint: 786300 ns, At safepoint: 49600 ns, Total: 835900 ns
[2020-10-24T06:45:48.679+0000][7][safepoint    ] Safepoint "Cleanup", Time since last: 1001335300 ns, Reaching safepoint: 844700 ns, At safepoint: 44900 ns, Total: 889600 ns
[2020-10-24T06:45:49.429+0000][7][gc,start     ] GC(426) Pause Young (Concurrent Start) (G1 Evacuation Pause)
[2020-10-24T06:45:49.429+0000][7][gc,task      ] GC(426) Using 6 workers of 10 for evacuation
[2020-10-24T06:45:49.429+0000][7][gc,age       ] GC(426) Desired survivor size 3145728 bytes, new threshold 15 (max threshold 15)
[2020-10-24T06:45:49.433+0000][7][gc,age       ] GC(426) Age table with threshold 15 (max threshold 15)
[2020-10-24T06:45:49.433+0000][7][gc,age       ] GC(426) - age   1:     440224 bytes,     440224 total
[2020-10-24T06:45:49.434+0000][7][gc,age       ] GC(426) - age   2:     865024 bytes,    1305248 total
[2020-10-24T06:45:49.434+0000][7][gc,age       ] GC(426) - age   3:      18016 bytes,    1323264 total
[2020-10-24T06:45:49.434+0000][7][gc,phases    ] GC(426)   Pre Evacuate Collection Set: 0.6ms
[2020-10-24T06:45:49.435+0000][7][gc,phases    ] GC(426)   Merge Heap Roots: 0.1ms
[2020-10-24T06:45:49.435+0000][7][gc,phases    ] GC(426)   Evacuate Collection Set: 1.5ms
[2020-10-24T06:45:49.435+0000][7][gc,phases    ] GC(426)   Post Evacuate Collection Set: 1.0ms
[2020-10-24T06:45:49.435+0000][7][gc,phases    ] GC(426)   Other: 2.4ms
[2020-10-24T06:45:49.436+0000][7][gc,heap      ] GC(426) Eden regions: 45->0(46)
[2020-10-24T06:45:49.436+0000][7][gc,heap      ] GC(426) Survivor regions: 2->2(6)
[2020-10-24T06:45:49.436+0000][7][gc,heap      ] GC(426) Old regions: 121->121
[2020-10-24T06:45:49.436+0000][7][gc,heap      ] GC(426) Archive regions: 2->2
[2020-10-24T06:45:49.436+0000][7][gc,heap      ] GC(426) Humongous regions: 15->15
[2020-10-24T06:45:49.436+0000][7][gc,metaspace ] GC(426) Metaspace: 110140K(118820K)->110140K(118820K) NonClass: 96218K(101336K)->96218K(101336K) Class: 13921K(17484K)->13921K(17484K)
[2020-10-24T06:45:49.437+0000][7][gc           ] GC(426) Pause Young (Concurrent Start) (G1 Evacuation Pause) 183M->138M(256M) 7.792ms
[2020-10-24T06:45:49.437+0000][7][gc,cpu       ] GC(426) User=0.01s Sys=0.00s Real=0.00s
[2020-10-24T06:45:49.437+0000][7][gc           ] GC(427) Concurrent Cycle
[2020-10-24T06:45:49.437+0000][7][safepoint    ] Safepoint "G1CollectForAllocation", Time since last: 749990400 ns, Reaching safepoint: 259600 ns, At safepoint: 8198400 ns, Total: 8458000 ns
[2020-10-24T06:45:49.437+0000][7][gc,marking   ] GC(427) Concurrent Clear Claimed Marks
[2020-10-24T06:45:49.438+0000][7][gc,marking   ] GC(427) Concurrent Clear Claimed Marks 0.858ms
[2020-10-24T06:45:49.438+0000][7][gc,marking   ] GC(427) Concurrent Scan Root Regions
[2020-10-24T06:45:49.439+0000][7][gc,marking   ] GC(427) Concurrent Scan Root Regions 0.842ms
[2020-10-24T06:45:49.439+0000][7][gc,marking   ] GC(427) Concurrent Mark (3706.806s)
[2020-10-24T06:45:49.439+0000][7][gc,marking   ] GC(427) Concurrent Mark From Roots
[2020-10-24T06:45:49.439+0000][7][gc,task      ] GC(427) Using 3 workers of 3 for marking
[2020-10-24T06:45:49.489+0000][7][gc,marking   ] GC(427) Concurrent Mark From Roots 49.426ms
[2020-10-24T06:45:49.489+0000][7][gc,marking   ] GC(427) Concurrent Preclean
[2020-10-24T06:45:49.490+0000][7][gc,marking   ] GC(427) Concurrent Preclean 0.711ms
[2020-10-24T06:45:49.490+0000][7][gc,marking   ] GC(427) Concurrent Mark (3706.806s, 3706.856s) 50.910ms
[2020-10-24T06:45:49.491+0000][7][gc,start     ] GC(427) Pause Remark
[2020-10-24T06:45:49.498+0000][7][gc           ] GC(427) Pause Remark 138M->138M(256M) 7.456ms
[2020-10-24T06:45:49.499+0000][7][gc,cpu       ] GC(427) User=0.04s Sys=0.00s Real=0.01s
[2020-10-24T06:45:49.499+0000][7][safepoint    ] Safepoint "G1Concurrent", Time since last: 53467600 ns, Reaching safepoint: 255500 ns, At safepoint: 8211000 ns, Total: 8466500 ns
[2020-10-24T06:45:49.499+0000][7][gc,marking   ] GC(427) Concurrent Rebuild Remembered Sets
[2020-10-24T06:45:49.532+0000][7][gc,marking   ] GC(427) Concurrent Rebuild Remembered Sets 33.039ms
[2020-10-24T06:45:49.533+0000][7][gc,start     ] GC(427) Pause Cleanup
[2020-10-24T06:45:49.533+0000][7][gc           ] GC(427) Pause Cleanup 138M->138M(256M) 0.517ms
[2020-10-24T06:45:49.534+0000][7][gc,cpu       ] GC(427) User=0.00s Sys=0.00s Real=0.00s
[2020-10-24T06:45:49.534+0000][7][safepoint    ] Safepoint "G1Concurrent", Time since last: 33798500 ns, Reaching safepoint: 197500 ns, At safepoint: 1152300 ns, Total: 1349800 ns
[2020-10-24T06:45:49.534+0000][7][gc,marking   ] GC(427) Concurrent Cleanup for Next Mark
[2020-10-24T06:45:49.535+0000][7][gc,marking   ] GC(427) Concurrent Cleanup for Next Mark 0.619ms
[2020-10-24T06:45:49.535+0000][7][gc           ] GC(427) Concurrent Cycle 98.324ms
[2020-10-24T06:45:49.757+0000][7][safepoint    ] Safepoint "BulkRevokeBias", Time since last: 220109100 ns, Reaching safepoint: 247800 ns, At safepoint: 2627200 ns, Total: 2875000 ns
[2020-10-24T06:45:50.866+0000][7][safepoint    ] Safepoint "Cleanup", Time since last: 1107583300 ns, Reaching safepoint: 1133000 ns, At safepoint: 44300 ns, Total: 1177300 ns
[2020-10-24T06:45:51.868+0000][7][safepoint    ] Safepoint "Cleanup", Time since last: 1001371900 ns, Reaching safepoint: 649500 ns, At safepoint: 39800 ns, Total: 689300 ns
[2020-10-24T06:45:52.870+0000][7][safepoint    ] Safepoint "Cleanup", Time since last: 1001203200 ns, Reaching safepoint: 451500 ns, At safepoint: 22900 ns, Total: 474400 ns
[2020-10-24T06:45:53.871+0000][7][safepoint    ] Safepoint "Cleanup", Time since last: 1000905200 ns, Reaching safepoint: 827300 ns, At safepoint: 45000 ns, Total: 872300 ns
[2020-10-24T06:45:54.873+0000][7][safepoint    ] Safepoint "Cleanup", Time since last: 1001122600 ns, Reaching safepoint: 234000 ns, At safepoint: 8900 ns, Total: 242900 ns
[2020-10-24T06:45:56.870+0000][7][safepoint    ] Safepoint "Cleanup", Time since last: 1996679000 ns, Reaching safepoint: 227400 ns, At safepoint: 9800 ns, Total: 237200 ns
[2020-10-24T06:45:57.871+0000][7][safepoint    ] Safepoint "Cleanup", Time since last: 1000655200 ns, Reaching safepoint: 828800 ns, At safepoint: 44500 ns, Total: 873300 ns
[2020-10-24T06:45:58.873+0000][7][safepoint    ] Safepoint "Cleanup", Time since last: 1001201900 ns, Reaching safepoint: 325400 ns, At safepoint: 44900 ns, Total: 370300 ns
[2020-10-24T06:45:58.875+0000][7][safepoint    ] Safepoint "BulkRevokeBias", Time since last: 512300 ns, Reaching safepoint: 292900 ns, At safepoint: 1059500 ns, Total: 1352400 ns
[2020-10-24T06:45:59.876+0000][7][safepoint    ] Safepoint "Cleanup", Time since last: 1000769200 ns, Reaching safepoint: 820000 ns, At safepoint: 44300 ns, Total: 864300 ns
[2020-10-24T06:46:00.878+0000][7][safepoint    ] Safepoint "Cleanup", Time since last: 1001115200 ns, Reaching safepoint: 232000 ns, At safepoint: 17500 ns, Total: 249500 ns
[2020-10-24T06:46:01.879+0000][7][safepoint    ] Safepoint "Cleanup", Time since last: 1000604500 ns, Reaching safepoint: 842700 ns, At safepoint: 47300 ns, Total: 890000 ns
[2020-10-24T06:46:02.880+0000][7][safepoint    ] Safepoint "Cleanup", Time since last: 1001099800 ns, Reaching safepoint: 272700 ns, At safepoint: 9400 ns, Total: 282100 ns
[2020-10-24T06:46:03.881+0000][7][safepoint    ] Safepoint "Cleanup", Time since last: 1000598700 ns, Reaching safepoint: 262200 ns, At safepoint: 8500 ns, Total: 270700 ns
[2020-10-24T06:46:04.883+0000][7][safepoint    ] Safepoint "Cleanup", Time since last: 1000717600 ns, Reaching safepoint: 772100 ns, At safepoint: 44800 ns, Total: 816900 ns
[2020-10-24T06:46:05.885+0000][7][safepoint    ] Safepoint "Cleanup", Time since last: 1001187200 ns, Reaching safepoint: 491700 ns, At safepoint: 27900 ns, Total: 519600 ns
[2020-10-24T06:46:06.886+0000][7][safepoint    ] Safepoint "Cleanup", Time since last: 1000852500 ns, Reaching safepoint: 689500 ns, At safepoint: 27200 ns, Total: 716700 ns
[2020-10-24T06:46:07.888+0000][7][safepoint    ] Safepoint "Cleanup", Time since last: 1001035500 ns, Reaching safepoint: 824100 ns, At safepoint: 43900 ns, Total: 868000 ns
[2020-10-24T06:46:08.889+0000][7][safepoint    ] Safepoint "Cleanup", Time since last: 1001123600 ns, Reaching safepoint: 262700 ns, At safepoint: 12900 ns, Total: 275600 ns
[2020-10-24T06:46:09.891+0000][7][safepoint    ] Safepoint "Cleanup", Time since last: 1000661400 ns, Reaching safepoint: 846300 ns, At safepoint: 44200 ns, Total: 890500 ns
[2020-10-24T06:46:10.667+0000][7][gc,start     ] GC(428) Pause Young (Prepare Mixed) (G1 Evacuation Pause)
[2020-10-24T06:46:10.667+0000][7][gc,task      ] GC(428) Using 6 workers of 10 for evacuation
[2020-10-24T06:46:10.667+0000][7][gc,age       ] GC(428) Desired survivor size 3145728 bytes, new threshold 15 (max threshold 15)
[2020-10-24T06:46:10.670+0000][7][gc,age       ] GC(428) Age table with threshold 15 (max threshold 15)
[2020-10-24T06:46:10.671+0000][7][gc,age       ] GC(428) - age   1:    1972984 bytes,    1972984 total
[2020-10-24T06:46:10.671+0000][7][gc,age       ] GC(428) - age   2:     412448 bytes,    2385432 total
[2020-10-24T06:46:10.671+0000][7][gc,age       ] GC(428) - age   3:     852544 bytes,    3237976 total
[2020-10-24T06:46:10.671+0000][7][gc,age       ] GC(428) - age   4:       6880 bytes,    3244856 total
[2020-10-24T06:46:10.672+0000][7][gc,phases    ] GC(428)   Pre Evacuate Collection Set: 0.1ms
[2020-10-24T06:46:10.672+0000][7][gc,phases    ] GC(428)   Merge Heap Roots: 0.2ms
[2020-10-24T06:46:10.672+0000][7][gc,phases    ] GC(428)   Evacuate Collection Set: 1.5ms
[2020-10-24T06:46:10.672+0000][7][gc,phases    ] GC(428)   Post Evacuate Collection Set: 0.9ms
[2020-10-24T06:46:10.672+0000][7][gc,phases    ] GC(428)   Other: 2.1ms
[2020-10-24T06:46:10.672+0000][7][gc,heap      ] GC(428) Eden regions: 46->0(8)
[2020-10-24T06:46:10.673+0000][7][gc,heap      ] GC(428) Survivor regions: 2->4(6)
[2020-10-24T06:46:10.673+0000][7][gc,heap      ] GC(428) Old regions: 121->121
[2020-10-24T06:46:10.673+0000][7][gc,heap      ] GC(428) Archive regions: 2->2
[2020-10-24T06:46:10.673+0000][7][gc,heap      ] GC(428) Humongous regions: 15->15
[2020-10-24T06:46:10.673+0000][7][gc,metaspace ] GC(428) Metaspace: 110157K(118820K)->110157K(118820K) NonClass: 96235K(101336K)->96235K(101336K) Class: 13921K(17484K)->13921K(17484K)
[2020-10-24T06:46:10.673+0000][7][gc           ] GC(428) Pause Young (Prepare Mixed) (G1 Evacuation Pause) 184M->139M(256M) 6.533ms
[2020-10-24T06:46:10.673+0000][7][gc,cpu       ] GC(428) User=0.00s Sys=0.01s Real=0.01s
[2020-10-24T06:46:10.674+0000][7][safepoint    ] Safepoint "G1CollectForAllocation", Time since last: 775542100 ns, Reaching safepoint: 248300 ns, At safepoint: 6855700 ns, Total: 7104000 ns
[2020-10-24T06:46:10.685+0000][7][gc,start     ] GC(429) Pause Young (Mixed) (G1 Evacuation Pause)
[2020-10-24T06:46:10.685+0000][7][gc,task      ] GC(429) Using 6 workers of 10 for evacuation
[2020-10-24T06:46:10.686+0000][7][gc,age       ] GC(429) Desired survivor size 1048576 bytes, new threshold 1 (max threshold 15)
[2020-10-24T06:46:10.697+0000][7][gc,age       ] GC(429) Age table with threshold 1 (max threshold 15)
[2020-10-24T06:46:10.697+0000][7][gc,age       ] GC(429) - age   1:     833952 bytes,     833952 total
[2020-10-24T06:46:10.697+0000][7][gc,phases    ] GC(429)   Pre Evacuate Collection Set: 0.1ms
[2020-10-24T06:46:10.698+0000][7][gc,phases    ] GC(429)   Merge Heap Roots: 0.3ms
[2020-10-24T06:46:10.698+0000][7][gc,phases    ] GC(429)   Evacuate Collection Set: 9.0ms
[2020-10-24T06:46:10.698+0000][7][gc,phases    ] GC(429)   Post Evacuate Collection Set: 1.1ms
[2020-10-24T06:46:10.698+0000][7][gc,phases    ] GC(429)   Other: 1.7ms
[2020-10-24T06:46:10.699+0000][7][gc,heap      ] GC(429) Eden regions: 8->0(56)
[2020-10-24T06:46:10.699+0000][7][gc,heap      ] GC(429) Survivor regions: 4->1(2)
[2020-10-24T06:46:10.699+0000][7][gc,heap      ] GC(429) Old regions: 121->111
[2020-10-24T06:46:10.699+0000][7][gc,heap      ] GC(429) Archive regions: 2->2
[2020-10-24T06:46:10.699+0000][7][gc,heap      ] GC(429) Humongous regions: 15->15
[2020-10-24T06:46:10.700+0000][7][gc,metaspace ] GC(429) Metaspace: 110159K(118820K)->110159K(118820K) NonClass: 96238K(101336K)->96238K(101336K) Class: 13921K(17484K)->13921K(17484K)
[2020-10-24T06:46:10.700+0000][7][gc           ] GC(429) Pause Young (Mixed) (G1 Evacuation Pause) 147M->126M(256M) 14.614ms
[2020-10-24T06:46:10.700+0000][7][gc,cpu       ] GC(429) User=0.06s Sys=0.00s Real=0.02s
[2020-10-24T06:46:10.700+0000][7][safepoint    ] Safepoint "G1CollectForAllocation", Time since last: 11205600 ns, Reaching safepoint: 242900 ns, At safepoint: 15051400 ns, Total: 15294300 ns
[2020-10-24T06:46:11.843+0000][7][safepoint    ] Safepoint "Cleanup", Time since last: 1142034000 ns, Reaching safepoint: 882500 ns, At safepoint: 44400 ns, Total: 926900 ns
[2020-10-24T06:46:12.846+0000][7][safepoint    ] Safepoint "Cleanup", Time since last: 1002425200 ns, Reaching safepoint: 738000 ns, At safepoint: 90600 ns, Total: 828600 ns
[2020-10-24T06:46:13.849+0000][7][safepoint    ] Safepoint "Cleanup", Time since last: 1001288500 ns, Reaching safepoint: 804000 ns, At safepoint: 95200 ns, Total: 899200 ns
[2020-10-24T06:46:14.851+0000][7][safepoint    ] Safepoint "Cleanup", Time since last: 1001235400 ns, Reaching safepoint: 808700 ns, At safepoint: 97500 ns, Total: 906200 ns
[2020-10-24T06:46:15.852+0000][7][safepoint    ] Safepoint "Cleanup", Time since last: 1001187100 ns, Reaching safepoint: 232600 ns, At safepoint: 9700 ns, Total: 242300 ns
[2020-10-24T06:46:16.853+0000][7][safepoint    ] Safepoint "Cleanup", Time since last: 1000624700 ns, Reaching safepoint: 606800 ns, At safepoint: 36000 ns, Total: 642800 ns
[2020-10-24T06:46:17.855+0000][7][safepoint    ] Safepoint "Cleanup", Time since last: 1000960500 ns, Reaching safepoint: 228900 ns, At safepoint: 11800 ns, Total: 240700 ns
[2020-10-24T06:46:18.855+0000][7][safepoint    ] Safepoint "Cleanup", Time since last: 1000510700 ns, Reaching safepoint: 261000 ns, At safepoint: 8700 ns, Total: 269700 ns
[2020-10-24T06:46:19.856+0000][7][safepoint    ] Safepoint "Cleanup", Time since last: 1000503100 ns, Reaching safepoint: 207800 ns, At safepoint: 10000 ns, Total: 217800 ns
[2020-10-24T06:46:20.857+0000][7][safepoint    ] Safepoint "Cleanup", Time since last: 1000473700 ns, Reaching safepoint: 252200 ns, At safepoint: 48000 ns, Total: 300200 ns
[2020-10-24T06:46:21.858+0000][7][safepoint    ] Safepoint "Cleanup", Time since last: 1000494700 ns, Reaching safepoint: 211800 ns, At safepoint: 11400 ns, Total: 223200 ns
[2020-10-24T06:46:23.561+0000][7][gc,start     ] GC(430) Pause Young (Concurrent Start) (G1 Evacuation Pause)
[2020-10-24T06:46:23.562+0000][7][gc,task      ] GC(430) Using 6 workers of 10 for evacuation
[2020-10-24T06:46:23.562+0000][7][gc,age       ] GC(430) Desired survivor size 4194304 bytes, new threshold 15 (max threshold 15)
[2020-10-24T06:46:23.566+0000][7][gc,age       ] GC(430) Age table with threshold 15 (max threshold 15)
[2020-10-24T06:46:23.566+0000][7][gc,age       ] GC(430) - age   1:    3358464 bytes,    3358464 total
[2020-10-24T06:46:23.567+0000][7][gc,age       ] GC(430) - age   2:      13464 bytes,    3371928 total
[2020-10-24T06:46:23.567+0000][7][gc,phases    ] GC(430)   Pre Evacuate Collection Set: 0.6ms
[2020-10-24T06:46:23.567+0000][7][gc,phases    ] GC(430)   Merge Heap Roots: 0.2ms
[2020-10-24T06:46:23.567+0000][7][gc,phases    ] GC(430)   Evacuate Collection Set: 1.9ms
[2020-10-24T06:46:23.568+0000][7][gc,phases    ] GC(430)   Post Evacuate Collection Set: 1.0ms
[2020-10-24T06:46:23.568+0000][7][gc,phases    ] GC(430)   Other: 2.1ms
[2020-10-24T06:46:23.568+0000][7][gc,heap      ] GC(430) Eden regions: 56->0(52)
[2020-10-24T06:46:23.568+0000][7][gc,heap      ] GC(430) Survivor regions: 1->4(8)
[2020-10-24T06:46:23.569+0000][7][gc,heap      ] GC(430) Old regions: 111->111
[2020-10-24T06:46:23.569+0000][7][gc,heap      ] GC(430) Archive regions: 2->2
[2020-10-24T06:46:23.569+0000][7][gc,heap      ] GC(430) Humongous regions: 15->15
[2020-10-24T06:46:23.569+0000][7][gc,metaspace ] GC(430) Metaspace: 110164K(118820K)->110164K(118820K) NonClass: 96243K(101336K)->96243K(101336K) Class: 13921K(17484K)->13921K(17484K)
[2020-10-24T06:46:23.569+0000][7][gc           ] GC(430) Pause Young (Concurrent Start) (G1 Evacuation Pause) 182M->129M(256M) 7.892ms
[2020-10-24T06:46:23.569+0000][7][gc,cpu       ] GC(430) User=0.01s Sys=0.00s Real=0.01s
[2020-10-24T06:46:23.570+0000][7][gc           ] GC(431) Concurrent Cycle
[2020-10-24T06:46:23.570+0000][7][safepoint    ] Safepoint "G1CollectForAllocation", Time since last: 1703494700 ns, Reaching safepoint: 273000 ns, At safepoint: 8292000 ns, Total: 8565000 ns
[2020-10-24T06:46:23.570+0000][7][gc,marking   ] GC(431) Concurrent Clear Claimed Marks
[2020-10-24T06:46:23.571+0000][7][gc,marking   ] GC(431) Concurrent Clear Claimed Marks 0.794ms
[2020-10-24T06:46:23.571+0000][7][gc,marking   ] GC(431) Concurrent Scan Root Regions
[2020-10-24T06:46:23.572+0000][7][gc,marking   ] GC(431) Concurrent Scan Root Regions 1.047ms
[2020-10-24T06:46:23.572+0000][7][gc,marking   ] GC(431) Concurrent Mark (3740.939s)
[2020-10-24T06:46:23.572+0000][7][gc,marking   ] GC(431) Concurrent Mark From Roots
[2020-10-24T06:46:23.572+0000][7][gc,task      ] GC(431) Using 3 workers of 3 for marking
[2020-10-24T06:46:23.625+0000][7][gc,marking   ] GC(431) Concurrent Mark From Roots 53.132ms
[2020-10-24T06:46:23.626+0000][7][gc,marking   ] GC(431) Concurrent Preclean
[2020-10-24T06:46:23.627+0000][7][gc,marking   ] GC(431) Concurrent Preclean 0.781ms
[2020-10-24T06:46:23.627+0000][7][gc,marking   ] GC(431) Concurrent Mark (3740.939s, 3740.993s) 54.827ms
[2020-10-24T06:46:23.628+0000][7][gc,start     ] GC(431) Pause Remark
[2020-10-24T06:46:23.635+0000][7][gc           ] GC(431) Pause Remark 155M->155M(256M) 7.270ms
[2020-10-24T06:46:23.635+0000][7][gc,cpu       ] GC(431) User=0.03s Sys=0.01s Real=0.00s
[2020-10-24T06:46:23.636+0000][7][safepoint    ] Safepoint "G1Concurrent", Time since last: 57597800 ns, Reaching safepoint: 254500 ns, At safepoint: 8036500 ns, Total: 8291000 ns
[2020-10-24T06:46:23.636+0000][7][gc,marking   ] GC(431) Concurrent Rebuild Remembered Sets
[2020-10-24T06:46:23.669+0000][7][gc,marking   ] GC(431) Concurrent Rebuild Remembered Sets 32.984ms
[2020-10-24T06:46:23.670+0000][7][gc,start     ] GC(431) Pause Cleanup
[2020-10-24T06:46:23.670+0000][7][gc           ] GC(431) Pause Cleanup 155M->155M(256M) 0.547ms
[2020-10-24T06:46:23.670+0000][7][gc,cpu       ] GC(431) User=0.00s Sys=0.00s Real=0.00s
[2020-10-24T06:46:23.671+0000][7][safepoint    ] Safepoint "G1Concurrent", Time since last: 33783600 ns, Reaching safepoint: 290000 ns, At safepoint: 1260900 ns, Total: 1550900 ns
[2020-10-24T06:46:23.671+0000][7][gc,marking   ] GC(431) Concurrent Cleanup for Next Mark
[2020-10-24T06:46:23.672+0000][7][gc,marking   ] GC(431) Concurrent Cleanup for Next Mark 0.502ms
[2020-10-24T06:46:23.672+0000][7][gc           ] GC(431) Concurrent Cycle 102.263ms
[2020-10-24T06:46:24.672+0000][7][safepoint    ] Safepoint "Cleanup", Time since last: 1000376100 ns, Reaching safepoint: 241100 ns, At safepoint: 45700 ns, Total: 286800 ns
[2020-10-24T06:46:25.672+0000][7][safepoint    ] Safepoint "Cleanup", Time since last: 1000567500 ns, Reaching safepoint: 303800 ns, At safepoint: 57100 ns, Total: 360900 ns
[2020-10-24T06:46:26.674+0000][7][safepoint    ] Safepoint "Cleanup", Time since last: 1000510000 ns, Reaching safepoint: 447900 ns, At safepoint: 183000 ns, Total: 630900 ns
[2020-10-24T06:46:27.674+0000][7][safepoint    ] Safepoint "Cleanup", Time since last: 1000514900 ns, Reaching safepoint: 288100 ns, At safepoint: 17000 ns, Total: 305100 ns
[2020-10-24T06:46:28.675+0000][7][safepoint    ] Safepoint "Cleanup", Time since last: 1000597300 ns, Reaching safepoint: 240600 ns, At safepoint: 8800 ns, Total: 249400 ns
[2020-10-24T06:46:30.433+0000][7][safepoint    ] Safepoint "Cleanup", Time since last: 1757913000 ns, Reaching safepoint: 236800 ns, At safepoint: 9000 ns, Total: 245800 ns
[2020-10-24T06:46:31.434+0000][7][safepoint    ] Safepoint "Cleanup", Time since last: 1000549900 ns, Reaching safepoint: 267500 ns, At safepoint: 8700 ns, Total: 276200 ns
[2020-10-24T06:46:32.435+0000][7][safepoint    ] Safepoint "Cleanup", Time since last: 1000582900 ns, Reaching safepoint: 421400 ns, At safepoint: 22100 ns, Total: 443500 ns
[2020-10-24T06:46:33.436+0000][7][safepoint    ] Safepoint "Cleanup", Time since last: 1000888200 ns, Reaching safepoint: 228400 ns, At safepoint: 11900 ns, Total: 240300 ns
[2020-10-24T06:46:34.437+0000][7][safepoint    ] Safepoint "Cleanup", Time since last: 1000644200 ns, Reaching safepoint: 199700 ns, At safepoint: 9500 ns, Total: 209200 ns
[2020-10-24T06:46:35.439+0000][7][safepoint    ] Safepoint "Cleanup", Time since last: 1000636600 ns, Reaching safepoint: 632800 ns, At safepoint: 36000 ns, Total: 668800 ns
[2020-10-24T06:46:36.440+0000][7][safepoint    ] Safepoint "Cleanup", Time since last: 1001037000 ns, Reaching safepoint: 464000 ns, At safepoint: 22300 ns, Total: 486300 ns
[2020-10-24T06:46:37.442+0000][7][safepoint    ] Safepoint "Cleanup", Time since last: 1000830800 ns, Reaching safepoint: 794000 ns, At safepoint: 44500 ns, Total: 838500 ns
[2020-10-24T06:46:38.443+0000][7][safepoint    ] Safepoint "Cleanup", Time since last: 1001272900 ns, Reaching safepoint: 216200 ns, At safepoint: 8800 ns, Total: 225000 ns
[2020-10-24T06:46:39.444+0000][7][safepoint    ] Safepoint "Cleanup", Time since last: 1000445600 ns, Reaching safepoint: 217600 ns, At safepoint: 23200 ns, Total: 240800 ns
[2020-10-24T06:46:40.445+0000][7][safepoint    ] Safepoint "Cleanup", Time since last: 1000663600 ns, Reaching safepoint: 716400 ns, At safepoint: 35000 ns, Total: 751400 ns
[2020-10-24T06:46:41.447+0000][7][safepoint    ] Safepoint "Cleanup", Time since last: 1000934300 ns, Reaching safepoint: 449300 ns, At safepoint: 23100 ns, Total: 472400 ns
[2020-10-24T06:46:42.449+0000][7][safepoint    ] Safepoint "Cleanup", Time since last: 1000811300 ns, Reaching safepoint: 907500 ns, At safepoint: 123400 ns, Total: 1030900 ns
[2020-10-24T06:46:43.450+0000][7][safepoint    ] Safepoint "Cleanup", Time since last: 1001221900 ns, Reaching safepoint: 335600 ns, At safepoint: 12400 ns, Total: 348000 ns
[2020-10-24T06:46:44.451+0000][7][safepoint    ] Safepoint "Cleanup", Time since last: 1000598400 ns, Reaching safepoint: 319400 ns, At safepoint: 17500 ns, Total: 336900 ns
[2020-10-24T06:46:44.871+0000][7][safepoint    ] Safepoint "BulkRevokeBias", Time since last: 416916100 ns, Reaching safepoint: 318100 ns, At safepoint: 2488800 ns, Total: 2806900 ns
[2020-10-24T06:46:44.875+0000][7][gc,start     ] GC(432) Pause Young (Normal) (G1 Evacuation Pause)
[2020-10-24T06:46:44.875+0000][7][gc,task      ] GC(432) Using 6 workers of 10 for evacuation
[2020-10-24T06:46:44.876+0000][7][gc,age       ] GC(432) Desired survivor size 3670016 bytes, new threshold 15 (max threshold 15)
[2020-10-24T06:46:44.879+0000][7][gc,age       ] GC(432) Age table with threshold 15 (max threshold 15)
[2020-10-24T06:46:44.879+0000][7][gc,age       ] GC(432) - age   1:    1079056 bytes,    1079056 total
[2020-10-24T06:46:44.879+0000][7][gc,age       ] GC(432) - age   2:     864616 bytes,    1943672 total
[2020-10-24T06:46:44.880+0000][7][gc,age       ] GC(432) - age   3:      10904 bytes,    1954576 total
[2020-10-24T06:46:44.880+0000][7][gc,phases    ] GC(432)   Pre Evacuate Collection Set: 0.2ms
[2020-10-24T06:46:44.880+0000][7][gc,phases    ] GC(432)   Merge Heap Roots: 0.1ms
[2020-10-24T06:46:44.881+0000][7][gc,phases    ] GC(432)   Evacuate Collection Set: 1.5ms
[2020-10-24T06:46:44.881+0000][7][gc,phases    ] GC(432)   Post Evacuate Collection Set: 0.8ms
[2020-10-24T06:46:44.881+0000][7][gc,phases    ] GC(432)   Other: 2.6ms
[2020-10-24T06:46:44.881+0000][7][gc,heap      ] GC(432) Eden regions: 52->0(55)
[2020-10-24T06:46:44.881+0000][7][gc,heap      ] GC(432) Survivor regions: 4->2(7)
[2020-10-24T06:46:44.882+0000][7][gc,heap      ] GC(432) Old regions: 111->111
[2020-10-24T06:46:44.882+0000][7][gc,heap      ] GC(432) Archive regions: 2->2
[2020-10-24T06:46:44.882+0000][7][gc,heap      ] GC(432) Humongous regions: 15->15
[2020-10-24T06:46:44.882+0000][7][gc,metaspace ] GC(432) Metaspace: 110164K(118820K)->110164K(118820K) NonClass: 96243K(101336K)->96243K(101336K) Class: 13921K(17484K)->13921K(17484K)
[2020-10-24T06:46:44.882+0000][7][gc           ] GC(432) Pause Young (Normal) (G1 Evacuation Pause) 181M->127M(256M) 7.429ms
[2020-10-24T06:46:44.883+0000][7][gc,cpu       ] GC(432) User=0.01s Sys=0.00s Real=0.01s
[2020-10-24T06:46:44.883+0000][7][safepoint    ] Safepoint "G1CollectForAllocation", Time since last: 3645100 ns, Reaching safepoint: 380400 ns, At safepoint: 7869000 ns, Total: 8249400 ns
[2020-10-24T06:46:46.698+0000][7][safepoint    ] Safepoint "Cleanup", Time since last: 1814900900 ns, Reaching safepoint: 214600 ns, At safepoint: 9000 ns, Total: 223600 ns
[2020-10-24T06:46:47.699+0000][7][safepoint    ] Safepoint "Cleanup", Time since last: 1000543800 ns, Reaching safepoint: 587900 ns, At safepoint: 38900 ns, Total: 626800 ns
[2020-10-24T06:46:48.700+0000][7][safepoint    ] Safepoint "Cleanup", Time since last: 1001150900 ns, Reaching safepoint: 267900 ns, At safepoint: 8700 ns, Total: 276600 ns
[2020-10-24T06:46:49.702+0000][7][safepoint    ] Safepoint "Cleanup", Time since last: 1000659800 ns, Reaching safepoint: 832200 ns, At safepoint: 48600 ns, Total: 880800 ns
[2020-10-24T06:46:50.704+0000][7][safepoint    ] Safepoint "Cleanup", Time since last: 1001248000 ns, Reaching safepoint: 713700 ns, At safepoint: 38200 ns, Total: 751900 ns
[2020-10-24T06:46:51.706+0000][7][safepoint    ] Safepoint "Cleanup", Time since last: 1001119200 ns, Reaching safepoint: 762500 ns, At safepoint: 47600 ns, Total: 810100 ns
[2020-10-24T06:46:52.707+0000][7][safepoint    ] Safepoint "Cleanup", Time since last: 1001184500 ns, Reaching safepoint: 252200 ns, At safepoint: 13500 ns, Total: 265700 ns
[2020-10-24T06:46:53.709+0000][7][safepoint    ] Safepoint "Cleanup", Time since last: 1000642600 ns, Reaching safepoint: 772800 ns, At safepoint: 44100 ns, Total: 816900 ns
[2020-10-24T06:46:54.710+0000][7][safepoint    ] Safepoint "Cleanup", Time since last: 1001179900 ns, Reaching safepoint: 251900 ns, At safepoint: 8900 ns, Total: 260800 ns
[2020-10-24T06:46:55.712+0000][7][safepoint    ] Safepoint "Cleanup", Time since last: 1000608700 ns, Reaching safepoint: 808400 ns, At safepoint: 44600 ns, Total: 853000 ns
[2020-10-24T06:46:56.713+0000][7][safepoint    ] Safepoint "Cleanup", Time since last: 1001116200 ns, Reaching safepoint: 270100 ns, At safepoint: 8600 ns, Total: 278700 ns
[2020-10-24T06:46:57.714+0000][7][safepoint    ] Safepoint "Cleanup", Time since last: 1000503800 ns, Reaching safepoint: 648700 ns, At safepoint: 48700 ns, Total: 697400 ns
[2020-10-24T06:46:58.716+0000][7][safepoint    ] Safepoint "Cleanup", Time since last: 1001194800 ns, Reaching safepoint: 192200 ns, At safepoint: 8700 ns, Total: 200900 ns
[2020-10-24T06:46:59.717+0000][7][safepoint    ] Safepoint "Cleanup", Time since last: 1000556600 ns, Reaching safepoint: 767200 ns, At safepoint: 133400 ns, Total: 900600 ns
[2020-10-24T06:47:00.719+0000][7][safepoint    ] Safepoint "Cleanup", Time since last: 1001180700 ns, Reaching safepoint: 332500 ns, At safepoint: 16700 ns, Total: 349200 ns
[2020-10-24T06:47:01.720+0000][7][safepoint    ] Safepoint "Cleanup", Time since last: 1000707000 ns, Reaching safepoint: 256300 ns, At safepoint: 8700 ns, Total: 265000 ns
[2020-10-24T06:47:02.721+0000][7][safepoint    ] Safepoint "Cleanup", Time since last: 1000593700 ns, Reaching safepoint: 599200 ns, At safepoint: 36100 ns, Total: 635300 ns
[2020-10-24T06:47:03.723+0000][7][safepoint    ] Safepoint "Cleanup", Time since last: 1001224600 ns, Reaching safepoint: 883300 ns, At safepoint: 51000 ns, Total: 934300 ns
[2020-10-24T06:47:04.724+0000][7][safepoint    ] Safepoint "Cleanup", Time since last: 1001058800 ns, Reaching safepoint: 276900 ns, At safepoint: 10300 ns, Total: 287200 ns
[2020-10-24T06:47:05.726+0000][7][safepoint    ] Safepoint "Cleanup", Time since last: 1000571700 ns, Reaching safepoint: 634500 ns, At safepoint: 36700 ns, Total: 671200 ns
[2020-10-24T06:47:06.727+0000][7][safepoint    ] Safepoint "Cleanup", Time since last: 1001091500 ns, Reaching safepoint: 238800 ns, At safepoint: 10400 ns, Total: 249200 ns
[2020-10-24T06:47:07.729+0000][7][safepoint    ] Safepoint "Cleanup", Time since last: 1000665300 ns, Reaching safepoint: 808400 ns, At safepoint: 44300 ns, Total: 852700 ns
[2020-10-24T06:47:08.730+0000][7][safepoint    ] Safepoint "Cleanup", Time since last: 1001069400 ns, Reaching safepoint: 203600 ns, At safepoint: 22100 ns, Total: 225700 ns
[2020-10-24T06:47:09.731+0000][7][safepoint    ] Safepoint "Cleanup", Time since last: 1000668400 ns, Reaching safepoint: 830700 ns, At safepoint: 44600 ns, Total: 875300 ns
[2020-10-24T06:47:10.733+0000][7][safepoint    ] Safepoint "Cleanup", Time since last: 1001226600 ns, Reaching safepoint: 766200 ns, At safepoint: 48200 ns, Total: 814400 ns
[2020-10-24T06:47:11.735+0000][7][safepoint    ] Safepoint "Cleanup", Time since last: 1001104600 ns, Reaching safepoint: 779100 ns, At safepoint: 44100 ns, Total: 823200 ns
[2020-10-24T06:47:11.871+0000][7][gc,start     ] GC(433) Pause Young (Concurrent Start) (G1 Evacuation Pause)
[2020-10-24T06:47:11.872+0000][7][gc,task      ] GC(433) Using 6 workers of 10 for evacuation
[2020-10-24T06:47:11.873+0000][7][gc,age       ] GC(433) Desired survivor size 4194304 bytes, new threshold 15 (max threshold 15)
[2020-10-24T06:47:11.883+0000][7][gc,age       ] GC(433) Age table with threshold 15 (max threshold 15)
[2020-10-24T06:47:11.883+0000][7][gc,age       ] GC(433) - age   1:     790984 bytes,     790984 total
[2020-10-24T06:47:11.883+0000][7][gc,age       ] GC(433) - age   2:     398520 bytes,    1189504 total
[2020-10-24T06:47:11.884+0000][7][gc,age       ] GC(433) - age   3:     844632 bytes,    2034136 total
[2020-10-24T06:47:11.884+0000][7][gc,age       ] GC(433) - age   4:      10840 bytes,    2044976 total
[2020-10-24T06:47:11.884+0000][7][gc,phases    ] GC(433)   Pre Evacuate Collection Set: 1.7ms
[2020-10-24T06:47:11.884+0000][7][gc,phases    ] GC(433)   Merge Heap Roots: 0.5ms
[2020-10-24T06:47:11.884+0000][7][gc,phases    ] GC(433)   Evacuate Collection Set: 5.5ms
[2020-10-24T06:47:11.885+0000][7][gc,phases    ] GC(433)   Post Evacuate Collection Set: 0.9ms
[2020-10-24T06:47:11.885+0000][7][gc,phases    ] GC(433)   Other: 4.7ms
[2020-10-24T06:47:11.885+0000][7][gc,heap      ] GC(433) Eden regions: 55->0(55)
[2020-10-24T06:47:11.885+0000][7][gc,heap      ] GC(433) Survivor regions: 2->3(8)
[2020-10-24T06:47:11.885+0000][7][gc,heap      ] GC(433) Old regions: 111->111
[2020-10-24T06:47:11.885+0000][7][gc,heap      ] GC(433) Archive regions: 2->2
[2020-10-24T06:47:11.885+0000][7][gc,heap      ] GC(433) Humongous regions: 15->15
[2020-10-24T06:47:11.886+0000][7][gc,metaspace ] GC(433) Metaspace: 110165K(118820K)->110165K(118820K) NonClass: 96244K(101336K)->96244K(101336K) Class: 13921K(17484K)->13921K(17484K)
[2020-10-24T06:47:11.886+0000][7][gc           ] GC(433) Pause Young (Concurrent Start) (G1 Evacuation Pause) 182M->127M(256M) 14.809ms
[2020-10-24T06:47:11.886+0000][7][gc,cpu       ] GC(433) User=0.04s Sys=0.00s Real=0.01s
[2020-10-24T06:47:11.886+0000][7][safepoint    ] Safepoint "G1CollectForAllocation", Time since last: 134664900 ns, Reaching safepoint: 832100 ns, At safepoint: 15228600 ns, Total: 16060700 ns
[2020-10-24T06:47:11.886+0000][7][gc           ] GC(434) Concurrent Cycle
[2020-10-24T06:47:11.886+0000][7][gc,marking   ] GC(434) Concurrent Clear Claimed Marks
[2020-10-24T06:47:11.887+0000][7][gc,marking   ] GC(434) Concurrent Clear Claimed Marks 0.617ms
[2020-10-24T06:47:11.887+0000][7][gc,marking   ] GC(434) Concurrent Scan Root Regions
[2020-10-24T06:47:11.888+0000][7][gc,marking   ] GC(434) Concurrent Scan Root Regions 0.951ms
[2020-10-24T06:47:11.889+0000][7][gc,marking   ] GC(434) Concurrent Mark (3789.255s)
[2020-10-24T06:47:11.889+0000][7][gc,marking   ] GC(434) Concurrent Mark From Roots
[2020-10-24T06:47:11.889+0000][7][gc,task      ] GC(434) Using 3 workers of 3 for marking
[2020-10-24T06:47:11.936+0000][7][gc,marking   ] GC(434) Concurrent Mark From Roots 46.974ms
[2020-10-24T06:47:11.936+0000][7][gc,marking   ] GC(434) Concurrent Preclean
[2020-10-24T06:47:11.937+0000][7][gc,marking   ] GC(434) Concurrent Preclean 0.735ms
[2020-10-24T06:47:11.937+0000][7][gc,marking   ] GC(434) Concurrent Mark (3789.255s, 3789.304s) 48.582ms
[2020-10-24T06:47:11.938+0000][7][gc,start     ] GC(434) Pause Remark
[2020-10-24T06:47:11.944+0000][7][gc           ] GC(434) Pause Remark 128M->128M(256M) 6.712ms
[2020-10-24T06:47:11.945+0000][7][gc,cpu       ] GC(434) User=0.03s Sys=0.01s Real=0.00s
[2020-10-24T06:47:11.945+0000][7][safepoint    ] Safepoint "G1Concurrent", Time since last: 51417000 ns, Reaching safepoint: 233900 ns, At safepoint: 7327800 ns, Total: 7561700 ns
[2020-10-24T06:47:11.945+0000][7][gc,marking   ] GC(434) Concurrent Rebuild Remembered Sets
[2020-10-24T06:47:11.981+0000][7][gc,marking   ] GC(434) Concurrent Rebuild Remembered Sets 35.721ms
[2020-10-24T06:47:11.982+0000][7][gc,start     ] GC(434) Pause Cleanup
[2020-10-24T06:47:11.982+0000][7][gc           ] GC(434) Pause Cleanup 128M->128M(256M) 0.526ms
[2020-10-24T06:47:11.982+0000][7][gc,cpu       ] GC(434) User=0.00s Sys=0.00s Real=0.00s
[2020-10-24T06:47:11.983+0000][7][safepoint    ] Safepoint "G1Concurrent", Time since last: 36431200 ns, Reaching safepoint: 208800 ns, At safepoint: 1035800 ns, Total: 1244600 ns
[2020-10-24T06:47:11.983+0000][7][gc,marking   ] GC(434) Concurrent Cleanup for Next Mark
[2020-10-24T06:47:11.984+0000][7][gc,marking   ] GC(434) Concurrent Cleanup for Next Mark 0.519ms
[2020-10-24T06:47:11.984+0000][7][gc           ] GC(434) Concurrent Cycle 97.669ms
[2020-10-24T06:47:12.983+0000][7][safepoint    ] Safepoint "Cleanup", Time since last: 1000455100 ns, Reaching safepoint: 295600 ns, At safepoint: 16400 ns, Total: 312000 ns
[2020-10-24T06:47:13.985+0000][7][safepoint    ] Safepoint "Cleanup", Time since last: 1000732900 ns, Reaching safepoint: 788800 ns, At safepoint: 46500 ns, Total: 835300 ns
[2020-10-24T06:47:14.986+0000][7][safepoint    ] Safepoint "Cleanup", Time since last: 1001153500 ns, Reaching safepoint: 236800 ns, At safepoint: 23100 ns, Total: 259900 ns
[2020-10-24T06:47:15.988+0000][7][safepoint    ] Safepoint "Cleanup", Time since last: 1000557200 ns, Reaching safepoint: 707400 ns, At safepoint: 38200 ns, Total: 745600 ns
[2020-10-24T06:47:16.990+0000][7][safepoint    ] Safepoint "Cleanup", Time since last: 1001259200 ns, Reaching safepoint: 757000 ns, At safepoint: 44500 ns, Total: 801500 ns
[2020-10-24T06:47:17.991+0000][7][safepoint    ] Safepoint "Cleanup", Time since last: 1001200700 ns, Reaching safepoint: 244600 ns, At safepoint: 9700 ns, Total: 254300 ns
[2020-10-24T06:47:18.992+0000][7][safepoint    ] Safepoint "Cleanup", Time since last: 1000487000 ns, Reaching safepoint: 250100 ns, At safepoint: 12100 ns, Total: 262200 ns
[2020-10-24T06:47:19.993+0000][7][safepoint    ] Safepoint "Cleanup", Time since last: 1000472600 ns, Reaching safepoint: 238100 ns, At safepoint: 8900 ns, Total: 247000 ns
[2020-10-24T06:47:20.994+0000][7][safepoint    ] Safepoint "Cleanup", Time since last: 1000559300 ns, Reaching safepoint: 893800 ns, At safepoint: 45400 ns, Total: 939200 ns
[2020-10-24T06:47:21.996+0000][7][safepoint    ] Safepoint "Cleanup", Time since last: 1001293400 ns, Reaching safepoint: 638900 ns, At safepoint: 40400 ns, Total: 679300 ns
[2020-10-24T06:47:22.670+0000][7][safepoint    ] Safepoint "BulkRevokeBias", Time since last: 671864100 ns, Reaching safepoint: 245700 ns, At safepoint: 1935800 ns, Total: 2181500 ns
[2020-10-24T06:47:23.630+0000][7][gc,start     ] GC(435) Pause Young (Normal) (G1 Evacuation Pause)
[2020-10-24T06:47:23.631+0000][7][gc,task      ] GC(435) Using 6 workers of 10 for evacuation
[2020-10-24T06:47:23.631+0000][7][gc,age       ] GC(435) Desired survivor size 4194304 bytes, new threshold 15 (max threshold 15)
[2020-10-24T06:47:23.634+0000][7][gc,age       ] GC(435) Age table with threshold 15 (max threshold 15)
[2020-10-24T06:47:23.635+0000][7][gc,age       ] GC(435) - age   1:    2261208 bytes,    2261208 total
[2020-10-24T06:47:23.635+0000][7][gc,age       ] GC(435) - age   2:     508360 bytes,    2769568 total
[2020-10-24T06:47:23.635+0000][7][gc,age       ] GC(435) - age   3:     385416 bytes,    3154984 total
[2020-10-24T06:47:23.635+0000][7][gc,age       ] GC(435) - age   4:     825992 bytes,    3980976 total
[2020-10-24T06:47:23.636+0000][7][gc,age       ] GC(435) - age   5:       3416 bytes,    3984392 total
[2020-10-24T06:47:23.636+0000][7][gc,phases    ] GC(435)   Pre Evacuate Collection Set: 0.1ms
[2020-10-24T06:47:23.636+0000][7][gc,phases    ] GC(435)   Merge Heap Roots: 0.1ms
[2020-10-24T06:47:23.636+0000][7][gc,phases    ] GC(435)   Evacuate Collection Set: 1.7ms
[2020-10-24T06:47:23.637+0000][7][gc,phases    ] GC(435)   Post Evacuate Collection Set: 0.9ms
[2020-10-24T06:47:23.637+0000][7][gc,phases    ] GC(435)   Other: 2.6ms
[2020-10-24T06:47:23.637+0000][7][gc,heap      ] GC(435) Eden regions: 55->0(53)
[2020-10-24T06:47:23.637+0000][7][gc,heap      ] GC(435) Survivor regions: 3->4(8)
[2020-10-24T06:47:23.637+0000][7][gc,heap      ] GC(435) Old regions: 111->111
[2020-10-24T06:47:23.638+0000][7][gc,heap      ] GC(435) Archive regions: 2->2
[2020-10-24T06:47:23.638+0000][7][gc,heap      ] GC(435) Humongous regions: 15->15
[2020-10-24T06:47:23.638+0000][7][gc,metaspace ] GC(435) Metaspace: 110177K(119076K)->110177K(119076K) NonClass: 96256K(101592K)->96256K(101592K) Class: 13921K(17484K)->13921K(17484K)
[2020-10-24T06:47:23.638+0000][7][gc           ] GC(435) Pause Young (Normal) (G1 Evacuation Pause) 182M->129M(256M) 7.677ms
[2020-10-24T06:47:23.638+0000][7][gc,cpu       ] GC(435) User=0.02s Sys=0.00s Real=0.01s
[2020-10-24T06:47:23.639+0000][7][safepoint    ] Safepoint "G1CollectForAllocation", Time since last: 959889900 ns, Reaching safepoint: 254000 ns, At safepoint: 8117100 ns, Total: 8371100 ns
[2020-10-24T06:47:24.656+0000][7][safepoint    ] Safepoint "Cleanup", Time since last: 1017343000 ns, Reaching safepoint: 262900 ns, At safepoint: 13000 ns, Total: 275900 ns
[2020-10-24T06:47:25.658+0000][7][safepoint    ] Safepoint "Cleanup", Time since last: 1002028800 ns, Reaching safepoint: 253500 ns, At safepoint: 11300 ns, Total: 264800 ns
[2020-10-24T06:47:26.659+0000][7][safepoint    ] Safepoint "Cleanup", Time since last: 1000522300 ns, Reaching safepoint: 280100 ns, At safepoint: 15700 ns, Total: 295800 ns
[2020-10-24T06:47:27.660+0000][7][safepoint    ] Safepoint "Cleanup", Time since last: 1000546400 ns, Reaching safepoint: 275600 ns, At safepoint: 9000 ns, Total: 284600 ns
[2020-10-24T06:47:28.661+0000][7][safepoint    ] Safepoint "Cleanup", Time since last: 1000429700 ns, Reaching safepoint: 285800 ns, At safepoint: 9200 ns, Total: 295000 ns
[2020-10-24T06:47:29.662+0000][7][safepoint    ] Safepoint "Cleanup", Time since last: 1000533700 ns, Reaching safepoint: 257600 ns, At safepoint: 9800 ns, Total: 267400 ns
[2020-10-24T06:47:30.663+0000][7][safepoint    ] Safepoint "Cleanup", Time since last: 1000640700 ns, Reaching safepoint: 275900 ns, At safepoint: 29400 ns, Total: 305300 ns
[2020-10-24T06:47:31.664+0000][7][safepoint    ] Safepoint "Cleanup", Time since last: 1000656500 ns, Reaching safepoint: 801500 ns, At safepoint: 45800 ns, Total: 847300 ns
[2020-10-24T06:47:32.666+0000][7][safepoint    ] Safepoint "Cleanup", Time since last: 1001370700 ns, Reaching safepoint: 630400 ns, At safepoint: 39800 ns, Total: 670200 ns
[2020-10-24T06:47:33.668+0000][7][safepoint    ] Safepoint "Cleanup", Time since last: 1001575900 ns, Reaching safepoint: 254200 ns, At safepoint: 12100 ns, Total: 266300 ns
[2020-10-24T06:47:34.670+0000][7][safepoint    ] Safepoint "Cleanup", Time since last: 1000727500 ns, Reaching safepoint: 854900 ns, At safepoint: 45100 ns, Total: 900000 ns
[2020-10-24T06:47:35.671+0000][7][safepoint    ] Safepoint "Cleanup", Time since last: 1001116600 ns, Reaching safepoint: 250000 ns, At safepoint: 8700 ns, Total: 258700 ns
[2020-10-24T06:47:36.672+0000][7][safepoint    ] Safepoint "Cleanup", Time since last: 1000566200 ns, Reaching safepoint: 829100 ns, At safepoint: 45700 ns, Total: 874800 ns
[2020-10-24T06:47:37.674+0000][7][safepoint    ] Safepoint "Cleanup", Time since last: 1001108400 ns, Reaching safepoint: 281700 ns, At safepoint: 13800 ns, Total: 295500 ns
[2020-10-24T06:47:38.675+0000][7][safepoint    ] Safepoint "Cleanup", Time since last: 1000563000 ns, Reaching safepoint: 266200 ns, At safepoint: 10500 ns, Total: 276700 ns
[2020-10-24T06:47:39.676+0000][7][safepoint    ] Safepoint "Cleanup", Time since last: 1000551700 ns, Reaching safepoint: 847900 ns, At safepoint: 46400 ns, Total: 894300 ns
[2020-10-24T06:47:40.678+0000][7][safepoint    ] Safepoint "Cleanup", Time since last: 1001301000 ns, Reaching safepoint: 651600 ns, At safepoint: 39400 ns, Total: 691000 ns
[2020-10-24T06:47:41.680+0000][7][safepoint    ] Safepoint "Cleanup", Time since last: 1001129500 ns, Reaching safepoint: 614800 ns, At safepoint: 107500 ns, Total: 722300 ns
[2020-10-24T06:47:41.875+0000][7][gc,start     ] GC(436) Pause Young (Concurrent Start) (G1 Evacuation Pause)
[2020-10-24T06:47:41.876+0000][7][gc,task      ] GC(436) Using 6 workers of 10 for evacuation
[2020-10-24T06:47:41.877+0000][7][gc,age       ] GC(436) Desired survivor size 4194304 bytes, new threshold 15 (max threshold 15)
[2020-10-24T06:47:41.889+0000][7][gc,age       ] GC(436) Age table with threshold 15 (max threshold 15)
[2020-10-24T06:47:41.890+0000][7][gc,age       ] GC(436) - age   1:     439136 bytes,     439136 total
[2020-10-24T06:47:41.890+0000][7][gc,age       ] GC(436) - age   2:     267384 bytes,     706520 total
[2020-10-24T06:47:41.891+0000][7][gc,age       ] GC(436) - age   3:     499296 bytes,    1205816 total
[2020-10-24T06:47:41.892+0000][7][gc,age       ] GC(436) - age   4:     160832 bytes,    1366648 total
[2020-10-24T06:47:41.893+0000][7][gc,age       ] GC(436) - age   5:     804680 bytes,    2171328 total
[2020-10-24T06:47:41.894+0000][7][gc,age       ] GC(436) - age   6:       3416 bytes,    2174744 total
[2020-10-24T06:47:41.895+0000][7][gc,phases    ] GC(436)   Pre Evacuate Collection Set: 1.5ms
[2020-10-24T06:47:41.896+0000][7][gc,phases    ] GC(436)   Merge Heap Roots: 0.5ms
[2020-10-24T06:47:41.897+0000][7][gc,phases    ] GC(436)   Evacuate Collection Set: 5.3ms
[2020-10-24T06:47:41.898+0000][7][gc,phases    ] GC(436)   Post Evacuate Collection Set: 3.5ms
[2020-10-24T06:47:41.899+0000][7][gc,phases    ] GC(436)   Other: 9.8ms
[2020-10-24T06:47:41.900+0000][7][gc,heap      ] GC(436) Eden regions: 53->0(55)
[2020-10-24T06:47:41.901+0000][7][gc,heap      ] GC(436) Survivor regions: 4->3(8)
[2020-10-24T06:47:41.902+0000][7][gc,heap      ] GC(436) Old regions: 111->111
[2020-10-24T06:47:41.903+0000][7][gc,heap      ] GC(436) Archive regions: 2->2
[2020-10-24T06:47:41.904+0000][7][gc,heap      ] GC(436) Humongous regions: 15->15
[2020-10-24T06:47:41.905+0000][7][gc,metaspace ] GC(436) Metaspace: 110181K(119076K)->110181K(119076K) NonClass: 96260K(101592K)->96260K(101592K) Class: 13921K(17484K)->13921K(17484K)
[2020-10-24T06:47:41.906+0000][7][gc           ] GC(436) Pause Young (Concurrent Start) (G1 Evacuation Pause) 182M->128M(256M) 30.915ms
[2020-10-24T06:47:41.907+0000][7][gc,cpu       ] GC(436) User=0.02s Sys=0.02s Real=0.03s
[2020-10-24T06:47:41.908+0000][7][safepoint    ] Safepoint "G1CollectForAllocation", Time since last: 193956100 ns, Reaching safepoint: 754300 ns, At safepoint: 33101800 ns, Total: 33856100 ns
[2020-10-24T06:47:41.908+0000][7][gc           ] GC(437) Concurrent Cycle
[2020-10-24T06:47:41.910+0000][7][gc,marking   ] GC(437) Concurrent Clear Claimed Marks
[2020-10-24T06:47:41.911+0000][7][gc,marking   ] GC(437) Concurrent Clear Claimed Marks 1.765ms
[2020-10-24T06:47:41.912+0000][7][gc,marking   ] GC(437) Concurrent Scan Root Regions
[2020-10-24T06:47:41.916+0000][7][gc,marking   ] GC(437) Concurrent Scan Root Regions 3.710ms
[2020-10-24T06:47:41.916+0000][7][gc,marking   ] GC(437) Concurrent Mark (3819.283s)
[2020-10-24T06:47:41.917+0000][7][gc,marking   ] GC(437) Concurrent Mark From Roots
[2020-10-24T06:47:41.917+0000][7][gc,task      ] GC(437) Using 3 workers of 3 for marking
[2020-10-24T06:47:41.974+0000][7][gc,marking   ] GC(437) Concurrent Mark From Roots 57.656ms
[2020-10-24T06:47:41.975+0000][7][gc,marking   ] GC(437) Concurrent Preclean
[2020-10-24T06:47:41.976+0000][7][gc,marking   ] GC(437) Concurrent Preclean 0.785ms
[2020-10-24T06:47:41.976+0000][7][gc,marking   ] GC(437) Concurrent Mark (3819.283s, 3819.342s) 59.663ms
[2020-10-24T06:47:41.977+0000][7][gc,start     ] GC(437) Pause Remark
[2020-10-24T06:47:41.984+0000][7][gc           ] GC(437) Pause Remark 128M->128M(256M) 7.068ms
[2020-10-24T06:47:41.984+0000][7][gc,cpu       ] GC(437) User=0.03s Sys=0.01s Real=0.01s
[2020-10-24T06:47:41.984+0000][7][safepoint    ] Safepoint "G1Concurrent", Time since last: 68628500 ns, Reaching safepoint: 244600 ns, At safepoint: 7768000 ns, Total: 8012600 ns
[2020-10-24T06:47:41.985+0000][7][gc,marking   ] GC(437) Concurrent Rebuild Remembered Sets
[2020-10-24T06:47:42.020+0000][7][gc,marking   ] GC(437) Concurrent Rebuild Remembered Sets 35.126ms
[2020-10-24T06:47:42.021+0000][7][gc,start     ] GC(437) Pause Cleanup
[2020-10-24T06:47:42.021+0000][7][gc           ] GC(437) Pause Cleanup 128M->128M(256M) 0.533ms
[2020-10-24T06:47:42.021+0000][7][gc,cpu       ] GC(437) User=0.00s Sys=0.00s Real=0.00s
[2020-10-24T06:47:42.022+0000][7][safepoint    ] Safepoint "G1Concurrent", Time since last: 35913200 ns, Reaching safepoint: 259200 ns, At safepoint: 1127800 ns, Total: 1387000 ns
[2020-10-24T06:47:42.022+0000][7][gc,marking   ] GC(437) Concurrent Cleanup for Next Mark
[2020-10-24T06:47:42.023+0000][7][gc,marking   ] GC(437) Concurrent Cleanup for Next Mark 0.659ms
[2020-10-24T06:47:42.023+0000][7][gc           ] GC(437) Concurrent Cycle 115.169ms
[2020-10-24T06:47:43.022+0000][7][safepoint    ] Safepoint "Cleanup", Time since last: 1000471200 ns, Reaching safepoint: 309200 ns, At safepoint: 15100 ns, Total: 324300 ns
[2020-10-24T06:47:44.024+0000][7][safepoint    ] Safepoint "Cleanup", Time since last: 1000658600 ns, Reaching safepoint: 620600 ns, At safepoint: 40700 ns, Total: 661300 ns
[2020-10-24T06:47:45.026+0000][7][safepoint    ] Safepoint "Cleanup", Time since last: 1001197100 ns, Reaching safepoint: 914100 ns, At safepoint: 114100 ns, Total: 1028200 ns
[2020-10-24T06:47:46.028+0000][7][safepoint    ] Safepoint "Cleanup", Time since last: 1001231300 ns, Reaching safepoint: 261900 ns, At safepoint: 8900 ns, Total: 270800 ns
[2020-10-24T06:47:47.029+0000][7][safepoint    ] Safepoint "Cleanup", Time since last: 1000516900 ns, Reaching safepoint: 790200 ns, At safepoint: 45200 ns, Total: 835400 ns
[2020-10-24T06:47:48.795+0000][7][safepoint    ] Safepoint "Cleanup", Time since last: 1766036000 ns, Reaching safepoint: 220000 ns, At safepoint: 8800 ns, Total: 228800 ns
[2020-10-24T06:47:49.798+0000][7][safepoint    ] Safepoint "Cleanup", Time since last: 1001686500 ns, Reaching safepoint: 888700 ns, At safepoint: 45500 ns, Total: 934200 ns
[2020-10-24T06:47:50.800+0000][7][safepoint    ] Safepoint "Cleanup", Time since last: 1001345700 ns, Reaching safepoint: 828100 ns, At safepoint: 46900 ns, Total: 875000 ns
[2020-10-24T06:47:51.801+0000][7][safepoint    ] Safepoint "Cleanup", Time since last: 1001154700 ns, Reaching safepoint: 201700 ns, At safepoint: 23400 ns, Total: 225100 ns
[2020-10-24T06:47:52.802+0000][7][safepoint    ] Safepoint "Cleanup", Time since last: 1000367400 ns, Reaching safepoint: 234100 ns, At safepoint: 8800 ns, Total: 242900 ns
[2020-10-24T06:47:53.803+0000][7][safepoint    ] Safepoint "Cleanup", Time since last: 1000545600 ns, Reaching safepoint: 797800 ns, At safepoint: 46100 ns, Total: 843900 ns
[2020-10-24T06:47:54.805+0000][7][safepoint    ] Safepoint "Cleanup", Time since last: 1001100100 ns, Reaching safepoint: 264800 ns, At safepoint: 13600 ns, Total: 278400 ns
[2020-10-24T06:47:55.806+0000][7][safepoint    ] Safepoint "Cleanup", Time since last: 1000750000 ns, Reaching safepoint: 793000 ns, At safepoint: 46600 ns, Total: 839600 ns
[2020-10-24T06:47:56.808+0000][7][safepoint    ] Safepoint "Cleanup", Time since last: 1001573500 ns, Reaching safepoint: 262800 ns, At safepoint: 13200 ns, Total: 276000 ns
[2020-10-24T06:47:57.809+0000][7][safepoint    ] Safepoint "Cleanup", Time since last: 1000558700 ns, Reaching safepoint: 246400 ns, At safepoint: 11300 ns, Total: 257700 ns
[2020-10-24T06:47:58.810+0000][7][safepoint    ] Safepoint "Cleanup", Time since last: 1000545100 ns, Reaching safepoint: 292200 ns, At safepoint: 16600 ns, Total: 308800 ns
[2020-10-24T06:47:59.811+0000][7][safepoint    ] Safepoint "Cleanup", Time since last: 1000554500 ns, Reaching safepoint: 235000 ns, At safepoint: 9800 ns, Total: 244800 ns
[2020-10-24T06:48:00.811+0000][7][safepoint    ] Safepoint "Cleanup", Time since last: 1000505900 ns, Reaching safepoint: 227900 ns, At safepoint: 22900 ns, Total: 250800 ns
[2020-10-24T06:48:01.812+0000][7][safepoint    ] Safepoint "Cleanup", Time since last: 1000561700 ns, Reaching safepoint: 217300 ns, At safepoint: 9200 ns, Total: 226500 ns
[2020-10-24T06:48:02.813+0000][7][safepoint    ] Safepoint "Cleanup", Time since last: 1000441000 ns, Reaching safepoint: 255000 ns, At safepoint: 9000 ns, Total: 264000 ns
[2020-10-24T06:48:03.814+0000][7][safepoint    ] Safepoint "Cleanup", Time since last: 1000626300 ns, Reaching safepoint: 760400 ns, At safepoint: 45200 ns, Total: 805600 ns
[2020-10-24T06:48:03.862+0000][7][gc,start     ] GC(438) Pause Young (Normal) (G1 Evacuation Pause)
[2020-10-24T06:48:03.863+0000][7][gc,task      ] GC(438) Using 6 workers of 10 for evacuation
[2020-10-24T06:48:03.864+0000][7][gc,age       ] GC(438) Desired survivor size 4194304 bytes, new threshold 15 (max threshold 15)
[2020-10-24T06:48:03.873+0000][7][gc,age       ] GC(438) Age table with threshold 15 (max threshold 15)
[2020-10-24T06:48:03.874+0000][7][gc,age       ] GC(438) - age   1:    4901104 bytes,    4901104 total
[2020-10-24T06:48:03.874+0000][7][gc,age       ] GC(438) - age   2:     237912 bytes,    5139016 total
[2020-10-24T06:48:03.875+0000][7][gc,age       ] GC(438) - age   3:     246736 bytes,    5385752 total
[2020-10-24T06:48:03.875+0000][7][gc,age       ] GC(438) - age   4:     388888 bytes,    5774640 total
[2020-10-24T06:48:03.876+0000][7][gc,age       ] GC(438) - age   5:     152648 bytes,    5927288 total
[2020-10-24T06:48:03.876+0000][7][gc,age       ] GC(438) - age   6:     803992 bytes,    6731280 total
[2020-10-24T06:48:03.877+0000][7][gc,age       ] GC(438) - age   7:       3096 bytes,    6734376 total
[2020-10-24T06:48:03.877+0000][7][gc,phases    ] GC(438)   Pre Evacuate Collection Set: 0.5ms
[2020-10-24T06:48:03.877+0000][7][gc,phases    ] GC(438)   Merge Heap Roots: 0.3ms
[2020-10-24T06:48:03.878+0000][7][gc,phases    ] GC(438)   Evacuate Collection Set: 5.2ms
[2020-10-24T06:48:03.878+0000][7][gc,phases    ] GC(438)   Post Evacuate Collection Set: 1.9ms
[2020-10-24T06:48:03.879+0000][7][gc,phases    ] GC(438)   Other: 7.0ms
[2020-10-24T06:48:03.879+0000][7][gc,heap      ] GC(438) Eden regions: 55->0(48)
[2020-10-24T06:48:03.880+0000][7][gc,heap      ] GC(438) Survivor regions: 3->7(8)
[2020-10-24T06:48:03.880+0000][7][gc,heap      ] GC(438) Old regions: 111->111
[2020-10-24T06:48:03.880+0000][7][gc,heap      ] GC(438) Archive regions: 2->2
[2020-10-24T06:48:03.881+0000][7][gc,heap      ] GC(438) Humongous regions: 15->15
[2020-10-24T06:48:03.881+0000][7][gc,metaspace ] GC(438) Metaspace: 110188K(119076K)->110188K(119076K) NonClass: 96266K(101592K)->96266K(101592K) Class: 13921K(17484K)->13921K(17484K)
[2020-10-24T06:48:03.881+0000][7][gc           ] GC(438) Pause Young (Normal) (G1 Evacuation Pause) 183M->132M(256M) 18.887ms
[2020-10-24T06:48:03.881+0000][7][gc,cpu       ] GC(438) User=0.06s Sys=0.00s Real=0.02s
[2020-10-24T06:48:03.881+0000][7][safepoint    ] Safepoint "G1CollectForAllocation", Time since last: 46969000 ns, Reaching safepoint: 797500 ns, At safepoint: 19388900 ns, Total: 20186400 ns
[2020-10-24T06:48:04.883+0000][7][safepoint    ] Safepoint "Cleanup", Time since last: 1001094700 ns, Reaching safepoint: 834000 ns, At safepoint: 45800 ns, Total: 879800 ns
[2020-10-24T06:48:05.885+0000][7][safepoint    ] Safepoint "Cleanup", Time since last: 1001213500 ns, Reaching safepoint: 260800 ns, At safepoint: 8900 ns, Total: 269700 ns
[2020-10-24T06:48:06.886+0000][7][safepoint    ] Safepoint "Cleanup", Time since last: 1000684100 ns, Reaching safepoint: 770300 ns, At safepoint: 45800 ns, Total: 816100 ns
[2020-10-24T06:48:07.889+0000][7][safepoint    ] Safepoint "Cleanup", Time since last: 1001247900 ns, Reaching safepoint: 846200 ns, At safepoint: 45600 ns, Total: 891800 ns
[2020-10-24T06:48:08.890+0000][7][safepoint    ] Safepoint "Cleanup", Time since last: 1001181600 ns, Reaching safepoint: 229400 ns, At safepoint: 9400 ns, Total: 238800 ns
[2020-10-24T06:48:09.891+0000][7][safepoint    ] Safepoint "Cleanup", Time since last: 1000580100 ns, Reaching safepoint: 848100 ns, At safepoint: 45700 ns, Total: 893800 ns
[2020-10-24T06:48:10.894+0000][7][safepoint    ] Safepoint "Cleanup", Time since last: 1001283300 ns, Reaching safepoint: 774500 ns, At safepoint: 44100 ns, Total: 818600 ns
[2020-10-24T06:48:11.896+0000][7][safepoint    ] Safepoint "Cleanup", Time since last: 1001328400 ns, Reaching safepoint: 635300 ns, At safepoint: 37400 ns, Total: 672700 ns
[2020-10-24T06:48:12.898+0000][7][safepoint    ] Safepoint "Cleanup", Time since last: 1001067000 ns, Reaching safepoint: 905200 ns, At safepoint: 56300 ns, Total: 961500 ns
[2020-10-24T06:48:13.899+0000][7][safepoint    ] Safepoint "Cleanup", Time since last: 1001101000 ns, Reaching safepoint: 309700 ns, At safepoint: 17000 ns, Total: 326700 ns
[2020-10-24T06:48:14.901+0000][7][safepoint    ] Safepoint "Cleanup", Time since last: 1000716000 ns, Reaching safepoint: 825700 ns, At safepoint: 46100 ns, Total: 871800 ns
[2020-10-24T06:48:15.902+0000][7][safepoint    ] Safepoint "Cleanup", Time since last: 1001215900 ns, Reaching safepoint: 414800 ns, At safepoint: 23200 ns, Total: 438000 ns
[2020-10-24T06:48:16.812+0000][7][gc,start     ] GC(439) Pause Young (Concurrent Start) (G1 Evacuation Pause)
[2020-10-24T06:48:16.812+0000][7][gc,task      ] GC(439) Using 6 workers of 10 for evacuation
[2020-10-24T06:48:16.812+0000][7][gc,age       ] GC(439) Desired survivor size 3670016 bytes, new threshold 1 (max threshold 15)
[2020-10-24T06:48:16.816+0000][7][gc,age       ] GC(439) Age table with threshold 1 (max threshold 15)
[2020-10-24T06:48:16.816+0000][7][gc,age       ] GC(439) - age   1:    2786312 bytes,    2786312 total
[2020-10-24T06:48:16.817+0000][7][gc,phases    ] GC(439)   Pre Evacuate Collection Set: 0.6ms
[2020-10-24T06:48:16.817+0000][7][gc,phases    ] GC(439)   Merge Heap Roots: 0.2ms
[2020-10-24T06:48:16.817+0000][7][gc,phases    ] GC(439)   Evacuate Collection Set: 2.0ms
[2020-10-24T06:48:16.818+0000][7][gc,phases    ] GC(439)   Post Evacuate Collection Set: 0.9ms
[2020-10-24T06:48:16.818+0000][7][gc,phases    ] GC(439)   Other: 1.7ms
[2020-10-24T06:48:16.818+0000][7][gc,heap      ] GC(439) Eden regions: 48->0(46)
[2020-10-24T06:48:16.818+0000][7][gc,heap      ] GC(439) Survivor regions: 7->4(7)
[2020-10-24T06:48:16.819+0000][7][gc,heap      ] GC(439) Old regions: 111->115
[2020-10-24T06:48:16.819+0000][7][gc,heap      ] GC(439) Archive regions: 2->2
[2020-10-24T06:48:16.819+0000][7][gc,heap      ] GC(439) Humongous regions: 15->15
[2020-10-24T06:48:16.819+0000][7][gc,metaspace ] GC(439) Metaspace: 110198K(119076K)->110198K(119076K) NonClass: 96277K(101592K)->96277K(101592K) Class: 13921K(17484K)->13921K(17484K)
[2020-10-24T06:48:16.819+0000][7][gc           ] GC(439) Pause Young (Concurrent Start) (G1 Evacuation Pause) 180M->133M(256M) 7.844ms
[2020-10-24T06:48:16.820+0000][7][gc,cpu       ] GC(439) User=0.02s Sys=0.00s Real=0.01s
[2020-10-24T06:48:16.820+0000][7][safepoint    ] Safepoint "G1CollectForAllocation", Time since last: 909009200 ns, Reaching safepoint: 241200 ns, At safepoint: 8220400 ns, Total: 8461600 ns
[2020-10-24T06:48:16.820+0000][7][gc           ] GC(440) Concurrent Cycle
[2020-10-24T06:48:16.820+0000][7][gc,marking   ] GC(440) Concurrent Clear Claimed Marks
[2020-10-24T06:48:16.821+0000][7][gc,marking   ] GC(440) Concurrent Clear Claimed Marks 0.942ms
[2020-10-24T06:48:16.821+0000][7][gc,marking   ] GC(440) Concurrent Scan Root Regions
[2020-10-24T06:48:16.822+0000][7][gc,marking   ] GC(440) Concurrent Scan Root Regions 0.993ms
[2020-10-24T06:48:16.822+0000][7][gc,marking   ] GC(440) Concurrent Mark (3854.189s)
[2020-10-24T06:48:16.823+0000][7][gc,marking   ] GC(440) Concurrent Mark From Roots
[2020-10-24T06:48:16.823+0000][7][gc,task      ] GC(440) Using 3 workers of 3 for marking
[2020-10-24T06:48:16.873+0000][7][gc,marking   ] GC(440) Concurrent Mark From Roots 50.243ms
[2020-10-24T06:48:16.873+0000][7][gc,marking   ] GC(440) Concurrent Preclean
[2020-10-24T06:48:16.874+0000][7][gc,marking   ] GC(440) Concurrent Preclean 0.723ms
[2020-10-24T06:48:16.874+0000][7][gc,marking   ] GC(440) Concurrent Mark (3854.189s, 3854.241s) 51.822ms
[2020-10-24T06:48:16.875+0000][7][gc,start     ] GC(440) Pause Remark
[2020-10-24T06:48:16.882+0000][7][gc           ] GC(440) Pause Remark 137M->137M(256M) 6.813ms
[2020-10-24T06:48:16.882+0000][7][gc,cpu       ] GC(440) User=0.03s Sys=0.00s Real=0.01s
[2020-10-24T06:48:16.882+0000][7][safepoint    ] Safepoint "G1Concurrent", Time since last: 54876800 ns, Reaching safepoint: 186600 ns, At safepoint: 7463400 ns, Total: 7650000 ns
[2020-10-24T06:48:16.883+0000][7][gc,marking   ] GC(440) Concurrent Rebuild Remembered Sets
[2020-10-24T06:48:16.920+0000][7][gc,marking   ] GC(440) Concurrent Rebuild Remembered Sets 37.701ms
[2020-10-24T06:48:16.921+0000][7][gc,start     ] GC(440) Pause Cleanup
[2020-10-24T06:48:16.921+0000][7][gc           ] GC(440) Pause Cleanup 137M->137M(256M) 0.494ms
[2020-10-24T06:48:16.922+0000][7][gc,cpu       ] GC(440) User=0.00s Sys=0.00s Real=0.00s
[2020-10-24T06:48:16.922+0000][7][safepoint    ] Safepoint "G1Concurrent", Time since last: 38479700 ns, Reaching safepoint: 193200 ns, At safepoint: 1076300 ns, Total: 1269500 ns
[2020-10-24T06:48:16.922+0000][7][gc,marking   ] GC(440) Concurrent Cleanup for Next Mark
[2020-10-24T06:48:16.923+0000][7][gc,marking   ] GC(440) Concurrent Cleanup for Next Mark 0.640ms
[2020-10-24T06:48:16.923+0000][7][gc           ] GC(440) Concurrent Cycle 103.468ms
[2020-10-24T06:48:18.878+0000][7][safepoint    ] Safepoint "Cleanup", Time since last: 1955471100 ns, Reaching safepoint: 234500 ns, At safepoint: 25200 ns, Total: 259700 ns
[2020-10-24T06:48:19.879+0000][7][safepoint    ] Safepoint "Cleanup", Time since last: 1000737300 ns, Reaching safepoint: 782900 ns, At safepoint: 45600 ns, Total: 828500 ns
[2020-10-24T06:48:20.881+0000][7][safepoint    ] Safepoint "Cleanup", Time since last: 1001115800 ns, Reaching safepoint: 256500 ns, At safepoint: 9500 ns, Total: 266000 ns
[2020-10-24T06:48:21.882+0000][7][safepoint    ] Safepoint "Cleanup", Time since last: 1000544800 ns, Reaching safepoint: 302400 ns, At safepoint: 15000 ns, Total: 317400 ns
[2020-10-24T06:48:23.694+0000][7][gc,start     ] GC(441) Pause Young (Normal) (G1 Evacuation Pause)
[2020-10-24T06:48:23.694+0000][7][gc,task      ] GC(441) Using 6 workers of 10 for evacuation
[2020-10-24T06:48:23.694+0000][7][gc,age       ] GC(441) Desired survivor size 3670016 bytes, new threshold 15 (max threshold 15)
[2020-10-24T06:48:23.697+0000][7][gc,age       ] GC(441) Age table with threshold 15 (max threshold 15)
[2020-10-24T06:48:23.697+0000][7][gc,age       ] GC(441) - age   1:    2654208 bytes,    2654208 total
[2020-10-24T06:48:23.698+0000][7][gc,age       ] GC(441) - age   2:    2691192 bytes,    5345400 total
[2020-10-24T06:48:23.698+0000][7][gc,phases    ] GC(441)   Pre Evacuate Collection Set: 0.1ms
[2020-10-24T06:48:23.698+0000][7][gc,phases    ] GC(441)   Merge Heap Roots: 0.1ms
[2020-10-24T06:48:23.699+0000][7][gc,phases    ] GC(441)   Evacuate Collection Set: 1.5ms
[2020-10-24T06:48:23.699+0000][7][gc,phases    ] GC(441)   Post Evacuate Collection Set: 0.7ms
[2020-10-24T06:48:23.699+0000][7][gc,phases    ] GC(441)   Other: 2.0ms
[2020-10-24T06:48:23.699+0000][7][gc,heap      ] GC(441) Eden regions: 46->0(45)
[2020-10-24T06:48:23.699+0000][7][gc,heap      ] GC(441) Survivor regions: 4->6(7)
[2020-10-24T06:48:23.699+0000][7][gc,heap      ] GC(441) Old regions: 115->115
[2020-10-24T06:48:23.700+0000][7][gc,heap      ] GC(441) Archive regions: 2->2
[2020-10-24T06:48:23.700+0000][7][gc,heap      ] GC(441) Humongous regions: 15->15
[2020-10-24T06:48:23.700+0000][7][gc,metaspace ] GC(441) Metaspace: 110211K(119076K)->110211K(119076K) NonClass: 96289K(101592K)->96289K(101592K) Class: 13921K(17484K)->13921K(17484K)
[2020-10-24T06:48:23.700+0000][7][gc           ] GC(441) Pause Young (Normal) (G1 Evacuation Pause) 179M->135M(256M) 6.337ms
[2020-10-24T06:48:23.700+0000][7][gc,cpu       ] GC(441) User=0.01s Sys=0.01s Real=0.01s
[2020-10-24T06:48:23.700+0000][7][safepoint    ] Safepoint "G1CollectForAllocation", Time since last: 1811794900 ns, Reaching safepoint: 232300 ns, At safepoint: 6727300 ns, Total: 6959600 ns
[2020-10-24T06:48:24.716+0000][7][safepoint    ] Safepoint "Cleanup", Time since last: 1014634300 ns, Reaching safepoint: 933600 ns, At safepoint: 89000 ns, Total: 1022600 ns
[2020-10-24T06:48:25.719+0000][7][safepoint    ] Safepoint "Cleanup", Time since last: 1001657500 ns, Reaching safepoint: 842000 ns, At safepoint: 44400 ns, Total: 886400 ns
[2020-10-24T06:48:26.720+0000][7][safepoint    ] Safepoint "Cleanup", Time since last: 1001224100 ns, Reaching safepoint: 246600 ns, At safepoint: 10600 ns, Total: 257200 ns
[2020-10-24T06:48:27.721+0000][7][safepoint    ] Safepoint "Cleanup", Time since last: 1000618400 ns, Reaching safepoint: 793000 ns, At safepoint: 44300 ns, Total: 837300 ns
[2020-10-24T06:48:28.723+0000][7][safepoint    ] Safepoint "Cleanup", Time since last: 1001239500 ns, Reaching safepoint: 307300 ns, At safepoint: 14700 ns, Total: 322000 ns
[2020-10-24T06:48:29.725+0000][7][safepoint    ] Safepoint "Cleanup", Time since last: 1000673800 ns, Reaching safepoint: 803400 ns, At safepoint: 44600 ns, Total: 848000 ns
[2020-10-24T06:48:30.726+0000][7][safepoint    ] Safepoint "Cleanup", Time since last: 1001224500 ns, Reaching safepoint: 279800 ns, At safepoint: 9100 ns, Total: 288900 ns
[2020-10-24T06:48:31.727+0000][7][safepoint    ] Safepoint "Cleanup", Time since last: 1000537000 ns, Reaching safepoint: 650700 ns, At safepoint: 242400 ns, Total: 893100 ns
[2020-10-24T06:48:32.730+0000][7][safepoint    ] Safepoint "Cleanup", Time since last: 1001295700 ns, Reaching safepoint: 781000 ns, At safepoint: 44000 ns, Total: 825000 ns
[2020-10-24T06:48:33.732+0000][7][safepoint    ] Safepoint "Cleanup", Time since last: 1001176000 ns, Reaching safepoint: 787100 ns, At safepoint: 171800 ns, Total: 958900 ns
[2020-10-24T06:48:34.734+0000][7][safepoint    ] Safepoint "Cleanup", Time since last: 1001372300 ns, Reaching safepoint: 756800 ns, At safepoint: 44300 ns, Total: 801100 ns
[2020-10-24T06:48:35.736+0000][7][safepoint    ] Safepoint "Cleanup", Time since last: 1001312300 ns, Reaching safepoint: 829600 ns, At safepoint: 43800 ns, Total: 873400 ns
[2020-10-24T06:48:35.886+0000][7][gc,start     ] GC(442) Pause Young (Concurrent Start) (G1 Evacuation Pause)
[2020-10-24T06:48:35.887+0000][7][gc,task      ] GC(442) Using 6 workers of 10 for evacuation
[2020-10-24T06:48:35.888+0000][7][gc,age       ] GC(442) Desired survivor size 3670016 bytes, new threshold 2 (max threshold 15)
[2020-10-24T06:48:35.900+0000][7][gc,age       ] GC(442) Age table with threshold 2 (max threshold 15)
[2020-10-24T06:48:35.901+0000][7][gc,age       ] GC(442) - age   1:     288600 bytes,     288600 total
[2020-10-24T06:48:35.902+0000][7][gc,age       ] GC(442) - age   2:     581504 bytes,     870104 total
[2020-10-24T06:48:35.903+0000][7][gc,phases    ] GC(442)   Pre Evacuate Collection Set: 1.6ms
[2020-10-24T06:48:35.904+0000][7][gc,phases    ] GC(442)   Merge Heap Roots: 0.5ms
[2020-10-24T06:48:35.905+0000][7][gc,phases    ] GC(442)   Evacuate Collection Set: 4.4ms
[2020-10-24T06:48:35.906+0000][7][gc,phases    ] GC(442)   Post Evacuate Collection Set: 3.6ms
[2020-10-24T06:48:35.907+0000][7][gc,phases    ] GC(442)   Other: 6.6ms
[2020-10-24T06:48:35.908+0000][7][gc,heap      ] GC(442) Eden regions: 45->0(47)
[2020-10-24T06:48:35.908+0000][7][gc,heap      ] GC(442) Survivor regions: 6->2(7)
[2020-10-24T06:48:35.909+0000][7][gc,heap      ] GC(442) Old regions: 115->117
[2020-10-24T06:48:35.910+0000][7][gc,heap      ] GC(442) Archive regions: 2->2
[2020-10-24T06:48:35.911+0000][7][gc,heap      ] GC(442) Humongous regions: 15->15
[2020-10-24T06:48:35.912+0000][7][gc,metaspace ] GC(442) Metaspace: 110216K(119076K)->110216K(119076K) NonClass: 96294K(101592K)->96294K(101592K) Class: 13921K(17484K)->13921K(17484K)
[2020-10-24T06:48:35.913+0000][7][gc           ] GC(442) Pause Young (Concurrent Start) (G1 Evacuation Pause) 180M->133M(256M) 27.427ms
[2020-10-24T06:48:35.914+0000][7][gc,cpu       ] GC(442) User=0.04s Sys=0.00s Real=0.03s
[2020-10-24T06:48:35.916+0000][7][safepoint    ] Safepoint "G1CollectForAllocation", Time since last: 148937000 ns, Reaching safepoint: 835600 ns, At safepoint: 29715800 ns, Total: 30551400 ns
[2020-10-24T06:48:35.916+0000][7][gc           ] GC(443) Concurrent Cycle
[2020-10-24T06:48:35.918+0000][7][gc,marking   ] GC(443) Concurrent Clear Claimed Marks
[2020-10-24T06:48:35.919+0000][7][gc,marking   ] GC(443) Concurrent Clear Claimed Marks 1.893ms
[2020-10-24T06:48:35.920+0000][7][gc,marking   ] GC(443) Concurrent Scan Root Regions
[2020-10-24T06:48:35.924+0000][7][gc,marking   ] GC(443) Concurrent Scan Root Regions 3.191ms
[2020-10-24T06:48:35.925+0000][7][gc,marking   ] GC(443) Concurrent Mark (3873.291s)
[2020-10-24T06:48:35.925+0000][7][gc,marking   ] GC(443) Concurrent Mark From Roots
[2020-10-24T06:48:35.926+0000][7][gc,task      ] GC(443) Using 3 workers of 3 for marking
[2020-10-24T06:48:36.000+0000][7][gc,marking   ] GC(443) Concurrent Mark From Roots 74.644ms
[2020-10-24T06:48:36.000+0000][7][gc,marking   ] GC(443) Concurrent Preclean
[2020-10-24T06:48:36.001+0000][7][gc,marking   ] GC(443) Concurrent Preclean 0.810ms
[2020-10-24T06:48:36.002+0000][7][gc,marking   ] GC(443) Concurrent Mark (3873.291s, 3873.368s) 77.099ms
[2020-10-24T06:48:36.002+0000][7][gc,start     ] GC(443) Pause Remark
[2020-10-24T06:48:36.009+0000][7][gc           ] GC(443) Pause Remark 135M->135M(256M) 7.134ms
[2020-10-24T06:48:36.010+0000][7][gc,cpu       ] GC(443) User=0.03s Sys=0.00s Real=0.01s
[2020-10-24T06:48:36.010+0000][7][safepoint    ] Safepoint "G1Concurrent", Time since last: 86405100 ns, Reaching safepoint: 294800 ns, At safepoint: 7825900 ns, Total: 8120700 ns
[2020-10-24T06:48:36.010+0000][7][gc,marking   ] GC(443) Concurrent Rebuild Remembered Sets
[2020-10-24T06:48:36.046+0000][7][gc,marking   ] GC(443) Concurrent Rebuild Remembered Sets 35.377ms
[2020-10-24T06:48:36.047+0000][7][gc,start     ] GC(443) Pause Cleanup
[2020-10-24T06:48:36.047+0000][7][gc           ] GC(443) Pause Cleanup 135M->135M(256M) 0.586ms
[2020-10-24T06:48:36.047+0000][7][gc,cpu       ] GC(443) User=0.00s Sys=0.00s Real=0.01s
[2020-10-24T06:48:36.048+0000][7][safepoint    ] Safepoint "G1Concurrent", Time since last: 36129900 ns, Reaching safepoint: 267700 ns, At safepoint: 1224900 ns, Total: 1492600 ns
[2020-10-24T06:48:36.048+0000][7][gc,marking   ] GC(443) Concurrent Cleanup for Next Mark
[2020-10-24T06:48:36.049+0000][7][gc,marking   ] GC(443) Concurrent Cleanup for Next Mark 0.704ms
[2020-10-24T06:48:36.049+0000][7][gc           ] GC(443) Concurrent Cycle 133.428ms
[2020-10-24T06:48:37.049+0000][7][safepoint    ] Safepoint "Cleanup", Time since last: 1000495000 ns, Reaching safepoint: 710600 ns, At safepoint: 46000 ns, Total: 756600 ns
[2020-10-24T06:48:38.051+0000][7][safepoint    ] Safepoint "Cleanup", Time since last: 1001405100 ns, Reaching safepoint: 818600 ns, At safepoint: 44800 ns, Total: 863400 ns
[2020-10-24T06:48:39.054+0000][7][safepoint    ] Safepoint "Cleanup", Time since last: 1001396300 ns, Reaching safepoint: 785500 ns, At safepoint: 98100 ns, Total: 883600 ns
[2020-10-24T06:48:40.056+0000][7][safepoint    ] Safepoint "Cleanup", Time since last: 1001236500 ns, Reaching safepoint: 804400 ns, At safepoint: 45000 ns, Total: 849400 ns
[2020-10-24T06:48:41.057+0000][7][safepoint    ] Safepoint "Cleanup", Time since last: 1001257800 ns, Reaching safepoint: 313800 ns, At safepoint: 16400 ns, Total: 330200 ns
[2020-10-24T06:48:42.058+0000][7][safepoint    ] Safepoint "Cleanup", Time since last: 1000592700 ns, Reaching safepoint: 277800 ns, At safepoint: 8600 ns, Total: 286400 ns
[2020-10-24T06:48:43.060+0000][7][safepoint    ] Safepoint "Cleanup", Time since last: 1000591700 ns, Reaching safepoint: 813600 ns, At safepoint: 95900 ns, Total: 909500 ns
[2020-10-24T06:48:44.062+0000][7][safepoint    ] Safepoint "Cleanup", Time since last: 1001414500 ns, Reaching safepoint: 624100 ns, At safepoint: 36700 ns, Total: 660800 ns
[2020-10-24T06:48:45.064+0000][7][safepoint    ] Safepoint "Cleanup", Time since last: 1001220900 ns, Reaching safepoint: 869100 ns, At safepoint: 45100 ns, Total: 914200 ns
[2020-10-24T06:48:46.066+0000][7][safepoint    ] Safepoint "Cleanup", Time since last: 1001369100 ns, Reaching safepoint: 736800 ns, At safepoint: 90200 ns, Total: 827000 ns
[2020-10-24T06:48:47.068+0000][7][safepoint    ] Safepoint "Cleanup", Time since last: 1001403500 ns, Reaching safepoint: 768300 ns, At safepoint: 44100 ns, Total: 812400 ns
[2020-10-24T06:48:48.070+0000][7][safepoint    ] Safepoint "Cleanup", Time since last: 1001267100 ns, Reaching safepoint: 821000 ns, At safepoint: 48400 ns, Total: 869400 ns
[2020-10-24T06:48:49.072+0000][7][safepoint    ] Safepoint "Cleanup", Time since last: 1001174100 ns, Reaching safepoint: 299300 ns, At safepoint: 14300 ns, Total: 313600 ns
[2020-10-24T06:48:50.073+0000][7][safepoint    ] Safepoint "Cleanup", Time since last: 1000588000 ns, Reaching safepoint: 236900 ns, At safepoint: 8400 ns, Total: 245300 ns
[2020-10-24T06:48:50.913+0000][7][safepoint    ] Safepoint "BulkRevokeBias", Time since last: 839000900 ns, Reaching safepoint: 271700 ns, At safepoint: 1327400 ns, Total: 1599100 ns
[2020-10-24T06:48:51.884+0000][7][gc,start     ] GC(444) Pause Young (Normal) (G1 Evacuation Pause)
[2020-10-24T06:48:51.884+0000][7][gc,task      ] GC(444) Using 6 workers of 10 for evacuation
[2020-10-24T06:48:51.884+0000][7][gc,age       ] GC(444) Desired survivor size 3670016 bytes, new threshold 15 (max threshold 15)
[2020-10-24T06:48:51.887+0000][7][gc,age       ] GC(444) Age table with threshold 15 (max threshold 15)
[2020-10-24T06:48:51.888+0000][7][gc,age       ] GC(444) - age   1:     625408 bytes,     625408 total
[2020-10-24T06:48:51.888+0000][7][gc,age       ] GC(444) - age   2:      89440 bytes,     714848 total
[2020-10-24T06:48:51.888+0000][7][gc,age       ] GC(444) - age   3:     554216 bytes,    1269064 total
[2020-10-24T06:48:51.889+0000][7][gc,phases    ] GC(444)   Pre Evacuate Collection Set: 0.2ms
[2020-10-24T06:48:51.889+0000][7][gc,phases    ] GC(444)   Merge Heap Roots: 0.1ms
[2020-10-24T06:48:51.889+0000][7][gc,phases    ] GC(444)   Evacuate Collection Set: 1.3ms
[2020-10-24T06:48:51.889+0000][7][gc,phases    ] GC(444)   Post Evacuate Collection Set: 1.0ms
[2020-10-24T06:48:51.889+0000][7][gc,phases    ] GC(444)   Other: 2.3ms
[2020-10-24T06:48:51.890+0000][7][gc,heap      ] GC(444) Eden regions: 47->0(48)
[2020-10-24T06:48:51.890+0000][7][gc,heap      ] GC(444) Survivor regions: 2->2(7)
[2020-10-24T06:48:51.890+0000][7][gc,heap      ] GC(444) Old regions: 117->117
[2020-10-24T06:48:51.890+0000][7][gc,heap      ] GC(444) Archive regions: 2->2
[2020-10-24T06:48:51.890+0000][7][gc,heap      ] GC(444) Humongous regions: 15->15
[2020-10-24T06:48:51.890+0000][7][gc,metaspace ] GC(444) Metaspace: 110219K(119076K)->110219K(119076K) NonClass: 96297K(101592K)->96297K(101592K) Class: 13921K(17484K)->13921K(17484K)
[2020-10-24T06:48:51.891+0000][7][gc           ] GC(444) Pause Young (Normal) (G1 Evacuation Pause) 180M->134M(256M) 6.937ms
[2020-10-24T06:48:51.891+0000][7][gc,cpu       ] GC(444) User=0.00s Sys=0.01s Real=0.01s
[2020-10-24T06:48:51.891+0000][7][safepoint    ] Safepoint "G1CollectForAllocation", Time since last: 969993500 ns, Reaching safepoint: 276500 ns, At safepoint: 7301000 ns, Total: 7577500 ns
[2020-10-24T06:48:52.892+0000][7][safepoint    ] Safepoint "Cleanup", Time since last: 1000405100 ns, Reaching safepoint: 803000 ns, At safepoint: 44100 ns, Total: 847100 ns
[2020-10-24T06:48:53.894+0000][7][safepoint    ] Safepoint "Cleanup", Time since last: 1001191200 ns, Reaching safepoint: 271400 ns, At safepoint: 8400 ns, Total: 279800 ns
[2020-10-24T06:48:54.895+0000][7][safepoint    ] Safepoint "Cleanup", Time since last: 1000724300 ns, Reaching safepoint: 563400 ns, At safepoint: 38100 ns, Total: 601500 ns
[2020-10-24T06:48:55.896+0000][7][safepoint    ] Safepoint "Cleanup", Time since last: 1001196300 ns, Reaching safepoint: 241900 ns, At safepoint: 8800 ns, Total: 250700 ns
[2020-10-24T06:48:56.898+0000][7][safepoint    ] Safepoint "Cleanup", Time since last: 1000640300 ns, Reaching safepoint: 694000 ns, At safepoint: 123700 ns, Total: 817700 ns
[2020-10-24T06:48:57.900+0000][7][safepoint    ] Safepoint "Cleanup", Time since last: 1001208500 ns, Reaching safepoint: 792800 ns, At safepoint: 44500 ns, Total: 837300 ns
[2020-10-24T06:48:58.902+0000][7][safepoint    ] Safepoint "Cleanup", Time since last: 1001242100 ns, Reaching safepoint: 843300 ns, At safepoint: 45300 ns, Total: 888600 ns
[2020-10-24T06:48:59.903+0000][7][safepoint    ] Safepoint "Cleanup", Time since last: 1001225900 ns, Reaching safepoint: 262200 ns, At safepoint: 8900 ns, Total: 271100 ns
[2020-10-24T06:49:00.904+0000][7][safepoint    ] Safepoint "Cleanup", Time since last: 1000486100 ns, Reaching safepoint: 203600 ns, At safepoint: 10300 ns, Total: 213900 ns
[2020-10-24T06:49:01.905+0000][7][safepoint    ] Safepoint "Cleanup", Time since last: 1000623600 ns, Reaching safepoint: 591700 ns, At safepoint: 37600 ns, Total: 629300 ns
[2020-10-24T06:49:02.907+0000][7][safepoint    ] Safepoint "Cleanup", Time since last: 1001067300 ns, Reaching safepoint: 254000 ns, At safepoint: 8600 ns, Total: 262600 ns
[2020-10-24T06:49:03.907+0000][7][safepoint    ] Safepoint "Cleanup", Time since last: 1000493900 ns, Reaching safepoint: 243500 ns, At safepoint: 9000 ns, Total: 252500 ns
[2020-10-24T06:49:04.908+0000][7][safepoint    ] Safepoint "Cleanup", Time since last: 1000569300 ns, Reaching safepoint: 293200 ns, At safepoint: 14600 ns, Total: 307800 ns
[2020-10-24T06:49:05.909+0000][7][safepoint    ] Safepoint "Cleanup", Time since last: 1000644100 ns, Reaching safepoint: 215200 ns, At safepoint: 9100 ns, Total: 224300 ns
[2020-10-24T06:49:06.910+0000][7][safepoint    ] Safepoint "Cleanup", Time since last: 1000600600 ns, Reaching safepoint: 215100 ns, At safepoint: 9000 ns, Total: 224100 ns
[2020-10-24T06:49:07.911+0000][7][safepoint    ] Safepoint "Cleanup", Time since last: 1000607600 ns, Reaching safepoint: 787500 ns, At safepoint: 44000 ns, Total: 831500 ns
[2020-10-24T06:49:08.914+0000][7][safepoint    ] Safepoint "Cleanup", Time since last: 1001291000 ns, Reaching safepoint: 781200 ns, At safepoint: 136100 ns, Total: 917300 ns
[2020-10-24T06:49:09.916+0000][7][safepoint    ] Safepoint "Cleanup", Time since last: 1001321300 ns, Reaching safepoint: 679600 ns, At safepoint: 36300 ns, Total: 715900 ns
[2020-10-24T06:49:10.918+0000][7][safepoint    ] Safepoint "Cleanup", Time since last: 1001239500 ns, Reaching safepoint: 633300 ns, At safepoint: 50000 ns, Total: 683300 ns
[2020-10-24T06:49:11.919+0000][7][safepoint    ] Safepoint "Cleanup", Time since last: 1001068300 ns, Reaching safepoint: 219800 ns, At safepoint: 8600 ns, Total: 228400 ns
[2020-10-24T06:49:12.920+0000][7][safepoint    ] Safepoint "Cleanup", Time since last: 1000628300 ns, Reaching safepoint: 764700 ns, At safepoint: 45400 ns, Total: 810100 ns
[2020-10-24T06:49:13.923+0000][7][safepoint    ] Safepoint "Cleanup", Time since last: 1001297900 ns, Reaching safepoint: 768400 ns, At safepoint: 94600 ns, Total: 863000 ns
[2020-10-24T06:49:14.924+0000][7][safepoint    ] Safepoint "Cleanup", Time since last: 1001307300 ns, Reaching safepoint: 250300 ns, At safepoint: 11300 ns, Total: 261600 ns
[2020-10-24T06:49:15.926+0000][7][safepoint    ] Safepoint "Cleanup", Time since last: 1000682700 ns, Reaching safepoint: 860900 ns, At safepoint: 44400 ns, Total: 905300 ns
[2020-10-24T06:49:16.927+0000][7][safepoint    ] Safepoint "Cleanup", Time since last: 1001122300 ns, Reaching safepoint: 207300 ns, At safepoint: 11100 ns, Total: 218400 ns
[2020-10-24T06:49:17.928+0000][7][safepoint    ] Safepoint "Cleanup", Time since last: 1000479300 ns, Reaching safepoint: 246300 ns, At safepoint: 23600 ns, Total: 269900 ns
[2020-10-24T06:49:18.929+0000][7][safepoint    ] Safepoint "Cleanup", Time since last: 1000615700 ns, Reaching safepoint: 758100 ns, At safepoint: 111500 ns, Total: 869600 ns
[2020-10-24T06:49:19.931+0000][7][safepoint    ] Safepoint "Cleanup", Time since last: 1001189300 ns, Reaching safepoint: 229800 ns, At safepoint: 9300 ns, Total: 239100 ns
[2020-10-24T06:49:20.931+0000][7][safepoint    ] Safepoint "Cleanup", Time since last: 1000576900 ns, Reaching safepoint: 193900 ns, At safepoint: 10900 ns, Total: 204800 ns
[2020-10-24T06:49:21.907+0000][7][gc,start     ] GC(445) Pause Young (Concurrent Start) (G1 Evacuation Pause)
[2020-10-24T06:49:21.908+0000][7][gc,task      ] GC(445) Using 6 workers of 10 for evacuation
[2020-10-24T06:49:21.908+0000][7][gc,age       ] GC(445) Desired survivor size 3670016 bytes, new threshold 15 (max threshold 15)
[2020-10-24T06:49:21.911+0000][7][gc,age       ] GC(445) Age table with threshold 15 (max threshold 15)
[2020-10-24T06:49:21.912+0000][7][gc,age       ] GC(445) - age   1:     412856 bytes,     412856 total
[2020-10-24T06:49:21.912+0000][7][gc,age       ] GC(445) - age   2:     180488 bytes,     593344 total
[2020-10-24T06:49:21.912+0000][7][gc,age       ] GC(445) - age   3:      89296 bytes,     682640 total
[2020-10-24T06:49:21.912+0000][7][gc,age       ] GC(445) - age   4:     552168 bytes,    1234808 total
[2020-10-24T06:49:21.913+0000][7][gc,phases    ] GC(445)   Pre Evacuate Collection Set: 0.5ms
[2020-10-24T06:49:21.913+0000][7][gc,phases    ] GC(445)   Merge Heap Roots: 0.1ms
[2020-10-24T06:49:21.913+0000][7][gc,phases    ] GC(445)   Evacuate Collection Set: 1.5ms
[2020-10-24T06:49:21.913+0000][7][gc,phases    ] GC(445)   Post Evacuate Collection Set: 0.8ms
[2020-10-24T06:49:21.913+0000][7][gc,phases    ] GC(445)   Other: 2.3ms
[2020-10-24T06:49:21.914+0000][7][gc,heap      ] GC(445) Eden regions: 48->0(49)
[2020-10-24T06:49:21.914+0000][7][gc,heap      ] GC(445) Survivor regions: 2->2(7)
[2020-10-24T06:49:21.914+0000][7][gc,heap      ] GC(445) Old regions: 117->117
[2020-10-24T06:49:21.914+0000][7][gc,heap      ] GC(445) Archive regions: 2->2
[2020-10-24T06:49:21.914+0000][7][gc,heap      ] GC(445) Humongous regions: 15->15
[2020-10-24T06:49:21.914+0000][7][gc,metaspace ] GC(445) Metaspace: 110219K(119076K)->110219K(119076K) NonClass: 96297K(101592K)->96297K(101592K) Class: 13921K(17484K)->13921K(17484K)
[2020-10-24T06:49:21.915+0000][7][gc           ] GC(445) Pause Young (Concurrent Start) (G1 Evacuation Pause) 182M->133M(256M) 7.286ms
[2020-10-24T06:49:21.915+0000][7][gc,cpu       ] GC(445) User=0.01s Sys=0.00s Real=0.00s
[2020-10-24T06:49:21.915+0000][7][gc           ] GC(446) Concurrent Cycle
[2020-10-24T06:49:21.915+0000][7][safepoint    ] Safepoint "G1CollectForAllocation", Time since last: 975589800 ns, Reaching safepoint: 231000 ns, At safepoint: 7693200 ns, Total: 7924200 ns
[2020-10-24T06:49:21.915+0000][7][gc,marking   ] GC(446) Concurrent Clear Claimed Marks
[2020-10-24T06:49:21.916+0000][7][gc,marking   ] GC(446) Concurrent Clear Claimed Marks 0.628ms
[2020-10-24T06:49:21.916+0000][7][gc,marking   ] GC(446) Concurrent Scan Root Regions
[2020-10-24T06:49:21.917+0000][7][gc,marking   ] GC(446) Concurrent Scan Root Regions 0.735ms
[2020-10-24T06:49:21.917+0000][7][gc,marking   ] GC(446) Concurrent Mark (3919.283s)
[2020-10-24T06:49:21.917+0000][7][gc,marking   ] GC(446) Concurrent Mark From Roots
[2020-10-24T06:49:21.917+0000][7][gc,task      ] GC(446) Using 3 workers of 3 for marking
[2020-10-24T06:49:21.970+0000][7][gc,marking   ] GC(446) Concurrent Mark From Roots 53.391ms
[2020-10-24T06:49:21.971+0000][7][gc,marking   ] GC(446) Concurrent Preclean
[2020-10-24T06:49:21.972+0000][7][gc,marking   ] GC(446) Concurrent Preclean 0.896ms
[2020-10-24T06:49:21.972+0000][7][gc,marking   ] GC(446) Concurrent Mark (3919.283s, 3919.338s) 55.050ms
[2020-10-24T06:49:21.973+0000][7][gc,start     ] GC(446) Pause Remark
[2020-10-24T06:49:21.979+0000][7][gc           ] GC(446) Pause Remark 135M->135M(256M) 6.666ms
[2020-10-24T06:49:21.980+0000][7][gc,cpu       ] GC(446) User=0.03s Sys=0.00s Real=0.01s
[2020-10-24T06:49:21.980+0000][7][safepoint    ] Safepoint "G1Concurrent", Time since last: 57264000 ns, Reaching safepoint: 250500 ns, At safepoint: 7449500 ns, Total: 7700000 ns
[2020-10-24T06:49:21.980+0000][7][gc,marking   ] GC(446) Concurrent Rebuild Remembered Sets
[2020-10-24T06:49:22.013+0000][7][gc,marking   ] GC(446) Concurrent Rebuild Remembered Sets 32.245ms
[2020-10-24T06:49:22.015+0000][7][gc,start     ] GC(446) Pause Cleanup
[2020-10-24T06:49:22.016+0000][7][gc           ] GC(446) Pause Cleanup 135M->135M(256M) 0.535ms
[2020-10-24T06:49:22.016+0000][7][gc,cpu       ] GC(446) User=0.00s Sys=0.00s Real=0.00s
[2020-10-24T06:49:22.017+0000][7][safepoint    ] Safepoint "G1Concurrent", Time since last: 35261900 ns, Reaching safepoint: 212400 ns, At safepoint: 1184100 ns, Total: 1396500 ns
[2020-10-24T06:49:22.017+0000][7][gc,marking   ] GC(446) Concurrent Cleanup for Next Mark
[2020-10-24T06:49:22.018+0000][7][gc,marking   ] GC(446) Concurrent Cleanup for Next Mark 0.590ms
[2020-10-24T06:49:22.018+0000][7][gc           ] GC(446) Concurrent Cycle 102.772ms
[2020-10-24T06:49:22.728+0000][7][safepoint    ] Safepoint "BulkRevokeBias", Time since last: 710633000 ns, Reaching safepoint: 243200 ns, At safepoint: 897100 ns, Total: 1140300 ns
[2020-10-24T06:49:22.768+0000][7][gc,start     ] GC(447) Pause Young (Normal) (G1 Evacuation Pause)
[2020-10-24T06:49:22.768+0000][7][gc,task      ] GC(447) Using 6 workers of 10 for evacuation
[2020-10-24T06:49:22.768+0000][7][gc,age       ] GC(447) Desired survivor size 3670016 bytes, new threshold 15 (max threshold 15)
[2020-10-24T06:49:22.771+0000][7][gc,age       ] GC(447) Age table with threshold 15 (max threshold 15)
[2020-10-24T06:49:22.771+0000][7][gc,age       ] GC(447) - age   1:    1683352 bytes,    1683352 total
[2020-10-24T06:49:22.771+0000][7][gc,age       ] GC(447) - age   2:     401008 bytes,    2084360 total
[2020-10-24T06:49:22.772+0000][7][gc,age       ] GC(447) - age   3:     176872 bytes,    2261232 total
[2020-10-24T06:49:22.772+0000][7][gc,age       ] GC(447) - age   4:      86224 bytes,    2347456 total
[2020-10-24T06:49:22.772+0000][7][gc,age       ] GC(447) - age   5:     537600 bytes,    2885056 total
[2020-10-24T06:49:22.772+0000][7][gc,phases    ] GC(447)   Pre Evacuate Collection Set: 0.1ms
[2020-10-24T06:49:22.772+0000][7][gc,phases    ] GC(447)   Merge Heap Roots: 0.1ms
[2020-10-24T06:49:22.772+0000][7][gc,phases    ] GC(447)   Evacuate Collection Set: 1.5ms
[2020-10-24T06:49:22.773+0000][7][gc,phases    ] GC(447)   Post Evacuate Collection Set: 0.7ms
[2020-10-24T06:49:22.773+0000][7][gc,phases    ] GC(447)   Other: 1.9ms
[2020-10-24T06:49:22.773+0000][7][gc,heap      ] GC(447) Eden regions: 49->0(48)
[2020-10-24T06:49:22.773+0000][7][gc,heap      ] GC(447) Survivor regions: 2->3(7)
[2020-10-24T06:49:22.773+0000][7][gc,heap      ] GC(447) Old regions: 117->117
[2020-10-24T06:49:22.773+0000][7][gc,heap      ] GC(447) Archive regions: 2->2
[2020-10-24T06:49:22.773+0000][7][gc,heap      ] GC(447) Humongous regions: 15->15
[2020-10-24T06:49:22.774+0000][7][gc,metaspace ] GC(447) Metaspace: 110234K(119076K)->110234K(119076K) NonClass: 96312K(101592K)->96312K(101592K) Class: 13921K(17484K)->13921K(17484K)
[2020-10-24T06:49:22.774+0000][7][gc           ] GC(447) Pause Young (Normal) (G1 Evacuation Pause) 182M->135M(256M) 5.936ms
[2020-10-24T06:49:22.774+0000][7][gc,cpu       ] GC(447) User=0.01s Sys=0.00s Real=0.00s
[2020-10-24T06:49:22.774+0000][7][safepoint    ] Safepoint "G1CollectForAllocation", Time since last: 38996000 ns, Reaching safepoint: 267300 ns, At safepoint: 6344000 ns, Total: 6611300 ns
[2020-10-24T06:49:23.775+0000][7][safepoint    ] Safepoint "Cleanup", Time since last: 1000490400 ns, Reaching safepoint: 664600 ns, At safepoint: 36000 ns, Total: 700600 ns
[2020-10-24T06:49:24.778+0000][7][safepoint    ] Safepoint "Cleanup", Time since last: 1001504400 ns, Reaching safepoint: 793900 ns, At safepoint: 52900 ns, Total: 846800 ns
[2020-10-24T06:49:25.779+0000][7][safepoint    ] Safepoint "Cleanup", Time since last: 1001185000 ns, Reaching safepoint: 299800 ns, At safepoint: 15000 ns, Total: 314800 ns
[2020-10-24T06:49:26.780+0000][7][safepoint    ] Safepoint "Cleanup", Time since last: 1000573700 ns, Reaching safepoint: 209900 ns, At safepoint: 9200 ns, Total: 219100 ns
[2020-10-24T06:49:27.781+0000][7][safepoint    ] Safepoint "Cleanup", Time since last: 1000519900 ns, Reaching safepoint: 735900 ns, At safepoint: 46600 ns, Total: 782500 ns
[2020-10-24T06:49:28.783+0000][7][safepoint    ] Safepoint "Cleanup", Time since last: 1001250500 ns, Reaching safepoint: 820400 ns, At safepoint: 44200 ns, Total: 864600 ns
[2020-10-24T06:49:29.785+0000][7][safepoint    ] Safepoint "Cleanup", Time since last: 1001258500 ns, Reaching safepoint: 777500 ns, At safepoint: 45800 ns, Total: 823300 ns
[2020-10-24T06:49:30.787+0000][7][safepoint    ] Safepoint "Cleanup", Time since last: 1001182100 ns, Reaching safepoint: 244900 ns, At safepoint: 8700 ns, Total: 253600 ns
[2020-10-24T06:49:31.788+0000][7][safepoint    ] Safepoint "Cleanup", Time since last: 1000656100 ns, Reaching safepoint: 689000 ns, At safepoint: 52300 ns, Total: 741300 ns
[2020-10-24T06:49:32.790+0000][7][safepoint    ] Safepoint "Cleanup", Time since last: 1001188700 ns, Reaching safepoint: 267300 ns, At safepoint: 10600 ns, Total: 277900 ns
[2020-10-24T06:49:33.790+0000][7][safepoint    ] Safepoint "Cleanup", Time since last: 1000590800 ns, Reaching safepoint: 200600 ns, At safepoint: 9800 ns, Total: 210400 ns
[2020-10-24T06:49:34.791+0000][7][safepoint    ] Safepoint "Cleanup", Time since last: 1000587800 ns, Reaching safepoint: 219700 ns, At safepoint: 8700 ns, Total: 228400 ns
[2020-10-24T06:49:35.792+0000][7][safepoint    ] Safepoint "Cleanup", Time since last: 1000560400 ns, Reaching safepoint: 268000 ns, At safepoint: 14500 ns, Total: 282500 ns
[2020-10-24T06:49:36.794+0000][7][safepoint    ] Safepoint "Cleanup", Time since last: 1000669200 ns, Reaching safepoint: 807000 ns, At safepoint: 43700 ns, Total: 850700 ns
[2020-10-24T06:49:37.795+0000][7][safepoint    ] Safepoint "Cleanup", Time since last: 1001237700 ns, Reaching safepoint: 499300 ns, At safepoint: 31900 ns, Total: 531200 ns
[2020-10-24T06:49:38.797+0000][7][safepoint    ] Safepoint "Cleanup", Time since last: 1001019800 ns, Reaching safepoint: 782500 ns, At safepoint: 44600 ns, Total: 827100 ns
[2020-10-24T06:49:39.799+0000][7][safepoint    ] Safepoint "Cleanup", Time since last: 1001286100 ns, Reaching safepoint: 327800 ns, At safepoint: 17300 ns, Total: 345100 ns
[2020-10-24T06:49:40.800+0000][7][safepoint    ] Safepoint "Cleanup", Time since last: 1000675900 ns, Reaching safepoint: 274700 ns, At safepoint: 8400 ns, Total: 283100 ns
[2020-10-24T06:49:41.801+0000][7][safepoint    ] Safepoint "Cleanup", Time since last: 1000456900 ns, Reaching safepoint: 227700 ns, At safepoint: 10000 ns, Total: 237700 ns
[2020-10-24T06:49:42.801+0000][7][safepoint    ] Safepoint "Cleanup", Time since last: 1000480900 ns, Reaching safepoint: 248100 ns, At safepoint: 8800 ns, Total: 256900 ns
[2020-10-24T06:49:43.947+0000][7][safepoint    ] Safepoint "Cleanup", Time since last: 1145230400 ns, Reaching safepoint: 199400 ns, At safepoint: 36800 ns, Total: 236200 ns
[2020-10-24T06:49:44.947+0000][7][safepoint    ] Safepoint "Cleanup", Time since last: 1000512800 ns, Reaching safepoint: 239800 ns, At safepoint: 13100 ns, Total: 252900 ns
[2020-10-24T06:49:45.949+0000][7][safepoint    ] Safepoint "Cleanup", Time since last: 1000685400 ns, Reaching safepoint: 763500 ns, At safepoint: 47100 ns, Total: 810600 ns
[2020-10-24T06:49:46.863+0000][7][gc,start     ] GC(448) Pause Young (Concurrent Start) (G1 Evacuation Pause)
[2020-10-24T06:49:46.863+0000][7][gc,task      ] GC(448) Using 6 workers of 10 for evacuation
[2020-10-24T06:49:46.863+0000][7][gc,age       ] GC(448) Desired survivor size 3670016 bytes, new threshold 15 (max threshold 15)
[2020-10-24T06:49:46.867+0000][7][gc,age       ] GC(448) Age table with threshold 15 (max threshold 15)
[2020-10-24T06:49:46.867+0000][7][gc,age       ] GC(448) - age   1:     465896 bytes,     465896 total
[2020-10-24T06:49:46.868+0000][7][gc,age       ] GC(448) - age   2:     596248 bytes,    1062144 total
[2020-10-24T06:49:46.868+0000][7][gc,age       ] GC(448) - age   3:     370064 bytes,    1432208 total
[2020-10-24T06:49:46.868+0000][7][gc,age       ] GC(448) - age   4:     174896 bytes,    1607104 total
[2020-10-24T06:49:46.868+0000][7][gc,age       ] GC(448) - age   5:      56128 bytes,    1663232 total
[2020-10-24T06:49:46.869+0000][7][gc,age       ] GC(448) - age   6:     535912 bytes,    2199144 total
[2020-10-24T06:49:46.869+0000][7][gc,phases    ] GC(448)   Pre Evacuate Collection Set: 0.6ms
[2020-10-24T06:49:46.869+0000][7][gc,phases    ] GC(448)   Merge Heap Roots: 0.2ms
[2020-10-24T06:49:46.869+0000][7][gc,phases    ] GC(448)   Evacuate Collection Set: 1.7ms
[2020-10-24T06:49:46.869+0000][7][gc,phases    ] GC(448)   Post Evacuate Collection Set: 0.9ms
[2020-10-24T06:49:46.870+0000][7][gc,phases    ] GC(448)   Other: 2.8ms
[2020-10-24T06:49:46.870+0000][7][gc,heap      ] GC(448) Eden regions: 48->0(49)
[2020-10-24T06:49:46.870+0000][7][gc,heap      ] GC(448) Survivor regions: 3->3(7)
[2020-10-24T06:49:46.870+0000][7][gc,heap      ] GC(448) Old regions: 117->117
[2020-10-24T06:49:46.870+0000][7][gc,heap      ] GC(448) Archive regions: 2->2
[2020-10-24T06:49:46.871+0000][7][gc,heap      ] GC(448) Humongous regions: 15->15
[2020-10-24T06:49:46.871+0000][7][gc,metaspace ] GC(448) Metaspace: 110234K(119076K)->110234K(119076K) NonClass: 96312K(101592K)->96312K(101592K) Class: 13921K(17484K)->13921K(17484K)
[2020-10-24T06:49:46.871+0000][7][gc           ] GC(448) Pause Young (Concurrent Start) (G1 Evacuation Pause) 183M->134M(256M) 8.169ms
[2020-10-24T06:49:46.871+0000][7][gc,cpu       ] GC(448) User=0.01s Sys=0.00s Real=0.01s
[2020-10-24T06:49:46.871+0000][7][gc           ] GC(449) Concurrent Cycle
[2020-10-24T06:49:46.871+0000][7][gc,marking   ] GC(449) Concurrent Clear Claimed Marks
[2020-10-24T06:49:46.871+0000][7][safepoint    ] Safepoint "G1CollectForAllocation", Time since last: 913437900 ns, Reaching safepoint: 239500 ns, At safepoint: 8603200 ns, Total: 8842700 ns
[2020-10-24T06:49:46.872+0000][7][gc,marking   ] GC(449) Concurrent Clear Claimed Marks 0.580ms
[2020-10-24T06:49:46.872+0000][7][gc,marking   ] GC(449) Concurrent Scan Root Regions
[2020-10-24T06:49:46.873+0000][7][gc,marking   ] GC(449) Concurrent Scan Root Regions 1.049ms
[2020-10-24T06:49:46.873+0000][7][gc,marking   ] GC(449) Concurrent Mark (3944.240s)
[2020-10-24T06:49:46.874+0000][7][gc,marking   ] GC(449) Concurrent Mark From Roots
[2020-10-24T06:49:46.874+0000][7][gc,task      ] GC(449) Using 3 workers of 3 for marking
[2020-10-24T06:49:46.929+0000][7][gc,marking   ] GC(449) Concurrent Mark From Roots 55.642ms
[2020-10-24T06:49:46.930+0000][7][gc,marking   ] GC(449) Concurrent Preclean
[2020-10-24T06:49:46.930+0000][7][gc,marking   ] GC(449) Concurrent Preclean 0.692ms
[2020-10-24T06:49:46.931+0000][7][gc,marking   ] GC(449) Concurrent Mark (3944.240s, 3944.297s) 57.098ms
[2020-10-24T06:49:46.931+0000][7][gc,start     ] GC(449) Pause Remark
[2020-10-24T06:49:46.938+0000][7][gc           ] GC(449) Pause Remark 135M->135M(256M) 6.885ms
[2020-10-24T06:49:46.938+0000][7][gc,cpu       ] GC(449) User=0.03s Sys=0.00s Real=0.01s
[2020-10-24T06:49:46.939+0000][7][safepoint    ] Safepoint "G1Concurrent", Time since last: 59650100 ns, Reaching safepoint: 222500 ns, At safepoint: 7533700 ns, Total: 7756200 ns
[2020-10-24T06:49:46.939+0000][7][gc,marking   ] GC(449) Concurrent Rebuild Remembered Sets
[2020-10-24T06:49:46.977+0000][7][gc,marking   ] GC(449) Concurrent Rebuild Remembered Sets 38.100ms
[2020-10-24T06:49:46.978+0000][7][gc,start     ] GC(449) Pause Cleanup
[2020-10-24T06:49:46.978+0000][7][gc           ] GC(449) Pause Cleanup 137M->137M(256M) 0.539ms
[2020-10-24T06:49:46.979+0000][7][gc,cpu       ] GC(449) User=0.00s Sys=0.00s Real=0.00s
[2020-10-24T06:49:46.979+0000][7][safepoint    ] Safepoint "G1Concurrent", Time since last: 38893500 ns, Reaching safepoint: 213200 ns, At safepoint: 1179000 ns, Total: 1392200 ns
[2020-10-24T06:49:46.979+0000][7][gc,marking   ] GC(449) Concurrent Cleanup for Next Mark
[2020-10-24T06:49:46.980+0000][7][gc,marking   ] GC(449) Concurrent Cleanup for Next Mark 0.642ms
[2020-10-24T06:49:46.980+0000][7][gc           ] GC(449) Concurrent Cycle 108.961ms
[2020-10-24T06:49:47.895+0000][7][safepoint    ] Safepoint "BulkRevokeBias", Time since last: 914333800 ns, Reaching safepoint: 206900 ns, At safepoint: 1091000 ns, Total: 1297900 ns
[2020-10-24T06:49:48.895+0000][7][safepoint    ] Safepoint "Cleanup", Time since last: 1000563900 ns, Reaching safepoint: 252100 ns, At safepoint: 8900 ns, Total: 261000 ns
[2020-10-24T06:49:49.897+0000][7][safepoint    ] Safepoint "Cleanup", Time since last: 1000632100 ns, Reaching safepoint: 822100 ns, At safepoint: 45000 ns, Total: 867100 ns
[2020-10-24T06:49:50.898+0000][7][safepoint    ] Safepoint "Cleanup", Time since last: 1001112200 ns, Reaching safepoint: 251300 ns, At safepoint: 9000 ns, Total: 260300 ns
[2020-10-24T06:49:51.899+0000][7][safepoint    ] Safepoint "Cleanup", Time since last: 1000636400 ns, Reaching safepoint: 194500 ns, At safepoint: 9500 ns, Total: 204000 ns
[2020-10-24T06:49:52.901+0000][7][safepoint    ] Safepoint "Cleanup", Time since last: 1000599300 ns, Reaching safepoint: 812500 ns, At safepoint: 46300 ns, Total: 858800 ns
[2020-10-24T06:49:53.923+0000][7][safepoint    ] Safepoint "Cleanup", Time since last: 1021991000 ns, Reaching safepoint: 220900 ns, At safepoint: 25200 ns, Total: 246100 ns
[2020-10-24T06:49:54.960+0000][7][safepoint    ] Safepoint "Cleanup", Time since last: 1037153400 ns, Reaching safepoint: 245600 ns, At safepoint: 36100 ns, Total: 281700 ns
[2020-10-24T06:49:55.962+0000][7][safepoint    ] Safepoint "Cleanup", Time since last: 1001299600 ns, Reaching safepoint: 760200 ns, At safepoint: 46300 ns, Total: 806500 ns
[2020-10-24T06:49:56.951+0000][7][gc,start     ] GC(450) Pause Young (Normal) (G1 Evacuation Pause)
[2020-10-24T06:49:56.952+0000][7][gc,task      ] GC(450) Using 6 workers of 10 for evacuation
[2020-10-24T06:49:56.953+0000][7][gc,age       ] GC(450) Desired survivor size 3670016 bytes, new threshold 15 (max threshold 15)
[2020-10-24T06:49:56.964+0000][7][gc,age       ] GC(450) Age table with threshold 15 (max threshold 15)
[2020-10-24T06:49:56.965+0000][7][gc,age       ] GC(450) - age   1:     277296 bytes,     277296 total
[2020-10-24T06:49:56.966+0000][7][gc,age       ] GC(450) - age   2:     411312 bytes,     688608 total
[2020-10-24T06:49:56.967+0000][7][gc,age       ] GC(450) - age   3:     593872 bytes,    1282480 total
[2020-10-24T06:49:56.968+0000][7][gc,age       ] GC(450) - age   4:      49688 bytes,    1332168 total
[2020-10-24T06:49:56.969+0000][7][gc,age       ] GC(450) - age   5:      17664 bytes,    1349832 total
[2020-10-24T06:49:56.970+0000][7][gc,age       ] GC(450) - age   6:      55808 bytes,    1405640 total
[2020-10-24T06:49:56.971+0000][7][gc,age       ] GC(450) - age   7:     527648 bytes,    1933288 total
[2020-10-24T06:49:56.972+0000][7][gc,phases    ] GC(450)   Pre Evacuate Collection Set: 0.6ms
[2020-10-24T06:49:56.973+0000][7][gc,phases    ] GC(450)   Merge Heap Roots: 0.5ms
[2020-10-24T06:49:56.974+0000][7][gc,phases    ] GC(450)   Evacuate Collection Set: 5.2ms
[2020-10-24T06:49:56.975+0000][7][gc,phases    ] GC(450)   Post Evacuate Collection Set: 3.5ms
[2020-10-24T06:49:56.976+0000][7][gc,phases    ] GC(450)   Other: 11.1ms
[2020-10-24T06:49:56.977+0000][7][gc,heap      ] GC(450) Eden regions: 49->0(51)
[2020-10-24T06:49:56.978+0000][7][gc,heap      ] GC(450) Survivor regions: 3->2(7)
[2020-10-24T06:49:56.979+0000][7][gc,heap      ] GC(450) Old regions: 117->117
[2020-10-24T06:49:56.980+0000][7][gc,heap      ] GC(450) Archive regions: 2->2
[2020-10-24T06:49:56.981+0000][7][gc,heap      ] GC(450) Humongous regions: 15->15
[2020-10-24T06:49:56.982+0000][7][gc,metaspace ] GC(450) Metaspace: 110238K(119076K)->110238K(119076K) NonClass: 96317K(101592K)->96317K(101592K) Class: 13921K(17484K)->13921K(17484K)
[2020-10-24T06:49:56.983+0000][7][gc           ] GC(450) Pause Young (Normal) (G1 Evacuation Pause) 183M->134M(256M) 31.491ms
[2020-10-24T06:49:56.984+0000][7][gc,cpu       ] GC(450) User=0.05s Sys=0.00s Real=0.03s
[2020-10-24T06:49:56.985+0000][7][safepoint    ] Safepoint "G1CollectForAllocation", Time since last: 987718000 ns, Reaching safepoint: 839100 ns, At safepoint: 33673200 ns, Total: 34512300 ns
[2020-10-24T06:49:57.987+0000][7][safepoint    ] Safepoint "Cleanup", Time since last: 1001431000 ns, Reaching safepoint: 1005800 ns, At safepoint: 46500 ns, Total: 1052300 ns
[2020-10-24T06:49:58.989+0000][7][safepoint    ] Safepoint "Cleanup", Time since last: 1001315000 ns, Reaching safepoint: 345900 ns, At safepoint: 16700 ns, Total: 362600 ns
[2020-10-24T06:49:59.990+0000][7][safepoint    ] Safepoint "Cleanup", Time since last: 1000582200 ns, Reaching safepoint: 268000 ns, At safepoint: 8800 ns, Total: 276800 ns
[2020-10-24T06:50:00.991+0000][7][safepoint    ] Safepoint "Cleanup", Time since last: 1000722700 ns, Reaching safepoint: 780700 ns, At safepoint: 46700 ns, Total: 827400 ns
[2020-10-24T06:50:01.993+0000][7][safepoint    ] Safepoint "Cleanup", Time since last: 1001243300 ns, Reaching safepoint: 654400 ns, At safepoint: 106000 ns, Total: 760400 ns
[2020-10-24T06:50:02.995+0000][7][safepoint    ] Safepoint "Cleanup", Time since last: 1001188400 ns, Reaching safepoint: 228800 ns, At safepoint: 10800 ns, Total: 239600 ns
[2020-10-24T06:50:03.996+0000][7][safepoint    ] Safepoint "Cleanup", Time since last: 1000617700 ns, Reaching safepoint: 274800 ns, At safepoint: 8900 ns, Total: 283700 ns
[2020-10-24T06:50:04.996+0000][7][safepoint    ] Safepoint "Cleanup", Time since last: 1000468200 ns, Reaching safepoint: 264600 ns, At safepoint: 9000 ns, Total: 273600 ns
[2020-10-24T06:50:05.998+0000][7][safepoint    ] Safepoint "Cleanup", Time since last: 1000642200 ns, Reaching safepoint: 653900 ns, At safepoint: 46400 ns, Total: 700300 ns
[2020-10-24T06:50:06.999+0000][7][safepoint    ] Safepoint "Cleanup", Time since last: 1001242600 ns, Reaching safepoint: 239200 ns, At safepoint: 9200 ns, Total: 248400 ns
[2020-10-24T06:50:08.000+0000][7][safepoint    ] Safepoint "Cleanup", Time since last: 1000491000 ns, Reaching safepoint: 338900 ns, At safepoint: 8700 ns, Total: 347600 ns
[2020-10-24T06:50:09.001+0000][7][safepoint    ] Safepoint "Cleanup", Time since last: 1000634800 ns, Reaching safepoint: 834200 ns, At safepoint: 45000 ns, Total: 879200 ns
[2020-10-24T06:50:10.004+0000][7][safepoint    ] Safepoint "Cleanup", Time since last: 1001258200 ns, Reaching safepoint: 799300 ns, At safepoint: 46100 ns, Total: 845400 ns
[2020-10-24T06:50:11.005+0000][7][safepoint    ] Safepoint "Cleanup", Time since last: 1001244900 ns, Reaching safepoint: 645100 ns, At safepoint: 46900 ns, Total: 692000 ns
[2020-10-24T06:50:12.008+0000][7][safepoint    ] Safepoint "Cleanup", Time since last: 1001340900 ns, Reaching safepoint: 964000 ns, At safepoint: 115800 ns, Total: 1079800 ns
[2020-10-24T06:50:13.009+0000][7][safepoint    ] Safepoint "Cleanup", Time since last: 1001168200 ns, Reaching safepoint: 235900 ns, At safepoint: 11100 ns, Total: 247000 ns
[2020-10-24T06:50:14.011+0000][7][safepoint    ] Safepoint "Cleanup", Time since last: 1000600900 ns, Reaching safepoint: 810300 ns, At safepoint: 45600 ns, Total: 855900 ns
[2020-10-24T06:50:15.012+0000][7][safepoint    ] Safepoint "Cleanup", Time since last: 1001286500 ns, Reaching safepoint: 258600 ns, At safepoint: 9100 ns, Total: 267700 ns
[2020-10-24T06:50:16.014+0000][7][safepoint    ] Safepoint "Cleanup", Time since last: 1000575100 ns, Reaching safepoint: 862500 ns, At safepoint: 46600 ns, Total: 909100 ns
[2020-10-24T06:50:17.016+0000][7][safepoint    ] Safepoint "Cleanup", Time since last: 1001329500 ns, Reaching safepoint: 815900 ns, At safepoint: 95800 ns, Total: 911700 ns
[2020-10-24T06:50:18.017+0000][7][safepoint    ] Safepoint "Cleanup", Time since last: 1001149900 ns, Reaching safepoint: 264000 ns, At safepoint: 9700 ns, Total: 273700 ns
[2020-10-24T06:50:19.019+0000][7][safepoint    ] Safepoint "Cleanup", Time since last: 1000587000 ns, Reaching safepoint: 853700 ns, At safepoint: 45300 ns, Total: 899000 ns
[2020-10-24T06:50:20.021+0000][7][safepoint    ] Safepoint "Cleanup", Time since last: 1001389700 ns, Reaching safepoint: 844600 ns, At safepoint: 45300 ns, Total: 889900 ns
[2020-10-24T06:50:21.023+0000][7][safepoint    ] Safepoint "Cleanup", Time since last: 1001289300 ns, Reaching safepoint: 273600 ns, At safepoint: 9200 ns, Total: 282800 ns
[2020-10-24T06:50:22.024+0000][7][safepoint    ] Safepoint "Cleanup", Time since last: 1000694500 ns, Reaching safepoint: 776100 ns, At safepoint: 45400 ns, Total: 821500 ns
[2020-10-24T06:50:22.764+0000][7][safepoint    ] Safepoint "BulkRevokeBias", Time since last: 734041100 ns, Reaching safepoint: 742200 ns, At safepoint: 4638100 ns, Total: 5380300 ns
[2020-10-24T06:50:22.813+0000][7][gc,start     ] GC(451) Pause Young (Concurrent Start) (G1 Evacuation Pause)
[2020-10-24T06:50:22.813+0000][7][gc,task      ] GC(451) Using 6 workers of 10 for evacuation
[2020-10-24T06:50:22.813+0000][7][gc,age       ] GC(451) Desired survivor size 3670016 bytes, new threshold 15 (max threshold 15)
[2020-10-24T06:50:22.818+0000][7][gc,age       ] GC(451) Age table with threshold 15 (max threshold 15)
[2020-10-24T06:50:22.818+0000][7][gc,age       ] GC(451) - age   1:    4487280 bytes,    4487280 total
[2020-10-24T06:50:22.818+0000][7][gc,age       ] GC(451) - age   2:     241200 bytes,    4728480 total
[2020-10-24T06:50:22.819+0000][7][gc,age       ] GC(451) - age   3:     377848 bytes,    5106328 total
[2020-10-24T06:50:22.819+0000][7][gc,age       ] GC(451) - age   4:     581792 bytes,    5688120 total
[2020-10-24T06:50:22.819+0000][7][gc,age       ] GC(451) - age   5:      40608 bytes,    5728728 total
[2020-10-24T06:50:22.820+0000][7][gc,age       ] GC(451) - age   6:      17480 bytes,    5746208 total
[2020-10-24T06:50:22.820+0000][7][gc,age       ] GC(451) - age   7:      55752 bytes,    5801960 total
[2020-10-24T06:50:22.820+0000][7][gc,age       ] GC(451) - age   8:     527104 bytes,    6329064 total
[2020-10-24T06:50:22.821+0000][7][gc,phases    ] GC(451)   Pre Evacuate Collection Set: 0.6ms
[2020-10-24T06:50:22.821+0000][7][gc,phases    ] GC(451)   Merge Heap Roots: 0.1ms
[2020-10-24T06:50:22.821+0000][7][gc,phases    ] GC(451)   Evacuate Collection Set: 2.3ms
[2020-10-24T06:50:22.821+0000][7][gc,phases    ] GC(451)   Post Evacuate Collection Set: 1.0ms
[2020-10-24T06:50:22.822+0000][7][gc,phases    ] GC(451)   Other: 3.9ms
[2020-10-24T06:50:22.822+0000][7][gc,heap      ] GC(451) Eden regions: 51->0(44)
[2020-10-24T06:50:22.822+0000][7][gc,heap      ] GC(451) Survivor regions: 2->7(7)
[2020-10-24T06:50:22.822+0000][7][gc,heap      ] GC(451) Old regions: 117->117
[2020-10-24T06:50:22.823+0000][7][gc,heap      ] GC(451) Archive regions: 2->2
[2020-10-24T06:50:22.823+0000][7][gc,heap      ] GC(451) Humongous regions: 15->15
[2020-10-24T06:50:22.823+0000][7][gc,metaspace ] GC(451) Metaspace: 110239K(119076K)->110239K(119076K) NonClass: 96317K(101592K)->96317K(101592K) Class: 13921K(17484K)->13921K(17484K)
[2020-10-24T06:50:22.823+0000][7][gc           ] GC(451) Pause Young (Concurrent Start) (G1 Evacuation Pause) 185M->138M(256M) 10.498ms
[2020-10-24T06:50:22.823+0000][7][gc,cpu       ] GC(451) User=0.02s Sys=0.01s Real=0.01s
[2020-10-24T06:50:22.824+0000][7][gc           ] GC(452) Concurrent Cycle
[2020-10-24T06:50:22.824+0000][7][safepoint    ] Safepoint "G1CollectForAllocation", Time since last: 48621500 ns, Reaching safepoint: 295200 ns, At safepoint: 11060000 ns, Total: 11355200 ns
[2020-10-24T06:50:22.824+0000][7][gc,marking   ] GC(452) Concurrent Clear Claimed Marks
[2020-10-24T06:50:22.825+0000][7][gc,marking   ] GC(452) Concurrent Clear Claimed Marks 1.075ms
[2020-10-24T06:50:22.825+0000][7][gc,marking   ] GC(452) Concurrent Scan Root Regions
[2020-10-24T06:50:22.826+0000][7][gc,marking   ] GC(452) Concurrent Scan Root Regions 1.119ms
[2020-10-24T06:50:22.827+0000][7][gc,marking   ] GC(452) Concurrent Mark (3980.193s)
[2020-10-24T06:50:22.827+0000][7][gc,marking   ] GC(452) Concurrent Mark From Roots
[2020-10-24T06:50:22.827+0000][7][gc,task      ] GC(452) Using 3 workers of 3 for marking
[2020-10-24T06:50:22.863+0000][7][gc,start     ] GC(453) Pause Young (Normal) (G1 Evacuation Pause)
[2020-10-24T06:50:22.863+0000][7][gc,task      ] GC(453) Using 6 workers of 10 for evacuation
[2020-10-24T06:50:22.863+0000][7][gc,age       ] GC(453) Desired survivor size 3670016 bytes, new threshold 1 (max threshold 15)
[2020-10-24T06:50:22.867+0000][7][gc,age       ] GC(453) Age table with threshold 1 (max threshold 15)
[2020-10-24T06:50:22.867+0000][7][gc,age       ] GC(453) - age   1:    1078816 bytes,    1078816 total
[2020-10-24T06:50:22.868+0000][7][gc,phases    ] GC(453)   Pre Evacuate Collection Set: 0.1ms
[2020-10-24T06:50:22.868+0000][7][gc,phases    ] GC(453)   Merge Heap Roots: 0.1ms
[2020-10-24T06:50:22.868+0000][7][gc,phases    ] GC(453)   Evacuate Collection Set: 1.8ms
[2020-10-24T06:50:22.868+0000][7][gc,phases    ] GC(453)   Post Evacuate Collection Set: 1.1ms
[2020-10-24T06:50:22.869+0000][7][gc,phases    ] GC(453)   Other: 1.7ms
[2020-10-24T06:50:22.869+0000][7][gc,heap      ] GC(453) Eden regions: 44->0(46)
[2020-10-24T06:50:22.869+0000][7][gc,heap      ] GC(453) Survivor regions: 7->2(7)
[2020-10-24T06:50:22.869+0000][7][gc,heap      ] GC(453) Old regions: 117->120
[2020-10-24T06:50:22.870+0000][7][gc,heap      ] GC(453) Archive regions: 2->2
[2020-10-24T06:50:22.870+0000][7][gc,heap      ] GC(453) Humongous regions: 15->15
[2020-10-24T06:50:22.870+0000][7][gc,metaspace ] GC(453) Metaspace: 110239K(119076K)->110239K(119076K) NonClass: 96317K(101592K)->96317K(101592K) Class: 13921K(17484K)->13921K(17484K)
[2020-10-24T06:50:22.870+0000][7][gc           ] GC(453) Pause Young (Normal) (G1 Evacuation Pause) 182M->136M(256M) 7.239ms
[2020-10-24T06:50:22.870+0000][7][gc,cpu       ] GC(453) User=0.01s Sys=0.01s Real=0.01s
[2020-10-24T06:50:22.870+0000][7][safepoint    ] Safepoint "G1CollectForAllocation", Time since last: 38734300 ns, Reaching safepoint: 304900 ns, At safepoint: 7656500 ns, Total: 7961400 ns
[2020-10-24T06:50:22.888+0000][7][gc,marking   ] GC(452) Concurrent Mark From Roots 61.115ms
[2020-10-24T06:50:22.888+0000][7][gc,marking   ] GC(452) Concurrent Preclean
[2020-10-24T06:50:22.889+0000][7][gc,marking   ] GC(452) Concurrent Preclean 0.704ms
[2020-10-24T06:50:22.889+0000][7][gc,marking   ] GC(452) Concurrent Mark (3980.193s, 3980.256s) 62.624ms
[2020-10-24T06:50:22.890+0000][7][gc,start     ] GC(452) Pause Remark
[2020-10-24T06:50:22.896+0000][7][gc           ] GC(452) Pause Remark 144M->144M(256M) 6.707ms
[2020-10-24T06:50:22.897+0000][7][gc,cpu       ] GC(452) User=0.03s Sys=0.00s Real=0.00s
[2020-10-24T06:50:22.897+0000][7][safepoint    ] Safepoint "G1Concurrent", Time since last: 19079400 ns, Reaching safepoint: 207800 ns, At safepoint: 7414300 ns, Total: 7622100 ns
[2020-10-24T06:50:22.897+0000][7][gc,marking   ] GC(452) Concurrent Rebuild Remembered Sets
[2020-10-24T06:50:22.936+0000][7][gc,marking   ] GC(452) Concurrent Rebuild Remembered Sets 38.336ms
[2020-10-24T06:50:22.936+0000][7][gc,start     ] GC(452) Pause Cleanup
[2020-10-24T06:50:22.937+0000][7][gc           ] GC(452) Pause Cleanup 144M->144M(256M) 0.548ms
[2020-10-24T06:50:22.937+0000][7][gc,cpu       ] GC(452) User=0.00s Sys=0.00s Real=0.00s
[2020-10-24T06:50:22.937+0000][7][safepoint    ] Safepoint "G1Concurrent", Time since last: 39079100 ns, Reaching safepoint: 197700 ns, At safepoint: 1064000 ns, Total: 1261700 ns
[2020-10-24T06:50:22.938+0000][7][gc,marking   ] GC(452) Concurrent Cleanup for Next Mark
[2020-10-24T06:50:22.938+0000][7][gc,marking   ] GC(452) Concurrent Cleanup for Next Mark 0.620ms
[2020-10-24T06:50:22.939+0000][7][gc           ] GC(452) Concurrent Cycle 115.029ms
[2020-10-24T06:50:24.898+0000][7][safepoint    ] Safepoint "Cleanup", Time since last: 1959788200 ns, Reaching safepoint: 662400 ns, At safepoint: 36800 ns, Total: 699200 ns
[2020-10-24T06:50:25.899+0000][7][safepoint    ] Safepoint "Cleanup", Time since last: 1001227700 ns, Reaching safepoint: 263700 ns, At safepoint: 11600 ns, Total: 275300 ns
[2020-10-24T06:50:26.900+0000][7][safepoint    ] Safepoint "Cleanup", Time since last: 1000628700 ns, Reaching safepoint: 211200 ns, At safepoint: 10900 ns, Total: 222100 ns
[2020-10-24T06:50:27.902+0000][7][safepoint    ] Safepoint "Cleanup", Time since last: 1000755300 ns, Reaching safepoint: 773600 ns, At safepoint: 43500 ns, Total: 817100 ns
[2020-10-24T06:50:28.903+0000][7][safepoint    ] Safepoint "Cleanup", Time since last: 1001290900 ns, Reaching safepoint: 224100 ns, At safepoint: 9700 ns, Total: 233800 ns
[2020-10-24T06:50:29.904+0000][7][safepoint    ] Safepoint "Cleanup", Time since last: 1000485600 ns, Reaching safepoint: 235600 ns, At safepoint: 8500 ns, Total: 244100 ns
[2020-10-24T06:50:30.905+0000][7][safepoint    ] Safepoint "Cleanup", Time since last: 1000579900 ns, Reaching safepoint: 226400 ns, At safepoint: 9000 ns, Total: 235400 ns
[2020-10-24T06:50:31.906+0000][7][safepoint    ] Safepoint "Cleanup", Time since last: 1000587300 ns, Reaching safepoint: 844200 ns, At safepoint: 44200 ns, Total: 888400 ns
[2020-10-24T06:50:32.909+0000][7][safepoint    ] Safepoint "Cleanup", Time since last: 1001416900 ns, Reaching safepoint: 826400 ns, At safepoint: 124300 ns, Total: 950700 ns
[2020-10-24T06:50:33.910+0000][7][safepoint    ] Safepoint "Cleanup", Time since last: 1001081100 ns, Reaching safepoint: 266000 ns, At safepoint: 8800 ns, Total: 274800 ns
[2020-10-24T06:50:35.100+0000][7][safepoint    ] Safepoint "Cleanup", Time since last: 1188521600 ns, Reaching safepoint: 879200 ns, At safepoint: 45700 ns, Total: 924900 ns
[2020-10-24T06:50:36.101+0000][7][safepoint    ] Safepoint "Cleanup", Time since last: 1001233200 ns, Reaching safepoint: 272700 ns, At safepoint: 8200 ns, Total: 280900 ns
[2020-10-24T06:50:37.070+0000][7][gc,start     ] GC(454) Pause Young (Normal) (G1 Evacuation Pause)
[2020-10-24T06:50:37.071+0000][7][gc,task      ] GC(454) Using 6 workers of 10 for evacuation
[2020-10-24T06:50:37.072+0000][7][gc,age       ] GC(454) Desired survivor size 3145728 bytes, new threshold 15 (max threshold 15)
[2020-10-24T06:50:37.082+0000][7][gc,age       ] GC(454) Age table with threshold 15 (max threshold 15)
[2020-10-24T06:50:37.083+0000][7][gc,age       ] GC(454) - age   1:     606192 bytes,     606192 total
[2020-10-24T06:50:37.084+0000][7][gc,age       ] GC(454) - age   2:      57808 bytes,     664000 total
[2020-10-24T06:50:37.085+0000][7][gc,phases    ] GC(454)   Pre Evacuate Collection Set: 0.5ms
[2020-10-24T06:50:37.086+0000][7][gc,phases    ] GC(454)   Merge Heap Roots: 0.5ms
[2020-10-24T06:50:37.087+0000][7][gc,phases    ] GC(454)   Evacuate Collection Set: 4.1ms
[2020-10-24T06:50:37.088+0000][7][gc,phases    ] GC(454)   Post Evacuate Collection Set: 3.5ms
[2020-10-24T06:50:37.089+0000][7][gc,phases    ] GC(454)   Other: 6.2ms
[2020-10-24T06:50:37.090+0000][7][gc,heap      ] GC(454) Eden regions: 46->0(48)
[2020-10-24T06:50:37.091+0000][7][gc,heap      ] GC(454) Survivor regions: 2->1(6)
[2020-10-24T06:50:37.091+0000][7][gc,heap      ] GC(454) Old regions: 120->120
[2020-10-24T06:50:37.092+0000][7][gc,heap      ] GC(454) Archive regions: 2->2
[2020-10-24T06:50:37.093+0000][7][gc,heap      ] GC(454) Humongous regions: 15->15
[2020-10-24T06:50:37.094+0000][7][gc,metaspace ] GC(454) Metaspace: 110242K(119076K)->110242K(119076K) NonClass: 96320K(101592K)->96320K(101592K) Class: 13921K(17484K)->13921K(17484K)
[2020-10-24T06:50:37.095+0000][7][gc           ] GC(454) Pause Young (Normal) (G1 Evacuation Pause) 182M->136M(256M) 24.794ms
[2020-10-24T06:50:37.096+0000][7][gc,cpu       ] GC(454) User=0.03s Sys=0.00s Real=0.02s
[2020-10-24T06:50:37.097+0000][7][safepoint    ] Safepoint "G1CollectForAllocation", Time since last: 968039200 ns, Reaching safepoint: 957400 ns, At safepoint: 27079500 ns, Total: 28036900 ns
[2020-10-24T06:50:38.100+0000][7][safepoint    ] Safepoint "Cleanup", Time since last: 1001109600 ns, Reaching safepoint: 1110800 ns, At safepoint: 188600 ns, Total: 1299400 ns
[2020-10-24T06:50:39.175+0000][7][safepoint    ] Safepoint "Cleanup", Time since last: 1074287000 ns, Reaching safepoint: 363400 ns, At safepoint: 985100 ns, Total: 1348500 ns
[2020-10-24T06:50:39.219+0000][7][safepoint    ] Safepoint "BulkRevokeBias", Time since last: 41565900 ns, Reaching safepoint: 345000 ns, At safepoint: 1458700 ns, Total: 1803700 ns
[2020-10-24T06:50:39.393+0000][7][gc,start     ] GC(455) Pause Young (Concurrent Start) (G1 Evacuation Pause)
[2020-10-24T06:50:39.394+0000][7][gc,task      ] GC(455) Using 6 workers of 10 for evacuation
[2020-10-24T06:50:39.394+0000][7][gc,age       ] GC(455) Desired survivor size 3670016 bytes, new threshold 15 (max threshold 15)
[2020-10-24T06:50:39.397+0000][7][gc,age       ] GC(455) Age table with threshold 15 (max threshold 15)
[2020-10-24T06:50:39.397+0000][7][gc,age       ] GC(455) - age   1:     784896 bytes,     784896 total
[2020-10-24T06:50:39.397+0000][7][gc,age       ] GC(455) - age   2:     595160 bytes,    1380056 total
[2020-10-24T06:50:39.398+0000][7][gc,age       ] GC(455) - age   3:      57808 bytes,    1437864 total
[2020-10-24T06:50:39.398+0000][7][gc,phases    ] GC(455)   Pre Evacuate Collection Set: 0.5ms
[2020-10-24T06:50:39.398+0000][7][gc,phases    ] GC(455)   Merge Heap Roots: 0.1ms
[2020-10-24T06:50:39.399+0000][7][gc,phases    ] GC(455)   Evacuate Collection Set: 1.5ms
[2020-10-24T06:50:39.399+0000][7][gc,phases    ] GC(455)   Post Evacuate Collection Set: 0.7ms
[2020-10-24T06:50:39.399+0000][7][gc,phases    ] GC(455)   Other: 1.9ms
[2020-10-24T06:50:39.399+0000][7][gc,heap      ] GC(455) Eden regions: 48->0(48)
[2020-10-24T06:50:39.399+0000][7][gc,heap      ] GC(455) Survivor regions: 1->2(7)
[2020-10-24T06:50:39.400+0000][7][gc,heap      ] GC(455) Old regions: 120->120
[2020-10-24T06:50:39.400+0000][7][gc,heap      ] GC(455) Archive regions: 2->2
[2020-10-24T06:50:39.400+0000][7][gc,heap      ] GC(455) Humongous regions: 15->15
[2020-10-24T06:50:39.400+0000][7][gc,metaspace ] GC(455) Metaspace: 110259K(119076K)->110259K(119076K) NonClass: 96336K(101592K)->96336K(101592K) Class: 13922K(17484K)->13922K(17484K)
[2020-10-24T06:50:39.400+0000][7][gc           ] GC(455) Pause Young (Concurrent Start) (G1 Evacuation Pause) 184M->136M(256M) 6.906ms
[2020-10-24T06:50:39.400+0000][7][gc,cpu       ] GC(455) User=0.01s Sys=0.00s Real=0.01s
[2020-10-24T06:50:39.401+0000][7][gc           ] GC(456) Concurrent Cycle
[2020-10-24T06:50:39.401+0000][7][gc,marking   ] GC(456) Concurrent Clear Claimed Marks
[2020-10-24T06:50:39.401+0000][7][safepoint    ] Safepoint "G1CollectForAllocation", Time since last: 174419500 ns, Reaching safepoint: 218700 ns, At safepoint: 7315000 ns, Total: 7533700 ns
[2020-10-24T06:50:39.401+0000][7][gc,marking   ] GC(456) Concurrent Clear Claimed Marks 0.597ms
[2020-10-24T06:50:39.401+0000][7][gc,marking   ] GC(456) Concurrent Scan Root Regions
[2020-10-24T06:50:39.402+0000][7][gc,marking   ] GC(456) Concurrent Scan Root Regions 0.828ms
[2020-10-24T06:50:39.402+0000][7][gc,marking   ] GC(456) Concurrent Mark (3996.769s)
[2020-10-24T06:50:39.402+0000][7][gc,marking   ] GC(456) Concurrent Mark From Roots
[2020-10-24T06:50:39.403+0000][7][gc,task      ] GC(456) Using 3 workers of 3 for marking
[2020-10-24T06:50:39.454+0000][7][gc,marking   ] GC(456) Concurrent Mark From Roots 51.669ms
[2020-10-24T06:50:39.454+0000][7][gc,marking   ] GC(456) Concurrent Preclean
[2020-10-24T06:50:39.455+0000][7][gc,marking   ] GC(456) Concurrent Preclean 0.737ms
[2020-10-24T06:50:39.455+0000][7][gc,marking   ] GC(456) Concurrent Mark (3996.769s, 3996.822s) 53.151ms
[2020-10-24T06:50:39.456+0000][7][gc,start     ] GC(456) Pause Remark
[2020-10-24T06:50:39.463+0000][7][gc           ] GC(456) Pause Remark 140M->140M(256M) 6.746ms
[2020-10-24T06:50:39.463+0000][7][gc,cpu       ] GC(456) User=0.02s Sys=0.01s Real=0.01s
[2020-10-24T06:50:39.463+0000][7][safepoint    ] Safepoint "G1Concurrent", Time since last: 55299800 ns, Reaching safepoint: 177800 ns, At safepoint: 7410000 ns, Total: 7587800 ns
[2020-10-24T06:50:39.464+0000][7][gc,marking   ] GC(456) Concurrent Rebuild Remembered Sets
[2020-10-24T06:50:39.502+0000][7][gc,marking   ] GC(456) Concurrent Rebuild Remembered Sets 38.277ms
[2020-10-24T06:50:39.503+0000][7][gc,start     ] GC(456) Pause Cleanup
[2020-10-24T06:50:39.503+0000][7][gc           ] GC(456) Pause Cleanup 140M->140M(256M) 0.461ms
[2020-10-24T06:50:39.503+0000][7][gc,cpu       ] GC(456) User=0.00s Sys=0.00s Real=0.00s
[2020-10-24T06:50:39.504+0000][7][safepoint    ] Safepoint "G1Concurrent", Time since last: 39003800 ns, Reaching safepoint: 203900 ns, At safepoint: 1013400 ns, Total: 1217300 ns
[2020-10-24T06:50:39.504+0000][7][gc,marking   ] GC(456) Concurrent Cleanup for Next Mark
[2020-10-24T06:50:39.505+0000][7][gc,marking   ] GC(456) Concurrent Cleanup for Next Mark 0.621ms
[2020-10-24T06:50:39.505+0000][7][gc           ] GC(456) Concurrent Cycle 104.351ms
[2020-10-24T06:50:40.505+0000][7][safepoint    ] Safepoint "Cleanup", Time since last: 1000600400 ns, Reaching safepoint: 627500 ns, At safepoint: 50500 ns, Total: 678000 ns
[2020-10-24T06:50:41.506+0000][7][safepoint    ] Safepoint "Cleanup", Time since last: 1001145200 ns, Reaching safepoint: 389700 ns, At safepoint: 23200 ns, Total: 412900 ns
[2020-10-24T06:50:43.121+0000][7][safepoint    ] Safepoint "Cleanup", Time since last: 1613397400 ns, Reaching safepoint: 760300 ns, At safepoint: 138300 ns, Total: 898600 ns
[2020-10-24T06:50:44.123+0000][7][safepoint    ] Safepoint "Cleanup", Time since last: 1001349300 ns, Reaching safepoint: 836200 ns, At safepoint: 125600 ns, Total: 961800 ns
[2020-10-24T06:50:45.125+0000][7][safepoint    ] Safepoint "Cleanup", Time since last: 1001215500 ns, Reaching safepoint: 218800 ns, At safepoint: 30700 ns, Total: 249500 ns
[2020-10-24T06:50:46.126+0000][7][safepoint    ] Safepoint "Cleanup", Time since last: 1000658600 ns, Reaching safepoint: 832100 ns, At safepoint: 257700 ns, Total: 1089800 ns
[2020-10-24T06:50:47.128+0000][7][safepoint    ] Safepoint "Cleanup", Time since last: 1001185800 ns, Reaching safepoint: 246200 ns, At safepoint: 13400 ns, Total: 259600 ns
[2020-10-24T06:50:48.129+0000][7][safepoint    ] Safepoint "Cleanup", Time since last: 1000560800 ns, Reaching safepoint: 252200 ns, At safepoint: 9100 ns, Total: 261300 ns
[2020-10-24T06:50:49.130+0000][7][safepoint    ] Safepoint "Cleanup", Time since last: 1000631200 ns, Reaching safepoint: 916500 ns, At safepoint: 135000 ns, Total: 1051500 ns
[2020-10-24T06:50:50.132+0000][7][safepoint    ] Safepoint "Cleanup", Time since last: 1001005100 ns, Reaching safepoint: 287800 ns, At safepoint: 24100 ns, Total: 311900 ns
[2020-10-24T06:50:51.133+0000][7][safepoint    ] Safepoint "Cleanup", Time since last: 1000536300 ns, Reaching safepoint: 701800 ns, At safepoint: 45400 ns, Total: 747200 ns
[2020-10-24T06:50:52.134+0000][7][safepoint    ] Safepoint "Cleanup", Time since last: 1001258300 ns, Reaching safepoint: 219400 ns, At safepoint: 25600 ns, Total: 245000 ns
[2020-10-24T06:50:53.136+0000][7][safepoint    ] Safepoint "Cleanup", Time since last: 1000706500 ns, Reaching safepoint: 762700 ns, At safepoint: 45300 ns, Total: 808000 ns
[2020-10-24T06:50:54.138+0000][7][safepoint    ] Safepoint "Cleanup", Time since last: 1001416400 ns, Reaching safepoint: 616800 ns, At safepoint: 40700 ns, Total: 657500 ns
[2020-10-24T06:50:54.230+0000][7][safepoint    ] Safepoint "BulkRevokeBias", Time since last: 90723300 ns, Reaching safepoint: 216200 ns, At safepoint: 672700 ns, Total: 888900 ns
[2020-10-24T06:50:55.107+0000][7][gc,start     ] GC(457) Pause Young (Normal) (G1 Evacuation Pause)
[2020-10-24T06:50:55.107+0000][7][gc,task      ] GC(457) Using 6 workers of 10 for evacuation
[2020-10-24T06:50:55.108+0000][7][gc,age       ] GC(457) Desired survivor size 3670016 bytes, new threshold 15 (max threshold 15)
[2020-10-24T06:50:55.110+0000][7][gc,age       ] GC(457) Age table with threshold 15 (max threshold 15)
[2020-10-24T06:50:55.111+0000][7][gc,age       ] GC(457) - age   1:    1171232 bytes,    1171232 total
[2020-10-24T06:50:55.111+0000][7][gc,age       ] GC(457) - age   2:     672288 bytes,    1843520 total
[2020-10-24T06:50:55.111+0000][7][gc,age       ] GC(457) - age   3:     537768 bytes,    2381288 total
[2020-10-24T06:50:55.112+0000][7][gc,age       ] GC(457) - age   4:      46000 bytes,    2427288 total
[2020-10-24T06:50:55.112+0000][7][gc,phases    ] GC(457)   Pre Evacuate Collection Set: 0.1ms
[2020-10-24T06:50:55.112+0000][7][gc,phases    ] GC(457)   Merge Heap Roots: 0.1ms
[2020-10-24T06:50:55.112+0000][7][gc,phases    ] GC(457)   Evacuate Collection Set: 1.5ms
[2020-10-24T06:50:55.113+0000][7][gc,phases    ] GC(457)   Post Evacuate Collection Set: 0.8ms
[2020-10-24T06:50:55.113+0000][7][gc,phases    ] GC(457)   Other: 2.3ms
[2020-10-24T06:50:55.113+0000][7][gc,heap      ] GC(457) Eden regions: 48->0(47)
[2020-10-24T06:50:55.113+0000][7][gc,heap      ] GC(457) Survivor regions: 2->3(7)
[2020-10-24T06:50:55.113+0000][7][gc,heap      ] GC(457) Old regions: 120->120
[2020-10-24T06:50:55.114+0000][7][gc,heap      ] GC(457) Archive regions: 2->2
[2020-10-24T06:50:55.114+0000][7][gc,heap      ] GC(457) Humongous regions: 15->15
[2020-10-24T06:50:55.114+0000][7][gc,metaspace ] GC(457) Metaspace: 110266K(119076K)->110266K(119076K) NonClass: 96344K(101592K)->96344K(101592K) Class: 13922K(17484K)->13922K(17484K)
[2020-10-24T06:50:55.114+0000][7][gc           ] GC(457) Pause Young (Normal) (G1 Evacuation Pause) 184M->137M(256M) 7.092ms
[2020-10-24T06:50:55.114+0000][7][gc,cpu       ] GC(457) User=0.02s Sys=0.00s Real=0.01s
[2020-10-24T06:50:55.114+0000][7][safepoint    ] Safepoint "G1CollectForAllocation", Time since last: 877105500 ns, Reaching safepoint: 215200 ns, At safepoint: 7445000 ns, Total: 7660200 ns
[2020-10-24T06:50:56.118+0000][7][safepoint    ] Safepoint "Cleanup", Time since last: 1003793000 ns, Reaching safepoint: 234800 ns, At safepoint: 22900 ns, Total: 257700 ns
[2020-10-24T06:50:57.119+0000][7][safepoint    ] Safepoint "Cleanup", Time since last: 1000606400 ns, Reaching safepoint: 257500 ns, At safepoint: 11800 ns, Total: 269300 ns
[2020-10-24T06:50:58.121+0000][7][safepoint    ] Safepoint "Cleanup", Time since last: 1000581700 ns, Reaching safepoint: 655300 ns, At safepoint: 114300 ns, Total: 769600 ns
[2020-10-24T06:50:59.123+0000][7][safepoint    ] Safepoint "Cleanup", Time since last: 1001268200 ns, Reaching safepoint: 798200 ns, At safepoint: 43600 ns, Total: 841800 ns
[2020-10-24T06:51:00.124+0000][7][safepoint    ] Safepoint "Cleanup", Time since last: 1001181600 ns, Reaching safepoint: 236300 ns, At safepoint: 10000 ns, Total: 246300 ns
[2020-10-24T06:51:01.126+0000][7][safepoint    ] Safepoint "Cleanup", Time since last: 1000606500 ns, Reaching safepoint: 842700 ns, At safepoint: 73400 ns, Total: 916100 ns
[2020-10-24T06:51:02.128+0000][7][safepoint    ] Safepoint "Cleanup", Time since last: 1001219200 ns, Reaching safepoint: 748100 ns, At safepoint: 106700 ns, Total: 854800 ns
[2020-10-24T06:51:03.129+0000][7][safepoint    ] Safepoint "Cleanup", Time since last: 1001069500 ns, Reaching safepoint: 209700 ns, At safepoint: 10700 ns, Total: 220400 ns
[2020-10-24T06:51:04.130+0000][7][safepoint    ] Safepoint "Cleanup", Time since last: 1000501800 ns, Reaching safepoint: 257200 ns, At safepoint: 8800 ns, Total: 266000 ns
[2020-10-24T06:51:05.131+0000][7][safepoint    ] Safepoint "Cleanup", Time since last: 1000488500 ns, Reaching safepoint: 242100 ns, At safepoint: 9100 ns, Total: 251200 ns
[2020-10-24T06:51:06.131+0000][7][safepoint    ] Safepoint "Cleanup", Time since last: 1000536900 ns, Reaching safepoint: 358000 ns, At safepoint: 19400 ns, Total: 377400 ns
[2020-10-24T06:51:07.133+0000][7][safepoint    ] Safepoint "Cleanup", Time since last: 1000773000 ns, Reaching safepoint: 508600 ns, At safepoint: 21000 ns, Total: 529600 ns
[2020-10-24T06:51:08.134+0000][7][safepoint    ] Safepoint "Cleanup", Time since last: 1000761300 ns, Reaching safepoint: 284800 ns, At safepoint: 16900 ns, Total: 301700 ns
[2020-10-24T06:51:09.135+0000][7][safepoint    ] Safepoint "Cleanup", Time since last: 1000702600 ns, Reaching safepoint: 849000 ns, At safepoint: 46600 ns, Total: 895600 ns
[2020-10-24T06:51:10.137+0000][7][safepoint    ] Safepoint "Cleanup", Time since last: 1001210400 ns, Reaching safepoint: 245200 ns, At safepoint: 13200 ns, Total: 258400 ns
[2020-10-24T06:51:11.138+0000][7][safepoint    ] Safepoint "Cleanup", Time since last: 1000602600 ns, Reaching safepoint: 325200 ns, At safepoint: 17600 ns, Total: 342800 ns
[2020-10-24T06:51:12.139+0000][7][safepoint    ] Safepoint "Cleanup", Time since last: 1000654200 ns, Reaching safepoint: 212500 ns, At safepoint: 9100 ns, Total: 221600 ns
[2020-10-24T06:51:13.211+0000][7][safepoint    ] Safepoint "Cleanup", Time since last: 1071887200 ns, Reaching safepoint: 786500 ns, At safepoint: 44500 ns, Total: 831000 ns
[2020-10-24T06:51:14.213+0000][7][safepoint    ] Safepoint "Cleanup", Time since last: 1001267900 ns, Reaching safepoint: 694300 ns, At safepoint: 51100 ns, Total: 745400 ns
[2020-10-24T06:51:15.215+0000][7][safepoint    ] Safepoint "Cleanup", Time since last: 1001229700 ns, Reaching safepoint: 296500 ns, At safepoint: 16400 ns, Total: 312900 ns
[2020-10-24T06:51:16.217+0000][7][safepoint    ] Safepoint "Cleanup", Time since last: 1000733200 ns, Reaching safepoint: 829700 ns, At safepoint: 44100 ns, Total: 873800 ns
[2020-10-24T06:51:17.218+0000][7][safepoint    ] Safepoint "Cleanup", Time since last: 1001239900 ns, Reaching safepoint: 361100 ns, At safepoint: 19600 ns, Total: 380700 ns
[2020-10-24T06:51:18.778+0000][7][safepoint    ] Safepoint "Cleanup", Time since last: 1558687400 ns, Reaching safepoint: 858700 ns, At safepoint: 44000 ns, Total: 902700 ns
[2020-10-24T06:51:19.780+0000][7][safepoint    ] Safepoint "Cleanup", Time since last: 1001237800 ns, Reaching safepoint: 818400 ns, At safepoint: 44400 ns, Total: 862800 ns
[2020-10-24T06:51:20.782+0000][7][safepoint    ] Safepoint "Cleanup", Time since last: 1001249500 ns, Reaching safepoint: 794800 ns, At safepoint: 44200 ns, Total: 839000 ns
[2020-10-24T06:51:21.784+0000][7][safepoint    ] Safepoint "Cleanup", Time since last: 1001303100 ns, Reaching safepoint: 924700 ns, At safepoint: 51600 ns, Total: 976300 ns
[2020-10-24T06:51:22.002+0000][7][gc,start     ] GC(458) Pause Young (Concurrent Start) (G1 Evacuation Pause)
[2020-10-24T06:51:22.003+0000][7][gc,task      ] GC(458) Using 6 workers of 10 for evacuation
[2020-10-24T06:51:22.004+0000][7][gc,age       ] GC(458) Desired survivor size 3670016 bytes, new threshold 15 (max threshold 15)
[2020-10-24T06:51:22.016+0000][7][gc,age       ] GC(458) Age table with threshold 15 (max threshold 15)
[2020-10-24T06:51:22.017+0000][7][gc,age       ] GC(458) - age   1:     724688 bytes,     724688 total
[2020-10-24T06:51:22.018+0000][7][gc,age       ] GC(458) - age   2:     747320 bytes,    1472008 total
[2020-10-24T06:51:22.019+0000][7][gc,age       ] GC(458) - age   3:     662944 bytes,    2134952 total
[2020-10-24T06:51:22.020+0000][7][gc,age       ] GC(458) - age   4:     294424 bytes,    2429376 total
[2020-10-24T06:51:22.021+0000][7][gc,age       ] GC(458) - age   5:      46000 bytes,    2475376 total
[2020-10-24T06:51:22.022+0000][7][gc,phases    ] GC(458)   Pre Evacuate Collection Set: 1.5ms
[2020-10-24T06:51:22.023+0000][7][gc,phases    ] GC(458)   Merge Heap Roots: 0.5ms
[2020-10-24T06:51:22.024+0000][7][gc,phases    ] GC(458)   Evacuate Collection Set: 6.0ms
[2020-10-24T06:51:22.025+0000][7][gc,phases    ] GC(458)   Post Evacuate Collection Set: 3.2ms
[2020-10-24T06:51:22.026+0000][7][gc,phases    ] GC(458)   Other: 9.4ms
[2020-10-24T06:51:22.027+0000][7][gc,heap      ] GC(458) Eden regions: 47->0(47)
[2020-10-24T06:51:22.028+0000][7][gc,heap      ] GC(458) Survivor regions: 3->3(7)
[2020-10-24T06:51:22.029+0000][7][gc,heap      ] GC(458) Old regions: 120->120
[2020-10-24T06:51:22.030+0000][7][gc,heap      ] GC(458) Archive regions: 2->2
[2020-10-24T06:51:22.031+0000][7][gc,heap      ] GC(458) Humongous regions: 15->15
[2020-10-24T06:51:22.032+0000][7][gc,metaspace ] GC(458) Metaspace: 110267K(119076K)->110267K(119076K) NonClass: 96345K(101592K)->96345K(101592K) Class: 13922K(17484K)->13922K(17484K)
[2020-10-24T06:51:22.033+0000][7][gc           ] GC(458) Pause Young (Concurrent Start) (G1 Evacuation Pause) 184M->137M(256M) 30.906ms
[2020-10-24T06:51:22.034+0000][7][gc,cpu       ] GC(458) User=0.04s Sys=0.01s Real=0.03s
[2020-10-24T06:51:22.035+0000][7][safepoint    ] Safepoint "G1CollectForAllocation", Time since last: 216670400 ns, Reaching safepoint: 765000 ns, At safepoint: 33144400 ns, Total: 33909400 ns
[2020-10-24T06:51:22.035+0000][7][gc           ] GC(459) Concurrent Cycle
[2020-10-24T06:51:22.037+0000][7][gc,marking   ] GC(459) Concurrent Clear Claimed Marks
[2020-10-24T06:51:22.039+0000][7][gc,marking   ] GC(459) Concurrent Clear Claimed Marks 1.822ms
[2020-10-24T06:51:22.040+0000][7][gc,marking   ] GC(459) Concurrent Scan Root Regions
[2020-10-24T06:51:22.044+0000][7][gc,marking   ] GC(459) Concurrent Scan Root Regions 4.233ms
[2020-10-24T06:51:22.045+0000][7][gc,marking   ] GC(459) Concurrent Mark (4039.411s)
[2020-10-24T06:51:22.046+0000][7][gc,marking   ] GC(459) Concurrent Mark From Roots
[2020-10-24T06:51:22.047+0000][7][gc,task      ] GC(459) Using 3 workers of 3 for marking
[2020-10-24T06:51:22.116+0000][7][gc,marking   ] GC(459) Concurrent Mark From Roots 70.545ms
[2020-10-24T06:51:22.117+0000][7][gc,marking   ] GC(459) Concurrent Preclean
[2020-10-24T06:51:22.117+0000][7][gc,marking   ] GC(459) Concurrent Preclean 0.746ms
[2020-10-24T06:51:22.118+0000][7][gc,marking   ] GC(459) Concurrent Mark (4039.411s, 4039.484s) 72.916ms
[2020-10-24T06:51:22.118+0000][7][gc,start     ] GC(459) Pause Remark
[2020-10-24T06:51:22.126+0000][7][gc           ] GC(459) Pause Remark 139M->139M(256M) 7.077ms
[2020-10-24T06:51:22.126+0000][7][gc,cpu       ] GC(459) User=0.03s Sys=0.01s Real=0.00s
[2020-10-24T06:51:22.126+0000][7][safepoint    ] Safepoint "G1Concurrent", Time since last: 83306100 ns, Reaching safepoint: 253300 ns, At safepoint: 7792700 ns, Total: 8046000 ns
[2020-10-24T06:51:22.127+0000][7][gc,marking   ] GC(459) Concurrent Rebuild Remembered Sets
[2020-10-24T06:51:22.163+0000][7][gc,marking   ] GC(459) Concurrent Rebuild Remembered Sets 36.409ms
[2020-10-24T06:51:22.164+0000][7][gc,start     ] GC(459) Pause Cleanup
[2020-10-24T06:51:22.164+0000][7][gc           ] GC(459) Pause Cleanup 139M->139M(256M) 0.578ms
[2020-10-24T06:51:22.164+0000][7][gc,cpu       ] GC(459) User=0.00s Sys=0.00s Real=0.00s
[2020-10-24T06:51:22.165+0000][7][safepoint    ] Safepoint "G1Concurrent", Time since last: 37200100 ns, Reaching safepoint: 283200 ns, At safepoint: 1054500 ns, Total: 1337700 ns
[2020-10-24T06:51:22.165+0000][7][gc,marking   ] GC(459) Concurrent Cleanup for Next Mark
[2020-10-24T06:51:22.166+0000][7][gc,marking   ] GC(459) Concurrent Cleanup for Next Mark 0.681ms
[2020-10-24T06:51:22.166+0000][7][gc           ] GC(459) Concurrent Cycle 131.156ms
[2020-10-24T06:51:22.927+0000][7][gc,start     ] GC(460) Pause Young (Normal) (G1 Evacuation Pause)
[2020-10-24T06:51:22.927+0000][7][gc,task      ] GC(460) Using 6 workers of 10 for evacuation
[2020-10-24T06:51:22.928+0000][7][gc,age       ] GC(460) Desired survivor size 3670016 bytes, new threshold 15 (max threshold 15)
[2020-10-24T06:51:22.931+0000][7][gc,age       ] GC(460) Age table with threshold 15 (max threshold 15)
[2020-10-24T06:51:22.931+0000][7][gc,age       ] GC(460) - age   1:    1251560 bytes,    1251560 total
[2020-10-24T06:51:22.932+0000][7][gc,age       ] GC(460) - age   2:     710664 bytes,    1962224 total
[2020-10-24T06:51:22.932+0000][7][gc,age       ] GC(460) - age   3:     705152 bytes,    2667376 total
[2020-10-24T06:51:22.932+0000][7][gc,age       ] GC(460) - age   4:     651608 bytes,    3318984 total
[2020-10-24T06:51:22.933+0000][7][gc,age       ] GC(460) - age   5:     291264 bytes,    3610248 total
[2020-10-24T06:51:22.933+0000][7][gc,age       ] GC(460) - age   6:      41200 bytes,    3651448 total
[2020-10-24T06:51:22.933+0000][7][gc,phases    ] GC(460)   Pre Evacuate Collection Set: 0.1ms
[2020-10-24T06:51:22.933+0000][7][gc,phases    ] GC(460)   Merge Heap Roots: 0.1ms
[2020-10-24T06:51:22.933+0000][7][gc,phases    ] GC(460)   Evacuate Collection Set: 1.9ms
[2020-10-24T06:51:22.934+0000][7][gc,phases    ] GC(460)   Post Evacuate Collection Set: 0.9ms
[2020-10-24T06:51:22.934+0000][7][gc,phases    ] GC(460)   Other: 3.2ms
[2020-10-24T06:51:22.934+0000][7][gc,heap      ] GC(460) Eden regions: 47->0(46)
[2020-10-24T06:51:22.934+0000][7][gc,heap      ] GC(460) Survivor regions: 3->4(7)
[2020-10-24T06:51:22.934+0000][7][gc,heap      ] GC(460) Old regions: 120->120
[2020-10-24T06:51:22.935+0000][7][gc,heap      ] GC(460) Archive regions: 2->2
[2020-10-24T06:51:22.935+0000][7][gc,heap      ] GC(460) Humongous regions: 15->15
[2020-10-24T06:51:22.935+0000][7][gc,metaspace ] GC(460) Metaspace: 110280K(119076K)->110280K(119076K) NonClass: 96358K(101592K)->96358K(101592K) Class: 13922K(17484K)->13922K(17484K)
[2020-10-24T06:51:22.935+0000][7][gc           ] GC(460) Pause Young (Normal) (G1 Evacuation Pause) 184M->138M(256M) 8.117ms
[2020-10-24T06:51:22.935+0000][7][gc,cpu       ] GC(460) User=0.02s Sys=0.00s Real=0.01s
[2020-10-24T06:51:22.935+0000][7][safepoint    ] Safepoint "G1CollectForAllocation", Time since last: 761959600 ns, Reaching safepoint: 236700 ns, At safepoint: 8510600 ns, Total: 8747300 ns
[2020-10-24T06:51:23.936+0000][7][safepoint    ] Safepoint "Cleanup", Time since last: 1000338800 ns, Reaching safepoint: 319700 ns, At safepoint: 14200 ns, Total: 333900 ns
[2020-10-24T06:51:24.938+0000][7][safepoint    ] Safepoint "Cleanup", Time since last: 1000645900 ns, Reaching safepoint: 890700 ns, At safepoint: 44600 ns, Total: 935300 ns
[2020-10-24T06:51:25.939+0000][7][safepoint    ] Safepoint "Cleanup", Time since last: 1001289100 ns, Reaching safepoint: 196100 ns, At safepoint: 9500 ns, Total: 205600 ns
[2020-10-24T06:51:26.940+0000][7][safepoint    ] Safepoint "Cleanup", Time since last: 1000503900 ns, Reaching safepoint: 279600 ns, At safepoint: 9600 ns, Total: 289200 ns
[2020-10-24T06:51:27.942+0000][7][safepoint    ] Safepoint "Cleanup", Time since last: 1000616300 ns, Reaching safepoint: 852100 ns, At safepoint: 45900 ns, Total: 898000 ns
[2020-10-24T06:51:28.944+0000][7][safepoint    ] Safepoint "Cleanup", Time since last: 1001263300 ns, Reaching safepoint: 1100900 ns, At safepoint: 47700 ns, Total: 1148600 ns
[2020-10-24T06:51:30.457+0000][7][safepoint    ] Safepoint "Cleanup", Time since last: 1513103200 ns, Reaching safepoint: 261800 ns, At safepoint: 9000 ns, Total: 270800 ns
[2020-10-24T06:51:31.459+0000][7][safepoint    ] Safepoint "Cleanup", Time since last: 1000697900 ns, Reaching safepoint: 824600 ns, At safepoint: 45300 ns, Total: 869900 ns
[2020-10-24T06:51:32.461+0000][7][safepoint    ] Safepoint "Cleanup", Time since last: 1001253600 ns, Reaching safepoint: 804400 ns, At safepoint: 44600 ns, Total: 849000 ns
[2020-10-24T06:51:33.463+0000][7][safepoint    ] Safepoint "Cleanup", Time since last: 1001357700 ns, Reaching safepoint: 210200 ns, At safepoint: 22800 ns, Total: 233000 ns
[2020-10-24T06:51:34.464+0000][7][safepoint    ] Safepoint "Cleanup", Time since last: 1000602200 ns, Reaching safepoint: 833800 ns, At safepoint: 46100 ns, Total: 879900 ns
[2020-10-24T06:51:35.465+0000][7][safepoint    ] Safepoint "Cleanup", Time since last: 1001170600 ns, Reaching safepoint: 259400 ns, At safepoint: 8800 ns, Total: 268200 ns
[2020-10-24T06:51:36.466+0000][7][safepoint    ] Safepoint "Cleanup", Time since last: 1000520200 ns, Reaching safepoint: 304900 ns, At safepoint: 13200 ns, Total: 318100 ns
[2020-10-24T06:51:37.468+0000][7][safepoint    ] Safepoint "Cleanup", Time since last: 1000798600 ns, Reaching safepoint: 699100 ns, At safepoint: 119700 ns, Total: 818800 ns
[2020-10-24T06:51:39.340+0000][7][safepoint    ] Safepoint "Cleanup", Time since last: 1871449100 ns, Reaching safepoint: 258000 ns, At safepoint: 8900 ns, Total: 266900 ns
[2020-10-24T06:51:40.341+0000][7][safepoint    ] Safepoint "Cleanup", Time since last: 1000580900 ns, Reaching safepoint: 768200 ns, At safepoint: 44400 ns, Total: 812600 ns
[2020-10-24T06:51:41.342+0000][7][safepoint    ] Safepoint "Cleanup", Time since last: 1001164300 ns, Reaching safepoint: 250300 ns, At safepoint: 8800 ns, Total: 259100 ns
[2020-10-24T06:51:42.343+0000][7][safepoint    ] Safepoint "Cleanup", Time since last: 1000556400 ns, Reaching safepoint: 209300 ns, At safepoint: 22800 ns, Total: 232100 ns
[2020-10-24T06:51:43.345+0000][7][safepoint    ] Safepoint "Cleanup", Time since last: 1000587500 ns, Reaching safepoint: 790100 ns, At safepoint: 44700 ns, Total: 834800 ns
[2020-10-24T06:51:44.347+0000][7][safepoint    ] Safepoint "Cleanup", Time since last: 1001407800 ns, Reaching safepoint: 840500 ns, At safepoint: 45700 ns, Total: 886200 ns
[2020-10-24T06:51:45.348+0000][7][safepoint    ] Safepoint "Cleanup", Time since last: 1001141100 ns, Reaching safepoint: 253200 ns, At safepoint: 13500 ns, Total: 266700 ns
[2020-10-24T06:51:46.349+0000][7][safepoint    ] Safepoint "Cleanup", Time since last: 1000514900 ns, Reaching safepoint: 279500 ns, At safepoint: 8600 ns, Total: 288100 ns
[2020-10-24T06:51:47.350+0000][7][safepoint    ] Safepoint "Cleanup", Time since last: 1000502900 ns, Reaching safepoint: 191300 ns, At safepoint: 9200 ns, Total: 200500 ns
[2020-10-24T06:51:48.351+0000][7][safepoint    ] Safepoint "Cleanup", Time since last: 1000556500 ns, Reaching safepoint: 804000 ns, At safepoint: 44500 ns, Total: 848500 ns
[2020-10-24T06:51:49.353+0000][7][safepoint    ] Safepoint "Cleanup", Time since last: 1001276700 ns, Reaching safepoint: 762600 ns, At safepoint: 47200 ns, Total: 809800 ns
[2020-10-24T06:51:50.355+0000][7][safepoint    ] Safepoint "Cleanup", Time since last: 1001176900 ns, Reaching safepoint: 215300 ns, At safepoint: 8900 ns, Total: 224200 ns
[2020-10-24T06:51:51.356+0000][7][safepoint    ] Safepoint "Cleanup", Time since last: 1000589200 ns, Reaching safepoint: 766200 ns, At safepoint: 45200 ns, Total: 811400 ns
[2020-10-24T06:51:52.358+0000][7][safepoint    ] Safepoint "Cleanup", Time since last: 1001193800 ns, Reaching safepoint: 265500 ns, At safepoint: 12800 ns, Total: 278300 ns
[2020-10-24T06:51:53.358+0000][7][safepoint    ] Safepoint "Cleanup", Time since last: 1000614400 ns, Reaching safepoint: 221900 ns, At safepoint: 9000 ns, Total: 230900 ns
[2020-10-24T06:51:54.359+0000][7][safepoint    ] Safepoint "Cleanup", Time since last: 1000526200 ns, Reaching safepoint: 248000 ns, At safepoint: 11400 ns, Total: 259400 ns
[2020-10-24T06:51:55.360+0000][7][safepoint    ] Safepoint "Cleanup", Time since last: 1000573700 ns, Reaching safepoint: 385600 ns, At safepoint: 19200 ns, Total: 404800 ns
[2020-10-24T06:51:56.362+0000][7][safepoint    ] Safepoint "Cleanup", Time since last: 1000775200 ns, Reaching safepoint: 787600 ns, At safepoint: 50400 ns, Total: 838000 ns
[2020-10-24T06:51:57.139+0000][7][gc,start     ] GC(461) Pause Young (Concurrent Start) (G1 Evacuation Pause)
[2020-10-24T06:51:57.139+0000][7][gc,task      ] GC(461) Using 6 workers of 10 for evacuation
[2020-10-24T06:51:57.140+0000][7][gc,age       ] GC(461) Desired survivor size 3670016 bytes, new threshold 15 (max threshold 15)
[2020-10-24T06:51:57.143+0000][7][gc,age       ] GC(461) Age table with threshold 15 (max threshold 15)
[2020-10-24T06:51:57.144+0000][7][gc,age       ] GC(461) - age   1:     478320 bytes,     478320 total
[2020-10-24T06:51:57.144+0000][7][gc,age       ] GC(461) - age   2:     560872 bytes,    1039192 total
[2020-10-24T06:51:57.144+0000][7][gc,age       ] GC(461) - age   3:     645992 bytes,    1685184 total
[2020-10-24T06:51:57.145+0000][7][gc,age       ] GC(461) - age   4:     695168 bytes,    2380352 total
[2020-10-24T06:51:57.145+0000][7][gc,age       ] GC(461) - age   5:     628672 bytes,    3009024 total
[2020-10-24T06:51:57.145+0000][7][gc,age       ] GC(461) - age   6:     202096 bytes,    3211120 total
[2020-10-24T06:51:57.145+0000][7][gc,age       ] GC(461) - age   7:      41200 bytes,    3252320 total
[2020-10-24T06:51:57.146+0000][7][gc,phases    ] GC(461)   Pre Evacuate Collection Set: 0.6ms
[2020-10-24T06:51:57.146+0000][7][gc,phases    ] GC(461)   Merge Heap Roots: 0.2ms
[2020-10-24T06:51:57.146+0000][7][gc,phases    ] GC(461)   Evacuate Collection Set: 1.7ms
[2020-10-24T06:51:57.146+0000][7][gc,phases    ] GC(461)   Post Evacuate Collection Set: 0.8ms
[2020-10-24T06:51:57.146+0000][7][gc,phases    ] GC(461)   Other: 3.2ms
[2020-10-24T06:51:57.147+0000][7][gc,heap      ] GC(461) Eden regions: 46->0(47)
[2020-10-24T06:51:57.147+0000][7][gc,heap      ] GC(461) Survivor regions: 4->4(7)
[2020-10-24T06:51:57.147+0000][7][gc,heap      ] GC(461) Old regions: 120->120
[2020-10-24T06:51:57.147+0000][7][gc,heap      ] GC(461) Archive regions: 2->2
[2020-10-24T06:51:57.147+0000][7][gc,heap      ] GC(461) Humongous regions: 15->15
[2020-10-24T06:51:57.148+0000][7][gc,metaspace ] GC(461) Metaspace: 110281K(119076K)->110281K(119076K) NonClass: 96358K(101592K)->96358K(101592K) Class: 13923K(17484K)->13923K(17484K)
[2020-10-24T06:51:57.148+0000][7][gc           ] GC(461) Pause Young (Concurrent Start) (G1 Evacuation Pause) 184M->138M(256M) 8.594ms
[2020-10-24T06:51:57.148+0000][7][gc,cpu       ] GC(461) User=0.02s Sys=0.00s Real=0.01s
[2020-10-24T06:51:57.148+0000][7][safepoint    ] Safepoint "G1CollectForAllocation", Time since last: 776965600 ns, Reaching safepoint: 260200 ns, At safepoint: 9017600 ns, Total: 9277800 ns
[2020-10-24T06:51:57.148+0000][7][gc           ] GC(462) Concurrent Cycle
[2020-10-24T06:51:57.149+0000][7][gc,marking   ] GC(462) Concurrent Clear Claimed Marks
[2020-10-24T06:51:57.149+0000][7][gc,marking   ] GC(462) Concurrent Clear Claimed Marks 0.554ms
[2020-10-24T06:51:57.149+0000][7][gc,marking   ] GC(462) Concurrent Scan Root Regions
[2020-10-24T06:51:57.150+0000][7][gc,marking   ] GC(462) Concurrent Scan Root Regions 1.167ms
[2020-10-24T06:51:57.151+0000][7][gc,marking   ] GC(462) Concurrent Mark (4074.517s)
[2020-10-24T06:51:57.151+0000][7][gc,marking   ] GC(462) Concurrent Mark From Roots
[2020-10-24T06:51:57.151+0000][7][gc,task      ] GC(462) Using 3 workers of 3 for marking
[2020-10-24T06:51:57.198+0000][7][gc,marking   ] GC(462) Concurrent Mark From Roots 47.317ms
[2020-10-24T06:51:57.199+0000][7][gc,marking   ] GC(462) Concurrent Preclean
[2020-10-24T06:51:57.199+0000][7][gc,marking   ] GC(462) Concurrent Preclean 0.713ms
[2020-10-24T06:51:57.200+0000][7][gc,marking   ] GC(462) Concurrent Mark (4074.517s, 4074.566s) 48.926ms
[2020-10-24T06:51:57.200+0000][7][gc,start     ] GC(462) Pause Remark
[2020-10-24T06:51:57.207+0000][7][gc           ] GC(462) Pause Remark 141M->141M(256M) 7.216ms
[2020-10-24T06:51:57.208+0000][7][gc,cpu       ] GC(462) User=0.02s Sys=0.01s Real=0.01s
[2020-10-24T06:51:57.208+0000][7][safepoint    ] Safepoint "G1Concurrent", Time since last: 51862000 ns, Reaching safepoint: 254600 ns, At safepoint: 7965400 ns, Total: 8220000 ns
[2020-10-24T06:51:57.209+0000][7][gc,marking   ] GC(462) Concurrent Rebuild Remembered Sets
[2020-10-24T06:51:57.243+0000][7][gc,marking   ] GC(462) Concurrent Rebuild Remembered Sets 34.253ms
[2020-10-24T06:51:57.244+0000][7][gc,start     ] GC(462) Pause Cleanup
[2020-10-24T06:51:57.244+0000][7][gc           ] GC(462) Pause Cleanup 152M->152M(256M) 0.584ms
[2020-10-24T06:51:57.244+0000][7][gc,cpu       ] GC(462) User=0.01s Sys=0.00s Real=0.00s
[2020-10-24T06:51:57.245+0000][7][safepoint    ] Safepoint "G1Concurrent", Time since last: 35024000 ns, Reaching safepoint: 245700 ns, At safepoint: 1299200 ns, Total: 1544900 ns
[2020-10-24T06:51:57.245+0000][7][gc,marking   ] GC(462) Concurrent Cleanup for Next Mark
[2020-10-24T06:51:57.246+0000][7][gc,marking   ] GC(462) Concurrent Cleanup for Next Mark 0.741ms
[2020-10-24T06:51:57.246+0000][7][gc           ] GC(462) Concurrent Cycle 98.016ms
[2020-10-24T06:51:59.163+0000][7][safepoint    ] Safepoint "Cleanup", Time since last: 1917406300 ns, Reaching safepoint: 591000 ns, At safepoint: 36200 ns, Total: 627200 ns
[2020-10-24T06:52:00.164+0000][7][safepoint    ] Safepoint "Cleanup", Time since last: 1001150000 ns, Reaching safepoint: 231500 ns, At safepoint: 23700 ns, Total: 255200 ns
[2020-10-24T06:52:01.166+0000][7][safepoint    ] Safepoint "Cleanup", Time since last: 1000580400 ns, Reaching safepoint: 824500 ns, At safepoint: 47700 ns, Total: 872200 ns
[2020-10-24T06:52:02.167+0000][7][safepoint    ] Safepoint "Cleanup", Time since last: 1001146600 ns, Reaching safepoint: 223100 ns, At safepoint: 9300 ns, Total: 232400 ns
[2020-10-24T06:52:03.168+0000][7][safepoint    ] Safepoint "Cleanup", Time since last: 1000469900 ns, Reaching safepoint: 232500 ns, At safepoint: 33000 ns, Total: 265500 ns
[2020-10-24T06:52:04.168+0000][7][safepoint    ] Safepoint "Cleanup", Time since last: 1000476900 ns, Reaching safepoint: 202300 ns, At safepoint: 10000 ns, Total: 212300 ns
[2020-10-24T06:52:05.169+0000][7][safepoint    ] Safepoint "Cleanup", Time since last: 1000409100 ns, Reaching safepoint: 163800 ns, At safepoint: 9600 ns, Total: 173400 ns
[2020-10-24T06:52:06.170+0000][7][safepoint    ] Safepoint "Cleanup", Time since last: 1000291900 ns, Reaching safepoint: 209800 ns, At safepoint: 10300 ns, Total: 220100 ns
[2020-10-24T06:52:07.170+0000][7][safepoint    ] Safepoint "Cleanup", Time since last: 1000306100 ns, Reaching safepoint: 205100 ns, At safepoint: 10000 ns, Total: 215100 ns
[2020-10-24T06:52:08.171+0000][7][safepoint    ] Safepoint "Cleanup", Time since last: 1000343800 ns, Reaching safepoint: 218300 ns, At safepoint: 9000 ns, Total: 227300 ns
[2020-10-24T06:52:09.171+0000][7][safepoint    ] Safepoint "Cleanup", Time since last: 1000411100 ns, Reaching safepoint: 194500 ns, At safepoint: 9500 ns, Total: 204000 ns
[2020-10-24T06:52:10.172+0000][7][safepoint    ] Safepoint "Cleanup", Time since last: 1000363000 ns, Reaching safepoint: 273500 ns, At safepoint: 8800 ns, Total: 282300 ns
[2020-10-24T06:52:11.173+0000][7][safepoint    ] Safepoint "Cleanup", Time since last: 1000572700 ns, Reaching safepoint: 765700 ns, At safepoint: 44600 ns, Total: 810300 ns
[2020-10-24T06:52:12.175+0000][7][safepoint    ] Safepoint "Cleanup", Time since last: 1001239400 ns, Reaching safepoint: 823400 ns, At safepoint: 45200 ns, Total: 868600 ns
[2020-10-24T06:52:13.177+0000][7][safepoint    ] Safepoint "Cleanup", Time since last: 1001079400 ns, Reaching safepoint: 283200 ns, At safepoint: 8900 ns, Total: 292100 ns
[2020-10-24T06:52:14.178+0000][7][safepoint    ] Safepoint "Cleanup", Time since last: 1000645600 ns, Reaching safepoint: 775800 ns, At safepoint: 44700 ns, Total: 820500 ns
[2020-10-24T06:52:15.180+0000][7][safepoint    ] Safepoint "Cleanup", Time since last: 1001253200 ns, Reaching safepoint: 608600 ns, At safepoint: 36800 ns, Total: 645400 ns
[2020-10-24T06:52:16.182+0000][7][safepoint    ] Safepoint "Cleanup", Time since last: 1001232200 ns, Reaching safepoint: 229900 ns, At safepoint: 8800 ns, Total: 238700 ns
[2020-10-24T06:52:17.165+0000][7][gc,start     ] GC(463) Pause Young (Normal) (G1 Evacuation Pause)
[2020-10-24T06:52:17.165+0000][7][gc,task      ] GC(463) Using 6 workers of 10 for evacuation
[2020-10-24T06:52:17.165+0000][7][gc,age       ] GC(463) Desired survivor size 3670016 bytes, new threshold 15 (max threshold 15)
[2020-10-24T06:52:17.169+0000][7][gc,age       ] GC(463) Age table with threshold 15 (max threshold 15)
[2020-10-24T06:52:17.169+0000][7][gc,age       ] GC(463) - age   1:     553360 bytes,     553360 total
[2020-10-24T06:52:17.169+0000][7][gc,age       ] GC(463) - age   2:     409448 bytes,     962808 total
[2020-10-24T06:52:17.170+0000][7][gc,age       ] GC(463) - age   3:     559240 bytes,    1522048 total
[2020-10-24T06:52:17.170+0000][7][gc,age       ] GC(463) - age   4:     570072 bytes,    2092120 total
[2020-10-24T06:52:17.170+0000][7][gc,age       ] GC(463) - age   5:     692912 bytes,    2785032 total
[2020-10-24T06:52:17.170+0000][7][gc,age       ] GC(463) - age   6:     628072 bytes,    3413104 total
[2020-10-24T06:52:17.171+0000][7][gc,age       ] GC(463) - age   7:     202096 bytes,    3615200 total
[2020-10-24T06:52:17.171+0000][7][gc,age       ] GC(463) - age   8:      41200 bytes,    3656400 total
[2020-10-24T06:52:17.171+0000][7][gc,phases    ] GC(463)   Pre Evacuate Collection Set: 0.1ms
[2020-10-24T06:52:17.171+0000][7][gc,phases    ] GC(463)   Merge Heap Roots: 0.1ms
[2020-10-24T06:52:17.171+0000][7][gc,phases    ] GC(463)   Evacuate Collection Set: 1.9ms
[2020-10-24T06:52:17.172+0000][7][gc,phases    ] GC(463)   Post Evacuate Collection Set: 0.9ms
[2020-10-24T06:52:17.172+0000][7][gc,phases    ] GC(463)   Other: 3.4ms
[2020-10-24T06:52:17.172+0000][7][gc,heap      ] GC(463) Eden regions: 47->0(47)
[2020-10-24T06:52:17.172+0000][7][gc,heap      ] GC(463) Survivor regions: 4->4(7)
[2020-10-24T06:52:17.172+0000][7][gc,heap      ] GC(463) Old regions: 120->120
[2020-10-24T06:52:17.172+0000][7][gc,heap      ] GC(463) Archive regions: 2->2
[2020-10-24T06:52:17.173+0000][7][gc,heap      ] GC(463) Humongous regions: 15->15
[2020-10-24T06:52:17.173+0000][7][gc,metaspace ] GC(463) Metaspace: 110290K(119076K)->110290K(119076K) NonClass: 96367K(101592K)->96367K(101592K) Class: 13923K(17484K)->13923K(17484K)
[2020-10-24T06:52:17.173+0000][7][gc           ] GC(463) Pause Young (Normal) (G1 Evacuation Pause) 185M->139M(256M) 8.148ms
[2020-10-24T06:52:17.173+0000][7][gc,cpu       ] GC(463) User=0.00s Sys=0.00s Real=0.01s
[2020-10-24T06:52:17.173+0000][7][safepoint    ] Safepoint "G1CollectForAllocation", Time since last: 982817800 ns, Reaching safepoint: 270100 ns, At safepoint: 8464400 ns, Total: 8734500 ns
[2020-10-24T06:52:18.174+0000][7][safepoint    ] Safepoint "Cleanup", Time since last: 1000307700 ns, Reaching safepoint: 223700 ns, At safepoint: 9500 ns, Total: 233200 ns
[2020-10-24T06:52:19.174+0000][7][safepoint    ] Safepoint "Cleanup", Time since last: 1000538300 ns, Reaching safepoint: 236000 ns, At safepoint: 24300 ns, Total: 260300 ns
[2020-10-24T06:52:20.175+0000][7][safepoint    ] Safepoint "Cleanup", Time since last: 1000490500 ns, Reaching safepoint: 246600 ns, At safepoint: 47400 ns, Total: 294000 ns
[2020-10-24T06:52:21.176+0000][7][safepoint    ] Safepoint "Cleanup", Time since last: 1000481000 ns, Reaching safepoint: 224900 ns, At safepoint: 93100 ns, Total: 318000 ns
[2020-10-24T06:52:22.177+0000][7][safepoint    ] Safepoint "Cleanup", Time since last: 1000444400 ns, Reaching safepoint: 228300 ns, At safepoint: 57400 ns, Total: 285700 ns
[2020-10-24T06:52:22.978+0000][7][gc,start     ] GC(464) Pause Young (Concurrent Start) (G1 Evacuation Pause)
[2020-10-24T06:52:22.978+0000][7][gc,task      ] GC(464) Using 6 workers of 10 for evacuation
[2020-10-24T06:52:22.979+0000][7][gc,age       ] GC(464) Desired survivor size 3670016 bytes, new threshold 15 (max threshold 15)
[2020-10-24T06:52:22.983+0000][7][gc,age       ] GC(464) Age table with threshold 15 (max threshold 15)
[2020-10-24T06:52:22.983+0000][7][gc,age       ] GC(464) - age   1:    2399392 bytes,    2399392 total
[2020-10-24T06:52:22.983+0000][7][gc,age       ] GC(464) - age   2:     535928 bytes,    2935320 total
[2020-10-24T06:52:22.984+0000][7][gc,age       ] GC(464) - age   3:     380672 bytes,    3315992 total
[2020-10-24T06:52:22.984+0000][7][gc,age       ] GC(464) - age   4:     544256 bytes,    3860248 total
[2020-10-24T06:52:22.984+0000][7][gc,age       ] GC(464) - age   5:     569680 bytes,    4429928 total
[2020-10-24T06:52:22.985+0000][7][gc,age       ] GC(464) - age   6:     692528 bytes,    5122456 total
[2020-10-24T06:52:22.985+0000][7][gc,age       ] GC(464) - age   7:     628072 bytes,    5750528 total
[2020-10-24T06:52:22.985+0000][7][gc,age       ] GC(464) - age   8:     202096 bytes,    5952624 total
[2020-10-24T06:52:22.985+0000][7][gc,age       ] GC(464) - age   9:      41144 bytes,    5993768 total
[2020-10-24T06:52:22.985+0000][7][gc,phases    ] GC(464)   Pre Evacuate Collection Set: 0.6ms
[2020-10-24T06:52:22.986+0000][7][gc,phases    ] GC(464)   Merge Heap Roots: 0.2ms
[2020-10-24T06:52:22.986+0000][7][gc,phases    ] GC(464)   Evacuate Collection Set: 2.1ms
[2020-10-24T06:52:22.986+0000][7][gc,phases    ] GC(464)   Post Evacuate Collection Set: 1.1ms
[2020-10-24T06:52:22.986+0000][7][gc,phases    ] GC(464)   Other: 3.7ms
[2020-10-24T06:52:22.987+0000][7][gc,heap      ] GC(464) Eden regions: 47->0(41)
[2020-10-24T06:52:22.987+0000][7][gc,heap      ] GC(464) Survivor regions: 4->7(7)
[2020-10-24T06:52:22.987+0000][7][gc,heap      ] GC(464) Old regions: 120->120
[2020-10-24T06:52:22.987+0000][7][gc,heap      ] GC(464) Archive regions: 2->2
[2020-10-24T06:52:22.987+0000][7][gc,heap      ] GC(464) Humongous regions: 15->15
[2020-10-24T06:52:22.987+0000][7][gc,metaspace ] GC(464) Metaspace: 110293K(119076K)->110293K(119076K) NonClass: 96370K(101592K)->96370K(101592K) Class: 13923K(17484K)->13923K(17484K)
[2020-10-24T06:52:22.988+0000][7][gc           ] GC(464) Pause Young (Concurrent Start) (G1 Evacuation Pause) 186M->141M(256M) 9.738ms
[2020-10-24T06:52:22.988+0000][7][gc,cpu       ] GC(464) User=0.01s Sys=0.00s Real=0.01s
[2020-10-24T06:52:22.988+0000][7][gc           ] GC(465) Concurrent Cycle
[2020-10-24T06:52:22.988+0000][7][safepoint    ] Safepoint "G1CollectForAllocation", Time since last: 800791500 ns, Reaching safepoint: 240500 ns, At safepoint: 10195900 ns, Total: 10436400 ns
[2020-10-24T06:52:22.988+0000][7][gc,marking   ] GC(465) Concurrent Clear Claimed Marks
[2020-10-24T06:52:22.989+0000][7][gc,marking   ] GC(465) Concurrent Clear Claimed Marks 0.952ms
[2020-10-24T06:52:22.989+0000][7][gc,marking   ] GC(465) Concurrent Scan Root Regions
[2020-10-24T06:52:22.991+0000][7][gc,marking   ] GC(465) Concurrent Scan Root Regions 1.151ms
[2020-10-24T06:52:22.991+0000][7][gc,marking   ] GC(465) Concurrent Mark (4100.357s)
[2020-10-24T06:52:22.991+0000][7][gc,marking   ] GC(465) Concurrent Mark From Roots
[2020-10-24T06:52:22.991+0000][7][gc,task      ] GC(465) Using 3 workers of 3 for marking
[2020-10-24T06:52:23.007+0000][7][safepoint    ] Safepoint "BulkRevokeBias", Time since last: 17401200 ns, Reaching safepoint: 354200 ns, At safepoint: 1235700 ns, Total: 1589900 ns
[2020-10-24T06:52:23.013+0000][7][safepoint    ] Safepoint "BulkRevokeBias", Time since last: 5039000 ns, Reaching safepoint: 323800 ns, At safepoint: 695300 ns, Total: 1019100 ns
[2020-10-24T06:52:23.044+0000][7][gc,marking   ] GC(465) Concurrent Mark From Roots 52.933ms
[2020-10-24T06:52:23.044+0000][7][gc,marking   ] GC(465) Concurrent Preclean
[2020-10-24T06:52:23.045+0000][7][gc,marking   ] GC(465) Concurrent Preclean 0.689ms
[2020-10-24T06:52:23.045+0000][7][gc,marking   ] GC(465) Concurrent Mark (4100.357s, 4100.412s) 54.430ms
[2020-10-24T06:52:23.046+0000][7][gc,start     ] GC(465) Pause Remark
[2020-10-24T06:52:23.052+0000][7][gc           ] GC(465) Pause Remark 174M->174M(256M) 6.289ms
[2020-10-24T06:52:23.052+0000][7][gc,cpu       ] GC(465) User=0.02s Sys=0.01s Real=0.01s
[2020-10-24T06:52:23.053+0000][7][safepoint    ] Safepoint "G1Concurrent", Time since last: 32426600 ns, Reaching safepoint: 270500 ns, At safepoint: 7039100 ns, Total: 7309600 ns
[2020-10-24T06:52:23.053+0000][7][gc,marking   ] GC(465) Concurrent Rebuild Remembered Sets
[2020-10-24T06:52:23.091+0000][7][gc,marking   ] GC(465) Concurrent Rebuild Remembered Sets 37.842ms
[2020-10-24T06:52:23.092+0000][7][gc,start     ] GC(465) Pause Cleanup
[2020-10-24T06:52:23.092+0000][7][gc           ] GC(465) Pause Cleanup 174M->174M(256M) 0.518ms
[2020-10-24T06:52:23.092+0000][7][gc,cpu       ] GC(465) User=0.00s Sys=0.00s Real=0.00s
[2020-10-24T06:52:23.093+0000][7][safepoint    ] Safepoint "G1Concurrent", Time since last: 38605500 ns, Reaching safepoint: 187600 ns, At safepoint: 1168200 ns, Total: 1355800 ns
[2020-10-24T06:52:23.093+0000][7][gc,marking   ] GC(465) Concurrent Cleanup for Next Mark
[2020-10-24T06:52:23.094+0000][7][gc,marking   ] GC(465) Concurrent Cleanup for Next Mark 0.614ms
[2020-10-24T06:52:23.094+0000][7][gc           ] GC(465) Concurrent Cycle 106.010ms
[2020-10-24T06:52:24.201+0000][7][safepoint    ] Safepoint "Cleanup", Time since last: 1107780000 ns, Reaching safepoint: 265900 ns, At safepoint: 12300 ns, Total: 278200 ns
[2020-10-24T06:52:24.203+0000][7][safepoint    ] Safepoint "BulkRevokeBias", Time since last: 1126100 ns, Reaching safepoint: 226600 ns, At safepoint: 1137500 ns, Total: 1364100 ns
[2020-10-24T06:52:25.204+0000][7][safepoint    ] Safepoint "Cleanup", Time since last: 1000476600 ns, Reaching safepoint: 256700 ns, At safepoint: 8600 ns, Total: 265300 ns
[2020-10-24T06:52:26.206+0000][7][safepoint    ] Safepoint "Cleanup", Time since last: 1000595300 ns, Reaching safepoint: 863500 ns, At safepoint: 44300 ns, Total: 907800 ns
[2020-10-24T06:52:27.208+0000][7][safepoint    ] Safepoint "Cleanup", Time since last: 1001333700 ns, Reaching safepoint: 716800 ns, At safepoint: 109300 ns, Total: 826100 ns
[2020-10-24T06:52:28.209+0000][7][safepoint    ] Safepoint "Cleanup", Time since last: 1001047900 ns, Reaching safepoint: 463600 ns, At safepoint: 23600 ns, Total: 487200 ns
[2020-10-24T06:52:29.211+0000][7][safepoint    ] Safepoint "Cleanup", Time since last: 1000974500 ns, Reaching safepoint: 848800 ns, At safepoint: 45500 ns, Total: 894300 ns
[2020-10-24T06:52:30.209+0000][7][gc,start     ] GC(466) Pause Young (Normal) (G1 Evacuation Pause)
[2020-10-24T06:52:30.210+0000][7][gc,task      ] GC(466) Using 6 workers of 10 for evacuation
[2020-10-24T06:52:30.211+0000][7][gc,age       ] GC(466) Desired survivor size 3145728 bytes, new threshold 3 (max threshold 15)
[2020-10-24T06:52:30.220+0000][7][gc,age       ] GC(466) Age table with threshold 3 (max threshold 15)
[2020-10-24T06:52:30.221+0000][7][gc,age       ] GC(466) - age   1:     381256 bytes,     381256 total
[2020-10-24T06:52:30.221+0000][7][gc,age       ] GC(466) - age   2:     324040 bytes,     705296 total
[2020-10-24T06:52:30.221+0000][7][gc,age       ] GC(466) - age   3:     511136 bytes,    1216432 total
[2020-10-24T06:52:30.222+0000][7][gc,phases    ] GC(466)   Pre Evacuate Collection Set: 0.5ms
[2020-10-24T06:52:30.222+0000][7][gc,phases    ] GC(466)   Merge Heap Roots: 0.8ms
[2020-10-24T06:52:30.222+0000][7][gc,phases    ] GC(466)   Evacuate Collection Set: 6.4ms
[2020-10-24T06:52:30.222+0000][7][gc,phases    ] GC(466)   Post Evacuate Collection Set: 0.8ms
[2020-10-24T06:52:30.223+0000][7][gc,phases    ] GC(466)   Other: 4.5ms
[2020-10-24T06:52:30.223+0000][7][gc,heap      ] GC(466) Eden regions: 41->0(45)
[2020-10-24T06:52:30.223+0000][7][gc,heap      ] GC(466) Survivor regions: 7->2(6)
[2020-10-24T06:52:30.223+0000][7][gc,heap      ] GC(466) Old regions: 120->123
[2020-10-24T06:52:30.223+0000][7][gc,heap      ] GC(466) Archive regions: 2->2
[2020-10-24T06:52:30.224+0000][7][gc,heap      ] GC(466) Humongous regions: 15->15
[2020-10-24T06:52:30.224+0000][7][gc,metaspace ] GC(466) Metaspace: 110293K(119076K)->110293K(119076K) NonClass: 96370K(101592K)->96370K(101592K) Class: 13923K(17484K)->13923K(17484K)
[2020-10-24T06:52:30.224+0000][7][gc           ] GC(466) Pause Young (Normal) (G1 Evacuation Pause) 182M->139M(256M) 15.387ms
[2020-10-24T06:52:30.224+0000][7][gc,cpu       ] GC(466) User=0.05s Sys=0.00s Real=0.01s
[2020-10-24T06:52:30.224+0000][7][safepoint    ] Safepoint "G1CollectForAllocation", Time since last: 996410500 ns, Reaching safepoint: 889100 ns, At safepoint: 15872600 ns, Total: 16761700 ns
[2020-10-24T06:52:31.225+0000][7][safepoint    ] Safepoint "Cleanup", Time since last: 1000357100 ns, Reaching safepoint: 753600 ns, At safepoint: 45900 ns, Total: 799500 ns
[2020-10-24T06:52:32.228+0000][7][safepoint    ] Safepoint "Cleanup", Time since last: 1001390600 ns, Reaching safepoint: 849400 ns, At safepoint: 43000 ns, Total: 892400 ns
[2020-10-24T06:52:34.204+0000][7][safepoint    ] Safepoint "Cleanup", Time since last: 1975647100 ns, Reaching safepoint: 726300 ns, At safepoint: 48200 ns, Total: 774500 ns
[2020-10-24T06:52:35.206+0000][7][safepoint    ] Safepoint "Cleanup", Time since last: 1001364200 ns, Reaching safepoint: 380900 ns, At safepoint: 23500 ns, Total: 404400 ns
[2020-10-24T06:52:36.208+0000][7][safepoint    ] Safepoint "Cleanup", Time since last: 1000838100 ns, Reaching safepoint: 893100 ns, At safepoint: 117600 ns, Total: 1010700 ns
[2020-10-24T06:52:37.209+0000][7][safepoint    ] Safepoint "Cleanup", Time since last: 1001317000 ns, Reaching safepoint: 228000 ns, At safepoint: 9000 ns, Total: 237000 ns
[2020-10-24T06:52:38.210+0000][7][safepoint    ] Safepoint "Cleanup", Time since last: 1000503700 ns, Reaching safepoint: 270900 ns, At safepoint: 8800 ns, Total: 279700 ns
[2020-10-24T06:52:39.212+0000][7][safepoint    ] Safepoint "Cleanup", Time since last: 1000525000 ns, Reaching safepoint: 1021100 ns, At safepoint: 127100 ns, Total: 1148200 ns
[2020-10-24T06:52:40.214+0000][7][safepoint    ] Safepoint "Cleanup", Time since last: 1001466000 ns, Reaching safepoint: 705500 ns, At safepoint: 27500 ns, Total: 733000 ns
[2020-10-24T06:52:41.215+0000][7][safepoint    ] Safepoint "Cleanup", Time since last: 1000867600 ns, Reaching safepoint: 236900 ns, At safepoint: 9900 ns, Total: 246800 ns
[2020-10-24T06:52:42.216+0000][7][safepoint    ] Safepoint "Cleanup", Time since last: 1000664900 ns, Reaching safepoint: 576200 ns, At safepoint: 30100 ns, Total: 606300 ns
[2020-10-24T06:52:43.218+0000][7][safepoint    ] Safepoint "Cleanup", Time since last: 1001231100 ns, Reaching safepoint: 750400 ns, At safepoint: 44000 ns, Total: 794400 ns
[2020-10-24T06:52:44.221+0000][7][safepoint    ] Safepoint "Cleanup", Time since last: 1001399400 ns, Reaching safepoint: 889000 ns, At safepoint: 45100 ns, Total: 934100 ns
[2020-10-24T06:52:46.215+0000][7][safepoint    ] Safepoint "Cleanup", Time since last: 1993744700 ns, Reaching safepoint: 814100 ns, At safepoint: 44500 ns, Total: 858600 ns
[2020-10-24T06:52:47.217+0000][7][safepoint    ] Safepoint "Cleanup", Time since last: 1001342000 ns, Reaching safepoint: 677500 ns, At safepoint: 48200 ns, Total: 725700 ns
[2020-10-24T06:52:48.219+0000][7][safepoint    ] Safepoint "Cleanup", Time since last: 1001254100 ns, Reaching safepoint: 431600 ns, At safepoint: 22300 ns, Total: 453900 ns
[2020-10-24T06:52:49.220+0000][7][safepoint    ] Safepoint "Cleanup", Time since last: 1000781100 ns, Reaching safepoint: 226300 ns, At safepoint: 8500 ns, Total: 234800 ns
[2020-10-24T06:52:50.221+0000][7][safepoint    ] Safepoint "Cleanup", Time since last: 1000493600 ns, Reaching safepoint: 260100 ns, At safepoint: 8700 ns, Total: 268800 ns
[2020-10-24T06:52:51.222+0000][7][safepoint    ] Safepoint "Cleanup", Time since last: 1000625800 ns, Reaching safepoint: 863200 ns, At safepoint: 44800 ns, Total: 908000 ns
[2020-10-24T06:52:52.224+0000][7][safepoint    ] Safepoint "Cleanup", Time since last: 1001227000 ns, Reaching safepoint: 220200 ns, At safepoint: 9200 ns, Total: 229400 ns
[2020-10-24T06:52:53.225+0000][7][safepoint    ] Safepoint "Cleanup", Time since last: 1000612900 ns, Reaching safepoint: 843300 ns, At safepoint: 44000 ns, Total: 887300 ns
[2020-10-24T06:52:54.228+0000][7][safepoint    ] Safepoint "Cleanup", Time since last: 1001462200 ns, Reaching safepoint: 811800 ns, At safepoint: 37800 ns, Total: 849600 ns
[2020-10-24T06:52:55.230+0000][7][safepoint    ] Safepoint "Cleanup", Time since last: 1001337900 ns, Reaching safepoint: 811000 ns, At safepoint: 46900 ns, Total: 857900 ns
[2020-10-24T06:52:56.232+0000][7][safepoint    ] Safepoint "Cleanup", Time since last: 1001303100 ns, Reaching safepoint: 346900 ns, At safepoint: 17300 ns, Total: 364200 ns
[2020-10-24T06:52:57.232+0000][7][safepoint    ] Safepoint "Cleanup", Time since last: 1000650700 ns, Reaching safepoint: 251100 ns, At safepoint: 14100 ns, Total: 265200 ns
[2020-10-24T06:52:58.233+0000][7][safepoint    ] Safepoint "Cleanup", Time since last: 1000570500 ns, Reaching safepoint: 290300 ns, At safepoint: 8400 ns, Total: 298700 ns
[2020-10-24T06:52:59.235+0000][7][safepoint    ] Safepoint "Cleanup", Time since last: 1000596500 ns, Reaching safepoint: 780100 ns, At safepoint: 93700 ns, Total: 873800 ns
[2020-10-24T06:53:00.224+0000][7][gc,start     ] GC(467) Pause Young (Concurrent Start) (G1 Evacuation Pause)
[2020-10-24T06:53:00.224+0000][7][gc,task      ] GC(467) Using 6 workers of 10 for evacuation
[2020-10-24T06:53:00.225+0000][7][gc,age       ] GC(467) Desired survivor size 3145728 bytes, new threshold 15 (max threshold 15)
[2020-10-24T06:53:00.229+0000][7][gc,age       ] GC(467) Age table with threshold 15 (max threshold 15)
[2020-10-24T06:53:00.229+0000][7][gc,age       ] GC(467) - age   1:     774000 bytes,     774000 total
[2020-10-24T06:53:00.229+0000][7][gc,age       ] GC(467) - age   2:     202984 bytes,     976984 total
[2020-10-24T06:53:00.230+0000][7][gc,age       ] GC(467) - age   3:     295848 bytes,    1272832 total
[2020-10-24T06:53:00.230+0000][7][gc,age       ] GC(467) - age   4:     502152 bytes,    1774984 total
[2020-10-24T06:53:00.230+0000][7][gc,phases    ] GC(467)   Pre Evacuate Collection Set: 0.6ms
[2020-10-24T06:53:00.230+0000][7][gc,phases    ] GC(467)   Merge Heap Roots: 0.2ms
[2020-10-24T06:53:00.230+0000][7][gc,phases    ] GC(467)   Evacuate Collection Set: 1.8ms
[2020-10-24T06:53:00.231+0000][7][gc,phases    ] GC(467)   Post Evacuate Collection Set: 0.9ms
[2020-10-24T06:53:00.231+0000][7][gc,phases    ] GC(467)   Other: 2.7ms
[2020-10-24T06:53:00.231+0000][7][gc,heap      ] GC(467) Eden regions: 45->0(46)
[2020-10-24T06:53:00.231+0000][7][gc,heap      ] GC(467) Survivor regions: 2->2(6)
[2020-10-24T06:53:00.231+0000][7][gc,heap      ] GC(467) Old regions: 123->123
[2020-10-24T06:53:00.231+0000][7][gc,heap      ] GC(467) Archive regions: 2->2
[2020-10-24T06:53:00.231+0000][7][gc,heap      ] GC(467) Humongous regions: 15->15
[2020-10-24T06:53:00.231+0000][7][gc,metaspace ] GC(467) Metaspace: 110302K(119076K)->110302K(119076K) NonClass: 96378K(101592K)->96378K(101592K) Class: 13923K(17484K)->13923K(17484K)
[2020-10-24T06:53:00.232+0000][7][gc           ] GC(467) Pause Young (Concurrent Start) (G1 Evacuation Pause) 184M->139M(256M) 7.688ms
[2020-10-24T06:53:00.232+0000][7][gc,cpu       ] GC(467) User=0.01s Sys=0.00s Real=0.01s
[2020-10-24T06:53:00.232+0000][7][safepoint    ] Safepoint "G1CollectForAllocation", Time since last: 988805100 ns, Reaching safepoint: 262500 ns, At safepoint: 7995600 ns, Total: 8258100 ns
[2020-10-24T06:53:00.232+0000][7][gc           ] GC(468) Concurrent Cycle
[2020-10-24T06:53:00.232+0000][7][gc,marking   ] GC(468) Concurrent Clear Claimed Marks
[2020-10-24T06:53:00.233+0000][7][gc,marking   ] GC(468) Concurrent Clear Claimed Marks 0.653ms
[2020-10-24T06:53:00.233+0000][7][gc,marking   ] GC(468) Concurrent Scan Root Regions
[2020-10-24T06:53:00.234+0000][7][gc,marking   ] GC(468) Concurrent Scan Root Regions 1.209ms
[2020-10-24T06:53:00.235+0000][7][gc,marking   ] GC(468) Concurrent Mark (4137.601s)
[2020-10-24T06:53:00.235+0000][7][gc,marking   ] GC(468) Concurrent Mark From Roots
[2020-10-24T06:53:00.235+0000][7][gc,task      ] GC(468) Using 3 workers of 3 for marking
[2020-10-24T06:53:00.291+0000][7][gc,marking   ] GC(468) Concurrent Mark From Roots 56.027ms
[2020-10-24T06:53:00.291+0000][7][gc,marking   ] GC(468) Concurrent Preclean
[2020-10-24T06:53:00.292+0000][7][gc,marking   ] GC(468) Concurrent Preclean 0.772ms
[2020-10-24T06:53:00.292+0000][7][gc,marking   ] GC(468) Concurrent Mark (4137.601s, 4137.659s) 57.718ms
[2020-10-24T06:53:00.293+0000][7][gc,start     ] GC(468) Pause Remark
[2020-10-24T06:53:00.300+0000][7][gc           ] GC(468) Pause Remark 148M->148M(256M) 6.856ms
[2020-10-24T06:53:00.300+0000][7][gc,cpu       ] GC(468) User=0.03s Sys=0.00s Real=0.01s
[2020-10-24T06:53:00.301+0000][7][safepoint    ] Safepoint "G1Concurrent", Time since last: 60780900 ns, Reaching safepoint: 217200 ns, At safepoint: 7627200 ns, Total: 7844400 ns
[2020-10-24T06:53:00.301+0000][7][gc,marking   ] GC(468) Concurrent Rebuild Remembered Sets
[2020-10-24T06:53:00.335+0000][7][gc,marking   ] GC(468) Concurrent Rebuild Remembered Sets 33.574ms
[2020-10-24T06:53:00.335+0000][7][gc,start     ] GC(468) Pause Cleanup
[2020-10-24T06:53:00.336+0000][7][gc           ] GC(468) Pause Cleanup 148M->148M(256M) 0.537ms
[2020-10-24T06:53:00.336+0000][7][gc,cpu       ] GC(468) User=0.00s Sys=0.00s Real=0.00s
[2020-10-24T06:53:00.336+0000][7][safepoint    ] Safepoint "G1Concurrent", Time since last: 34425700 ns, Reaching safepoint: 205100 ns, At safepoint: 1188200 ns, Total: 1393300 ns
[2020-10-24T06:53:00.337+0000][7][gc,marking   ] GC(468) Concurrent Cleanup for Next Mark
[2020-10-24T06:53:00.337+0000][7][gc,marking   ] GC(468) Concurrent Cleanup for Next Mark 0.651ms
[2020-10-24T06:53:00.338+0000][7][gc           ] GC(468) Concurrent Cycle 105.740ms
[2020-10-24T06:53:02.234+0000][7][safepoint    ] Safepoint "Cleanup", Time since last: 1896720100 ns, Reaching safepoint: 899900 ns, At safepoint: 44300 ns, Total: 944200 ns
[2020-10-24T06:53:03.236+0000][7][safepoint    ] Safepoint "Cleanup", Time since last: 1001289400 ns, Reaching safepoint: 273700 ns, At safepoint: 8900 ns, Total: 282600 ns
[2020-10-24T06:53:04.236+0000][7][safepoint    ] Safepoint "Cleanup", Time since last: 1000534800 ns, Reaching safepoint: 282000 ns, At safepoint: 8500 ns, Total: 290500 ns
[2020-10-24T06:53:05.237+0000][7][safepoint    ] Safepoint "Cleanup", Time since last: 1000531500 ns, Reaching safepoint: 281500 ns, At safepoint: 13100 ns, Total: 294600 ns
[2020-10-24T06:53:06.238+0000][7][safepoint    ] Safepoint "Cleanup", Time since last: 1000588500 ns, Reaching safepoint: 427400 ns, At safepoint: 22700 ns, Total: 450100 ns
[2020-10-24T06:53:07.239+0000][7][safepoint    ] Safepoint "Cleanup", Time since last: 1000738400 ns, Reaching safepoint: 211600 ns, At safepoint: 8800 ns, Total: 220400 ns
[2020-10-24T06:53:08.240+0000][7][safepoint    ] Safepoint "Cleanup", Time since last: 1000572200 ns, Reaching safepoint: 236300 ns, At safepoint: 12200 ns, Total: 248500 ns
[2020-10-24T06:53:09.241+0000][7][safepoint    ] Safepoint "Cleanup", Time since last: 1000590300 ns, Reaching safepoint: 255400 ns, At safepoint: 10900 ns, Total: 266300 ns
[2020-10-24T06:53:10.242+0000][7][safepoint    ] Safepoint "Cleanup", Time since last: 1000670200 ns, Reaching safepoint: 578400 ns, At safepoint: 38000 ns, Total: 616400 ns
[2020-10-24T06:53:11.244+0000][7][safepoint    ] Safepoint "Cleanup", Time since last: 1001337100 ns, Reaching safepoint: 813200 ns, At safepoint: 57400 ns, Total: 870600 ns
[2020-10-24T06:53:12.246+0000][7][safepoint    ] Safepoint "Cleanup", Time since last: 1001085200 ns, Reaching safepoint: 217500 ns, At safepoint: 9100 ns, Total: 226600 ns
[2020-10-24T06:53:13.246+0000][7][safepoint    ] Safepoint "Cleanup", Time since last: 1000436800 ns, Reaching safepoint: 234800 ns, At safepoint: 10400 ns, Total: 245200 ns
[2020-10-24T06:53:13.781+0000][7][gc,start     ] GC(469) Pause Young (Normal) (G1 Evacuation Pause)
[2020-10-24T06:53:13.782+0000][7][gc,task      ] GC(469) Using 6 workers of 10 for evacuation
[2020-10-24T06:53:13.782+0000][7][gc,age       ] GC(469) Desired survivor size 3145728 bytes, new threshold 15 (max threshold 15)
[2020-10-24T06:53:13.785+0000][7][gc,age       ] GC(469) Age table with threshold 15 (max threshold 15)
[2020-10-24T06:53:13.785+0000][7][gc,age       ] GC(469) - age   1:    2323264 bytes,    2323264 total
[2020-10-24T06:53:13.786+0000][7][gc,age       ] GC(469) - age   2:      64064 bytes,    2387328 total
[2020-10-24T06:53:13.786+0000][7][gc,age       ] GC(469) - age   3:     201696 bytes,    2589024 total
[2020-10-24T06:53:13.786+0000][7][gc,age       ] GC(469) - age   4:     294744 bytes,    2883768 total
[2020-10-24T06:53:13.786+0000][7][gc,age       ] GC(469) - age   5:     396584 bytes,    3280352 total
[2020-10-24T06:53:13.787+0000][7][gc,phases    ] GC(469)   Pre Evacuate Collection Set: 0.1ms
[2020-10-24T06:53:13.787+0000][7][gc,phases    ] GC(469)   Merge Heap Roots: 0.2ms
[2020-10-24T06:53:13.787+0000][7][gc,phases    ] GC(469)   Evacuate Collection Set: 1.7ms
[2020-10-24T06:53:13.787+0000][7][gc,phases    ] GC(469)   Post Evacuate Collection Set: 0.9ms
[2020-10-24T06:53:13.787+0000][7][gc,phases    ] GC(469)   Other: 2.5ms
[2020-10-24T06:53:13.787+0000][7][gc,heap      ] GC(469) Eden regions: 46->0(43)
[2020-10-24T06:53:13.788+0000][7][gc,heap      ] GC(469) Survivor regions: 2->4(6)
[2020-10-24T06:53:13.788+0000][7][gc,heap      ] GC(469) Old regions: 123->123
[2020-10-24T06:53:13.788+0000][7][gc,heap      ] GC(469) Archive regions: 2->2
[2020-10-24T06:53:13.788+0000][7][gc,heap      ] GC(469) Humongous regions: 15->15
[2020-10-24T06:53:13.788+0000][7][gc,metaspace ] GC(469) Metaspace: 110302K(119076K)->110302K(119076K) NonClass: 96378K(101592K)->96378K(101592K) Class: 13923K(17484K)->13923K(17484K)
[2020-10-24T06:53:13.789+0000][7][gc           ] GC(469) Pause Young (Normal) (G1 Evacuation Pause) 185M->141M(256M) 7.416ms
[2020-10-24T06:53:13.789+0000][7][gc,cpu       ] GC(469) User=0.02s Sys=0.00s Real=0.01s
[2020-10-24T06:53:13.789+0000][7][safepoint    ] Safepoint "G1CollectForAllocation", Time since last: 534565000 ns, Reaching safepoint: 267500 ns, At safepoint: 7887600 ns, Total: 8155100 ns
[2020-10-24T06:53:14.790+0000][7][safepoint    ] Safepoint "Cleanup", Time since last: 1000434700 ns, Reaching safepoint: 633700 ns, At safepoint: 46400 ns, Total: 680100 ns
[2020-10-24T06:53:15.792+0000][7][safepoint    ] Safepoint "Cleanup", Time since last: 1001121100 ns, Reaching safepoint: 290100 ns, At safepoint: 9200 ns, Total: 299300 ns
[2020-10-24T06:53:16.792+0000][7][safepoint    ] Safepoint "Cleanup", Time since last: 1000516200 ns, Reaching safepoint: 255800 ns, At safepoint: 8900 ns, Total: 264700 ns
[2020-10-24T06:53:17.794+0000][7][safepoint    ] Safepoint "Cleanup", Time since last: 1000543100 ns, Reaching safepoint: 900400 ns, At safepoint: 45900 ns, Total: 946300 ns
[2020-10-24T06:53:18.796+0000][7][safepoint    ] Safepoint "Cleanup", Time since last: 1001273100 ns, Reaching safepoint: 741600 ns, At safepoint: 130200 ns, Total: 871800 ns
[2020-10-24T06:53:19.798+0000][7][safepoint    ] Safepoint "Cleanup", Time since last: 1001392700 ns, Reaching safepoint: 823800 ns, At safepoint: 44800 ns, Total: 868600 ns
[2020-10-24T06:53:20.800+0000][7][safepoint    ] Safepoint "Cleanup", Time since last: 1001198500 ns, Reaching safepoint: 787200 ns, At safepoint: 44600 ns, Total: 831800 ns
[2020-10-24T06:53:21.803+0000][7][safepoint    ] Safepoint "Cleanup", Time since last: 1001280400 ns, Reaching safepoint: 840600 ns, At safepoint: 44700 ns, Total: 885300 ns
[2020-10-24T06:53:23.052+0000][7][gc,start     ] GC(470) Pause Young (Concurrent Start) (G1 Evacuation Pause)
[2020-10-24T06:53:23.052+0000][7][gc,task      ] GC(470) Using 6 workers of 10 for evacuation
[2020-10-24T06:53:23.052+0000][7][gc,age       ] GC(470) Desired survivor size 3145728 bytes, new threshold 5 (max threshold 15)
[2020-10-24T06:53:23.056+0000][7][gc,age       ] GC(470) Age table with threshold 5 (max threshold 15)
[2020-10-24T06:53:23.056+0000][7][gc,age       ] GC(470) - age   1:    4608040 bytes,    4608040 total
[2020-10-24T06:53:23.057+0000][7][gc,age       ] GC(470) - age   2:     988384 bytes,    5596424 total
[2020-10-24T06:53:23.057+0000][7][gc,age       ] GC(470) - age   3:      21032 bytes,    5617456 total
[2020-10-24T06:53:23.057+0000][7][gc,age       ] GC(470) - age   4:     200640 bytes,    5818096 total
[2020-10-24T06:53:23.058+0000][7][gc,age       ] GC(470) - age   5:     276640 bytes,    6094736 total
[2020-10-24T06:53:23.058+0000][7][gc,phases    ] GC(470)   Pre Evacuate Collection Set: 0.6ms
[2020-10-24T06:53:23.058+0000][7][gc,phases    ] GC(470)   Merge Heap Roots: 0.1ms
[2020-10-24T06:53:23.058+0000][7][gc,phases    ] GC(470)   Evacuate Collection Set: 1.9ms
[2020-10-24T06:53:23.058+0000][7][gc,phases    ] GC(470)   Post Evacuate Collection Set: 0.7ms
[2020-10-24T06:53:23.059+0000][7][gc,phases    ] GC(470)   Other: 2.8ms
[2020-10-24T06:53:23.059+0000][7][gc,heap      ] GC(470) Eden regions: 43->0(38)
[2020-10-24T06:53:23.059+0000][7][gc,heap      ] GC(470) Survivor regions: 4->6(6)
[2020-10-24T06:53:23.059+0000][7][gc,heap      ] GC(470) Old regions: 123->123
[2020-10-24T06:53:23.059+0000][7][gc,heap      ] GC(470) Archive regions: 2->2
[2020-10-24T06:53:23.059+0000][7][gc,heap      ] GC(470) Humongous regions: 15->15
[2020-10-24T06:53:23.059+0000][7][gc,metaspace ] GC(470) Metaspace: 110304K(119076K)->110304K(119076K) NonClass: 96381K(101592K)->96381K(101592K) Class: 13923K(17484K)->13923K(17484K)
[2020-10-24T06:53:23.060+0000][7][gc           ] GC(470) Pause Young (Concurrent Start) (G1 Evacuation Pause) 184M->144M(256M) 7.775ms
[2020-10-24T06:53:23.060+0000][7][gc,cpu       ] GC(470) User=0.01s Sys=0.00s Real=0.01s
[2020-10-24T06:53:23.060+0000][7][gc           ] GC(471) Concurrent Cycle
[2020-10-24T06:53:23.060+0000][7][safepoint    ] Safepoint "G1CollectForAllocation", Time since last: 1248935400 ns, Reaching safepoint: 263600 ns, At safepoint: 8121000 ns, Total: 8384600 ns
[2020-10-24T06:53:23.060+0000][7][gc,marking   ] GC(471) Concurrent Clear Claimed Marks
[2020-10-24T06:53:23.061+0000][7][gc,marking   ] GC(471) Concurrent Clear Claimed Marks 0.792ms
[2020-10-24T06:53:23.061+0000][7][gc,marking   ] GC(471) Concurrent Scan Root Regions
[2020-10-24T06:53:23.062+0000][7][gc,marking   ] GC(471) Concurrent Scan Root Regions 1.063ms
[2020-10-24T06:53:23.062+0000][7][gc,marking   ] GC(471) Concurrent Mark (4160.429s)
[2020-10-24T06:53:23.062+0000][7][gc,marking   ] GC(471) Concurrent Mark From Roots
[2020-10-24T06:53:23.063+0000][7][gc,task      ] GC(471) Using 3 workers of 3 for marking
[2020-10-24T06:53:23.090+0000][7][gc,start     ] GC(472) Pause Young (Normal) (G1 Evacuation Pause)
[2020-10-24T06:53:23.091+0000][7][gc,task      ] GC(472) Using 6 workers of 10 for evacuation
[2020-10-24T06:53:23.091+0000][7][gc,age       ] GC(472) Desired survivor size 3145728 bytes, new threshold 1 (max threshold 15)
[2020-10-24T06:53:23.094+0000][7][gc,age       ] GC(472) Age table with threshold 1 (max threshold 15)
[2020-10-24T06:53:23.095+0000][7][gc,age       ] GC(472) - age   1:     748416 bytes,     748416 total
[2020-10-24T06:53:23.095+0000][7][gc,phases    ] GC(472)   Pre Evacuate Collection Set: 0.1ms
[2020-10-24T06:53:23.095+0000][7][gc,phases    ] GC(472)   Merge Heap Roots: 0.1ms
[2020-10-24T06:53:23.095+0000][7][gc,phases    ] GC(472)   Evacuate Collection Set: 1.5ms
[2020-10-24T06:53:23.096+0000][7][gc,phases    ] GC(472)   Post Evacuate Collection Set: 0.9ms
[2020-10-24T06:53:23.096+0000][7][gc,phases    ] GC(472)   Other: 1.7ms
[2020-10-24T06:53:23.096+0000][7][gc,heap      ] GC(472) Eden regions: 38->0(40)
[2020-10-24T06:53:23.096+0000][7][gc,heap      ] GC(472) Survivor regions: 6->2(6)
[2020-10-24T06:53:23.096+0000][7][gc,heap      ] GC(472) Old regions: 123->126
[2020-10-24T06:53:23.096+0000][7][gc,heap      ] GC(472) Archive regions: 2->2
[2020-10-24T06:53:23.096+0000][7][gc,heap      ] GC(472) Humongous regions: 15->15
[2020-10-24T06:53:23.097+0000][7][gc,metaspace ] GC(472) Metaspace: 110304K(119076K)->110304K(119076K) NonClass: 96381K(101592K)->96381K(101592K) Class: 13923K(17484K)->13923K(17484K)
[2020-10-24T06:53:23.097+0000][7][gc           ] GC(472) Pause Young (Normal) (G1 Evacuation Pause) 182M->142M(256M) 6.224ms
[2020-10-24T06:53:23.097+0000][7][gc,cpu       ] GC(472) User=0.01s Sys=0.00s Real=0.00s
[2020-10-24T06:53:23.097+0000][7][safepoint    ] Safepoint "G1CollectForAllocation", Time since last: 30360500 ns, Reaching safepoint: 273600 ns, At safepoint: 6517800 ns, Total: 6791400 ns
[2020-10-24T06:53:23.122+0000][7][gc,marking   ] GC(471) Concurrent Mark From Roots 60.036ms
[2020-10-24T06:53:23.123+0000][7][gc,marking   ] GC(471) Concurrent Preclean
[2020-10-24T06:53:23.124+0000][7][gc,marking   ] GC(471) Concurrent Preclean 0.718ms
[2020-10-24T06:53:23.124+0000][7][gc,marking   ] GC(471) Concurrent Mark (4160.429s, 4160.490s) 61.681ms
[2020-10-24T06:53:23.124+0000][7][gc,start     ] GC(471) Pause Remark
[2020-10-24T06:53:23.131+0000][7][gc           ] GC(471) Pause Remark 151M->151M(256M) 6.859ms
[2020-10-24T06:53:23.132+0000][7][gc,cpu       ] GC(471) User=0.03s Sys=0.00s Real=0.01s
[2020-10-24T06:53:23.132+0000][7][safepoint    ] Safepoint "G1Concurrent", Time since last: 27250000 ns, Reaching safepoint: 255200 ns, At safepoint: 7570200 ns, Total: 7825400 ns
[2020-10-24T06:53:23.132+0000][7][gc,marking   ] GC(471) Concurrent Rebuild Remembered Sets
[2020-10-24T06:53:23.169+0000][7][gc,marking   ] GC(471) Concurrent Rebuild Remembered Sets 36.330ms
[2020-10-24T06:53:23.169+0000][7][gc,start     ] GC(471) Pause Cleanup
[2020-10-24T06:53:23.170+0000][7][gc           ] GC(471) Pause Cleanup 151M->151M(256M) 0.552ms
[2020-10-24T06:53:23.170+0000][7][gc,cpu       ] GC(471) User=0.00s Sys=0.00s Real=0.00s
[2020-10-24T06:53:23.171+0000][7][safepoint    ] Safepoint "G1Concurrent", Time since last: 37085100 ns, Reaching safepoint: 197000 ns, At safepoint: 1214100 ns, Total: 1411100 ns
[2020-10-24T06:53:23.171+0000][7][gc,marking   ] GC(471) Concurrent Cleanup for Next Mark
[2020-10-24T06:53:23.172+0000][7][gc,marking   ] GC(471) Concurrent Cleanup for Next Mark 0.643ms
[2020-10-24T06:53:23.172+0000][7][gc           ] GC(471) Concurrent Cycle 111.995ms
[2020-10-24T06:53:24.215+0000][7][safepoint    ] Safepoint "Cleanup", Time since last: 1044470500 ns, Reaching safepoint: 221700 ns, At safepoint: 9400 ns, Total: 231100 ns
[2020-10-24T06:53:25.217+0000][7][safepoint    ] Safepoint "Cleanup", Time since last: 1001408200 ns, Reaching safepoint: 265000 ns, At safepoint: 8800 ns, Total: 273800 ns
[2020-10-24T06:53:26.218+0000][7][safepoint    ] Safepoint "Cleanup", Time since last: 1000551800 ns, Reaching safepoint: 258800 ns, At safepoint: 9100 ns, Total: 267900 ns
[2020-10-24T06:53:27.219+0000][7][safepoint    ] Safepoint "Cleanup", Time since last: 1000637400 ns, Reaching safepoint: 555600 ns, At safepoint: 23100 ns, Total: 578700 ns
[2020-10-24T06:53:28.220+0000][7][safepoint    ] Safepoint "Cleanup", Time since last: 1000501500 ns, Reaching safepoint: 222200 ns, At safepoint: 11300 ns, Total: 233500 ns
[2020-10-24T06:53:29.221+0000][7][safepoint    ] Safepoint "Cleanup", Time since last: 1000490000 ns, Reaching safepoint: 807200 ns, At safepoint: 49300 ns, Total: 856500 ns
[2020-10-24T06:53:30.223+0000][7][safepoint    ] Safepoint "Cleanup", Time since last: 1001104800 ns, Reaching safepoint: 454400 ns, At safepoint: 23000 ns, Total: 477400 ns
[2020-10-24T06:53:31.224+0000][7][safepoint    ] Safepoint "Cleanup", Time since last: 1000798900 ns, Reaching safepoint: 807100 ns, At safepoint: 45300 ns, Total: 852400 ns
[2020-10-24T06:53:32.226+0000][7][safepoint    ] Safepoint "Cleanup", Time since last: 1001279700 ns, Reaching safepoint: 657100 ns, At safepoint: 49000 ns, Total: 706100 ns
[2020-10-24T06:53:33.228+0000][7][safepoint    ] Safepoint "Cleanup", Time since last: 1001282800 ns, Reaching safepoint: 301000 ns, At safepoint: 8900 ns, Total: 309900 ns
[2020-10-24T06:53:34.229+0000][7][safepoint    ] Safepoint "Cleanup", Time since last: 1000613200 ns, Reaching safepoint: 676100 ns, At safepoint: 37400 ns, Total: 713500 ns
[2020-10-24T06:53:35.231+0000][7][safepoint    ] Safepoint "Cleanup", Time since last: 1001310200 ns, Reaching safepoint: 878900 ns, At safepoint: 46900 ns, Total: 925800 ns
[2020-10-24T06:53:36.233+0000][7][safepoint    ] Safepoint "Cleanup", Time since last: 1001197400 ns, Reaching safepoint: 220300 ns, At safepoint: 9300 ns, Total: 229600 ns
[2020-10-24T06:53:37.234+0000][7][safepoint    ] Safepoint "Cleanup", Time since last: 1000523300 ns, Reaching safepoint: 209300 ns, At safepoint: 23200 ns, Total: 232500 ns
[2020-10-24T06:53:38.234+0000][7][safepoint    ] Safepoint "Cleanup", Time since last: 1000591500 ns, Reaching safepoint: 229200 ns, At safepoint: 9000 ns, Total: 238200 ns
[2020-10-24T06:53:39.236+0000][7][safepoint    ] Safepoint "Cleanup", Time since last: 1000582800 ns, Reaching safepoint: 616500 ns, At safepoint: 39300 ns, Total: 655800 ns
[2020-10-24T06:53:40.238+0000][7][safepoint    ] Safepoint "Cleanup", Time since last: 1001251500 ns, Reaching safepoint: 668600 ns, At safepoint: 63900 ns, Total: 732500 ns
[2020-10-24T06:53:41.240+0000][7][safepoint    ] Safepoint "Cleanup", Time since last: 1001325600 ns, Reaching safepoint: 641700 ns, At safepoint: 53200 ns, Total: 694900 ns
[2020-10-24T06:53:42.241+0000][7][safepoint    ] Safepoint "Cleanup", Time since last: 1001215200 ns, Reaching safepoint: 264900 ns, At safepoint: 8500 ns, Total: 273400 ns
[2020-10-24T06:53:43.242+0000][7][safepoint    ] Safepoint "Cleanup", Time since last: 1000590100 ns, Reaching safepoint: 644100 ns, At safepoint: 37500 ns, Total: 681600 ns
[2020-10-24T06:53:44.244+0000][7][safepoint    ] Safepoint "Cleanup", Time since last: 1001034800 ns, Reaching safepoint: 265600 ns, At safepoint: 9700 ns, Total: 275300 ns
[2020-10-24T06:53:45.245+0000][7][safepoint    ] Safepoint "Cleanup", Time since last: 1000530100 ns, Reaching safepoint: 246800 ns, At safepoint: 9300 ns, Total: 256100 ns
[2020-10-24T06:53:46.246+0000][7][safepoint    ] Safepoint "Cleanup", Time since last: 1000620900 ns, Reaching safepoint: 803900 ns, At safepoint: 46500 ns, Total: 850400 ns
[2020-10-24T06:53:46.295+0000][7][gc,start     ] GC(473) Pause Young (Normal) (G1 Evacuation Pause)
[2020-10-24T06:53:46.296+0000][7][gc,task      ] GC(473) Using 6 workers of 10 for evacuation
[2020-10-24T06:53:46.297+0000][7][gc,age       ] GC(473) Desired survivor size 3145728 bytes, new threshold 15 (max threshold 15)
[2020-10-24T06:53:46.305+0000][7][gc,age       ] GC(473) Age table with threshold 15 (max threshold 15)
[2020-10-24T06:53:46.305+0000][7][gc,age       ] GC(473) - age   1:     220920 bytes,     220920 total
[2020-10-24T06:53:46.306+0000][7][gc,age       ] GC(473) - age   2:      32464 bytes,     253384 total
[2020-10-24T06:53:46.306+0000][7][gc,phases    ] GC(473)   Pre Evacuate Collection Set: 0.5ms
[2020-10-24T06:53:46.306+0000][7][gc,phases    ] GC(473)   Merge Heap Roots: 0.5ms
[2020-10-24T06:53:46.306+0000][7][gc,phases    ] GC(473)   Evacuate Collection Set: 2.9ms
[2020-10-24T06:53:46.307+0000][7][gc,phases    ] GC(473)   Post Evacuate Collection Set: 2.6ms
[2020-10-24T06:53:46.307+0000][7][gc,phases    ] GC(473)   Other: 4.2ms
[2020-10-24T06:53:46.307+0000][7][gc,heap      ] GC(473) Eden regions: 40->0(42)
[2020-10-24T06:53:46.307+0000][7][gc,heap      ] GC(473) Survivor regions: 2->1(6)
[2020-10-24T06:53:46.307+0000][7][gc,heap      ] GC(473) Old regions: 126->126
[2020-10-24T06:53:46.308+0000][7][gc,heap      ] GC(473) Archive regions: 2->2
[2020-10-24T06:53:46.308+0000][7][gc,heap      ] GC(473) Humongous regions: 15->15
[2020-10-24T06:53:46.308+0000][7][gc,metaspace ] GC(473) Metaspace: 110305K(119076K)->110305K(119076K) NonClass: 96381K(101592K)->96381K(101592K) Class: 13923K(17484K)->13923K(17484K)
[2020-10-24T06:53:46.308+0000][7][gc           ] GC(473) Pause Young (Normal) (G1 Evacuation Pause) 182M->141M(256M) 12.890ms
[2020-10-24T06:53:46.308+0000][7][gc,cpu       ] GC(473) User=0.03s Sys=0.00s Real=0.02s
[2020-10-24T06:53:46.309+0000][7][safepoint    ] Safepoint "G1CollectForAllocation", Time since last: 48351900 ns, Reaching safepoint: 808100 ns, At safepoint: 13400300 ns, Total: 14208400 ns
[2020-10-24T06:53:47.679+0000][7][safepoint    ] Safepoint "Cleanup", Time since last: 1370098900 ns, Reaching safepoint: 230600 ns, At safepoint: 8800 ns, Total: 239400 ns
[2020-10-24T06:53:48.680+0000][7][safepoint    ] Safepoint "Cleanup", Time since last: 1000619300 ns, Reaching safepoint: 802700 ns, At safepoint: 45500 ns, Total: 848200 ns
[2020-10-24T06:53:49.683+0000][7][safepoint    ] Safepoint "Cleanup", Time since last: 1001374900 ns, Reaching safepoint: 797600 ns, At safepoint: 46500 ns, Total: 844100 ns
[2020-10-24T06:53:50.685+0000][7][safepoint    ] Safepoint "Cleanup", Time since last: 1001338500 ns, Reaching safepoint: 781900 ns, At safepoint: 45200 ns, Total: 827100 ns
[2020-10-24T06:53:51.687+0000][7][safepoint    ] Safepoint "Cleanup", Time since last: 1001272400 ns, Reaching safepoint: 782800 ns, At safepoint: 46100 ns, Total: 828900 ns
[2020-10-24T06:53:52.689+0000][7][safepoint    ] Safepoint "Cleanup", Time since last: 1001253300 ns, Reaching safepoint: 773200 ns, At safepoint: 47700 ns, Total: 820900 ns
[2020-10-24T06:53:53.690+0000][7][safepoint    ] Safepoint "Cleanup", Time since last: 1001133400 ns, Reaching safepoint: 295700 ns, At safepoint: 8400 ns, Total: 304100 ns
[2020-10-24T06:53:54.691+0000][7][safepoint    ] Safepoint "Cleanup", Time since last: 1000556100 ns, Reaching safepoint: 300300 ns, At safepoint: 17400 ns, Total: 317700 ns
[2020-10-24T06:53:55.692+0000][7][safepoint    ] Safepoint "Cleanup", Time since last: 1000613700 ns, Reaching safepoint: 208900 ns, At safepoint: 22800 ns, Total: 231700 ns
[2020-10-24T06:53:56.693+0000][7][safepoint    ] Safepoint "Cleanup", Time since last: 1000457800 ns, Reaching safepoint: 222100 ns, At safepoint: 22600 ns, Total: 244700 ns
[2020-10-24T06:53:57.694+0000][7][safepoint    ] Safepoint "Cleanup", Time since last: 1000615400 ns, Reaching safepoint: 779500 ns, At safepoint: 45900 ns, Total: 825400 ns
[2020-10-24T06:53:58.696+0000][7][safepoint    ] Safepoint "Cleanup", Time since last: 1001155100 ns, Reaching safepoint: 226900 ns, At safepoint: 9600 ns, Total: 236500 ns
[2020-10-24T06:53:59.697+0000][7][safepoint    ] Safepoint "Cleanup", Time since last: 1000595400 ns, Reaching safepoint: 639400 ns, At safepoint: 48400 ns, Total: 687800 ns
[2020-10-24T06:54:00.698+0000][7][safepoint    ] Safepoint "Cleanup", Time since last: 1001141200 ns, Reaching safepoint: 226500 ns, At safepoint: 22000 ns, Total: 248500 ns
[2020-10-24T06:54:01.699+0000][7][safepoint    ] Safepoint "Cleanup", Time since last: 1000510600 ns, Reaching safepoint: 197800 ns, At safepoint: 9500 ns, Total: 207300 ns
[2020-10-24T06:54:02.700+0000][7][safepoint    ] Safepoint "Cleanup", Time since last: 1000379600 ns, Reaching safepoint: 250000 ns, At safepoint: 9200 ns, Total: 259200 ns
[2020-10-24T06:54:03.279+0000][7][gc,start     ] GC(474) Pause Young (Concurrent Start) (G1 Evacuation Pause)
[2020-10-24T06:54:03.280+0000][7][gc,task      ] GC(474) Using 6 workers of 10 for evacuation
[2020-10-24T06:54:03.280+0000][7][gc,age       ] GC(474) Desired survivor size 3145728 bytes, new threshold 15 (max threshold 15)
[2020-10-24T06:54:03.284+0000][7][gc,age       ] GC(474) Age table with threshold 15 (max threshold 15)
[2020-10-24T06:54:03.284+0000][7][gc,age       ] GC(474) - age   1:     850736 bytes,     850736 total
[2020-10-24T06:54:03.284+0000][7][gc,age       ] GC(474) - age   2:     163352 bytes,    1014088 total
[2020-10-24T06:54:03.284+0000][7][gc,age       ] GC(474) - age   3:      32464 bytes,    1046552 total
[2020-10-24T06:54:03.285+0000][7][gc,phases    ] GC(474)   Pre Evacuate Collection Set: 0.6ms
[2020-10-24T06:54:03.285+0000][7][gc,phases    ] GC(474)   Merge Heap Roots: 0.2ms
[2020-10-24T06:54:03.285+0000][7][gc,phases    ] GC(474)   Evacuate Collection Set: 1.6ms
[2020-10-24T06:54:03.286+0000][7][gc,phases    ] GC(474)   Post Evacuate Collection Set: 0.9ms
[2020-10-24T06:54:03.286+0000][7][gc,phases    ] GC(474)   Other: 2.2ms
[2020-10-24T06:54:03.286+0000][7][gc,heap      ] GC(474) Eden regions: 42->0(42)
[2020-10-24T06:54:03.286+0000][7][gc,heap      ] GC(474) Survivor regions: 1->2(6)
[2020-10-24T06:54:03.287+0000][7][gc,heap      ] GC(474) Old regions: 126->126
[2020-10-24T06:54:03.287+0000][7][gc,heap      ] GC(474) Archive regions: 2->2
[2020-10-24T06:54:03.287+0000][7][gc,heap      ] GC(474) Humongous regions: 15->15
[2020-10-24T06:54:03.287+0000][7][gc,metaspace ] GC(474) Metaspace: 110305K(119076K)->110305K(119076K) NonClass: 96381K(101592K)->96381K(101592K) Class: 13923K(17484K)->13923K(17484K)
[2020-10-24T06:54:03.287+0000][7][gc           ] GC(474) Pause Young (Concurrent Start) (G1 Evacuation Pause) 183M->142M(256M) 7.923ms
[2020-10-24T06:54:03.287+0000][7][gc,cpu       ] GC(474) User=0.01s Sys=0.00s Real=0.01s
[2020-10-24T06:54:03.288+0000][7][gc           ] GC(475) Concurrent Cycle
[2020-10-24T06:54:03.288+0000][7][gc,marking   ] GC(475) Concurrent Clear Claimed Marks
[2020-10-24T06:54:03.288+0000][7][safepoint    ] Safepoint "G1CollectForAllocation", Time since last: 579414000 ns, Reaching safepoint: 193100 ns, At safepoint: 8366000 ns, Total: 8559100 ns
[2020-10-24T06:54:03.288+0000][7][gc,marking   ] GC(475) Concurrent Clear Claimed Marks 0.609ms
[2020-10-24T06:54:03.289+0000][7][gc,marking   ] GC(475) Concurrent Scan Root Regions
[2020-10-24T06:54:03.289+0000][7][gc,marking   ] GC(475) Concurrent Scan Root Regions 0.727ms
[2020-10-24T06:54:03.289+0000][7][gc,marking   ] GC(475) Concurrent Mark (4200.656s)
[2020-10-24T06:54:03.290+0000][7][gc,marking   ] GC(475) Concurrent Mark From Roots
[2020-10-24T06:54:03.290+0000][7][gc,task      ] GC(475) Using 3 workers of 3 for marking
[2020-10-24T06:54:03.340+0000][7][gc,marking   ] GC(475) Concurrent Mark From Roots 50.417ms
[2020-10-24T06:54:03.340+0000][7][gc,marking   ] GC(475) Concurrent Preclean
[2020-10-24T06:54:03.341+0000][7][gc,marking   ] GC(475) Concurrent Preclean 0.706ms
[2020-10-24T06:54:03.341+0000][7][gc,marking   ] GC(475) Concurrent Mark (4200.656s, 4200.708s) 51.878ms
[2020-10-24T06:54:03.342+0000][7][gc,start     ] GC(475) Pause Remark
[2020-10-24T06:54:03.349+0000][7][gc           ] GC(475) Pause Remark 146M->146M(256M) 6.964ms
[2020-10-24T06:54:03.349+0000][7][gc,cpu       ] GC(475) User=0.03s Sys=0.00s Real=0.01s
[2020-10-24T06:54:03.350+0000][7][safepoint    ] Safepoint "G1Concurrent", Time since last: 54066600 ns, Reaching safepoint: 247900 ns, At safepoint: 7658200 ns, Total: 7906100 ns
[2020-10-24T06:54:03.350+0000][7][gc,marking   ] GC(475) Concurrent Rebuild Remembered Sets
[2020-10-24T06:54:03.384+0000][7][gc,marking   ] GC(475) Concurrent Rebuild Remembered Sets 33.991ms
[2020-10-24T06:54:03.385+0000][7][gc,start     ] GC(475) Pause Cleanup
[2020-10-24T06:54:03.385+0000][7][gc           ] GC(475) Pause Cleanup 146M->146M(256M) 0.424ms
[2020-10-24T06:54:03.385+0000][7][gc,cpu       ] GC(475) User=0.00s Sys=0.00s Real=0.00s
[2020-10-24T06:54:03.385+0000][7][safepoint    ] Safepoint "G1Concurrent", Time since last: 34731800 ns, Reaching safepoint: 185800 ns, At safepoint: 942000 ns, Total: 1127800 ns
[2020-10-24T06:54:03.386+0000][7][gc,marking   ] GC(475) Concurrent Cleanup for Next Mark
[2020-10-24T06:54:03.386+0000][7][gc,marking   ] GC(475) Concurrent Cleanup for Next Mark 0.602ms
[2020-10-24T06:54:03.387+0000][7][gc           ] GC(475) Concurrent Cycle 98.901ms
[2020-10-24T06:54:04.386+0000][7][safepoint    ] Safepoint "Cleanup", Time since last: 1000350700 ns, Reaching safepoint: 262900 ns, At safepoint: 8800 ns, Total: 271700 ns
[2020-10-24T06:54:05.387+0000][7][safepoint    ] Safepoint "Cleanup", Time since last: 1000488400 ns, Reaching safepoint: 224200 ns, At safepoint: 9300 ns, Total: 233500 ns
[2020-10-24T06:54:06.388+0000][7][safepoint    ] Safepoint "Cleanup", Time since last: 1000500000 ns, Reaching safepoint: 314800 ns, At safepoint: 9100 ns, Total: 323900 ns
[2020-10-24T06:54:07.388+0000][7][safepoint    ] Safepoint "Cleanup", Time since last: 1000503900 ns, Reaching safepoint: 223100 ns, At safepoint: 8900 ns, Total: 232000 ns
[2020-10-24T06:54:08.389+0000][7][safepoint    ] Safepoint "Cleanup", Time since last: 1000495700 ns, Reaching safepoint: 238000 ns, At safepoint: 9200 ns, Total: 247200 ns
[2020-10-24T06:54:09.390+0000][7][safepoint    ] Safepoint "Cleanup", Time since last: 1000495300 ns, Reaching safepoint: 223600 ns, At safepoint: 9100 ns, Total: 232700 ns
[2020-10-24T06:54:10.391+0000][7][safepoint    ] Safepoint "Cleanup", Time since last: 1000462600 ns, Reaching safepoint: 260900 ns, At safepoint: 9000 ns, Total: 269900 ns
[2020-10-24T06:54:11.391+0000][7][safepoint    ] Safepoint "Cleanup", Time since last: 1000464500 ns, Reaching safepoint: 216900 ns, At safepoint: 37900 ns, Total: 254800 ns
[2020-10-24T06:54:12.393+0000][7][safepoint    ] Safepoint "Cleanup", Time since last: 1000642200 ns, Reaching safepoint: 623700 ns, At safepoint: 36000 ns, Total: 659700 ns
[2020-10-24T06:54:13.395+0000][7][safepoint    ] Safepoint "Cleanup", Time since last: 1001180700 ns, Reaching safepoint: 698900 ns, At safepoint: 32800 ns, Total: 731700 ns
[2020-10-24T06:54:14.397+0000][7][safepoint    ] Safepoint "Cleanup", Time since last: 1001231100 ns, Reaching safepoint: 841900 ns, At safepoint: 45500 ns, Total: 887400 ns
[2020-10-24T06:54:15.399+0000][7][safepoint    ] Safepoint "Cleanup", Time since last: 1001245500 ns, Reaching safepoint: 763900 ns, At safepoint: 47600 ns, Total: 811500 ns
[2020-10-24T06:54:16.400+0000][7][safepoint    ] Safepoint "Cleanup", Time since last: 1001221900 ns, Reaching safepoint: 459900 ns, At safepoint: 27400 ns, Total: 487300 ns
[2020-10-24T06:54:17.401+0000][7][safepoint    ] Safepoint "Cleanup", Time since last: 1000721000 ns, Reaching safepoint: 203700 ns, At safepoint: 26100 ns, Total: 229800 ns
[2020-10-24T06:54:18.403+0000][7][safepoint    ] Safepoint "Cleanup", Time since last: 1000709100 ns, Reaching safepoint: 814700 ns, At safepoint: 46800 ns, Total: 861500 ns
[2020-10-24T06:54:19.405+0000][7][safepoint    ] Safepoint "Cleanup", Time since last: 1001243800 ns, Reaching safepoint: 800600 ns, At safepoint: 44800 ns, Total: 845400 ns
[2020-10-24T06:54:20.407+0000][7][safepoint    ] Safepoint "Cleanup", Time since last: 1001437100 ns, Reaching safepoint: 629000 ns, At safepoint: 38600 ns, Total: 667600 ns
[2020-10-24T06:54:21.409+0000][7][safepoint    ] Safepoint "Cleanup", Time since last: 1001404900 ns, Reaching safepoint: 511600 ns, At safepoint: 28600 ns, Total: 540200 ns
[2020-10-24T06:54:22.422+0000][7][safepoint    ] Safepoint "Cleanup", Time since last: 1013083700 ns, Reaching safepoint: 276300 ns, At safepoint: 68600 ns, Total: 344900 ns
[2020-10-24T06:54:22.425+0000][7][gc,start     ] GC(476) Pause Young (Normal) (G1 Evacuation Pause)
[2020-10-24T06:54:22.425+0000][7][gc,task      ] GC(476) Using 6 workers of 10 for evacuation
[2020-10-24T06:54:22.425+0000][7][gc,age       ] GC(476) Desired survivor size 3145728 bytes, new threshold 15 (max threshold 15)
[2020-10-24T06:54:22.428+0000][7][gc,age       ] GC(476) Age table with threshold 15 (max threshold 15)
[2020-10-24T06:54:22.429+0000][7][gc,age       ] GC(476) - age   1:    2792712 bytes,    2792712 total
[2020-10-24T06:54:22.429+0000][7][gc,age       ] GC(476) - age   2:     196264 bytes,    2988976 total
[2020-10-24T06:54:22.429+0000][7][gc,age       ] GC(476) - age   3:     137088 bytes,    3126064 total
[2020-10-24T06:54:22.430+0000][7][gc,age       ] GC(476) - age   4:      24288 bytes,    3150352 total
[2020-10-24T06:54:22.430+0000][7][gc,phases    ] GC(476)   Pre Evacuate Collection Set: 0.1ms
[2020-10-24T06:54:22.430+0000][7][gc,phases    ] GC(476)   Merge Heap Roots: 0.1ms
[2020-10-24T06:54:22.431+0000][7][gc,phases    ] GC(476)   Evacuate Collection Set: 1.6ms
[2020-10-24T06:54:22.431+0000][7][gc,phases    ] GC(476)   Post Evacuate Collection Set: 0.9ms
[2020-10-24T06:54:22.431+0000][7][gc,phases    ] GC(476)   Other: 2.7ms
[2020-10-24T06:54:22.431+0000][7][gc,heap      ] GC(476) Eden regions: 42->0(38)
[2020-10-24T06:54:22.431+0000][7][gc,heap      ] GC(476) Survivor regions: 2->4(6)
[2020-10-24T06:54:22.432+0000][7][gc,heap      ] GC(476) Old regions: 126->126
[2020-10-24T06:54:22.432+0000][7][gc,heap      ] GC(476) Archive regions: 2->2
[2020-10-24T06:54:22.432+0000][7][gc,heap      ] GC(476) Humongous regions: 15->15
[2020-10-24T06:54:22.432+0000][7][gc,metaspace ] GC(476) Metaspace: 110308K(119076K)->110308K(119076K) NonClass: 96385K(101592K)->96385K(101592K) Class: 13923K(17484K)->13923K(17484K)
[2020-10-24T06:54:22.432+0000][7][gc           ] GC(476) Pause Young (Normal) (G1 Evacuation Pause) 184M->144M(256M) 7.505ms
[2020-10-24T06:54:22.432+0000][7][gc,cpu       ] GC(476) User=0.01s Sys=0.01s Real=0.01s
[2020-10-24T06:54:22.432+0000][7][safepoint    ] Safepoint "G1CollectForAllocation", Time since last: 1876100 ns, Reaching safepoint: 213900 ns, At safepoint: 7863200 ns, Total: 8077100 ns
[2020-10-24T06:54:23.133+0000][7][gc,start     ] GC(477) Pause Young (Concurrent Start) (G1 Evacuation Pause)
[2020-10-24T06:54:23.133+0000][7][gc,task      ] GC(477) Using 6 workers of 10 for evacuation
[2020-10-24T06:54:23.134+0000][7][gc,age       ] GC(477) Desired survivor size 3145728 bytes, new threshold 4 (max threshold 15)
[2020-10-24T06:54:23.138+0000][7][gc,age       ] GC(477) Age table with threshold 4 (max threshold 15)
[2020-10-24T06:54:23.138+0000][7][gc,age       ] GC(477) - age   1:    1262488 bytes,    1262488 total
[2020-10-24T06:54:23.138+0000][7][gc,age       ] GC(477) - age   2:    1535616 bytes,    2798104 total
[2020-10-24T06:54:23.138+0000][7][gc,age       ] GC(477) - age   3:     196144 bytes,    2994248 total
[2020-10-24T06:54:23.139+0000][7][gc,age       ] GC(477) - age   4:     137008 bytes,    3131256 total
[2020-10-24T06:54:23.139+0000][7][gc,phases    ] GC(477)   Pre Evacuate Collection Set: 0.6ms
[2020-10-24T06:54:23.139+0000][7][gc,phases    ] GC(477)   Merge Heap Roots: 0.1ms
[2020-10-24T06:54:23.139+0000][7][gc,phases    ] GC(477)   Evacuate Collection Set: 1.8ms
[2020-10-24T06:54:23.140+0000][7][gc,phases    ] GC(477)   Post Evacuate Collection Set: 0.9ms
[2020-10-24T06:54:23.140+0000][7][gc,phases    ] GC(477)   Other: 2.4ms
[2020-10-24T06:54:23.140+0000][7][gc,heap      ] GC(477) Eden regions: 38->0(38)
[2020-10-24T06:54:23.140+0000][7][gc,heap      ] GC(477) Survivor regions: 4->4(6)
[2020-10-24T06:54:23.140+0000][7][gc,heap      ] GC(477) Old regions: 126->126
[2020-10-24T06:54:23.140+0000][7][gc,heap      ] GC(477) Archive regions: 2->2
[2020-10-24T06:54:23.141+0000][7][gc,heap      ] GC(477) Humongous regions: 15->15
[2020-10-24T06:54:23.141+0000][7][gc,metaspace ] GC(477) Metaspace: 110308K(119076K)->110308K(119076K) NonClass: 96385K(101592K)->96385K(101592K) Class: 13923K(17484K)->13923K(17484K)
[2020-10-24T06:54:23.141+0000][7][gc           ] GC(477) Pause Young (Concurrent Start) (G1 Evacuation Pause) 181M->144M(256M) 7.685ms
[2020-10-24T06:54:23.141+0000][7][gc,cpu       ] GC(477) User=0.01s Sys=0.00s Real=0.01s
[2020-10-24T06:54:23.141+0000][7][safepoint    ] Safepoint "G1CollectForAllocation", Time since last: 700475100 ns, Reaching safepoint: 214400 ns, At safepoint: 8240800 ns, Total: 8455200 ns
[2020-10-24T06:54:23.141+0000][7][gc           ] GC(478) Concurrent Cycle
[2020-10-24T06:54:23.142+0000][7][gc,marking   ] GC(478) Concurrent Clear Claimed Marks
[2020-10-24T06:54:23.142+0000][7][gc,marking   ] GC(478) Concurrent Clear Claimed Marks 0.656ms
[2020-10-24T06:54:23.143+0000][7][gc,marking   ] GC(478) Concurrent Scan Root Regions
[2020-10-24T06:54:23.144+0000][7][gc,marking   ] GC(478) Concurrent Scan Root Regions 0.976ms
[2020-10-24T06:54:23.144+0000][7][gc,marking   ] GC(478) Concurrent Mark (4220.510s)
[2020-10-24T06:54:23.144+0000][7][gc,marking   ] GC(478) Concurrent Mark From Roots
[2020-10-24T06:54:23.144+0000][7][gc,task      ] GC(478) Using 3 workers of 3 for marking
[2020-10-24T06:54:23.199+0000][7][gc,marking   ] GC(478) Concurrent Mark From Roots 55.295ms
[2020-10-24T06:54:23.200+0000][7][gc,marking   ] GC(478) Concurrent Preclean
[2020-10-24T06:54:23.201+0000][7][gc,marking   ] GC(478) Concurrent Preclean 0.755ms
[2020-10-24T06:54:23.201+0000][7][gc,marking   ] GC(478) Concurrent Mark (4220.510s, 4220.567s) 56.888ms
[2020-10-24T06:54:23.201+0000][7][gc,start     ] GC(478) Pause Remark
[2020-10-24T06:54:23.209+0000][7][gc           ] GC(478) Pause Remark 159M->159M(256M) 7.751ms
[2020-10-24T06:54:23.210+0000][7][gc,cpu       ] GC(478) User=0.04s Sys=0.00s Real=0.01s
[2020-10-24T06:54:23.210+0000][7][safepoint    ] Safepoint "G1Concurrent", Time since last: 59825100 ns, Reaching safepoint: 226200 ns, At safepoint: 8552000 ns, Total: 8778200 ns
[2020-10-24T06:54:23.210+0000][7][gc,marking   ] GC(478) Concurrent Rebuild Remembered Sets
[2020-10-24T06:54:23.245+0000][7][gc,marking   ] GC(478) Concurrent Rebuild Remembered Sets 34.706ms
[2020-10-24T06:54:23.246+0000][7][gc,start     ] GC(478) Pause Cleanup
[2020-10-24T06:54:23.246+0000][7][gc           ] GC(478) Pause Cleanup 159M->159M(256M) 0.531ms
[2020-10-24T06:54:23.247+0000][7][gc,cpu       ] GC(478) User=0.00s Sys=0.00s Real=0.00s
[2020-10-24T06:54:23.247+0000][7][safepoint    ] Safepoint "G1Concurrent", Time since last: 35501400 ns, Reaching safepoint: 252600 ns, At safepoint: 1153200 ns, Total: 1405800 ns
[2020-10-24T06:54:23.247+0000][7][gc,marking   ] GC(478) Concurrent Cleanup for Next Mark
[2020-10-24T06:54:23.248+0000][7][gc,marking   ] GC(478) Concurrent Cleanup for Next Mark 0.485ms
[2020-10-24T06:54:23.248+0000][7][gc           ] GC(478) Concurrent Cycle 106.405ms
[2020-10-24T06:54:24.248+0000][7][safepoint    ] Safepoint "Cleanup", Time since last: 1000357700 ns, Reaching safepoint: 253300 ns, At safepoint: 23100 ns, Total: 276400 ns
[2020-10-24T06:54:25.248+0000][7][safepoint    ] Safepoint "Cleanup", Time since last: 1000583100 ns, Reaching safepoint: 231300 ns, At safepoint: 11000 ns, Total: 242300 ns
[2020-10-24T06:54:26.250+0000][7][safepoint    ] Safepoint "Cleanup", Time since last: 1000696100 ns, Reaching safepoint: 797700 ns, At safepoint: 44600 ns, Total: 842300 ns
[2020-10-24T06:54:27.251+0000][7][safepoint    ] Safepoint "Cleanup", Time since last: 1001096700 ns, Reaching safepoint: 197800 ns, At safepoint: 10000 ns, Total: 207800 ns
[2020-10-24T06:54:28.253+0000][7][safepoint    ] Safepoint "Cleanup", Time since last: 1000540500 ns, Reaching safepoint: 752200 ns, At safepoint: 44200 ns, Total: 796400 ns
[2020-10-24T06:54:29.255+0000][7][safepoint    ] Safepoint "Cleanup", Time since last: 1001180400 ns, Reaching safepoint: 931500 ns, At safepoint: 44200 ns, Total: 975700 ns
[2020-10-24T06:54:30.256+0000][7][safepoint    ] Safepoint "Cleanup", Time since last: 1001335500 ns, Reaching safepoint: 225600 ns, At safepoint: 9800 ns, Total: 235400 ns
[2020-10-24T06:54:31.257+0000][7][safepoint    ] Safepoint "Cleanup", Time since last: 1000515300 ns, Reaching safepoint: 270000 ns, At safepoint: 9200 ns, Total: 279200 ns
[2020-10-24T06:54:32.258+0000][7][safepoint    ] Safepoint "Cleanup", Time since last: 1000647400 ns, Reaching safepoint: 702200 ns, At safepoint: 49600 ns, Total: 751800 ns
[2020-10-24T06:54:33.261+0000][7][safepoint    ] Safepoint "Cleanup", Time since last: 1001265700 ns, Reaching safepoint: 784600 ns, At safepoint: 45600 ns, Total: 830200 ns
[2020-10-24T06:54:34.263+0000][7][safepoint    ] Safepoint "Cleanup", Time since last: 1001339700 ns, Reaching safepoint: 837000 ns, At safepoint: 60500 ns, Total: 897500 ns
[2020-10-24T06:54:35.264+0000][7][safepoint    ] Safepoint "Cleanup", Time since last: 1001331300 ns, Reaching safepoint: 228300 ns, At safepoint: 9300 ns, Total: 237600 ns
[2020-10-24T06:54:36.265+0000][7][safepoint    ] Safepoint "Cleanup", Time since last: 1000472800 ns, Reaching safepoint: 247300 ns, At safepoint: 10700 ns, Total: 258000 ns
[2020-10-24T06:54:37.266+0000][7][safepoint    ] Safepoint "Cleanup", Time since last: 1000581400 ns, Reaching safepoint: 268200 ns, At safepoint: 8600 ns, Total: 276800 ns
[2020-10-24T06:54:38.267+0000][7][safepoint    ] Safepoint "Cleanup", Time since last: 1000558700 ns, Reaching safepoint: 275200 ns, At safepoint: 14900 ns, Total: 290100 ns
[2020-10-24T06:54:40.231+0000][7][safepoint    ] Safepoint "Cleanup", Time since last: 1964328800 ns, Reaching safepoint: 261200 ns, At safepoint: 8500 ns, Total: 269700 ns
[2020-10-24T06:54:41.233+0000][7][safepoint    ] Safepoint "Cleanup", Time since last: 1000616400 ns, Reaching safepoint: 772400 ns, At safepoint: 44000 ns, Total: 816400 ns
[2020-10-24T06:54:42.234+0000][7][gc,start     ] GC(479) Pause Young (Normal) (G1 Evacuation Pause)
[2020-10-24T06:54:42.236+0000][7][gc,task      ] GC(479) Using 6 workers of 10 for evacuation
[2020-10-24T06:54:42.237+0000][7][gc,age       ] GC(479) Desired survivor size 3145728 bytes, new threshold 15 (max threshold 15)
[2020-10-24T06:54:42.248+0000][7][gc,age       ] GC(479) Age table with threshold 15 (max threshold 15)
[2020-10-24T06:54:42.249+0000][7][gc,age       ] GC(479) - age   1:     545160 bytes,     545160 total
[2020-10-24T06:54:42.250+0000][7][gc,age       ] GC(479) - age   2:      18896 bytes,     564056 total
[2020-10-24T06:54:42.251+0000][7][gc,age       ] GC(479) - age   3:    1003584 bytes,    1567640 total
[2020-10-24T06:54:42.252+0000][7][gc,age       ] GC(479) - age   4:     163840 bytes,    1731480 total
[2020-10-24T06:54:42.253+0000][7][gc,age       ] GC(479) - age   5:      80360 bytes,    1811840 total
[2020-10-24T06:54:42.254+0000][7][gc,phases    ] GC(479)   Pre Evacuate Collection Set: 0.5ms
[2020-10-24T06:54:42.255+0000][7][gc,phases    ] GC(479)   Merge Heap Roots: 0.5ms
[2020-10-24T06:54:42.256+0000][7][gc,phases    ] GC(479)   Evacuate Collection Set: 6.0ms
[2020-10-24T06:54:42.257+0000][7][gc,phases    ] GC(479)   Post Evacuate Collection Set: 3.7ms
[2020-10-24T06:54:42.258+0000][7][gc,phases    ] GC(479)   Other: 9.3ms
[2020-10-24T06:54:42.259+0000][7][gc,heap      ] GC(479) Eden regions: 38->0(41)
[2020-10-24T06:54:42.260+0000][7][gc,heap      ] GC(479) Survivor regions: 4->2(6)
[2020-10-24T06:54:42.261+0000][7][gc,heap      ] GC(479) Old regions: 126->126
[2020-10-24T06:54:42.262+0000][7][gc,heap      ] GC(479) Archive regions: 2->2
[2020-10-24T06:54:42.263+0000][7][gc,heap      ] GC(479) Humongous regions: 15->15
[2020-10-24T06:54:42.264+0000][7][gc,metaspace ] GC(479) Metaspace: 110311K(119076K)->110311K(119076K) NonClass: 96387K(101592K)->96387K(101592K) Class: 13924K(17484K)->13924K(17484K)
[2020-10-24T06:54:42.265+0000][7][gc           ] GC(479) Pause Young (Normal) (G1 Evacuation Pause) 182M->142M(256M) 30.602ms
[2020-10-24T06:54:42.266+0000][7][gc,cpu       ] GC(479) User=0.03s Sys=0.02s Real=0.03s
[2020-10-24T06:54:42.267+0000][7][safepoint    ] Safepoint "G1CollectForAllocation", Time since last: 1000739700 ns, Reaching safepoint: 786100 ns, At safepoint: 32746500 ns, Total: 33532600 ns
[2020-10-24T06:54:43.269+0000][7][safepoint    ] Safepoint "Cleanup", Time since last: 1001357200 ns, Reaching safepoint: 716900 ns, At safepoint: 34800 ns, Total: 751700 ns
[2020-10-24T06:54:44.271+0000][7][safepoint    ] Safepoint "Cleanup", Time since last: 1001295300 ns, Reaching safepoint: 813800 ns, At safepoint: 45000 ns, Total: 858800 ns
[2020-10-24T06:54:46.239+0000][7][safepoint    ] Safepoint "Cleanup", Time since last: 1967192400 ns, Reaching safepoint: 226600 ns, At safepoint: 12100 ns, Total: 238700 ns
[2020-10-24T06:54:47.239+0000][7][safepoint    ] Safepoint "Cleanup", Time since last: 1000452000 ns, Reaching safepoint: 258000 ns, At safepoint: 8500 ns, Total: 266500 ns
[2020-10-24T06:54:48.240+0000][7][safepoint    ] Safepoint "Cleanup", Time since last: 1000462300 ns, Reaching safepoint: 219200 ns, At safepoint: 8700 ns, Total: 227900 ns
[2020-10-24T06:54:49.242+0000][7][safepoint    ] Safepoint "Cleanup", Time since last: 1000579800 ns, Reaching safepoint: 829200 ns, At safepoint: 45100 ns, Total: 874300 ns
[2020-10-24T06:54:50.244+0000][7][safepoint    ] Safepoint "Cleanup", Time since last: 1001286900 ns, Reaching safepoint: 811500 ns, At safepoint: 46600 ns, Total: 858100 ns
[2020-10-24T06:54:51.245+0000][7][safepoint    ] Safepoint "Cleanup", Time since last: 1001229200 ns, Reaching safepoint: 224000 ns, At safepoint: 9700 ns, Total: 233700 ns
[2020-10-24T06:54:52.246+0000][7][safepoint    ] Safepoint "Cleanup", Time since last: 1000447100 ns, Reaching safepoint: 248000 ns, At safepoint: 23600 ns, Total: 271600 ns
[2020-10-24T06:54:53.247+0000][7][safepoint    ] Safepoint "Cleanup", Time since last: 1000506300 ns, Reaching safepoint: 307600 ns, At safepoint: 14900 ns, Total: 322500 ns
[2020-10-24T06:54:54.248+0000][7][safepoint    ] Safepoint "Cleanup", Time since last: 1000640800 ns, Reaching safepoint: 305800 ns, At safepoint: 17500 ns, Total: 323300 ns
[2020-10-24T06:54:55.249+0000][7][safepoint    ] Safepoint "Cleanup", Time since last: 1000579700 ns, Reaching safepoint: 205500 ns, At safepoint: 8900 ns, Total: 214400 ns
[2020-10-24T06:54:56.250+0000][7][safepoint    ] Safepoint "Cleanup", Time since last: 1000650900 ns, Reaching safepoint: 714400 ns, At safepoint: 46500 ns, Total: 760900 ns
[2020-10-24T06:54:57.251+0000][7][safepoint    ] Safepoint "Cleanup", Time since last: 1001228300 ns, Reaching safepoint: 265000 ns, At safepoint: 8300 ns, Total: 273300 ns
[2020-10-24T06:54:58.253+0000][7][safepoint    ] Safepoint "Cleanup", Time since last: 1000624700 ns, Reaching safepoint: 650900 ns, At safepoint: 35600 ns, Total: 686500 ns
[2020-10-24T06:54:59.254+0000][7][safepoint    ] Safepoint "Cleanup", Time since last: 1001047200 ns, Reaching safepoint: 385700 ns, At safepoint: 22400 ns, Total: 408100 ns
[2020-10-24T06:55:00.255+0000][7][safepoint    ] Safepoint "Cleanup", Time since last: 1000783200 ns, Reaching safepoint: 235100 ns, At safepoint: 8700 ns, Total: 243800 ns
[2020-10-24T06:55:01.256+0000][7][safepoint    ] Safepoint "Cleanup", Time since last: 1000596000 ns, Reaching safepoint: 292000 ns, At safepoint: 16100 ns, Total: 308100 ns
[2020-10-24T06:55:02.257+0000][7][safepoint    ] Safepoint "Cleanup", Time since last: 1000599300 ns, Reaching safepoint: 207400 ns, At safepoint: 10300 ns, Total: 217700 ns
[2020-10-24T06:55:03.258+0000][7][safepoint    ] Safepoint "Cleanup", Time since last: 1000495200 ns, Reaching safepoint: 246200 ns, At safepoint: 22400 ns, Total: 268600 ns
[2020-10-24T06:55:04.258+0000][7][safepoint    ] Safepoint "Cleanup", Time since last: 1000358400 ns, Reaching safepoint: 226000 ns, At safepoint: 9900 ns, Total: 235900 ns
[2020-10-24T06:55:05.260+0000][7][safepoint    ] Safepoint "Cleanup", Time since last: 1000564100 ns, Reaching safepoint: 809500 ns, At safepoint: 44200 ns, Total: 853700 ns
[2020-10-24T06:55:06.258+0000][7][gc,start     ] GC(480) Pause Young (Concurrent Start) (G1 Evacuation Pause)
[2020-10-24T06:55:06.258+0000][7][gc,task      ] GC(480) Using 6 workers of 10 for evacuation
[2020-10-24T06:55:06.258+0000][7][gc,age       ] GC(480) Desired survivor size 3145728 bytes, new threshold 15 (max threshold 15)
[2020-10-24T06:55:06.262+0000][7][gc,age       ] GC(480) Age table with threshold 15 (max threshold 15)
[2020-10-24T06:55:06.262+0000][7][gc,age       ] GC(480) - age   1:     831704 bytes,     831704 total
[2020-10-24T06:55:06.263+0000][7][gc,age       ] GC(480) - age   2:     403504 bytes,    1235208 total
[2020-10-24T06:55:06.263+0000][7][gc,age       ] GC(480) - age   3:      17744 bytes,    1252952 total
[2020-10-24T06:55:06.263+0000][7][gc,age       ] GC(480) - age   4:     961416 bytes,    2214368 total
[2020-10-24T06:55:06.264+0000][7][gc,age       ] GC(480) - age   5:     161392 bytes,    2375760 total
[2020-10-24T06:55:06.264+0000][7][gc,age       ] GC(480) - age   6:      80320 bytes,    2456080 total
[2020-10-24T06:55:06.264+0000][7][gc,phases    ] GC(480)   Pre Evacuate Collection Set: 0.6ms
[2020-10-24T06:55:06.264+0000][7][gc,phases    ] GC(480)   Merge Heap Roots: 0.1ms
[2020-10-24T06:55:06.264+0000][7][gc,phases    ] GC(480)   Evacuate Collection Set: 1.6ms
[2020-10-24T06:55:06.264+0000][7][gc,phases    ] GC(480)   Post Evacuate Collection Set: 0.9ms
[2020-10-24T06:55:06.265+0000][7][gc,phases    ] GC(480)   Other: 2.9ms
[2020-10-24T06:55:06.265+0000][7][gc,heap      ] GC(480) Eden regions: 41->0(40)
[2020-10-24T06:55:06.265+0000][7][gc,heap      ] GC(480) Survivor regions: 2->3(6)
[2020-10-24T06:55:06.265+0000][7][gc,heap      ] GC(480) Old regions: 126->126
[2020-10-24T06:55:06.265+0000][7][gc,heap      ] GC(480) Archive regions: 2->2
[2020-10-24T06:55:06.265+0000][7][gc,heap      ] GC(480) Humongous regions: 15->15
[2020-10-24T06:55:06.265+0000][7][gc,metaspace ] GC(480) Metaspace: 110312K(119076K)->110312K(119076K) NonClass: 96387K(101592K)->96387K(101592K) Class: 13924K(17484K)->13924K(17484K)
[2020-10-24T06:55:06.265+0000][7][gc           ] GC(480) Pause Young (Concurrent Start) (G1 Evacuation Pause) 183M->143M(256M) 7.590ms
[2020-10-24T06:55:06.266+0000][7][gc,cpu       ] GC(480) User=0.01s Sys=0.00s Real=0.00s
[2020-10-24T06:55:06.266+0000][7][gc           ] GC(481) Concurrent Cycle
[2020-10-24T06:55:06.266+0000][7][safepoint    ] Safepoint "G1CollectForAllocation", Time since last: 997829900 ns, Reaching safepoint: 253000 ns, At safepoint: 7904300 ns, Total: 8157300 ns
[2020-10-24T06:55:06.266+0000][7][gc,marking   ] GC(481) Concurrent Clear Claimed Marks
[2020-10-24T06:55:06.267+0000][7][gc,marking   ] GC(481) Concurrent Clear Claimed Marks 0.659ms
[2020-10-24T06:55:06.267+0000][7][gc,marking   ] GC(481) Concurrent Scan Root Regions
[2020-10-24T06:55:06.268+0000][7][gc,marking   ] GC(481) Concurrent Scan Root Regions 0.970ms
[2020-10-24T06:55:06.268+0000][7][gc,marking   ] GC(481) Concurrent Mark (4263.634s)
[2020-10-24T06:55:06.268+0000][7][gc,marking   ] GC(481) Concurrent Mark From Roots
[2020-10-24T06:55:06.268+0000][7][gc,task      ] GC(481) Using 3 workers of 3 for marking
[2020-10-24T06:55:06.324+0000][7][gc,marking   ] GC(481) Concurrent Mark From Roots 55.959ms
[2020-10-24T06:55:06.324+0000][7][gc,marking   ] GC(481) Concurrent Preclean
[2020-10-24T06:55:06.325+0000][7][gc,marking   ] GC(481) Concurrent Preclean 0.654ms
[2020-10-24T06:55:06.325+0000][7][gc,marking   ] GC(481) Concurrent Mark (4263.634s, 4263.692s) 57.381ms
[2020-10-24T06:55:06.326+0000][7][gc,start     ] GC(481) Pause Remark
[2020-10-24T06:55:06.333+0000][7][gc           ] GC(481) Pause Remark 163M->163M(256M) 6.880ms
[2020-10-24T06:55:06.333+0000][7][gc,cpu       ] GC(481) User=0.03s Sys=0.00s Real=0.01s
[2020-10-24T06:55:06.333+0000][7][safepoint    ] Safepoint "G1Concurrent", Time since last: 59857600 ns, Reaching safepoint: 233400 ns, At safepoint: 7585200 ns, Total: 7818600 ns
[2020-10-24T06:55:06.334+0000][7][gc,marking   ] GC(481) Concurrent Rebuild Remembered Sets
[2020-10-24T06:55:06.370+0000][7][gc,marking   ] GC(481) Concurrent Rebuild Remembered Sets 36.159ms
[2020-10-24T06:55:06.371+0000][7][gc,start     ] GC(481) Pause Cleanup
[2020-10-24T06:55:06.371+0000][7][gc           ] GC(481) Pause Cleanup 174M->174M(256M) 0.512ms
[2020-10-24T06:55:06.371+0000][7][gc,cpu       ] GC(481) User=0.01s Sys=0.00s Real=0.00s
[2020-10-24T06:55:06.372+0000][7][safepoint    ] Safepoint "G1Concurrent", Time since last: 36962800 ns, Reaching safepoint: 178400 ns, At safepoint: 1181800 ns, Total: 1360200 ns
[2020-10-24T06:55:06.372+0000][7][gc,marking   ] GC(481) Concurrent Cleanup for Next Mark
[2020-10-24T06:55:06.373+0000][7][gc,marking   ] GC(481) Concurrent Cleanup for Next Mark 0.690ms
[2020-10-24T06:55:06.373+0000][7][gc           ] GC(481) Concurrent Cycle 107.305ms
[2020-10-24T06:55:07.373+0000][7][safepoint    ] Safepoint "Cleanup", Time since last: 1000558700 ns, Reaching safepoint: 704200 ns, At safepoint: 37400 ns, Total: 741600 ns
[2020-10-24T06:55:08.376+0000][7][safepoint    ] Safepoint "Cleanup", Time since last: 1001373400 ns, Reaching safepoint: 1174800 ns, At safepoint: 43600 ns, Total: 1218400 ns
[2020-10-24T06:55:09.377+0000][7][safepoint    ] Safepoint "Cleanup", Time since last: 1001184300 ns, Reaching safepoint: 270100 ns, At safepoint: 9200 ns, Total: 279300 ns
[2020-10-24T06:55:10.378+0000][7][safepoint    ] Safepoint "Cleanup", Time since last: 1000454600 ns, Reaching safepoint: 783200 ns, At safepoint: 43900 ns, Total: 827100 ns
[2020-10-24T06:55:11.380+0000][7][safepoint    ] Safepoint "Cleanup", Time since last: 1001165300 ns, Reaching safepoint: 238800 ns, At safepoint: 9500 ns, Total: 248300 ns
[2020-10-24T06:55:12.381+0000][7][safepoint    ] Safepoint "Cleanup", Time since last: 1000492500 ns, Reaching safepoint: 246100 ns, At safepoint: 8700 ns, Total: 254800 ns
[2020-10-24T06:55:13.382+0000][7][safepoint    ] Safepoint "Cleanup", Time since last: 1000766300 ns, Reaching safepoint: 837200 ns, At safepoint: 45400 ns, Total: 882600 ns
[2020-10-24T06:55:14.384+0000][7][safepoint    ] Safepoint "Cleanup", Time since last: 1001274100 ns, Reaching safepoint: 833500 ns, At safepoint: 44700 ns, Total: 878200 ns
[2020-10-24T06:55:15.386+0000][7][safepoint    ] Safepoint "Cleanup", Time since last: 1001232100 ns, Reaching safepoint: 842400 ns, At safepoint: 44900 ns, Total: 887300 ns
[2020-10-24T06:55:15.548+0000][7][gc,start     ] GC(482) Pause Young (Normal) (G1 Evacuation Pause)
[2020-10-24T06:55:15.548+0000][7][gc,task      ] GC(482) Using 6 workers of 10 for evacuation
[2020-10-24T06:55:15.549+0000][7][gc,age       ] GC(482) Desired survivor size 3145728 bytes, new threshold 15 (max threshold 15)
[2020-10-24T06:55:15.552+0000][7][gc,age       ] GC(482) Age table with threshold 15 (max threshold 15)
[2020-10-24T06:55:15.552+0000][7][gc,age       ] GC(482) - age   1:     438680 bytes,     438680 total
[2020-10-24T06:55:15.552+0000][7][gc,age       ] GC(482) - age   2:      95072 bytes,     533752 total
[2020-10-24T06:55:15.552+0000][7][gc,age       ] GC(482) - age   3:     386472 bytes,     920224 total
[2020-10-24T06:55:15.553+0000][7][gc,age       ] GC(482) - age   4:      16776 bytes,     937000 total
[2020-10-24T06:55:15.553+0000][7][gc,age       ] GC(482) - age   5:     646800 bytes,    1583800 total
[2020-10-24T06:55:15.553+0000][7][gc,age       ] GC(482) - age   6:       8688 bytes,    1592488 total
[2020-10-24T06:55:15.553+0000][7][gc,age       ] GC(482) - age   7:      80264 bytes,    1672752 total
[2020-10-24T06:55:15.554+0000][7][gc,phases    ] GC(482)   Pre Evacuate Collection Set: 0.1ms
[2020-10-24T06:55:15.554+0000][7][gc,phases    ] GC(482)   Merge Heap Roots: 0.1ms
[2020-10-24T06:55:15.554+0000][7][gc,phases    ] GC(482)   Evacuate Collection Set: 1.5ms
[2020-10-24T06:55:15.554+0000][7][gc,phases    ] GC(482)   Post Evacuate Collection Set: 0.8ms
[2020-10-24T06:55:15.554+0000][7][gc,phases    ] GC(482)   Other: 2.9ms
[2020-10-24T06:55:15.554+0000][7][gc,heap      ] GC(482) Eden regions: 40->0(42)
[2020-10-24T06:55:15.555+0000][7][gc,heap      ] GC(482) Survivor regions: 3->2(6)
[2020-10-24T06:55:15.555+0000][7][gc,heap      ] GC(482) Old regions: 126->126
[2020-10-24T06:55:15.555+0000][7][gc,heap      ] GC(482) Archive regions: 2->2
[2020-10-24T06:55:15.555+0000][7][gc,heap      ] GC(482) Humongous regions: 15->15
[2020-10-24T06:55:15.555+0000][7][gc,metaspace ] GC(482) Metaspace: 110313K(119076K)->110313K(119076K) NonClass: 96389K(101592K)->96389K(101592K) Class: 13924K(17484K)->13924K(17484K)
[2020-10-24T06:55:15.556+0000][7][gc           ] GC(482) Pause Young (Normal) (G1 Evacuation Pause) 183M->142M(256M) 7.431ms
[2020-10-24T06:55:15.556+0000][7][gc,cpu       ] GC(482) User=0.01s Sys=0.00s Real=0.00s
[2020-10-24T06:55:15.556+0000][7][safepoint    ] Safepoint "G1CollectForAllocation", Time since last: 161358100 ns, Reaching safepoint: 267600 ns, At safepoint: 7861900 ns, Total: 8129500 ns
[2020-10-24T06:55:16.557+0000][7][safepoint    ] Safepoint "Cleanup", Time since last: 1000445000 ns, Reaching safepoint: 652500 ns, At safepoint: 48700 ns, Total: 701200 ns
[2020-10-24T06:55:17.559+0000][7][safepoint    ] Safepoint "Cleanup", Time since last: 1001330300 ns, Reaching safepoint: 816600 ns, At safepoint: 45200 ns, Total: 861800 ns
[2020-10-24T06:55:18.561+0000][7][safepoint    ] Safepoint "Cleanup", Time since last: 1001190100 ns, Reaching safepoint: 623100 ns, At safepoint: 49300 ns, Total: 672400 ns
[2020-10-24T06:55:19.563+0000][7][safepoint    ] Safepoint "Cleanup", Time since last: 1001351700 ns, Reaching safepoint: 530300 ns, At safepoint: 29500 ns, Total: 559800 ns
[2020-10-24T06:55:20.564+0000][7][safepoint    ] Safepoint "Cleanup", Time since last: 1000741100 ns, Reaching safepoint: 259700 ns, At safepoint: 12100 ns, Total: 271800 ns
[2020-10-24T06:55:21.565+0000][7][safepoint    ] Safepoint "Cleanup", Time since last: 1000515200 ns, Reaching safepoint: 207800 ns, At safepoint: 8700 ns, Total: 216500 ns
[2020-10-24T06:55:22.440+0000][7][safepoint    ] Safepoint "BulkRevokeBias", Time since last: 868984900 ns, Reaching safepoint: 871200 ns, At safepoint: 4920800 ns, Total: 5792000 ns
[2020-10-24T06:55:22.454+0000][7][safepoint    ] Safepoint "BulkRevokeBias", Time since last: 13230600 ns, Reaching safepoint: 266900 ns, At safepoint: 1166300 ns, Total: 1433200 ns
[2020-10-24T06:55:23.194+0000][7][gc,start     ] GC(483) Pause Young (Concurrent Start) (G1 Evacuation Pause)
[2020-10-24T06:55:23.195+0000][7][gc,task      ] GC(483) Using 6 workers of 10 for evacuation
[2020-10-24T06:55:23.195+0000][7][gc,age       ] GC(483) Desired survivor size 3145728 bytes, new threshold 15 (max threshold 15)
[2020-10-24T06:55:23.199+0000][7][gc,age       ] GC(483) Age table with threshold 15 (max threshold 15)
[2020-10-24T06:55:23.200+0000][7][gc,age       ] GC(483) - age   1:    3588304 bytes,    3588304 total
[2020-10-24T06:55:23.200+0000][7][gc,age       ] GC(483) - age   2:     425632 bytes,    4013936 total
[2020-10-24T06:55:23.200+0000][7][gc,age       ] GC(483) - age   3:      59848 bytes,    4073784 total
[2020-10-24T06:55:23.201+0000][7][gc,age       ] GC(483) - age   4:     385304 bytes,    4459088 total
[2020-10-24T06:55:23.201+0000][7][gc,age       ] GC(483) - age   5:      10424 bytes,    4469512 total
[2020-10-24T06:55:23.201+0000][7][gc,age       ] GC(483) - age   6:     636072 bytes,    5105584 total
[2020-10-24T06:55:23.201+0000][7][gc,age       ] GC(483) - age   7:       8392 bytes,    5113976 total
[2020-10-24T06:55:23.202+0000][7][gc,age       ] GC(483) - age   8:      80208 bytes,    5194184 total
[2020-10-24T06:55:23.202+0000][7][gc,phases    ] GC(483)   Pre Evacuate Collection Set: 0.6ms
[2020-10-24T06:55:23.202+0000][7][gc,phases    ] GC(483)   Merge Heap Roots: 0.2ms
[2020-10-24T06:55:23.202+0000][7][gc,phases    ] GC(483)   Evacuate Collection Set: 2.1ms
[2020-10-24T06:55:23.202+0000][7][gc,phases    ] GC(483)   Post Evacuate Collection Set: 0.9ms
[2020-10-24T06:55:23.202+0000][7][gc,phases    ] GC(483)   Other: 3.5ms
[2020-10-24T06:55:23.202+0000][7][gc,heap      ] GC(483) Eden regions: 42->0(36)
[2020-10-24T06:55:23.203+0000][7][gc,heap      ] GC(483) Survivor regions: 2->6(6)
[2020-10-24T06:55:23.203+0000][7][gc,heap      ] GC(483) Old regions: 126->126
[2020-10-24T06:55:23.203+0000][7][gc,heap      ] GC(483) Archive regions: 2->2
[2020-10-24T06:55:23.203+0000][7][gc,heap      ] GC(483) Humongous regions: 15->15
[2020-10-24T06:55:23.203+0000][7][gc,metaspace ] GC(483) Metaspace: 110314K(119076K)->110314K(119076K) NonClass: 96389K(101592K)->96389K(101592K) Class: 13924K(17484K)->13924K(17484K)
[2020-10-24T06:55:23.203+0000][7][gc           ] GC(483) Pause Young (Concurrent Start) (G1 Evacuation Pause) 184M->146M(256M) 8.803ms
[2020-10-24T06:55:23.203+0000][7][gc,cpu       ] GC(483) User=0.02s Sys=0.00s Real=0.01s
[2020-10-24T06:55:23.204+0000][7][safepoint    ] Safepoint "G1CollectForAllocation", Time since last: 739992100 ns, Reaching safepoint: 224100 ns, At safepoint: 9099200 ns, Total: 9323300 ns
[2020-10-24T06:55:23.204+0000][7][gc           ] GC(484) Concurrent Cycle
[2020-10-24T06:55:23.204+0000][7][gc,marking   ] GC(484) Concurrent Clear Claimed Marks
[2020-10-24T06:55:23.205+0000][7][gc,marking   ] GC(484) Concurrent Clear Claimed Marks 0.640ms
[2020-10-24T06:55:23.205+0000][7][gc,marking   ] GC(484) Concurrent Scan Root Regions
[2020-10-24T06:55:23.206+0000][7][gc,marking   ] GC(484) Concurrent Scan Root Regions 0.942ms
[2020-10-24T06:55:23.206+0000][7][gc,marking   ] GC(484) Concurrent Mark (4280.572s)
[2020-10-24T06:55:23.206+0000][7][gc,marking   ] GC(484) Concurrent Mark From Roots
[2020-10-24T06:55:23.206+0000][7][gc,task      ] GC(484) Using 3 workers of 3 for marking
[2020-10-24T06:55:23.226+0000][7][safepoint    ] Safepoint "BulkRevokeBias", Time since last: 21449300 ns, Reaching safepoint: 303900 ns, At safepoint: 712500 ns, Total: 1016400 ns
[2020-10-24T06:55:23.234+0000][7][gc,start     ] GC(485) Pause Young (Normal) (G1 Evacuation Pause)
[2020-10-24T06:55:23.234+0000][7][gc,task      ] GC(485) Using 6 workers of 10 for evacuation
[2020-10-24T06:55:23.235+0000][7][gc,age       ] GC(485) Desired survivor size 3145728 bytes, new threshold 1 (max threshold 15)
[2020-10-24T06:55:23.238+0000][7][gc,age       ] GC(485) Age table with threshold 1 (max threshold 15)
[2020-10-24T06:55:23.238+0000][7][gc,age       ] GC(485) - age   1:    1017120 bytes,    1017120 total
[2020-10-24T06:55:23.238+0000][7][gc,phases    ] GC(485)   Pre Evacuate Collection Set: 0.1ms
[2020-10-24T06:55:23.239+0000][7][gc,phases    ] GC(485)   Merge Heap Roots: 0.1ms
[2020-10-24T06:55:23.239+0000][7][gc,phases    ] GC(485)   Evacuate Collection Set: 1.7ms
[2020-10-24T06:55:23.239+0000][7][gc,phases    ] GC(485)   Post Evacuate Collection Set: 0.9ms
[2020-10-24T06:55:23.239+0000][7][gc,phases    ] GC(485)   Other: 1.6ms
[2020-10-24T06:55:23.239+0000][7][gc,heap      ] GC(485) Eden regions: 36->0(38)
[2020-10-24T06:55:23.240+0000][7][gc,heap      ] GC(485) Survivor regions: 6->2(6)
[2020-10-24T06:55:23.240+0000][7][gc,heap      ] GC(485) Old regions: 126->128
[2020-10-24T06:55:23.240+0000][7][gc,heap      ] GC(485) Archive regions: 2->2
[2020-10-24T06:55:23.240+0000][7][gc,heap      ] GC(485) Humongous regions: 15->15
[2020-10-24T06:55:23.241+0000][7][gc,metaspace ] GC(485) Metaspace: 110314K(119076K)->110314K(119076K) NonClass: 96390K(101592K)->96390K(101592K) Class: 13924K(17484K)->13924K(17484K)
[2020-10-24T06:55:23.241+0000][7][gc           ] GC(485) Pause Young (Normal) (G1 Evacuation Pause) 182M->144M(256M) 7.001ms
[2020-10-24T06:55:23.241+0000][7][gc,cpu       ] GC(485) User=0.01s Sys=0.00s Real=0.01s
[2020-10-24T06:55:23.241+0000][7][safepoint    ] Safepoint "G1CollectForAllocation", Time since last: 7506800 ns, Reaching safepoint: 337600 ns, At safepoint: 7510500 ns, Total: 7848100 ns
[2020-10-24T06:55:23.267+0000][7][gc,marking   ] GC(484) Concurrent Mark From Roots 60.727ms
[2020-10-24T06:55:23.267+0000][7][gc,marking   ] GC(484) Concurrent Preclean
[2020-10-24T06:55:23.268+0000][7][gc,marking   ] GC(484) Concurrent Preclean 0.743ms
[2020-10-24T06:55:23.268+0000][7][gc,marking   ] GC(484) Concurrent Mark (4280.572s, 4280.635s) 62.294ms
[2020-10-24T06:55:23.269+0000][7][gc,start     ] GC(484) Pause Remark
[2020-10-24T06:55:23.276+0000][7][gc           ] GC(484) Pause Remark 151M->151M(256M) 6.829ms
[2020-10-24T06:55:23.276+0000][7][gc,cpu       ] GC(484) User=0.03s Sys=0.00s Real=0.00s
[2020-10-24T06:55:23.276+0000][7][safepoint    ] Safepoint "G1Concurrent", Time since last: 27088300 ns, Reaching safepoint: 201300 ns, At safepoint: 7503500 ns, Total: 7704800 ns
[2020-10-24T06:55:23.277+0000][7][gc,marking   ] GC(484) Concurrent Rebuild Remembered Sets
[2020-10-24T06:55:23.309+0000][7][gc,marking   ] GC(484) Concurrent Rebuild Remembered Sets 32.857ms
[2020-10-24T06:55:23.310+0000][7][gc,start     ] GC(484) Pause Cleanup
[2020-10-24T06:55:23.311+0000][7][gc           ] GC(484) Pause Cleanup 151M->151M(256M) 0.546ms
[2020-10-24T06:55:23.311+0000][7][gc,cpu       ] GC(484) User=0.01s Sys=0.00s Real=0.00s
[2020-10-24T06:55:23.311+0000][7][safepoint    ] Safepoint "G1Concurrent", Time since last: 33668000 ns, Reaching safepoint: 254500 ns, At safepoint: 1209100 ns, Total: 1463600 ns
[2020-10-24T06:55:23.312+0000][7][gc,marking   ] GC(484) Concurrent Cleanup for Next Mark
[2020-10-24T06:55:23.312+0000][7][gc,marking   ] GC(484) Concurrent Cleanup for Next Mark 0.626ms
[2020-10-24T06:55:23.313+0000][7][gc           ] GC(484) Concurrent Cycle 108.997ms
[2020-10-24T06:55:24.239+0000][7][safepoint    ] Safepoint "BulkRevokeBias", Time since last: 926222300 ns, Reaching safepoint: 255900 ns, At safepoint: 732900 ns, Total: 988800 ns
[2020-10-24T06:55:25.240+0000][7][safepoint    ] Safepoint "Cleanup", Time since last: 1000628800 ns, Reaching safepoint: 428200 ns, At safepoint: 59800 ns, Total: 488000 ns
[2020-10-24T06:55:26.241+0000][7][safepoint    ] Safepoint "Cleanup", Time since last: 1000779100 ns, Reaching safepoint: 211800 ns, At safepoint: 8700 ns, Total: 220500 ns
[2020-10-24T06:55:27.242+0000][7][safepoint    ] Safepoint "Cleanup", Time since last: 1000646900 ns, Reaching safepoint: 950900 ns, At safepoint: 124900 ns, Total: 1075800 ns
[2020-10-24T06:55:28.245+0000][7][safepoint    ] Safepoint "Cleanup", Time since last: 1001429700 ns, Reaching safepoint: 803900 ns, At safepoint: 45500 ns, Total: 849400 ns
[2020-10-24T06:55:29.247+0000][7][safepoint    ] Safepoint "Cleanup", Time since last: 1001199500 ns, Reaching safepoint: 802900 ns, At safepoint: 44300 ns, Total: 847200 ns
[2020-10-24T06:55:30.249+0000][7][safepoint    ] Safepoint "Cleanup", Time since last: 1001435900 ns, Reaching safepoint: 894300 ns, At safepoint: 92200 ns, Total: 986500 ns
[2020-10-24T06:55:31.251+0000][7][safepoint    ] Safepoint "Cleanup", Time since last: 1001312700 ns, Reaching safepoint: 825100 ns, At safepoint: 44500 ns, Total: 869600 ns
[2020-10-24T06:55:32.253+0000][7][safepoint    ] Safepoint "Cleanup", Time since last: 1001251900 ns, Reaching safepoint: 888200 ns, At safepoint: 45800 ns, Total: 934000 ns
[2020-10-24T06:55:33.255+0000][7][safepoint    ] Safepoint "Cleanup", Time since last: 1001263800 ns, Reaching safepoint: 436600 ns, At safepoint: 22300 ns, Total: 458900 ns
[2020-10-24T06:55:34.256+0000][7][safepoint    ] Safepoint "Cleanup", Time since last: 1000842200 ns, Reaching safepoint: 239700 ns, At safepoint: 24600 ns, Total: 264300 ns
[2020-10-24T06:55:35.258+0000][7][safepoint    ] Safepoint "Cleanup", Time since last: 1000559100 ns, Reaching safepoint: 835500 ns, At safepoint: 45400 ns, Total: 880900 ns
[2020-10-24T06:55:36.260+0000][7][safepoint    ] Safepoint "Cleanup", Time since last: 1001309400 ns, Reaching safepoint: 815100 ns, At safepoint: 44100 ns, Total: 859200 ns
[2020-10-24T06:55:37.261+0000][7][safepoint    ] Safepoint "Cleanup", Time since last: 1001115900 ns, Reaching safepoint: 230300 ns, At safepoint: 9200 ns, Total: 239500 ns
[2020-10-24T06:55:38.262+0000][7][safepoint    ] Safepoint "Cleanup", Time since last: 1000633100 ns, Reaching safepoint: 279200 ns, At safepoint: 8600 ns, Total: 287800 ns
[2020-10-24T06:55:39.264+0000][7][safepoint    ] Safepoint "Cleanup", Time since last: 1001456000 ns, Reaching safepoint: 231300 ns, At safepoint: 9000 ns, Total: 240300 ns
[2020-10-24T06:55:40.265+0000][7][safepoint    ] Safepoint "Cleanup", Time since last: 1000622600 ns, Reaching safepoint: 812800 ns, At safepoint: 44300 ns, Total: 857100 ns
[2020-10-24T06:55:41.267+0000][7][safepoint    ] Safepoint "Cleanup", Time since last: 1001224600 ns, Reaching safepoint: 856300 ns, At safepoint: 47500 ns, Total: 903800 ns
[2020-10-24T06:55:42.269+0000][7][safepoint    ] Safepoint "Cleanup", Time since last: 1001129100 ns, Reaching safepoint: 224400 ns, At safepoint: 8800 ns, Total: 233200 ns
[2020-10-24T06:55:43.270+0000][7][safepoint    ] Safepoint "Cleanup", Time since last: 1000612800 ns, Reaching safepoint: 783600 ns, At safepoint: 44900 ns, Total: 828500 ns
[2020-10-24T06:55:44.272+0000][7][safepoint    ] Safepoint "Cleanup", Time since last: 1001347400 ns, Reaching safepoint: 774200 ns, At safepoint: 44300 ns, Total: 818500 ns
[2020-10-24T06:55:45.275+0000][7][safepoint    ] Safepoint "Cleanup", Time since last: 1001271500 ns, Reaching safepoint: 835000 ns, At safepoint: 44100 ns, Total: 879100 ns
[2020-10-24T06:55:46.277+0000][7][safepoint    ] Safepoint "Cleanup", Time since last: 1001250000 ns, Reaching safepoint: 866400 ns, At safepoint: 45400 ns, Total: 911800 ns
[2020-10-24T06:55:47.012+0000][7][gc,start     ] GC(486) Pause Young (Normal) (G1 Evacuation Pause)
[2020-10-24T06:55:47.012+0000][7][gc,task      ] GC(486) Using 6 workers of 10 for evacuation
[2020-10-24T06:55:47.013+0000][7][gc,age       ] GC(486) Desired survivor size 2621440 bytes, new threshold 15 (max threshold 15)
[2020-10-24T06:55:47.015+0000][7][gc,age       ] GC(486) Age table with threshold 15 (max threshold 15)
[2020-10-24T06:55:47.015+0000][7][gc,age       ] GC(486) - age   1:     358520 bytes,     358520 total
[2020-10-24T06:55:47.016+0000][7][gc,age       ] GC(486) - age   2:      51920 bytes,     410440 total
[2020-10-24T06:55:47.016+0000][7][gc,phases    ] GC(486)   Pre Evacuate Collection Set: 0.1ms
[2020-10-24T06:55:47.016+0000][7][gc,phases    ] GC(486)   Merge Heap Roots: 0.1ms
[2020-10-24T06:55:47.016+0000][7][gc,phases    ] GC(486)   Evacuate Collection Set: 1.0ms
[2020-10-24T06:55:47.017+0000][7][gc,phases    ] GC(486)   Post Evacuate Collection Set: 0.9ms
[2020-10-24T06:55:47.017+0000][7][gc,phases    ] GC(486)   Other: 1.9ms
[2020-10-24T06:55:47.017+0000][7][gc,heap      ] GC(486) Eden regions: 38->0(40)
[2020-10-24T06:55:47.017+0000][7][gc,heap      ] GC(486) Survivor regions: 2->1(5)
[2020-10-24T06:55:47.017+0000][7][gc,heap      ] GC(486) Old regions: 128->128
[2020-10-24T06:55:47.018+0000][7][gc,heap      ] GC(486) Archive regions: 2->2
[2020-10-24T06:55:47.018+0000][7][gc,heap      ] GC(486) Humongous regions: 15->15
[2020-10-24T06:55:47.018+0000][7][gc,metaspace ] GC(486) Metaspace: 110317K(119076K)->110317K(119076K) NonClass: 96393K(101592K)->96393K(101592K) Class: 13924K(17484K)->13924K(17484K)
[2020-10-24T06:55:47.018+0000][7][gc           ] GC(486) Pause Young (Normal) (G1 Evacuation Pause) 182M->143M(256M) 6.025ms
[2020-10-24T06:55:47.018+0000][7][gc,cpu       ] GC(486) User=0.01s Sys=0.01s Real=0.01s
[2020-10-24T06:55:47.018+0000][7][safepoint    ] Safepoint "G1CollectForAllocation", Time since last: 734933500 ns, Reaching safepoint: 252300 ns, At safepoint: 6343300 ns, Total: 6595600 ns
[2020-10-24T06:55:48.019+0000][7][safepoint    ] Safepoint "Cleanup", Time since last: 1000353500 ns, Reaching safepoint: 221600 ns, At safepoint: 9400 ns, Total: 231000 ns
[2020-10-24T06:55:49.247+0000][7][safepoint    ] Safepoint "Cleanup", Time since last: 1227318800 ns, Reaching safepoint: 301200 ns, At safepoint: 16600 ns, Total: 317800 ns
[2020-10-24T06:55:50.247+0000][7][safepoint    ] Safepoint "Cleanup", Time since last: 1000593100 ns, Reaching safepoint: 258400 ns, At safepoint: 8700 ns, Total: 267100 ns
[2020-10-24T06:55:51.249+0000][7][safepoint    ] Safepoint "Cleanup", Time since last: 1000590800 ns, Reaching safepoint: 979200 ns, At safepoint: 124900 ns, Total: 1104100 ns
[2020-10-24T06:55:52.250+0000][7][safepoint    ] Safepoint "Cleanup", Time since last: 1001018800 ns, Reaching safepoint: 225900 ns, At safepoint: 9200 ns, Total: 235100 ns
[2020-10-24T06:55:53.252+0000][7][safepoint    ] Safepoint "Cleanup", Time since last: 1000589300 ns, Reaching safepoint: 797000 ns, At safepoint: 194400 ns, Total: 991400 ns
[2020-10-24T06:55:54.254+0000][7][safepoint    ] Safepoint "Cleanup", Time since last: 1001443100 ns, Reaching safepoint: 778800 ns, At safepoint: 44900 ns, Total: 823700 ns
[2020-10-24T06:55:55.257+0000][7][safepoint    ] Safepoint "Cleanup", Time since last: 1001468000 ns, Reaching safepoint: 823800 ns, At safepoint: 45600 ns, Total: 869400 ns
[2020-10-24T06:55:56.259+0000][7][safepoint    ] Safepoint "Cleanup", Time since last: 1001447400 ns, Reaching safepoint: 606700 ns, At safepoint: 48700 ns, Total: 655400 ns
[2020-10-24T06:55:57.260+0000][7][safepoint    ] Safepoint "Cleanup", Time since last: 1001077200 ns, Reaching safepoint: 268800 ns, At safepoint: 9700 ns, Total: 278500 ns
[2020-10-24T06:55:58.261+0000][7][safepoint    ] Safepoint "Cleanup", Time since last: 1000537500 ns, Reaching safepoint: 306100 ns, At safepoint: 16900 ns, Total: 323000 ns
[2020-10-24T06:55:59.262+0000][7][safepoint    ] Safepoint "Cleanup", Time since last: 1000704200 ns, Reaching safepoint: 772100 ns, At safepoint: 44300 ns, Total: 816400 ns
[2020-10-24T06:56:00.474+0000][7][safepoint    ] Safepoint "Cleanup", Time since last: 1210467000 ns, Reaching safepoint: 828400 ns, At safepoint: 51600 ns, Total: 880000 ns
[2020-10-24T06:56:01.476+0000][7][safepoint    ] Safepoint "Cleanup", Time since last: 1001193600 ns, Reaching safepoint: 897600 ns, At safepoint: 54500 ns, Total: 952100 ns
[2020-10-24T06:56:02.478+0000][7][safepoint    ] Safepoint "Cleanup", Time since last: 1001433900 ns, Reaching safepoint: 504100 ns, At safepoint: 28800 ns, Total: 532900 ns
[2020-10-24T06:56:03.480+0000][7][safepoint    ] Safepoint "Cleanup", Time since last: 1000897300 ns, Reaching safepoint: 843500 ns, At safepoint: 45700 ns, Total: 889200 ns
[2020-10-24T06:56:04.482+0000][7][safepoint    ] Safepoint "Cleanup", Time since last: 1001316800 ns, Reaching safepoint: 616000 ns, At safepoint: 40600 ns, Total: 656600 ns
[2020-10-24T06:56:05.484+0000][7][safepoint    ] Safepoint "Cleanup", Time since last: 1001443300 ns, Reaching safepoint: 864200 ns, At safepoint: 45000 ns, Total: 909200 ns
[2020-10-24T06:56:06.485+0000][7][safepoint    ] Safepoint "Cleanup", Time since last: 1001111500 ns, Reaching safepoint: 218500 ns, At safepoint: 9000 ns, Total: 227500 ns
[2020-10-24T06:56:07.486+0000][7][safepoint    ] Safepoint "Cleanup", Time since last: 1000449800 ns, Reaching safepoint: 248500 ns, At safepoint: 9000 ns, Total: 257500 ns
[2020-10-24T06:56:08.487+0000][7][safepoint    ] Safepoint "Cleanup", Time since last: 1000521700 ns, Reaching safepoint: 870500 ns, At safepoint: 47300 ns, Total: 917800 ns
[2020-10-24T06:56:09.436+0000][7][gc,start     ] GC(487) Pause Young (Concurrent Start) (G1 Evacuation Pause)
[2020-10-24T06:56:09.436+0000][7][gc,task      ] GC(487) Using 6 workers of 10 for evacuation
[2020-10-24T06:56:09.437+0000][7][gc,age       ] GC(487) Desired survivor size 3145728 bytes, new threshold 15 (max threshold 15)
[2020-10-24T06:56:09.440+0000][7][gc,age       ] GC(487) Age table with threshold 15 (max threshold 15)
[2020-10-24T06:56:09.440+0000][7][gc,age       ] GC(487) - age   1:     677520 bytes,     677520 total
[2020-10-24T06:56:09.441+0000][7][gc,age       ] GC(487) - age   2:     296320 bytes,     973840 total
[2020-10-24T06:56:09.441+0000][7][gc,age       ] GC(487) - age   3:      51920 bytes,    1025760 total
[2020-10-24T06:56:09.441+0000][7][gc,phases    ] GC(487)   Pre Evacuate Collection Set: 0.7ms
[2020-10-24T06:56:09.441+0000][7][gc,phases    ] GC(487)   Merge Heap Roots: 0.1ms
[2020-10-24T06:56:09.442+0000][7][gc,phases    ] GC(487)   Evacuate Collection Set: 1.6ms
[2020-10-24T06:56:09.442+0000][7][gc,phases    ] GC(487)   Post Evacuate Collection Set: 0.8ms
[2020-10-24T06:56:09.442+0000][7][gc,phases    ] GC(487)   Other: 2.1ms
[2020-10-24T06:56:09.442+0000][7][gc,heap      ] GC(487) Eden regions: 40->0(40)
[2020-10-24T06:56:09.442+0000][7][gc,heap      ] GC(487) Survivor regions: 1->2(6)
[2020-10-24T06:56:09.443+0000][7][gc,heap      ] GC(487) Old regions: 128->128
[2020-10-24T06:56:09.443+0000][7][gc,heap      ] GC(487) Archive regions: 2->2
[2020-10-24T06:56:09.443+0000][7][gc,heap      ] GC(487) Humongous regions: 15->15
[2020-10-24T06:56:09.443+0000][7][gc,metaspace ] GC(487) Metaspace: 110318K(119076K)->110318K(119076K) NonClass: 96394K(101592K)->96394K(101592K) Class: 13924K(17484K)->13924K(17484K)
[2020-10-24T06:56:09.443+0000][7][gc           ] GC(487) Pause Young (Concurrent Start) (G1 Evacuation Pause) 183M->144M(256M) 7.451ms
[2020-10-24T06:56:09.444+0000][7][gc,cpu       ] GC(487) User=0.02s Sys=0.00s Real=0.01s
[2020-10-24T06:56:09.444+0000][7][gc           ] GC(488) Concurrent Cycle
[2020-10-24T06:56:09.444+0000][7][safepoint    ] Safepoint "G1CollectForAllocation", Time since last: 948192100 ns, Reaching safepoint: 258800 ns, At safepoint: 7903500 ns, Total: 8162300 ns
[2020-10-24T06:56:09.444+0000][7][gc,marking   ] GC(488) Concurrent Clear Claimed Marks
[2020-10-24T06:56:09.445+0000][7][gc,marking   ] GC(488) Concurrent Clear Claimed Marks 0.833ms
[2020-10-24T06:56:09.445+0000][7][gc,marking   ] GC(488) Concurrent Scan Root Regions
[2020-10-24T06:56:09.446+0000][7][gc,marking   ] GC(488) Concurrent Scan Root Regions 0.789ms
[2020-10-24T06:56:09.446+0000][7][gc,marking   ] GC(488) Concurrent Mark (4326.812s)
[2020-10-24T06:56:09.446+0000][7][gc,marking   ] GC(488) Concurrent Mark From Roots
[2020-10-24T06:56:09.446+0000][7][gc,task      ] GC(488) Using 3 workers of 3 for marking
[2020-10-24T06:56:09.496+0000][7][gc,marking   ] GC(488) Concurrent Mark From Roots 50.141ms
[2020-10-24T06:56:09.497+0000][7][gc,marking   ] GC(488) Concurrent Preclean
[2020-10-24T06:56:09.498+0000][7][gc,marking   ] GC(488) Concurrent Preclean 0.972ms
[2020-10-24T06:56:09.498+0000][7][gc,marking   ] GC(488) Concurrent Mark (4326.812s, 4326.864s) 51.965ms
[2020-10-24T06:56:09.499+0000][7][gc,start     ] GC(488) Pause Remark
[2020-10-24T06:56:09.505+0000][7][gc           ] GC(488) Pause Remark 149M->149M(256M) 6.671ms
[2020-10-24T06:56:09.506+0000][7][gc,cpu       ] GC(488) User=0.02s Sys=0.01s Real=0.00s
[2020-10-24T06:56:09.506+0000][7][safepoint    ] Safepoint "G1Concurrent", Time since last: 54519800 ns, Reaching safepoint: 253000 ns, At safepoint: 7305800 ns, Total: 7558800 ns
[2020-10-24T06:56:09.506+0000][7][gc,marking   ] GC(488) Concurrent Rebuild Remembered Sets
[2020-10-24T06:56:09.541+0000][7][gc,marking   ] GC(488) Concurrent Rebuild Remembered Sets 34.564ms
[2020-10-24T06:56:09.541+0000][7][gc,start     ] GC(488) Pause Cleanup
[2020-10-24T06:56:09.542+0000][7][gc           ] GC(488) Pause Cleanup 149M->149M(256M) 0.479ms
[2020-10-24T06:56:09.542+0000][7][gc,cpu       ] GC(488) User=0.00s Sys=0.00s Real=0.00s
[2020-10-24T06:56:09.542+0000][7][safepoint    ] Safepoint "G1Concurrent", Time since last: 35239700 ns, Reaching safepoint: 202600 ns, At safepoint: 967700 ns, Total: 1170300 ns
[2020-10-24T06:56:09.543+0000][7][gc,marking   ] GC(488) Concurrent Cleanup for Next Mark
[2020-10-24T06:56:09.543+0000][7][gc,marking   ] GC(488) Concurrent Cleanup for Next Mark 0.568ms
[2020-10-24T06:56:09.543+0000][7][gc           ] GC(488) Concurrent Cycle 99.568ms
[2020-10-24T06:56:10.544+0000][7][safepoint    ] Safepoint "Cleanup", Time since last: 1000455700 ns, Reaching safepoint: 825700 ns, At safepoint: 45700 ns, Total: 871400 ns
[2020-10-24T06:56:11.545+0000][7][safepoint    ] Safepoint "Cleanup", Time since last: 1001141700 ns, Reaching safepoint: 232900 ns, At safepoint: 9000 ns, Total: 241900 ns
[2020-10-24T06:56:12.546+0000][7][safepoint    ] Safepoint "Cleanup", Time since last: 1000593200 ns, Reaching safepoint: 620900 ns, At safepoint: 37400 ns, Total: 658300 ns
[2020-10-24T06:56:13.548+0000][7][safepoint    ] Safepoint "Cleanup", Time since last: 1001224700 ns, Reaching safepoint: 884000 ns, At safepoint: 45000 ns, Total: 929000 ns
[2020-10-24T06:56:14.551+0000][7][safepoint    ] Safepoint "Cleanup", Time since last: 1001293600 ns, Reaching safepoint: 803000 ns, At safepoint: 95500 ns, Total: 898500 ns
[2020-10-24T06:56:15.552+0000][7][safepoint    ] Safepoint "Cleanup", Time since last: 1001150400 ns, Reaching safepoint: 278600 ns, At safepoint: 8900 ns, Total: 287500 ns
[2020-10-24T06:56:16.553+0000][7][safepoint    ] Safepoint "Cleanup", Time since last: 1000607700 ns, Reaching safepoint: 759400 ns, At safepoint: 44200 ns, Total: 803600 ns
[2020-10-24T06:56:17.555+0000][7][safepoint    ] Safepoint "Cleanup", Time since last: 1001155500 ns, Reaching safepoint: 674100 ns, At safepoint: 33400 ns, Total: 707500 ns
[2020-10-24T06:56:18.557+0000][7][safepoint    ] Safepoint "Cleanup", Time since last: 1001184000 ns, Reaching safepoint: 953500 ns, At safepoint: 44400 ns, Total: 997900 ns
[2020-10-24T06:56:19.560+0000][7][safepoint    ] Safepoint "Cleanup", Time since last: 1001269800 ns, Reaching safepoint: 842500 ns, At safepoint: 46600 ns, Total: 889100 ns
[2020-10-24T06:56:20.562+0000][7][safepoint    ] Safepoint "Cleanup", Time since last: 1001243600 ns, Reaching safepoint: 820900 ns, At safepoint: 43700 ns, Total: 864600 ns
[2020-10-24T06:56:21.564+0000][7][safepoint    ] Safepoint "Cleanup", Time since last: 1001326800 ns, Reaching safepoint: 785300 ns, At safepoint: 43800 ns, Total: 829100 ns
[2020-10-24T06:56:23.275+0000][7][gc,start     ] GC(489) Pause Young (Prepare Mixed) (G1 Evacuation Pause)
[2020-10-24T06:56:23.276+0000][7][gc,task      ] GC(489) Using 6 workers of 10 for evacuation
[2020-10-24T06:56:23.277+0000][7][gc,age       ] GC(489) Desired survivor size 3145728 bytes, new threshold 15 (max threshold 15)
[2020-10-24T06:56:23.286+0000][7][gc,age       ] GC(489) Age table with threshold 15 (max threshold 15)
[2020-10-24T06:56:23.286+0000][7][gc,age       ] GC(489) - age   1:    5562120 bytes,    5562120 total
[2020-10-24T06:56:23.286+0000][7][gc,age       ] GC(489) - age   2:     248824 bytes,    5810944 total
[2020-10-24T06:56:23.287+0000][7][gc,age       ] GC(489) - age   3:     274440 bytes,    6085384 total
[2020-10-24T06:56:23.287+0000][7][gc,age       ] GC(489) - age   4:      42512 bytes,    6127896 total
[2020-10-24T06:56:23.287+0000][7][gc,phases    ] GC(489)   Pre Evacuate Collection Set: 0.6ms
[2020-10-24T06:56:23.287+0000][7][gc,phases    ] GC(489)   Merge Heap Roots: 0.5ms
[2020-10-24T06:56:23.288+0000][7][gc,phases    ] GC(489)   Evacuate Collection Set: 5.8ms
[2020-10-24T06:56:23.288+0000][7][gc,phases    ] GC(489)   Post Evacuate Collection Set: 1.0ms
[2020-10-24T06:56:23.288+0000][7][gc,phases    ] GC(489)   Other: 4.6ms
[2020-10-24T06:56:23.288+0000][7][gc,heap      ] GC(489) Eden regions: 40->0(6)
[2020-10-24T06:56:23.289+0000][7][gc,heap      ] GC(489) Survivor regions: 2->6(6)
[2020-10-24T06:56:23.289+0000][7][gc,heap      ] GC(489) Old regions: 128->128
[2020-10-24T06:56:23.289+0000][7][gc,heap      ] GC(489) Archive regions: 2->2
[2020-10-24T06:56:23.289+0000][7][gc,heap      ] GC(489) Humongous regions: 15->15
[2020-10-24T06:56:23.290+0000][7][gc,metaspace ] GC(489) Metaspace: 110318K(119076K)->110318K(119076K) NonClass: 96394K(101592K)->96394K(101592K) Class: 13924K(17484K)->13924K(17484K)
[2020-10-24T06:56:23.290+0000][7][gc           ] GC(489) Pause Young (Prepare Mixed) (G1 Evacuation Pause) 184M->149M(256M) 14.899ms
[2020-10-24T06:56:23.290+0000][7][gc,cpu       ] GC(489) User=0.02s Sys=0.01s Real=0.02s
[2020-10-24T06:56:23.290+0000][7][safepoint    ] Safepoint "G1CollectForAllocation", Time since last: 1710079300 ns, Reaching safepoint: 822500 ns, At safepoint: 15424700 ns, Total: 16247200 ns
[2020-10-24T06:56:23.294+0000][7][gc,start     ] GC(490) Pause Young (Mixed) (G1 Evacuation Pause)
[2020-10-24T06:56:23.294+0000][7][gc,task      ] GC(490) Using 6 workers of 10 for evacuation
[2020-10-24T06:56:23.295+0000][7][gc,age       ] GC(490) Desired survivor size 1048576 bytes, new threshold 1 (max threshold 15)
[2020-10-24T06:56:23.303+0000][7][gc,age       ] GC(490) Age table with threshold 1 (max threshold 15)
[2020-10-24T06:56:23.303+0000][7][gc,age       ] GC(490) - age   1:      83528 bytes,      83528 total
[2020-10-24T06:56:23.304+0000][7][gc,phases    ] GC(490)   Pre Evacuate Collection Set: 0.2ms
[2020-10-24T06:56:23.304+0000][7][gc,phases    ] GC(490)   Merge Heap Roots: 0.2ms
[2020-10-24T06:56:23.304+0000][7][gc,phases    ] GC(490)   Evacuate Collection Set: 6.5ms
[2020-10-24T06:56:23.304+0000][7][gc,phases    ] GC(490)   Post Evacuate Collection Set: 1.0ms
[2020-10-24T06:56:23.305+0000][7][gc,phases    ] GC(490)   Other: 1.7ms
[2020-10-24T06:56:23.305+0000][7][gc,heap      ] GC(490) Eden regions: 6->0(44)
[2020-10-24T06:56:23.305+0000][7][gc,heap      ] GC(490) Survivor regions: 6->1(2)
[2020-10-24T06:56:23.305+0000][7][gc,heap      ] GC(490) Old regions: 128->121
[2020-10-24T06:56:23.306+0000][7][gc,heap      ] GC(490) Archive regions: 2->2
[2020-10-24T06:56:23.306+0000][7][gc,heap      ] GC(490) Humongous regions: 15->15
[2020-10-24T06:56:23.306+0000][7][gc,metaspace ] GC(490) Metaspace: 110318K(119076K)->110318K(119076K) NonClass: 96394K(101592K)->96394K(101592K) Class: 13924K(17484K)->13924K(17484K)
[2020-10-24T06:56:23.306+0000][7][gc           ] GC(490) Pause Young (Mixed) (G1 Evacuation Pause) 155M->136M(256M) 12.121ms
[2020-10-24T06:56:23.307+0000][7][gc,cpu       ] GC(490) User=0.04s Sys=0.00s Real=0.01s
[2020-10-24T06:56:23.307+0000][7][safepoint    ] Safepoint "G1CollectForAllocation", Time since last: 3672100 ns, Reaching safepoint: 273200 ns, At safepoint: 12587900 ns, Total: 12861100 ns
[2020-10-24T06:56:23.333+0000][7][gc,start     ] GC(491) Pause Young (Concurrent Start) (G1 Evacuation Pause)
[2020-10-24T06:56:23.333+0000][7][gc,task      ] GC(491) Using 6 workers of 10 for evacuation
[2020-10-24T06:56:23.333+0000][7][gc,age       ] GC(491) Desired survivor size 3145728 bytes, new threshold 15 (max threshold 15)
[2020-10-24T06:56:23.338+0000][7][gc,age       ] GC(491) Age table with threshold 15 (max threshold 15)
[2020-10-24T06:56:23.338+0000][7][gc,age       ] GC(491) - age   1:    1023944 bytes,    1023944 total
[2020-10-24T06:56:23.338+0000][7][gc,age       ] GC(491) - age   2:       9280 bytes,    1033224 total
[2020-10-24T06:56:23.338+0000][7][gc,phases    ] GC(491)   Pre Evacuate Collection Set: 0.7ms
[2020-10-24T06:56:23.339+0000][7][gc,phases    ] GC(491)   Merge Heap Roots: 0.2ms
[2020-10-24T06:56:23.339+0000][7][gc,phases    ] GC(491)   Evacuate Collection Set: 2.0ms
[2020-10-24T06:56:23.339+0000][7][gc,phases    ] GC(491)   Post Evacuate Collection Set: 1.0ms
[2020-10-24T06:56:23.339+0000][7][gc,phases    ] GC(491)   Other: 1.9ms
[2020-10-24T06:56:23.340+0000][7][gc,heap      ] GC(491) Eden regions: 44->0(44)
[2020-10-24T06:56:23.340+0000][7][gc,heap      ] GC(491) Survivor regions: 1->2(6)
[2020-10-24T06:56:23.340+0000][7][gc,heap      ] GC(491) Old regions: 121->121
[2020-10-24T06:56:23.340+0000][7][gc,heap      ] GC(491) Archive regions: 2->2
[2020-10-24T06:56:23.340+0000][7][gc,heap      ] GC(491) Humongous regions: 15->15
[2020-10-24T06:56:23.341+0000][7][gc,metaspace ] GC(491) Metaspace: 110318K(119076K)->110318K(119076K) NonClass: 96394K(101592K)->96394K(101592K) Class: 13924K(17484K)->13924K(17484K)
[2020-10-24T06:56:23.341+0000][7][gc           ] GC(491) Pause Young (Concurrent Start) (G1 Evacuation Pause) 180M->137M(256M) 8.181ms
[2020-10-24T06:56:23.341+0000][7][gc,cpu       ] GC(491) User=0.01s Sys=0.01s Real=0.01s
[2020-10-24T06:56:23.341+0000][7][safepoint    ] Safepoint "G1CollectForAllocation", Time since last: 25626000 ns, Reaching safepoint: 237200 ns, At safepoint: 8616400 ns, Total: 8853600 ns
[2020-10-24T06:56:23.341+0000][7][gc           ] GC(492) Concurrent Cycle
[2020-10-24T06:56:23.342+0000][7][gc,marking   ] GC(492) Concurrent Clear Claimed Marks
[2020-10-24T06:56:23.342+0000][7][gc,marking   ] GC(492) Concurrent Clear Claimed Marks 0.579ms
[2020-10-24T06:56:23.342+0000][7][gc,marking   ] GC(492) Concurrent Scan Root Regions
[2020-10-24T06:56:23.343+0000][7][gc,marking   ] GC(492) Concurrent Scan Root Regions 0.782ms
[2020-10-24T06:56:23.343+0000][7][gc,marking   ] GC(492) Concurrent Mark (4340.710s)
[2020-10-24T06:56:23.344+0000][7][gc,marking   ] GC(492) Concurrent Mark From Roots
[2020-10-24T06:56:23.344+0000][7][gc,task      ] GC(492) Using 3 workers of 3 for marking
[2020-10-24T06:56:23.390+0000][7][gc,marking   ] GC(492) Concurrent Mark From Roots 46.194ms
[2020-10-24T06:56:23.390+0000][7][gc,marking   ] GC(492) Concurrent Preclean
[2020-10-24T06:56:23.391+0000][7][gc,marking   ] GC(492) Concurrent Preclean 0.703ms
[2020-10-24T06:56:23.391+0000][7][gc,marking   ] GC(492) Concurrent Mark (4340.710s, 4340.758s) 47.863ms
[2020-10-24T06:56:23.392+0000][7][gc,start     ] GC(492) Pause Remark
[2020-10-24T06:56:23.399+0000][7][gc           ] GC(492) Pause Remark 142M->142M(256M) 7.043ms
[2020-10-24T06:56:23.399+0000][7][gc,cpu       ] GC(492) User=0.03s Sys=0.00s Real=0.01s
[2020-10-24T06:56:23.399+0000][7][safepoint    ] Safepoint "G1Concurrent", Time since last: 50267600 ns, Reaching safepoint: 213800 ns, At safepoint: 7766400 ns, Total: 7980200 ns
[2020-10-24T06:56:23.400+0000][7][gc,marking   ] GC(492) Concurrent Rebuild Remembered Sets
[2020-10-24T06:56:23.436+0000][7][gc,marking   ] GC(492) Concurrent Rebuild Remembered Sets 36.358ms
[2020-10-24T06:56:23.437+0000][7][gc,start     ] GC(492) Pause Cleanup
[2020-10-24T06:56:23.437+0000][7][gc           ] GC(492) Pause Cleanup 142M->142M(256M) 0.535ms
[2020-10-24T06:56:23.438+0000][7][gc,cpu       ] GC(492) User=0.00s Sys=0.00s Real=0.01s
[2020-10-24T06:56:23.438+0000][7][safepoint    ] Safepoint "G1Concurrent", Time since last: 37148200 ns, Reaching safepoint: 287900 ns, At safepoint: 1155400 ns, Total: 1443300 ns
[2020-10-24T06:56:23.438+0000][7][gc,marking   ] GC(492) Concurrent Cleanup for Next Mark
[2020-10-24T06:56:23.439+0000][7][gc,marking   ] GC(492) Concurrent Cleanup for Next Mark 0.636ms
[2020-10-24T06:56:23.439+0000][7][gc           ] GC(492) Concurrent Cycle 98.019ms
[2020-10-24T06:56:25.335+0000][7][safepoint    ] Safepoint "Cleanup", Time since last: 1895669200 ns, Reaching safepoint: 848600 ns, At safepoint: 45100 ns, Total: 893700 ns
[2020-10-24T06:56:26.337+0000][7][safepoint    ] Safepoint "Cleanup", Time since last: 1001237400 ns, Reaching safepoint: 871800 ns, At safepoint: 122000 ns, Total: 993800 ns
[2020-10-24T06:56:27.339+0000][7][safepoint    ] Safepoint "Cleanup", Time since last: 1001243400 ns, Reaching safepoint: 867500 ns, At safepoint: 99900 ns, Total: 967400 ns
[2020-10-24T06:56:28.341+0000][7][safepoint    ] Safepoint "Cleanup", Time since last: 1001284400 ns, Reaching safepoint: 830700 ns, At safepoint: 44000 ns, Total: 874700 ns
[2020-10-24T06:56:29.343+0000][7][safepoint    ] Safepoint "Cleanup", Time since last: 1001146600 ns, Reaching safepoint: 254200 ns, At safepoint: 9200 ns, Total: 263400 ns
[2020-10-24T06:56:30.477+0000][7][safepoint    ] Safepoint "Cleanup", Time since last: 1134170900 ns, Reaching safepoint: 219500 ns, At safepoint: 8900 ns, Total: 228400 ns
[2020-10-24T06:56:31.478+0000][7][safepoint    ] Safepoint "Cleanup", Time since last: 1000565600 ns, Reaching safepoint: 746800 ns, At safepoint: 46500 ns, Total: 793300 ns
[2020-10-24T06:56:32.480+0000][7][safepoint    ] Safepoint "Cleanup", Time since last: 1001239800 ns, Reaching safepoint: 201000 ns, At safepoint: 24500 ns, Total: 225500 ns
[2020-10-24T06:56:33.481+0000][7][safepoint    ] Safepoint "Cleanup", Time since last: 1000571900 ns, Reaching safepoint: 832300 ns, At safepoint: 44400 ns, Total: 876700 ns
[2020-10-24T06:56:34.483+0000][7][safepoint    ] Safepoint "Cleanup", Time since last: 1001140200 ns, Reaching safepoint: 323700 ns, At safepoint: 16200 ns, Total: 339900 ns
[2020-10-24T06:56:35.484+0000][7][safepoint    ] Safepoint "Cleanup", Time since last: 1000687600 ns, Reaching safepoint: 820400 ns, At safepoint: 44500 ns, Total: 864900 ns
[2020-10-24T06:56:36.486+0000][7][safepoint    ] Safepoint "Cleanup", Time since last: 1001252300 ns, Reaching safepoint: 751200 ns, At safepoint: 45000 ns, Total: 796200 ns
[2020-10-24T06:56:37.489+0000][7][safepoint    ] Safepoint "Cleanup", Time since last: 1001422000 ns, Reaching safepoint: 715800 ns, At safepoint: 47100 ns, Total: 762900 ns
[2020-10-24T06:56:38.490+0000][7][safepoint    ] Safepoint "Cleanup", Time since last: 1001127600 ns, Reaching safepoint: 219500 ns, At safepoint: 8500 ns, Total: 228000 ns
[2020-10-24T06:56:39.491+0000][7][safepoint    ] Safepoint "Cleanup", Time since last: 1000605100 ns, Reaching safepoint: 263700 ns, At safepoint: 8900 ns, Total: 272600 ns
[2020-10-24T06:56:40.492+0000][7][safepoint    ] Safepoint "Cleanup", Time since last: 1000518200 ns, Reaching safepoint: 277200 ns, At safepoint: 14800 ns, Total: 292000 ns
[2020-10-24T06:56:41.493+0000][7][safepoint    ] Safepoint "Cleanup", Time since last: 1000738100 ns, Reaching safepoint: 710600 ns, At safepoint: 45800 ns, Total: 756400 ns
[2020-10-24T06:56:42.495+0000][7][safepoint    ] Safepoint "Cleanup", Time since last: 1001415700 ns, Reaching safepoint: 791700 ns, At safepoint: 95000 ns, Total: 886700 ns
[2020-10-24T06:56:43.497+0000][7][safepoint    ] Safepoint "Cleanup", Time since last: 1001224100 ns, Reaching safepoint: 780400 ns, At safepoint: 43400 ns, Total: 823800 ns
[2020-10-24T06:56:44.499+0000][7][safepoint    ] Safepoint "Cleanup", Time since last: 1001201100 ns, Reaching safepoint: 592100 ns, At safepoint: 41500 ns, Total: 633600 ns
[2020-10-24T06:56:45.501+0000][7][safepoint    ] Safepoint "Cleanup", Time since last: 1001081900 ns, Reaching safepoint: 678900 ns, At safepoint: 35800 ns, Total: 714700 ns
[2020-10-24T06:56:46.502+0000][7][safepoint    ] Safepoint "Cleanup", Time since last: 1001010100 ns, Reaching safepoint: 235700 ns, At safepoint: 22500 ns, Total: 258200 ns
[2020-10-24T06:56:48.035+0000][7][safepoint    ] Safepoint "Cleanup", Time since last: 1532704400 ns, Reaching safepoint: 281000 ns, At safepoint: 8900 ns, Total: 289900 ns
[2020-10-24T06:56:49.037+0000][7][safepoint    ] Safepoint "Cleanup", Time since last: 1000571200 ns, Reaching safepoint: 775500 ns, At safepoint: 45800 ns, Total: 821300 ns
[2020-10-24T06:56:50.038+0000][7][safepoint    ] Safepoint "Cleanup", Time since last: 1001206500 ns, Reaching safepoint: 282700 ns, At safepoint: 13800 ns, Total: 296500 ns
[2020-10-24T06:56:51.039+0000][7][safepoint    ] Safepoint "Cleanup", Time since last: 1000562800 ns, Reaching safepoint: 194900 ns, At safepoint: 9100 ns, Total: 204000 ns
[2020-10-24T06:56:52.040+0000][7][safepoint    ] Safepoint "Cleanup", Time since last: 1000543500 ns, Reaching safepoint: 845900 ns, At safepoint: 45000 ns, Total: 890900 ns
[2020-10-24T06:56:53.042+0000][7][safepoint    ] Safepoint "Cleanup", Time since last: 1001200900 ns, Reaching safepoint: 249800 ns, At safepoint: 10800 ns, Total: 260600 ns
[2020-10-24T06:56:54.043+0000][7][safepoint    ] Safepoint "Cleanup", Time since last: 1000576500 ns, Reaching safepoint: 851100 ns, At safepoint: 45500 ns, Total: 896600 ns
[2020-10-24T06:56:54.257+0000][7][gc,start     ] GC(493) Pause Young (Normal) (G1 Evacuation Pause)
[2020-10-24T06:56:54.258+0000][7][gc,task      ] GC(493) Using 6 workers of 10 for evacuation
[2020-10-24T06:56:54.259+0000][7][gc,age       ] GC(493) Desired survivor size 3145728 bytes, new threshold 15 (max threshold 15)
[2020-10-24T06:56:54.269+0000][7][gc,age       ] GC(493) Age table with threshold 15 (max threshold 15)
[2020-10-24T06:56:54.270+0000][7][gc,age       ] GC(493) - age   1:     347608 bytes,     347608 total
[2020-10-24T06:56:54.271+0000][7][gc,age       ] GC(493) - age   2:      51680 bytes,     399288 total
[2020-10-24T06:56:54.272+0000][7][gc,age       ] GC(493) - age   3:       8656 bytes,     407944 total
[2020-10-24T06:56:54.273+0000][7][gc,phases    ] GC(493)   Pre Evacuate Collection Set: 0.6ms
[2020-10-24T06:56:54.275+0000][7][gc,phases    ] GC(493)   Merge Heap Roots: 0.7ms
[2020-10-24T06:56:54.275+0000][7][gc,phases    ] GC(493)   Evacuate Collection Set: 4.8ms
[2020-10-24T06:56:54.276+0000][7][gc,phases    ] GC(493)   Post Evacuate Collection Set: 3.2ms
[2020-10-24T06:56:54.277+0000][7][gc,phases    ] GC(493)   Other: 7.1ms
[2020-10-24T06:56:54.278+0000][7][gc,heap      ] GC(493) Eden regions: 44->0(47)
[2020-10-24T06:56:54.279+0000][7][gc,heap      ] GC(493) Survivor regions: 2->1(6)
[2020-10-24T06:56:54.280+0000][7][gc,heap      ] GC(493) Old regions: 121->121
[2020-10-24T06:56:54.281+0000][7][gc,heap      ] GC(493) Archive regions: 2->2
[2020-10-24T06:56:54.282+0000][7][gc,heap      ] GC(493) Humongous regions: 15->15
[2020-10-24T06:56:54.283+0000][7][gc,metaspace ] GC(493) Metaspace: 110319K(119076K)->110319K(119076K) NonClass: 96395K(101592K)->96395K(101592K) Class: 13924K(17484K)->13924K(17484K)
[2020-10-24T06:56:54.284+0000][7][gc           ] GC(493) Pause Young (Normal) (G1 Evacuation Pause) 181M->136M(256M) 27.040ms
[2020-10-24T06:56:54.285+0000][7][gc,cpu       ] GC(493) User=0.03s Sys=0.00s Real=0.03s
[2020-10-24T06:56:54.286+0000][7][safepoint    ] Safepoint "G1CollectForAllocation", Time since last: 212993100 ns, Reaching safepoint: 624400 ns, At safepoint: 29140100 ns, Total: 29764500 ns
[2020-10-24T06:56:55.288+0000][7][safepoint    ] Safepoint "Cleanup", Time since last: 1001314000 ns, Reaching safepoint: 807700 ns, At safepoint: 47300 ns, Total: 855000 ns
[2020-10-24T06:56:56.290+0000][7][safepoint    ] Safepoint "Cleanup", Time since last: 1001168100 ns, Reaching safepoint: 796400 ns, At safepoint: 44500 ns, Total: 840900 ns
[2020-10-24T06:56:58.260+0000][7][safepoint    ] Safepoint "Cleanup", Time since last: 1968405600 ns, Reaching safepoint: 822800 ns, At safepoint: 46200 ns, Total: 869000 ns
[2020-10-24T06:56:59.262+0000][7][safepoint    ] Safepoint "Cleanup", Time since last: 1001245300 ns, Reaching safepoint: 627000 ns, At safepoint: 34900 ns, Total: 661900 ns
[2020-10-24T06:57:00.263+0000][7][safepoint    ] Safepoint "Cleanup", Time since last: 1000985300 ns, Reaching safepoint: 268800 ns, At safepoint: 9200 ns, Total: 278000 ns
[2020-10-24T06:57:01.264+0000][7][safepoint    ] Safepoint "Cleanup", Time since last: 1000543800 ns, Reaching safepoint: 857700 ns, At safepoint: 44900 ns, Total: 902600 ns
[2020-10-24T06:57:02.266+0000][7][safepoint    ] Safepoint "Cleanup", Time since last: 1001207500 ns, Reaching safepoint: 291800 ns, At safepoint: 10100 ns, Total: 301900 ns
[2020-10-24T06:57:03.267+0000][7][safepoint    ] Safepoint "Cleanup", Time since last: 1000660800 ns, Reaching safepoint: 599200 ns, At safepoint: 39500 ns, Total: 638700 ns
[2020-10-24T06:57:04.269+0000][7][safepoint    ] Safepoint "Cleanup", Time since last: 1001251900 ns, Reaching safepoint: 278100 ns, At safepoint: 9200 ns, Total: 287300 ns
[2020-10-24T06:57:05.269+0000][7][safepoint    ] Safepoint "Cleanup", Time since last: 1000597700 ns, Reaching safepoint: 256300 ns, At safepoint: 8700 ns, Total: 265000 ns
[2020-10-24T06:57:06.271+0000][7][safepoint    ] Safepoint "Cleanup", Time since last: 1000567900 ns, Reaching safepoint: 825900 ns, At safepoint: 45800 ns, Total: 871700 ns
[2020-10-24T06:57:07.272+0000][7][safepoint    ] Safepoint "Cleanup", Time since last: 1000589300 ns, Reaching safepoint: 357600 ns, At safepoint: 19900 ns, Total: 377500 ns
[2020-10-24T06:57:08.273+0000][7][safepoint    ] Safepoint "Cleanup", Time since last: 1000678600 ns, Reaching safepoint: 282200 ns, At safepoint: 23900 ns, Total: 306100 ns
[2020-10-24T06:57:09.274+0000][7][safepoint    ] Safepoint "Cleanup", Time since last: 1000498700 ns, Reaching safepoint: 233600 ns, At safepoint: 10800 ns, Total: 244400 ns
[2020-10-24T06:57:10.275+0000][7][safepoint    ] Safepoint "Cleanup", Time since last: 1000616700 ns, Reaching safepoint: 833600 ns, At safepoint: 45400 ns, Total: 879000 ns
[2020-10-24T06:57:11.277+0000][7][safepoint    ] Safepoint "Cleanup", Time since last: 1001374000 ns, Reaching safepoint: 583600 ns, At safepoint: 49000 ns, Total: 632600 ns
[2020-10-24T06:57:12.286+0000][7][safepoint    ] Safepoint "Cleanup", Time since last: 1008232500 ns, Reaching safepoint: 225100 ns, At safepoint: 22600 ns, Total: 247700 ns
[2020-10-24T06:57:13.551+0000][7][safepoint    ] Safepoint "Cleanup", Time since last: 1264628400 ns, Reaching safepoint: 594500 ns, At safepoint: 39200 ns, Total: 633700 ns
[2020-10-24T06:57:14.553+0000][7][safepoint    ] Safepoint "Cleanup", Time since last: 1001251600 ns, Reaching safepoint: 809500 ns, At safepoint: 124500 ns, Total: 934000 ns
[2020-10-24T06:57:15.555+0000][7][safepoint    ] Safepoint "Cleanup", Time since last: 1001248500 ns, Reaching safepoint: 817300 ns, At safepoint: 45500 ns, Total: 862800 ns
[2020-10-24T06:57:16.557+0000][7][safepoint    ] Safepoint "Cleanup", Time since last: 1001310000 ns, Reaching safepoint: 844600 ns, At safepoint: 46200 ns, Total: 890800 ns
[2020-10-24T06:57:17.049+0000][7][gc,start     ] GC(494) Pause Young (Concurrent Start) (G1 Evacuation Pause)
[2020-10-24T06:57:17.049+0000][7][gc,task      ] GC(494) Using 6 workers of 10 for evacuation
[2020-10-24T06:57:17.049+0000][7][gc,age       ] GC(494) Desired survivor size 3145728 bytes, new threshold 15 (max threshold 15)
[2020-10-24T06:57:17.053+0000][7][gc,age       ] GC(494) Age table with threshold 15 (max threshold 15)
[2020-10-24T06:57:17.053+0000][7][gc,age       ] GC(494) - age   1:     607920 bytes,     607920 total
[2020-10-24T06:57:17.053+0000][7][gc,age       ] GC(494) - age   2:     203536 bytes,     811456 total
[2020-10-24T06:57:17.054+0000][7][gc,age       ] GC(494) - age   3:      51416 bytes,     862872 total
[2020-10-24T06:57:17.054+0000][7][gc,age       ] GC(494) - age   4:       8656 bytes,     871528 total
[2020-10-24T06:57:17.054+0000][7][gc,phases    ] GC(494)   Pre Evacuate Collection Set: 0.6ms
[2020-10-24T06:57:17.054+0000][7][gc,phases    ] GC(494)   Merge Heap Roots: 0.1ms
[2020-10-24T06:57:17.055+0000][7][gc,phases    ] GC(494)   Evacuate Collection Set: 1.5ms
[2020-10-24T06:57:17.055+0000][7][gc,phases    ] GC(494)   Post Evacuate Collection Set: 0.9ms
[2020-10-24T06:57:17.055+0000][7][gc,phases    ] GC(494)   Other: 2.4ms
[2020-10-24T06:57:17.055+0000][7][gc,heap      ] GC(494) Eden regions: 47->0(47)
[2020-10-24T06:57:17.055+0000][7][gc,heap      ] GC(494) Survivor regions: 1->1(6)
[2020-10-24T06:57:17.055+0000][7][gc,heap      ] GC(494) Old regions: 121->121
[2020-10-24T06:57:17.056+0000][7][gc,heap      ] GC(494) Archive regions: 2->2
[2020-10-24T06:57:17.056+0000][7][gc,heap      ] GC(494) Humongous regions: 15->15
[2020-10-24T06:57:17.056+0000][7][gc,metaspace ] GC(494) Metaspace: 110319K(119076K)->110319K(119076K) NonClass: 96395K(101592K)->96395K(101592K) Class: 13924K(17484K)->13924K(17484K)
[2020-10-24T06:57:17.056+0000][7][gc           ] GC(494) Pause Young (Concurrent Start) (G1 Evacuation Pause) 183M->136M(256M) 7.367ms
[2020-10-24T06:57:17.056+0000][7][gc,cpu       ] GC(494) User=0.01s Sys=0.00s Real=0.00s
[2020-10-24T06:57:17.056+0000][7][safepoint    ] Safepoint "G1CollectForAllocation", Time since last: 491074000 ns, Reaching safepoint: 226600 ns, At safepoint: 7722300 ns, Total: 7948900 ns
[2020-10-24T06:57:17.056+0000][7][gc           ] GC(495) Concurrent Cycle
[2020-10-24T06:57:17.057+0000][7][gc,marking   ] GC(495) Concurrent Clear Claimed Marks
[2020-10-24T06:57:17.057+0000][7][gc,marking   ] GC(495) Concurrent Clear Claimed Marks 0.397ms
[2020-10-24T06:57:17.057+0000][7][gc,marking   ] GC(495) Concurrent Scan Root Regions
[2020-10-24T06:57:17.059+0000][7][gc,marking   ] GC(495) Concurrent Scan Root Regions 1.289ms
[2020-10-24T06:57:17.059+0000][7][gc,marking   ] GC(495) Concurrent Mark (4394.425s)
[2020-10-24T06:57:17.059+0000][7][gc,marking   ] GC(495) Concurrent Mark From Roots
[2020-10-24T06:57:17.059+0000][7][gc,task      ] GC(495) Using 3 workers of 3 for marking
[2020-10-24T06:57:17.108+0000][7][gc,marking   ] GC(495) Concurrent Mark From Roots 49.242ms
[2020-10-24T06:57:17.108+0000][7][gc,marking   ] GC(495) Concurrent Preclean
[2020-10-24T06:57:17.109+0000][7][gc,marking   ] GC(495) Concurrent Preclean 0.705ms
[2020-10-24T06:57:17.110+0000][7][gc,marking   ] GC(495) Concurrent Mark (4394.425s, 4394.476s) 50.859ms
[2020-10-24T06:57:17.110+0000][7][gc,start     ] GC(495) Pause Remark
[2020-10-24T06:57:17.117+0000][7][gc           ] GC(495) Pause Remark 139M->139M(256M) 6.780ms
[2020-10-24T06:57:17.117+0000][7][gc,cpu       ] GC(495) User=0.03s Sys=0.00s Real=0.01s
[2020-10-24T06:57:17.118+0000][7][safepoint    ] Safepoint "G1Concurrent", Time since last: 53575100 ns, Reaching safepoint: 259100 ns, At safepoint: 7507600 ns, Total: 7766700 ns
[2020-10-24T06:57:17.118+0000][7][gc,marking   ] GC(495) Concurrent Rebuild Remembered Sets
[2020-10-24T06:57:17.154+0000][7][gc,marking   ] GC(495) Concurrent Rebuild Remembered Sets 35.749ms
[2020-10-24T06:57:17.154+0000][7][gc,start     ] GC(495) Pause Cleanup
[2020-10-24T06:57:17.155+0000][7][gc           ] GC(495) Pause Cleanup 139M->139M(256M) 0.453ms
[2020-10-24T06:57:17.155+0000][7][gc,cpu       ] GC(495) User=0.00s Sys=0.00s Real=0.00s
[2020-10-24T06:57:17.155+0000][7][safepoint    ] Safepoint "G1Concurrent", Time since last: 36267400 ns, Reaching safepoint: 202000 ns, At safepoint: 951000 ns, Total: 1153000 ns
[2020-10-24T06:57:17.155+0000][7][gc,marking   ] GC(495) Concurrent Cleanup for Next Mark
[2020-10-24T06:57:17.156+0000][7][gc,marking   ] GC(495) Concurrent Cleanup for Next Mark 0.575ms
[2020-10-24T06:57:17.156+0000][7][gc           ] GC(495) Concurrent Cycle 99.844ms
[2020-10-24T06:57:18.156+0000][7][safepoint    ] Safepoint "Cleanup", Time since last: 1000389200 ns, Reaching safepoint: 220200 ns, At safepoint: 22900 ns, Total: 243100 ns
[2020-10-24T06:57:19.157+0000][7][safepoint    ] Safepoint "Cleanup", Time since last: 1000729900 ns, Reaching safepoint: 853500 ns, At safepoint: 134000 ns, Total: 987500 ns
[2020-10-24T06:57:20.160+0000][7][safepoint    ] Safepoint "Cleanup", Time since last: 1001265500 ns, Reaching safepoint: 867300 ns, At safepoint: 45800 ns, Total: 913100 ns
[2020-10-24T06:57:21.162+0000][7][safepoint    ] Safepoint "Cleanup", Time since last: 1001367100 ns, Reaching safepoint: 753400 ns, At safepoint: 48000 ns, Total: 801400 ns
[2020-10-24T06:57:22.164+0000][7][safepoint    ] Safepoint "Cleanup", Time since last: 1001396700 ns, Reaching safepoint: 826000 ns, At safepoint: 95000 ns, Total: 921000 ns
[2020-10-24T06:57:23.391+0000][7][gc,start     ] GC(496) Pause Young (Normal) (G1 Evacuation Pause)
[2020-10-24T06:57:23.391+0000][7][gc,task      ] GC(496) Using 6 workers of 10 for evacuation
[2020-10-24T06:57:23.392+0000][7][gc,age       ] GC(496) Desired survivor size 3145728 bytes, new threshold 15 (max threshold 15)
[2020-10-24T06:57:23.395+0000][7][gc,age       ] GC(496) Age table with threshold 15 (max threshold 15)
[2020-10-24T06:57:23.396+0000][7][gc,age       ] GC(496) - age   1:    2932504 bytes,    2932504 total
[2020-10-24T06:57:23.396+0000][7][gc,age       ] GC(496) - age   2:     570296 bytes,    3502800 total
[2020-10-24T06:57:23.396+0000][7][gc,age       ] GC(496) - age   3:     170296 bytes,    3673096 total
[2020-10-24T06:57:23.396+0000][7][gc,age       ] GC(496) - age   4:      42896 bytes,    3715992 total
[2020-10-24T06:57:23.397+0000][7][gc,age       ] GC(496) - age   5:       7608 bytes,    3723600 total
[2020-10-24T06:57:23.397+0000][7][gc,phases    ] GC(496)   Pre Evacuate Collection Set: 0.2ms
[2020-10-24T06:57:23.397+0000][7][gc,phases    ] GC(496)   Merge Heap Roots: 0.1ms
[2020-10-24T06:57:23.398+0000][7][gc,phases    ] GC(496)   Evacuate Collection Set: 1.8ms
[2020-10-24T06:57:23.398+0000][7][gc,phases    ] GC(496)   Post Evacuate Collection Set: 1.0ms
[2020-10-24T06:57:23.398+0000][7][gc,phases    ] GC(496)   Other: 3.1ms
[2020-10-24T06:57:23.399+0000][7][gc,heap      ] GC(496) Eden regions: 47->0(43)
[2020-10-24T06:57:23.399+0000][7][gc,heap      ] GC(496) Survivor regions: 1->4(6)
[2020-10-24T06:57:23.399+0000][7][gc,heap      ] GC(496) Old regions: 121->121
[2020-10-24T06:57:23.399+0000][7][gc,heap      ] GC(496) Archive regions: 2->2
[2020-10-24T06:57:23.400+0000][7][gc,heap      ] GC(496) Humongous regions: 15->15
[2020-10-24T06:57:23.400+0000][7][gc,metaspace ] GC(496) Metaspace: 110319K(119076K)->110319K(119076K) NonClass: 96395K(101592K)->96395K(101592K) Class: 13924K(17484K)->13924K(17484K)
[2020-10-24T06:57:23.400+0000][7][gc           ] GC(496) Pause Young (Normal) (G1 Evacuation Pause) 183M->139M(256M) 9.161ms
[2020-10-24T06:57:23.400+0000][7][gc,cpu       ] GC(496) User=0.02s Sys=0.00s Real=0.01s
[2020-10-24T06:57:23.401+0000][7][safepoint    ] Safepoint "G1CollectForAllocation", Time since last: 1226518700 ns, Reaching safepoint: 289700 ns, At safepoint: 9664200 ns, Total: 9953900 ns
[2020-10-24T06:57:25.256+0000][7][safepoint    ] Safepoint "Cleanup", Time since last: 1855068000 ns, Reaching safepoint: 368700 ns, At safepoint: 18200 ns, Total: 386900 ns
[2020-10-24T06:57:26.258+0000][7][safepoint    ] Safepoint "Cleanup", Time since last: 1000749200 ns, Reaching safepoint: 1009900 ns, At safepoint: 47600 ns, Total: 1057500 ns
[2020-10-24T06:57:27.260+0000][7][safepoint    ] Safepoint "Cleanup", Time since last: 1001192700 ns, Reaching safepoint: 957100 ns, At safepoint: 194500 ns, Total: 1151600 ns
[2020-10-24T06:57:28.261+0000][7][safepoint    ] Safepoint "Cleanup", Time since last: 1000993400 ns, Reaching safepoint: 231400 ns, At safepoint: 9400 ns, Total: 240800 ns
[2020-10-24T06:57:29.263+0000][7][safepoint    ] Safepoint "Cleanup", Time since last: 1000572100 ns, Reaching safepoint: 612500 ns, At safepoint: 38700 ns, Total: 651200 ns
[2020-10-24T06:57:30.264+0000][7][safepoint    ] Safepoint "Cleanup", Time since last: 1001077000 ns, Reaching safepoint: 230200 ns, At safepoint: 22800 ns, Total: 253000 ns
[2020-10-24T06:57:31.265+0000][7][safepoint    ] Safepoint "Cleanup", Time since last: 1000590800 ns, Reaching safepoint: 202200 ns, At safepoint: 9600 ns, Total: 211800 ns
[2020-10-24T06:57:32.266+0000][7][safepoint    ] Safepoint "Cleanup", Time since last: 1000478400 ns, Reaching safepoint: 274500 ns, At safepoint: 9000 ns, Total: 283500 ns
[2020-10-24T06:57:33.266+0000][7][safepoint    ] Safepoint "Cleanup", Time since last: 1000508300 ns, Reaching safepoint: 274300 ns, At safepoint: 29400 ns, Total: 303700 ns
[2020-10-24T06:57:34.268+0000][7][safepoint    ] Safepoint "Cleanup", Time since last: 1000729700 ns, Reaching safepoint: 694300 ns, At safepoint: 38800 ns, Total: 733100 ns
[2020-10-24T06:57:35.269+0000][7][safepoint    ] Safepoint "Cleanup", Time since last: 1001123900 ns, Reaching safepoint: 327000 ns, At safepoint: 16200 ns, Total: 343200 ns
[2020-10-24T06:57:36.271+0000][7][safepoint    ] Safepoint "Cleanup", Time since last: 1000700700 ns, Reaching safepoint: 705700 ns, At safepoint: 34300 ns, Total: 740000 ns
[2020-10-24T06:57:37.272+0000][7][safepoint    ] Safepoint "Cleanup", Time since last: 1001116100 ns, Reaching safepoint: 218600 ns, At safepoint: 9300 ns, Total: 227900 ns
[2020-10-24T06:57:38.274+0000][7][safepoint    ] Safepoint "Cleanup", Time since last: 1000572600 ns, Reaching safepoint: 841300 ns, At safepoint: 46200 ns, Total: 887500 ns
[2020-10-24T06:57:39.275+0000][7][safepoint    ] Safepoint "Cleanup", Time since last: 1001187900 ns, Reaching safepoint: 221600 ns, At safepoint: 8900 ns, Total: 230500 ns
[2020-10-24T06:57:40.276+0000][7][safepoint    ] Safepoint "Cleanup", Time since last: 1000456500 ns, Reaching safepoint: 246200 ns, At safepoint: 9000 ns, Total: 255200 ns
[2020-10-24T06:57:41.277+0000][7][safepoint    ] Safepoint "Cleanup", Time since last: 1000709200 ns, Reaching safepoint: 773500 ns, At safepoint: 46300 ns, Total: 819800 ns
[2020-10-24T06:57:42.259+0000][7][gc,start     ] GC(497) Pause Young (Concurrent Start) (G1 Evacuation Pause)
[2020-10-24T06:57:42.260+0000][7][gc,task      ] GC(497) Using 6 workers of 10 for evacuation
[2020-10-24T06:57:42.261+0000][7][gc,age       ] GC(497) Desired survivor size 3145728 bytes, new threshold 2 (max threshold 15)
[2020-10-24T06:57:42.274+0000][7][gc,age       ] GC(497) Age table with threshold 2 (max threshold 15)
[2020-10-24T06:57:42.275+0000][7][gc,age       ] GC(497) - age   1:     418000 bytes,     418000 total
[2020-10-24T06:57:42.275+0000][7][gc,age       ] GC(497) - age   2:     659112 bytes,    1077112 total
[2020-10-24T06:57:42.276+0000][7][gc,phases    ] GC(497)   Pre Evacuate Collection Set: 1.5ms
[2020-10-24T06:57:42.278+0000][7][gc,phases    ] GC(497)   Merge Heap Roots: 0.7ms
[2020-10-24T06:57:42.278+0000][7][gc,phases    ] GC(497)   Evacuate Collection Set: 5.6ms
[2020-10-24T06:57:42.279+0000][7][gc,phases    ] GC(497)   Post Evacuate Collection Set: 3.5ms
[2020-10-24T06:57:42.280+0000][7][gc,phases    ] GC(497)   Other: 6.1ms
[2020-10-24T06:57:42.281+0000][7][gc,heap      ] GC(497) Eden regions: 43->0(46)
[2020-10-24T06:57:42.282+0000][7][gc,heap      ] GC(497) Survivor regions: 4->2(6)
[2020-10-24T06:57:42.283+0000][7][gc,heap      ] GC(497) Old regions: 121->121
[2020-10-24T06:57:42.284+0000][7][gc,heap      ] GC(497) Archive regions: 2->2
[2020-10-24T06:57:42.285+0000][7][gc,heap      ] GC(497) Humongous regions: 15->15
[2020-10-24T06:57:42.286+0000][7][gc,metaspace ] GC(497) Metaspace: 110319K(119076K)->110319K(119076K) NonClass: 96395K(101592K)->96395K(101592K) Class: 13924K(17484K)->13924K(17484K)
[2020-10-24T06:57:42.287+0000][7][gc           ] GC(497) Pause Young (Concurrent Start) (G1 Evacuation Pause) 182M->137M(256M) 27.913ms
[2020-10-24T06:57:42.288+0000][7][gc,cpu       ] GC(497) User=0.05s Sys=0.00s Real=0.03s
[2020-10-24T06:57:42.289+0000][7][safepoint    ] Safepoint "G1CollectForAllocation", Time since last: 980955800 ns, Reaching safepoint: 823900 ns, At safepoint: 29990400 ns, Total: 30814300 ns
[2020-10-24T06:57:42.289+0000][7][gc           ] GC(498) Concurrent Cycle
[2020-10-24T06:57:42.291+0000][7][gc,marking   ] GC(498) Concurrent Clear Claimed Marks
[2020-10-24T06:57:42.293+0000][7][gc,marking   ] GC(498) Concurrent Clear Claimed Marks 1.947ms
[2020-10-24T06:57:42.294+0000][7][gc,marking   ] GC(498) Concurrent Scan Root Regions
[2020-10-24T06:57:42.297+0000][7][gc,marking   ] GC(498) Concurrent Scan Root Regions 3.267ms
[2020-10-24T06:57:42.298+0000][7][gc,marking   ] GC(498) Concurrent Mark (4419.664s)
[2020-10-24T06:57:42.299+0000][7][gc,marking   ] GC(498) Concurrent Mark From Roots
[2020-10-24T06:57:42.299+0000][7][gc,task      ] GC(498) Using 3 workers of 3 for marking
[2020-10-24T06:57:42.362+0000][7][gc,marking   ] GC(498) Concurrent Mark From Roots 63.311ms
[2020-10-24T06:57:42.362+0000][7][gc,marking   ] GC(498) Concurrent Preclean
[2020-10-24T06:57:42.363+0000][7][gc,marking   ] GC(498) Concurrent Preclean 0.722ms
[2020-10-24T06:57:42.363+0000][7][gc,marking   ] GC(498) Concurrent Mark (4419.664s, 4419.730s) 65.592ms
[2020-10-24T06:57:42.364+0000][7][gc,start     ] GC(498) Pause Remark
[2020-10-24T06:57:42.371+0000][7][gc           ] GC(498) Pause Remark 139M->139M(256M) 7.050ms
[2020-10-24T06:57:42.371+0000][7][gc,cpu       ] GC(498) User=0.02s Sys=0.01s Real=0.01s
[2020-10-24T06:57:42.372+0000][7][safepoint    ] Safepoint "G1Concurrent", Time since last: 74793100 ns, Reaching safepoint: 243900 ns, At safepoint: 7699300 ns, Total: 7943200 ns
[2020-10-24T06:57:42.372+0000][7][gc,marking   ] GC(498) Concurrent Rebuild Remembered Sets
[2020-10-24T06:57:42.408+0000][7][gc,marking   ] GC(498) Concurrent Rebuild Remembered Sets 36.140ms
[2020-10-24T06:57:42.409+0000][7][gc,start     ] GC(498) Pause Cleanup
[2020-10-24T06:57:42.409+0000][7][gc           ] GC(498) Pause Cleanup 139M->139M(256M) 0.608ms
[2020-10-24T06:57:42.410+0000][7][gc,cpu       ] GC(498) User=0.00s Sys=0.00s Real=0.00s
[2020-10-24T06:57:42.410+0000][7][safepoint    ] Safepoint "G1Concurrent", Time since last: 36874900 ns, Reaching safepoint: 218300 ns, At safepoint: 1153900 ns, Total: 1372200 ns
[2020-10-24T06:57:42.410+0000][7][gc,marking   ] GC(498) Concurrent Cleanup for Next Mark
[2020-10-24T06:57:42.411+0000][7][gc,marking   ] GC(498) Concurrent Cleanup for Next Mark 0.576ms
[2020-10-24T06:57:42.411+0000][7][gc           ] GC(498) Concurrent Cycle 122.079ms
[2020-10-24T06:57:43.411+0000][7][safepoint    ] Safepoint "Cleanup", Time since last: 1000517100 ns, Reaching safepoint: 776800 ns, At safepoint: 45800 ns, Total: 822600 ns
[2020-10-24T06:57:44.413+0000][7][safepoint    ] Safepoint "Cleanup", Time since last: 1001261700 ns, Reaching safepoint: 296200 ns, At safepoint: 9200 ns, Total: 305400 ns
[2020-10-24T06:57:45.414+0000][7][safepoint    ] Safepoint "Cleanup", Time since last: 1000609200 ns, Reaching safepoint: 855200 ns, At safepoint: 46000 ns, Total: 901200 ns
[2020-10-24T06:57:46.416+0000][7][safepoint    ] Safepoint "Cleanup", Time since last: 1001243900 ns, Reaching safepoint: 812900 ns, At safepoint: 46200 ns, Total: 859100 ns
[2020-10-24T06:57:47.418+0000][7][safepoint    ] Safepoint "Cleanup", Time since last: 1001233900 ns, Reaching safepoint: 650000 ns, At safepoint: 43200 ns, Total: 693200 ns
[2020-10-24T06:57:48.420+0000][7][safepoint    ] Safepoint "Cleanup", Time since last: 1001135400 ns, Reaching safepoint: 229200 ns, At safepoint: 9800 ns, Total: 239000 ns
[2020-10-24T06:57:49.421+0000][7][safepoint    ] Safepoint "Cleanup", Time since last: 1000505900 ns, Reaching safepoint: 266300 ns, At safepoint: 23600 ns, Total: 289900 ns
[2020-10-24T06:57:50.421+0000][7][safepoint    ] Safepoint "Cleanup", Time since last: 1000518300 ns, Reaching safepoint: 248100 ns, At safepoint: 11000 ns, Total: 259100 ns
[2020-10-24T06:57:51.423+0000][7][safepoint    ] Safepoint "Cleanup", Time since last: 1000656400 ns, Reaching safepoint: 800000 ns, At safepoint: 46100 ns, Total: 846100 ns
[2020-10-24T06:57:52.424+0000][7][safepoint    ] Safepoint "Cleanup", Time since last: 1001188900 ns, Reaching safepoint: 257800 ns, At safepoint: 8700 ns, Total: 266500 ns
[2020-10-24T06:57:53.426+0000][7][safepoint    ] Safepoint "Cleanup", Time since last: 1000559700 ns, Reaching safepoint: 661900 ns, At safepoint: 42000 ns, Total: 703900 ns
[2020-10-24T06:57:54.428+0000][7][safepoint    ] Safepoint "Cleanup", Time since last: 1001310000 ns, Reaching safepoint: 881100 ns, At safepoint: 126600 ns, Total: 1007700 ns
[2020-10-24T06:57:55.430+0000][7][safepoint    ] Safepoint "Cleanup", Time since last: 1001216000 ns, Reaching safepoint: 815800 ns, At safepoint: 45700 ns, Total: 861500 ns
[2020-10-24T06:57:56.431+0000][7][safepoint    ] Safepoint "Cleanup", Time since last: 1001084000 ns, Reaching safepoint: 218100 ns, At safepoint: 9400 ns, Total: 227500 ns
[2020-10-24T06:57:57.432+0000][7][safepoint    ] Safepoint "Cleanup", Time since last: 1000463300 ns, Reaching safepoint: 260100 ns, At safepoint: 8800 ns, Total: 268900 ns
[2020-10-24T06:57:58.433+0000][7][safepoint    ] Safepoint "Cleanup", Time since last: 1000625700 ns, Reaching safepoint: 770700 ns, At safepoint: 46700 ns, Total: 817400 ns
[2020-10-24T06:57:59.435+0000][7][safepoint    ] Safepoint "Cleanup", Time since last: 1001129800 ns, Reaching safepoint: 283900 ns, At safepoint: 16200 ns, Total: 300100 ns
[2020-10-24T06:58:00.436+0000][7][safepoint    ] Safepoint "Cleanup", Time since last: 1000737800 ns, Reaching safepoint: 783600 ns, At safepoint: 44600 ns, Total: 828200 ns
[2020-10-24T06:58:01.438+0000][7][safepoint    ] Safepoint "Cleanup", Time since last: 1001219500 ns, Reaching safepoint: 792900 ns, At safepoint: 45600 ns, Total: 838500 ns
[2020-10-24T06:58:02.441+0000][7][safepoint    ] Safepoint "Cleanup", Time since last: 1001230600 ns, Reaching safepoint: 845300 ns, At safepoint: 46000 ns, Total: 891300 ns
[2020-10-24T06:58:03.443+0000][7][safepoint    ] Safepoint "Cleanup", Time since last: 1001235300 ns, Reaching safepoint: 851100 ns, At safepoint: 45700 ns, Total: 896800 ns
[2020-10-24T06:58:04.444+0000][7][safepoint    ] Safepoint "Cleanup", Time since last: 1001133800 ns, Reaching safepoint: 270200 ns, At safepoint: 26000 ns, Total: 296200 ns
[2020-10-24T06:58:05.445+0000][7][safepoint    ] Safepoint "Cleanup", Time since last: 1000560100 ns, Reaching safepoint: 270000 ns, At safepoint: 8900 ns, Total: 278900 ns
[2020-10-24T06:58:06.447+0000][7][safepoint    ] Safepoint "Cleanup", Time since last: 1000677600 ns, Reaching safepoint: 805800 ns, At safepoint: 47500 ns, Total: 853300 ns
[2020-10-24T06:58:07.448+0000][7][safepoint    ] Safepoint "Cleanup", Time since last: 1001257600 ns, Reaching safepoint: 320800 ns, At safepoint: 9300 ns, Total: 330100 ns
[2020-10-24T06:58:08.449+0000][7][safepoint    ] Safepoint "Cleanup", Time since last: 1000613800 ns, Reaching safepoint: 644600 ns, At safepoint: 45800 ns, Total: 690400 ns
[2020-10-24T06:58:09.668+0000][7][safepoint    ] Safepoint "Cleanup", Time since last: 1218180500 ns, Reaching safepoint: 240200 ns, At safepoint: 8800 ns, Total: 249000 ns
[2020-10-24T06:58:10.669+0000][7][safepoint    ] Safepoint "Cleanup", Time since last: 1000464500 ns, Reaching safepoint: 316500 ns, At safepoint: 14200 ns, Total: 330700 ns
[2020-10-24T06:58:11.670+0000][7][safepoint    ] Safepoint "Cleanup", Time since last: 1000708200 ns, Reaching safepoint: 854700 ns, At safepoint: 45600 ns, Total: 900300 ns
[2020-10-24T06:58:12.672+0000][7][safepoint    ] Safepoint "Cleanup", Time since last: 1001291100 ns, Reaching safepoint: 853500 ns, At safepoint: 45700 ns, Total: 899200 ns
[2020-10-24T06:58:13.674+0000][7][safepoint    ] Safepoint "Cleanup", Time since last: 1001282500 ns, Reaching safepoint: 453900 ns, At safepoint: 23000 ns, Total: 476900 ns
[2020-10-24T06:58:14.675+0000][7][safepoint    ] Safepoint "Cleanup", Time since last: 1000720900 ns, Reaching safepoint: 246300 ns, At safepoint: 9200 ns, Total: 255500 ns
[2020-10-24T06:58:15.268+0000][7][gc,start     ] GC(499) Pause Young (Normal) (G1 Evacuation Pause)
[2020-10-24T06:58:15.268+0000][7][gc,task      ] GC(499) Using 6 workers of 10 for evacuation
[2020-10-24T06:58:15.269+0000][7][gc,age       ] GC(499) Desired survivor size 3145728 bytes, new threshold 15 (max threshold 15)
[2020-10-24T06:58:15.272+0000][7][gc,age       ] GC(499) Age table with threshold 15 (max threshold 15)
[2020-10-24T06:58:15.272+0000][7][gc,age       ] GC(499) - age   1:     365488 bytes,     365488 total
[2020-10-24T06:58:15.272+0000][7][gc,age       ] GC(499) - age   2:     368872 bytes,     734360 total
[2020-10-24T06:58:15.273+0000][7][gc,age       ] GC(499) - age   3:     619792 bytes,    1354152 total
[2020-10-24T06:58:15.273+0000][7][gc,phases    ] GC(499)   Pre Evacuate Collection Set: 0.1ms
[2020-10-24T06:58:15.273+0000][7][gc,phases    ] GC(499)   Merge Heap Roots: 0.2ms
[2020-10-24T06:58:15.273+0000][7][gc,phases    ] GC(499)   Evacuate Collection Set: 1.4ms
[2020-10-24T06:58:15.274+0000][7][gc,phases    ] GC(499)   Post Evacuate Collection Set: 0.9ms
[2020-10-24T06:58:15.274+0000][7][gc,phases    ] GC(499)   Other: 2.2ms
[2020-10-24T06:58:15.274+0000][7][gc,heap      ] GC(499) Eden regions: 46->0(47)
[2020-10-24T06:58:15.274+0000][7][gc,heap      ] GC(499) Survivor regions: 2->2(6)
[2020-10-24T06:58:15.274+0000][7][gc,heap      ] GC(499) Old regions: 121->121
[2020-10-24T06:58:15.275+0000][7][gc,heap      ] GC(499) Archive regions: 2->2
[2020-10-24T06:58:15.275+0000][7][gc,heap      ] GC(499) Humongous regions: 15->15
[2020-10-24T06:58:15.275+0000][7][gc,metaspace ] GC(499) Metaspace: 110320K(119076K)->110320K(119076K) NonClass: 96396K(101592K)->96396K(101592K) Class: 13924K(17484K)->13924K(17484K)
[2020-10-24T06:58:15.275+0000][7][gc           ] GC(499) Pause Young (Normal) (G1 Evacuation Pause) 183M->138M(256M) 6.976ms
[2020-10-24T06:58:15.275+0000][7][gc,cpu       ] GC(499) User=0.00s Sys=0.00s Real=0.00s
[2020-10-24T06:58:15.275+0000][7][safepoint    ] Safepoint "G1CollectForAllocation", Time since last: 592626400 ns, Reaching safepoint: 259200 ns, At safepoint: 7345100 ns, Total: 7604300 ns
[2020-10-24T06:58:16.618+0000][7][safepoint    ] Safepoint "Cleanup", Time since last: 1341632800 ns, Reaching safepoint: 713000 ns, At safepoint: 101200 ns, Total: 814200 ns
[2020-10-24T06:58:17.619+0000][7][safepoint    ] Safepoint "Cleanup", Time since last: 1000942200 ns, Reaching safepoint: 250500 ns, At safepoint: 32700 ns, Total: 283200 ns
[2020-10-24T06:58:17.666+0000][7][gc,start     ] GC(500) Pause Young (Concurrent Start) (G1 Evacuation Pause)
[2020-10-24T06:58:17.666+0000][7][gc,task      ] GC(500) Using 6 workers of 10 for evacuation
[2020-10-24T06:58:17.666+0000][7][gc,age       ] GC(500) Desired survivor size 3670016 bytes, new threshold 15 (max threshold 15)
[2020-10-24T06:58:17.670+0000][7][gc,age       ] GC(500) Age table with threshold 15 (max threshold 15)
[2020-10-24T06:58:17.671+0000][7][gc,age       ] GC(500) - age   1:     659400 bytes,     659400 total
[2020-10-24T06:58:17.671+0000][7][gc,age       ] GC(500) - age   2:     122800 bytes,     782200 total
[2020-10-24T06:58:17.671+0000][7][gc,age       ] GC(500) - age   3:     368728 bytes,    1150928 total
[2020-10-24T06:58:17.671+0000][7][gc,age       ] GC(500) - age   4:     618352 bytes,    1769280 total
[2020-10-24T06:58:17.672+0000][7][gc,phases    ] GC(500)   Pre Evacuate Collection Set: 0.7ms
[2020-10-24T06:58:17.672+0000][7][gc,phases    ] GC(500)   Merge Heap Roots: 0.1ms
[2020-10-24T06:58:17.672+0000][7][gc,phases    ] GC(500)   Evacuate Collection Set: 1.7ms
[2020-10-24T06:58:17.672+0000][7][gc,phases    ] GC(500)   Post Evacuate Collection Set: 1.0ms
[2020-10-24T06:58:17.673+0000][7][gc,phases    ] GC(500)   Other: 2.5ms
[2020-10-24T06:58:17.673+0000][7][gc,heap      ] GC(500) Eden regions: 47->0(47)
[2020-10-24T06:58:17.673+0000][7][gc,heap      ] GC(500) Survivor regions: 2->2(7)
[2020-10-24T06:58:17.673+0000][7][gc,heap      ] GC(500) Old regions: 121->121
[2020-10-24T06:58:17.673+0000][7][gc,heap      ] GC(500) Archive regions: 2->2
[2020-10-24T06:58:17.674+0000][7][gc,heap      ] GC(500) Humongous regions: 15->15
[2020-10-24T06:58:17.674+0000][7][gc,metaspace ] GC(500) Metaspace: 110321K(119076K)->110321K(119076K) NonClass: 96397K(101592K)->96397K(101592K) Class: 13924K(17484K)->13924K(17484K)
[2020-10-24T06:58:17.674+0000][7][gc           ] GC(500) Pause Young (Concurrent Start) (G1 Evacuation Pause) 185M->138M(256M) 8.287ms
[2020-10-24T06:58:17.674+0000][7][gc,cpu       ] GC(500) User=0.02s Sys=0.00s Real=0.01s
[2020-10-24T06:58:17.674+0000][7][safepoint    ] Safepoint "G1CollectForAllocation", Time since last: 46421900 ns, Reaching safepoint: 216400 ns, At safepoint: 8767900 ns, Total: 8984300 ns
[2020-10-24T06:58:17.674+0000][7][gc           ] GC(501) Concurrent Cycle
[2020-10-24T06:58:17.675+0000][7][gc,marking   ] GC(501) Concurrent Clear Claimed Marks
[2020-10-24T06:58:17.676+0000][7][gc,marking   ] GC(501) Concurrent Clear Claimed Marks 0.675ms
[2020-10-24T06:58:17.676+0000][7][gc,marking   ] GC(501) Concurrent Scan Root Regions
[2020-10-24T06:58:17.677+0000][7][gc,marking   ] GC(501) Concurrent Scan Root Regions 1.088ms
[2020-10-24T06:58:17.677+0000][7][gc,marking   ] GC(501) Concurrent Mark (4455.043s)
[2020-10-24T06:58:17.677+0000][7][gc,marking   ] GC(501) Concurrent Mark From Roots
[2020-10-24T06:58:17.677+0000][7][gc,task      ] GC(501) Using 3 workers of 3 for marking
[2020-10-24T06:58:17.736+0000][7][gc,marking   ] GC(501) Concurrent Mark From Roots 58.269ms
[2020-10-24T06:58:17.736+0000][7][gc,marking   ] GC(501) Concurrent Preclean
[2020-10-24T06:58:17.737+0000][7][gc,marking   ] GC(501) Concurrent Preclean 0.704ms
[2020-10-24T06:58:17.737+0000][7][gc,marking   ] GC(501) Concurrent Mark (4455.043s, 4455.103s) 59.793ms
[2020-10-24T06:58:17.737+0000][7][gc,start     ] GC(501) Pause Remark
[2020-10-24T06:58:17.745+0000][7][gc           ] GC(501) Pause Remark 150M->150M(256M) 7.306ms
[2020-10-24T06:58:17.745+0000][7][gc,cpu       ] GC(501) User=0.03s Sys=0.00s Real=0.00s
[2020-10-24T06:58:17.745+0000][7][safepoint    ] Safepoint "G1Concurrent", Time since last: 62698800 ns, Reaching safepoint: 222500 ns, At safepoint: 7933600 ns, Total: 8156100 ns
[2020-10-24T06:58:17.746+0000][7][gc,marking   ] GC(501) Concurrent Rebuild Remembered Sets
[2020-10-24T06:58:17.781+0000][7][gc,marking   ] GC(501) Concurrent Rebuild Remembered Sets 35.072ms
[2020-10-24T06:58:17.781+0000][7][gc,start     ] GC(501) Pause Cleanup
[2020-10-24T06:58:17.782+0000][7][gc           ] GC(501) Pause Cleanup 150M->150M(256M) 0.519ms
[2020-10-24T06:58:17.782+0000][7][gc,cpu       ] GC(501) User=0.00s Sys=0.00s Real=0.00s
[2020-10-24T06:58:17.782+0000][7][safepoint    ] Safepoint "G1Concurrent", Time since last: 35827700 ns, Reaching safepoint: 213900 ns, At safepoint: 1108400 ns, Total: 1322300 ns
[2020-10-24T06:58:17.783+0000][7][gc,marking   ] GC(501) Concurrent Cleanup for Next Mark
[2020-10-24T06:58:17.783+0000][7][gc,marking   ] GC(501) Concurrent Cleanup for Next Mark 0.649ms
[2020-10-24T06:58:17.784+0000][7][gc           ] GC(501) Concurrent Cycle 109.253ms
[2020-10-24T06:58:18.784+0000][7][safepoint    ] Safepoint "Cleanup", Time since last: 1000518300 ns, Reaching safepoint: 661200 ns, At safepoint: 36600 ns, Total: 697800 ns
[2020-10-24T06:58:19.785+0000][7][safepoint    ] Safepoint "Cleanup", Time since last: 1001206800 ns, Reaching safepoint: 203700 ns, At safepoint: 10600 ns, Total: 214300 ns
[2020-10-24T06:58:20.786+0000][7][safepoint    ] Safepoint "Cleanup", Time since last: 1000593000 ns, Reaching safepoint: 211000 ns, At safepoint: 9300 ns, Total: 220300 ns
[2020-10-24T06:58:21.787+0000][7][safepoint    ] Safepoint "Cleanup", Time since last: 1000566200 ns, Reaching safepoint: 259900 ns, At safepoint: 9100 ns, Total: 269000 ns
[2020-10-24T06:58:22.528+0000][7][safepoint    ] Safepoint "BulkRevokeBias", Time since last: 739704100 ns, Reaching safepoint: 240800 ns, At safepoint: 1173700 ns, Total: 1414500 ns
[2020-10-24T06:58:22.539+0000][7][safepoint    ] Safepoint "BulkRevokeBias", Time since last: 10155200 ns, Reaching safepoint: 228400 ns, At safepoint: 876600 ns, Total: 1105000 ns
[2020-10-24T06:58:23.451+0000][7][gc,start     ] GC(502) Pause Young (Normal) (G1 Evacuation Pause)
[2020-10-24T06:58:23.451+0000][7][gc,task      ] GC(502) Using 6 workers of 10 for evacuation
[2020-10-24T06:58:23.451+0000][7][gc,age       ] GC(502) Desired survivor size 3670016 bytes, new threshold 15 (max threshold 15)
[2020-10-24T06:58:23.455+0000][7][gc,age       ] GC(502) Age table with threshold 15 (max threshold 15)
[2020-10-24T06:58:23.455+0000][7][gc,age       ] GC(502) - age   1:    4170248 bytes,    4170248 total
[2020-10-24T06:58:23.456+0000][7][gc,age       ] GC(502) - age   2:     511696 bytes,    4681944 total
[2020-10-24T06:58:23.456+0000][7][gc,age       ] GC(502) - age   3:      91160 bytes,    4773104 total
[2020-10-24T06:58:23.456+0000][7][gc,age       ] GC(502) - age   4:     367280 bytes,    5140384 total
[2020-10-24T06:58:23.456+0000][7][gc,age       ] GC(502) - age   5:     601104 bytes,    5741488 total
[2020-10-24T06:58:23.457+0000][7][gc,phases    ] GC(502)   Pre Evacuate Collection Set: 0.1ms
[2020-10-24T06:58:23.457+0000][7][gc,phases    ] GC(502)   Merge Heap Roots: 0.2ms
[2020-10-24T06:58:23.457+0000][7][gc,phases    ] GC(502)   Evacuate Collection Set: 1.9ms
[2020-10-24T06:58:23.457+0000][7][gc,phases    ] GC(502)   Post Evacuate Collection Set: 1.0ms
[2020-10-24T06:58:23.457+0000][7][gc,phases    ] GC(502)   Other: 2.7ms
[2020-10-24T06:58:23.458+0000][7][gc,heap      ] GC(502) Eden regions: 47->0(41)
[2020-10-24T06:58:23.458+0000][7][gc,heap      ] GC(502) Survivor regions: 2->6(7)
[2020-10-24T06:58:23.458+0000][7][gc,heap      ] GC(502) Old regions: 121->121
[2020-10-24T06:58:23.458+0000][7][gc,heap      ] GC(502) Archive regions: 2->2
[2020-10-24T06:58:23.458+0000][7][gc,heap      ] GC(502) Humongous regions: 15->15
[2020-10-24T06:58:23.458+0000][7][gc,metaspace ] GC(502) Metaspace: 110326K(119076K)->110326K(119076K) NonClass: 96402K(101592K)->96402K(101592K) Class: 13924K(17484K)->13924K(17484K)
[2020-10-24T06:58:23.458+0000][7][gc           ] GC(502) Pause Young (Normal) (G1 Evacuation Pause) 185M->142M(256M) 7.562ms
[2020-10-24T06:58:23.458+0000][7][gc,cpu       ] GC(502) User=0.01s Sys=0.01s Real=0.01s
[2020-10-24T06:58:23.459+0000][7][safepoint    ] Safepoint "G1CollectForAllocation", Time since last: 911278400 ns, Reaching safepoint: 266400 ns, At safepoint: 7901900 ns, Total: 8168300 ns
[2020-10-24T06:58:23.485+0000][7][gc,start     ] GC(503) Pause Young (Concurrent Start) (G1 Evacuation Pause)
[2020-10-24T06:58:23.485+0000][7][gc,task      ] GC(503) Using 6 workers of 10 for evacuation
[2020-10-24T06:58:23.485+0000][7][gc,age       ] GC(503) Desired survivor size 3145728 bytes, new threshold 1 (max threshold 15)
[2020-10-24T06:58:23.489+0000][7][gc,age       ] GC(503) Age table with threshold 1 (max threshold 15)
[2020-10-24T06:58:23.489+0000][7][gc,age       ] GC(503) - age   1:     717408 bytes,     717408 total
[2020-10-24T06:58:23.490+0000][7][gc,phases    ] GC(503)   Pre Evacuate Collection Set: 0.6ms
[2020-10-24T06:58:23.490+0000][7][gc,phases    ] GC(503)   Merge Heap Roots: 0.1ms
[2020-10-24T06:58:23.490+0000][7][gc,phases    ] GC(503)   Evacuate Collection Set: 1.7ms
[2020-10-24T06:58:23.491+0000][7][gc,phases    ] GC(503)   Post Evacuate Collection Set: 1.0ms
[2020-10-24T06:58:23.491+0000][7][gc,phases    ] GC(503)   Other: 1.8ms
[2020-10-24T06:58:23.491+0000][7][gc,heap      ] GC(503) Eden regions: 41->0(44)
[2020-10-24T06:58:23.491+0000][7][gc,heap      ] GC(503) Survivor regions: 6->1(6)
[2020-10-24T06:58:23.492+0000][7][gc,heap      ] GC(503) Old regions: 121->124
[2020-10-24T06:58:23.492+0000][7][gc,heap      ] GC(503) Archive regions: 2->2
[2020-10-24T06:58:23.492+0000][7][gc,heap      ] GC(503) Humongous regions: 15->15
[2020-10-24T06:58:23.492+0000][7][gc,metaspace ] GC(503) Metaspace: 110326K(119076K)->110326K(119076K) NonClass: 96402K(101592K)->96402K(101592K) Class: 13924K(17484K)->13924K(17484K)
[2020-10-24T06:58:23.493+0000][7][gc           ] GC(503) Pause Young (Concurrent Start) (G1 Evacuation Pause) 183M->140M(256M) 7.836ms
[2020-10-24T06:58:23.493+0000][7][gc,cpu       ] GC(503) User=0.01s Sys=0.00s Real=0.01s
[2020-10-24T06:58:23.493+0000][7][safepoint    ] Safepoint "G1CollectForAllocation", Time since last: 25756100 ns, Reaching safepoint: 282100 ns, At safepoint: 8262100 ns, Total: 8544200 ns
[2020-10-24T06:58:23.493+0000][7][gc           ] GC(504) Concurrent Cycle
[2020-10-24T06:58:23.493+0000][7][gc,marking   ] GC(504) Concurrent Clear Claimed Marks
[2020-10-24T06:58:23.494+0000][7][gc,marking   ] GC(504) Concurrent Clear Claimed Marks 0.621ms
[2020-10-24T06:58:23.494+0000][7][gc,marking   ] GC(504) Concurrent Scan Root Regions
[2020-10-24T06:58:23.495+0000][7][gc,marking   ] GC(504) Concurrent Scan Root Regions 1.188ms
[2020-10-24T06:58:23.495+0000][7][gc,marking   ] GC(504) Concurrent Mark (4460.862s)
[2020-10-24T06:58:23.496+0000][7][gc,marking   ] GC(504) Concurrent Mark From Roots
[2020-10-24T06:58:23.496+0000][7][gc,task      ] GC(504) Using 3 workers of 3 for marking
[2020-10-24T06:58:23.549+0000][7][gc,marking   ] GC(504) Concurrent Mark From Roots 53.657ms
[2020-10-24T06:58:23.550+0000][7][gc,marking   ] GC(504) Concurrent Preclean
[2020-10-24T06:58:23.550+0000][7][gc,marking   ] GC(504) Concurrent Preclean 0.704ms
[2020-10-24T06:58:23.551+0000][7][gc,marking   ] GC(504) Concurrent Mark (4460.862s, 4460.917s) 55.265ms
[2020-10-24T06:58:23.551+0000][7][gc,start     ] GC(504) Pause Remark
[2020-10-24T06:58:23.558+0000][7][gc           ] GC(504) Pause Remark 144M->143M(256M) 7.080ms
[2020-10-24T06:58:23.559+0000][7][gc,cpu       ] GC(504) User=0.04s Sys=0.00s Real=0.01s
[2020-10-24T06:58:23.559+0000][7][safepoint    ] Safepoint "G1Concurrent", Time since last: 58177300 ns, Reaching safepoint: 271000 ns, At safepoint: 7831300 ns, Total: 8102300 ns
[2020-10-24T06:58:23.560+0000][7][gc,marking   ] GC(504) Concurrent Rebuild Remembered Sets
[2020-10-24T06:58:23.596+0000][7][gc,marking   ] GC(504) Concurrent Rebuild Remembered Sets 36.883ms
[2020-10-24T06:58:23.597+0000][7][gc,start     ] GC(504) Pause Cleanup
[2020-10-24T06:58:23.598+0000][7][gc           ] GC(504) Pause Cleanup 143M->143M(256M) 0.519ms
[2020-10-24T06:58:23.598+0000][7][gc,cpu       ] GC(504) User=0.01s Sys=0.00s Real=0.01s
[2020-10-24T06:58:23.598+0000][7][safepoint    ] Safepoint "G1Concurrent", Time since last: 37688900 ns, Reaching safepoint: 180600 ns, At safepoint: 1124100 ns, Total: 1304700 ns
[2020-10-24T06:58:23.598+0000][7][gc,marking   ] GC(504) Concurrent Cleanup for Next Mark
[2020-10-24T06:58:23.599+0000][7][gc,marking   ] GC(504) Concurrent Cleanup for Next Mark 0.509ms
[2020-10-24T06:58:23.599+0000][7][gc           ] GC(504) Concurrent Cycle 106.245ms
[2020-10-24T06:58:24.486+0000][7][safepoint    ] Safepoint "BulkRevokeBias", Time since last: 884544900 ns, Reaching safepoint: 921600 ns, At safepoint: 2660800 ns, Total: 3582400 ns
[2020-10-24T06:58:25.488+0000][7][safepoint    ] Safepoint "Cleanup", Time since last: 1001309700 ns, Reaching safepoint: 230900 ns, At safepoint: 11400 ns, Total: 242300 ns
[2020-10-24T06:58:26.489+0000][7][safepoint    ] Safepoint "Cleanup", Time since last: 1000676700 ns, Reaching safepoint: 648400 ns, At safepoint: 38300 ns, Total: 686700 ns
[2020-10-24T06:58:27.491+0000][7][safepoint    ] Safepoint "Cleanup", Time since last: 1001245000 ns, Reaching safepoint: 343000 ns, At safepoint: 17300 ns, Total: 360300 ns
[2020-10-24T06:58:28.492+0000][7][safepoint    ] Safepoint "Cleanup", Time since last: 1000673000 ns, Reaching safepoint: 209200 ns, At safepoint: 9700 ns, Total: 218900 ns
[2020-10-24T06:58:29.493+0000][7][safepoint    ] Safepoint "Cleanup", Time since last: 1000501100 ns, Reaching safepoint: 306100 ns, At safepoint: 8800 ns, Total: 314900 ns
[2020-10-24T06:58:30.493+0000][7][safepoint    ] Safepoint "Cleanup", Time since last: 1000599600 ns, Reaching safepoint: 220600 ns, At safepoint: 10200 ns, Total: 230800 ns
[2020-10-24T06:58:31.495+0000][7][safepoint    ] Safepoint "Cleanup", Time since last: 1000611800 ns, Reaching safepoint: 825400 ns, At safepoint: 48500 ns, Total: 873900 ns
[2020-10-24T06:58:32.497+0000][7][safepoint    ] Safepoint "Cleanup", Time since last: 1001328400 ns, Reaching safepoint: 849500 ns, At safepoint: 124800 ns, Total: 974300 ns
[2020-10-24T06:58:33.499+0000][7][safepoint    ] Safepoint "Cleanup", Time since last: 1001251600 ns, Reaching safepoint: 784200 ns, At safepoint: 44500 ns, Total: 828700 ns
[2020-10-24T06:58:34.501+0000][7][safepoint    ] Safepoint "Cleanup", Time since last: 1001417200 ns, Reaching safepoint: 569500 ns, At safepoint: 31900 ns, Total: 601400 ns
[2020-10-24T06:58:35.503+0000][7][safepoint    ] Safepoint "Cleanup", Time since last: 1001004400 ns, Reaching safepoint: 232500 ns, At safepoint: 11200 ns, Total: 243700 ns
[2020-10-24T06:58:36.503+0000][7][safepoint    ] Safepoint "Cleanup", Time since last: 1000572600 ns, Reaching safepoint: 337200 ns, At safepoint: 17700 ns, Total: 354900 ns
[2020-10-24T06:58:37.504+0000][7][safepoint    ] Safepoint "Cleanup", Time since last: 1000550300 ns, Reaching safepoint: 292600 ns, At safepoint: 8700 ns, Total: 301300 ns
[2020-10-24T06:58:38.706+0000][7][safepoint    ] Safepoint "Cleanup", Time since last: 1201006500 ns, Reaching safepoint: 272900 ns, At safepoint: 8800 ns, Total: 281700 ns
[2020-10-24T06:58:39.706+0000][7][safepoint    ] Safepoint "Cleanup", Time since last: 1000520700 ns, Reaching safepoint: 230800 ns, At safepoint: 9200 ns, Total: 240000 ns
[2020-10-24T06:58:40.708+0000][7][safepoint    ] Safepoint "Cleanup", Time since last: 1000600900 ns, Reaching safepoint: 863800 ns, At safepoint: 210900 ns, Total: 1074700 ns
[2020-10-24T06:58:41.710+0000][7][safepoint    ] Safepoint "Cleanup", Time since last: 1001174400 ns, Reaching safepoint: 508600 ns, At safepoint: 28400 ns, Total: 537000 ns
[2020-10-24T06:58:42.712+0000][7][safepoint    ] Safepoint "Cleanup", Time since last: 1000980600 ns, Reaching safepoint: 808200 ns, At safepoint: 43700 ns, Total: 851900 ns
[2020-10-24T06:58:43.713+0000][7][safepoint    ] Safepoint "Cleanup", Time since last: 1001239300 ns, Reaching safepoint: 644800 ns, At safepoint: 36800 ns, Total: 681600 ns
[2020-10-24T06:58:44.715+0000][7][safepoint    ] Safepoint "Cleanup", Time since last: 1001051200 ns, Reaching safepoint: 791400 ns, At safepoint: 44900 ns, Total: 836300 ns
[2020-10-24T06:58:45.718+0000][7][safepoint    ] Safepoint "Cleanup", Time since last: 1001316400 ns, Reaching safepoint: 829600 ns, At safepoint: 46600 ns, Total: 876200 ns
[2020-10-24T06:58:46.719+0000][7][safepoint    ] Safepoint "Cleanup", Time since last: 1001192100 ns, Reaching safepoint: 282400 ns, At safepoint: 9200 ns, Total: 291600 ns
[2020-10-24T06:58:47.720+0000][7][safepoint    ] Safepoint "Cleanup", Time since last: 1000535200 ns, Reaching safepoint: 261900 ns, At safepoint: 8500 ns, Total: 270400 ns
[2020-10-24T06:58:48.273+0000][7][gc,start     ] GC(505) Pause Young (Normal) (G1 Evacuation Pause)
[2020-10-24T06:58:48.273+0000][7][gc,task      ] GC(505) Using 6 workers of 10 for evacuation
[2020-10-24T06:58:48.274+0000][7][gc,age       ] GC(505) Desired survivor size 3145728 bytes, new threshold 15 (max threshold 15)
[2020-10-24T06:58:48.276+0000][7][gc,age       ] GC(505) Age table with threshold 15 (max threshold 15)
[2020-10-24T06:58:48.276+0000][7][gc,age       ] GC(505) - age   1:     476472 bytes,     476472 total
[2020-10-24T06:58:48.277+0000][7][gc,age       ] GC(505) - age   2:      52608 bytes,     529080 total
[2020-10-24T06:58:48.277+0000][7][gc,phases    ] GC(505)   Pre Evacuate Collection Set: 0.1ms
[2020-10-24T06:58:48.277+0000][7][gc,phases    ] GC(505)   Merge Heap Roots: 0.1ms
[2020-10-24T06:58:48.278+0000][7][gc,phases    ] GC(505)   Evacuate Collection Set: 1.3ms
[2020-10-24T06:58:48.278+0000][7][gc,phases    ] GC(505)   Post Evacuate Collection Set: 0.9ms
[2020-10-24T06:58:48.278+0000][7][gc,phases    ] GC(505)   Other: 1.7ms
[2020-10-24T06:58:48.278+0000][7][gc,heap      ] GC(505) Eden regions: 44->0(46)
[2020-10-24T06:58:48.278+0000][7][gc,heap      ] GC(505) Survivor regions: 1->1(6)
[2020-10-24T06:58:48.279+0000][7][gc,heap      ] GC(505) Old regions: 123->123
[2020-10-24T06:58:48.279+0000][7][gc,heap      ] GC(505) Archive regions: 2->2
[2020-10-24T06:58:48.279+0000][7][gc,heap      ] GC(505) Humongous regions: 15->15
[2020-10-24T06:58:48.279+0000][7][gc,metaspace ] GC(505) Metaspace: 110327K(119076K)->110327K(119076K) NonClass: 96403K(101592K)->96403K(101592K) Class: 13924K(17484K)->13924K(17484K)
[2020-10-24T06:58:48.280+0000][7][gc           ] GC(505) Pause Young (Normal) (G1 Evacuation Pause) 183M->139M(256M) 6.516ms
[2020-10-24T06:58:48.280+0000][7][gc,cpu       ] GC(505) User=0.01s Sys=0.00s Real=0.01s
[2020-10-24T06:58:48.280+0000][7][safepoint    ] Safepoint "G1CollectForAllocation", Time since last: 552894900 ns, Reaching safepoint: 227400 ns, At safepoint: 7096200 ns, Total: 7323600 ns
[2020-10-24T06:58:49.281+0000][7][safepoint    ] Safepoint "Cleanup", Time since last: 1000408500 ns, Reaching safepoint: 637000 ns, At safepoint: 39300 ns, Total: 676300 ns
[2020-10-24T06:58:50.283+0000][7][safepoint    ] Safepoint "Cleanup", Time since last: 1001388500 ns, Reaching safepoint: 874500 ns, At safepoint: 45000 ns, Total: 919500 ns
[2020-10-24T06:58:51.285+0000][7][safepoint    ] Safepoint "Cleanup", Time since last: 1001153800 ns, Reaching safepoint: 228900 ns, At safepoint: 8900 ns, Total: 237800 ns
[2020-10-24T06:58:52.287+0000][7][safepoint    ] Safepoint "Cleanup", Time since last: 1000583900 ns, Reaching safepoint: 1042800 ns, At safepoint: 45000 ns, Total: 1087800 ns
[2020-10-24T06:58:53.289+0000][7][safepoint    ] Safepoint "Cleanup", Time since last: 1001240100 ns, Reaching safepoint: 790100 ns, At safepoint: 45200 ns, Total: 835300 ns
[2020-10-24T06:58:54.290+0000][7][safepoint    ] Safepoint "Cleanup", Time since last: 1001227100 ns, Reaching safepoint: 238800 ns, At safepoint: 9700 ns, Total: 248500 ns
[2020-10-24T06:58:55.291+0000][7][safepoint    ] Safepoint "Cleanup", Time since last: 1000645000 ns, Reaching safepoint: 607100 ns, At safepoint: 42400 ns, Total: 649500 ns
[2020-10-24T06:58:56.293+0000][7][safepoint    ] Safepoint "Cleanup", Time since last: 1001361700 ns, Reaching safepoint: 634900 ns, At safepoint: 37500 ns, Total: 672400 ns
[2020-10-24T06:58:57.295+0000][7][safepoint    ] Safepoint "Cleanup", Time since last: 1001160900 ns, Reaching safepoint: 250700 ns, At safepoint: 9400 ns, Total: 260100 ns
[2020-10-24T06:58:58.296+0000][7][safepoint    ] Safepoint "Cleanup", Time since last: 1000556200 ns, Reaching safepoint: 835900 ns, At safepoint: 36100 ns, Total: 872000 ns
[2020-10-24T06:58:59.298+0000][7][safepoint    ] Safepoint "Cleanup", Time since last: 1001016800 ns, Reaching safepoint: 250700 ns, At safepoint: 9100 ns, Total: 259800 ns
[2020-10-24T06:59:00.298+0000][7][safepoint    ] Safepoint "Cleanup", Time since last: 1000525100 ns, Reaching safepoint: 290100 ns, At safepoint: 8700 ns, Total: 298800 ns
[2020-10-24T06:59:01.299+0000][7][safepoint    ] Safepoint "Cleanup", Time since last: 1000599900 ns, Reaching safepoint: 423100 ns, At safepoint: 27100 ns, Total: 450200 ns
[2020-10-24T06:59:02.300+0000][7][safepoint    ] Safepoint "Cleanup", Time since last: 1000871900 ns, Reaching safepoint: 216000 ns, At safepoint: 10500 ns, Total: 226500 ns
[2020-10-24T06:59:03.301+0000][7][safepoint    ] Safepoint "Cleanup", Time since last: 1000534800 ns, Reaching safepoint: 298700 ns, At safepoint: 8800 ns, Total: 307500 ns
[2020-10-24T06:59:04.302+0000][7][safepoint    ] Safepoint "Cleanup", Time since last: 1000609700 ns, Reaching safepoint: 297500 ns, At safepoint: 16400 ns, Total: 313900 ns
[2020-10-24T06:59:05.304+0000][7][safepoint    ] Safepoint "Cleanup", Time since last: 1000770700 ns, Reaching safepoint: 837300 ns, At safepoint: 45500 ns, Total: 882800 ns
[2020-10-24T06:59:06.305+0000][7][safepoint    ] Safepoint "Cleanup", Time since last: 1000578800 ns, Reaching safepoint: 232500 ns, At safepoint: 9200 ns, Total: 241700 ns
[2020-10-24T06:59:07.306+0000][7][safepoint    ] Safepoint "Cleanup", Time since last: 1000518700 ns, Reaching safepoint: 303500 ns, At safepoint: 9100 ns, Total: 312600 ns
[2020-10-24T06:59:08.307+0000][7][safepoint    ] Safepoint "Cleanup", Time since last: 1000597500 ns, Reaching safepoint: 818100 ns, At safepoint: 45300 ns, Total: 863400 ns
[2020-10-24T06:59:09.593+0000][7][safepoint    ] Safepoint "Cleanup", Time since last: 1286221300 ns, Reaching safepoint: 227200 ns, At safepoint: 8600 ns, Total: 235800 ns
[2020-10-24T06:59:10.595+0000][7][safepoint    ] Safepoint "Cleanup", Time since last: 1000583900 ns, Reaching safepoint: 512500 ns, At safepoint: 28500 ns, Total: 541000 ns
[2020-10-24T06:59:11.596+0000][7][safepoint    ] Safepoint "Cleanup", Time since last: 1000920200 ns, Reaching safepoint: 794000 ns, At safepoint: 93100 ns, Total: 887100 ns
[2020-10-24T06:59:12.598+0000][7][safepoint    ] Safepoint "Cleanup", Time since last: 1001289900 ns, Reaching safepoint: 500600 ns, At safepoint: 29200 ns, Total: 529800 ns
[2020-10-24T06:59:13.600+0000][7][safepoint    ] Safepoint "Cleanup", Time since last: 1000994800 ns, Reaching safepoint: 884300 ns, At safepoint: 44500 ns, Total: 928800 ns
[2020-10-24T06:59:14.602+0000][7][safepoint    ] Safepoint "Cleanup", Time since last: 1001128200 ns, Reaching safepoint: 228700 ns, At safepoint: 9400 ns, Total: 238100 ns
[2020-10-24T06:59:15.602+0000][7][safepoint    ] Safepoint "Cleanup", Time since last: 1000606700 ns, Reaching safepoint: 247200 ns, At safepoint: 8600 ns, Total: 255800 ns
[2020-10-24T06:59:16.603+0000][7][safepoint    ] Safepoint "Cleanup", Time since last: 1000542400 ns, Reaching safepoint: 298000 ns, At safepoint: 15000 ns, Total: 313000 ns
[2020-10-24T06:59:17.604+0000][7][safepoint    ] Safepoint "Cleanup", Time since last: 1000500700 ns, Reaching safepoint: 259500 ns, At safepoint: 13900 ns, Total: 273400 ns
[2020-10-24T06:59:18.299+0000][7][gc,start     ] GC(506) Pause Young (Concurrent Start) (G1 Evacuation Pause)
[2020-10-24T06:59:18.300+0000][7][gc,task      ] GC(506) Using 6 workers of 10 for evacuation
[2020-10-24T06:59:18.300+0000][7][gc,age       ] GC(506) Desired survivor size 3145728 bytes, new threshold 15 (max threshold 15)
[2020-10-24T06:59:18.303+0000][7][gc,age       ] GC(506) Age table with threshold 15 (max threshold 15)
[2020-10-24T06:59:18.303+0000][7][gc,age       ] GC(506) - age   1:     650600 bytes,     650600 total
[2020-10-24T06:59:18.304+0000][7][gc,age       ] GC(506) - age   2:     264184 bytes,     914784 total
[2020-10-24T06:59:18.304+0000][7][gc,age       ] GC(506) - age   3:      52608 bytes,     967392 total
[2020-10-24T06:59:18.304+0000][7][gc,phases    ] GC(506)   Pre Evacuate Collection Set: 0.6ms
[2020-10-24T06:59:18.304+0000][7][gc,phases    ] GC(506)   Merge Heap Roots: 0.1ms
[2020-10-24T06:59:18.305+0000][7][gc,phases    ] GC(506)   Evacuate Collection Set: 1.5ms
[2020-10-24T06:59:18.305+0000][7][gc,phases    ] GC(506)   Post Evacuate Collection Set: 0.7ms
[2020-10-24T06:59:18.305+0000][7][gc,phases    ] GC(506)   Other: 2.2ms
[2020-10-24T06:59:18.305+0000][7][gc,heap      ] GC(506) Eden regions: 46->0(46)
[2020-10-24T06:59:18.306+0000][7][gc,heap      ] GC(506) Survivor regions: 1->1(6)
[2020-10-24T06:59:18.306+0000][7][gc,heap      ] GC(506) Old regions: 123->123
[2020-10-24T06:59:18.306+0000][7][gc,heap      ] GC(506) Archive regions: 2->2
[2020-10-24T06:59:18.306+0000][7][gc,heap      ] GC(506) Humongous regions: 15->15
[2020-10-24T06:59:18.306+0000][7][gc,metaspace ] GC(506) Metaspace: 110327K(119076K)->110327K(119076K) NonClass: 96403K(101592K)->96403K(101592K) Class: 13924K(17484K)->13924K(17484K)
[2020-10-24T06:59:18.307+0000][7][gc           ] GC(506) Pause Young (Concurrent Start) (G1 Evacuation Pause) 184M->139M(256M) 7.460ms
[2020-10-24T06:59:18.307+0000][7][gc,cpu       ] GC(506) User=0.01s Sys=0.00s Real=0.00s
[2020-10-24T06:59:18.307+0000][7][gc           ] GC(507) Concurrent Cycle
[2020-10-24T06:59:18.307+0000][7][safepoint    ] Safepoint "G1CollectForAllocation", Time since last: 694929900 ns, Reaching safepoint: 221600 ns, At safepoint: 7822300 ns, Total: 8043900 ns
[2020-10-24T06:59:18.307+0000][7][gc,marking   ] GC(507) Concurrent Clear Claimed Marks
[2020-10-24T06:59:18.308+0000][7][gc,marking   ] GC(507) Concurrent Clear Claimed Marks 0.896ms
[2020-10-24T06:59:18.308+0000][7][gc,marking   ] GC(507) Concurrent Scan Root Regions
[2020-10-24T06:59:18.310+0000][7][gc,marking   ] GC(507) Concurrent Scan Root Regions 1.282ms
[2020-10-24T06:59:18.310+0000][7][gc,marking   ] GC(507) Concurrent Mark (4515.676s)
[2020-10-24T06:59:18.310+0000][7][gc,marking   ] GC(507) Concurrent Mark From Roots
[2020-10-24T06:59:18.310+0000][7][gc,task      ] GC(507) Using 3 workers of 3 for marking
[2020-10-24T06:59:18.315+0000][7][safepoint    ] Safepoint "BulkRevokeBias", Time since last: 6766200 ns, Reaching safepoint: 297100 ns, At safepoint: 1389600 ns, Total: 1686700 ns
[2020-10-24T06:59:18.363+0000][7][gc,marking   ] GC(507) Concurrent Mark From Roots 53.580ms
[2020-10-24T06:59:18.364+0000][7][gc,marking   ] GC(507) Concurrent Preclean
[2020-10-24T06:59:18.365+0000][7][gc,marking   ] GC(507) Concurrent Preclean 0.744ms
[2020-10-24T06:59:18.365+0000][7][gc,marking   ] GC(507) Concurrent Mark (4515.676s, 4515.731s) 55.164ms
[2020-10-24T06:59:18.365+0000][7][gc,start     ] GC(507) Pause Remark
[2020-10-24T06:59:18.373+0000][7][gc           ] GC(507) Pause Remark 146M->145M(256M) 7.337ms
[2020-10-24T06:59:18.373+0000][7][gc,cpu       ] GC(507) User=0.04s Sys=0.00s Real=0.01s
[2020-10-24T06:59:18.373+0000][7][safepoint    ] Safepoint "G1Concurrent", Time since last: 49743500 ns, Reaching safepoint: 239100 ns, At safepoint: 8039800 ns, Total: 8278900 ns
[2020-10-24T06:59:18.374+0000][7][gc,marking   ] GC(507) Concurrent Rebuild Remembered Sets
[2020-10-24T06:59:18.408+0000][7][gc,marking   ] GC(507) Concurrent Rebuild Remembered Sets 34.308ms
[2020-10-24T06:59:18.409+0000][7][gc,start     ] GC(507) Pause Cleanup
[2020-10-24T06:59:18.409+0000][7][gc           ] GC(507) Pause Cleanup 145M->145M(256M) 0.550ms
[2020-10-24T06:59:18.410+0000][7][gc,cpu       ] GC(507) User=0.00s Sys=0.00s Real=0.00s
[2020-10-24T06:59:18.410+0000][7][safepoint    ] Safepoint "G1Concurrent", Time since last: 35120100 ns, Reaching safepoint: 208100 ns, At safepoint: 1185900 ns, Total: 1394000 ns
[2020-10-24T06:59:18.410+0000][7][gc,marking   ] GC(507) Concurrent Cleanup for Next Mark
[2020-10-24T06:59:18.411+0000][7][gc,marking   ] GC(507) Concurrent Cleanup for Next Mark 0.607ms
[2020-10-24T06:59:18.411+0000][7][gc           ] GC(507) Concurrent Cycle 104.213ms
[2020-10-24T06:59:19.701+0000][7][safepoint    ] Safepoint "Cleanup", Time since last: 1290323600 ns, Reaching safepoint: 878500 ns, At safepoint: 44500 ns, Total: 923000 ns
[2020-10-24T06:59:20.703+0000][7][safepoint    ] Safepoint "Cleanup", Time since last: 1001373700 ns, Reaching safepoint: 565600 ns, At safepoint: 27100 ns, Total: 592700 ns
[2020-10-24T06:59:21.705+0000][7][safepoint    ] Safepoint "Cleanup", Time since last: 1000918500 ns, Reaching safepoint: 655500 ns, At safepoint: 35000 ns, Total: 690500 ns
[2020-10-24T06:59:22.584+0000][7][safepoint    ] Safepoint "BulkRevokeBias", Time since last: 877684800 ns, Reaching safepoint: 213800 ns, At safepoint: 860300 ns, Total: 1074100 ns
[2020-10-24T06:59:23.518+0000][7][gc,start     ] GC(508) Pause Young (Normal) (G1 Evacuation Pause)
[2020-10-24T06:59:23.518+0000][7][gc,task      ] GC(508) Using 6 workers of 10 for evacuation
[2020-10-24T06:59:23.519+0000][7][gc,age       ] GC(508) Desired survivor size 3145728 bytes, new threshold 15 (max threshold 15)
[2020-10-24T06:59:23.523+0000][7][gc,age       ] GC(508) Age table with threshold 15 (max threshold 15)
[2020-10-24T06:59:23.523+0000][7][gc,age       ] GC(508) - age   1:    5424984 bytes,    5424984 total
[2020-10-24T06:59:23.523+0000][7][gc,age       ] GC(508) - age   2:      66176 bytes,    5491160 total
[2020-10-24T06:59:23.524+0000][7][gc,age       ] GC(508) - age   3:     262424 bytes,    5753584 total
[2020-10-24T06:59:23.524+0000][7][gc,age       ] GC(508) - age   4:      43648 bytes,    5797232 total
[2020-10-24T06:59:23.524+0000][7][gc,phases    ] GC(508)   Pre Evacuate Collection Set: 0.2ms
[2020-10-24T06:59:23.524+0000][7][gc,phases    ] GC(508)   Merge Heap Roots: 0.1ms
[2020-10-24T06:59:23.525+0000][7][gc,phases    ] GC(508)   Evacuate Collection Set: 2.2ms
[2020-10-24T06:59:23.525+0000][7][gc,phases    ] GC(508)   Post Evacuate Collection Set: 1.0ms
[2020-10-24T06:59:23.525+0000][7][gc,phases    ] GC(508)   Other: 3.0ms
[2020-10-24T06:59:23.525+0000][7][gc,heap      ] GC(508) Eden regions: 46->0(38)
[2020-10-24T06:59:23.526+0000][7][gc,heap      ] GC(508) Survivor regions: 1->6(6)
[2020-10-24T06:59:23.526+0000][7][gc,heap      ] GC(508) Old regions: 122->122
[2020-10-24T06:59:23.526+0000][7][gc,heap      ] GC(508) Archive regions: 2->2
[2020-10-24T06:59:23.526+0000][7][gc,heap      ] GC(508) Humongous regions: 15->15
[2020-10-24T06:59:23.526+0000][7][gc,metaspace ] GC(508) Metaspace: 110335K(119076K)->110335K(119076K) NonClass: 96411K(101592K)->96411K(101592K) Class: 13924K(17484K)->13924K(17484K)
[2020-10-24T06:59:23.526+0000][7][gc           ] GC(508) Pause Young (Normal) (G1 Evacuation Pause) 184M->143M(256M) 8.519ms
[2020-10-24T06:59:23.527+0000][7][gc,cpu       ] GC(508) User=0.01s Sys=0.00s Real=0.00s
[2020-10-24T06:59:23.527+0000][7][safepoint    ] Safepoint "G1CollectForAllocation", Time since last: 933998300 ns, Reaching safepoint: 255800 ns, At safepoint: 8831000 ns, Total: 9086800 ns
[2020-10-24T06:59:23.543+0000][7][gc,start     ] GC(509) Pause Young (Concurrent Start) (G1 Evacuation Pause)
[2020-10-24T06:59:23.544+0000][7][gc,task      ] GC(509) Using 6 workers of 10 for evacuation
[2020-10-24T06:59:23.544+0000][7][gc,age       ] GC(509) Desired survivor size 3145728 bytes, new threshold 1 (max threshold 15)
[2020-10-24T06:59:23.548+0000][7][gc,age       ] GC(509) Age table with threshold 1 (max threshold 15)
[2020-10-24T06:59:23.548+0000][7][gc,age       ] GC(509) - age   1:      27496 bytes,      27496 total
[2020-10-24T06:59:23.548+0000][7][gc,phases    ] GC(509)   Pre Evacuate Collection Set: 0.6ms
[2020-10-24T06:59:23.548+0000][7][gc,phases    ] GC(509)   Merge Heap Roots: 0.1ms
[2020-10-24T06:59:23.549+0000][7][gc,phases    ] GC(509)   Evacuate Collection Set: 1.6ms
[2020-10-24T06:59:23.549+0000][7][gc,phases    ] GC(509)   Post Evacuate Collection Set: 0.9ms
[2020-10-24T06:59:23.549+0000][7][gc,phases    ] GC(509)   Other: 1.7ms
[2020-10-24T06:59:23.549+0000][7][gc,heap      ] GC(509) Eden regions: 38->0(43)
[2020-10-24T06:59:23.550+0000][7][gc,heap      ] GC(509) Survivor regions: 6->1(6)
[2020-10-24T06:59:23.550+0000][7][gc,heap      ] GC(509) Old regions: 122->124
[2020-10-24T06:59:23.550+0000][7][gc,heap      ] GC(509) Archive regions: 2->2
[2020-10-24T06:59:23.550+0000][7][gc,heap      ] GC(509) Humongous regions: 15->15
[2020-10-24T06:59:23.550+0000][7][gc,metaspace ] GC(509) Metaspace: 110335K(119076K)->110335K(119076K) NonClass: 96411K(101592K)->96411K(101592K) Class: 13924K(17484K)->13924K(17484K)
[2020-10-24T06:59:23.551+0000][7][gc           ] GC(509) Pause Young (Concurrent Start) (G1 Evacuation Pause) 181M->139M(256M) 7.286ms
[2020-10-24T06:59:23.551+0000][7][gc,cpu       ] GC(509) User=0.00s Sys=0.01s Real=0.01s
[2020-10-24T06:59:23.551+0000][7][gc           ] GC(510) Concurrent Cycle
[2020-10-24T06:59:23.551+0000][7][gc,marking   ] GC(510) Concurrent Clear Claimed Marks
[2020-10-24T06:59:23.551+0000][7][safepoint    ] Safepoint "G1CollectForAllocation", Time since last: 16390600 ns, Reaching safepoint: 276100 ns, At safepoint: 7768100 ns, Total: 8044200 ns
[2020-10-24T06:59:23.552+0000][7][gc,marking   ] GC(510) Concurrent Clear Claimed Marks 0.643ms
[2020-10-24T06:59:23.552+0000][7][gc,marking   ] GC(510) Concurrent Scan Root Regions
[2020-10-24T06:59:23.553+0000][7][gc,marking   ] GC(510) Concurrent Scan Root Regions 0.903ms
[2020-10-24T06:59:23.553+0000][7][gc,marking   ] GC(510) Concurrent Mark (4520.919s)
[2020-10-24T06:59:23.553+0000][7][gc,marking   ] GC(510) Concurrent Mark From Roots
[2020-10-24T06:59:23.553+0000][7][gc,task      ] GC(510) Using 3 workers of 3 for marking
[2020-10-24T06:59:23.604+0000][7][gc,marking   ] GC(510) Concurrent Mark From Roots 50.912ms
[2020-10-24T06:59:23.604+0000][7][gc,marking   ] GC(510) Concurrent Preclean
[2020-10-24T06:59:23.605+0000][7][gc,marking   ] GC(510) Concurrent Preclean 0.696ms
[2020-10-24T06:59:23.605+0000][7][gc,marking   ] GC(510) Concurrent Mark (4520.919s, 4520.972s) 52.373ms
[2020-10-24T06:59:23.606+0000][7][gc,start     ] GC(510) Pause Remark
[2020-10-24T06:59:23.613+0000][7][gc           ] GC(510) Pause Remark 158M->158M(256M) 6.762ms
[2020-10-24T06:59:23.613+0000][7][gc,cpu       ] GC(510) User=0.01s Sys=0.01s Real=0.01s
[2020-10-24T06:59:23.613+0000][7][safepoint    ] Safepoint "G1Concurrent", Time since last: 54700300 ns, Reaching safepoint: 217500 ns, At safepoint: 7430300 ns, Total: 7647800 ns
[2020-10-24T06:59:23.614+0000][7][gc,marking   ] GC(510) Concurrent Rebuild Remembered Sets
[2020-10-24T06:59:23.652+0000][7][gc,marking   ] GC(510) Concurrent Rebuild Remembered Sets 38.407ms
[2020-10-24T06:59:23.653+0000][7][gc,start     ] GC(510) Pause Cleanup
[2020-10-24T06:59:23.653+0000][7][gc           ] GC(510) Pause Cleanup 158M->158M(256M) 0.565ms
[2020-10-24T06:59:23.654+0000][7][gc,cpu       ] GC(510) User=0.00s Sys=0.00s Real=0.00s
[2020-10-24T06:59:23.654+0000][7][safepoint    ] Safepoint "G1Concurrent", Time since last: 39187600 ns, Reaching safepoint: 191900 ns, At safepoint: 1225600 ns, Total: 1417500 ns
[2020-10-24T06:59:23.654+0000][7][gc,marking   ] GC(510) Concurrent Cleanup for Next Mark
[2020-10-24T06:59:23.655+0000][7][gc,marking   ] GC(510) Concurrent Cleanup for Next Mark 0.652ms
[2020-10-24T06:59:23.655+0000][7][gc           ] GC(510) Concurrent Cycle 104.285ms
[2020-10-24T06:59:25.566+0000][7][safepoint    ] Safepoint "Cleanup", Time since last: 1910747100 ns, Reaching safepoint: 822400 ns, At safepoint: 44900 ns, Total: 867300 ns
[2020-10-24T06:59:26.568+0000][7][safepoint    ] Safepoint "Cleanup", Time since last: 1001309800 ns, Reaching safepoint: 667400 ns, At safepoint: 130200 ns, Total: 797600 ns
[2020-10-24T06:59:27.570+0000][7][safepoint    ] Safepoint "Cleanup", Time since last: 1001236400 ns, Reaching safepoint: 781100 ns, At safepoint: 46600 ns, Total: 827700 ns
[2020-10-24T06:59:28.572+0000][7][safepoint    ] Safepoint "Cleanup", Time since last: 1001329100 ns, Reaching safepoint: 730600 ns, At safepoint: 45800 ns, Total: 776400 ns
[2020-10-24T06:59:29.574+0000][7][safepoint    ] Safepoint "Cleanup", Time since last: 1001237800 ns, Reaching safepoint: 515700 ns, At safepoint: 23300 ns, Total: 539000 ns
[2020-10-24T06:59:30.575+0000][7][safepoint    ] Safepoint "Cleanup", Time since last: 1000824100 ns, Reaching safepoint: 258800 ns, At safepoint: 8800 ns, Total: 267600 ns
[2020-10-24T06:59:31.576+0000][7][safepoint    ] Safepoint "Cleanup", Time since last: 1000671100 ns, Reaching safepoint: 776500 ns, At safepoint: 97700 ns, Total: 874200 ns
[2020-10-24T06:59:32.578+0000][7][safepoint    ] Safepoint "Cleanup", Time since last: 1001236100 ns, Reaching safepoint: 262500 ns, At safepoint: 9200 ns, Total: 271700 ns
[2020-10-24T06:59:33.579+0000][7][safepoint    ] Safepoint "Cleanup", Time since last: 1000593500 ns, Reaching safepoint: 798000 ns, At safepoint: 47100 ns, Total: 845100 ns
[2020-10-24T06:59:34.581+0000][7][safepoint    ] Safepoint "Cleanup", Time since last: 1001239300 ns, Reaching safepoint: 427300 ns, At safepoint: 22700 ns, Total: 450000 ns
[2020-10-24T06:59:35.582+0000][7][safepoint    ] Safepoint "Cleanup", Time since last: 1000734600 ns, Reaching safepoint: 258600 ns, At safepoint: 9100 ns, Total: 267700 ns
[2020-10-24T06:59:36.583+0000][7][safepoint    ] Safepoint "Cleanup", Time since last: 1000576200 ns, Reaching safepoint: 819300 ns, At safepoint: 44900 ns, Total: 864200 ns
[2020-10-24T06:59:37.585+0000][7][safepoint    ] Safepoint "Cleanup", Time since last: 1001327000 ns, Reaching safepoint: 257900 ns, At safepoint: 8700 ns, Total: 266600 ns
[2020-10-24T06:59:38.586+0000][7][safepoint    ] Safepoint "Cleanup", Time since last: 1000506300 ns, Reaching safepoint: 485300 ns, At safepoint: 24400 ns, Total: 509700 ns
[2020-10-24T06:59:39.588+0000][7][safepoint    ] Safepoint "Cleanup", Time since last: 1000779200 ns, Reaching safepoint: 837200 ns, At safepoint: 38600 ns, Total: 875800 ns
[2020-10-24T06:59:40.589+0000][7][safepoint    ] Safepoint "Cleanup", Time since last: 1001211300 ns, Reaching safepoint: 244600 ns, At safepoint: 8500 ns, Total: 253100 ns
[2020-10-24T06:59:41.590+0000][7][safepoint    ] Safepoint "Cleanup", Time since last: 1000610600 ns, Reaching safepoint: 582000 ns, At safepoint: 37700 ns, Total: 619700 ns
[2020-10-24T06:59:42.592+0000][7][safepoint    ] Safepoint "Cleanup", Time since last: 1001217300 ns, Reaching safepoint: 592200 ns, At safepoint: 33000 ns, Total: 625200 ns
[2020-10-24T06:59:43.594+0000][7][safepoint    ] Safepoint "Cleanup", Time since last: 1001015100 ns, Reaching safepoint: 637500 ns, At safepoint: 52000 ns, Total: 689500 ns
[2020-10-24T06:59:44.595+0000][7][safepoint    ] Safepoint "Cleanup", Time since last: 1001065900 ns, Reaching safepoint: 337200 ns, At safepoint: 42400 ns, Total: 379600 ns
[2020-10-24T06:59:45.597+0000][7][safepoint    ] Safepoint "Cleanup", Time since last: 1000822500 ns, Reaching safepoint: 852500 ns, At safepoint: 44300 ns, Total: 896800 ns
[2020-10-24T06:59:46.599+0000][7][safepoint    ] Safepoint "Cleanup", Time since last: 1001266700 ns, Reaching safepoint: 624200 ns, At safepoint: 39600 ns, Total: 663800 ns
[2020-10-24T06:59:46.850+0000][7][gc,start     ] GC(511) Pause Young (Normal) (G1 Evacuation Pause)
[2020-10-24T06:59:46.851+0000][7][gc,task      ] GC(511) Using 6 workers of 10 for evacuation
[2020-10-24T06:59:46.852+0000][7][gc,age       ] GC(511) Desired survivor size 3145728 bytes, new threshold 15 (max threshold 15)
[2020-10-24T06:59:46.861+0000][7][gc,age       ] GC(511) Age table with threshold 15 (max threshold 15)
[2020-10-24T06:59:46.862+0000][7][gc,age       ] GC(511) - age   1:     202496 bytes,     202496 total
[2020-10-24T06:59:46.863+0000][7][gc,age       ] GC(511) - age   2:      20552 bytes,     223048 total
[2020-10-24T06:59:46.864+0000][7][gc,phases    ] GC(511)   Pre Evacuate Collection Set: 0.5ms
[2020-10-24T06:59:46.865+0000][7][gc,phases    ] GC(511)   Merge Heap Roots: 0.5ms
[2020-10-24T06:59:46.866+0000][7][gc,phases    ] GC(511)   Evacuate Collection Set: 4.0ms
[2020-10-24T06:59:46.867+0000][7][gc,phases    ] GC(511)   Post Evacuate Collection Set: 3.1ms
[2020-10-24T06:59:46.868+0000][7][gc,phases    ] GC(511)   Other: 6.5ms
[2020-10-24T06:59:46.869+0000][7][gc,heap      ] GC(511) Eden regions: 43->0(44)
[2020-10-24T06:59:46.870+0000][7][gc,heap      ] GC(511) Survivor regions: 1->1(6)
[2020-10-24T06:59:46.871+0000][7][gc,heap      ] GC(511) Old regions: 124->124
[2020-10-24T06:59:46.872+0000][7][gc,heap      ] GC(511) Archive regions: 2->2
[2020-10-24T06:59:46.873+0000][7][gc,heap      ] GC(511) Humongous regions: 15->15
[2020-10-24T06:59:46.874+0000][7][gc,metaspace ] GC(511) Metaspace: 110339K(119076K)->110339K(119076K) NonClass: 96415K(101592K)->96415K(101592K) Class: 13924K(17484K)->13924K(17484K)
[2020-10-24T06:59:46.875+0000][7][gc           ] GC(511) Pause Young (Normal) (G1 Evacuation Pause) 182M->139M(256M) 25.236ms
[2020-10-24T06:59:46.876+0000][7][gc,cpu       ] GC(511) User=0.02s Sys=0.01s Real=0.02s
[2020-10-24T06:59:46.877+0000][7][safepoint    ] Safepoint "G1CollectForAllocation", Time since last: 249915500 ns, Reaching safepoint: 762300 ns, At safepoint: 27364500 ns, Total: 28126800 ns
[2020-10-24T06:59:47.879+0000][7][safepoint    ] Safepoint "Cleanup", Time since last: 1001281700 ns, Reaching safepoint: 824600 ns, At safepoint: 45900 ns, Total: 870500 ns
[2020-10-24T06:59:49.275+0000][7][safepoint    ] Safepoint "Cleanup", Time since last: 1395860500 ns, Reaching safepoint: 326100 ns, At safepoint: 16700 ns, Total: 342800 ns
[2020-10-24T06:59:50.276+0000][7][safepoint    ] Safepoint "Cleanup", Time since last: 1000653500 ns, Reaching safepoint: 278600 ns, At safepoint: 15400 ns, Total: 294000 ns
[2020-10-24T06:59:51.278+0000][7][safepoint    ] Safepoint "Cleanup", Time since last: 1000791100 ns, Reaching safepoint: 975000 ns, At safepoint: 121600 ns, Total: 1096600 ns
[2020-10-24T06:59:52.280+0000][7][safepoint    ] Safepoint "Cleanup", Time since last: 1001271800 ns, Reaching safepoint: 352900 ns, At safepoint: 23800 ns, Total: 376700 ns
[2020-10-24T06:59:53.281+0000][7][safepoint    ] Safepoint "Cleanup", Time since last: 1000854000 ns, Reaching safepoint: 260200 ns, At safepoint: 11900 ns, Total: 272100 ns
[2020-10-24T06:59:54.282+0000][7][safepoint    ] Safepoint "Cleanup", Time since last: 1000564200 ns, Reaching safepoint: 231700 ns, At safepoint: 22600 ns, Total: 254300 ns
[2020-10-24T06:59:55.283+0000][7][safepoint    ] Safepoint "Cleanup", Time since last: 1000528800 ns, Reaching safepoint: 373300 ns, At safepoint: 18600 ns, Total: 391900 ns
[2020-10-24T06:59:56.284+0000][7][safepoint    ] Safepoint "Cleanup", Time since last: 1000683100 ns, Reaching safepoint: 564100 ns, At safepoint: 34200 ns, Total: 598300 ns
[2020-10-24T06:59:57.285+0000][7][safepoint    ] Safepoint "Cleanup", Time since last: 1000964700 ns, Reaching safepoint: 253200 ns, At safepoint: 8300 ns, Total: 261500 ns
[2020-10-24T06:59:58.287+0000][7][safepoint    ] Safepoint "Cleanup", Time since last: 1000621700 ns, Reaching safepoint: 836600 ns, At safepoint: 47200 ns, Total: 883800 ns
[2020-10-24T06:59:59.289+0000][7][safepoint    ] Safepoint "Cleanup", Time since last: 1001210600 ns, Reaching safepoint: 845300 ns, At safepoint: 44800 ns, Total: 890100 ns
[2020-10-24T07:00:00.290+0000][7][safepoint    ] Safepoint "Cleanup", Time since last: 1001267900 ns, Reaching safepoint: 201000 ns, At safepoint: 22300 ns, Total: 223300 ns
[2020-10-24T07:00:01.291+0000][7][safepoint    ] Safepoint "Cleanup", Time since last: 1000592600 ns, Reaching safepoint: 195000 ns, At safepoint: 9400 ns, Total: 204400 ns
[2020-10-24T07:00:02.292+0000][7][safepoint    ] Safepoint "Cleanup", Time since last: 1000450400 ns, Reaching safepoint: 221100 ns, At safepoint: 8700 ns, Total: 229800 ns
[2020-10-24T07:00:03.293+0000][7][safepoint    ] Safepoint "Cleanup", Time since last: 1000515900 ns, Reaching safepoint: 257500 ns, At safepoint: 8600 ns, Total: 266100 ns
[2020-10-24T07:00:04.294+0000][7][safepoint    ] Safepoint "Cleanup", Time since last: 1000623200 ns, Reaching safepoint: 692100 ns, At safepoint: 34900 ns, Total: 727000 ns
[2020-10-24T07:00:05.295+0000][7][safepoint    ] Safepoint "Cleanup", Time since last: 1001034700 ns, Reaching safepoint: 199800 ns, At safepoint: 10200 ns, Total: 210000 ns
[2020-10-24T07:00:06.297+0000][7][safepoint    ] Safepoint "Cleanup", Time since last: 1000592000 ns, Reaching safepoint: 1030600 ns, At safepoint: 48700 ns, Total: 1079300 ns
[2020-10-24T07:00:07.299+0000][7][safepoint    ] Safepoint "Cleanup", Time since last: 1001210100 ns, Reaching safepoint: 818400 ns, At safepoint: 47300 ns, Total: 865700 ns
[2020-10-24T07:00:08.301+0000][7][safepoint    ] Safepoint "Cleanup", Time since last: 1001196000 ns, Reaching safepoint: 406400 ns, At safepoint: 24400 ns, Total: 430800 ns
[2020-10-24T07:00:09.302+0000][7][safepoint    ] Safepoint "Cleanup", Time since last: 1000703800 ns, Reaching safepoint: 244700 ns, At safepoint: 8700 ns, Total: 253400 ns
[2020-10-24T07:00:10.302+0000][7][safepoint    ] Safepoint "Cleanup", Time since last: 1000433100 ns, Reaching safepoint: 205100 ns, At safepoint: 22200 ns, Total: 227300 ns
[2020-10-24T07:00:11.304+0000][7][safepoint    ] Safepoint "Cleanup", Time since last: 1000601400 ns, Reaching safepoint: 780200 ns, At safepoint: 46500 ns, Total: 826700 ns
[2020-10-24T07:00:12.305+0000][7][safepoint    ] Safepoint "Cleanup", Time since last: 1001288600 ns, Reaching safepoint: 388800 ns, At safepoint: 22600 ns, Total: 411400 ns
[2020-10-24T07:00:13.307+0000][7][safepoint    ] Safepoint "Cleanup", Time since last: 1000866600 ns, Reaching safepoint: 784000 ns, At safepoint: 45500 ns, Total: 829500 ns
[2020-10-24T07:00:14.309+0000][7][safepoint    ] Safepoint "Cleanup", Time since last: 1001266300 ns, Reaching safepoint: 827500 ns, At safepoint: 44000 ns, Total: 871500 ns
[2020-10-24T07:00:16.215+0000][7][safepoint    ] Safepoint "Cleanup", Time since last: 1905112000 ns, Reaching safepoint: 219600 ns, At safepoint: 11200 ns, Total: 230800 ns
[2020-10-24T07:00:17.215+0000][7][safepoint    ] Safepoint "Cleanup", Time since last: 1000526200 ns, Reaching safepoint: 264100 ns, At safepoint: 9300 ns, Total: 273400 ns
[2020-10-24T07:00:18.216+0000][7][safepoint    ] Safepoint "Cleanup", Time since last: 1000501700 ns, Reaching safepoint: 270900 ns, At safepoint: 13300 ns, Total: 284200 ns
[2020-10-24T07:00:19.218+0000][7][safepoint    ] Safepoint "Cleanup", Time since last: 1000655100 ns, Reaching safepoint: 869900 ns, At safepoint: 88600 ns, Total: 958500 ns
[2020-10-24T07:00:20.219+0000][7][safepoint    ] Safepoint "Cleanup", Time since last: 1001255700 ns, Reaching safepoint: 363400 ns, At safepoint: 20100 ns, Total: 383500 ns
[2020-10-24T07:00:21.220+0000][7][safepoint    ] Safepoint "Cleanup", Time since last: 1000614700 ns, Reaching safepoint: 281100 ns, At safepoint: 34100 ns, Total: 315200 ns
[2020-10-24T07:00:21.305+0000][7][gc,start     ] GC(512) Pause Young (Concurrent Start) (G1 Evacuation Pause)
[2020-10-24T07:00:21.305+0000][7][gc,task      ] GC(512) Using 6 workers of 10 for evacuation
[2020-10-24T07:00:21.306+0000][7][gc,age       ] GC(512) Desired survivor size 3145728 bytes, new threshold 15 (max threshold 15)
[2020-10-24T07:00:21.310+0000][7][gc,age       ] GC(512) Age table with threshold 15 (max threshold 15)
[2020-10-24T07:00:21.311+0000][7][gc,age       ] GC(512) - age   1:     973816 bytes,     973816 total
[2020-10-24T07:00:21.311+0000][7][gc,age       ] GC(512) - age   2:     150048 bytes,    1123864 total
[2020-10-24T07:00:21.311+0000][7][gc,age       ] GC(512) - age   3:      20552 bytes,    1144416 total
[2020-10-24T07:00:21.312+0000][7][gc,phases    ] GC(512)   Pre Evacuate Collection Set: 0.7ms
[2020-10-24T07:00:21.312+0000][7][gc,phases    ] GC(512)   Merge Heap Roots: 0.2ms
[2020-10-24T07:00:21.312+0000][7][gc,phases    ] GC(512)   Evacuate Collection Set: 1.8ms
[2020-10-24T07:00:21.313+0000][7][gc,phases    ] GC(512)   Post Evacuate Collection Set: 1.1ms
[2020-10-24T07:00:21.313+0000][7][gc,phases    ] GC(512)   Other: 3.0ms
[2020-10-24T07:00:21.313+0000][7][gc,heap      ] GC(512) Eden regions: 44->0(44)
[2020-10-24T07:00:21.313+0000][7][gc,heap      ] GC(512) Survivor regions: 1->2(6)
[2020-10-24T07:00:21.314+0000][7][gc,heap      ] GC(512) Old regions: 124->124
[2020-10-24T07:00:21.314+0000][7][gc,heap      ] GC(512) Archive regions: 2->2
[2020-10-24T07:00:21.314+0000][7][gc,heap      ] GC(512) Humongous regions: 15->15
[2020-10-24T07:00:21.314+0000][7][gc,metaspace ] GC(512) Metaspace: 110358K(119076K)->110358K(119076K) NonClass: 96430K(101592K)->96430K(101592K) Class: 13928K(17484K)->13928K(17484K)
[2020-10-24T07:00:21.314+0000][7][gc           ] GC(512) Pause Young (Concurrent Start) (G1 Evacuation Pause) 183M->140M(256M) 9.385ms
[2020-10-24T07:00:21.315+0000][7][gc,cpu       ] GC(512) User=0.01s Sys=0.00s Real=0.01s
[2020-10-24T07:00:21.315+0000][7][gc           ] GC(513) Concurrent Cycle
[2020-10-24T07:00:21.315+0000][7][gc,marking   ] GC(513) Concurrent Clear Claimed Marks
[2020-10-24T07:00:21.315+0000][7][safepoint    ] Safepoint "G1CollectForAllocation", Time since last: 84329500 ns, Reaching safepoint: 307600 ns, At safepoint: 9782300 ns, Total: 10089900 ns
[2020-10-24T07:00:21.316+0000][7][gc,marking   ] GC(513) Concurrent Clear Claimed Marks 0.782ms
[2020-10-24T07:00:21.316+0000][7][gc,marking   ] GC(513) Concurrent Scan Root Regions
[2020-10-24T07:00:21.317+0000][7][gc,marking   ] GC(513) Concurrent Scan Root Regions 0.756ms
[2020-10-24T07:00:21.317+0000][7][gc,marking   ] GC(513) Concurrent Mark (4578.683s)
[2020-10-24T07:00:21.317+0000][7][gc,marking   ] GC(513) Concurrent Mark From Roots
[2020-10-24T07:00:21.317+0000][7][gc,task      ] GC(513) Using 3 workers of 3 for marking
[2020-10-24T07:00:21.373+0000][7][gc,marking   ] GC(513) Concurrent Mark From Roots 56.240ms
[2020-10-24T07:00:21.374+0000][7][gc,marking   ] GC(513) Concurrent Preclean
[2020-10-24T07:00:21.374+0000][7][gc,marking   ] GC(513) Concurrent Preclean 0.708ms
[2020-10-24T07:00:21.375+0000][7][gc,marking   ] GC(513) Concurrent Mark (4578.683s, 4578.741s) 57.788ms
[2020-10-24T07:00:21.375+0000][7][gc,start     ] GC(513) Pause Remark
[2020-10-24T07:00:21.382+0000][7][gc           ] GC(513) Pause Remark 146M->146M(256M) 6.922ms
[2020-10-24T07:00:21.383+0000][7][gc,cpu       ] GC(513) User=0.02s Sys=0.01s Real=0.01s
[2020-10-24T07:00:21.383+0000][7][safepoint    ] Safepoint "G1Concurrent", Time since last: 60359700 ns, Reaching safepoint: 212400 ns, At safepoint: 7625000 ns, Total: 7837400 ns
[2020-10-24T07:00:21.383+0000][7][gc,marking   ] GC(513) Concurrent Rebuild Remembered Sets
[2020-10-24T07:00:21.422+0000][7][gc,marking   ] GC(513) Concurrent Rebuild Remembered Sets 38.518ms
[2020-10-24T07:00:21.422+0000][7][gc,start     ] GC(513) Pause Cleanup
[2020-10-24T07:00:21.423+0000][7][gc           ] GC(513) Pause Cleanup 146M->146M(256M) 0.599ms
[2020-10-24T07:00:21.423+0000][7][gc,cpu       ] GC(513) User=0.00s Sys=0.00s Real=0.00s
[2020-10-24T07:00:21.424+0000][7][safepoint    ] Safepoint "G1Concurrent", Time since last: 39280700 ns, Reaching safepoint: 196700 ns, At safepoint: 1160800 ns, Total: 1357500 ns
[2020-10-24T07:00:21.424+0000][7][gc,marking   ] GC(513) Concurrent Cleanup for Next Mark
[2020-10-24T07:00:21.424+0000][7][gc,marking   ] GC(513) Concurrent Cleanup for Next Mark 0.642ms
[2020-10-24T07:00:21.425+0000][7][gc           ] GC(513) Concurrent Cycle 110.093ms
[2020-10-24T07:00:22.586+0000][7][safepoint    ] Safepoint "Cleanup", Time since last: 1162412300 ns, Reaching safepoint: 251700 ns, At safepoint: 15000 ns, Total: 266700 ns
[2020-10-24T07:00:23.601+0000][7][gc,start     ] GC(514) Pause Young (Prepare Mixed) (G1 Evacuation Pause)
[2020-10-24T07:00:23.602+0000][7][gc,task      ] GC(514) Using 6 workers of 10 for evacuation
[2020-10-24T07:00:23.602+0000][7][gc,age       ] GC(514) Desired survivor size 3145728 bytes, new threshold 15 (max threshold 15)
[2020-10-24T07:00:23.606+0000][7][gc,age       ] GC(514) Age table with threshold 15 (max threshold 15)
[2020-10-24T07:00:23.606+0000][7][gc,age       ] GC(514) - age   1:    4323976 bytes,    4323976 total
[2020-10-24T07:00:23.606+0000][7][gc,age       ] GC(514) - age   2:     150000 bytes,    4473976 total
[2020-10-24T07:00:23.607+0000][7][gc,age       ] GC(514) - age   3:     143440 bytes,    4617416 total
[2020-10-24T07:00:23.607+0000][7][gc,age       ] GC(514) - age   4:      15208 bytes,    4632624 total
[2020-10-24T07:00:23.607+0000][7][gc,phases    ] GC(514)   Pre Evacuate Collection Set: 0.1ms
[2020-10-24T07:00:23.608+0000][7][gc,phases    ] GC(514)   Merge Heap Roots: 0.1ms
[2020-10-24T07:00:23.608+0000][7][gc,phases    ] GC(514)   Evacuate Collection Set: 2.0ms
[2020-10-24T07:00:23.608+0000][7][gc,phases    ] GC(514)   Post Evacuate Collection Set: 1.0ms
[2020-10-24T07:00:23.608+0000][7][gc,phases    ] GC(514)   Other: 2.8ms
[2020-10-24T07:00:23.609+0000][7][gc,heap      ] GC(514) Eden regions: 44->0(7)
[2020-10-24T07:00:23.609+0000][7][gc,heap      ] GC(514) Survivor regions: 2->5(6)
[2020-10-24T07:00:23.609+0000][7][gc,heap      ] GC(514) Old regions: 124->124
[2020-10-24T07:00:23.609+0000][7][gc,heap      ] GC(514) Archive regions: 2->2
[2020-10-24T07:00:23.609+0000][7][gc,heap      ] GC(514) Humongous regions: 15->15
[2020-10-24T07:00:23.610+0000][7][gc,metaspace ] GC(514) Metaspace: 110363K(119076K)->110363K(119076K) NonClass: 96435K(101592K)->96435K(101592K) Class: 13928K(17484K)->13928K(17484K)
[2020-10-24T07:00:23.610+0000][7][gc           ] GC(514) Pause Young (Prepare Mixed) (G1 Evacuation Pause) 184M->143M(256M) 8.434ms
[2020-10-24T07:00:23.610+0000][7][gc,cpu       ] GC(514) User=0.01s Sys=0.01s Real=0.01s
[2020-10-24T07:00:23.610+0000][7][safepoint    ] Safepoint "G1CollectForAllocation", Time since last: 1014793700 ns, Reaching safepoint: 255200 ns, At safepoint: 8868600 ns, Total: 9123800 ns
[2020-10-24T07:00:23.614+0000][7][gc,start     ] GC(515) Pause Young (Mixed) (G1 Evacuation Pause)
[2020-10-24T07:00:23.614+0000][7][gc,task      ] GC(515) Using 6 workers of 10 for evacuation
[2020-10-24T07:00:23.614+0000][7][gc,age       ] GC(515) Desired survivor size 1048576 bytes, new threshold 1 (max threshold 15)
[2020-10-24T07:00:23.623+0000][7][gc,age       ] GC(515) Age table with threshold 1 (max threshold 15)
[2020-10-24T07:00:23.624+0000][7][gc,age       ] GC(515) - age   1:     220944 bytes,     220944 total
[2020-10-24T07:00:23.624+0000][7][gc,phases    ] GC(515)   Pre Evacuate Collection Set: 0.1ms
[2020-10-24T07:00:23.625+0000][7][gc,phases    ] GC(515)   Merge Heap Roots: 0.2ms
[2020-10-24T07:00:23.625+0000][7][gc,phases    ] GC(515)   Evacuate Collection Set: 7.5ms
[2020-10-24T07:00:23.625+0000][7][gc,phases    ] GC(515)   Post Evacuate Collection Set: 0.8ms
[2020-10-24T07:00:23.625+0000][7][gc,phases    ] GC(515)   Other: 1.6ms
[2020-10-24T07:00:23.626+0000][7][gc,heap      ] GC(515) Eden regions: 7->0(52)
[2020-10-24T07:00:23.626+0000][7][gc,heap      ] GC(515) Survivor regions: 5->1(2)
[2020-10-24T07:00:23.626+0000][7][gc,heap      ] GC(515) Old regions: 124->114
[2020-10-24T07:00:23.626+0000][7][gc,heap      ] GC(515) Archive regions: 2->2
[2020-10-24T07:00:23.626+0000][7][gc,heap      ] GC(515) Humongous regions: 15->15
[2020-10-24T07:00:23.626+0000][7][gc,metaspace ] GC(515) Metaspace: 110363K(119076K)->110363K(119076K) NonClass: 96435K(101592K)->96435K(101592K) Class: 13928K(17484K)->13928K(17484K)
[2020-10-24T07:00:23.627+0000][7][gc           ] GC(515) Pause Young (Mixed) (G1 Evacuation Pause) 150M->129M(256M) 12.700ms
[2020-10-24T07:00:23.627+0000][7][gc,cpu       ] GC(515) User=0.05s Sys=0.00s Real=0.01s
[2020-10-24T07:00:23.627+0000][7][safepoint    ] Safepoint "G1CollectForAllocation", Time since last: 3529700 ns, Reaching safepoint: 202800 ns, At safepoint: 13018700 ns, Total: 13221500 ns
[2020-10-24T07:00:24.627+0000][7][safepoint    ] Safepoint "Cleanup", Time since last: 1000265500 ns, Reaching safepoint: 243900 ns, At safepoint: 8600 ns, Total: 252500 ns
[2020-10-24T07:00:25.629+0000][7][safepoint    ] Safepoint "Cleanup", Time since last: 1000612300 ns, Reaching safepoint: 806200 ns, At safepoint: 44000 ns, Total: 850200 ns
[2020-10-24T07:00:26.630+0000][7][safepoint    ] Safepoint "Cleanup", Time since last: 1001161200 ns, Reaching safepoint: 327900 ns, At safepoint: 16400 ns, Total: 344300 ns
[2020-10-24T07:00:27.631+0000][7][safepoint    ] Safepoint "Cleanup", Time since last: 1000733700 ns, Reaching safepoint: 241200 ns, At safepoint: 9800 ns, Total: 251000 ns
[2020-10-24T07:00:28.632+0000][7][safepoint    ] Safepoint "Cleanup", Time since last: 1000511000 ns, Reaching safepoint: 249000 ns, At safepoint: 9000 ns, Total: 258000 ns
[2020-10-24T07:00:29.634+0000][7][safepoint    ] Safepoint "Cleanup", Time since last: 1000557800 ns, Reaching safepoint: 834600 ns, At safepoint: 44200 ns, Total: 878800 ns
[2020-10-24T07:00:30.636+0000][7][safepoint    ] Safepoint "Cleanup", Time since last: 1001293800 ns, Reaching safepoint: 813000 ns, At safepoint: 47800 ns, Total: 860800 ns
[2020-10-24T07:00:31.637+0000][7][safepoint    ] Safepoint "Cleanup", Time since last: 1001180200 ns, Reaching safepoint: 244500 ns, At safepoint: 10500 ns, Total: 255000 ns
[2020-10-24T07:00:32.639+0000][7][safepoint    ] Safepoint "Cleanup", Time since last: 1000664500 ns, Reaching safepoint: 801200 ns, At safepoint: 44200 ns, Total: 845400 ns
[2020-10-24T07:00:33.641+0000][7][safepoint    ] Safepoint "Cleanup", Time since last: 1001275900 ns, Reaching safepoint: 813100 ns, At safepoint: 44300 ns, Total: 857400 ns
[2020-10-24T07:00:34.643+0000][7][safepoint    ] Safepoint "Cleanup", Time since last: 1001304000 ns, Reaching safepoint: 667800 ns, At safepoint: 34900 ns, Total: 702700 ns
[2020-10-24T07:00:35.644+0000][7][safepoint    ] Safepoint "Cleanup", Time since last: 1001114900 ns, Reaching safepoint: 241400 ns, At safepoint: 11300 ns, Total: 252700 ns
[2020-10-24T07:00:36.645+0000][7][safepoint    ] Safepoint "Cleanup", Time since last: 1000506400 ns, Reaching safepoint: 302300 ns, At safepoint: 8900 ns, Total: 311200 ns
[2020-10-24T07:00:37.646+0000][7][safepoint    ] Safepoint "Cleanup", Time since last: 1000483900 ns, Reaching safepoint: 261100 ns, At safepoint: 8700 ns, Total: 269800 ns
[2020-10-24T07:00:38.647+0000][7][safepoint    ] Safepoint "Cleanup", Time since last: 1000579500 ns, Reaching safepoint: 656700 ns, At safepoint: 37600 ns, Total: 694300 ns
[2020-10-24T07:00:39.648+0000][7][safepoint    ] Safepoint "Cleanup", Time since last: 1000992500 ns, Reaching safepoint: 409100 ns, At safepoint: 23000 ns, Total: 432100 ns
[2020-10-24T07:00:40.650+0000][7][safepoint    ] Safepoint "Cleanup", Time since last: 1000828700 ns, Reaching safepoint: 807200 ns, At safepoint: 44200 ns, Total: 851400 ns
[2020-10-24T07:00:41.652+0000][7][safepoint    ] Safepoint "Cleanup", Time since last: 1001150600 ns, Reaching safepoint: 223800 ns, At safepoint: 8800 ns, Total: 232600 ns
[2020-10-24T07:00:42.652+0000][7][safepoint    ] Safepoint "Cleanup", Time since last: 1000476200 ns, Reaching safepoint: 353200 ns, At safepoint: 8900 ns, Total: 362100 ns
[2020-10-24T07:00:43.653+0000][7][safepoint    ] Safepoint "Cleanup", Time since last: 1000532500 ns, Reaching safepoint: 219600 ns, At safepoint: 9300 ns, Total: 228900 ns
[2020-10-24T07:00:44.654+0000][7][safepoint    ] Safepoint "Cleanup", Time since last: 1000493600 ns, Reaching safepoint: 236200 ns, At safepoint: 8600 ns, Total: 244800 ns
[2020-10-24T07:00:45.655+0000][7][safepoint    ] Safepoint "Cleanup", Time since last: 1000482500 ns, Reaching safepoint: 238800 ns, At safepoint: 11400 ns, Total: 250200 ns
[2020-10-24T07:00:47.112+0000][7][gc,start     ] GC(516) Pause Young (Concurrent Start) (G1 Evacuation Pause)
[2020-10-24T07:00:47.112+0000][7][gc,task      ] GC(516) Using 6 workers of 10 for evacuation
[2020-10-24T07:00:47.113+0000][7][gc,age       ] GC(516) Desired survivor size 3670016 bytes, new threshold 15 (max threshold 15)
[2020-10-24T07:00:47.116+0000][7][gc,age       ] GC(516) Age table with threshold 15 (max threshold 15)
[2020-10-24T07:00:47.116+0000][7][gc,age       ] GC(516) - age   1:     542976 bytes,     542976 total
[2020-10-24T07:00:47.117+0000][7][gc,age       ] GC(516) - age   2:       9312 bytes,     552288 total
[2020-10-24T07:00:47.117+0000][7][gc,phases    ] GC(516)   Pre Evacuate Collection Set: 0.6ms
[2020-10-24T07:00:47.117+0000][7][gc,phases    ] GC(516)   Merge Heap Roots: 0.1ms
[2020-10-24T07:00:47.117+0000][7][gc,phases    ] GC(516)   Evacuate Collection Set: 1.5ms
[2020-10-24T07:00:47.118+0000][7][gc,phases    ] GC(516)   Post Evacuate Collection Set: 0.8ms
[2020-10-24T07:00:47.118+0000][7][gc,phases    ] GC(516)   Other: 1.9ms
[2020-10-24T07:00:47.118+0000][7][gc,heap      ] GC(516) Eden regions: 52->0(53)
[2020-10-24T07:00:47.118+0000][7][gc,heap      ] GC(516) Survivor regions: 1->1(7)
[2020-10-24T07:00:47.118+0000][7][gc,heap      ] GC(516) Old regions: 114->114
[2020-10-24T07:00:47.119+0000][7][gc,heap      ] GC(516) Archive regions: 2->2
[2020-10-24T07:00:47.119+0000][7][gc,heap      ] GC(516) Humongous regions: 15->15
[2020-10-24T07:00:47.119+0000][7][gc,metaspace ] GC(516) Metaspace: 110363K(119076K)->110363K(119076K) NonClass: 96435K(101592K)->96435K(101592K) Class: 13928K(17484K)->13928K(17484K)
[2020-10-24T07:00:47.119+0000][7][gc           ] GC(516) Pause Young (Concurrent Start) (G1 Evacuation Pause) 181M->130M(256M) 7.309ms
[2020-10-24T07:00:47.119+0000][7][gc,cpu       ] GC(516) User=0.01s Sys=0.00s Real=0.01s
[2020-10-24T07:00:47.120+0000][7][gc           ] GC(517) Concurrent Cycle
[2020-10-24T07:00:47.120+0000][7][safepoint    ] Safepoint "G1CollectForAllocation", Time since last: 1457023000 ns, Reaching safepoint: 257200 ns, At safepoint: 7745100 ns, Total: 8002300 ns
[2020-10-24T07:00:47.120+0000][7][gc,marking   ] GC(517) Concurrent Clear Claimed Marks
[2020-10-24T07:00:47.121+0000][7][gc,marking   ] GC(517) Concurrent Clear Claimed Marks 0.910ms
[2020-10-24T07:00:47.121+0000][7][gc,marking   ] GC(517) Concurrent Scan Root Regions
[2020-10-24T07:00:47.122+0000][7][gc,marking   ] GC(517) Concurrent Scan Root Regions 1.151ms
[2020-10-24T07:00:47.122+0000][7][gc,marking   ] GC(517) Concurrent Mark (4604.489s)
[2020-10-24T07:00:47.122+0000][7][gc,marking   ] GC(517) Concurrent Mark From Roots
[2020-10-24T07:00:47.123+0000][7][gc,task      ] GC(517) Using 3 workers of 3 for marking
[2020-10-24T07:00:47.178+0000][7][gc,marking   ] GC(517) Concurrent Mark From Roots 55.371ms
[2020-10-24T07:00:47.178+0000][7][gc,marking   ] GC(517) Concurrent Preclean
[2020-10-24T07:00:47.179+0000][7][gc,marking   ] GC(517) Concurrent Preclean 0.728ms
[2020-10-24T07:00:47.179+0000][7][gc,marking   ] GC(517) Concurrent Mark (4604.489s, 4604.546s) 56.935ms
[2020-10-24T07:00:47.180+0000][7][gc,start     ] GC(517) Pause Remark
[2020-10-24T07:00:47.186+0000][7][gc           ] GC(517) Pause Remark 131M->131M(256M) 6.571ms
[2020-10-24T07:00:47.187+0000][7][gc,cpu       ] GC(517) User=0.03s Sys=0.00s Real=0.00s
[2020-10-24T07:00:47.187+0000][7][safepoint    ] Safepoint "G1Concurrent", Time since last: 59896700 ns, Reaching safepoint: 246200 ns, At safepoint: 7334500 ns, Total: 7580700 ns
[2020-10-24T07:00:47.188+0000][7][gc,marking   ] GC(517) Concurrent Rebuild Remembered Sets
[2020-10-24T07:00:47.220+0000][7][gc,marking   ] GC(517) Concurrent Rebuild Remembered Sets 32.987ms
[2020-10-24T07:00:47.221+0000][7][gc,start     ] GC(517) Pause Cleanup
[2020-10-24T07:00:47.222+0000][7][gc           ] GC(517) Pause Cleanup 131M->131M(256M) 0.667ms
[2020-10-24T07:00:47.222+0000][7][gc,cpu       ] GC(517) User=0.00s Sys=0.00s Real=0.00s
[2020-10-24T07:00:47.222+0000][7][safepoint    ] Safepoint "G1Concurrent", Time since last: 33861600 ns, Reaching safepoint: 259900 ns, At safepoint: 1285700 ns, Total: 1545600 ns
[2020-10-24T07:00:47.223+0000][7][gc,marking   ] GC(517) Concurrent Cleanup for Next Mark
[2020-10-24T07:00:47.223+0000][7][gc,marking   ] GC(517) Concurrent Cleanup for Next Mark 0.586ms
[2020-10-24T07:00:47.224+0000][7][gc           ] GC(517) Concurrent Cycle 104.024ms
[2020-10-24T07:00:48.223+0000][7][safepoint    ] Safepoint "Cleanup", Time since last: 1000447900 ns, Reaching safepoint: 248100 ns, At safepoint: 9700 ns, Total: 257800 ns
[2020-10-24T07:00:49.224+0000][7][safepoint    ] Safepoint "Cleanup", Time since last: 1000541600 ns, Reaching safepoint: 278300 ns, At safepoint: 9600 ns, Total: 287900 ns
[2020-10-24T07:00:50.225+0000][7][safepoint    ] Safepoint "Cleanup", Time since last: 1000542500 ns, Reaching safepoint: 298200 ns, At safepoint: 15000 ns, Total: 313200 ns
[2020-10-24T07:00:51.226+0000][7][safepoint    ] Safepoint "Cleanup", Time since last: 1000597800 ns, Reaching safepoint: 282000 ns, At safepoint: 15100 ns, Total: 297100 ns
[2020-10-24T07:00:52.227+0000][7][safepoint    ] Safepoint "Cleanup", Time since last: 1000702200 ns, Reaching safepoint: 781500 ns, At safepoint: 146100 ns, Total: 927600 ns
[2020-10-24T07:00:53.229+0000][7][safepoint    ] Safepoint "Cleanup", Time since last: 1001312600 ns, Reaching safepoint: 600800 ns, At safepoint: 31900 ns, Total: 632700 ns
[2020-10-24T07:00:54.231+0000][7][safepoint    ] Safepoint "Cleanup", Time since last: 1001065100 ns, Reaching safepoint: 762300 ns, At safepoint: 45500 ns, Total: 807800 ns
[2020-10-24T07:00:55.233+0000][7][safepoint    ] Safepoint "Cleanup", Time since last: 1001183700 ns, Reaching safepoint: 284100 ns, At safepoint: 13300 ns, Total: 297400 ns
[2020-10-24T07:00:56.233+0000][7][safepoint    ] Safepoint "Cleanup", Time since last: 1000523700 ns, Reaching safepoint: 266500 ns, At safepoint: 8500 ns, Total: 275000 ns
[2020-10-24T07:00:57.235+0000][7][safepoint    ] Safepoint "Cleanup", Time since last: 1000596300 ns, Reaching safepoint: 811000 ns, At safepoint: 43800 ns, Total: 854800 ns
[2020-10-24T07:00:58.245+0000][7][safepoint    ] Safepoint "Cleanup", Time since last: 1009501700 ns, Reaching safepoint: 492900 ns, At safepoint: 29100 ns, Total: 522000 ns
[2020-10-24T07:00:59.247+0000][7][safepoint    ] Safepoint "Cleanup", Time since last: 1001110000 ns, Reaching safepoint: 842300 ns, At safepoint: 43700 ns, Total: 886000 ns
[2020-10-24T07:01:00.249+0000][7][safepoint    ] Safepoint "Cleanup", Time since last: 1001251200 ns, Reaching safepoint: 845300 ns, At safepoint: 45100 ns, Total: 890400 ns
[2020-10-24T07:01:01.251+0000][7][safepoint    ] Safepoint "Cleanup", Time since last: 1001192200 ns, Reaching safepoint: 220900 ns, At safepoint: 22500 ns, Total: 243400 ns
[2020-10-24T07:01:02.252+0000][7][safepoint    ] Safepoint "Cleanup", Time since last: 1000587700 ns, Reaching safepoint: 836300 ns, At safepoint: 44400 ns, Total: 880700 ns
[2020-10-24T07:01:03.253+0000][7][safepoint    ] Safepoint "Cleanup", Time since last: 1001224600 ns, Reaching safepoint: 228700 ns, At safepoint: 11900 ns, Total: 240600 ns
[2020-10-24T07:01:04.254+0000][7][safepoint    ] Safepoint "Cleanup", Time since last: 1000495300 ns, Reaching safepoint: 329200 ns, At safepoint: 8800 ns, Total: 338000 ns
[2020-10-24T07:01:05.256+0000][7][safepoint    ] Safepoint "Cleanup", Time since last: 1000549800 ns, Reaching safepoint: 651200 ns, At safepoint: 30800 ns, Total: 682000 ns
[2020-10-24T07:01:06.257+0000][7][safepoint    ] Safepoint "Cleanup", Time since last: 1000900300 ns, Reaching safepoint: 646400 ns, At safepoint: 35800 ns, Total: 682200 ns
[2020-10-24T07:01:07.258+0000][7][safepoint    ] Safepoint "Cleanup", Time since last: 1001043000 ns, Reaching safepoint: 290500 ns, At safepoint: 8700 ns, Total: 299200 ns
[2020-10-24T07:01:08.259+0000][7][safepoint    ] Safepoint "Cleanup", Time since last: 1000613900 ns, Reaching safepoint: 255600 ns, At safepoint: 8700 ns, Total: 264300 ns
[2020-10-24T07:01:09.260+0000][7][safepoint    ] Safepoint "Cleanup", Time since last: 1000438000 ns, Reaching safepoint: 222300 ns, At safepoint: 9000 ns, Total: 231300 ns
[2020-10-24T07:01:10.261+0000][7][safepoint    ] Safepoint "Cleanup", Time since last: 1000589700 ns, Reaching safepoint: 804000 ns, At safepoint: 43500 ns, Total: 847500 ns
[2020-10-24T07:01:11.263+0000][7][safepoint    ] Safepoint "Cleanup", Time since last: 1001294000 ns, Reaching safepoint: 221800 ns, At safepoint: 8500 ns, Total: 230300 ns
[2020-10-24T07:01:12.264+0000][7][safepoint    ] Safepoint "Cleanup", Time since last: 1000588100 ns, Reaching safepoint: 788900 ns, At safepoint: 44900 ns, Total: 833800 ns
[2020-10-24T07:01:13.266+0000][7][safepoint    ] Safepoint "Cleanup", Time since last: 1001009300 ns, Reaching safepoint: 766700 ns, At safepoint: 45000 ns, Total: 811700 ns
[2020-10-24T07:01:14.268+0000][7][safepoint    ] Safepoint "Cleanup", Time since last: 1001245700 ns, Reaching safepoint: 231100 ns, At safepoint: 11900 ns, Total: 243000 ns
[2020-10-24T07:01:15.269+0000][7][safepoint    ] Safepoint "Cleanup", Time since last: 1000550000 ns, Reaching safepoint: 368100 ns, At safepoint: 19000 ns, Total: 387100 ns
[2020-10-24T07:01:16.270+0000][7][safepoint    ] Safepoint "Cleanup", Time since last: 1000619400 ns, Reaching safepoint: 291900 ns, At safepoint: 13800 ns, Total: 305700 ns
[2020-10-24T07:01:17.786+0000][7][safepoint    ] Safepoint "Cleanup", Time since last: 1516487300 ns, Reaching safepoint: 374800 ns, At safepoint: 9100 ns, Total: 383900 ns
[2020-10-24T07:01:18.788+0000][7][safepoint    ] Safepoint "Cleanup", Time since last: 1000570800 ns, Reaching safepoint: 683500 ns, At safepoint: 38100 ns, Total: 721600 ns
[2020-10-24T07:01:19.790+0000][7][safepoint    ] Safepoint "Cleanup", Time since last: 1001312900 ns, Reaching safepoint: 838300 ns, At safepoint: 44100 ns, Total: 882400 ns
[2020-10-24T07:01:20.792+0000][7][safepoint    ] Safepoint "Cleanup", Time since last: 1001273400 ns, Reaching safepoint: 630000 ns, At safepoint: 48800 ns, Total: 678800 ns
[2020-10-24T07:01:21.793+0000][7][safepoint    ] Safepoint "Cleanup", Time since last: 1001134100 ns, Reaching safepoint: 190300 ns, At safepoint: 22800 ns, Total: 213100 ns
[2020-10-24T07:01:22.617+0000][7][safepoint    ] Safepoint "BulkRevokeBias", Time since last: 822522500 ns, Reaching safepoint: 206200 ns, At safepoint: 1528300 ns, Total: 1734500 ns
[2020-10-24T07:01:22.664+0000][7][gc,start     ] GC(518) Pause Young (Normal) (G1 Evacuation Pause)
[2020-10-24T07:01:22.664+0000][7][gc,task      ] GC(518) Using 6 workers of 10 for evacuation
[2020-10-24T07:01:22.665+0000][7][gc,age       ] GC(518) Desired survivor size 3670016 bytes, new threshold 15 (max threshold 15)
[2020-10-24T07:01:22.668+0000][7][gc,age       ] GC(518) Age table with threshold 15 (max threshold 15)
[2020-10-24T07:01:22.669+0000][7][gc,age       ] GC(518) - age   1:    5440144 bytes,    5440144 total
[2020-10-24T07:01:22.669+0000][7][gc,age       ] GC(518) - age   2:     405584 bytes,    5845728 total
[2020-10-24T07:01:22.669+0000][7][gc,age       ] GC(518) - age   3:       9112 bytes,    5854840 total
[2020-10-24T07:01:22.669+0000][7][gc,phases    ] GC(518)   Pre Evacuate Collection Set: 0.1ms
[2020-10-24T07:01:22.670+0000][7][gc,phases    ] GC(518)   Merge Heap Roots: 0.1ms
[2020-10-24T07:01:22.670+0000][7][gc,phases    ] GC(518)   Evacuate Collection Set: 2.0ms
[2020-10-24T07:01:22.670+0000][7][gc,phases    ] GC(518)   Post Evacuate Collection Set: 1.0ms
[2020-10-24T07:01:22.670+0000][7][gc,phases    ] GC(518)   Other: 2.4ms
[2020-10-24T07:01:22.671+0000][7][gc,heap      ] GC(518) Eden regions: 53->0(45)
[2020-10-24T07:01:22.671+0000][7][gc,heap      ] GC(518) Survivor regions: 1->6(7)
[2020-10-24T07:01:22.671+0000][7][gc,heap      ] GC(518) Old regions: 114->114
[2020-10-24T07:01:22.671+0000][7][gc,heap      ] GC(518) Archive regions: 2->2
[2020-10-24T07:01:22.671+0000][7][gc,heap      ] GC(518) Humongous regions: 15->15
[2020-10-24T07:01:22.671+0000][7][gc,metaspace ] GC(518) Metaspace: 110379K(119076K)->110379K(119076K) NonClass: 96451K(101592K)->96451K(101592K) Class: 13928K(17484K)->13928K(17484K)
[2020-10-24T07:01:22.672+0000][7][gc           ] GC(518) Pause Young (Normal) (G1 Evacuation Pause) 182M->135M(256M) 7.724ms
[2020-10-24T07:01:22.672+0000][7][gc,cpu       ] GC(518) User=0.00s Sys=0.01s Real=0.01s
[2020-10-24T07:01:22.672+0000][7][safepoint    ] Safepoint "G1CollectForAllocation", Time since last: 46035300 ns, Reaching safepoint: 289200 ns, At safepoint: 8106200 ns, Total: 8395400 ns
[2020-10-24T07:01:22.703+0000][7][gc,start     ] GC(519) Pause Young (Concurrent Start) (G1 Evacuation Pause)
[2020-10-24T07:01:22.703+0000][7][gc,task      ] GC(519) Using 6 workers of 10 for evacuation
[2020-10-24T07:01:22.704+0000][7][gc,age       ] GC(519) Desired survivor size 3670016 bytes, new threshold 1 (max threshold 15)
[2020-10-24T07:01:22.708+0000][7][gc,age       ] GC(519) Age table with threshold 1 (max threshold 15)
[2020-10-24T07:01:22.708+0000][7][gc,age       ] GC(519) - age   1:     541928 bytes,     541928 total
[2020-10-24T07:01:22.708+0000][7][gc,phases    ] GC(519)   Pre Evacuate Collection Set: 0.6ms
[2020-10-24T07:01:22.709+0000][7][gc,phases    ] GC(519)   Merge Heap Roots: 0.1ms
[2020-10-24T07:01:22.709+0000][7][gc,phases    ] GC(519)   Evacuate Collection Set: 2.1ms
[2020-10-24T07:01:22.709+0000][7][gc,phases    ] GC(519)   Post Evacuate Collection Set: 1.0ms
[2020-10-24T07:01:22.709+0000][7][gc,phases    ] GC(519)   Other: 1.7ms
[2020-10-24T07:01:22.710+0000][7][gc,heap      ] GC(519) Eden regions: 45->0(50)
[2020-10-24T07:01:22.710+0000][7][gc,heap      ] GC(519) Survivor regions: 6->1(7)
[2020-10-24T07:01:22.710+0000][7][gc,heap      ] GC(519) Old regions: 114->116
[2020-10-24T07:01:22.710+0000][7][gc,heap      ] GC(519) Archive regions: 2->2
[2020-10-24T07:01:22.711+0000][7][gc,heap      ] GC(519) Humongous regions: 15->15
[2020-10-24T07:01:22.711+0000][7][gc,metaspace ] GC(519) Metaspace: 110379K(119076K)->110379K(119076K) NonClass: 96451K(101592K)->96451K(101592K) Class: 13928K(17484K)->13928K(17484K)
[2020-10-24T07:01:22.711+0000][7][gc           ] GC(519) Pause Young (Concurrent Start) (G1 Evacuation Pause) 180M->131M(256M) 7.959ms
[2020-10-24T07:01:22.711+0000][7][gc,cpu       ] GC(519) User=0.01s Sys=0.01s Real=0.01s
[2020-10-24T07:01:22.711+0000][7][gc           ] GC(520) Concurrent Cycle
[2020-10-24T07:01:22.711+0000][7][safepoint    ] Safepoint "G1CollectForAllocation", Time since last: 30610100 ns, Reaching safepoint: 443200 ns, At safepoint: 8422500 ns, Total: 8865700 ns
[2020-10-24T07:01:22.712+0000][7][gc,marking   ] GC(520) Concurrent Clear Claimed Marks
[2020-10-24T07:01:22.713+0000][7][gc,marking   ] GC(520) Concurrent Clear Claimed Marks 1.073ms
[2020-10-24T07:01:22.713+0000][7][gc,marking   ] GC(520) Concurrent Scan Root Regions
[2020-10-24T07:01:22.714+0000][7][gc,marking   ] GC(520) Concurrent Scan Root Regions 1.530ms
[2020-10-24T07:01:22.715+0000][7][gc,marking   ] GC(520) Concurrent Mark (4640.081s)
[2020-10-24T07:01:22.715+0000][7][gc,marking   ] GC(520) Concurrent Mark From Roots
[2020-10-24T07:01:22.715+0000][7][gc,task      ] GC(520) Using 3 workers of 3 for marking
[2020-10-24T07:01:22.772+0000][7][gc,marking   ] GC(520) Concurrent Mark From Roots 56.640ms
[2020-10-24T07:01:22.772+0000][7][gc,marking   ] GC(520) Concurrent Preclean
[2020-10-24T07:01:22.773+0000][7][gc,marking   ] GC(520) Concurrent Preclean 0.735ms
[2020-10-24T07:01:22.773+0000][7][gc,marking   ] GC(520) Concurrent Mark (4640.081s, 4640.139s) 58.304ms
[2020-10-24T07:01:22.774+0000][7][gc,start     ] GC(520) Pause Remark
[2020-10-24T07:01:22.781+0000][7][gc           ] GC(520) Pause Remark 144M->144M(256M) 7.333ms
[2020-10-24T07:01:22.781+0000][7][gc,cpu       ] GC(520) User=0.04s Sys=0.00s Real=0.01s
[2020-10-24T07:01:22.781+0000][7][safepoint    ] Safepoint "G1Concurrent", Time since last: 61914400 ns, Reaching safepoint: 188900 ns, At safepoint: 7964800 ns, Total: 8153700 ns
[2020-10-24T07:01:22.782+0000][7][gc,marking   ] GC(520) Concurrent Rebuild Remembered Sets
[2020-10-24T07:01:22.821+0000][7][gc,marking   ] GC(520) Concurrent Rebuild Remembered Sets 39.538ms
[2020-10-24T07:01:22.822+0000][7][gc,start     ] GC(520) Pause Cleanup
[2020-10-24T07:01:22.823+0000][7][gc           ] GC(520) Pause Cleanup 145M->145M(256M) 0.511ms
[2020-10-24T07:01:22.823+0000][7][gc,cpu       ] GC(520) User=0.00s Sys=0.00s Real=0.00s
[2020-10-24T07:01:22.823+0000][7][safepoint    ] Safepoint "G1Concurrent", Time since last: 40328100 ns, Reaching safepoint: 226300 ns, At safepoint: 1115000 ns, Total: 1341300 ns
[2020-10-24T07:01:22.823+0000][7][gc,marking   ] GC(520) Concurrent Cleanup for Next Mark
[2020-10-24T07:01:22.824+0000][7][gc,marking   ] GC(520) Concurrent Cleanup for Next Mark 0.630ms
[2020-10-24T07:01:22.824+0000][7][gc           ] GC(520) Concurrent Cycle 113.021ms
[2020-10-24T07:01:23.721+0000][7][safepoint    ] Safepoint "BulkRevokeBias", Time since last: 894570100 ns, Reaching safepoint: 622000 ns, At safepoint: 2627800 ns, Total: 3249800 ns
[2020-10-24T07:01:24.827+0000][7][safepoint    ] Safepoint "Cleanup", Time since last: 1105792200 ns, Reaching safepoint: 249200 ns, At safepoint: 8800 ns, Total: 258000 ns
[2020-10-24T07:01:25.828+0000][7][safepoint    ] Safepoint "Cleanup", Time since last: 1001026400 ns, Reaching safepoint: 265300 ns, At safepoint: 9100 ns, Total: 274400 ns
[2020-10-24T07:01:26.829+0000][7][safepoint    ] Safepoint "Cleanup", Time since last: 1000480900 ns, Reaching safepoint: 200500 ns, At safepoint: 24000 ns, Total: 224500 ns
[2020-10-24T07:01:27.830+0000][7][safepoint    ] Safepoint "Cleanup", Time since last: 1000419700 ns, Reaching safepoint: 264600 ns, At safepoint: 8700 ns, Total: 273300 ns
[2020-10-24T07:01:28.831+0000][7][safepoint    ] Safepoint "Cleanup", Time since last: 1000441400 ns, Reaching safepoint: 443900 ns, At safepoint: 24500 ns, Total: 468400 ns
[2020-10-24T07:01:29.832+0000][7][safepoint    ] Safepoint "Cleanup", Time since last: 1000794800 ns, Reaching safepoint: 775500 ns, At safepoint: 46400 ns, Total: 821900 ns
[2020-10-24T07:01:30.834+0000][7][safepoint    ] Safepoint "Cleanup", Time since last: 1001187300 ns, Reaching safepoint: 413800 ns, At safepoint: 23200 ns, Total: 437000 ns
[2020-10-24T07:01:31.835+0000][7][safepoint    ] Safepoint "Cleanup", Time since last: 1000689400 ns, Reaching safepoint: 212100 ns, At safepoint: 9100 ns, Total: 221200 ns
[2020-10-24T07:01:32.836+0000][7][safepoint    ] Safepoint "Cleanup", Time since last: 1000544800 ns, Reaching safepoint: 291000 ns, At safepoint: 16500 ns, Total: 307500 ns
[2020-10-24T07:01:33.837+0000][7][safepoint    ] Safepoint "Cleanup", Time since last: 1000653900 ns, Reaching safepoint: 227000 ns, At safepoint: 12400 ns, Total: 239400 ns
[2020-10-24T07:01:34.838+0000][7][safepoint    ] Safepoint "Cleanup", Time since last: 1000626100 ns, Reaching safepoint: 609400 ns, At safepoint: 37100 ns, Total: 646500 ns
[2020-10-24T07:01:35.840+0000][7][safepoint    ] Safepoint "Cleanup", Time since last: 1001299300 ns, Reaching safepoint: 878300 ns, At safepoint: 47200 ns, Total: 925500 ns
[2020-10-24T07:01:36.841+0000][7][safepoint    ] Safepoint "Cleanup", Time since last: 1001112700 ns, Reaching safepoint: 196000 ns, At safepoint: 22900 ns, Total: 218900 ns
[2020-10-24T07:01:37.842+0000][7][safepoint    ] Safepoint "Cleanup", Time since last: 1000445000 ns, Reaching safepoint: 224800 ns, At safepoint: 23500 ns, Total: 248300 ns
[2020-10-24T07:01:38.588+0000][7][gc,start     ] GC(521) Pause Young (Normal) (G1 Evacuation Pause)
[2020-10-24T07:01:38.588+0000][7][gc,task      ] GC(521) Using 6 workers of 10 for evacuation
[2020-10-24T07:01:38.588+0000][7][gc,age       ] GC(521) Desired survivor size 3670016 bytes, new threshold 15 (max threshold 15)
[2020-10-24T07:01:38.591+0000][7][gc,age       ] GC(521) Age table with threshold 15 (max threshold 15)
[2020-10-24T07:01:38.591+0000][7][gc,age       ] GC(521) - age   1:     639088 bytes,     639088 total
[2020-10-24T07:01:38.591+0000][7][gc,age       ] GC(521) - age   2:      52144 bytes,     691232 total
[2020-10-24T07:01:38.592+0000][7][gc,phases    ] GC(521)   Pre Evacuate Collection Set: 0.1ms
[2020-10-24T07:01:38.592+0000][7][gc,phases    ] GC(521)   Merge Heap Roots: 0.1ms
[2020-10-24T07:01:38.592+0000][7][gc,phases    ] GC(521)   Evacuate Collection Set: 1.2ms
[2020-10-24T07:01:38.592+0000][7][gc,phases    ] GC(521)   Post Evacuate Collection Set: 0.9ms
[2020-10-24T07:01:38.592+0000][7][gc,phases    ] GC(521)   Other: 1.6ms
[2020-10-24T07:01:38.593+0000][7][gc,heap      ] GC(521) Eden regions: 50->0(51)
[2020-10-24T07:01:38.593+0000][7][gc,heap      ] GC(521) Survivor regions: 1->1(7)
[2020-10-24T07:01:38.593+0000][7][gc,heap      ] GC(521) Old regions: 116->116
[2020-10-24T07:01:38.593+0000][7][gc,heap      ] GC(521) Archive regions: 2->2
[2020-10-24T07:01:38.593+0000][7][gc,heap      ] GC(521) Humongous regions: 15->15
[2020-10-24T07:01:38.593+0000][7][gc,metaspace ] GC(521) Metaspace: 110382K(119076K)->110382K(119076K) NonClass: 96454K(101592K)->96454K(101592K) Class: 13928K(17484K)->13928K(17484K)
[2020-10-24T07:01:38.593+0000][7][gc           ] GC(521) Pause Young (Normal) (G1 Evacuation Pause) 181M->131M(256M) 5.645ms
[2020-10-24T07:01:38.593+0000][7][gc,cpu       ] GC(521) User=0.01s Sys=0.00s Real=0.00s
[2020-10-24T07:01:38.594+0000][7][safepoint    ] Safepoint "G1CollectForAllocation", Time since last: 745347200 ns, Reaching safepoint: 230400 ns, At safepoint: 5932200 ns, Total: 6162600 ns
[2020-10-24T07:01:39.833+0000][7][safepoint    ] Safepoint "Cleanup", Time since last: 1238875000 ns, Reaching safepoint: 213100 ns, At safepoint: 26400 ns, Total: 239500 ns
[2020-10-24T07:01:41.235+0000][7][safepoint    ] Safepoint "Cleanup", Time since last: 1402142200 ns, Reaching safepoint: 237700 ns, At safepoint: 11400 ns, Total: 249100 ns
[2020-10-24T07:01:42.841+0000][7][safepoint    ] Safepoint "Cleanup", Time since last: 1605244800 ns, Reaching safepoint: 258700 ns, At safepoint: 12400 ns, Total: 271100 ns
[2020-10-24T07:01:43.842+0000][7][safepoint    ] Safepoint "Cleanup", Time since last: 1000576400 ns, Reaching safepoint: 793800 ns, At safepoint: 45100 ns, Total: 838900 ns
[2020-10-24T07:01:44.844+0000][7][safepoint    ] Safepoint "Cleanup", Time since last: 1001428900 ns, Reaching safepoint: 613900 ns, At safepoint: 86000 ns, Total: 699900 ns
[2020-10-24T07:01:45.846+0000][7][safepoint    ] Safepoint "Cleanup", Time since last: 1001374400 ns, Reaching safepoint: 772500 ns, At safepoint: 91700 ns, Total: 864200 ns
[2020-10-24T07:01:46.848+0000][7][safepoint    ] Safepoint "Cleanup", Time since last: 1001150400 ns, Reaching safepoint: 222000 ns, At safepoint: 9000 ns, Total: 231000 ns
[2020-10-24T07:01:47.848+0000][7][safepoint    ] Safepoint "Cleanup", Time since last: 1000493000 ns, Reaching safepoint: 238700 ns, At safepoint: 8900 ns, Total: 247600 ns
[2020-10-24T07:01:48.861+0000][7][safepoint    ] Safepoint "Cleanup", Time since last: 1011397700 ns, Reaching safepoint: 613900 ns, At safepoint: 49300 ns, Total: 663200 ns
[2020-10-24T07:01:49.879+0000][7][safepoint    ] Safepoint "Cleanup", Time since last: 1017455600 ns, Reaching safepoint: 840600 ns, At safepoint: 44200 ns, Total: 884800 ns
[2020-10-24T07:01:50.880+0000][7][safepoint    ] Safepoint "Cleanup", Time since last: 1001158800 ns, Reaching safepoint: 271300 ns, At safepoint: 8900 ns, Total: 280200 ns
[2020-10-24T07:01:51.883+0000][7][safepoint    ] Safepoint "Cleanup", Time since last: 1002377200 ns, Reaching safepoint: 195500 ns, At safepoint: 9100 ns, Total: 204600 ns
[2020-10-24T07:01:52.888+0000][7][safepoint    ] Safepoint "Cleanup", Time since last: 1004608300 ns, Reaching safepoint: 228400 ns, At safepoint: 10800 ns, Total: 239200 ns
[2020-10-24T07:01:53.889+0000][7][safepoint    ] Safepoint "Cleanup", Time since last: 1000626700 ns, Reaching safepoint: 625100 ns, At safepoint: 41100 ns, Total: 666200 ns
[2020-10-24T07:01:54.306+0000][7][gc,start     ] GC(522) Pause Young (Concurrent Start) (G1 Evacuation Pause)
[2020-10-24T07:01:54.307+0000][7][gc,task      ] GC(522) Using 6 workers of 10 for evacuation
[2020-10-24T07:01:54.308+0000][7][gc,age       ] GC(522) Desired survivor size 3670016 bytes, new threshold 15 (max threshold 15)
[2020-10-24T07:01:54.319+0000][7][gc,age       ] GC(522) Age table with threshold 15 (max threshold 15)
[2020-10-24T07:01:54.320+0000][7][gc,age       ] GC(522) - age   1:    1016048 bytes,    1016048 total
[2020-10-24T07:01:54.321+0000][7][gc,age       ] GC(522) - age   2:     597032 bytes,    1613080 total
[2020-10-24T07:01:54.321+0000][7][gc,age       ] GC(522) - age   3:      52112 bytes,    1665192 total
[2020-10-24T07:01:54.322+0000][7][gc,phases    ] GC(522)   Pre Evacuate Collection Set: 1.9ms
[2020-10-24T07:01:54.323+0000][7][gc,phases    ] GC(522)   Merge Heap Roots: 0.5ms
[2020-10-24T07:01:54.323+0000][7][gc,phases    ] GC(522)   Evacuate Collection Set: 5.3ms
[2020-10-24T07:01:54.324+0000][7][gc,phases    ] GC(522)   Post Evacuate Collection Set: 2.4ms
[2020-10-24T07:01:54.324+0000][7][gc,phases    ] GC(522)   Other: 5.7ms
[2020-10-24T07:01:54.324+0000][7][gc,heap      ] GC(522) Eden regions: 51->0(51)
[2020-10-24T07:01:54.325+0000][7][gc,heap      ] GC(522) Survivor regions: 1->2(7)
[2020-10-24T07:01:54.325+0000][7][gc,heap      ] GC(522) Old regions: 116->116
[2020-10-24T07:01:54.325+0000][7][gc,heap      ] GC(522) Archive regions: 2->2
[2020-10-24T07:01:54.326+0000][7][gc,heap      ] GC(522) Humongous regions: 15->15
[2020-10-24T07:01:54.326+0000][7][gc,metaspace ] GC(522) Metaspace: 110389K(119076K)->110389K(119076K) NonClass: 96460K(101592K)->96460K(101592K) Class: 13928K(17484K)->13928K(17484K)
[2020-10-24T07:01:54.326+0000][7][gc           ] GC(522) Pause Young (Concurrent Start) (G1 Evacuation Pause) 182M->132M(256M) 19.584ms
[2020-10-24T07:01:54.326+0000][7][gc,cpu       ] GC(522) User=0.03s Sys=0.01s Real=0.02s
[2020-10-24T07:01:54.326+0000][7][gc           ] GC(523) Concurrent Cycle
[2020-10-24T07:01:54.326+0000][7][safepoint    ] Safepoint "G1CollectForAllocation", Time since last: 416521000 ns, Reaching safepoint: 764600 ns, At safepoint: 20128300 ns, Total: 20892900 ns
[2020-10-24T07:01:54.327+0000][7][gc,marking   ] GC(523) Concurrent Clear Claimed Marks
[2020-10-24T07:01:54.327+0000][7][gc,marking   ] GC(523) Concurrent Clear Claimed Marks 0.845ms
[2020-10-24T07:01:54.328+0000][7][gc,marking   ] GC(523) Concurrent Scan Root Regions
[2020-10-24T07:01:54.329+0000][7][gc,marking   ] GC(523) Concurrent Scan Root Regions 1.154ms
[2020-10-24T07:01:54.329+0000][7][gc,marking   ] GC(523) Concurrent Mark (4671.695s)
[2020-10-24T07:01:54.329+0000][7][gc,marking   ] GC(523) Concurrent Mark From Roots
[2020-10-24T07:01:54.329+0000][7][gc,task      ] GC(523) Using 3 workers of 3 for marking
[2020-10-24T07:01:54.381+0000][7][gc,marking   ] GC(523) Concurrent Mark From Roots 51.553ms
[2020-10-24T07:01:54.381+0000][7][gc,marking   ] GC(523) Concurrent Preclean
[2020-10-24T07:01:54.382+0000][7][gc,marking   ] GC(523) Concurrent Preclean 0.713ms
[2020-10-24T07:01:54.382+0000][7][gc,marking   ] GC(523) Concurrent Mark (4671.695s, 4671.748s) 53.128ms
[2020-10-24T07:01:54.383+0000][7][gc,start     ] GC(523) Pause Remark
[2020-10-24T07:01:54.390+0000][7][gc           ] GC(523) Pause Remark 134M->134M(256M) 7.092ms
[2020-10-24T07:01:54.390+0000][7][gc,cpu       ] GC(523) User=0.03s Sys=0.00s Real=0.01s
[2020-10-24T07:01:54.391+0000][7][safepoint    ] Safepoint "G1Concurrent", Time since last: 56029200 ns, Reaching safepoint: 256200 ns, At safepoint: 7789200 ns, Total: 8045400 ns
[2020-10-24T07:01:54.391+0000][7][gc,marking   ] GC(523) Concurrent Rebuild Remembered Sets
[2020-10-24T07:01:54.429+0000][7][gc,marking   ] GC(523) Concurrent Rebuild Remembered Sets 38.344ms
[2020-10-24T07:01:54.430+0000][7][gc,start     ] GC(523) Pause Cleanup
[2020-10-24T07:01:54.430+0000][7][gc           ] GC(523) Pause Cleanup 134M->134M(256M) 0.527ms
[2020-10-24T07:01:54.431+0000][7][gc,cpu       ] GC(523) User=0.00s Sys=0.00s Real=0.00s
[2020-10-24T07:01:54.431+0000][7][safepoint    ] Safepoint "G1Concurrent", Time since last: 39150200 ns, Reaching safepoint: 246500 ns, At safepoint: 1182000 ns, Total: 1428500 ns
[2020-10-24T07:01:54.431+0000][7][gc,marking   ] GC(523) Concurrent Cleanup for Next Mark
[2020-10-24T07:01:54.432+0000][7][gc,marking   ] GC(523) Concurrent Cleanup for Next Mark 0.616ms
[2020-10-24T07:01:54.432+0000][7][gc           ] GC(523) Concurrent Cycle 105.932ms
[2020-10-24T07:01:55.433+0000][7][safepoint    ] Safepoint "Cleanup", Time since last: 1000604000 ns, Reaching safepoint: 796100 ns, At safepoint: 44600 ns, Total: 840700 ns
[2020-10-24T07:01:56.435+0000][7][safepoint    ] Safepoint "Cleanup", Time since last: 1001323600 ns, Reaching safepoint: 856100 ns, At safepoint: 44100 ns, Total: 900200 ns
[2020-10-24T07:01:58.303+0000][7][safepoint    ] Safepoint "Cleanup", Time since last: 1867848800 ns, Reaching safepoint: 208000 ns, At safepoint: 22800 ns, Total: 230800 ns
[2020-10-24T07:01:59.304+0000][7][safepoint    ] Safepoint "Cleanup", Time since last: 1000433100 ns, Reaching safepoint: 251700 ns, At safepoint: 22400 ns, Total: 274100 ns
[2020-10-24T07:02:00.893+0000][7][safepoint    ] Safepoint "Cleanup", Time since last: 1588813800 ns, Reaching safepoint: 405500 ns, At safepoint: 23000 ns, Total: 428500 ns
[2020-10-24T07:02:01.906+0000][7][safepoint    ] Safepoint "Cleanup", Time since last: 1012516800 ns, Reaching safepoint: 262000 ns, At safepoint: 11700 ns, Total: 273700 ns
[2020-10-24T07:02:02.906+0000][7][safepoint    ] Safepoint "Cleanup", Time since last: 1000507900 ns, Reaching safepoint: 230100 ns, At safepoint: 8800 ns, Total: 238900 ns
[2020-10-24T07:02:03.908+0000][7][safepoint    ] Safepoint "Cleanup", Time since last: 1000781500 ns, Reaching safepoint: 892000 ns, At safepoint: 52400 ns, Total: 944400 ns
[2020-10-24T07:02:04.911+0000][7][safepoint    ] Safepoint "Cleanup", Time since last: 1001646000 ns, Reaching safepoint: 745200 ns, At safepoint: 47500 ns, Total: 792700 ns
[2020-10-24T07:02:05.912+0000][7][safepoint    ] Safepoint "Cleanup", Time since last: 1001294900 ns, Reaching safepoint: 261500 ns, At safepoint: 8700 ns, Total: 270200 ns
[2020-10-24T07:02:06.914+0000][7][safepoint    ] Safepoint "Cleanup", Time since last: 1000673900 ns, Reaching safepoint: 795200 ns, At safepoint: 45300 ns, Total: 840500 ns
[2020-10-24T07:02:07.915+0000][7][safepoint    ] Safepoint "Cleanup", Time since last: 1001233100 ns, Reaching safepoint: 540300 ns, At safepoint: 27900 ns, Total: 568200 ns
[2020-10-24T07:02:08.917+0000][7][safepoint    ] Safepoint "Cleanup", Time since last: 1001040600 ns, Reaching safepoint: 776500 ns, At safepoint: 45500 ns, Total: 822000 ns
[2020-10-24T07:02:09.919+0000][7][safepoint    ] Safepoint "Cleanup", Time since last: 1001327400 ns, Reaching safepoint: 218700 ns, At safepoint: 8900 ns, Total: 227600 ns
[2020-10-24T07:02:10.920+0000][7][safepoint    ] Safepoint "Cleanup", Time since last: 1000449000 ns, Reaching safepoint: 262900 ns, At safepoint: 8900 ns, Total: 271800 ns
[2020-10-24T07:02:11.920+0000][7][safepoint    ] Safepoint "Cleanup", Time since last: 1000569700 ns, Reaching safepoint: 267500 ns, At safepoint: 15000 ns, Total: 282500 ns
[2020-10-24T07:02:12.921+0000][7][safepoint    ] Safepoint "Cleanup", Time since last: 1000701100 ns, Reaching safepoint: 335400 ns, At safepoint: 17000 ns, Total: 352400 ns
[2020-10-24T07:02:13.922+0000][7][safepoint    ] Safepoint "Cleanup", Time since last: 1000647100 ns, Reaching safepoint: 269000 ns, At safepoint: 15200 ns, Total: 284200 ns
[2020-10-24T07:02:14.923+0000][7][safepoint    ] Safepoint "Cleanup", Time since last: 1000572000 ns, Reaching safepoint: 261900 ns, At safepoint: 15100 ns, Total: 277000 ns
[2020-10-24T07:02:16.357+0000][7][safepoint    ] Safepoint "Cleanup", Time since last: 1433481300 ns, Reaching safepoint: 550100 ns, At safepoint: 33000 ns, Total: 583100 ns
[2020-10-24T07:02:17.359+0000][7][safepoint    ] Safepoint "Cleanup", Time since last: 1001084100 ns, Reaching safepoint: 777800 ns, At safepoint: 45700 ns, Total: 823500 ns
[2020-10-24T07:02:18.361+0000][7][safepoint    ] Safepoint "Cleanup", Time since last: 1001372500 ns, Reaching safepoint: 216800 ns, At safepoint: 9300 ns, Total: 226100 ns
[2020-10-24T07:02:19.362+0000][7][safepoint    ] Safepoint "Cleanup", Time since last: 1000555200 ns, Reaching safepoint: 221200 ns, At safepoint: 9400 ns, Total: 230600 ns
[2020-10-24T07:02:20.498+0000][7][safepoint    ] Safepoint "Cleanup", Time since last: 1136261500 ns, Reaching safepoint: 253100 ns, At safepoint: 8600 ns, Total: 261700 ns
[2020-10-24T07:02:21.500+0000][7][safepoint    ] Safepoint "Cleanup", Time since last: 1000657000 ns, Reaching safepoint: 881600 ns, At safepoint: 45200 ns, Total: 926800 ns
[2020-10-24T07:02:22.501+0000][7][safepoint    ] Safepoint "Cleanup", Time since last: 1001255000 ns, Reaching safepoint: 258100 ns, At safepoint: 9100 ns, Total: 267200 ns
[2020-10-24T07:02:22.676+0000][7][safepoint    ] Safepoint "BulkRevokeBias", Time since last: 172412300 ns, Reaching safepoint: 351500 ns, At safepoint: 1754200 ns, Total: 2105700 ns
[2020-10-24T07:02:22.704+0000][7][gc,start     ] GC(524) Pause Young (Normal) (G1 Evacuation Pause)
[2020-10-24T07:02:22.705+0000][7][gc,task      ] GC(524) Using 6 workers of 10 for evacuation
[2020-10-24T07:02:22.705+0000][7][gc,age       ] GC(524) Desired survivor size 3670016 bytes, new threshold 15 (max threshold 15)
[2020-10-24T07:02:22.709+0000][7][gc,age       ] GC(524) Age table with threshold 15 (max threshold 15)
[2020-10-24T07:02:22.709+0000][7][gc,age       ] GC(524) - age   1:    5965184 bytes,    5965184 total
[2020-10-24T07:02:22.709+0000][7][gc,age       ] GC(524) - age   2:     675296 bytes,    6640480 total
[2020-10-24T07:02:22.709+0000][7][gc,age       ] GC(524) - age   3:     587376 bytes,    7227856 total
[2020-10-24T07:02:22.710+0000][7][gc,age       ] GC(524) - age   4:      42656 bytes,    7270512 total
[2020-10-24T07:02:22.710+0000][7][gc,phases    ] GC(524)   Pre Evacuate Collection Set: 0.1ms
[2020-10-24T07:02:22.710+0000][7][gc,phases    ] GC(524)   Merge Heap Roots: 0.2ms
[2020-10-24T07:02:22.710+0000][7][gc,phases    ] GC(524)   Evacuate Collection Set: 2.1ms
[2020-10-24T07:02:22.710+0000][7][gc,phases    ] GC(524)   Post Evacuate Collection Set: 0.9ms
[2020-10-24T07:02:22.711+0000][7][gc,phases    ] GC(524)   Other: 2.4ms
[2020-10-24T07:02:22.711+0000][7][gc,heap      ] GC(524) Eden regions: 51->0(42)
[2020-10-24T07:02:22.711+0000][7][gc,heap      ] GC(524) Survivor regions: 2->7(7)
[2020-10-24T07:02:22.711+0000][7][gc,heap      ] GC(524) Old regions: 116->116
[2020-10-24T07:02:22.711+0000][7][gc,heap      ] GC(524) Archive regions: 2->2
[2020-10-24T07:02:22.711+0000][7][gc,heap      ] GC(524) Humongous regions: 15->15
[2020-10-24T07:02:22.712+0000][7][gc,metaspace ] GC(524) Metaspace: 110399K(119076K)->110399K(119076K) NonClass: 96471K(101592K)->96471K(101592K) Class: 13928K(17484K)->13928K(17484K)
[2020-10-24T07:02:22.712+0000][7][gc           ] GC(524) Pause Young (Normal) (G1 Evacuation Pause) 183M->138M(256M) 7.571ms
[2020-10-24T07:02:22.712+0000][7][gc,cpu       ] GC(524) User=0.01s Sys=0.02s Real=0.01s
[2020-10-24T07:02:22.712+0000][7][safepoint    ] Safepoint "G1CollectForAllocation", Time since last: 28215400 ns, Reaching safepoint: 249200 ns, At safepoint: 7902500 ns, Total: 8151700 ns
[2020-10-24T07:02:22.803+0000][7][gc,start     ] GC(525) Pause Young (Concurrent Start) (G1 Evacuation Pause)
[2020-10-24T07:02:22.804+0000][7][gc,task      ] GC(525) Using 6 workers of 10 for evacuation
[2020-10-24T07:02:22.804+0000][7][gc,age       ] GC(525) Desired survivor size 3670016 bytes, new threshold 1 (max threshold 15)
[2020-10-24T07:02:22.808+0000][7][gc,age       ] GC(525) Age table with threshold 1 (max threshold 15)
[2020-10-24T07:02:22.808+0000][7][gc,age       ] GC(525) - age   1:     147400 bytes,     147400 total
[2020-10-24T07:02:22.809+0000][7][gc,phases    ] GC(525)   Pre Evacuate Collection Set: 0.6ms
[2020-10-24T07:02:22.809+0000][7][gc,phases    ] GC(525)   Merge Heap Roots: 0.1ms
[2020-10-24T07:02:22.809+0000][7][gc,phases    ] GC(525)   Evacuate Collection Set: 1.9ms
[2020-10-24T07:02:22.809+0000][7][gc,phases    ] GC(525)   Post Evacuate Collection Set: 0.8ms
[2020-10-24T07:02:22.810+0000][7][gc,phases    ] GC(525)   Other: 1.8ms
[2020-10-24T07:02:22.810+0000][7][gc,heap      ] GC(525) Eden regions: 42->0(46)
[2020-10-24T07:02:22.810+0000][7][gc,heap      ] GC(525) Survivor regions: 7->1(7)
[2020-10-24T07:02:22.810+0000][7][gc,heap      ] GC(525) Old regions: 116->119
[2020-10-24T07:02:22.810+0000][7][gc,heap      ] GC(525) Archive regions: 2->2
[2020-10-24T07:02:22.811+0000][7][gc,heap      ] GC(525) Humongous regions: 15->15
[2020-10-24T07:02:22.811+0000][7][gc,metaspace ] GC(525) Metaspace: 110401K(119076K)->110401K(119076K) NonClass: 96473K(101592K)->96473K(101592K) Class: 13928K(17484K)->13928K(17484K)
[2020-10-24T07:02:22.811+0000][7][gc           ] GC(525) Pause Young (Concurrent Start) (G1 Evacuation Pause) 180M->135M(256M) 7.394ms
[2020-10-24T07:02:22.811+0000][7][gc,cpu       ] GC(525) User=0.00s Sys=0.01s Real=0.01s
[2020-10-24T07:02:22.811+0000][7][gc           ] GC(526) Concurrent Cycle
[2020-10-24T07:02:22.811+0000][7][safepoint    ] Safepoint "G1CollectForAllocation", Time since last: 91121500 ns, Reaching safepoint: 222800 ns, At safepoint: 7775100 ns, Total: 7997900 ns
[2020-10-24T07:02:22.811+0000][7][gc,marking   ] GC(526) Concurrent Clear Claimed Marks
[2020-10-24T07:02:22.812+0000][7][gc,marking   ] GC(526) Concurrent Clear Claimed Marks 0.944ms
[2020-10-24T07:02:22.812+0000][7][gc,marking   ] GC(526) Concurrent Scan Root Regions
[2020-10-24T07:02:22.814+0000][7][gc,marking   ] GC(526) Concurrent Scan Root Regions 1.096ms
[2020-10-24T07:02:22.814+0000][7][gc,marking   ] GC(526) Concurrent Mark (4700.180s)
[2020-10-24T07:02:22.814+0000][7][gc,marking   ] GC(526) Concurrent Mark From Roots
[2020-10-24T07:02:22.814+0000][7][gc,task      ] GC(526) Using 3 workers of 3 for marking
[2020-10-24T07:02:22.867+0000][7][gc,marking   ] GC(526) Concurrent Mark From Roots 53.208ms
[2020-10-24T07:02:22.867+0000][7][gc,marking   ] GC(526) Concurrent Preclean
[2020-10-24T07:02:22.868+0000][7][gc,marking   ] GC(526) Concurrent Preclean 0.683ms
[2020-10-24T07:02:22.868+0000][7][gc,marking   ] GC(526) Concurrent Mark (4700.180s, 4700.235s) 54.638ms
[2020-10-24T07:02:22.869+0000][7][gc,start     ] GC(526) Pause Remark
[2020-10-24T07:02:22.876+0000][7][gc           ] GC(526) Pause Remark 156M->156M(256M) 6.799ms
[2020-10-24T07:02:22.876+0000][7][gc,cpu       ] GC(526) User=0.03s Sys=0.01s Real=0.00s
[2020-10-24T07:02:22.877+0000][7][safepoint    ] Safepoint "G1Concurrent", Time since last: 57625100 ns, Reaching safepoint: 227400 ns, At safepoint: 7496800 ns, Total: 7724200 ns
[2020-10-24T07:02:22.877+0000][7][gc,marking   ] GC(526) Concurrent Rebuild Remembered Sets
[2020-10-24T07:02:22.911+0000][7][gc,marking   ] GC(526) Concurrent Rebuild Remembered Sets 34.512ms
[2020-10-24T07:02:22.912+0000][7][gc,start     ] GC(526) Pause Cleanup
[2020-10-24T07:02:22.912+0000][7][gc           ] GC(526) Pause Cleanup 156M->156M(256M) 0.442ms
[2020-10-24T07:02:22.913+0000][7][gc,cpu       ] GC(526) User=0.00s Sys=0.00s Real=0.00s
[2020-10-24T07:02:22.913+0000][7][safepoint    ] Safepoint "G1Concurrent", Time since last: 35252800 ns, Reaching safepoint: 203300 ns, At safepoint: 974400 ns, Total: 1177700 ns
[2020-10-24T07:02:22.913+0000][7][gc,marking   ] GC(526) Concurrent Cleanup for Next Mark
[2020-10-24T07:02:22.914+0000][7][gc,marking   ] GC(526) Concurrent Cleanup for Next Mark 0.621ms
[2020-10-24T07:02:22.914+0000][7][gc           ] GC(526) Concurrent Cycle 102.860ms
